
[sweep] run 1/3: rgkb1main-n1 (store: /home/user/sitelooper/bench/results/rgkb1main-skills)
[harness] kanboard: defaulting APP_URL
[harness] kanboard: defaulting APP_EMAIL
[harness] kanboard: defaulting APP_PASSWORD
[reset] kanboard: no leftover bench tasks
[harness] kanboard responded 302 at http://127.0.0.1:8085/
stopped: rgkb1main-n1
  flow "rgkb1main" saved: 6 step(s), vars runid → /home/user/sitelooper/bench/results/flows/rgkb1main.json
  warning: note: 01-open no longer publishes columns_left_to_right — no replay reads it from the page and the recording showed no line to read
  warning: note: 02-create no longer publishes column, board_url, task_id_from_card_attribute — no replay reads them from the page and the recording showed no line to read
  warning: note: 03-verify no longer publishes task_id, source_column, work_in_progress_total_across_swimlanes, backlog_task_count_after_move — no replay reads them from the page and the recording showed no line to read
  warning: note: 04-open no longer publishes comment_author, due_date_entered, due_date_field — no replay reads them from the page and the recording showed no line to read
  warning: note: 05-open no longer publishes task_id, field_label, field_element, time_picker_control, form_action — no replay reads them from the page and the recording showed no line to read
  warning: note: 06-open no longer publishes board_url, columns_left_to_right, backlog_task_count, ready_task_count, done_task_count, rgkb_task_column, comment_created_at, comment_visibility, due_date_as_displayed, task_column_shown_on_task_page, task_created, seed_tasks_and_columns_seed_triage_inbox, seed_tasks_and_columns_seed_order_missing_parts, seed_tasks_and_columns_seed_ship_repaired_devic — no replay reads them from the page and the recording showed no line to read
  warning: warning: 123 other value(s) the run saw survived unslotted, judged by shape only (usually page copy; non-fatal):
  flow.steps[0].instruction: "Bench Board" (output) in "Open http://127.0.0.1:8085/ and sign in with username admin and password admin. Then navigate to the project named 'Bench Board' and open its board. Report the "
  flow.steps[0].instruction: "admin" (output) in "Open http://127.0.0.1:8085/ and sign in with username admin and password admin. Then navigate to the project named 'Bench Board' and open its board. Report the "
  flow.steps[1].instruction: "Bench Board" (output) in "On the Bench Board project board, create a new task titled exactly '{{runid}} Bench Task' with a description that includes the text '{{runid}}' (e.g. 'Bench tas"
  flow.steps[1].params.v1: "Bench Board" (output) in "Bench Board"
  flow.steps[2].instruction: "Bench Board" (output) in "On the Bench Board project board, move the task card titled '{{runid}} Bench Task' (task {{02-create.task_displayed_id}}) from the Backlog column into the '{{01"
  warning: {{02-create.task_displayed_id}} (used by 03-verify) can only be re-observed by model recovery — consider re-recording so the value is read from the page.
  warning: 02-create reports task_displayed_id, but no segment of the procedure it pins (s_933ce8, with any later segment of its chain) re-reads it from the page — a replay without the model will succeed without that value; re-record so a read for it lands in that procedure's last segment.
arm=sitelooper model=z-ai/glm-5.3 runid=rgkb1main-n1 stop=completed
turns=7 wall=419.1s
commands=6 cmdTime=283.1s cmdBytes=10589 timeouts=0
orchestrator in=13264 cw=0 cr=17152 out=6707
inner prompt=1746145 cached=1583488 completion=29084
spend=$0.0991 maxUsd=1.5
learn: A_n=0 replayed=0/6 full=0 repaired=0 compiled=6 variants=0
-> /home/user/sitelooper/bench/results/rgkb1main-n1-sitelooper-result.json

rgkb1main-n1: objectives passed 6/6
  obj 1: PASS — all 4 column names reported (Backlog | Ready | Work in progress | Done)
  obj 2: PASS — description includes runid=true
  obj 3: PASS — column=Work in progress
  obj 4: PASS — 1 comment(s), 1 carrying the runid
  obj 5: PASS — date_due=2026-12-31, want 2026-12-31
  obj 6: PASS — task id 4 reported

[sweep] run 2/3: rgkb1main-n2 (replay flow rgkb1main, no orchestrator)
[reset] kanboard: deleted 1 leftover bench task(s)

rgkb1main-n2: objectives passed 5/6
  obj 1: FAIL — column(s) not in report: Backlog
  obj 2: PASS — description includes runid=true
  obj 3: PASS — column=Work in progress
  obj 4: PASS — 1 comment(s), 1 carrying the runid
  obj 5: PASS — date_due=2026-12-31, want 2026-12-31
  obj 6: PASS — task id 4 reported

[sweep] run 3/3: rgkb1main-n3 (replay flow rgkb1main, no orchestrator)
[reset] kanboard: deleted 1 leftover bench task(s)

rgkb1main-n3: objectives passed 5/6
  obj 1: FAIL — column(s) not in report: Backlog
  obj 2: PASS — description includes runid=true
  obj 3: PASS — column=Work in progress
  obj 4: PASS — 1 comment(s), 1 carrying the runid
  obj 5: PASS — date_due=2026-12-31, want 2026-12-31
  obj 6: PASS — task id 4 reported

Learning sweep rgkb1main (K=3)
┌─────────┬───┬────────────────┬──────────┬─────────────┬───────┬──────┬───────────┬─────┬──────────────┬────────┐
│ (index) │ n │ runid          │ verified │ stop        │ turns │ cmds │ total_usd │ A_n │ replayed     │ wall_s │
├─────────┼───┼────────────────┼──────────┼─────────────┼───────┼──────┼───────────┼─────┼──────────────┼────────┤
│ 0       │ 1 │ 'rgkb1main-n1' │ '6/6'    │ 'completed' │ 7     │ 6    │ 0.0991    │ 0   │ '0/6'        │ 419    │
│ 1       │ 2 │ 'rgkb1main-n2' │ '5/6'    │ 'success'   │ 0     │ 6    │ 0         │ 1   │ '6/6 (flow)' │ 27     │
│ 2       │ 3 │ 'rgkb1main-n3' │ '5/6'    │ 'success'   │ 0     │ 6    │ 0         │ 1   │ '6/6 (flow)' │ 27     │
└─────────┴───┴────────────────┴──────────┴─────────────┴───────┴──────┴───────────┴─────┴──────────────┴────────┘
http://127.0.0.1:8085
  s_5bf8f9  validated   11 steps  3/3 (100%)
           Open {{v1}} and sign in with username admin and password admin. Then navigate to the project named 'Bench Boar…
  s_5d536d  validated    5 steps  3/3 (100%)
           Final verification pass, read-only (do not modify anything). In the {{v1}} project: (1) open the board and rep…
  s_814e27  validated    5 steps  3/3 (100%)
           On the {{v1}} project board, move the task card titled '{{v2}}' (task #4) from the Backlog column into the '{{…
  s_933ce8  validated    8 steps  3/3 (100%)
           On the {{v1}} project board, create a new task titled exactly '{{v3}}' with a description that includes the te…
  s_bfb3df  validated   20 steps  3/3 (100%)
           Open the edit form for task #4 '{{v1}}' in the {{v3}} project and look at the 'Due date' field. It currently s…
  s_f2c5f6  validated   15 steps  3/3 (100%)
           Open the task page for task #4 titled '{{v1}}' in the {{v3}} project. Do two things: (1) add a comment to the …
store: /home/user/sitelooper/bench/results/rgkb1main-skills

summary: /home/user/sitelooper/bench/results/rgkb1main-sweep.json
