
[sweep] run 1/3: rgkb1jev-n1 (store: /home/user/sitelooper/bench/results/rgkb1jev-skills)
[harness] kanboard: defaulting APP_URL
[harness] kanboard: defaulting APP_EMAIL
[harness] kanboard: defaulting APP_PASSWORD
[reset] kanboard: deleted 1 leftover bench task(s)
[harness] kanboard responded 302 at http://127.0.0.1:8085/
stopped: rgkb1jev-n1
  flow "rgkb1jev" saved: 7 step(s), vars runid → /home/user/sitelooper/bench/results/flows/rgkb1jev.json
  warning: note: dropped 2 locator candidate(s) carrying a value this run minted (known only by export time)
  warning: note: 01-signin no longer publishes navigation_text — no replay reads it from the page and the recording showed no line to read
  warning: note: 02-find no longer publishes project_name, columns_left_to_right, backlog_task_count — no replay reads them from the page and the recording showed no line to read
  warning: note: 03-create no longer publishes task_id, backlog_task_count_after — no replay reads them from the page and the recording showed no line to read
  warning: note: 04-verify no longer publishes task_id, ready_task_count, done_task_count, method — no replay reads them from the page and the recording showed no line to read
  warning: note: 05-open no longer publishes comment_author, comment_created_at, comment_updated_at — no replay reads them from the page and the recording showed no line to read
  warning: note: 06-set no longer publishes other_summary_values_unchanged — no replay reads it from the page and the recording showed no line to read
  warning: note: 07-change no longer publishes work_in_progress_column_selector — no replay reads it from the page and the recording showed no line to read
  warning: warning: 183 other value(s) the run saw survived unslotted, judged by shape only (usually page copy; non-fatal):
  flow.steps[0].instruction: "admin" (output) in "Sign in to Kanboard with username 'admin' and password 'admin', then verify you are logged in by reporting the page title and any visible navigation text."
  flow.steps[1].instruction: "Bench Board" (output) in "Navigate to the project named 'Bench Board' (use the project management or search to find it), open its board view, and report the names of the board's columns "
  flow.steps[2].instruction: "Bench Board" (output) in "On the Bench Board project board, create a new task with title exactly '{{runid}} Bench Task' and description 'Bench task created for run {{runid}}' (the descri"
  flow.steps[2].params.v1: "Bench Board" (output) in "Bench Board"
  flow.steps[3].instruction: "Bench Board" (output) in "On the Bench Board board, move the task card titled '{{runid}} Bench Task' (task {{03-create.task_reference_as_shown}}) so that it sits in the '{{02-find.th_boa"
arm=sitelooper model=z-ai/glm-5.3 runid=rgkb1jev-n1 stop=completed
turns=9 wall=325.3s
commands=8 cmdTime=273.7s cmdBytes=10333 timeouts=0
orchestrator in=8171 cw=0 cr=28672 out=4740
inner prompt=1746414 cached=1614336 completion=27086
spend=$0.0807 maxUsd=1.5
learn: A_n=0 replayed=0/7 full=0 repaired=0 compiled=7 variants=0
-> /home/user/sitelooper/bench/results/rgkb1jev-n1-sitelooper-result.json

rgkb1jev-n1: objectives passed 6/6
  obj 1: PASS — all 4 column names reported (Backlog | Ready | Work in progress | Done)
  obj 2: PASS — description includes runid=true
  obj 3: PASS — column=Work in progress
  obj 4: PASS — 1 comment(s), 1 carrying the runid
  obj 5: PASS — date_due=2026-12-31, want 2026-12-31
  obj 6: PASS — task id 4 reported

[sweep] run 2/3: rgkb1jev-n2 (replay flow rgkb1jev, no orchestrator)
[reset] kanboard: deleted 1 leftover bench task(s)
[sweep] rgkb1jev-n2: 3 drift ticket(s) → rgkb1jev-n2-drift.json

rgkb1jev-n2: objectives passed 6/6
  obj 1: PASS — all 4 column names reported (Backlog | Ready | Work in progress | Done)
  obj 2: PASS — description includes runid=true
  obj 3: PASS — column=Work in progress
  obj 4: PASS — 1 comment(s), 1 carrying the runid
  obj 5: PASS — date_due=2026-12-31, want 2026-12-31
  obj 6: PASS — task id 4 reported

[sweep] run 3/3: rgkb1jev-n3 (replay flow rgkb1jev, no orchestrator)
[reset] kanboard: deleted 1 leftover bench task(s)
[sweep] rgkb1jev-n3: 1 drift ticket(s) → rgkb1jev-n3-drift.json

rgkb1jev-n3: objectives passed 6/6
  obj 1: PASS — all 4 column names reported (Backlog | Ready | Work in progress | Done)
  obj 2: PASS — description includes runid=true
  obj 3: PASS — column=Work in progress
  obj 4: PASS — 1 comment(s), 1 carrying the runid
  obj 5: PASS — date_due=2026-12-31, want 2026-12-31
  obj 6: PASS — task id 4 reported

Learning sweep rgkb1jev (K=3)
┌─────────┬───┬───────────────┬──────────┬─────────────┬───────┬──────┬───────────┬──────┬──────────────┬────────┐
│ (index) │ n │ runid         │ verified │ stop        │ turns │ cmds │ total_usd │ A_n  │ replayed     │ wall_s │
├─────────┼───┼───────────────┼──────────┼─────────────┼───────┼──────┼───────────┼──────┼──────────────┼────────┤
│ 0       │ 1 │ 'rgkb1jev-n1' │ '6/6'    │ 'completed' │ 9     │ 8    │ 0.0807    │ 0    │ '0/7'        │ 325    │
│ 1       │ 2 │ 'rgkb1jev-n2' │ '6/6'    │ 'success'   │ 20    │ 7    │ 0.0121    │ 0.71 │ '7/7 (flow)' │ 102    │
│ 2       │ 3 │ 'rgkb1jev-n3' │ '6/6'    │ 'success'   │ 0     │ 7    │ 0         │ 1    │ '7/7 (flow)' │ 37     │
└─────────┴───┴───────────────┴──────────┴─────────────┴───────┴──────┴───────────┴──────┴──────────────┴────────┘
http://127.0.0.1:8085
  s_13febb  validated   12 steps  3/3 (100%)
           On the task page for task #4 titled '{{v1}}' on the {{v3}} project, set the task's due date to 2026-12-31 (Dec…
  s_78b832  validated    9 steps  3/3 (100%)
           On the {{v1}} project board, create a new task with title exactly '{{v3}}' and description '{{v4}}' (the descr…
  s_8ad9f9  validated   17 steps  3/3 (100%)
           Open the task page for task #4 titled '{{v1}}' on the {{v3}} project, and add a comment to that task whose tex…
  s_ac543f  validated   13 steps  3/3 (100%)
           Navigate to the project named 'Bench Board' (use the project management or search to find it), open its board …
  s_ed9dce  validated    7 steps  3/3 (100%)
           Sign in to Kanboard with username 'admin' and password 'admin', then verify you are logged in by reporting the…
  s_1a4ec2  validated   10 steps  2/2 (100%)  variant of s_b0c4ea
           On the Bench Board board, move the task card titled '{{v1}}' (task {{v3}} ) so that it sits in the '{{v4}} ' c…
  s_628fcd  validated   18 steps  2/2 (100%)  variant of s_b938a0
           Final verification, read-only (do not change anything): Open the board of the project 'Bench Board' and the ta…
  s_b0c4ea  provisional 14 steps  1/2 (50%)
           On the {{v1}} board, move the task card titled '{{v2}}' (task #4) so that it sits in the '{{v4}}' column. You …
  s_b938a0  provisional  7 steps  1/2 (50%)
           Final verification, read-only (do not change anything): Open the board of the project '{{v1}}' and the task pa…
store: /home/user/sitelooper/bench/results/rgkb1jev-skills

summary: /home/user/sitelooper/bench/results/rgkb1jev-sweep.json
