[reset] repairdesk: reloaded seed via http://127.0.0.1:4180/__reset
[fixed] reset repairdesk
[fixed] 1/6 OK 21.6s
[fixed] 2/6 OK 7.6s
[fixed] 3/6 OK 19.9s
[fixed] 4/6 OK 26.7s
[fixed] 5/6 OK 43.3s
[fixed] 6/6 OK 25.7s
{
  "runid": "jmrd1D3-n1",
  "from": "fwrdj11-n1",
  "target": "repairdesk",
  "instructions": [
    {
      "n": 1,
      "status": "OK",
      "s": 21.6
    },
    {
      "n": 2,
      "status": "OK",
      "s": 7.6
    },
    {
      "n": 3,
      "status": "OK",
      "s": 19.9
    },
    {
      "n": 4,
      "status": "OK",
      "s": 26.7
    },
    {
      "n": 5,
      "status": "OK",
      "s": 43.3
    },
    {
      "n": 6,
      "status": "OK",
      "s": 25.7
    }
  ],
  "wallS": 144.9,
  "verify": "  summary: 6/6 objectives PASS, 0 price claim mismatch(es), 0 duplicate ticket(s) |  | App state: 15 tickets total, 1 left by benchmark runs (0 still active), 17 parts total, 11 mutation log entries."
}
