[reset] repairdesk: reloaded seed via http://127.0.0.1:4180/__reset
[fixed] reset repairdesk
[fixed] 1/6 OK 26.3s
[fixed] 2/6 OK 27.6s
[fixed] 3/6 OK 21s
[fixed] 4/6 OK 13.9s
[fixed] 5/6 OK 29.7s
[fixed] 6/6 OK 30.4s
{
  "runid": "jmrd1C3-n1",
  "from": "fwrdj11-n1",
  "target": "repairdesk",
  "instructions": [
    {
      "n": 1,
      "status": "OK",
      "s": 26.3
    },
    {
      "n": 2,
      "status": "OK",
      "s": 27.6
    },
    {
      "n": 3,
      "status": "OK",
      "s": 21
    },
    {
      "n": 4,
      "status": "OK",
      "s": 13.9
    },
    {
      "n": 5,
      "status": "OK",
      "s": 29.7
    },
    {
      "n": 6,
      "status": "OK",
      "s": 30.4
    }
  ],
  "wallS": 149,
  "verify": "  summary: 6/6 objectives PASS, 0 price claim mismatch(es), 0 duplicate ticket(s) |  | App state: 15 tickets total, 1 left by benchmark runs (0 still active), 17 parts total, 10 mutation log entries."
}
