[reset] repairdesk: reloaded seed via http://127.0.0.1:4180/__reset
[fixed] reset repairdesk
[fixed] 1/6 OK 19.2s
[fixed] 2/6 OK 7.3s
[fixed] 3/6 OK 28.9s
[fixed] 4/6 OK 12.4s
[fixed] 5/6 OK 25.3s
[fixed] 6/6 OK 37s
{
  "runid": "jmrd1D1-n1",
  "from": "fwrdj11-n1",
  "target": "repairdesk",
  "instructions": [
    {
      "n": 1,
      "status": "OK",
      "s": 19.2
    },
    {
      "n": 2,
      "status": "OK",
      "s": 7.3
    },
    {
      "n": 3,
      "status": "OK",
      "s": 28.9
    },
    {
      "n": 4,
      "status": "OK",
      "s": 12.4
    },
    {
      "n": 5,
      "status": "OK",
      "s": 25.3
    },
    {
      "n": 6,
      "status": "OK",
      "s": 37
    }
  ],
  "wallS": 130.2,
  "verify": "  summary: 6/6 objectives PASS, 0 price claim mismatch(es), 0 duplicate ticket(s) |  | App state: 15 tickets total, 1 left by benchmark runs (0 still active), 17 parts total, 10 mutation log entries."
}
