[reset] repairdesk: reloaded seed via http://127.0.0.1:4180/__reset
[fixed] reset repairdesk
[fixed] 1/6 OK 18.5s
[fixed] 2/6 OK 21.7s
[fixed] 3/6 OK 21.6s
[fixed] 4/6 OK 19.9s
[fixed] 5/6 OK 22.8s
[fixed] 6/6 OK 18.8s
{
  "runid": "jmrd1A3-n1",
  "from": "fwrdj11-n1",
  "target": "repairdesk",
  "instructions": [
    {
      "n": 1,
      "status": "OK",
      "s": 18.5
    },
    {
      "n": 2,
      "status": "OK",
      "s": 21.7
    },
    {
      "n": 3,
      "status": "OK",
      "s": 21.6
    },
    {
      "n": 4,
      "status": "OK",
      "s": 19.9
    },
    {
      "n": 5,
      "status": "OK",
      "s": 22.8
    },
    {
      "n": 6,
      "status": "OK",
      "s": 18.8
    }
  ],
  "wallS": 123.4,
  "verify": "  summary: 6/6 objectives PASS, 0 price claim mismatch(es), 0 duplicate ticket(s) |  | App state: 15 tickets total, 1 left by benchmark runs (0 still active), 17 parts total, 10 mutation log entries."
}
