[reset] repairdesk: reloaded seed via http://127.0.0.1:4180/__reset
[fixed] reset repairdesk
[fixed] 1/6 OK 26.7s
[fixed] 2/6 OK 20.8s
[fixed] 3/6 OK 14.8s
[fixed] 4/6 OK 25.3s
[fixed] 5/6 OK 27.3s
[fixed] 6/6 OK 22.2s
{
  "runid": "jmrd1A1-n1",
  "from": "fwrdj11-n1",
  "target": "repairdesk",
  "instructions": [
    {
      "n": 1,
      "status": "OK",
      "s": 26.7
    },
    {
      "n": 2,
      "status": "OK",
      "s": 20.8
    },
    {
      "n": 3,
      "status": "OK",
      "s": 14.8
    },
    {
      "n": 4,
      "status": "OK",
      "s": 25.3
    },
    {
      "n": 5,
      "status": "OK",
      "s": 27.3
    },
    {
      "n": 6,
      "status": "OK",
      "s": 22.2
    }
  ],
  "wallS": 137.2,
  "verify": "  summary: 6/6 objectives PASS, 0 price claim mismatch(es), 0 duplicate ticket(s) |  | App state: 15 tickets total, 1 left by benchmark runs (0 still active), 17 parts total, 10 mutation log entries."
}
