[reset] repairdesk: reloaded seed via http://127.0.0.1:4180/__reset
[fixed] reset repairdesk
[fixed] 1/6 OK 23.8s
[fixed] 2/6 OK 7.2s
[fixed] 3/6 OK 24.7s
[fixed] 4/6 OK 18.4s
[fixed] 5/6 OK 22.5s
[fixed] 6/6 OK 18.3s
{
  "runid": "jmrd1D2-n1",
  "from": "fwrdj11-n1",
  "target": "repairdesk",
  "instructions": [
    {
      "n": 1,
      "status": "OK",
      "s": 23.8
    },
    {
      "n": 2,
      "status": "OK",
      "s": 7.2
    },
    {
      "n": 3,
      "status": "OK",
      "s": 24.7
    },
    {
      "n": 4,
      "status": "OK",
      "s": 18.4
    },
    {
      "n": 5,
      "status": "OK",
      "s": 22.5
    },
    {
      "n": 6,
      "status": "OK",
      "s": 18.3
    }
  ],
  "wallS": 115,
  "verify": "  summary: 6/6 objectives PASS, 0 price claim mismatch(es), 0 duplicate ticket(s) |  | App state: 15 tickets total, 1 left by benchmark runs (0 still active), 17 parts total, 8 mutation log entries."
}
