[reset] repairdesk: reloaded seed via http://127.0.0.1:4180/__reset
[fixed] reset repairdesk
[fixed] 1/6 OK 20.3s
[fixed] 2/6 OK 29.6s
[fixed] 3/6 OK 17.3s
[fixed] 4/6 OK 25.3s
[fixed] 5/6 OK 17s
[fixed] 6/6 OK 21.4s
{
  "runid": "jmrd1C1-n1",
  "from": "fwrdj11-n1",
  "target": "repairdesk",
  "instructions": [
    {
      "n": 1,
      "status": "OK",
      "s": 20.3
    },
    {
      "n": 2,
      "status": "OK",
      "s": 29.6
    },
    {
      "n": 3,
      "status": "OK",
      "s": 17.3
    },
    {
      "n": 4,
      "status": "OK",
      "s": 25.3
    },
    {
      "n": 5,
      "status": "OK",
      "s": 17
    },
    {
      "n": 6,
      "status": "OK",
      "s": 21.4
    }
  ],
  "wallS": 131,
  "verify": "  summary: 6/6 objectives PASS, 0 price claim mismatch(es), 0 duplicate ticket(s) |  | App state: 15 tickets total, 1 left by benchmark runs (0 still active), 17 parts total, 8 mutation log entries."
}
