[reset] kanboard: no leftover bench tasks
[fixed] reset kanboard
[fixed] 1/5 OK 16.7s
[fixed] 2/5 OK 23.8s
[fixed] 3/5 OK 38.2s
[fixed] 4/5 OK 70s
[fixed] 5/5 OK 26.6s
{
  "runid": "jekb2off1-n1",
  "from": "fwkb5-n1",
  "target": "kanboard",
  "instructions": [
    {
      "n": 1,
      "status": "OK",
      "s": 16.7
    },
    {
      "n": 2,
      "status": "OK",
      "s": 23.8
    },
    {
      "n": 3,
      "status": "OK",
      "s": 38.2
    },
    {
      "n": 4,
      "status": "OK",
      "s": 70
    },
    {
      "n": 5,
      "status": "OK",
      "s": 26.6
    }
  ],
  "wallS": 175.6,
  "verify": "  obj 4: PASS — 1 comment(s), 1 carrying the runid |   obj 5: PASS — date_due=2026-12-31, want 2026-12-31 |   obj 6: UNVERIFIABLE — no result file with finalText found"
}
