[reset] kanboard: deleted 1 leftover bench task(s)
[fixed] reset kanboard
[fixed] 1/5 OK 17.9s
[fixed] 2/5 OK 81.2s
[fixed] 3/5 OK 62s
[fixed] 4/5 OK 78s
[fixed] 5/5 OK 28.7s
{
  "runid": "jekb2on4-n1",
  "from": "fwkb5-n1",
  "target": "kanboard",
  "instructions": [
    {
      "n": 1,
      "status": "OK",
      "s": 17.9
    },
    {
      "n": 2,
      "status": "OK",
      "s": 81.2
    },
    {
      "n": 3,
      "status": "OK",
      "s": 62
    },
    {
      "n": 4,
      "status": "OK",
      "s": 78
    },
    {
      "n": 5,
      "status": "OK",
      "s": 28.7
    }
  ],
  "wallS": 268,
  "verify": "  obj 4: PASS — 1 comment(s), 1 carrying the runid |   obj 5: PASS — date_due=2026-12-31, want 2026-12-31 |   obj 6: UNVERIFIABLE — no result file with finalText found"
}
