[reset] kanboard: deleted 1 leftover bench task(s)
[fixed] reset kanboard
[fixed] 1/5 OK 18.7s
[fixed] 2/5 OK 18.2s
[fixed] 3/5 OK 37.7s
[fixed] 4/5 OK 58.5s
[fixed] 5/5 OK 13.6s
{
  "runid": "jekb2on2-n1",
  "from": "fwkb5-n1",
  "target": "kanboard",
  "instructions": [
    {
      "n": 1,
      "status": "OK",
      "s": 18.7
    },
    {
      "n": 2,
      "status": "OK",
      "s": 18.2
    },
    {
      "n": 3,
      "status": "OK",
      "s": 37.7
    },
    {
      "n": 4,
      "status": "OK",
      "s": 58.5
    },
    {
      "n": 5,
      "status": "OK",
      "s": 13.6
    }
  ],
  "wallS": 146.9,
  "verify": "  obj 4: PASS — 1 comment(s), 1 carrying the runid |   obj 5: PASS — date_due=2026-12-31, want 2026-12-31 |   obj 6: UNVERIFIABLE — no result file with finalText found"
}
