[reset] kanboard: deleted 1 leftover bench task(s)
[fixed] reset kanboard
[fixed] 1/5 OK 18.9s
[fixed] 2/5 OK 35.5s
[fixed] 3/5 OK 47.7s
[fixed] 4/5 OK 66.1s
[fixed] 5/5 OK 20.3s
{
  "runid": "jekb2off2-n1",
  "from": "fwkb5-n1",
  "target": "kanboard",
  "instructions": [
    {
      "n": 1,
      "status": "OK",
      "s": 18.9
    },
    {
      "n": 2,
      "status": "OK",
      "s": 35.5
    },
    {
      "n": 3,
      "status": "OK",
      "s": 47.7
    },
    {
      "n": 4,
      "status": "OK",
      "s": 66.1
    },
    {
      "n": 5,
      "status": "OK",
      "s": 20.3
    }
  ],
  "wallS": 188.8,
  "verify": "  obj 4: PASS — 1 comment(s), 1 carrying the runid |   obj 5: PASS — date_due=2026-12-31, want 2026-12-31 |   obj 6: UNVERIFIABLE — no result file with finalText found"
}
