[reset] kanboard: deleted 1 leftover bench task(s)
[fixed] reset kanboard
[fixed] 1/5 OK 19.3s
[fixed] 2/5 OK 17.7s
[fixed] 3/5 OK 29.9s
[fixed] 4/5 OK 26.8s
[fixed] 5/5 OK 20.2s
{
  "runid": "jekb2on3-n1",
  "from": "fwkb5-n1",
  "target": "kanboard",
  "instructions": [
    {
      "n": 1,
      "status": "OK",
      "s": 19.3
    },
    {
      "n": 2,
      "status": "OK",
      "s": 17.7
    },
    {
      "n": 3,
      "status": "OK",
      "s": 29.9
    },
    {
      "n": 4,
      "status": "OK",
      "s": 26.8
    },
    {
      "n": 5,
      "status": "OK",
      "s": 20.2
    }
  ],
  "wallS": 114,
  "verify": "  obj 4: PASS — 1 comment(s), 1 carrying the runid |   obj 5: PASS — date_due=2026-12-31, want 2026-12-31 |   obj 6: UNVERIFIABLE — no result file with finalText found"
}
