[reset] kanboard: deleted 1 leftover bench task(s)
[fixed] reset kanboard
[fixed] 1/5 OK 14.1s
[fixed] 2/5 OK 24s
[fixed] 3/5 OK 35.6s
[fixed] 4/5 UNKNOWN 128.7s
[fixed] 5/5 OK 44s
{
  "runid": "jekb2off3-n1",
  "from": "fwkb5-n1",
  "target": "kanboard",
  "instructions": [
    {
      "n": 1,
      "status": "OK",
      "s": 14.1
    },
    {
      "n": 2,
      "status": "OK",
      "s": 24
    },
    {
      "n": 3,
      "status": "OK",
      "s": 35.6
    },
    {
      "n": 4,
      "status": "UNKNOWN",
      "s": 128.7,
      "out": "[FAILURE] Part 1 succeeded and is verified: on task #4 \"jekb2off3-n1 Bench Task\" (Bench Board, http://127.0.0.1:8085/?controller=TaskViewController&action=show&task_id=4) I added a comment via \"Add a comment\" and the comments list now shows the entry authored by admin with text \"Comment for run jekb2off3-n1\" (matching partial string visible in the first render pass: \"Comment for run jekb2off3-n\")."
    },
    {
      "n": 5,
      "status": "OK",
      "s": 44
    }
  ],
  "wallS": 246.6,
  "verify": "  obj 4: PASS — 1 comment(s), 1 carrying the runid |   obj 5: FAIL — date_due=(not set), want 2026-12-31 |   obj 6: UNVERIFIABLE — no result file with finalText found"
}
