[reset] repairdesk: reloaded seed via http://127.0.0.1:4180/__reset
[fixed] reset repairdesk
[fixed] 1/6 OK 20.7s
[fixed] 2/6 OK 22.3s
[fixed] 3/6 OK 15.8s
[fixed] 4/6 OK 18.1s
[fixed] 5/6 OK 44.4s
[fixed] 6/6 OK 20.4s
{
  "runid": "jmrd3A1-n1",
  "from": "fwrdj11-n1",
  "target": "repairdesk",
  "instructions": [
    {
      "n": 1,
      "status": "OK",
      "s": 20.7,
      "skill": []
    },
    {
      "n": 2,
      "status": "OK",
      "s": 22.3,
      "skill": []
    },
    {
      "n": 3,
      "status": "OK",
      "s": 15.8,
      "skill": []
    },
    {
      "n": 4,
      "status": "OK",
      "s": 18.1,
      "skill": []
    },
    {
      "n": 5,
      "status": "OK",
      "s": 44.4,
      "skill": []
    },
    {
      "n": 6,
      "status": "OK",
      "s": 20.4,
      "skill": []
    }
  ],
  "wallS": 141.9,
  "verify": "  summary: 6/6 objectives PASS, 0 price claim mismatch(es), 0 duplicate ticket(s) |  | App state: 15 tickets total, 1 left by benchmark runs (0 still active), 17 parts total, 10 mutation log entries."
}
