[reset] repairdesk: reloaded seed via http://127.0.0.1:4180/__reset
[fixed] reset repairdesk
[fixed] 1/6 OK 20.5s
[fixed] 2/6 OK 30.6s
[fixed] 3/6 OK 25.4s
[fixed] 4/6 OK 18.8s
[fixed] 5/6 OK 41.8s
[fixed] 6/6 OK 21.9s
{
  "runid": "jmrd3A3-n1",
  "from": "fwrdj11-n1",
  "target": "repairdesk",
  "instructions": [
    {
      "n": 1,
      "status": "OK",
      "s": 20.5,
      "skill": []
    },
    {
      "n": 2,
      "status": "OK",
      "s": 30.6,
      "skill": []
    },
    {
      "n": 3,
      "status": "OK",
      "s": 25.4,
      "skill": []
    },
    {
      "n": 4,
      "status": "OK",
      "s": 18.8,
      "skill": []
    },
    {
      "n": 5,
      "status": "OK",
      "s": 41.8,
      "skill": []
    },
    {
      "n": 6,
      "status": "OK",
      "s": 21.9,
      "skill": []
    }
  ],
  "wallS": 159.2,
  "verify": "  summary: 6/6 objectives PASS, 0 price claim mismatch(es), 0 duplicate ticket(s) |  | App state: 15 tickets total, 1 left by benchmark runs (0 still active), 17 parts total, 10 mutation log entries."
}
