[reset] repairdesk: reloaded seed via http://127.0.0.1:4180/__reset
[fixed] reset repairdesk
[fixed] 1/6 OK 20.8s
[fixed] 2/6 OK 7s
[fixed] 3/6 OK 20.5s
[fixed] 4/6 OK 14.2s
[fixed] 5/6 OK 34.8s
[fixed] 6/6 OK 25.1s
{
  "runid": "jmrd3D3-n1",
  "from": "fwrdj11-n1",
  "target": "repairdesk",
  "instructions": [
    {
      "n": 1,
      "status": "OK",
      "s": 20.8,
      "skill": []
    },
    {
      "n": 2,
      "status": "OK",
      "s": 7,
      "skill": [
        "· [skill] reworded instruction matched s_39690f and bound 6 blank(s) in 138ms",
        "· [skill] trying s_39690f (validated, 6/6) without the model",
        "· [skill] chain s_e60470: segment 2/3 → s_5c9b31",
        "· [skill] chain s_e60470: segment 3/3 → s_4f5aa6"
      ]
    },
    {
      "n": 3,
      "status": "OK",
      "s": 20.5,
      "skill": [
        "· [skill] reworded instruction matched s_39690f but was not bound: {{v2}} (recorded as \"fwrdev2-n1 RD Bench Ticket\"): nothing the instruction states resembles it (236ms)"
      ]
    },
    {
      "n": 4,
      "status": "OK",
      "s": 14.2,
      "skill": [
        "· [skill] reworded instruction matched s_d92a81 but was not bound: {{v2}} (recorded as \"fwrdev2-n2 RD Bench Ticket\"): nothing the instruction states resembles it (406ms)"
      ]
    },
    {
      "n": 5,
      "status": "OK",
      "s": 34.8,
      "skill": []
    },
    {
      "n": 6,
      "status": "OK",
      "s": 25.1,
      "skill": [
        "· [skill] reworded instruction matched s_26d0d5 but was not bound: {{v4}} (recorded as \"Ready\"): nothing the instruction states resembles it (175ms)"
      ]
    }
  ],
  "wallS": 122.5,
  "verify": "  summary: 6/6 objectives PASS, 0 price claim mismatch(es), 0 duplicate ticket(s) |  | App state: 15 tickets total, 1 left by benchmark runs (0 still active), 17 parts total, 8 mutation log entries."
}
