[reset] repairdesk: reloaded seed via http://127.0.0.1:4180/__reset
[fixed] reset repairdesk
[fixed] 1/6 OK 23.2s
[fixed] 2/6 OK 29.7s
[fixed] 3/6 OK 22.7s
[fixed] 4/6 OK 23.1s
[fixed] 5/6 OK 32.3s
[fixed] 6/6 OK 45s
{
  "runid": "jmrd3C1-n1",
  "from": "fwrdj11-n1",
  "target": "repairdesk",
  "instructions": [
    {
      "n": 1,
      "status": "OK",
      "s": 23.2,
      "skill": []
    },
    {
      "n": 2,
      "status": "OK",
      "s": 29.7,
      "skill": []
    },
    {
      "n": 3,
      "status": "OK",
      "s": 22.7,
      "skill": []
    },
    {
      "n": 4,
      "status": "OK",
      "s": 23.1,
      "skill": [
        "· [skill] reworded instruction matched s_d92a81 but was not bound: {{v2}} (recorded as \"fwrdev2-n2 RD Bench Ticket\"): nothing the instruction states resembles it (372ms)"
      ]
    },
    {
      "n": 5,
      "status": "OK",
      "s": 32.3,
      "skill": []
    },
    {
      "n": 6,
      "status": "OK",
      "s": 45,
      "skill": [
        "· [skill] reworded instruction matched s_26d0d5 but was not bound: {{v4}} (recorded as \"Ready\"): nothing the instruction states resembles it (175ms)"
      ]
    }
  ],
  "wallS": 176.1,
  "verify": "  summary: 6/6 objectives PASS, 0 price claim mismatch(es), 0 duplicate ticket(s) |  | App state: 15 tickets total, 1 left by benchmark runs (0 still active), 17 parts total, 10 mutation log entries."
}
