[reset] repairdesk: reloaded seed via http://127.0.0.1:4180/__reset
[fixed] reset repairdesk
[fixed] 1/6 OK 21.2s
[fixed] 2/6 OK 18.7s
[fixed] 3/6 OK 21s
[fixed] 4/6 OK 19.4s
[fixed] 5/6 OK 32.3s
[fixed] 6/6 OK 23.1s
{
  "runid": "jmrd3C3-n1",
  "from": "fwrdj11-n1",
  "target": "repairdesk",
  "instructions": [
    {
      "n": 1,
      "status": "OK",
      "s": 21.2,
      "skill": []
    },
    {
      "n": 2,
      "status": "OK",
      "s": 18.7,
      "skill": []
    },
    {
      "n": 3,
      "status": "OK",
      "s": 21,
      "skill": [
        "· [skill] reworded instruction matched s_39690f but was not bound: {{v2}} (recorded as \"fwrdev2-n1 RD Bench Ticket\"): nothing the instruction states resembles it (117ms)"
      ]
    },
    {
      "n": 4,
      "status": "OK",
      "s": 19.4,
      "skill": [
        "· [skill] reworded instruction matched s_d92a81 but was not bound: {{v2}} (recorded as \"fwrdev2-n2 RD Bench Ticket\"): nothing the instruction states resembles it (413ms)"
      ]
    },
    {
      "n": 5,
      "status": "OK",
      "s": 32.3,
      "skill": []
    },
    {
      "n": 6,
      "status": "OK",
      "s": 23.1,
      "skill": [
        "· [skill] reworded instruction matched s_26d0d5 but was not bound: {{v4}} (recorded as \"Ready\"): nothing the instruction states resembles it (259ms)"
      ]
    }
  ],
  "wallS": 135.7,
  "verify": "  summary: 6/6 objectives PASS, 0 price claim mismatch(es), 0 duplicate ticket(s) |  | App state: 15 tickets total, 1 left by benchmark runs (0 still active), 17 parts total, 10 mutation log entries."
}
