[reset] repairdesk: reloaded seed via http://127.0.0.1:4180/__reset
[fixed] reset repairdesk
[fixed] 1/6 OK 20.9s
[fixed] 2/6 OK 26.2s
[fixed] 3/6 OK 20.1s
[fixed] 4/6 OK 21.2s
[fixed] 5/6 OK 24.9s
[fixed] 6/6 OK 28.5s
{
  "runid": "jmrd2C2-n1",
  "from": "fwrdj11-n1",
  "target": "repairdesk",
  "instructions": [
    {
      "n": 1,
      "status": "OK",
      "s": 20.9,
      "skill": []
    },
    {
      "n": 2,
      "status": "OK",
      "s": 26.2,
      "skill": []
    },
    {
      "n": 3,
      "status": "OK",
      "s": 20.1,
      "skill": []
    },
    {
      "n": 4,
      "status": "OK",
      "s": 21.2,
      "skill": [
        "· [skill] reworded instruction matched s_d92a81 but was not bound: {{v3}} (recorded as \"fwrdev2-n2\"): nothing the instruction states resembles it (583ms)"
      ]
    },
    {
      "n": 5,
      "status": "OK",
      "s": 24.9,
      "skill": []
    },
    {
      "n": 6,
      "status": "OK",
      "s": 28.5,
      "skill": [
        "· [skill] reworded instruction matched s_26d0d5 but was not bound: {{v4}} (recorded as \"Ready\"): nothing the instruction states resembles it (176ms)"
      ]
    }
  ],
  "wallS": 142,
  "verify": "  summary: 6/6 objectives PASS, 0 price claim mismatch(es), 0 duplicate ticket(s) |  | App state: 15 tickets total, 1 left by benchmark runs (0 still active), 17 parts total, 10 mutation log entries."
}
