[reset] repairdesk: reloaded seed via http://127.0.0.1:4180/__reset
[fixed] reset repairdesk
[fixed] 1/6 OK 21.1s
[fixed] 2/6 OK 7.2s
[fixed] 3/6 OK 36.4s
[fixed] 4/6 OK 15.4s
[fixed] 5/6 OK 20s
[fixed] 6/6 OK 36.3s
{
  "runid": "jmrd2D1-n1",
  "from": "fwrdj11-n1",
  "target": "repairdesk",
  "instructions": [
    {
      "n": 1,
      "status": "OK",
      "s": 21.1,
      "skill": []
    },
    {
      "n": 2,
      "status": "OK",
      "s": 7.2,
      "skill": [
        "· [skill] reworded instruction matched s_39690f and bound 6 blank(s) in 645ms",
        "· [skill] trying s_39690f (validated, 6/6) without the model",
        "· [skill] chain s_e60470: segment 2/3 → s_5c9b31",
        "· [skill] chain s_e60470: segment 3/3 → s_4f5aa6"
      ]
    },
    {
      "n": 3,
      "status": "OK",
      "s": 36.4,
      "skill": [
        "· [skill] reworded instruction matched s_39690f but was not bound: {{v3}} (recorded as \"fwrdev2-n1\"): nothing the instruction states resembles it (227ms)"
      ]
    },
    {
      "n": 4,
      "status": "OK",
      "s": 15.4,
      "skill": [
        "· [skill] reworded instruction matched s_d92a81 but was not bound: {{v3}} (recorded as \"fwrdev2-n2\"): nothing the instruction states resembles it (514ms)"
      ]
    },
    {
      "n": 5,
      "status": "OK",
      "s": 20,
      "skill": []
    },
    {
      "n": 6,
      "status": "OK",
      "s": 36.3,
      "skill": [
        "· [skill] reworded instruction matched s_26d0d5 but was not bound: {{v4}} (recorded as \"Ready\"): nothing the instruction states resembles it (155ms)"
      ]
    }
  ],
  "wallS": 136.6,
  "verify": "  summary: 6/6 objectives PASS, 0 price claim mismatch(es), 0 duplicate ticket(s) |  | App state: 15 tickets total, 1 left by benchmark runs (0 still active), 17 parts total, 8 mutation log entries."
}
