[reset] repairdesk: reloaded seed via http://127.0.0.1:4180/__reset
[fixed] reset repairdesk
[fixed] 1/6 OK 25.8s
[fixed] 2/6 OK 7s
[fixed] 3/6 OK 20.4s
[fixed] 4/6 OK 13.8s
[fixed] 5/6 OK 24s
[fixed] 6/6 OK 25.5s
{
  "runid": "jmrd2D2-n1",
  "from": "fwrdj11-n1",
  "target": "repairdesk",
  "instructions": [
    {
      "n": 1,
      "status": "OK",
      "s": 25.8,
      "skill": []
    },
    {
      "n": 2,
      "status": "OK",
      "s": 7,
      "skill": [
        "· [skill] reworded instruction matched s_39690f and bound 6 blank(s) in 428ms",
        "· [skill] trying s_39690f (validated, 6/6) without the model",
        "· [skill] chain s_e60470: segment 2/3 → s_5c9b31",
        "· [skill] chain s_e60470: segment 3/3 → s_4f5aa6"
      ]
    },
    {
      "n": 3,
      "status": "OK",
      "s": 20.4,
      "skill": [
        "· [skill] reworded instruction matched s_39690f but was not bound: {{v3}} (recorded as \"fwrdev2-n1\"): nothing the instruction states resembles it (368ms)"
      ]
    },
    {
      "n": 4,
      "status": "OK",
      "s": 13.8,
      "skill": [
        "· [skill] reworded instruction matched s_d92a81 but was not bound: {{v3}} (recorded as \"fwrdev2-n2\"): nothing the instruction states resembles it (467ms)"
      ]
    },
    {
      "n": 5,
      "status": "OK",
      "s": 24,
      "skill": []
    },
    {
      "n": 6,
      "status": "OK",
      "s": 25.5,
      "skill": [
        "· [skill] reworded instruction matched s_26d0d5 but was not bound: {{v4}} (recorded as \"Ready\"): nothing the instruction states resembles it (197ms)"
      ]
    }
  ],
  "wallS": 116.6,
  "verify": "  summary: 6/6 objectives PASS, 0 price claim mismatch(es), 0 duplicate ticket(s) |  | App state: 15 tickets total, 1 left by benchmark runs (0 still active), 17 parts total, 8 mutation log entries."
}
