[reset] repairdesk: reloaded seed via http://127.0.0.1:4180/__reset
[fixed] reset repairdesk
[fixed] 1/6 OK 22.2s
[fixed] 2/6 OK 23.3s
[fixed] 3/6 OK 22.9s
[fixed] 4/6 OK 19.9s
[fixed] 5/6 OK 43.7s
[fixed] 6/6 OK 29.1s
{
  "runid": "jmrd2A1-n1",
  "from": "fwrdj11-n1",
  "target": "repairdesk",
  "instructions": [
    {
      "n": 1,
      "status": "OK",
      "s": 22.2,
      "skill": []
    },
    {
      "n": 2,
      "status": "OK",
      "s": 23.3,
      "skill": []
    },
    {
      "n": 3,
      "status": "OK",
      "s": 22.9,
      "skill": []
    },
    {
      "n": 4,
      "status": "OK",
      "s": 19.9,
      "skill": []
    },
    {
      "n": 5,
      "status": "OK",
      "s": 43.7,
      "skill": []
    },
    {
      "n": 6,
      "status": "OK",
      "s": 29.1,
      "skill": []
    }
  ],
  "wallS": 161.2,
  "verify": "  summary: 6/6 objectives PASS, 0 price claim mismatch(es), 0 duplicate ticket(s) |  | App state: 15 tickets total, 1 left by benchmark runs (0 still active), 17 parts total, 10 mutation log entries."
}
