[reset] repairdesk: reloaded seed via http://127.0.0.1:4180/__reset
[fixed] reset repairdesk
[fixed] 1/6 OK 20.7s
[fixed] 2/6 OK 17.4s
[fixed] 3/6 OK 28.2s
[fixed] 4/6 OK 18.6s
[fixed] 5/6 OK 24.6s
[fixed] 6/6 OK 41.9s
{
  "runid": "jmrd2A3-n1",
  "from": "fwrdj11-n1",
  "target": "repairdesk",
  "instructions": [
    {
      "n": 1,
      "status": "OK",
      "s": 20.7,
      "skill": []
    },
    {
      "n": 2,
      "status": "OK",
      "s": 17.4,
      "skill": []
    },
    {
      "n": 3,
      "status": "OK",
      "s": 28.2,
      "skill": []
    },
    {
      "n": 4,
      "status": "OK",
      "s": 18.6,
      "skill": []
    },
    {
      "n": 5,
      "status": "OK",
      "s": 24.6,
      "skill": []
    },
    {
      "n": 6,
      "status": "OK",
      "s": 41.9,
      "skill": []
    }
  ],
  "wallS": 151.5,
  "verify": "  summary: 6/6 objectives PASS, 0 price claim mismatch(es), 0 duplicate ticket(s) |  | App state: 15 tickets total, 1 left by benchmark runs (0 still active), 17 parts total, 8 mutation log entries."
}
