[reset] repairdesk: reloaded seed via http://127.0.0.1:4180/__reset
[fixed] reset repairdesk
[fixed] 1/6 OK 17.2s
[fixed] 2/6 OK 26.6s
[fixed] 3/6 OK 17.7s
[fixed] 4/6 OK 19.9s
[fixed] 5/6 OK 24.8s
[fixed] 6/6 OK 22.6s
{
  "runid": "jmrd2C1-n1",
  "from": "fwrdj11-n1",
  "target": "repairdesk",
  "instructions": [
    {
      "n": 1,
      "status": "OK",
      "s": 17.2,
      "skill": []
    },
    {
      "n": 2,
      "status": "OK",
      "s": 26.6,
      "skill": []
    },
    {
      "n": 3,
      "status": "OK",
      "s": 17.7,
      "skill": [
        "· [skill] reworded instruction matched s_39690f but was not bound: {{v3}} (recorded as \"fwrdev2-n1\"): nothing the instruction states resembles it (213ms)"
      ]
    },
    {
      "n": 4,
      "status": "OK",
      "s": 19.9,
      "skill": [
        "· [skill] reworded instruction matched s_d92a81 but was not bound: {{v3}} (recorded as \"fwrdev2-n2\"): nothing the instruction states resembles it (450ms)"
      ]
    },
    {
      "n": 5,
      "status": "OK",
      "s": 24.8,
      "skill": []
    },
    {
      "n": 6,
      "status": "OK",
      "s": 22.6,
      "skill": [
        "· [skill] reworded instruction matched s_26d0d5 but was not bound: {{v4}} (recorded as \"Ready\"): nothing the instruction states resembles it (138ms)"
      ]
    }
  ],
  "wallS": 129,
  "verify": "  summary: 6/6 objectives PASS, 0 price claim mismatch(es), 0 duplicate ticket(s) |  | App state: 15 tickets total, 1 left by benchmark runs (0 still active), 17 parts total, 10 mutation log entries."
}
