[reset] repairdesk: reloaded seed via http://127.0.0.1:4180/__reset
[fixed] reset repairdesk
[fixed] 1/6 OK 18.8s
[fixed] 2/6 OK 17.9s
[fixed] 3/6 OK 29.3s
[fixed] 4/6 OK 24.8s
[fixed] 5/6 OK 36.6s
[fixed] 6/6 OK 19.4s
{
  "runid": "jmrd2A2-n1",
  "from": "fwrdj11-n1",
  "target": "repairdesk",
  "instructions": [
    {
      "n": 1,
      "status": "OK",
      "s": 18.8,
      "skill": []
    },
    {
      "n": 2,
      "status": "OK",
      "s": 17.9,
      "skill": []
    },
    {
      "n": 3,
      "status": "OK",
      "s": 29.3,
      "skill": []
    },
    {
      "n": 4,
      "status": "OK",
      "s": 24.8,
      "skill": []
    },
    {
      "n": 5,
      "status": "OK",
      "s": 36.6,
      "skill": []
    },
    {
      "n": 6,
      "status": "OK",
      "s": 19.4,
      "skill": []
    }
  ],
  "wallS": 147,
  "verify": "  summary: 6/6 objectives PASS, 0 price claim mismatch(es), 0 duplicate ticket(s) |  | App state: 15 tickets total, 1 left by benchmark runs (0 still active), 17 parts total, 10 mutation log entries."
}
