[reset] kanboard: deleted 1 leftover bench task(s)
[fixed] reset kanboard
[fixed] 1/5 OK 17.4s
[fixed] 2/5 OK 32.1s
[fixed] 3/5 OK 38.4s
[fixed] 4/5 OK 46.2s
[fixed] 5/5 OK 20.1s
{
  "runid": "jskb1r4-n1",
  "from": "fwkb5-n1",
  "target": "kanboard",
  "instructions": [
    {
      "n": 1,
      "status": "OK",
      "s": 17.4
    },
    {
      "n": 2,
      "status": "OK",
      "s": 32.1
    },
    {
      "n": 3,
      "status": "OK",
      "s": 38.4
    },
    {
      "n": 4,
      "status": "OK",
      "s": 46.2
    },
    {
      "n": 5,
      "status": "OK",
      "s": 20.1
    }
  ],
  "wallS": 154.3,
  "verify": "  obj 4: PASS — 1 comment(s), 1 carrying the runid |   obj 5: PASS — date_due=2026-12-31, want 2026-12-31 |   obj 6: UNVERIFIABLE — no result file with finalText found"
}
