[reset] kanboard: deleted 1 leftover bench task(s)
[fixed] reset kanboard
[fixed] 1/5 OK 26.6s
[fixed] 2/5 OK 30.8s
[fixed] 3/5 OK 44.3s
[fixed] 4/5 OK 32.3s
[fixed] 5/5 OK 21.2s
{
  "runid": "jskb1r3-n1",
  "from": "fwkb5-n1",
  "target": "kanboard",
  "instructions": [
    {
      "n": 1,
      "status": "OK",
      "s": 26.6
    },
    {
      "n": 2,
      "status": "OK",
      "s": 30.8
    },
    {
      "n": 3,
      "status": "OK",
      "s": 44.3
    },
    {
      "n": 4,
      "status": "OK",
      "s": 32.3
    },
    {
      "n": 5,
      "status": "OK",
      "s": 21.2
    }
  ],
  "wallS": 155.3,
  "verify": "  obj 4: PASS — 1 comment(s), 1 carrying the runid |   obj 5: PASS — date_due=2026-12-31, want 2026-12-31 |   obj 6: UNVERIFIABLE — no result file with finalText found"
}
