[reset] kanboard: no leftover bench tasks
[fixed] reset kanboard
[fixed] 1/5 OK 23.7s
[fixed] 2/5 OK 21.4s
[fixed] 3/5 OK 40.8s
[fixed] 4/5 OK 41.3s
[fixed] 5/5 OK 15.5s
{
  "runid": "jskb1r1-n1",
  "from": "fwkb5-n1",
  "target": "kanboard",
  "instructions": [
    {
      "n": 1,
      "status": "OK",
      "s": 23.7
    },
    {
      "n": 2,
      "status": "OK",
      "s": 21.4
    },
    {
      "n": 3,
      "status": "OK",
      "s": 40.8
    },
    {
      "n": 4,
      "status": "OK",
      "s": 41.3
    },
    {
      "n": 5,
      "status": "OK",
      "s": 15.5
    }
  ],
  "wallS": 143,
  "verify": "  obj 4: PASS — 1 comment(s), 1 carrying the runid |   obj 5: PASS — date_due=2026-12-31, want 2026-12-31 |   obj 6: UNVERIFIABLE — no result file with finalText found"
}
