[reset] kanboard: no leftover bench tasks
[fixed] reset kanboard
[fixed] 1/5 OK 18.6s
[fixed] 2/5 OK 20.9s
[fixed] 3/5 OK 31.1s
[fixed] 4/5 OK 51s
[fixed] 5/5 OK 23.4s
{
  "runid": "jakb1smoke-n1",
  "from": "fwkb5-n1",
  "target": "kanboard",
  "instructions": [
    {
      "n": 1,
      "status": "OK",
      "s": 18.6
    },
    {
      "n": 2,
      "status": "OK",
      "s": 20.9
    },
    {
      "n": 3,
      "status": "OK",
      "s": 31.1
    },
    {
      "n": 4,
      "status": "OK",
      "s": 51
    },
    {
      "n": 5,
      "status": "OK",
      "s": 23.4
    }
  ],
  "wallS": 145.2,
  "verify": "  obj 4: PASS — 1 comment(s), 1 carrying the runid |   obj 5: PASS — date_due=2026-12-31, want 2026-12-31 |   obj 6: UNVERIFIABLE — no result file with finalText found"
}
