[reset] kanboard: deleted 1 leftover bench task(s)
[fixed] reset kanboard
[fixed] 1/5 OK 15.5s
[fixed] 2/5 OK 25.4s
[fixed] 3/5 OK 28.2s
[fixed] 4/5 OK 39.4s
[fixed] 5/5 OK 18.5s
{
  "runid": "jakb1jev2-n1",
  "from": "fwkb5-n1",
  "target": "kanboard",
  "instructions": [
    {
      "n": 1,
      "status": "OK",
      "s": 15.5
    },
    {
      "n": 2,
      "status": "OK",
      "s": 25.4
    },
    {
      "n": 3,
      "status": "OK",
      "s": 28.2
    },
    {
      "n": 4,
      "status": "OK",
      "s": 39.4
    },
    {
      "n": 5,
      "status": "OK",
      "s": 18.5
    }
  ],
  "wallS": 127.3,
  "verify": "  obj 4: PASS — 1 comment(s), 1 carrying the runid |   obj 5: PASS — date_due=2026-12-31, want 2026-12-31 |   obj 6: UNVERIFIABLE — no result file with finalText found"
}
