[reset] kanboard: deleted 1 leftover bench task(s)
[fixed] reset kanboard
[fixed] 1/5 OK 16.7s
[fixed] 2/5 OK 21.9s
[fixed] 3/5 OK 24.3s
[fixed] 4/5 OK 51.6s
[fixed] 5/5 OK 17.6s
{
  "runid": "jakb1jev3-n1",
  "from": "fwkb5-n1",
  "target": "kanboard",
  "instructions": [
    {
      "n": 1,
      "status": "OK",
      "s": 16.7
    },
    {
      "n": 2,
      "status": "OK",
      "s": 21.9
    },
    {
      "n": 3,
      "status": "OK",
      "s": 24.3
    },
    {
      "n": 4,
      "status": "OK",
      "s": 51.6
    },
    {
      "n": 5,
      "status": "OK",
      "s": 17.6
    }
  ],
  "wallS": 132.4,
  "verify": "  obj 4: PASS — 1 comment(s), 1 carrying the runid |   obj 5: PASS — date_due=2026-12-31, want 2026-12-31 |   obj 6: UNVERIFIABLE — no result file with finalText found"
}
