[reset] kanboard: deleted 1 leftover bench task(s)
[fixed] reset kanboard
[fixed] 1/5 OK 19.4s
[fixed] 2/5 OK 34.1s
[fixed] 3/5 OK 42s
[fixed] 4/5 OK 45.8s
[fixed] 5/5 OK 11.4s
{
  "runid": "jakb1mod2-n1",
  "from": "fwkb5-n1",
  "target": "kanboard",
  "instructions": [
    {
      "n": 1,
      "status": "OK",
      "s": 19.4
    },
    {
      "n": 2,
      "status": "OK",
      "s": 34.1
    },
    {
      "n": 3,
      "status": "OK",
      "s": 42
    },
    {
      "n": 4,
      "status": "OK",
      "s": 45.8
    },
    {
      "n": 5,
      "status": "OK",
      "s": 11.4
    }
  ],
  "wallS": 152.8,
  "verify": "  obj 4: PASS — 1 comment(s), 1 carrying the runid |   obj 5: PASS — date_due=2026-12-31, want 2026-12-31 |   obj 6: UNVERIFIABLE — no result file with finalText found"
}
