[reset] kanboard: deleted 1 leftover bench task(s)
[fixed] reset kanboard
[fixed] 1/5 OK 15.2s
[fixed] 2/5 OK 24.4s
[fixed] 3/5 OK 34.2s
[fixed] 4/5 OK 48.7s
[fixed] 5/5 OK 16.4s
{
  "runid": "jakb1mod3-n1",
  "from": "fwkb5-n1",
  "target": "kanboard",
  "instructions": [
    {
      "n": 1,
      "status": "OK",
      "s": 15.2
    },
    {
      "n": 2,
      "status": "OK",
      "s": 24.4
    },
    {
      "n": 3,
      "status": "OK",
      "s": 34.2
    },
    {
      "n": 4,
      "status": "OK",
      "s": 48.7
    },
    {
      "n": 5,
      "status": "OK",
      "s": 16.4
    }
  ],
  "wallS": 139.1,
  "verify": "  obj 4: PASS — 1 comment(s), 1 carrying the runid |   obj 5: PASS — date_due=2026-12-31, want 2026-12-31 |   obj 6: UNVERIFIABLE — no result file with finalText found"
}
