[reset] kanboard: deleted 1 leftover bench task(s)
[fixed] reset kanboard
[fixed] 1/5 OK 14.8s
[fixed] 2/5 OK 29.5s
[fixed] 3/5 OK 24.3s
[fixed] 4/5 OK 129s
[fixed] 5/5 OK 25.8s
{
  "runid": "jakb1mod1-n1",
  "from": "fwkb5-n1",
  "target": "kanboard",
  "instructions": [
    {
      "n": 1,
      "status": "OK",
      "s": 14.8
    },
    {
      "n": 2,
      "status": "OK",
      "s": 29.5
    },
    {
      "n": 3,
      "status": "OK",
      "s": 24.3
    },
    {
      "n": 4,
      "status": "OK",
      "s": 129
    },
    {
      "n": 5,
      "status": "OK",
      "s": 25.8
    }
  ],
  "wallS": 223.6,
  "verify": "  obj 4: PASS — 1 comment(s), 1 carrying the runid |   obj 5: PASS — date_due=2026-12-31, want 2026-12-31 |   obj 6: UNVERIFIABLE — no result file with finalText found"
}
