[drift-store] 61 case(s), mode=rename, gate=0, model recovery DISABLED
[drift-store] home=/home/user/sitelooper/bench/results/jvod1-home  store=/home/user/sitelooper/bench/results-published/fwod34-skills  app=http://127.0.0.1:8069/
[drift-store] jvod1-c01 (1/61) 01-signin step 1 target fill — synonym/rename
[reset] odoo: force-cancelled 1 order(s) the Cancel action left uncancelled
[reset] odoo: deleted 1 leftover bench order(s)
[reset] odoo: deleted 1 leftover bench customer(s)
[drift-store]   healed conf=0.90 correct verified (42.4s)
[drift-store] jvod1-c02 (2/61) 01-signin step 2 target fill — synonym/rename
[reset] odoo: force-cancelled 1 order(s) the Cancel action left uncancelled
[reset] odoo: deleted 1 leftover bench order(s)
[reset] odoo: deleted 1 leftover bench customer(s)
[drift-store]   healed conf=0.96 correct verified (42.0s)
[drift-store] jvod1-c03 (3/61) 01-signin step 3 target click — synonym/rename
[reset] odoo: force-cancelled 1 order(s) the Cancel action left uncancelled
[reset] odoo: deleted 1 leftover bench order(s)
[reset] odoo: deleted 1 leftover bench customer(s)
[drift-store]   healed conf=0.97 correct verified (42.2s)
[drift-store] jvod1-c04 (4/61) 02-create step 1 target click — moved-path/rename
[reset] odoo: force-cancelled 1 order(s) the Cancel action left uncancelled
[reset] odoo: deleted 1 leftover bench order(s)
[reset] odoo: deleted 1 leftover bench customer(s)
[drift-store]   deferred conf=0.00 undecidable (18.7s)
[drift-store] jvod1-c05 (5/61) 02-create step 2 target click — moved-path/rename
[reset] odoo: deleted 1 leftover bench customer(s)
[drift-store]   healed-refused conf=0.26 undecidable REFUSED-by-step (33.2s)
[drift-store] jvod1-c06 (6/61) 02-create step 3 target click — moved-path/rename
[reset] odoo: deleted 1 leftover bench customer(s)
[drift-store]   deferred conf=0.00 undecidable (20.1s)
[drift-store] jvod1-c07 (7/61) 02-create step 4 target click — moved-path/rename
[reset] odoo: deleted 1 leftover bench customer(s)
[drift-store]   healed-refused conf=0.26 undecidable REFUSED-by-step (33.9s)
[drift-store] jvod1-c08 (8/61) 02-create step 5 target click — moved-path/rename
[reset] odoo: deleted 1 leftover bench customer(s)
[drift-store]   deferred conf=0.00 undecidable (21.2s)
[drift-store] jvod1-c09 (9/61) 02-create step 6 target click — moved-path/rename
[reset] odoo: deleted 1 leftover bench customer(s)
[drift-store]   deferred conf=0.00 undecidable (20.8s)
[drift-store] jvod1-c10 (10/61) 02-create step 7 target click — moved-path/rename
[reset] odoo: deleted 1 leftover bench customer(s)
[drift-store]   deferred conf=0.25 undecidable (22.0s)
[drift-store] jvod1-c11 (11/61) 02-create step 8 target click — punctuation/rename
[reset] odoo: deleted 1 leftover bench customer(s)
[drift-store]   healed conf=0.91 correct verified (41.7s)
[drift-store] jvod1-c12 (12/61) 03-open step 1 target click — synonym/rename
[reset] odoo: force-cancelled 1 order(s) the Cancel action left uncancelled
[reset] odoo: deleted 1 leftover bench order(s)
[reset] odoo: deleted 1 leftover bench customer(s)
[drift-store]   chain-not-dead (38.4s)
[drift-store] jvod1-c13 (13/61) 03-open step 2 target type — synonym/rename
[reset] odoo: force-cancelled 1 order(s) the Cancel action left uncancelled
[reset] odoo: deleted 1 leftover bench order(s)
[reset] odoo: deleted 1 leftover bench customer(s)
[drift-store]   chain-not-dead (38.5s)
[drift-store] jvod1-c14 (14/61) 03-open step 3 target click — punctuation/rename
[reset] odoo: force-cancelled 1 order(s) the Cancel action left uncancelled
[reset] odoo: deleted 1 leftover bench order(s)
[reset] odoo: deleted 1 leftover bench customer(s)
[drift-store]   chain-not-dead (38.5s)
[drift-store] jvod1-c15 (15/61) 03-open step 4 target click — synonym/rename
[reset] odoo: force-cancelled 1 order(s) the Cancel action left uncancelled
[reset] odoo: deleted 1 leftover bench order(s)
[reset] odoo: deleted 1 leftover bench customer(s)
[drift-store]   chain-not-dead (38.6s)
[drift-store] jvod1-c16 (16/61) 03-open step 5 target click — moved-path/rename
[reset] odoo: force-cancelled 1 order(s) the Cancel action left uncancelled
[reset] odoo: deleted 1 leftover bench order(s)
[reset] odoo: deleted 1 leftover bench customer(s)
[drift-store]   chain-not-dead (38.5s)
[drift-store] jvod1-c17 (17/61) 03-open step 6 target press — moved-path/rename
[reset] odoo: force-cancelled 1 order(s) the Cancel action left uncancelled
[reset] odoo: deleted 1 leftover bench order(s)
[reset] odoo: deleted 1 leftover bench customer(s)
[drift-store]   chain-not-dead (38.1s)
[drift-store] jvod1-c18 (18/61) 03-open step 7 target fill — moved-path/rename
[reset] odoo: force-cancelled 1 order(s) the Cancel action left uncancelled
[reset] odoo: deleted 1 leftover bench order(s)
[reset] odoo: deleted 1 leftover bench customer(s)
[drift-store]   chain-not-dead (38.5s)
[drift-store] jvod1-c19 (19/61) 03-open step 8 target click — synonym/rename
[reset] odoo: force-cancelled 1 order(s) the Cancel action left uncancelled
[reset] odoo: deleted 1 leftover bench order(s)
[reset] odoo: deleted 1 leftover bench customer(s)
[drift-store]   chain-not-dead (38.4s)
[drift-store] jvod1-c20 (20/61) 03-open step 9 target read — moved-path/rename
[reset] odoo: force-cancelled 1 order(s) the Cancel action left uncancelled
[reset] odoo: deleted 1 leftover bench order(s)
[reset] odoo: deleted 1 leftover bench customer(s)
[drift-store]   chain-not-dead (38.2s)
[drift-store] jvod1-c21 (21/61) 03-open step 10 target read — moved-path/rename
[reset] odoo: force-cancelled 1 order(s) the Cancel action left uncancelled
[reset] odoo: deleted 1 leftover bench order(s)
[reset] odoo: deleted 1 leftover bench customer(s)
[drift-store]   chain-not-dead (38.5s)
[drift-store] jvod1-c22 (22/61) 03-open step 11 target read — moved-path/rename
[reset] odoo: force-cancelled 1 order(s) the Cancel action left uncancelled
[reset] odoo: deleted 1 leftover bench order(s)
[reset] odoo: deleted 1 leftover bench customer(s)
[drift-store]   chain-not-dead (38.0s)
[drift-store] jvod1-c23 (23/61) 03-open step 12 target read — moved-path/rename
[reset] odoo: force-cancelled 1 order(s) the Cancel action left uncancelled
[reset] odoo: deleted 1 leftover bench order(s)
[reset] odoo: deleted 1 leftover bench customer(s)
[drift-store]   chain-not-dead (38.2s)
[drift-store] jvod1-c24 (24/61) 04-open step 1 target click — punctuation/rename
[reset] odoo: force-cancelled 1 order(s) the Cancel action left uncancelled
[reset] odoo: deleted 1 leftover bench order(s)
[reset] odoo: deleted 1 leftover bench customer(s)
[drift-store]   healed conf=0.75 correct verified (41.9s)
[drift-store] jvod1-c25 (25/61) 04-open step 2 target fill — moved-path/rename
[reset] odoo: force-cancelled 1 order(s) the Cancel action left uncancelled
[reset] odoo: deleted 1 leftover bench order(s)
[reset] odoo: deleted 1 leftover bench customer(s)
[drift-store]   deferred conf=0.87 undecidable (34.2s)
[drift-store] jvod1-c26 (26/61) 04-open step 3 target click — synonym/rename
[reset] odoo: deleted 1 leftover bench order(s)
[reset] odoo: deleted 1 leftover bench customer(s)
[drift-store]   healed conf=0.72 correct verified (42.5s)
[drift-store] jvod1-c27 (27/61) 04-open step 4 target read — moved-path/rename
[reset] odoo: force-cancelled 1 order(s) the Cancel action left uncancelled
[reset] odoo: deleted 1 leftover bench order(s)
[reset] odoo: deleted 1 leftover bench customer(s)
[drift-store]   healed conf=0.40 undecidable verified (41.9s)
[drift-store] jvod1-c28 (28/61) 04-open step 5 target read — moved-path/rename
[reset] odoo: force-cancelled 1 order(s) the Cancel action left uncancelled
[reset] odoo: deleted 1 leftover bench order(s)
[reset] odoo: deleted 1 leftover bench customer(s)
[drift-store]   healed conf=0.58 undecidable verified (42.1s)
[drift-store] jvod1-c29 (29/61) 04-open step 6 target read — moved-path/rename
[reset] odoo: force-cancelled 1 order(s) the Cancel action left uncancelled
[reset] odoo: deleted 1 leftover bench order(s)
[reset] odoo: deleted 1 leftover bench customer(s)
[drift-store]   deferred conf=0.87 undecidable (41.9s)
[drift-store] jvod1-c30 (30/61) 05-open step 1 target click — synonym/rename
[reset] odoo: force-cancelled 1 order(s) the Cancel action left uncancelled
[reset] odoo: deleted 1 leftover bench order(s)
[reset] odoo: deleted 1 leftover bench customer(s)
[drift-store]   healed conf=0.83 correct verified (42.0s)
[drift-store] jvod1-c31 (31/61) 05-open step 2 target read — moved-path/rename
[reset] odoo: force-cancelled 1 order(s) the Cancel action left uncancelled
[reset] odoo: deleted 1 leftover bench order(s)
[reset] odoo: deleted 1 leftover bench customer(s)
[drift-store]   chain-not-dead (38.4s)
[drift-store] jvod1-c32 (32/61) 05-open step 3 target read — punctuation/rename
[reset] odoo: force-cancelled 1 order(s) the Cancel action left uncancelled
[reset] odoo: deleted 1 leftover bench order(s)
[reset] odoo: deleted 1 leftover bench customer(s)
[drift-store]   healed conf=0.91 correct verified (42.1s)
[drift-store] jvod1-c33 (33/61) 05-open step 4 target read — moved-path/rename
[reset] odoo: force-cancelled 1 order(s) the Cancel action left uncancelled
[reset] odoo: deleted 1 leftover bench order(s)
[reset] odoo: deleted 1 leftover bench customer(s)
[drift-store]   chain-not-dead (38.2s)
[drift-store] jvod1-c34 (34/61) 06-open step 1 target click — synonym/rename
[reset] odoo: force-cancelled 1 order(s) the Cancel action left uncancelled
[reset] odoo: deleted 1 leftover bench order(s)
[reset] odoo: deleted 1 leftover bench customer(s)
[drift-store]   no-ballot (38.3s)
[drift-store] jvod1-c35 (35/61) 06-open step 3 target click — synonym/rename
[reset] odoo: force-cancelled 1 order(s) the Cancel action left uncancelled
[reset] odoo: deleted 1 leftover bench order(s)
[reset] odoo: deleted 1 leftover bench customer(s)
[drift-store]   no-ballot (38.5s)
[drift-store] jvod1-c36 (36/61) 06-open step 4 target click — synonym/rename
[reset] odoo: force-cancelled 1 order(s) the Cancel action left uncancelled
[reset] odoo: deleted 1 leftover bench order(s)
[reset] odoo: deleted 1 leftover bench customer(s)
[drift-store]   no-ballot (38.1s)
[drift-store] jvod1-c37 (37/61) 06-open step 5 target click — synonym/rename
[reset] odoo: force-cancelled 1 order(s) the Cancel action left uncancelled
[reset] odoo: deleted 1 leftover bench order(s)
[reset] odoo: deleted 1 leftover bench customer(s)
[drift-store]   no-ballot (38.1s)
[drift-store] jvod1-c38 (38/61) 06-open step 6 target click — synonym/rename
[reset] odoo: force-cancelled 1 order(s) the Cancel action left uncancelled
[reset] odoo: deleted 1 leftover bench order(s)
[reset] odoo: deleted 1 leftover bench customer(s)
[drift-store]   no-ballot (38.5s)
[drift-store] jvod1-c39 (39/61) 06-open step 7 target click — synonym/rename
[reset] odoo: force-cancelled 1 order(s) the Cancel action left uncancelled
[reset] odoo: deleted 1 leftover bench order(s)
[reset] odoo: deleted 1 leftover bench customer(s)
[drift-store]   no-ballot (38.2s)
[drift-store] jvod1-c40 (40/61) 06-open step 8 target click — synonym/rename
[reset] odoo: force-cancelled 1 order(s) the Cancel action left uncancelled
[reset] odoo: deleted 1 leftover bench order(s)
[reset] odoo: deleted 1 leftover bench customer(s)
[drift-store]   no-ballot (38.4s)
[drift-store] jvod1-c41 (41/61) 06-open step 10 target click — synonym/rename
[reset] odoo: force-cancelled 1 order(s) the Cancel action left uncancelled
[reset] odoo: deleted 1 leftover bench order(s)
[reset] odoo: deleted 1 leftover bench customer(s)
[drift-store]   no-ballot (38.3s)
[drift-store] jvod1-c42 (42/61) 06-open step 13 target click — synonym/rename
[reset] odoo: force-cancelled 1 order(s) the Cancel action left uncancelled
[reset] odoo: deleted 1 leftover bench order(s)
[reset] odoo: deleted 1 leftover bench customer(s)
[drift-store]   no-ballot (38.3s)
[drift-store] jvod1-c43 (43/61) 06-open step 14 target click — synonym/rename
[reset] odoo: force-cancelled 1 order(s) the Cancel action left uncancelled
[reset] odoo: deleted 1 leftover bench order(s)
[reset] odoo: deleted 1 leftover bench customer(s)
[drift-store]   no-ballot (38.4s)
[drift-store] jvod1-c44 (44/61) 06-open step 15 target click — synonym/rename
[reset] odoo: force-cancelled 1 order(s) the Cancel action left uncancelled
[reset] odoo: deleted 1 leftover bench order(s)
[reset] odoo: deleted 1 leftover bench customer(s)
[drift-store]   no-ballot (38.4s)
[drift-store] jvod1-c45 (45/61) 06-open step 16 target click — synonym/rename
[reset] odoo: force-cancelled 1 order(s) the Cancel action left uncancelled
[reset] odoo: deleted 1 leftover bench order(s)
[reset] odoo: deleted 1 leftover bench customer(s)
[drift-store]   no-ballot (38.5s)
[drift-store] jvod1-c46 (46/61) 06-open step 18 target click — synonym/rename
[reset] odoo: force-cancelled 1 order(s) the Cancel action left uncancelled
[reset] odoo: deleted 1 leftover bench order(s)
[reset] odoo: deleted 1 leftover bench customer(s)
[drift-store]   no-ballot (38.3s)
[drift-store] jvod1-c47 (47/61) 06-open step 19 target read — punctuation/rename
[reset] odoo: force-cancelled 1 order(s) the Cancel action left uncancelled
[reset] odoo: deleted 1 leftover bench order(s)
[reset] odoo: deleted 1 leftover bench customer(s)
[drift-store]   no-ballot (38.2s)
[drift-store] jvod1-c48 (48/61) 06-open step 20 target read — moved-path/rename
[reset] odoo: force-cancelled 1 order(s) the Cancel action left uncancelled
[reset] odoo: deleted 1 leftover bench order(s)
[reset] odoo: deleted 1 leftover bench customer(s)
[drift-store]   no-ballot (38.2s)
[drift-store] jvod1-c49 (49/61) 07-open step 1 target read — punctuation/rename
[reset] odoo: force-cancelled 1 order(s) the Cancel action left uncancelled
[reset] odoo: deleted 1 leftover bench order(s)
[reset] odoo: deleted 1 leftover bench customer(s)
[drift-store]   no-ballot (38.3s)
[drift-store] jvod1-c50 (50/61) 07-open step 2 target read — moved-path/rename
[reset] odoo: force-cancelled 1 order(s) the Cancel action left uncancelled
[reset] odoo: deleted 1 leftover bench order(s)
[reset] odoo: deleted 1 leftover bench customer(s)
[drift-store]   no-ballot (38.2s)
[drift-store] jvod1-c51 (51/61) 08-open step 1 target click — synonym/rename
[reset] odoo: force-cancelled 1 order(s) the Cancel action left uncancelled
[reset] odoo: deleted 1 leftover bench order(s)
[reset] odoo: deleted 1 leftover bench customer(s)
[drift-store]   no-ballot (38.2s)
[drift-store] jvod1-c52 (52/61) 08-open step 2 target click — synonym/rename
[reset] odoo: force-cancelled 1 order(s) the Cancel action left uncancelled
[reset] odoo: deleted 1 leftover bench order(s)
[reset] odoo: deleted 1 leftover bench customer(s)
[drift-store]   no-ballot (38.4s)
[drift-store] jvod1-c53 (53/61) 08-open step 3 target click — synonym/rename
[reset] odoo: force-cancelled 1 order(s) the Cancel action left uncancelled
[reset] odoo: deleted 1 leftover bench order(s)
[reset] odoo: deleted 1 leftover bench customer(s)
[drift-store]   no-ballot (38.3s)
[drift-store] jvod1-c54 (54/61) 08-open step 5 target click — synonym/rename
[reset] odoo: force-cancelled 1 order(s) the Cancel action left uncancelled
[reset] odoo: deleted 1 leftover bench order(s)
[reset] odoo: deleted 1 leftover bench customer(s)
[drift-store]   no-ballot (38.2s)
[drift-store] jvod1-c55 (55/61) 08-open step 6 target click — synonym/rename
[reset] odoo: force-cancelled 1 order(s) the Cancel action left uncancelled
[reset] odoo: deleted 1 leftover bench order(s)
[reset] odoo: deleted 1 leftover bench customer(s)
[drift-store]   no-ballot (38.5s)
[drift-store] jvod1-c56 (56/61) 08-open step 7 target click — synonym/rename
[reset] odoo: force-cancelled 1 order(s) the Cancel action left uncancelled
[reset] odoo: deleted 1 leftover bench order(s)
[reset] odoo: deleted 1 leftover bench customer(s)
[drift-store]   no-ballot (38.2s)
[drift-store] jvod1-c57 (57/61) 08-open step 8 target read — punctuation/rename
[reset] odoo: force-cancelled 1 order(s) the Cancel action left uncancelled
[reset] odoo: deleted 1 leftover bench order(s)
[reset] odoo: deleted 1 leftover bench customer(s)
[drift-store]   no-ballot (38.3s)
[drift-store] jvod1-c58 (58/61) 08-open step 9 target read — moved-path/rename
[reset] odoo: force-cancelled 1 order(s) the Cancel action left uncancelled
[reset] odoo: deleted 1 leftover bench order(s)
[reset] odoo: deleted 1 leftover bench customer(s)
[drift-store]   no-ballot (38.4s)
[drift-store] jvod1-c59 (59/61) 09-change step 1 target read — punctuation/rename
[reset] odoo: force-cancelled 1 order(s) the Cancel action left uncancelled
[reset] odoo: deleted 1 leftover bench order(s)
[reset] odoo: deleted 1 leftover bench customer(s)
[drift-store]   no-ballot (38.4s)
[drift-store] jvod1-c60 (60/61) 09-change step 2 target read — moved-path/rename
[reset] odoo: force-cancelled 1 order(s) the Cancel action left uncancelled
[reset] odoo: deleted 1 leftover bench order(s)
[reset] odoo: deleted 1 leftover bench customer(s)
[drift-store]   no-ballot (38.3s)
[drift-store] jvod1-c61 (61/61) 09-change step 3 target read — moved-path/rename
[reset] odoo: force-cancelled 1 order(s) the Cancel action left uncancelled
[reset] odoo: deleted 1 leftover bench order(s)
[reset] odoo: deleted 1 leftover bench customer(s)
[drift-store]   no-ballot (38.5s)

=== jev-drift-store: fwod34 on odoo (jvod1) ===

case      step         tag/key    tool    transform    conf   guards   verdict      verif  outcome
#1        01-signin    1/target   fill    synonym      0.90   pass     correct      yes    healed
#2        01-signin    2/target   fill    synonym      0.96   pass     correct      yes    healed
#3        01-signin    3/target   click   synonym      0.97   pass     correct      yes    healed
#4        02-create    1/target   click   moved-path   0.00   refuse   undecidable  -      deferred
#5        02-create    2/target   click   moved-path   0.26   pass     undecidable  NO     healed-refused
#6        02-create    3/target   click   moved-path   0.00   refuse   undecidable  -      deferred
#7        02-create    4/target   click   moved-path   0.26   pass     undecidable  NO     healed-refused
#8        02-create    5/target   click   moved-path   0.00   refuse   undecidable  -      deferred
#9        02-create    6/target   click   moved-path   0.00   refuse   undecidable  -      deferred
#10       02-create    7/target   click   moved-path   0.25   refuse   undecidable  -      deferred
#11       02-create    8/target   click   punctuation  0.91   pass     correct      yes    healed
#12       03-open      1/target   click   synonym      -      -        undecidable  -      chain-not-dead
#13       03-open      2/target   type    synonym      -      -        undecidable  -      chain-not-dead
#14       03-open      3/target   click   punctuation  -      -        undecidable  -      chain-not-dead
#15       03-open      4/target   click   synonym      -      -        undecidable  -      chain-not-dead
#16       03-open      5/target   click   moved-path   -      -        undecidable  -      chain-not-dead
#17       03-open      6/target   press   moved-path   -      -        undecidable  -      chain-not-dead
#18       03-open      7/target   fill    moved-path   -      -        undecidable  -      chain-not-dead
#19       03-open      8/target   click   synonym      -      -        undecidable  -      chain-not-dead
#20       03-open      9/target   read    moved-path   -      -        undecidable  -      chain-not-dead
#21       03-open      10/target  read    moved-path   -      -        undecidable  -      chain-not-dead
#22       03-open      11/target  read    moved-path   -      -        undecidable  -      chain-not-dead
#23       03-open      12/target  read    moved-path   -      -        undecidable  -      chain-not-dead
#24       04-open      1/target   click   punctuation  0.75   pass     correct      yes    healed
#25       04-open      2/target   fill    moved-path   0.87   refuse   undecidable  -      deferred
#26       04-open      3/target   click   synonym      0.72   pass     correct      yes    healed
#27       04-open      4/target   read    moved-path   0.40   pass     undecidable  yes    healed
#28       04-open      5/target   read    moved-path   0.58   pass     undecidable  yes    healed
#29       04-open      6/target   read    moved-path   0.87   refuse   undecidable  -      deferred
#30       05-open      1/target   click   synonym      0.83   pass     correct      yes    healed
#31       05-open      2/target   read    moved-path   -      -        undecidable  -      chain-not-dead
#32       05-open      3/target   read    punctuation  0.91   pass     correct      yes    healed
#33       05-open      4/target   read    moved-path   -      -        undecidable  -      chain-not-dead
#34       06-open      1/target   click   synonym      -      -        undecidable  -      no-ballot
#35       06-open      3/target   click   synonym      -      -        undecidable  -      no-ballot
#36       06-open      4/target   click   synonym      -      -        undecidable  -      no-ballot
#37       06-open      5/target   click   synonym      -      -        undecidable  -      no-ballot
#38       06-open      6/target   click   synonym      -      -        undecidable  -      no-ballot
#39       06-open      7/target   click   synonym      -      -        undecidable  -      no-ballot
#40       06-open      8/target   click   synonym      -      -        undecidable  -      no-ballot
#41       06-open      10/target  click   synonym      -      -        undecidable  -      no-ballot
#42       06-open      13/target  click   synonym      -      -        undecidable  -      no-ballot
#43       06-open      14/target  click   synonym      -      -        undecidable  -      no-ballot
#44       06-open      15/target  click   synonym      -      -        undecidable  -      no-ballot
#45       06-open      16/target  click   synonym      -      -        undecidable  -      no-ballot
#46       06-open      18/target  click   synonym      -      -        undecidable  -      no-ballot
#47       06-open      19/target  read    punctuation  -      -        undecidable  -      no-ballot
#48       06-open      20/target  read    moved-path   -      -        undecidable  -      no-ballot
#49       07-open      1/target   read    punctuation  -      -        undecidable  -      no-ballot
#50       07-open      2/target   read    moved-path   -      -        undecidable  -      no-ballot
#51       08-open      1/target   click   synonym      -      -        undecidable  -      no-ballot
#52       08-open      2/target   click   synonym      -      -        undecidable  -      no-ballot
#53       08-open      3/target   click   synonym      -      -        undecidable  -      no-ballot
#54       08-open      5/target   click   synonym      -      -        undecidable  -      no-ballot
#55       08-open      6/target   click   synonym      -      -        undecidable  -      no-ballot
#56       08-open      7/target   click   synonym      -      -        undecidable  -      no-ballot
#57       08-open      8/target   read    punctuation  -      -        undecidable  -      no-ballot
#58       08-open      9/target   read    moved-path   -      -        undecidable  -      no-ballot
#59       09-change    1/target   read    punctuation  -      -        undecidable  -      no-ballot
#60       09-change    2/target   read    moved-path   -      -        undecidable  -      no-ballot
#61       09-change    3/target   read    moved-path   -      -        undecidable  -      no-ballot

cases run 61; dead chains 47; asked 19
  correct 8   wrong 0   undecidable 11
  deferred by a guard 7 (orders disagreed 4, none 2, gone-veto 0, code guard 1)
  chains the perturbation did not kill 14; empty ballots 28; unattributable 0
  model turns spent across every case: 0 (recovery disabled)

reliability (every asked case, deferred ones included — that is why the gate is 0):
bucket       n     correct  wrong  undec  accuracy
0.00–0.50    0     0        0      8      -
0.50–0.60    0     0        0      1      -
0.60–0.70    0     0        0      0      -
0.70–0.80    2     2        0      0      100%
0.80–0.90    1     1        0      2      100%
0.90–1.00    5     5        0      0      100%

what each gate would do (a case is accepted only if every code guard passed too):
gate   accepted  correct  wrong  undec  share of dead chains healed
0.50   9         8        0      1      19%
0.60   8         8        0      0      17%
0.70   8         8        0      0      17%
0.80   6         6        0      0      13%
0.90   5         5        0      0      11%

picks a guard refused, with the confidence the chooser itself had (the gate never sees this number):
case     guard                          fwd conf  reversed   would have been
#4       the two option orders disagreed 0.46      none       undecidable
#6       the two option orders disagreed 0.34      none       undecidable
#8       the two option orders disagreed 0.26      e9         undecidable
#9       the two option orders disagreed 0.52      e16        undecidable
#10      page.getByRole('button', { name: 'Save manually', exact: true }) matched 0 element(s) 0.25      e9         undecidable
#25      none of these                  0.87      none       undecidable
#29      none of these                  0.87      none       undecidable

by transform family:
key              cases  asked  correct  wrong  undec  median conf
synonym          28     5      5        0      0      0.90
moved-path       25     11     0        0      11     0.26
punctuation      8      3      3        0      0      0.91

by tool:
key              cases  asked  correct  wrong  undec  median conf
click            36     12     5        0      7      0.26
read             19     4      1        0      3      0.72
fill             4      3      2        0      1      0.90
type             1      0      0        0      0      -
press            1      0      0        0      0      -

by perturbation mode:
key              cases  asked  correct  wrong  undec  median conf
rename           61     19     8        0      11     0.72

by flow step:
key              cases  asked  correct  wrong  undec  median conf
06-open          15     0      0        0      0      -
03-open          12     0      0        0      0      -
02-create        8      8      1        0      7      0.13
08-open          8      0      0        0      0      -
04-open          6      6      2        0      4      0.73
05-open          4      2      2        0      0      0.87
01-signin        3      3      3        0      0      0.96
09-change        3      0      0        0      0      -
07-open          2      0      0        0      0      -

RECOMMENDED GATE: 0.50 — lowest gate with no false accepts; 8 correct accept(s) support it, healing 19% of dead chains (9 accepted, 1 of them undecidable).
Current gate in decide.ts GATES['replay.heal'] was set at n=4. This run adds n=8 decided case(s).

wrote /home/user/sitelooper/bench/results/jvod1-drift-store.json
