 ✓ test/execution-parity.test.ts > execution parity (daemon replay vs emitted artifact) > disclosure toggles > both runners skip a toggle whose panel already shows, and leave it shown 3102ms
 ✓ test/execution-parity.test.ts > execution parity (daemon replay vs emitted artifact) > disclosure toggles > both runners click a toggle whose panel is hidden, once 3642ms
 ✓ test/execution-parity.test.ts > execution parity (daemon replay vs emitted artifact) > disclosure toggles > without the flag, both runners click a shown panel shut and stop on its missing effect 8513ms
 ✓ test/execution-parity.test.ts > execution parity (daemon replay vs emitted artifact) > a stored [role=…] scope on a native element (fwrd82) > both runners resolve an old store’s `[role=dialog] >> …` inside a native <dialog> 4012ms
 ✓ test/execution-parity.test.ts > execution parity (daemon replay vs emitted artifact) > a text read of an element that renders no text (fwgt5) > both runners publish an image-only link’s name, not "" 2809ms
stdout | test/execution-parity.test.ts > execution parity (daemon replay vs emitted artifact) > framed reads > both runners publish only the span at a contained read-back’s frame, and skip one whose frame is gone
[sitelooper skip] 01-clear s_parity/3 target: read errored (the element no longer shows the value where the recording saw it ("{{=}} Bench Task")) — value left empty

 ✓ test/execution-parity.test.ts > execution parity (daemon replay vs emitted artifact) > framed reads > both runners publish only the span at a contained read-back’s frame, and skip one whose frame is gone 4169ms
 ✓ test/execution-parity.test.ts > execution parity (daemon replay vs emitted artifact) > a minted key that arrived with others is no creation (fwod78 01-open) > both runners start a procedure whose q.action mint was not sole on a page already carrying action 10214ms
 ✓ test/execution-parity.test.ts > execution parity (daemon replay vs emitted artifact) > a minted key that arrived with others is no creation (fwod78 01-open) > both runners still refuse it as past its start when the mint was sole 2026ms
 ✓ test/execution-parity.test.ts > execution parity (daemon replay vs emitted artifact) > a set value the save never showed (round 51, fwrd84 05-edit) > both runners stop a save that never showed the cost the procedure set, and pass one that did 23070ms
 ✓ test/execution-parity.test.ts > execution parity (daemon replay vs emitted artifact) > a pick recorded as committing the highlight replays as a pick by name (round 62, fwsi13 03-create) > both runners pick the named option (the recorded target, a hidden native select, picks nothing) 9011ms
 ✓ test/execution-parity.test.ts > execution parity (daemon replay vs emitted artifact) > a pre-filled field cleared and restored around a failed save compiles away on the journal's proof (round 62, fwsi13 03-create) > both runners save the tag the app pre-filled (the recording cleared it and saved its literal) 8475ms
 ✓ test/execution-parity.test.ts > execution parity (daemon replay vs emitted artifact) > a navigation whose landing raised the alert the recording saw goes on (round 63, fwsi14 03-open) > both runners take the landing's recorded alert as expected and save 4892ms
stdout | test/execution-parity.test.ts > execution parity (daemon replay vs emitted artifact) > a picker click whose target went with the picker its entry opened (round 59, fwsi10 03-create) > both runners click the day when the picker shows, and skip it when the picker is shut
[sitelooper warn] step 01-clear s_parity/2: none of the 4 expected page change(s) appeared in the step diff (found on the page instead)

stdout | test/execution-parity.test.ts > execution parity (daemon replay vs emitted artifact) > a picker click whose target went with the picker its entry opened (round 59, fwsi10 03-create) > both runners click the day when the picker shows, and skip it when the picker is shut
[sitelooper skip] 01-clear s_parity/3: its target is gone with what this click removes, and none of that is on the page — skipped as already in effect

 ✓ test/execution-parity.test.ts > execution parity (daemon replay vs emitted artifact) > a picker click whose target went with the picker its entry opened (round 59, fwsi10 03-create) > both runners click the day when the picker shows, and skip it when the picker is shut 21397ms
stdout | test/execution-parity.test.ts > execution parity (daemon replay vs emitted artifact) > a click whose whole recorded effect was a removal (round 56, fwvk8 02-create) > both runners skip the hide when it is in effect, click it when not, and stop when the click leaves the lines
[sitelooper skip] 01-clear s_parity/2: what this click removes is not on the page — click skipped

 ✓ test/execution-parity.test.ts > execution parity (daemon replay vs emitted artifact) > a click whose whole recorded effect was a removal (round 56, fwvk8 02-create) > both runners skip the hide when it is in effect, click it when not, and stop when the click leaves the lines 17523ms
 ✓ test/execution-parity.test.ts > execution parity (daemon replay vs emitted artifact) > a click whose whole recorded effect was a removal (round 56, fwvk8 02-create) > a Save whose only recorded effect was its form closing is a write: clicked when open, a stop when the form is not there 10120ms
stdout | test/execution-parity.test.ts > execution parity (daemon replay vs emitted artifact) > a click the app ignored once (round 57, fwgh12 03-publish) > both runners press again after a press that changed nothing, and stop when that does nothing either
[sitelooper warn] 01-clear s_parity/2: the first press changed nothing — pressed again, as the recording had to

stdout | test/execution-parity.test.ts > execution parity (daemon replay vs emitted artifact) > a click the app ignored once (round 57, fwgh12 03-publish) > both runners press again after a press that changed nothing, and stop when that does nothing either
[sitelooper warn] 01-clear s_parity/2: the first press changed nothing — pressed again, as the recording had to

 ✓ test/execution-parity.test.ts > execution parity (daemon replay vs emitted artifact) > a click the app ignored once (round 57, fwgh12 03-publish) > both runners press again after a press that changed nothing, and stop when that does nothing either 20173ms
 ✓ test/execution-parity.test.ts > execution parity (daemon replay vs emitted artifact) > list reads split per element (fwop7 02-open) > both runners publish each value a read_all was the one-to-one source of 3372ms
stdout | test/execution-parity.test.ts > execution parity (daemon replay vs emitted artifact) > echo is what an acted-on control still shows; the title is read as the title (fwec11) > both runners publish the display name as observed, and keep the picker, its live summary and the textbox as echoes
[sitelooper warn] 01-clear s_parity/9: read 'time_range' returned a value the skill itself set/selected ('Last 6 hours') — confirms the control, not persistence; dropped from the report's confident values

stdout | test/execution-parity.test.ts > execution parity (daemon replay vs emitted artifact) > echo is what an acted-on control still shows; the title is read as the title (fwec11) > both runners publish the display name as observed, and keep the picker, its live summary and the textbox as echoes
[sitelooper warn] 01-clear s_parity/10: read 'summary_range' returned a value the skill itself set/selected ('Last 6 hours') — confirms the control, not persistence; dropped from the report's confident values

stdout | test/execution-parity.test.ts > execution parity (daemon replay vs emitted artifact) > echo is what an acted-on control still shows; the title is read as the title (fwec11) > both runners publish the display name as observed, and keep the picker, its live summary and the textbox as echoes
[sitelooper warn] 01-clear s_parity/12: read 'custom_excerpt' returned a value the skill itself set/selected ('Bench excerpt for this run') — confirms the control, not persistence; dropped from the report's confident values

 ✓ test/execution-parity.test.ts > execution parity (daemon replay vs emitted artifact) > echo is what an acted-on control still shows; the title is read as the title (fwec11) > both runners publish the display name as observed, and keep the picker, its live summary and the textbox as echoes 29506ms
stdout | test/execution-parity.test.ts > execution parity (daemon replay vs emitted artifact) > echo is what an acted-on control still shows; the title is read as the title (fwec11) > both runners keep a re-rendered field, a combobox display and a live preview as echoes, and observe a saved row
[sitelooper warn] 01-clear s_parity/4: read 'title_value' returned a value the skill itself set/selected ('Bench title text') — confirms the control, not persistence; dropped from the report's confident values

stdout | test/execution-parity.test.ts > execution parity (daemon replay vs emitted artifact) > echo is what an acted-on control still shows; the title is read as the title (fwec11) > both runners keep a re-rendered field, a combobox display and a live preview as echoes, and observe a saved row
[sitelooper warn] 01-clear s_parity/7: read 'chosen' returned a value the skill itself set/selected ('banana split') — confirms the control, not persistence; dropped from the report's confident values

stdout | test/execution-parity.test.ts > execution parity (daemon replay vs emitted artifact) > echo is what an acted-on control still shows; the title is read as the title (fwec11) > both runners keep a re-rendered field, a combobox display and a live preview as echoes, and observe a saved row
[sitelooper warn] 01-clear s_parity/9: read 'preview' returned a value the skill itself set/selected ('preview text here') — confirms the control, not persistence; dropped from the report's confident values

 ✓ test/execution-parity.test.ts > execution parity (daemon replay vs emitted artifact) > echo is what an acted-on control still shows; the title is read as the title (fwec11) > both runners keep a re-rendered field, a combobox display and a live preview as echoes, and observe a saved row 13780ms
stdout | test/execution-parity.test.ts > execution parity (daemon replay vs emitted artifact) > echo is what an acted-on control still shows; the title is read as the title (fwec11) > both runners read the live document title, not the recording’s
[sitelooper warn] 01-clear s_parity/9: read 'time_range' returned a value the skill itself set/selected ('Last 6 hours') — confirms the control, not persistence; dropped from the report's confident values

stdout | test/execution-parity.test.ts > execution parity (daemon replay vs emitted artifact) > echo is what an acted-on control still shows; the title is read as the title (fwec11) > both runners read the live document title, not the recording’s
[sitelooper warn] 01-clear s_parity/10: read 'summary_range' returned a value the skill itself set/selected ('Last 6 hours') — confirms the control, not persistence; dropped from the report's confident values

stdout | test/execution-parity.test.ts > execution parity (daemon replay vs emitted artifact) > echo is what an acted-on control still shows; the title is read as the title (fwec11) > both runners read the live document title, not the recording’s
[sitelooper warn] 01-clear s_parity/12: read 'custom_excerpt' returned a value the skill itself set/selected ('Bench excerpt for this run') — confirms the control, not persistence; dropped from the report's confident values

 ✓ test/execution-parity.test.ts > execution parity (daemon replay vs emitted artifact) > echo is what an acted-on control still shows; the title is read as the title (fwec11) > both runners read the live document title, not the recording’s 29149ms
 ✓ test/execution-parity.test.ts > execution parity (daemon replay vs emitted artifact) > echo is what an acted-on control still shows; the title is read as the title (fwec11) > records a reported value equal to the document title as a title read, not a pin on text that contains it 600ms
stdout | test/execution-parity.test.ts > execution parity (daemon replay vs emitted artifact) > what a run typed is not what it observed (phase B provenance, stage 1) > hole 1: neither runner reports a typed value nothing committed; both report the one a Save showed in a row
[sitelooper warn] 01-clear: report value entered_title is only what this run typed: no click's own diff showed it outside its control and no read returned it — withheld from the report (still given to a later step)

 ✓ test/execution-parity.test.ts > execution parity (daemon replay vs emitted artifact) > what a run typed is not what it observed (phase B provenance, stage 1) > hole 1: neither runner reports a typed value nothing committed; both report the one a Save showed in a row 5761ms
stdout | test/execution-parity.test.ts > execution parity (daemon replay vs emitted artifact) > what a run typed is not what it observed (phase B provenance, stage 1) > hole 2: both runners call a short value read back from its own input an echo, and observe it in the row a Save made
[sitelooper warn] 01-clear s_parity/3: read 'cost_input' returned a value the skill itself set/selected ('150') — confirms the control, not persistence; dropped from the report's confident values

 ✓ test/execution-parity.test.ts > execution parity (daemon replay vs emitted artifact) > what a run typed is not what it observed (phase B provenance, stage 1) > hole 2: both runners call a short value read back from its own input an echo, and observe it in the row a Save made 5491ms
stdout | test/execution-parity.test.ts > execution parity (daemon replay vs emitted artifact) > what a run typed is not what it observed (phase B provenance, stage 1) > hole 3: a Save whose recorded line this run's diff never added commits nothing; both runners keep the live heading an echo
[sitelooper warn] step 01-clear s_parity/3: none of the 1 expected page change(s) appeared in the step diff (found on the page instead)

stdout | test/execution-parity.test.ts > execution parity (daemon replay vs emitted artifact) > what a run typed is not what it observed (phase B provenance, stage 1) > hole 3: a Save whose recorded line this run's diff never added commits nothing; both runners keep the live heading an echo
[sitelooper warn] 01-clear s_parity/4: read 'note_shown' returned a value the skill itself set/selected ('Draft note text') — confirms the control, not persistence; dropped from the report's confident values

 ✓ test/execution-parity.test.ts > execution parity (daemon replay vs emitted artifact) > what a run typed is not what it observed (phase B provenance, stage 1) > hole 3: a Save whose recorded line this run's diff never added commits nothing; both runners keep the live heading an echo 6437ms
stdout | test/execution-parity.test.ts > execution parity (daemon replay vs emitted artifact) > what a run typed is not what it observed (phase B provenance, stage 1) > hole 3: a query string a debounced search box rewrote commits nothing; both runners keep its mirror an echo
[sitelooper warn] 01-clear s_parity/4: read 'query_shown' returned a value the skill itself set/selected ('Bench query text') — confirms the control, not persistence; dropped from the report's confident values

 ✓ test/execution-parity.test.ts > execution parity (daemon replay vs emitted artifact) > what a run typed is not what it observed (phase B provenance, stage 1) > hole 3: a query string a debounced search box rewrote commits nothing; both runners keep its mirror an echo 4802ms
stdout | test/execution-parity.test.ts > execution parity (daemon replay vs emitted artifact) > what a run typed is not what it observed (phase B provenance, stage 1) > hole 4: the artifact marks a consumed key's reference-only value, so its findings are the daemon's report
[sitelooper warn] 01-clear: report value entered_title is only what this run typed: no click's own diff showed it outside its control and no read returned it — withheld from the report (still given to a later step)

 ✓ test/execution-parity.test.ts > execution parity (daemon replay vs emitted artifact) > what a run typed is not what it observed (phase B provenance, stage 1) > hole 4: the artifact marks a consumed key's reference-only value, so its findings are the daemon's report 6653ms
stdout | test/execution-parity.test.ts > execution parity (daemon replay vs emitted artifact) > element before text: a control the chain set shows its value, not the app’s (round 61, fwec13) > both runners withhold a reformatted or defaulted value read at the control the step set, and observe it in the saved row
[sitelooper warn] 01-clear s_parity/4: read 'amount_typed_value' returned '12,500' from a control this step set, and nothing committed it since — it shows the control, however the app formats it, not what the app stored; dropped from the report's confident values

stdout | test/execution-parity.test.ts > execution parity (daemon replay vs emitted artifact) > element before text: a control the chain set shows its value, not the app’s (round 61, fwec13) > both runners withhold a reformatted or defaulted value read at the control the step set, and observe it in the saved row
[sitelooper warn] 01-clear s_parity/7: read 'close_date_after_toggle' returned '2018-01-16' from a control this step set, and nothing committed it since — it shows the control, however the app formats it, not what the app stored; dropped from the report's confident values

 ✓ test/execution-parity.test.ts > execution parity (daemon replay vs emitted artifact) > element before text: a control the chain set shows its value, not the app’s (round 61, fwec13) > both runners withhold a reformatted or defaulted value read at the control the step set, and observe it in the saved row 8964ms
stdout | test/execution-parity.test.ts > execution parity (daemon replay vs emitted artifact) > element before text: a control the chain set shows its value, not the app’s (round 61, fwec13) > both runners judge a control an EARLIER segment of the chain set: an echo with nothing committed between
[sitelooper warn] 01-clear s_part1/1: read 'amount_shown' returned '12,500' from a control this step set, and nothing committed it since — it shows the control, however the app formats it, not what the app stored; dropped from the report's confident values

 ✓ test/execution-parity.test.ts > execution parity (daemon replay vs emitted artifact) > element before text: a control the chain set shows its value, not the app’s (round 61, fwec13) > both runners judge a control an EARLIER segment of the chain set: an echo with nothing committed between 5449ms
 ✓ test/execution-parity.test.ts > execution parity (daemon replay vs emitted artifact) > element before text: a control the chain set shows its value, not the app’s (round 61, fwec13) > both runners observe the value a Save stored once the record is reopened in a later segment (odoo fwod86) 6436ms
stdout | test/execution-parity.test.ts > execution parity (daemon replay vs emitted artifact) > a read off its recorded element (round 62, fwgt13 02-create) > both runners skip a positional fallback that lands on a button where the recording read a link
[sitelooper drift] 01-clear s_parity/2 target: primary locator('#assignee-link') missed; used #2 locator('.sidebar > :nth-child(2)') (#1 absent)

stdout | test/execution-parity.test.ts > execution parity (daemon replay vs emitted artifact) > a read off its recorded element (round 62, fwgt13 02-create) > both runners skip a positional fallback that lands on a button where the recording read a link
[sitelooper skip] 01-clear s_parity/2 target: read 'assignee_applied' resolved by a positional fallback to an element that is not a link, the kind the recording read — its value is not published

 ✓ test/execution-parity.test.ts > execution parity (daemon replay vs emitted artifact) > a read off its recorded element (round 62, fwgt13 02-create) > both runners skip a positional fallback that lands on a button where the recording read a link 11052ms
stdout | test/execution-parity.test.ts > execution parity (daemon replay vs emitted artifact) > a read off its recorded element (round 62, fwgt13 02-create) > both runners publish the same fallback where it lands on the link
[sitelooper drift] 01-clear s_parity/2 target: primary locator('#assignee-link') missed; used #2 locator('.sidebar > :nth-child(2)') (#1 absent)

 ✓ test/execution-parity.test.ts > execution parity (daemon replay vs emitted artifact) > a read off its recorded element (round 62, fwgt13 02-create) > both runners publish the same fallback where it lands on the link 11621ms
stdout | test/execution-parity.test.ts > execution parity (daemon replay vs emitted artifact) > a read off its recorded element (round 62, fwgt13 02-create) > replay skips an inline heal onto the 'Add a link' button, as the artifact (which never heals) reads nothing there
[sitelooper skip] 01-clear s_parity/2 target: read target not found — value left empty

 ✓ test/execution-parity.test.ts > execution parity (daemon replay vs emitted artifact) > a read off its recorded element (round 62, fwgt13 02-create) > replay skips an inline heal onto the 'Add a link' button, as the artifact (which never heals) reads nothing there 10044ms
 ✓ test/execution-parity.test.ts > execution parity (daemon replay vs emitted artifact) > a read off its recorded element (round 62, fwgt13 02-create) > replay still publishes an inline heal that names the same kind of element (the link) 4656ms
 ✓ test/execution-parity.test.ts > execution parity (daemon replay vs emitted artifact) > a given url the chain loaded is observed (round 63, fwgh17 04-open) > both runners publish the public url the chain loaded in an earlier segment 4202ms
stdout | test/execution-parity.test.ts > execution parity (daemon replay vs emitted artifact) > a given url the chain loaded is observed (round 63, fwgh17 04-open) > neither runner publishes a given url the chain never loaded (it stays given)
[sitelooper warn] 01-clear: report value public_url is given, not observed: it is built only from the step's own parameters, and neither this run's page nor any of its reads shows it — withheld
[sitelooper warn] 01-clear: PARTIAL — public_url, an output this step was asked to report, is only the step's own parameter and this run never observed it, so public_url went unreported

 ✓ test/execution-parity.test.ts > execution parity (daemon replay vs emitted artifact) > a given url the chain loaded is observed (round 63, fwgh17 04-open) > neither runner publishes a given url the chain never loaded (it stays given) 4432ms
stdout | test/execution-parity.test.ts > execution parity (daemon replay vs emitted artifact) > echo reads > both runners flag a read that echoes the filled value, and only that read
[sitelooper recipe] filled via recipe monaco/set-value (r_f2510e); value verified on the component

stdout | test/execution-parity.test.ts > execution parity (daemon replay vs emitted artifact) > echo reads > both runners flag a read that echoes the filled value, and only that read
[sitelooper warn] 01-clear s_parity/3: read 'shown' returned a value the skill itself set/selected ('echoed notes x61') — confirms the control, not persistence; dropped from the report's confident values

 ✓ test/execution-parity.test.ts > execution parity (daemon replay vs emitted artifact) > echo reads > both runners flag a read that echoes the filled value, and only that read 5060ms
stdout | test/execution-parity.test.ts > execution parity (daemon replay vs emitted artifact) > echo reads > neither runner reports an echo as confident, though the template carries it; both still publish it for references
[sitelooper recipe] filled via recipe monaco/set-value (r_f2510e); value verified on the component

stdout | test/execution-parity.test.ts > execution parity (daemon replay vs emitted artifact) > echo reads > neither runner reports an echo as confident, though the template carries it; both still publish it for references
[sitelooper warn] 01-clear s_parity/3: read 'shown' returned a value the skill itself set/selected ('echoed notes x62') — confirms the control, not persistence; dropped from the report's confident values

 ✓ test/execution-parity.test.ts > execution parity (daemon replay vs emitted artifact) > echo reads > neither runner reports an echo as confident, though the template carries it; both still publish it for references 4784ms
stdout | test/execution-parity.test.ts > execution parity (daemon replay vs emitted artifact) > recovery rungs > both runners reach a gone link’s recorded destination through another link to it, and go on
[sitelooper drift] 01-clear s_parity/2 target: none of 1 recorded locators resolved; clicked another link to the recorded destination (a[href="/record/r7"])

 ✓ test/execution-parity.test.ts > execution parity (daemon replay vs emitted artifact) > recovery rungs > both runners reach a gone link’s recorded destination through another link to it, and go on 12248ms
stdout | test/execution-parity.test.ts > execution parity (daemon replay vs emitted artifact) > recovery rungs > both runners navigate straight to a concrete recorded destination when no link to it is left
[sitelooper drift] 01-clear s_parity/2 target: none of 1 recorded locators resolved; navigated to the step's recorded destination instead (http://127.0.0.1:46471/record/r7)

 ✓ test/execution-parity.test.ts > execution parity (daemon replay vs emitted artifact) > recovery rungs > both runners navigate straight to a concrete recorded destination when no link to it is left 11537ms
 ✓ test/execution-parity.test.ts > execution parity (daemon replay vs emitted artifact) > recovery rungs > neither runner guesses a destination that is not concrete, and both stop before the next mutation 8999ms
stdout | test/execution-parity.test.ts > execution parity (daemon replay vs emitted artifact) > recovery rungs > both runners pass a text wait whose text another recorded candidate already shows, and go on
[sitelooper drift] 01-clear s_parity/2: expect(locator).toContainText(expected) failed; the text was already showing in fallback #2 getByRole('region', { name: /^[\s\p{Co}\p{So}\p{Cf}]*Tickets[\s\p{Co}\p{So}\p{Cf}]*$/u })

 ✓ test/execution-parity.test.ts > execution parity (daemon replay vs emitted artifact) > recovery rungs > both runners pass a text wait whose text another recorded candidate already shows, and go on 7236ms
 ✓ test/execution-parity.test.ts > execution parity (daemon replay vs emitted artifact) > recovery rungs > both runners stop on a text wait no recorded candidate shows, before the next mutation 5494ms
 ✓ test/execution-parity.test.ts > execution parity (daemon replay vs emitted artifact) > a derived value the url never carried > both runners treat the unminted marker as a wildcard in a later url expectation, and go on 5417ms
 ✓ test/execution-parity.test.ts > execution parity (daemon replay vs emitted artifact) > a derived value the url never carried > both runners still stop when the later url is another page shape, before the next mutation 10904ms
 ✓ test/execution-parity.test.ts > execution parity (daemon replay vs emitted artifact) > both runners keep every record a loop body minted, in order 17361ms
 ✓ test/execution-parity.test.ts > execution parity (daemon replay vs emitted artifact) > false successes (notes/ROBUSTNESS.md) > neither runner reports a click on a disabled control as done 28427ms
 ✓ test/execution-parity.test.ts > execution parity (daemon replay vs emitted artifact) > false successes (notes/ROBUSTNESS.md) > both runners click a button that is enabled shortly after load, once 6477ms
 ✓ test/execution-parity.test.ts > execution parity (daemon replay vs emitted artifact) > false successes (notes/ROBUSTNESS.md) > both runners wait for a debounced save beside an open event stream, and save once 4995ms
 ✓ test/execution-parity.test.ts > execution parity (daemon replay vs emitted artifact) > false successes (notes/ROBUSTNESS.md) > neither runner treats a different WORD route as a volatile url segment 19245ms
 ✓ test/execution-parity.test.ts > execution parity (daemon replay vs emitted artifact) > false successes (notes/ROBUSTNESS.md) > neither runner treats a different QUERY value as the same page 20662ms
 ✓ test/execution-parity.test.ts > execution parity (daemon replay vs emitted artifact) > observation dialects (notes/ROBUSTNESS.md finding 4) > both runners judge an untagged (dialect 1) step in dialect 1, and only in dialect 1 21147ms
 ✓ test/execution-parity.test.ts > execution parity (daemon replay vs emitted artifact) > observation dialects (notes/ROBUSTNESS.md finding 4) > both runners see a dialect-2 effect inside an iframe, and stop when it does not appear 14157ms
 ✓ test/execution-parity.test.ts > execution parity (daemon replay vs emitted artifact) > frame and page context (notes/ROBUSTNESS.md finding 5) > both runners press the in-frame Save, not the identical main-page one 14052ms
stdout | test/execution-parity.test.ts > execution parity (daemon replay vs emitted artifact) > frame and page context (notes/ROBUSTNESS.md finding 5) > both runners follow a recorded popup and return to the opener
[sitelooper warn] 01-context s_popup_flow/3: the page could not be captured after the action — whether it raised an alert is unknown, not clear

 ✓ test/execution-parity.test.ts > execution parity (daemon replay vs emitted artifact) > frame and page context (notes/ROBUSTNESS.md finding 5) > both runners follow a recorded popup and return to the opener 6489ms
stdout | test/execution-parity.test.ts > execution parity (daemon replay vs emitted artifact) > frame and page context (notes/ROBUSTNESS.md finding 5) > both runners follow the tab a Ctrl+click opened, which has no opener
[sitelooper warn] 01-context s_ctrl_popup/3: the page could not be captured after the action — whether it raised an alert is unknown, not clear

 ✓ test/execution-parity.test.ts > execution parity (daemon replay vs emitted artifact) > frame and page context (notes/ROBUSTNESS.md finding 5) > both runners follow the tab a Ctrl+click opened, which has no opener 4529ms
stdout | test/execution-parity.test.ts > execution parity (daemon replay vs emitted artifact) > frame and page context (notes/ROBUSTNESS.md finding 5) > both runners follow a popup compile credited from the page index alone
[sitelooper warn] 01-context s_popup_credited/3: the page could not be captured after the action — whether it raised an alert is unknown, not clear

 ✓ test/execution-parity.test.ts > execution parity (daemon replay vs emitted artifact) > frame and page context (notes/ROBUSTNESS.md finding 5) > both runners follow a popup compile credited from the page index alone 7723ms
 ✓ test/execution-parity.test.ts > execution parity (daemon replay vs emitted artifact) > link clicks the recording saw do nothing, replaced by a goto (round 59, fwop13) > both runners replay the goto, not the stranded second click 6041ms
 ✓ test/execution-parity.test.ts > execution parity (daemon replay vs emitted artifact) > step effects > both runners stop on a plain recorded change that neither the diff nor the page shows, before the next mutation 15593ms
 ✓ test/execution-parity.test.ts > execution parity (daemon replay vs emitted artifact) > step effects > both runners pass a click whose query-shaped hash holds the recorded state in another order, with extra keys 6132ms
 ✓ test/execution-parity.test.ts > execution parity (daemon replay vs emitted artifact) > step effects > both runners pass a goto whose query-shaped hash holds the recorded state in another order, with extra keys 4802ms
 ✓ test/execution-parity.test.ts > execution parity (daemon replay vs emitted artifact) > step effects > both runners stop a click whose query-shaped hash disagrees past the soft tolerance, before the next mutation 12390ms
 ✓ test/execution-parity.test.ts > execution parity (daemon replay vs emitted artifact) > step effects > both runners stop a goto whose query-shaped hash disagrees past the soft tolerance, before the next mutation 10419ms
stdout | test/execution-parity.test.ts > execution parity (daemon replay vs emitted artifact) > step effects > both runners skip a toggle whose recorded popup is already showing, and still act inside it
[sitelooper skip] 01-clear s_parity/2: recorded popup already showing — click skipped

 ✓ test/execution-parity.test.ts > execution parity (daemon replay vs emitted artifact) > step effects > both runners skip a toggle whose recorded popup is already showing, and still act inside it 11347ms
stdout | test/execution-parity.test.ts > execution parity (daemon replay vs emitted artifact) > step effects > both runners shut a picker the recording shut before re-opening it, and commit the carried tick (fwgt11)
[sitelooper warn] step 01-clear s_parity/4: none of the 2 expected page change(s) appeared in the step diff (found on the page instead)

 ✓ test/execution-parity.test.ts > execution parity (daemon replay vs emitted artifact) > step effects > both runners shut a picker the recording shut before re-opening it, and commit the carried tick (fwgt11) 15630ms
stdout | test/execution-parity.test.ts > execution parity (daemon replay vs emitted artifact) > step effects > both runners commit bug,priority-high where Escape does not shut the picker and a reload follows, as on fwgt11's replays
[sitelooper warn] step 01-clear s_parity/4: none of the 2 expected page change(s) appeared in the step diff (found on the page instead)

 ✓ test/execution-parity.test.ts > execution parity (daemon replay vs emitted artifact) > step effects > both runners commit bug,priority-high where Escape does not shut the picker and a reload follows, as on fwgt11's replays 13313ms
 ✓ test/execution-parity.test.ts > execution parity (daemon replay vs emitted artifact) > step effects > both runners stop, never skip, when the closing click does not shut the picker 13883ms
stdout | test/execution-parity.test.ts > execution parity (daemon replay vs emitted artifact) > step effects > both runners skip a pick this run already applied, and commit bug,priority-high (fwgt12, rule A)
[sitelooper skip] 01-set s_pick/6: link already applied by this run's own pick and close — click skipped

 ✓ test/execution-parity.test.ts > execution parity (daemon replay vs emitted artifact) > step effects > both runners skip a pick this run already applied, and commit bug,priority-high (fwgt12, rule A) 9684ms
stdout | test/execution-parity.test.ts > execution parity (daemon replay vs emitted artifact) > step effects > control (i): a link of that name on the page from the start is not this run's pick — clicked as today, and the scoped read fails the step
[sitelooper drift] 01-set s_pick/3 target: primary getByRole('link', { name: /^[\s\p{Co}\p{So}\p{Cf}]*bug[\s\p{Co}\p{So}\p{Cf}]*$/u }) missed; used #2 locator('#menu a[data-value="1"]') (#1 ambiguous)

stdout | test/execution-parity.test.ts > execution parity (daemon replay vs emitted artifact) > step effects > control (i): a link of that name on the page from the start is not this run's pick — clicked as today, and the scoped read fails the step
[sitelooper drift] 01-set s_pick/6 target: primary getByRole('link', { name: /^[\s\p{Co}\p{So}\p{Cf}]*bug[\s\p{Co}\p{So}\p{Cf}]*$/u }) missed; used #2 locator('#menu a[data-value="1"]') (#1 ambiguous)

 ✓ test/execution-parity.test.ts > execution parity (daemon replay vs emitted artifact) > step effects > control (i): a link of that name on the page from the start is not this run's pick — clicked as today, and the scoped read fails the step 10721ms
 ✓ test/execution-parity.test.ts > execution parity (daemon replay vs emitted artifact) > step effects > control (ii): an item this run has not applied (unique at replay) is clicked 11974ms
 ✓ test/execution-parity.test.ts > execution parity (daemon replay vs emitted artifact) > step effects > both runners fail, not skip, a read scoped to a value the procedure set that no match shows (fwgt12, rule B) 10384ms
 ✓ test/execution-parity.test.ts > execution parity (daemon replay vs emitted artifact) > step effects > both runners pick the recorded item by name, on the recorded list and on a shifted one (fwgt13) 12279ms
 ✓ test/execution-parity.test.ts > execution parity (daemon replay vs emitted artifact) > step effects > both runners verify a press no click can name by the name it picked, and stop before committing another (fwgt13) 21594ms
 ✓ test/execution-parity.test.ts > execution parity (daemon replay vs emitted artifact) > step effects > both runners stop, not skip, a toggle whose target no longer resolves although its popup is showing 9102ms
 ✓ test/execution-parity.test.ts > execution parity (daemon replay vs emitted artifact) > step effects > both runners still judge a met absence wait by its own url expectation, and stop on a wrong one 16433ms
stdout | test/execution-parity.test.ts > execution parity (daemon replay vs emitted artifact) > step effects > both runners finish past a read of an absent target, leave it empty, and still act after it
[sitelooper skip] 01-clear s_parity/1 target: read target not found — value left empty

 ✓ test/execution-parity.test.ts > execution parity (daemon replay vs emitted artifact) > step effects > both runners finish past a read of an absent target, leave it empty, and still act after it 11293ms
stdout | test/execution-parity.test.ts > execution parity (daemon replay vs emitted artifact) > step effects > both runners fail a read-only procedure that skipped every read it could take
[sitelooper skip] 01-clear s_parity/1 target: read target not found — value left empty

stdout | test/execution-parity.test.ts > execution parity (daemon replay vs emitted artifact) > step effects > both runners fail a read-only procedure that skipped every read it could take
[sitelooper skip] 01-clear s_parity/2 target: read target not found — value left empty

 ✓ test/execution-parity.test.ts > execution parity (daemon replay vs emitted artifact) > step effects > both runners fail a read-only procedure that skipped every read it could take 15687ms
 ✓ test/execution-parity.test.ts > execution parity (daemon replay vs emitted artifact) > step effects > both runners read every match of a read_all, and attribute and count reads alike 3528ms
 ✓ test/execution-parity.test.ts > execution parity (daemon replay vs emitted artifact) > step effects > neither runner reports drift when a positional primary is only ranked behind the name that won 4643ms
 ✓ test/execution-parity.test.ts > execution parity (daemon replay vs emitted artifact) > step effects > neither runner publishes a record for a rejected create whose url part did not change 14390ms
 ✓ test/execution-parity.test.ts > execution parity (daemon replay vs emitted artifact) > derived values across a second redirect > both runners bind the same value off a goto whose destination redirects once more 6878ms
 ✓ test/execution-parity.test.ts > execution parity (daemon replay vs emitted artifact) > derived values across a second redirect > both runners bind the same value off a click whose destination redirects once more 7806ms
 ✓ test/execution-parity.test.ts > execution parity (daemon replay vs emitted artifact) > native controls and the portal combobox > both runners fall back to the recorded option value when the label misses 5742ms
 ✓ test/execution-parity.test.ts > execution parity (daemon replay vs emitted artifact) > native controls and the portal combobox > both runners deliver change to a number input, and the app commits the filled quantity 6042ms
stdout | test/execution-parity.test.ts > execution parity (daemon replay vs emitted artifact) > native controls and the portal combobox > both runners re-read the option a step selected from the control it filled, as an echo that still publishes
[sitelooper warn] 01-clear s_parity/4: read 'fruit' returned a value the skill itself set/selected ('banana x2') — confirms the control, not persistence; dropped from the report's confident values

 ✓ test/execution-parity.test.ts > execution parity (daemon replay vs emitted artifact) > native controls and the portal combobox > both runners re-read the option a step selected from the control it filled, as an echo that still publishes 6747ms
stdout | test/execution-parity.test.ts > execution parity (daemon replay vs emitted artifact) > native controls and the portal combobox > both runners select on a portal-rendered ARIA combobox through the recipe, and the app commits the option
[sitelooper recipe] selected via recipe aria-combobox/select-option (r_1e0f2f); value verified on the component

 ✓ test/execution-parity.test.ts > execution parity (daemon replay vs emitted artifact) > native controls and the portal combobox > both runners select on a portal-rendered ARIA combobox through the recipe, and the app commits the option 5956ms
stdout | test/execution-parity.test.ts > execution parity (daemon replay vs emitted artifact) > loops with a longer body > both runners run every step of a two-step body on every pass, judging the body step's own expectation
[sitelooper warn] step 01-clear s_parity/2: none of the 1 expected page change(s) appeared in the step diff (found on the page instead)

stdout | test/execution-parity.test.ts > execution parity (daemon replay vs emitted artifact) > loops with a longer body > both runners run every step of a two-step body on every pass, judging the body step's own expectation
[sitelooper warn] step 01-clear s_parity/2: none of the 1 expected page change(s) appeared in the step diff (found on the page instead)

 ✓ test/execution-parity.test.ts > execution parity (daemon replay vs emitted artifact) > loops with a longer body > both runners run every step of a two-step body on every pass, judging the body step's own expectation 21289ms
 ✓ test/execution-parity.test.ts > execution parity (daemon replay vs emitted artifact) > loops with a longer body > both runners stop a two-step body on the pass whose own expectation fails 14607ms
stdout | test/execution-parity.test.ts > execution parity (daemon replay vs emitted artifact) > recorded points > both runners resolve a recorded point to the element of the recorded kind under it
[sitelooper drift] 01-clear s_parity/2 target: primary getByRole('button', { name: /^[\s\p{Co}\p{So}\p{Cf}]*Gone[\s\p{Co}\p{So}\p{Cf}]*$/u }) missed; used #2 locator('[data-sitelooper-point="31,90"]') (#1 absent)

 ✓ test/execution-parity.test.ts > execution parity (daemon replay vs emitted artifact) > recorded points > both runners resolve a recorded point to the element of the recorded kind under it 21935ms
stdout | test/execution-parity.test.ts > execution parity (daemon replay vs emitted artifact) > recorded points > both runners refuse a structural guess far from the recorded point, and take it when no point was recorded
[sitelooper drift] 01-clear s_parity/2 target: primary getByRole('button', { name: /^[\s\p{Co}\p{So}\p{Cf}]*Gone[\s\p{Co}\p{So}\p{Cf}]*$/u }) missed; used #3 locator('[data-sitelooper-point="31,90"]') (#1 absent, #2 implausible)

stdout | test/execution-parity.test.ts > execution parity (daemon replay vs emitted artifact) > recorded points > both runners refuse a structural guess far from the recorded point, and take it when no point was recorded
[sitelooper drift] 01-clear s_parity/2 target: primary getByTestId('gone') missed; used #2 locator('#far > button:nth-of-type(1)') (#1 absent)

stdout | test/execution-parity.test.ts > execution parity (daemon replay vs emitted artifact) > recorded points > both runners refuse a structural guess far from the recorded point, and take it when no point was recorded
[sitelooper drift] 01-clear s_parity/2 target: primary getByRole('button', { name: /^[\s\p{Co}\p{So}\p{Cf}]*Gone[\s\p{Co}\p{So}\p{Cf}]*$/u }) missed; used #2 locator('#far > button:nth-of-type(1)') (#1 absent)

 ✓ test/execution-parity.test.ts > execution parity (daemon replay vs emitted artifact) > recorded points > both runners refuse a structural guess far from the recorded point, and take it when no point was recorded 36031ms
 ✓ test/execution-parity.test.ts > execution parity (daemon replay vs emitted artifact) > an unmeasurable fingerprint > both runners fall back to the url alone when the page cannot be fingerprinted in time, and refuse once it can 12836ms
stdout | test/execution-parity.test.ts > execution parity (daemon replay vs emitted artifact) > round 55: one page, one reading > both runners compare a text wait against rendered text, CSS text-transform included (fwop10)
[sitelooper drift] 01-clear s_parity/4: expect(locator).toContainText(expected) failed; the text was already showing in fallback #2 locator('#tab')

 ✓ test/execution-parity.test.ts > execution parity (daemon replay vs emitted artifact) > round 55: one page, one reading > both runners compare a text wait against rendered text, CSS text-transform included (fwop10) 6217ms
 ✓ test/execution-parity.test.ts > execution parity (daemon replay vs emitted artifact) > round 55: one page, one reading > both runners trim a text read, and fill a slotted line with the value normalised (fwkb39) 3496ms
stdout | test/execution-parity.test.ts > execution parity (daemon replay vs emitted artifact) > round 55: one page, one reading > neither runner publishes a read that fell back onto another record than its slot names (fwrd87)
[sitelooper drift] 01-clear s_parity/2 target: primary locator('section > div > table > tbody > tr > td:nth-of-type(1)') missed; used #2 locator('[data-testid="part-row-p18"] td').first() (#1 ambiguous)

stdout | test/execution-parity.test.ts > execution parity (daemon replay vs emitted artifact) > round 55: one page, one reading > neither runner publishes a read that fell back onto another record than its slot names (fwrd87)
[sitelooper skip] 01-clear s_parity/2 target: read errored (the element shows another record than "run-2 RD Part B" — not published) — value left empty

 ✓ test/execution-parity.test.ts > execution parity (daemon replay vs emitted artifact) > round 55: one page, one reading > neither runner publishes a read that fell back onto another record than its slot names (fwrd87) 3447ms
stdout | test/execution-parity.test.ts > execution parity (daemon replay vs emitted artifact) > a count of nothing (round 56, fwrd88) > both runners publish "0" for a count whose scope is on the page and matches nothing
[sitelooper skip] 01-clear s_parity/5 target: read target not found — value left empty

 ✓ test/execution-parity.test.ts > execution parity (daemon replay vs emitted artifact) > a count of nothing (round 56, fwrd88) > both runners publish "0" for a count whose scope is on the page and matches nothing 22783ms
stdout | test/execution-parity.test.ts > execution parity (daemon replay vs emitted artifact) > a count of nothing (round 56, fwrd88) > both runners publish "0" for a count of a selector list whose every member counts across the page (fwgt10)
[sitelooper skip] 01-clear s_parity/4 target: read target not found — value left empty

 ✓ test/execution-parity.test.ts > execution parity (daemon replay vs emitted artifact) > a count of nothing (round 56, fwrd88) > both runners publish "0" for a count of a selector list whose every member counts across the page (fwgt10) 16194ms
stdout | test/execution-parity.test.ts > execution parity (daemon replay vs emitted artifact) > a count of nothing (round 56, fwrd88) > both runners still skip a count whose container never rendered
[sitelooper skip] 01-clear s_parity/4 target: read target not found — value left empty

stdout | test/execution-parity.test.ts > execution parity (daemon replay vs emitted artifact) > a count of nothing (round 56, fwrd88) > both runners still skip a count whose container never rendered
[sitelooper skip] 01-clear s_parity/5 target: read target not found — value left empty

 ✓ test/execution-parity.test.ts > execution parity (daemon replay vs emitted artifact) > a count of nothing (round 56, fwrd88) > both runners still skip a count whose container never rendered 23349ms
stdout | test/execution-parity.test.ts > execution parity (daemon replay vs emitted artifact) > a fill whose document was replaced under its own check (round 56, fwvk8) > both runners refill a fill once when the page replaced its document before the fill was checked
[sitelooper warn] 01-clear s_parity/2: 01-clear s_parity/2: the recorded page change did not appear

01-clear s_parity/2: the recorded page change did not appear

expect(received).toBeNull()

Received: "after step 01-clear s_parity/2 the page did not show \"- textbox \\\"Username\\\": admin\" as it did when recorded — the step ran but probably acted on the wrong element"

Call Log:
- Timeout 5000ms exceeded while waiting on the predicate — the page replaced its document under this fill, so it is repeated once on the rebuilt field

 ✓ test/execution-parity.test.ts > execution parity (daemon replay vs emitted artifact) > a fill whose document was replaced under its own check (round 56, fwvk8) > both runners refill a fill once when the page replaced its document before the fill was checked 19872ms
 ✓ test/execution-parity.test.ts > execution parity (daemon replay vs emitted artifact) > a fill whose document was replaced under its own check (round 56, fwvk8) > both runners still stop a fill whose value the page refused without a reload 14925ms
stdout | test/execution-parity.test.ts > execution parity (daemon replay vs emitted artifact) > a hover under an unbounded default timeout (round 57, fwgr70) > both runners hover a control the app shows only on hover, then open its menu, promptly
[sitelooper step] 01-clear

 ✓ test/execution-parity.test.ts > execution parity (daemon replay vs emitted artifact) > a hover under an unbounded default timeout (round 57, fwgr70) > both runners hover a control the app shows only on hover, then open its menu, promptly 9933ms
stdout | test/execution-parity.test.ts > execution parity (daemon replay vs emitted artifact) > a value typed onto its own restored copy (round 57, fwec10) > both runners save the value once, clearing the restored copy before typing it
[sitelooper warn] 01-clear s_parity/4: 1 field(s) this procedure filled were empty again before this click (the page rebuilt its form, or dropped the value when the field lost focus, after the fills were checked) — refilled once

stdout | test/execution-parity.test.ts > execution parity (daemon replay vs emitted artifact) > a value typed onto its own restored copy (round 57, fwec10) > both runners save the value once, clearing the restored copy before typing it
[sitelooper warn] 01-clear s_parity/5: the field already held the value this type enters (restored after the recording saw it emptied), so it was cleared first rather than typed onto

 ✓ test/execution-parity.test.ts > execution parity (daemon replay vs emitted artifact) > a value typed onto its own restored copy (round 57, fwec10) > both runners save the value once, clearing the restored copy before typing it 10554ms
stdout | test/execution-parity.test.ts > execution parity (daemon replay vs emitted artifact) > a value typed onto its own restored copy (round 57, fwec10) > both runners stop, and save nothing, when the field ends up holding its value twice
[sitelooper warn] 01-clear s_parity/4: 1 field(s) this procedure filled were empty again before this click (the page rebuilt its form, or dropped the value when the field lost focus, after the fills were checked) — refilled once

stdout | test/execution-parity.test.ts > execution parity (daemon replay vs emitted artifact) > a value typed onto its own restored copy (round 57, fwec10) > both runners stop, and save nothing, when the field ends up holding its value twice
[sitelooper warn] 01-clear s_parity/5: the field already held the value this type enters (restored after the recording saw it emptied), so it was cleared first rather than typed onto

 ✓ test/execution-parity.test.ts > execution parity (daemon replay vs emitted artifact) > a value typed onto its own restored copy (round 57, fwec10) > both runners stop, and save nothing, when the field ends up holding its value twice 8438ms
stdout | test/execution-parity.test.ts > execution parity (daemon replay vs emitted artifact) > a field the recording itself left holding its value twice (round 61, fwgr73) > both runners go on past the doubled field when the recording saw it doubled, and warn
[sitelooper warn] 01-clear s_parity/2: the field holds the value it was given twice over ("tagstags" for "tags") — as the recording's own field did after this step, so it is not stopped

 ✓ test/execution-parity.test.ts > execution parity (daemon replay vs emitted artifact) > a field the recording itself left holding its value twice (round 61, fwgr73) > both runners go on past the doubled field when the recording saw it doubled, and warn 5798ms
 ✓ test/execution-parity.test.ts > execution parity (daemon replay vs emitted artifact) > a field the recording itself left holding its value twice (round 61, fwgr73) > both runners still stop, saving nothing, when the recording did not (the fwec10 control) 3487ms
stdout | test/execution-parity.test.ts > execution parity (daemon replay vs emitted artifact) > a click whose identifying rungs all miss (round 61, fwgr73 05-open) > (a) both runners skip the click as already in effect when everything it adds is showing, and save
[sitelooper drift] 01-clear s_parity/2 target: primary getByTestId('edit-btn') missed; used #3 locator('#bar > button:nth-of-type(1)') (#1 absent, #2 absent)

stdout | test/execution-parity.test.ts > execution parity (daemon replay vs emitted artifact) > a click whose identifying rungs all miss (round 61, fwgr73 05-open) > (a) both runners skip the click as already in effect when everything it adds is showing, and save
[sitelooper warn] 01-clear s_parity/2: every identifying locator missed and everything this click was recorded adding is already showing ("- button \"Exit edit\"" and 3 more) — its recorded effect is in place, so it is skipped

 ✓ test/execution-parity.test.ts > execution parity (daemon replay vs emitted artifact) > a click whose identifying rungs all miss (round 61, fwgr73 05-open) > (a) both runners skip the click as already in effect when everything it adds is showing, and save 12420ms
stdout | test/execution-parity.test.ts > execution parity (daemon replay vs emitted artifact) > a click whose identifying rungs all miss (round 61, fwgr73 05-open) > (a) control, (b) refusal: after a fill the click is never skipped, and neither runner clicks a button of another name
[sitelooper drift] 01-clear s_parity/3 target: primary getByTestId('edit-btn') missed; used #3 locator('#bar > button:nth-of-type(1)') (#1 absent, #2 absent)

 ✓ test/execution-parity.test.ts > execution parity (daemon replay vs emitted artifact) > a click whose identifying rungs all miss (round 61, fwgr73 05-open) > (a) control, (b) refusal: after a fill the click is never skipped, and neither runner clicks a button of another name 13226ms
stdout | test/execution-parity.test.ts > execution parity (daemon replay vs emitted artifact) > a click whose identifying rungs all miss (round 61, fwgr73 05-open) > (b) both runners take a positional fallback whose element carries the recorded name
[sitelooper drift] 01-clear s_parity/2 target: primary getByTestId('edit-btn') missed; used #3 locator('#bar > button:nth-of-type(1)') (#1 absent, #2 ambiguous)

 ✓ test/execution-parity.test.ts > execution parity (daemon replay vs emitted artifact) > a click whose identifying rungs all miss (round 61, fwgr73 05-open) > (b) both runners take a positional fallback whose element carries the recorded name 12758ms
 ✓ test/execution-parity.test.ts > execution parity (daemon replay vs emitted artifact) > a recorded change the action showed as it settled (round 60, fwop14) > both runners accept the row the Save showed as it settled, although it was renamed a moment later 7245ms
 ✓ test/execution-parity.test.ts > execution parity (daemon replay vs emitted artifact) > a recorded change the action showed as it settled (round 60, fwop14) > both runners still stop when the row never appears 17092ms
stdout | test/execution-parity.test.ts > execution parity (daemon replay vs emitted artifact) > a recorded row whose name this run’s value takes past the name cap (round 63, fwop17) > both runners find the row whose full name is past the cap
[sitelooper warn] step 01-clear s_parity/3: its recorded page change was found only by its full name, which is longer than the 80 characters a look names an element by

 ✓ test/execution-parity.test.ts > execution parity (daemon replay vs emitted artifact) > a recorded row whose name this run’s value takes past the name cap (round 63, fwop17) > both runners find the row whose full name is past the cap 10850ms
 ✓ test/execution-parity.test.ts > execution parity (daemon replay vs emitted artifact) > a recorded row whose name this run’s value takes past the name cap (round 63, fwop17) > both runners still stop when no such row appears, however long the value 16946ms
stdout | test/execution-parity.test.ts > execution parity (daemon replay vs emitted artifact) > a url part the producing step visited but did not end on (round 60, fwgh14) > both runners publish the id the producer visited, and the consumer acts on it
[sitelooper step] 01-create

stdout | test/execution-parity.test.ts > execution parity (daemon replay vs emitted artifact) > a url part the producing step visited but did not end on (round 60, fwgh14) > both runners publish the id the producer visited, and the consumer acts on it
[sitelooper step] 02-open

 ✓ test/execution-parity.test.ts > execution parity (daemon replay vs emitted artifact) > a url part the producing step visited but did not end on (round 60, fwgh14) > both runners publish the id the producer visited, and the consumer acts on it 9603ms
stdout | test/execution-parity.test.ts > execution parity (daemon replay vs emitted artifact) > a url part the producing step visited but did not end on (round 60, fwgh14) > both runners publish the visited id when the producer ends on another route with a part at that label (round 62, fwvk13)
[sitelooper step] 01-create

stdout | test/execution-parity.test.ts > execution parity (daemon replay vs emitted artifact) > a url part the producing step visited but did not end on (round 60, fwgh14) > both runners publish the visited id when the producer ends on another route with a part at that label (round 62, fwvk13)
[sitelooper step] 02-open

 ✓ test/execution-parity.test.ts > execution parity (daemon replay vs emitted artifact) > a url part the producing step visited but did not end on (round 60, fwgh14) > both runners publish the visited id when the producer ends on another route with a part at that label (round 62, fwvk13) 9236ms
stdout | test/execution-parity.test.ts > execution parity (daemon replay vs emitted artifact) > a url part the producing step visited but did not end on (round 60, fwgh14) > a record the producer backed out of for another is not the one published (control)
[sitelooper step] 01-create

stdout | test/execution-parity.test.ts > execution parity (daemon replay vs emitted artifact) > a url part the producing step visited but did not end on (round 60, fwgh14) > a record the producer backed out of for another is not the one published (control)
[sitelooper step] 02-open

 ✓ test/execution-parity.test.ts > execution parity (daemon replay vs emitted artifact) > a url part the producing step visited but did not end on (round 60, fwgh14) > a record the producer backed out of for another is not the one published (control) 12354ms
 ✓ test/execution-parity.test.ts > execution parity (daemon replay vs emitted artifact) > link clicks the recording saw go nowhere, by its evidence (round 61, fwop15) > both runners replay the goto to the link’s href, with no click that went nowhere and nothing that prepared one 11207ms
stdout | test/execution-parity.test.ts > execution parity (daemon replay vs emitted artifact) > link clicks the recording saw go nowhere, by its evidence (round 61, fwop15) > control: a goto somewhere other than the link’s href keeps the clicks, and both runners stop alike
[sitelooper warn] 01-clear s_parity/2: recorded url http://127.0.0.1:46471/proj2-list is the page the clicked link left (captured before its navigation committed); the click went where the link points, http://127.0.0.1:46471/proj2/bench — accepted

stdout | test/execution-parity.test.ts > execution parity (daemon replay vs emitted artifact) > link clicks the recording saw go nowhere, by its evidence (round 61, fwop15) > control: a goto somewhere other than the link’s href keeps the clicks, and both runners stop alike
[sitelooper drift] 01-clear s_parity/3 target: none of 2 recorded locators resolved; navigated to the step's recorded destination instead (http://127.0.0.1:46471/proj2-list)

 ✓ test/execution-parity.test.ts > execution parity (daemon replay vs emitted artifact) > link clicks the recording saw go nowhere, by its evidence (round 61, fwop15) > control: a goto somewhere other than the link’s href keeps the clicks, and both runners stop alike 15361ms
stdout | test/execution-parity.test.ts > execution parity (daemon replay vs emitted artifact) > link clicks the recording saw go nowhere, by its evidence (round 61, fwop15) > control: a hover whose menu the procedure then used is kept, with the clicks, and both runners agree
[sitelooper warn] 01-clear s_parity/2: recorded url http://127.0.0.1:46471/proj2-list is the page the clicked link left (captured before its navigation committed); the click went where the link points, http://127.0.0.1:46471/proj2/bench — accepted

stdout | test/execution-parity.test.ts > execution parity (daemon replay vs emitted artifact) > link clicks the recording saw go nowhere, by its evidence (round 61, fwop15) > control: a hover whose menu the procedure then used is kept, with the clicks, and both runners agree
[sitelooper drift] 01-clear s_parity/3 target: none of 2 recorded locators resolved; navigated to the step's recorded destination instead (http://127.0.0.1:46471/proj2-list)

stdout | test/execution-parity.test.ts > execution parity (daemon replay vs emitted artifact) > link clicks the recording saw go nowhere, by its evidence (round 61, fwop15) > control: a hover whose menu the procedure then used is kept, with the clicks, and both runners agree
[sitelooper warn] step 01-clear s_parity/6: the recorded dialog "Archive" did not open — conditional UI, treated as absent; steps that name one of its controls will be skipped

 ✓ test/execution-parity.test.ts > execution parity (daemon replay vs emitted artifact) > link clicks the recording saw go nowhere, by its evidence (round 61, fwop15) > control: a hover whose menu the procedure then used is kept, with the clicks, and both runners agree 21805ms
 ✓ test/execution-parity.test.ts > execution parity (daemon replay vs emitted artifact) > a sign-in whose page reloads or clears around the submit (round 62, fwvk13) > both runners sign in once (delay-500) 11124ms
 ✓ test/execution-parity.test.ts > execution parity (daemon replay vs emitted artifact) > a sign-in whose page reloads or clears around the submit (round 62, fwvk13) > both runners sign in once (blur) 10899ms
 ✓ test/execution-parity.test.ts > execution parity (daemon replay vs emitted artifact) > a sign-in whose page reloads or clears around the submit (round 62, fwvk13) > both runners sign in once (clear-500) 9244ms
stdout | test/execution-parity.test.ts > execution parity (daemon replay vs emitted artifact) > a sign-in whose page reloads or clears around the submit (round 62, fwvk13) > both runners sign in once (submit)
[sitelooper warn] 01-clear s_parity/6: after 01-clear s_parity/6 expected url http://127.0.0.1:46471/signed-in but browser is at http://127.0.0.1:46471/reload-login/submit — the page replaced its document under this click and its form is empty again, so it is repeated once after a refill

stdout | test/execution-parity.test.ts > execution parity (daemon replay vs emitted artifact) > a sign-in whose page reloads or clears around the submit (round 62, fwvk13) > both runners sign in once (submit)
[sitelooper warn] 01-clear s_parity/6: 2 field(s) this procedure filled were empty again before this click (the page replaced its document after the fills ran) — refilled once

 ✓ test/execution-parity.test.ts > execution parity (daemon replay vs emitted artifact) > a sign-in whose page reloads or clears around the submit (round 62, fwvk13) > both runners sign in once (submit) 18904ms

 Test Files  1 passed (1)
      Tests  204 passed (204)
   Start at  15:15:18
   Duration  2038.65s (transform 39.81s, setup 0ms, collect 4.96s, tests 2032.36s, environment 0ms, prepare 108ms)

