[drift-store] 69 case(s), mode=rename, gate=0, model recovery DISABLED
[drift-store] home=/home/user/sitelooper/bench/results/jvgr1-home  store=/home/user/sitelooper/bench/results-published/fwgr25-skills  app=http://127.0.0.1:3000/
[drift-store] jvgr1-c01 (1/69) 01-signin step 1 target fill — synonym/rename
[reset] grafana: deleted leftover dashboard "Service Health" (400)
[drift-store]   healed conf=0.96 correct verified (19.2s)
[drift-store] jvgr1-c02 (2/69) 01-signin step 2 target fill — synonym/rename
[reset] grafana: deleted leftover dashboard "Service Health" (400)
[drift-store]   healed conf=0.94 correct verified (19.3s)
[drift-store] jvgr1-c03 (3/69) 01-signin step 3 target click — synonym/rename
[reset] grafana: deleted leftover dashboard "Service Health" (400)
[drift-store]   healed conf=0.99 correct verified (19.0s)
[drift-store] jvgr1-c04 (4/69) 01-signin step 4 target click — synonym/rename
[reset] grafana: deleted leftover dashboard "Service Health" (400)
[drift-store]   healed conf=0.94 correct verified (19.9s)
[drift-store] jvgr1-c05 (5/69) 02-create step 1 target click — synonym/rename
[reset] grafana: deleted leftover dashboard "Service Health" (400)
[drift-store]   no-ballot (17.1s)
[drift-store] jvgr1-c06 (6/69) 02-create step 2 target click — synonym/rename
[reset] grafana: deleted leftover dashboard "Service Health" (400)
[drift-store]   no-ballot (15.8s)
[drift-store] jvgr1-c07 (7/69) 03-edit step 1 target click — synonym/rename
[reset] grafana: deleted leftover dashboard "Service Health" (400)
[drift-store]   no-ballot (17.8s)
[drift-store] jvgr1-c08 (8/69) 03-edit step 2 target click — synonym/rename
[reset] grafana: deleted leftover dashboard "Service Health" (400)
[drift-store]   no-ballot (17.0s)
[drift-store] jvgr1-c09 (9/69) 03-edit step 3 target click — synonym/rename
[reset] grafana: deleted leftover dashboard "Service Health" (400)
[drift-store]   no-ballot (15.2s)
[drift-store] jvgr1-c10 (10/69) 03-edit step 4 target click — synonym/rename
[reset] grafana: deleted leftover dashboard "Service Health" (400)
[drift-store]   no-ballot (16.5s)
[drift-store] jvgr1-c11 (11/69) 03-edit step 5 target fill — synonym/rename
[reset] grafana: deleted leftover dashboard "Service Health" (400)
[drift-store]   no-ballot (17.6s)
[drift-store] jvgr1-c12 (12/69) 03-edit step 7 target click — moved-path/rename
[reset] grafana: deleted leftover dashboard "Service Health" (400)
[drift-store]   no-ballot (15.6s)
[drift-store] jvgr1-c13 (13/69) 03-edit step 8 target fill — synonym/rename
[reset] grafana: deleted leftover dashboard "Service Health" (400)
[drift-store]   no-ballot (15.5s)
[drift-store] jvgr1-c14 (14/69) 03-edit step 9 target fill — synonym/rename
[reset] grafana: deleted leftover dashboard "Service Health" (400)
[drift-store]   no-ballot (16.0s)
[drift-store] jvgr1-c15 (15/69) 03-edit step 10 target click — synonym/rename
[reset] grafana: deleted leftover dashboard "Service Health" (400)
[drift-store]   no-ballot (15.9s)
[drift-store] jvgr1-c16 (16/69) 03-edit step 11 target click — synonym/rename
[reset] grafana: deleted leftover dashboard "Service Health" (400)
[drift-store]   no-ballot (16.7s)
[drift-store] jvgr1-c17 (17/69) 03-edit step 12 target click — synonym/rename
[reset] grafana: deleted leftover dashboard "Service Health" (400)
[drift-store]   no-ballot (16.4s)
[drift-store] jvgr1-c18 (18/69) 03-edit step 13 target click — synonym/rename
[reset] grafana: deleted leftover dashboard "Service Health" (400)
[drift-store]   no-ballot (17.3s)
[drift-store] jvgr1-c19 (19/69) 03-edit step 14 target read — stale-id/rename
[reset] grafana: deleted leftover dashboard "Service Health" (400)
[drift-store]   no-ballot (17.0s)
[drift-store] jvgr1-c20 (20/69) 03-edit step 15 target read — stale-id/rename
[reset] grafana: deleted leftover dashboard "Service Health" (400)
[drift-store]   no-ballot (16.3s)
[drift-store] jvgr1-c21 (21/69) 03-edit step 16 target read — synonym/rename
[reset] grafana: deleted leftover dashboard "Service Health" (400)
[drift-store]   no-ballot (17.5s)
[drift-store] jvgr1-c22 (22/69) 04-add step 2 target click — synonym/rename
[reset] grafana: deleted leftover dashboard "Service Health" (400)
[drift-store]   no-ballot (17.1s)
[drift-store] jvgr1-c23 (23/69) 04-add step 3 target fill — synonym/rename
[reset] grafana: deleted leftover dashboard "Service Health" (400)
[drift-store]   no-ballot (17.8s)
[drift-store] jvgr1-c24 (24/69) 04-add step 4 target press — synonym/rename
[reset] grafana: deleted leftover dashboard "Service Health" (400)
[drift-store]   no-ballot (18.0s)
[drift-store] jvgr1-c25 (25/69) 04-add step 5 target click — synonym/rename
[reset] grafana: deleted leftover dashboard "Service Health" (400)
[drift-store]   no-ballot (16.6s)
[drift-store] jvgr1-c26 (26/69) 04-add step 6 target click — synonym/rename
[reset] grafana: deleted leftover dashboard "Service Health" (400)
[drift-store]   no-ballot (17.4s)
[drift-store] jvgr1-c27 (27/69) 04-add step 7 target fill — synonym/rename
[reset] grafana: deleted leftover dashboard "Service Health" (400)
[drift-store]   no-ballot (16.2s)
[drift-store] jvgr1-c28 (28/69) 04-add step 8 target press — synonym/rename
[reset] grafana: deleted leftover dashboard "Service Health" (400)
[drift-store]   no-ballot (17.5s)
[drift-store] jvgr1-c29 (29/69) 04-add step 9 target click — synonym/rename
[reset] grafana: deleted leftover dashboard "Service Health" (400)
[drift-store]   no-ballot (15.8s)
[drift-store] jvgr1-c30 (30/69) 04-add step 10 target click — synonym/rename
[reset] grafana: deleted leftover dashboard "Service Health" (400)
[drift-store]   no-ballot (16.4s)
[drift-store] jvgr1-c31 (31/69) 04-add step 11 target check — synonym/rename
[reset] grafana: deleted leftover dashboard "Service Health" (400)
[drift-store]   no-ballot (15.6s)
[drift-store] jvgr1-c32 (32/69) 04-add step 12 target click — synonym/rename
[reset] grafana: deleted leftover dashboard "Service Health" (400)
[drift-store]   no-ballot (16.4s)
[drift-store] jvgr1-c33 (33/69) 04-add step 13 target click — synonym/rename
[reset] grafana: deleted leftover dashboard "Service Health" (400)
[drift-store]   no-ballot (15.5s)
[drift-store] jvgr1-c34 (34/69) 04-add step 14 target read — synonym/rename
[reset] grafana: deleted leftover dashboard "Service Health" (400)
[drift-store]   no-ballot (15.1s)
[drift-store] jvgr1-c35 (35/69) 04-add step 15 target read — stale-id/rename
[reset] grafana: deleted leftover dashboard "Service Health" (400)
[drift-store]   no-ballot (16.7s)
[drift-store] jvgr1-c36 (36/69) 04-add step 16 target read — stale-id/rename
[reset] grafana: deleted leftover dashboard "Service Health" (400)
[drift-store]   no-ballot (15.9s)
[drift-store] jvgr1-c37 (37/69) 04-add step 17 target read — stale-id/rename
[reset] grafana: deleted leftover dashboard "Service Health" (400)
[drift-store]   no-ballot (15.5s)
[drift-store] jvgr1-c38 (38/69) 04-add step 18 target read — synonym/rename
[reset] grafana: deleted leftover dashboard "Service Health" (400)
[drift-store]   no-ballot (15.7s)
[drift-store] jvgr1-c39 (39/69) 05-set step 1 target click — synonym/rename
[reset] grafana: deleted leftover dashboard "Service Health" (400)
[drift-store]   no-ballot (15.3s)
[drift-store] jvgr1-c40 (40/69) 05-set step 2 target click — synonym/rename
[reset] grafana: deleted leftover dashboard "Service Health" (400)
[drift-store]   no-ballot (16.2s)
[drift-store] jvgr1-c41 (41/69) 05-set step 3 target click — synonym/rename
[reset] grafana: deleted leftover dashboard "Service Health" (400)
[drift-store]   no-ballot (15.3s)
[drift-store] jvgr1-c42 (42/69) 05-set step 4 target click — synonym/rename
[reset] grafana: deleted leftover dashboard "Service Health" (400)
[drift-store]   no-ballot (16.2s)
[drift-store] jvgr1-c43 (43/69) 05-set step 5 target click — moved-path/rename
[reset] grafana: deleted leftover dashboard "Service Health" (400)
[drift-store]   no-ballot (15.5s)
[drift-store] jvgr1-c44 (44/69) 05-set step 6 target click — synonym/rename
[reset] grafana: deleted leftover dashboard "Service Health" (400)
[drift-store]   no-ballot (15.3s)
[drift-store] jvgr1-c45 (45/69) 05-set step 7 target click — synonym/rename
[reset] grafana: deleted leftover dashboard "Service Health" (400)
[drift-store]   no-ballot (15.2s)
[drift-store] jvgr1-c46 (46/69) 05-set step 8 target click — synonym/rename
[reset] grafana: deleted leftover dashboard "Service Health" (400)
[drift-store]   no-ballot (15.7s)
[drift-store] jvgr1-c47 (47/69) 05-set step 9 target check — synonym/rename
[reset] grafana: deleted leftover dashboard "Service Health" (400)
[drift-store]   no-ballot (15.5s)
[drift-store] jvgr1-c48 (48/69) 05-set step 10 target click — synonym/rename
[reset] grafana: deleted leftover dashboard "Service Health" (400)
[drift-store]   no-ballot (15.5s)
[drift-store] jvgr1-c49 (49/69) 05-set step 11 target click — synonym/rename
[reset] grafana: deleted leftover dashboard "Service Health" (400)
[drift-store]   no-ballot (15.1s)
[drift-store] jvgr1-c50 (50/69) 05-set step 12 target click — synonym/rename
[reset] grafana: deleted leftover dashboard "Service Health" (400)
[drift-store]   no-ballot (15.4s)
[drift-store] jvgr1-c51 (51/69) 05-set step 13 target read — stale-id/rename
[reset] grafana: deleted leftover dashboard "Service Health" (400)
[drift-store]   no-ballot (15.1s)
[drift-store] jvgr1-c52 (52/69) 05-set step 14 target read — stale-id/rename
[reset] grafana: deleted leftover dashboard "Service Health" (400)
[drift-store]   no-ballot (15.9s)
[drift-store] jvgr1-c53 (53/69) 05-set step 15 target read — synonym/rename
[reset] grafana: deleted leftover dashboard "Service Health" (400)
[drift-store]   no-ballot (15.6s)
[drift-store] jvgr1-c54 (54/69) 06-verify step 2 target click — synonym/rename
[reset] grafana: deleted leftover dashboard "Service Health" (400)
[drift-store]   no-ballot (15.5s)
[drift-store] jvgr1-c55 (55/69) 06-verify step 4 target click — synonym/rename
[reset] grafana: deleted leftover dashboard "Service Health" (400)
[drift-store]   no-ballot (16.1s)
[drift-store] jvgr1-c56 (56/69) 06-verify step 5 target click — synonym/rename
[reset] grafana: deleted leftover dashboard "Service Health" (400)
[drift-store]   no-ballot (15.5s)
[drift-store] jvgr1-c57 (57/69) 06-verify step 7 target read — stale-id/rename
[reset] grafana: deleted leftover dashboard "Service Health" (400)
[drift-store]   no-ballot (15.7s)
[drift-store] jvgr1-c58 (58/69) 06-verify step 8 target read — synonym/rename
[reset] grafana: deleted leftover dashboard "Service Health" (400)
[drift-store]   no-ballot (15.4s)
[drift-store] jvgr1-c59 (59/69) 06-verify step 9 target read — stale-id/rename
[reset] grafana: deleted leftover dashboard "Service Health" (400)
[drift-store]   no-ballot (15.4s)
[drift-store] jvgr1-c60 (60/69) 06-verify step 10 target read — synonym/rename
[reset] grafana: deleted leftover dashboard "Service Health" (400)
[drift-store]   no-ballot (15.1s)
[drift-store] jvgr1-c61 (61/69) 07-report step 3 target read — synonym/rename
[reset] grafana: deleted leftover dashboard "Service Health" (400)
[drift-store]   no-ballot (15.9s)
[drift-store] jvgr1-c62 (62/69) 07-report step 4 target read — stale-id/rename
[reset] grafana: deleted leftover dashboard "Service Health" (400)
[drift-store]   no-ballot (15.4s)
[drift-store] jvgr1-c63 (63/69) 07-report step 5 target read — stale-id/rename
[reset] grafana: deleted leftover dashboard "Service Health" (400)
[drift-store]   no-ballot (15.4s)
[drift-store] jvgr1-c64 (64/69) 08-open step 1 target click — synonym/rename
[reset] grafana: deleted leftover dashboard "Service Health" (400)
[drift-store]   no-ballot (15.6s)
[drift-store] jvgr1-c65 (65/69) 08-open step 3 target press — moved-path/rename
[reset] grafana: deleted leftover dashboard "Service Health" (400)
[drift-store]   no-ballot (15.4s)
[drift-store] jvgr1-c66 (66/69) 08-open step 4 target read — stale-id/rename
[reset] grafana: deleted leftover dashboard "Service Health" (400)
[drift-store]   no-ballot (15.6s)
[drift-store] jvgr1-c67 (67/69) 08-open step 5 target read — synonym/rename
[reset] grafana: deleted leftover dashboard "Service Health" (400)
[drift-store]   no-ballot (19.2s)
[drift-store] jvgr1-c68 (68/69) 08-open step 6 target read — punctuation/rename
[reset] grafana: deleted leftover dashboard "Service Health" (400)
[drift-store]   no-ballot (20.3s)
[drift-store] jvgr1-c69 (69/69) 08-open step 7 target click — synonym/rename
[reset] grafana: deleted leftover dashboard "Service Health" (400)
[drift-store]   no-ballot (15.6s)

=== jev-drift-store: fwgr25 on grafana (jvgr1) ===

case      step         tag/key    tool    transform    conf   guards   verdict      verif  outcome
#1        01-signin    1/target   fill    synonym      0.96   pass     correct      yes    healed
#2        01-signin    2/target   fill    synonym      0.94   pass     correct      yes    healed
#3        01-signin    3/target   click   synonym      0.99   pass     correct      yes    healed
#4        01-signin    4/target   click   synonym      0.94   pass     correct      yes    healed
#5        02-create    1/target   click   synonym      -      -        undecidable  -      no-ballot
#6        02-create    2/target   click   synonym      -      -        undecidable  -      no-ballot
#7        03-edit      1/target   click   synonym      -      -        undecidable  -      no-ballot
#8        03-edit      2/target   click   synonym      -      -        undecidable  -      no-ballot
#9        03-edit      3/target   click   synonym      -      -        undecidable  -      no-ballot
#10       03-edit      4/target   click   synonym      -      -        undecidable  -      no-ballot
#11       03-edit      5/target   fill    synonym      -      -        undecidable  -      no-ballot
#12       03-edit      7/target   click   moved-path   -      -        undecidable  -      no-ballot
#13       03-edit      8/target   fill    synonym      -      -        undecidable  -      no-ballot
#14       03-edit      9/target   fill    synonym      -      -        undecidable  -      no-ballot
#15       03-edit      10/target  click   synonym      -      -        undecidable  -      no-ballot
#16       03-edit      11/target  click   synonym      -      -        undecidable  -      no-ballot
#17       03-edit      12/target  click   synonym      -      -        undecidable  -      no-ballot
#18       03-edit      13/target  click   synonym      -      -        undecidable  -      no-ballot
#19       03-edit      14/target  read    stale-id     -      -        undecidable  -      no-ballot
#20       03-edit      15/target  read    stale-id     -      -        undecidable  -      no-ballot
#21       03-edit      16/target  read    synonym      -      -        undecidable  -      no-ballot
#22       04-add       2/target   click   synonym      -      -        undecidable  -      no-ballot
#23       04-add       3/target   fill    synonym      -      -        undecidable  -      no-ballot
#24       04-add       4/target   press   synonym      -      -        undecidable  -      no-ballot
#25       04-add       5/target   click   synonym      -      -        undecidable  -      no-ballot
#26       04-add       6/target   click   synonym      -      -        undecidable  -      no-ballot
#27       04-add       7/target   fill    synonym      -      -        undecidable  -      no-ballot
#28       04-add       8/target   press   synonym      -      -        undecidable  -      no-ballot
#29       04-add       9/target   click   synonym      -      -        undecidable  -      no-ballot
#30       04-add       10/target  click   synonym      -      -        undecidable  -      no-ballot
#31       04-add       11/target  check   synonym      -      -        undecidable  -      no-ballot
#32       04-add       12/target  click   synonym      -      -        undecidable  -      no-ballot
#33       04-add       13/target  click   synonym      -      -        undecidable  -      no-ballot
#34       04-add       14/target  read    synonym      -      -        undecidable  -      no-ballot
#35       04-add       15/target  read    stale-id     -      -        undecidable  -      no-ballot
#36       04-add       16/target  read    stale-id     -      -        undecidable  -      no-ballot
#37       04-add       17/target  read    stale-id     -      -        undecidable  -      no-ballot
#38       04-add       18/target  read    synonym      -      -        undecidable  -      no-ballot
#39       05-set       1/target   click   synonym      -      -        undecidable  -      no-ballot
#40       05-set       2/target   click   synonym      -      -        undecidable  -      no-ballot
#41       05-set       3/target   click   synonym      -      -        undecidable  -      no-ballot
#42       05-set       4/target   click   synonym      -      -        undecidable  -      no-ballot
#43       05-set       5/target   click   moved-path   -      -        undecidable  -      no-ballot
#44       05-set       6/target   click   synonym      -      -        undecidable  -      no-ballot
#45       05-set       7/target   click   synonym      -      -        undecidable  -      no-ballot
#46       05-set       8/target   click   synonym      -      -        undecidable  -      no-ballot
#47       05-set       9/target   check   synonym      -      -        undecidable  -      no-ballot
#48       05-set       10/target  click   synonym      -      -        undecidable  -      no-ballot
#49       05-set       11/target  click   synonym      -      -        undecidable  -      no-ballot
#50       05-set       12/target  click   synonym      -      -        undecidable  -      no-ballot
#51       05-set       13/target  read    stale-id     -      -        undecidable  -      no-ballot
#52       05-set       14/target  read    stale-id     -      -        undecidable  -      no-ballot
#53       05-set       15/target  read    synonym      -      -        undecidable  -      no-ballot
#54       06-verify    2/target   click   synonym      -      -        undecidable  -      no-ballot
#55       06-verify    4/target   click   synonym      -      -        undecidable  -      no-ballot
#56       06-verify    5/target   click   synonym      -      -        undecidable  -      no-ballot
#57       06-verify    7/target   read    stale-id     -      -        undecidable  -      no-ballot
#58       06-verify    8/target   read    synonym      -      -        undecidable  -      no-ballot
#59       06-verify    9/target   read    stale-id     -      -        undecidable  -      no-ballot
#60       06-verify    10/target  read    synonym      -      -        undecidable  -      no-ballot
#61       07-report    3/target   read    synonym      -      -        undecidable  -      no-ballot
#62       07-report    4/target   read    stale-id     -      -        undecidable  -      no-ballot
#63       07-report    5/target   read    stale-id     -      -        undecidable  -      no-ballot
#64       08-open      1/target   click   synonym      -      -        undecidable  -      no-ballot
#65       08-open      3/target   press   moved-path   -      -        undecidable  -      no-ballot
#66       08-open      4/target   read    stale-id     -      -        undecidable  -      no-ballot
#67       08-open      5/target   read    synonym      -      -        undecidable  -      no-ballot
#68       08-open      6/target   read    punctuation  -      -        undecidable  -      no-ballot
#69       08-open      7/target   click   synonym      -      -        undecidable  -      no-ballot

cases run 69; dead chains 69; asked 4
  correct 4   wrong 0   undecidable 0
  deferred by a guard 0 (orders disagreed 0, none 0, gone-veto 0, code guard 0)
  chains the perturbation did not kill 0; empty ballots 65; unattributable 0
  model turns spent across every case: 0 (recovery disabled)

reliability (every asked case, deferred ones included — that is why the gate is 0):
bucket       n     correct  wrong  undec  accuracy
0.00–0.50    0     0        0      0      -
0.50–0.60    0     0        0      0      -
0.60–0.70    0     0        0      0      -
0.70–0.80    0     0        0      0      -
0.80–0.90    0     0        0      0      -
0.90–1.00    4     4        0      0      100%

what each gate would do (a case is accepted only if every code guard passed too):
gate   accepted  correct  wrong  undec  share of dead chains healed
0.50   4         4        0      0      6%
0.60   4         4        0      0      6%
0.70   4         4        0      0      6%
0.80   4         4        0      0      6%
0.90   4         4        0      0      6%

by transform family:
key              cases  asked  correct  wrong  undec  median conf
synonym          53     4      4        0      0      0.95
stale-id         12     0      0        0      0      -
moved-path       3      0      0        0      0      -
punctuation      1      0      0        0      0      -

by tool:
key              cases  asked  correct  wrong  undec  median conf
click            36     2      2        0      0      0.96
read             21     0      0        0      0      -
fill             7      2      2        0      0      0.95
press            3      0      0        0      0      -
check            2      0      0        0      0      -

by perturbation mode:
key              cases  asked  correct  wrong  undec  median conf
rename           69     4      4        0      0      0.95

by flow step:
key              cases  asked  correct  wrong  undec  median conf
04-add           17     0      0        0      0      -
03-edit          15     0      0        0      0      -
05-set           15     0      0        0      0      -
06-verify        7      0      0        0      0      -
08-open          6      0      0        0      0      -
01-signin        4      4      4        0      0      0.95
07-report        3      0      0        0      0      -
02-create        2      0      0        0      0      -

RECOMMENDED GATE: 0.50 — lowest gate with no false accepts; 4 correct accept(s) support it, healing 6% of dead chains (4 accepted, 0 of them undecidable).
Current gate in decide.ts GATES['replay.heal'] was set at n=4. This run adds n=4 decided case(s).

wrote /home/user/sitelooper/bench/results/jvgr1-drift-store.json
