[reset] kanboard: deleted 1 leftover bench task(s)
[fixed] reset kanboard
[fixed] 1/5 OK 22.5s
[fixed] 2/5 OK 14.5s
[fixed] 3/5 OK 62.3s
[fixed] 4/5 OK 53.6s
[fixed] 5/5 OK 20.3s
{
  "runid": "jgkb1g45r3-n1",
  "from": "fwkb5-n1",
  "target": "kanboard",
  "instructions": [
    {
      "n": 1,
      "status": "OK",
      "s": 22.5
    },
    {
      "n": 2,
      "status": "OK",
      "s": 14.5
    },
    {
      "n": 3,
      "status": "OK",
      "s": 62.3
    },
    {
      "n": 4,
      "status": "OK",
      "s": 53.6
    },
    {
      "n": 5,
      "status": "OK",
      "s": 20.3
    }
  ],
  "wallS": 173.3,
  "verify": "  obj 4: PASS — 1 comment(s), 1 carrying the runid |   obj 5: PASS — date_due=2026-12-31, want 2026-12-31 |   obj 6: UNVERIFIABLE — no result file with finalText found"
}
