[reset] kanboard: deleted 1 leftover bench task(s)
[fixed] reset kanboard
[fixed] 1/5 OK 19.6s
[fixed] 2/5 OK 28.6s
[fixed] 3/5 OK 27.2s
[fixed] 4/5 OK 103.8s
[fixed] 5/5 OK 23.7s
{
  "runid": "jgkb1g45r1-n1",
  "from": "fwkb5-n1",
  "target": "kanboard",
  "instructions": [
    {
      "n": 1,
      "status": "OK",
      "s": 19.6
    },
    {
      "n": 2,
      "status": "OK",
      "s": 28.6
    },
    {
      "n": 3,
      "status": "OK",
      "s": 27.2
    },
    {
      "n": 4,
      "status": "OK",
      "s": 103.8
    },
    {
      "n": 5,
      "status": "OK",
      "s": 23.7
    }
  ],
  "wallS": 203.1,
  "verify": "  obj 4: PASS — 1 comment(s), 1 carrying the runid |   obj 5: PASS — date_due=2026-12-31, want 2026-12-31 |   obj 6: UNVERIFIABLE — no result file with finalText found"
}
