[reset] kanboard: deleted 1 leftover bench task(s)
[fixed] reset kanboard
[fixed] 1/5 OK 17.6s
[fixed] 2/5 OK 34.3s
[fixed] 3/5 OK 31.4s
[fixed] 4/5 OK 51.7s
[fixed] 5/5 OK 32.1s
{
  "runid": "jgkb1g60r1-n1",
  "from": "fwkb5-n1",
  "target": "kanboard",
  "instructions": [
    {
      "n": 1,
      "status": "OK",
      "s": 17.6
    },
    {
      "n": 2,
      "status": "OK",
      "s": 34.3
    },
    {
      "n": 3,
      "status": "OK",
      "s": 31.4
    },
    {
      "n": 4,
      "status": "OK",
      "s": 51.7
    },
    {
      "n": 5,
      "status": "OK",
      "s": 32.1
    }
  ],
  "wallS": 167.2,
  "verify": "  obj 4: PASS — 1 comment(s), 1 carrying the runid |   obj 5: PASS — date_due=2026-12-31, want 2026-12-31 |   obj 6: UNVERIFIABLE — no result file with finalText found"
}
