[reset] kanboard: deleted 1 leftover bench task(s)
[fixed] reset kanboard
[fixed] 1/5 OK 19.1s
[fixed] 2/5 OK 19.6s
[fixed] 3/5 OK 31.2s
[fixed] 4/5 OK 36.5s
[fixed] 5/5 OK 20.3s
{
  "runid": "jgkb1g45r2-n1",
  "from": "fwkb5-n1",
  "target": "kanboard",
  "instructions": [
    {
      "n": 1,
      "status": "OK",
      "s": 19.1
    },
    {
      "n": 2,
      "status": "OK",
      "s": 19.6
    },
    {
      "n": 3,
      "status": "OK",
      "s": 31.2
    },
    {
      "n": 4,
      "status": "OK",
      "s": 36.5
    },
    {
      "n": 5,
      "status": "OK",
      "s": 20.3
    }
  ],
  "wallS": 126.9,
  "verify": "  obj 4: PASS — 1 comment(s), 1 carrying the runid |   obj 5: PASS — date_due=2026-12-31, want 2026-12-31 |   obj 6: UNVERIFIABLE — no result file with finalText found"
}
