[reset] kanboard: deleted 1 leftover bench task(s)
[fixed] reset kanboard
[fixed] 1/5 OK 16s
[fixed] 2/5 OK 21.7s
[fixed] 3/5 OK 31.2s
[fixed] 4/5 OK 46.4s
[fixed] 5/5 OK 22.1s
{
  "runid": "jgkb1g60r3-n1",
  "from": "fwkb5-n1",
  "target": "kanboard",
  "instructions": [
    {
      "n": 1,
      "status": "OK",
      "s": 16
    },
    {
      "n": 2,
      "status": "OK",
      "s": 21.7
    },
    {
      "n": 3,
      "status": "OK",
      "s": 31.2
    },
    {
      "n": 4,
      "status": "OK",
      "s": 46.4
    },
    {
      "n": 5,
      "status": "OK",
      "s": 22.1
    }
  ],
  "wallS": 137.6,
  "verify": "  obj 4: PASS — 1 comment(s), 1 carrying the runid |   obj 5: PASS — date_due=2026-12-31, want 2026-12-31 |   obj 6: UNVERIFIABLE — no result file with finalText found"
}
