[drift-store] 58 case(s), mode=rename, gate=0, model recovery DISABLED
[drift-store] home=/home/user/sitelooper/bench/results/jvkb1-home  store=/home/user/sitelooper/bench/results-published/fwkb3-skills  app=http://127.0.0.1:8085/
[drift-store] jvkb1-c01 (1/58) 01-signin step 2 target fill — punctuation/rename
[reset] kanboard: deleted 1 leftover bench task(s)
[drift-store]   healed conf=1.00 correct verified (73.8s)
[drift-store] jvkb1-c02 (2/58) 01-signin step 3 target fill — synonym/rename
[reset] kanboard: deleted 1 leftover bench task(s)
[drift-store]   healed conf=0.99 correct verified (74.0s)
[drift-store] jvkb1-c03 (3/58) 01-signin step 4 target click — synonym/rename
[reset] kanboard: deleted 1 leftover bench task(s)
[drift-store]   healed conf=0.97 correct verified (73.9s)
[drift-store] jvkb1-c04 (4/58) 01-signin step 5 target read — synonym/rename
[reset] kanboard: deleted 1 leftover bench task(s)
[drift-store]   ask-not-attributable (73.7s)
[drift-store] jvkb1-c05 (5/58) 01-signin step 6 target read_all — moved-path/rename
[reset] kanboard: deleted 1 leftover bench task(s)
[drift-store]   deferred conf=0.51 undecidable (74.0s)
[drift-store] jvkb1-c06 (6/58) 01-signin step 7 target click — synonym/rename
[reset] kanboard: deleted 1 leftover bench task(s)
[drift-store]   healed conf=0.97 correct verified (73.9s)
[drift-store] jvkb1-c07 (7/58) 01-signin step 8 target click — stale-id/rename
[reset] kanboard: deleted 1 leftover bench task(s)
[drift-store]   healed conf=0.38 undecidable verified (54.0s)
[drift-store] jvkb1-c08 (8/58) 01-signin step 9 target read — synonym/rename
[reset] kanboard: deleted 1 leftover bench task(s)
[drift-store]   healed conf=0.55 correct verified (74.3s)
[drift-store] jvkb1-c09 (9/58) 01-signin step 10 target read — moved-path/rename
[reset] kanboard: deleted 1 leftover bench task(s)
[drift-store]   deferred conf=0.40 undecidable (74.1s)
[drift-store] jvkb1-c10 (10/58) 02-open step 1 target read_all — moved-path/rename
[reset] kanboard: deleted 1 leftover bench task(s)
[drift-store]   deferred conf=0.72 undecidable (73.9s)
[drift-store] jvkb1-c11 (11/58) 02-open step 2 target click — moved-path/rename
[reset] kanboard: deleted 1 leftover bench task(s)
[drift-store]   ask-not-attributable (70.5s)
[drift-store] jvkb1-c12 (12/58) 02-open step 3 target read_all — moved-path/rename
[reset] kanboard: deleted 1 leftover bench task(s)
[drift-store]   deferred conf=0.51 undecidable (74.3s)
[drift-store] jvkb1-c13 (13/58) 02-open step 4 target read — moved-path/rename
[reset] kanboard: deleted 1 leftover bench task(s)
[drift-store]   deferred conf=0.23 undecidable (73.9s)
[drift-store] jvkb1-c14 (14/58) 02-open step 5 target read — moved-path/rename
[reset] kanboard: deleted 1 leftover bench task(s)
[drift-store]   deferred conf=0.29 undecidable (74.3s)
[drift-store] jvkb1-c15 (15/58) 02-open step 6 target read — moved-path/rename
[reset] kanboard: deleted 1 leftover bench task(s)
[drift-store]   deferred conf=0.31 undecidable (74.1s)
[drift-store] jvkb1-c16 (16/58) 02-open step 7 target read — moved-path/rename
[reset] kanboard: deleted 1 leftover bench task(s)
[drift-store]   deferred conf=0.28 undecidable (73.8s)
[drift-store] jvkb1-c17 (17/58) 02-open step 8 target read — stale-id/rename
[reset] kanboard: deleted 1 leftover bench task(s)
[drift-store]   healed conf=0.67 undecidable verified (74.3s)
[drift-store] jvkb1-c18 (18/58) 02-open step 9 target read — moved-path/rename
[reset] kanboard: deleted 1 leftover bench task(s)
[drift-store]   deferred conf=0.41 undecidable (73.9s)
[drift-store] jvkb1-c19 (19/58) 02-open step 10 target read — moved-path/rename
[reset] kanboard: deleted 1 leftover bench task(s)
[drift-store]   deferred conf=0.26 undecidable (74.3s)
[drift-store] jvkb1-c20 (20/58) 02-open step 11 target read — moved-path/rename
[reset] kanboard: deleted 1 leftover bench task(s)
[drift-store]   deferred conf=0.27 undecidable (74.0s)
[drift-store] jvkb1-c21 (21/58) 02-open step 12 target read — moved-path/rename
[reset] kanboard: deleted 1 leftover bench task(s)
[drift-store]   deferred conf=0.29 undecidable (74.3s)
[drift-store] jvkb1-c22 (22/58) 02-open step 13 target read — moved-path/rename
[reset] kanboard: deleted 1 leftover bench task(s)
[drift-store]   deferred conf=0.30 undecidable (74.0s)
[drift-store] jvkb1-c23 (23/58) 03-create step 1 target click — synonym/rename
[reset] kanboard: deleted 1 leftover bench task(s)
[drift-store]   deferred conf=0.69 undecidable (35.4s)
[drift-store] jvkb1-c24 (24/58) 03-create step 2 target fill — synonym/rename
[reset] kanboard: no leftover bench tasks
[drift-store]   healed conf=0.96 correct verified (74.1s)
[drift-store] jvkb1-c25 (25/58) 03-create step 3 target fill — synonym/rename
[reset] kanboard: deleted 1 leftover bench task(s)
[drift-store]   healed conf=0.96 correct verified (74.3s)
[drift-store] jvkb1-c26 (26/58) 03-create step 4 target click — synonym/rename
[reset] kanboard: deleted 1 leftover bench task(s)
[drift-store]   healed conf=0.93 correct verified (74.0s)
[drift-store] jvkb1-c27 (27/58) 03-create step 5 target read — moved-path/rename
[reset] kanboard: deleted 1 leftover bench task(s)
[drift-store]   deferred conf=0.40 undecidable (74.1s)
[drift-store] jvkb1-c28 (28/58) 03-create step 6 target read — moved-path/rename
[reset] kanboard: deleted 1 leftover bench task(s)
[drift-store]   deferred conf=0.48 undecidable (73.9s)
[drift-store] jvkb1-c29 (29/58) 03-create step 7 target read — moved-path/rename
[reset] kanboard: deleted 1 leftover bench task(s)
[drift-store]   deferred conf=0.50 undecidable (74.0s)
[drift-store] jvkb1-c30 (30/58) 03-create step 8 target read — moved-path/rename
[reset] kanboard: deleted 1 leftover bench task(s)
[drift-store]   deferred conf=0.45 undecidable (74.0s)
[drift-store] jvkb1-c31 (31/58) 04-edit step 1 target click — synonym/rename
[reset] kanboard: deleted 1 leftover bench task(s)
[drift-store]   healed conf=0.53 undecidable verified (74.1s)
[drift-store] jvkb1-c32 (32/58) 04-edit step 2 target click — synonym/rename
[reset] kanboard: deleted 1 leftover bench task(s)
[drift-store]   healed conf=0.70 correct verified (74.1s)
[drift-store] jvkb1-c33 (33/58) 04-edit step 3 target click — synonym/rename
[reset] kanboard: deleted 1 leftover bench task(s)
[drift-store]   healed conf=0.95 correct verified (74.1s)
[drift-store] jvkb1-c34 (34/58) 04-edit step 4 target click — stale-id/rename
[reset] kanboard: deleted 1 leftover bench task(s)
[drift-store]   healed conf=0.49 undecidable verified (74.2s)
[drift-store] jvkb1-c35 (35/58) 04-edit step 7 target read — moved-path/rename
[reset] kanboard: deleted 1 leftover bench task(s)
[drift-store]   ask-not-attributable (71.7s)
[drift-store] jvkb1-c36 (36/58) 04-edit step 8 target read — moved-path/rename
[reset] kanboard: deleted 1 leftover bench task(s)
[drift-store]   healed conf=0.50 undecidable verified (74.0s)
[drift-store] jvkb1-c37 (37/58) 04-edit step 9 target read — synonym/rename
[reset] kanboard: deleted 1 leftover bench task(s)
[drift-store]   deferred conf=0.35 undecidable (74.2s)
[drift-store] jvkb1-c38 (38/58) 05-open step 1 target click — moved-path/rename
[reset] kanboard: deleted 1 leftover bench task(s)
[drift-store]   ask-not-attributable (70.3s)
[drift-store] jvkb1-c39 (39/58) 05-open step 2 target click — synonym/rename
[reset] kanboard: deleted 1 leftover bench task(s)
[drift-store]   healed conf=0.71 correct verified (74.0s)
[drift-store] jvkb1-c40 (40/58) 05-open step 3 target fill — synonym/rename
[reset] kanboard: deleted 1 leftover bench task(s)
[drift-store]   healed conf=0.93 correct verified (74.0s)
[drift-store] jvkb1-c41 (41/58) 05-open step 4 target click — synonym/rename
[reset] kanboard: deleted 1 leftover bench task(s)
[drift-store]   healed conf=0.63 correct verified (74.0s)
[drift-store] jvkb1-c42 (42/58) 05-open step 5 target read — synonym/rename
[reset] kanboard: deleted 1 leftover bench task(s)
[drift-store]   deferred conf=0.41 undecidable (74.2s)
[drift-store] jvkb1-c43 (43/58) 05-open step 6 target read — synonym/rename
[reset] kanboard: deleted 1 leftover bench task(s)
[drift-store]   ask-not-attributable (73.8s)
[drift-store] jvkb1-c44 (44/58) 06-set step 1 target click — synonym/rename
[reset] kanboard: deleted 1 leftover bench task(s)
[drift-store]   ask-not-attributable (70.5s)
[drift-store] jvkb1-c45 (45/58) 06-set step 2 target fill — synonym/rename
[reset] kanboard: deleted 1 leftover bench task(s)
[drift-store]   ask-not-attributable (70.6s)
[drift-store] jvkb1-c46 (46/58) 06-set step 3 target click — synonym/rename
[reset] kanboard: deleted 1 leftover bench task(s)
[drift-store]   ask-not-attributable (70.6s)
[drift-store] jvkb1-c47 (47/58) 06-set step 4 target read — moved-path/rename
[reset] kanboard: deleted 1 leftover bench task(s)
[drift-store]   ask-not-attributable (70.6s)
[drift-store] jvkb1-c48 (48/58) 06-set step 5 target read — synonym/rename
[reset] kanboard: deleted 1 leftover bench task(s)
[drift-store]   ask-not-attributable (70.4s)
[drift-store] jvkb1-c49 (49/58) 07-open step 1 target read — synonym/rename
[reset] kanboard: deleted 1 leftover bench task(s)
[drift-store]   ask-not-attributable (73.8s)
[drift-store] jvkb1-c50 (50/58) 07-open step 2 target read — synonym/rename
[reset] kanboard: deleted 1 leftover bench task(s)
[drift-store]   ask-not-attributable (70.6s)
[drift-store] jvkb1-c51 (51/58) 07-open step 3 target read — synonym/rename
[reset] kanboard: deleted 1 leftover bench task(s)
[drift-store]   healed conf=0.39 undecidable verified (74.2s)
[drift-store] jvkb1-c52 (52/58) 07-open step 4 target read — synonym/rename
[reset] kanboard: deleted 1 leftover bench task(s)
[drift-store]   deferred conf=0.00 undecidable (74.5s)
[drift-store] jvkb1-c53 (53/58) 07-open step 5 target read — synonym/rename
[reset] kanboard: deleted 1 leftover bench task(s)
[drift-store]   deferred conf=0.63 undecidable (74.2s)
[drift-store] jvkb1-c54 (54/58) 07-open step 6 target read — synonym/rename
[reset] kanboard: deleted 1 leftover bench task(s)
[drift-store]   deferred conf=0.67 undecidable (74.2s)
[drift-store] jvkb1-c55 (55/58) 07-open step 7 target read — synonym/rename
[reset] kanboard: deleted 1 leftover bench task(s)
[drift-store]   deferred conf=0.72 undecidable (73.9s)
[drift-store] jvkb1-c56 (56/58) 07-open step 8 target read — moved-path/rename
[reset] kanboard: deleted 1 leftover bench task(s)
[drift-store]   deferred conf=0.73 undecidable (74.3s)
[drift-store] jvkb1-c57 (57/58) 07-open step 9 target read — synonym/rename
[reset] kanboard: deleted 1 leftover bench task(s)
[drift-store]   deferred conf=0.54 undecidable (74.2s)
[drift-store] jvkb1-c58 (58/58) 07-open step 10 target read — moved-path/rename
[reset] kanboard: deleted 1 leftover bench task(s)
[drift-store]   deferred conf=0.70 undecidable (74.0s)

=== jev-drift-store: fwkb3 on kanboard (jvkb1) ===

case      step         tag/key    tool    transform    conf   guards   verdict      verif  outcome
#1        01-signin    2/target   fill    punctuation  1.00   pass     correct      yes    healed
#2        01-signin    3/target   fill    synonym      0.99   pass     correct      yes    healed
#3        01-signin    4/target   click   synonym      0.97   pass     correct      yes    healed
#4        01-signin    5/target   read    synonym      -      -        undecidable  -      ask-not-attributable
#5        01-signin    6/target   read_all moved-path   0.51   refuse   undecidable  -      deferred
#6        01-signin    7/target   click   synonym      0.97   pass     correct      yes    healed
#7        01-signin    8/target   click   stale-id     0.38   pass     undecidable  yes    healed
#8        01-signin    9/target   read    synonym      0.55   pass     correct      yes    healed
#9        01-signin    10/target  read    moved-path   0.40   refuse   undecidable  -      deferred
#10       02-open      1/target   read_all moved-path   0.72   refuse   undecidable  -      deferred
#11       02-open      2/target   click   moved-path   -      -        undecidable  -      ask-not-attributable
#12       02-open      3/target   read_all moved-path   0.51   refuse   undecidable  -      deferred
#13       02-open      4/target   read    moved-path   0.23   refuse   undecidable  -      deferred
#14       02-open      5/target   read    moved-path   0.29   refuse   undecidable  -      deferred
#15       02-open      6/target   read    moved-path   0.31   refuse   undecidable  -      deferred
#16       02-open      7/target   read    moved-path   0.28   refuse   undecidable  -      deferred
#17       02-open      8/target   read    stale-id     0.67   pass     undecidable  yes    healed
#18       02-open      9/target   read    moved-path   0.41   refuse   undecidable  -      deferred
#19       02-open      10/target  read    moved-path   0.26   refuse   undecidable  -      deferred
#20       02-open      11/target  read    moved-path   0.27   refuse   undecidable  -      deferred
#21       02-open      12/target  read    moved-path   0.29   refuse   undecidable  -      deferred
#22       02-open      13/target  read    moved-path   0.30   refuse   undecidable  -      deferred
#23       03-create    1/target   click   synonym      0.69   refuse   undecidable  -      deferred
#24       03-create    2/target   fill    synonym      0.96   pass     correct      yes    healed
#25       03-create    3/target   fill    synonym      0.96   pass     correct      yes    healed
#26       03-create    4/target   click   synonym      0.93   pass     correct      yes    healed
#27       03-create    5/target   read    moved-path   0.40   refuse   undecidable  -      deferred
#28       03-create    6/target   read    moved-path   0.48   refuse   undecidable  -      deferred
#29       03-create    7/target   read    moved-path   0.50   refuse   undecidable  -      deferred
#30       03-create    8/target   read    moved-path   0.45   refuse   undecidable  -      deferred
#31       04-edit      1/target   click   synonym      0.53   pass     undecidable  yes    healed
#32       04-edit      2/target   click   synonym      0.70   pass     correct      yes    healed
#33       04-edit      3/target   click   synonym      0.95   pass     correct      yes    healed
#34       04-edit      4/target   click   stale-id     0.49   pass     undecidable  yes    healed
#35       04-edit      7/target   read    moved-path   -      -        undecidable  -      ask-not-attributable
#36       04-edit      8/target   read    moved-path   0.50   pass     undecidable  yes    healed
#37       04-edit      9/target   read    synonym      0.35   refuse   undecidable  -      deferred
#38       05-open      1/target   click   moved-path   -      -        undecidable  -      ask-not-attributable
#39       05-open      2/target   click   synonym      0.71   pass     correct      yes    healed
#40       05-open      3/target   fill    synonym      0.93   pass     correct      yes    healed
#41       05-open      4/target   click   synonym      0.63   pass     correct      yes    healed
#42       05-open      5/target   read    synonym      0.41   refuse   undecidable  -      deferred
#43       05-open      6/target   read    synonym      -      -        undecidable  -      ask-not-attributable
#44       06-set       1/target   click   synonym      -      -        undecidable  -      ask-not-attributable
#45       06-set       2/target   fill    synonym      -      -        undecidable  -      ask-not-attributable
#46       06-set       3/target   click   synonym      -      -        undecidable  -      ask-not-attributable
#47       06-set       4/target   read    moved-path   -      -        undecidable  -      ask-not-attributable
#48       06-set       5/target   read    synonym      -      -        undecidable  -      ask-not-attributable
#49       07-open      1/target   read    synonym      -      -        undecidable  -      ask-not-attributable
#50       07-open      2/target   read    synonym      -      -        undecidable  -      ask-not-attributable
#51       07-open      3/target   read    synonym      0.39   pass     undecidable  yes    healed
#52       07-open      4/target   read    synonym      0.00   refuse   undecidable  -      deferred
#53       07-open      5/target   read    synonym      0.63   refuse   undecidable  -      deferred
#54       07-open      6/target   read    synonym      0.67   refuse   undecidable  -      deferred
#55       07-open      7/target   read    synonym      0.72   refuse   undecidable  -      deferred
#56       07-open      8/target   read    moved-path   0.73   refuse   undecidable  -      deferred
#57       07-open      9/target   read    synonym      0.54   refuse   undecidable  -      deferred
#58       07-open      10/target  read    moved-path   0.70   refuse   undecidable  -      deferred

cases run 58; dead chains 58; asked 46
  correct 13   wrong 0   undecidable 33
  deferred by a guard 27 (orders disagreed 1, none 26, gone-veto 0, code guard 0)
  chains the perturbation did not kill 0; empty ballots 0; unattributable 12
  model turns spent across every case: 0 (recovery disabled)

reliability (every asked case, deferred ones included — that is why the gate is 0):
bucket       n     correct  wrong  undec  accuracy
0.00–0.50    0     0        0      19     -
0.50–0.60    1     1        0      6      100%
0.60–0.70    1     1        0      4      100%
0.70–0.80    2     2        0      4      100%
0.80–0.90    0     0        0      0      -
0.90–1.00    9     9        0      0      100%

what each gate would do (a case is accepted only if every code guard passed too):
gate   accepted  correct  wrong  undec  share of dead chains healed
0.50   16        13       0      3      28%
0.60   13        12       0      1      22%
0.70   11        11       0      0      19%
0.80   9         9        0      0      16%
0.90   9         9        0      0      16%

picks a guard refused, with the confidence the chooser itself had (the gate never sees this number):
case     guard                          fwd conf  reversed   would have been
#5       none of these                  0.51      none       undecidable
#9       none of these                  0.40      none       undecidable
#10      none of these                  0.72      none       undecidable
#12      none of these                  0.51      none       undecidable
#13      none of these                  0.23      none       undecidable
#14      none of these                  0.29      none       undecidable
#15      none of these                  0.31      none       undecidable
#16      none of these                  0.28      none       undecidable
#18      none of these                  0.41      none       undecidable
#19      none of these                  0.26      none       undecidable
#20      none of these                  0.27      none       undecidable
#21      none of these                  0.29      none       undecidable
#22      none of these                  0.30      none       undecidable
#23      none of these                  0.69      none       undecidable
#27      none of these                  0.40      none       undecidable
#28      none of these                  0.48      none       undecidable
#29      none of these                  0.50      none       undecidable
#30      none of these                  0.45      none       undecidable
#37      none of these                  0.35      none       undecidable
#42      none of these                  0.41      none       undecidable
#52      the two option orders disagreed 0.54      none       undecidable
#53      none of these                  0.63      none       undecidable
#54      none of these                  0.67      none       undecidable
#55      none of these                  0.72      none       undecidable
#56      none of these                  0.73      none       undecidable
#57      none of these                  0.54      none       undecidable
#58      none of these                  0.70      none       undecidable

by transform family:
key              cases  asked  correct  wrong  undec  median conf
synonym          30     22     12       0      10     0.69
moved-path       24     20     0        0      20     0.41
stale-id         3      3      0        0      3      0.49
punctuation      1      1      1        0      0      1.00

by tool:
key              cases  asked  correct  wrong  undec  median conf
read             34     27     1        0      26     0.41
click            15     11     7        0      4      0.70
fill             6      5      5        0      0      0.96
read_all         3      3      0        0      3      0.51

by perturbation mode:
key              cases  asked  correct  wrong  undec  median conf
rename           58     46     13       0      33     0.52

by flow step:
key              cases  asked  correct  wrong  undec  median conf
02-open          13     12     0        0      12     0.29
07-open          10     8      0        0      8      0.65
01-signin        9      8      5        0      3      0.76
03-create        8      8      3        0      5      0.59
04-edit          7      6      2        0      4      0.52
05-open          6      4      3        0      1      0.67
06-set           5      0      0        0      0      -

RECOMMENDED GATE: 0.50 — lowest gate with no false accepts; 13 correct accept(s) support it, healing 28% of dead chains (16 accepted, 3 of them undecidable).
Current gate in decide.ts GATES['replay.heal'] was set at n=4. This run adds n=13 decided case(s).

wrote /home/user/sitelooper/bench/results/jvkb1-drift-store.json
