[reset] kanboard: deleted 1 leftover bench task(s)
[fixed] reset kanboard
[fixed] 1/5 OK 23.7s
[fixed] 2/5 OK 23.1s
[fixed] 3/5 OK 37.4s
[fixed] 4/5 OK 49.3s
[fixed] 5/5 OK 22.8s
{
  "runid": "jekb1on4-n1",
  "from": "fwkb5-n1",
  "target": "kanboard",
  "instructions": [
    {
      "n": 1,
      "status": "OK",
      "s": 23.7
    },
    {
      "n": 2,
      "status": "OK",
      "s": 23.1
    },
    {
      "n": 3,
      "status": "OK",
      "s": 37.4
    },
    {
      "n": 4,
      "status": "OK",
      "s": 49.3
    },
    {
      "n": 5,
      "status": "OK",
      "s": 22.8
    }
  ],
  "wallS": 156.6,
  "verify": "  obj 4: PASS — 1 comment(s), 1 carrying the runid |   obj 5: PASS — date_due=2026-12-31, want 2026-12-31 |   obj 6: UNVERIFIABLE — no result file with finalText found"
}
