[reset] kanboard: deleted 1 leftover bench task(s)
[fixed] reset kanboard
[fixed] 1/5 OK 17.4s
[fixed] 2/5 OK 27.1s
[fixed] 3/5 OK 28.1s
[fixed] 4/5 OK 41.1s
[fixed] 5/5 OK 18.2s
{
  "runid": "jekb1off2-n1",
  "from": "fwkb5-n1",
  "target": "kanboard",
  "instructions": [
    {
      "n": 1,
      "status": "OK",
      "s": 17.4
    },
    {
      "n": 2,
      "status": "OK",
      "s": 27.1
    },
    {
      "n": 3,
      "status": "OK",
      "s": 28.1
    },
    {
      "n": 4,
      "status": "OK",
      "s": 41.1
    },
    {
      "n": 5,
      "status": "OK",
      "s": 18.2
    }
  ],
  "wallS": 132.2,
  "verify": "  obj 4: PASS — 1 comment(s), 1 carrying the runid |   obj 5: PASS — date_due=2026-12-31, want 2026-12-31 |   obj 6: UNVERIFIABLE — no result file with finalText found"
}
