[reset] kanboard: no leftover bench tasks
[fixed] reset kanboard
[fixed] 1/5 OK 19.5s
[fixed] 2/5 OK 37.8s
[fixed] 3/5 OK 22.1s
[fixed] 4/5 OK 44.1s
[fixed] 5/5 OK 10.7s
{
  "runid": "jekb1off1-n1",
  "from": "fwkb5-n1",
  "target": "kanboard",
  "instructions": [
    {
      "n": 1,
      "status": "OK",
      "s": 19.5
    },
    {
      "n": 2,
      "status": "OK",
      "s": 37.8
    },
    {
      "n": 3,
      "status": "OK",
      "s": 22.1
    },
    {
      "n": 4,
      "status": "OK",
      "s": 44.1
    },
    {
      "n": 5,
      "status": "OK",
      "s": 10.7
    }
  ],
  "wallS": 134.5,
  "verify": "  obj 4: PASS — 1 comment(s), 1 carrying the runid |   obj 5: PASS — date_due=2026-12-31, want 2026-12-31 |   obj 6: UNVERIFIABLE — no result file with finalText found"
}
