[reset] kanboard: deleted 1 leftover bench task(s)
[fixed] reset kanboard
[fixed] 1/5 OK 18.8s
[fixed] 2/5 OK 20.1s
[fixed] 3/5 OK 19.7s
[fixed] 4/5 OK 53.6s
[fixed] 5/5 OK 14s
{
  "runid": "jekb1on3-n1",
  "from": "fwkb5-n1",
  "target": "kanboard",
  "instructions": [
    {
      "n": 1,
      "status": "OK",
      "s": 18.8
    },
    {
      "n": 2,
      "status": "OK",
      "s": 20.1
    },
    {
      "n": 3,
      "status": "OK",
      "s": 19.7
    },
    {
      "n": 4,
      "status": "OK",
      "s": 53.6
    },
    {
      "n": 5,
      "status": "OK",
      "s": 14
    }
  ],
  "wallS": 126.3,
  "verify": "  obj 4: PASS — 1 comment(s), 1 carrying the runid |   obj 5: PASS — date_due=2026-12-31, want 2026-12-31 |   obj 6: UNVERIFIABLE — no result file with finalText found"
}
