[reset] kanboard: deleted 1 leftover bench task(s)
[fixed] reset kanboard
[fixed] 1/5 OK 18.1s
[fixed] 2/5 OK 28.5s
[fixed] 3/5 OK 15.9s
[fixed] 4/5 OK 34s
[fixed] 5/5 OK 35.6s
{
  "runid": "jekb1on1-n1",
  "from": "fwkb5-n1",
  "target": "kanboard",
  "instructions": [
    {
      "n": 1,
      "status": "OK",
      "s": 18.1
    },
    {
      "n": 2,
      "status": "OK",
      "s": 28.5
    },
    {
      "n": 3,
      "status": "OK",
      "s": 15.9
    },
    {
      "n": 4,
      "status": "OK",
      "s": 34
    },
    {
      "n": 5,
      "status": "OK",
      "s": 35.6
    }
  ],
  "wallS": 132.3,
  "verify": "  obj 4: PASS — 1 comment(s), 1 carrying the runid |   obj 5: PASS — date_due=2026-12-31, want 2026-12-31 |   obj 6: UNVERIFIABLE — no result file with finalText found"
}
