
[sweep] run 1/3: fwec15-n1 (store: /home/user/sitelooper/bench/results/fwec15-skills)
[harness] espocrm: defaulting APP_URL
[harness] espocrm: defaulting APP_EMAIL
[harness] espocrm: defaulting APP_PASSWORD
[reset] espocrm: no leftover bench opportunities
[harness] espocrm responded 200 at http://127.0.0.1:8097/
stopped: fwec15-n1
  flow "fwec15" saved: 4 step(s), vars runid → /home/user/sitelooper/bench/results/flows/fwec15.json
  warning: note: 01-open no longer publishes total_opportunities, seed_opportunity_rows — no replay reads them from the page and the recording showed no line to read
  warning: note: 03-verify no longer publishes post_author, stream_content — no replay reads them from the page and the recording showed no line to read
  warning: warning: 162 other value(s) the run saw survived unslotted, judged by shape only (usually page copy; non-fatal):
  flow.steps[0].instruction: "admin" (output) in "Open http://127.0.0.1:8097/ and sign in with username admin and password {{env:APP_PASSWORD}} (type the password text exactly as given). After signing in, go to"
  flow.steps[0].params.v2: "admin" (output) in "admin"
  flow.steps[0].route: "http://127.0.0.1:8097/#Opportunity" (output) in "http://127.0.0.1:8097/#Opportunity"
  flow.steps[1].instruction: "Bench Assignee" (output) in "In EspoCRM, create a new Opportunity with the name exactly '{{runid}} Bench Opportunity'. Fill these fields: Account = 'Bench Account' (it is a link field — you"
  flow.steps[1].instruction: "Bench Account" (output) in "In EspoCRM, create a new Opportunity with the name exactly '{{runid}} Bench Opportunity'. Fill these fields: Account = 'Bench Account' (it is a link field — you"
arm=sitelooper model=z-ai/glm-5.3 runid=fwec15-n1 stop=completed
turns=5 wall=282.3s
commands=4 cmdTime=265.5s cmdBytes=6851 timeouts=0
orchestrator in=7424 cw=0 cr=12224 out=1615
inner prompt=1581368 cached=1401984 completion=17099
spend=$0.3004 maxUsd=3
learn: A_n=0 replayed=0/4 full=0 repaired=0 compiled=4 variants=0
-> /home/user/sitelooper/bench/results/fwec15-n1-sitelooper-result.json

fwec15-n1: objectives passed 7/7
  obj 1: PASS — all 3 seed names reported
  obj 2: PASS — id=6ab61e8d672381a49, account=Bench Account, description includes runid=true
  obj 3: PASS — stage=Negotiation
  obj 4: PASS — amount=12500 USD, closeDate=2026-12-31
  obj 5: PASS — assignedUser=Bench Assignee
  obj 6: PASS — 1 post(s), 1 carrying the runid
  obj 7: PASS — record id 6ab61e8d672381a49 reported

[sweep] run 2/3: fwec15-n2 (replay flow fwec15, no orchestrator)
[reset] espocrm: deleted 1 leftover bench opportunit(ies)
[sweep] fwec15-n2: 2 drift ticket(s) → fwec15-n2-drift.json

fwec15-n2: objectives passed 7/7
  obj 1: PASS — all 3 seed names reported
  obj 2: PASS — id=6ab61f025c1acead7, account=Bench Account, description includes runid=true
  obj 3: PASS — stage=Negotiation
  obj 4: PASS — amount=12500 USD, closeDate=2026-12-31
  obj 5: PASS — assignedUser=Bench Assignee
  obj 6: PASS — 1 post(s), 1 carrying the runid
  obj 7: PASS — record id 6ab61f025c1acead7 reported

[sweep] run 3/3: fwec15-n3 (replay flow fwec15, no orchestrator)
[reset] espocrm: deleted 1 leftover bench opportunit(ies)
[sweep] fwec15-n3: 2 drift ticket(s) → fwec15-n3-drift.json

fwec15-n3: objectives passed 7/7
  obj 1: PASS — all 3 seed names reported
  obj 2: PASS — id=6ab61f52341578ed6, account=Bench Account, description includes runid=true
  obj 3: PASS — stage=Negotiation
  obj 4: PASS — amount=12500 USD, closeDate=2026-12-31
  obj 5: PASS — assignedUser=Bench Assignee
  obj 6: PASS — 1 post(s), 1 carrying the runid
  obj 7: PASS — record id 6ab61f52341578ed6 reported

Learning sweep fwec15 (K=3)
┌─────────┬───┬─────────────┬──────────┬─────────────┬───────┬──────┬───────────┬─────┬──────────────┬────────┐
│ (index) │ n │ runid       │ verified │ stop        │ turns │ cmds │ total_usd │ A_n │ replayed     │ wall_s │
├─────────┼───┼─────────────┼──────────┼─────────────┼───────┼──────┼───────────┼─────┼──────────────┼────────┤
│ 0       │ 1 │ 'fwec15-n1' │ '7/7'    │ 'completed' │ 5     │ 4    │ 0.3004    │ 0   │ '0/4'        │ 282    │
│ 1       │ 2 │ 'fwec15-n2' │ '7/7'    │ 'success'   │ 0     │ 4    │ 0         │ 1   │ '4/4 (flow)' │ 72     │
│ 2       │ 3 │ 'fwec15-n3' │ '7/7'    │ 'success'   │ 0     │ 4    │ 0         │ 1   │ '4/4 (flow)' │ 72     │
└─────────┴───┴─────────────┴──────────┴─────────────┴───────┴──────┴───────────┴─────┴──────────────┴────────┘
http://127.0.0.1:8097
  s_145f72  validated    1 steps  3/3 (100%)
           In EspoCRM, create a new Opportunity with the name exactly '{{v2}}'. Fill these fields: Account = 'Bench Accou…
  s_28b5b7  validated    9 steps  3/3 (100%)
           Final verification, read-only (do not change anything): Open the EspoCRM opportunity page {{v1}} and report ex…
  s_4f2173  validated    5 steps  3/3 (100%)
           Open {{v1}} and sign in with username {{v2}} and password {{v3}} (type the password text exactly as given). Af…
  s_5549d2  validated    4 steps  3/3 (100%)
           Open {{v1}} and sign in with username {{v2}} and password {{v3}} (type the password text exactly as given). Af…
  s_56e105  validated   23 steps  3/3 (100%)
           Final verification, read-only (do not change anything): Open the EspoCRM opportunity page {{v1}} and report ex…
  s_7fdbf5  validated   51 steps  3/3 (100%)
           In EspoCRM, create a new Opportunity with the name exactly '{{v2}}'. Fill these fields: Account = 'Bench Accou…
  s_900825  validated    9 steps  3/3 (100%)
           On the EspoCRM page for the opportunity '{{v1}}' (URL {{v3}}), post a message to its Stream panel: click the p…
  s_982afc  validated   12 steps  3/3 (100%)
           In EspoCRM, create a new Opportunity with the name exactly '{{v2}}'. Fill these fields: Account = 'Bench Accou…
store: /home/user/sitelooper/bench/results/fwec15-skills

summary: /home/user/sitelooper/bench/results/fwec15-sweep.json
