
[sweep] run 1/3: fwec5-n1 (store: /home/user/sitelooper/bench/results/fwec5-skills)
[harness] espocrm: defaulting APP_URL
[harness] espocrm: defaulting APP_EMAIL
[harness] espocrm: defaulting APP_PASSWORD
[reset] espocrm: no leftover bench opportunities
[harness] espocrm responded 200 at http://127.0.0.1:8097/
stopped: fwec5-n1
  flow "fwec5" saved: 6 step(s), vars runid → /home/user/sitelooper/bench/results/flows/fwec5.json
  warning: note: 01-signin no longer publishes navbar_items — no replay reads it from the page and the recording showed no line to read
  warning: note: 02-find no longer publishes pagination, count — no replay reads them from the page and the recording showed no line to read
  warning: note: 03-create no longer publishes opportunity_id, account_id, assigned_user_id, currency — no replay reads them from the page and the recording showed no line to read
  warning: note: 04-find no longer publishes post_author — no replay reads it from the page and the recording showed no line to read
  warning: note: 05-open no longer publishes stage, ref_2, ref_3 — no replay reads them from the page and the recording showed no line to read
  warning: note: 06-report no longer publishes pager, all_stage_amount_pairs, changes_made — no replay reads them from the page and the recording showed no line to read
  warning: warning: 204 other value(s) the run saw survived unslotted, judged by shape only (usually page copy; non-fatal):
  flow.startUrl: "http://127.0.0.1:8097/" (output) in "http://127.0.0.1:8097/"
  flow.steps[0].instruction: "http://127.0.0.1:8097/" (output) in "Sign in to EspoCRM at http://127.0.0.1:8097/ with username 'admin' and password 'bench-admin-pass'. If a login form appears, fill the username and password fiel"
  flow.steps[0].instruction: "admin" (output) in "Sign in to EspoCRM at http://127.0.0.1:8097/ with username 'admin' and password 'bench-admin-pass'. If a login form appears, fill the username and password fiel"
  flow.steps[0].params.v1: "admin" (output) in "admin"
  flow.steps[0].route: "http://127.0.0.1:8097/" (output) in "http://127.0.0.1:8097/"
arm=sitelooper model=z-ai/glm-5.3 runid=fwec5-n1 stop=completed
turns=8 wall=228.9s
commands=7 cmdTime=211.9s cmdBytes=7936 timeouts=0
orchestrator in=5455 cw=0 cr=25984 out=2197
inner prompt=1257549 cached=1159552 completion=16118
spend=$0.0522 maxUsd=3
learn: A_n=0 replayed=0/6 full=0 repaired=0 compiled=6 variants=0
-> /home/user/sitelooper/bench/results/fwec5-n1-sitelooper-result.json

fwec5-n1: objectives passed 7/7
  obj 1: PASS — all 3 seed names reported
  obj 2: PASS — id=6ab2560defe16781d, account=Bench Account, description includes runid=true
  obj 3: PASS — stage=Negotiation
  obj 4: PASS — amount=12500 USD, closeDate=2026-12-31
  obj 5: PASS — assignedUser=Bench Assignee
  obj 6: PASS — 1 post(s), 1 carrying the runid
  obj 7: PASS — record id 6ab2560defe16781d reported

[sweep] run 2/3: fwec5-n2 (replay flow fwec5, no orchestrator)
[reset] espocrm: deleted 1 leftover bench opportunit(ies)
[sweep] fwec5-n2: 2 drift ticket(s) → fwec5-n2-drift.json

fwec5-n2: objectives passed 7/7
  obj 1: PASS — all 3 seed names reported
  obj 2: PASS — id=6ab2569daf51600a1, account=Bench Account, description includes runid=true
  obj 3: PASS — stage=Negotiation
  obj 4: PASS — amount=12500 USD, closeDate=2026-12-31
  obj 5: PASS — assignedUser=Bench Assignee
  obj 6: PASS — 1 post(s), 1 carrying the runid
  obj 7: PASS — record id 6ab2569daf51600a1 reported

[sweep] run 3/3: fwec5-n3 (replay flow fwec5, no orchestrator)
[reset] espocrm: deleted 1 leftover bench opportunit(ies)
[sweep] fwec5-n3: 2 drift ticket(s) → fwec5-n3-drift.json

fwec5-n3: objectives passed 7/7
  obj 1: PASS — all 3 seed names reported
  obj 2: PASS — id=6ab256fc92151d448, account=Bench Account, description includes runid=true
  obj 3: PASS — stage=Negotiation
  obj 4: PASS — amount=12500 USD, closeDate=2026-12-31
  obj 5: PASS — assignedUser=Bench Assignee
  obj 6: PASS — 1 post(s), 1 carrying the runid
  obj 7: PASS — record id 6ab256fc92151d448 reported

Learning sweep fwec5 (K=3)
┌─────────┬───┬────────────┬──────────┬─────────────┬───────┬──────┬───────────┬──────┬──────────────┬────────┐
│ (index) │ n │ runid      │ verified │ stop        │ turns │ cmds │ total_usd │ A_n  │ replayed     │ wall_s │
├─────────┼───┼────────────┼──────────┼─────────────┼───────┼──────┼───────────┼──────┼──────────────┼────────┤
│ 0       │ 1 │ 'fwec5-n1' │ '7/7'    │ 'completed' │ 8     │ 7    │ 0.0522    │ 0    │ '0/6'        │ 229    │
│ 1       │ 2 │ 'fwec5-n2' │ '7/7'    │ 'success'   │ 3     │ 6    │ 0.0037    │ 0.83 │ '6/6 (flow)' │ 87     │
│ 2       │ 3 │ 'fwec5-n3' │ '7/7'    │ 'success'   │ 3     │ 6    │ 0.0033    │ 0.83 │ '6/6 (flow)' │ 86     │
└─────────┴───┴────────────┴──────────┴─────────────┴───────┴──────┴───────────┴──────┴──────────────┴────────┘
http://127.0.0.1:8097
  s_06a53a  validated   15 steps  3/3 (100%)
           Go to the Opportunities list view ({{v1}} scope) and report the names of all opportunities whose name starts w…
  s_1ddf10  validated   11 steps  3/3 (100%)
           Sign in to EspoCRM at http://127.0.0.1:8097/ with username '{{v1}}' and password '{{v2}}'. If a login form app…
  s_6da25c  validated    1 steps  3/3 (100%)
           Go to the Opportunities list view ({{v1}} scope) and report the names of all opportunities whose name starts w…
  s_8f1ee3  validated   12 steps  3/3 (100%)
           Open the opportunity record page at {{v1}}#Opportunity/view/{{v2}} and verify the following, reporting the exa…
  s_8fb633  validated    5 steps  3/3 (100%)
           On the opportunity record page at {{v1}}#Opportunity/view/{{v2}} (named '{{v3}}'), find the {{v5}} panel and p…
  s_9f8f91  validated    1 steps  3/3 (100%)
           Navigate to the Opportunities list view (e.g. via the Opportunities tab in the navbar). Find all opportunities…
  s_accafa  validated    1 steps  3/3 (100%)
           Create a new Opportunity record in EspoCRM with these exact values: Name = '{{v2}}'; Account = 'Bench Account'…
  s_b45e41  demoted     36 steps  1/3 (33%)
           Create a new Opportunity record in EspoCRM with these exact values: Name = '{{v2}}'; Account = 'Bench Account'…
  s_d1d809  validated    8 steps  3/3 (100%)
           Navigate to the Opportunities list view (e.g. via the Opportunities tab in the navbar). Find all opportunities…
  s_007e15  provisional 27 steps  1/1 (100%)
           Create a new Opportunity record in EspoCRM with these exact values: Name = '{{v2}}'; Account = 'Bench Account'…
  s_126cf8  provisional  2 steps  1/1 (100%)  variant of s_b45e41
           Create a new Opportunity record in EspoCRM with these exact values: Name = '{{v2}}'; Account = 'Bench Account'…
  s_26a84e  provisional 10 steps  1/1 (100%)
           Create a new Opportunity record in EspoCRM with these exact values: Name = '{{v2}}'; Account = 'Bench Account'…
  s_272c4b  provisional 10 steps  1/1 (100%)
           Create a new Opportunity record in EspoCRM with these exact values: Name = '{{v2}}'; Account = 'Bench Account'…
  s_435249  provisional 12 steps  1/1 (100%)
           Create a new Opportunity record in EspoCRM with these exact values: Name = '{{v2}}'; Account = 'Bench Account'…
  s_780546  provisional 27 steps  1/1 (100%)  variant of s_b45e41
           Create a new Opportunity record in EspoCRM with these exact values: Name = '{{v2}}'; Account = 'Bench Account'…
  s_ae3797  provisional  1 steps  1/1 (100%)
           Create a new Opportunity record in EspoCRM with these exact values: Name = '{{v2}}'; Account = 'Bench Account'…
  s_bfab70  provisional 27 steps  1/1 (100%)  variant of s_b45e41
           Create a new Opportunity record in EspoCRM with these exact values: Name = '{{v2}}'; Account = 'Bench Account'…
  s_c2b632  provisional  1 steps  1/1 (100%)
           Create a new Opportunity record in EspoCRM with these exact values: Name = '{{v2}}'; Account = 'Bench Account'…
  s_e8e406  provisional 27 steps  1/1 (100%)
           Create a new Opportunity record in EspoCRM with these exact values: Name = '{{v2}}'; Account = 'Bench Account'…
store: /home/user/sitelooper/bench/results/fwec5-skills

summary: /home/user/sitelooper/bench/results/fwec5-sweep.json
