
Running 1 test using 1 worker

[sitelooper step] 01-signin
[sitelooper step] 02-find
[sitelooper warn] 03-create s_b907d1/6: 2 field(s) this procedure filled were empty again before this click (the page rebuilt its form, or dropped the value when the field lost focus, after the fills were checked) — refilled once
[sitelooper warn] 03-create s_b907d1/7: read 'account' returned a value the skill itself set/selected ('Bench Account') — confirms the control, not persistence; dropped from the report's confident values
[sitelooper warn] 03-create s_b907d1/13: read 'opportunity_name' returned a value the skill itself set/selected ('fwec14-spec Bench Opportunity') — confirms the control, not persistence; dropped from the report's confident values
[sitelooper warn] 03-create s_b907d1/15: read 'account' returned a value the skill itself set/selected ('Bench Account') — confirms the control, not persistence; dropped from the report's confident values
[sitelooper warn] 03-create s_b907d1/16: read 'description_text' returned a value the skill itself set/selected ('Bench opportunity for run fwec14-spec') — confirms the control, not persistence; dropped from the report's confident values
[sitelooper warn] 03-create s_b907d1/20: read 'close_date_entered_in_form' returned a value the skill itself set/selected ('2026-12-31') — confirms the control, not persistence; dropped from the report's confident values
[sitelooper warn] 03-create s_b907d1/22: read 'form_amount' returned '12,500' from a control this step set, and nothing committed it since — it shows the control, however the app formats it, not what the app stored; dropped from the report's confident values
[sitelooper warn] 03-create s_b907d1/23: read 'close_date_entered_in_form' returned a value the skill itself set/selected ('2026-12-31') — confirms the control, not persistence; dropped from the report's confident values
[sitelooper warn] 03-create s_b907d1/26: read 'close_date_entered_in_form' returned a value the skill itself set/selected ('2026-12-31') — confirms the control, not persistence; dropped from the report's confident values
[sitelooper warn] 03-create s_b907d1/27: read 'form_amount_2' returned '12,500.00' from a control this step set, and nothing committed it since — it shows the control, however the app formats it, not what the app stored; dropped from the report's confident values
[sitelooper warn] 03-create: report value amount_entered is only what this run typed: no click's own diff showed it outside its control and no read returned it — withheld from the report (still given to a later step)
[sitelooper step] 03-create
[sitelooper warn] 04-edit s_ebcb00/7: read 'stream_post_exact_text' returned a value the skill itself set/selected ('Bench note for run fwec14-spec') — confirms the control, not persistence; dropped from the report's confident values
[sitelooper warn] 04-edit s_ebcb00/9: read 'stream_post_exact_text' returned a value the skill itself set/selected ('Bench note for run fwec14-spec') — confirms the control, not persistence; dropped from the report's confident values
[sitelooper step] 04-edit
[sitelooper step] 05-verify
  ✓  1 fwec14.spec.ts:9:1 › fwec14 (38.6s)

  1 passed (40.7s)
