
Running 1 test using 1 worker

[sitelooper step] 01-signin
[sitelooper step] 02-find
[sitelooper warn] 03-create s_45badb/7: read 'close_date_field_value' returned a value the skill itself set/selected ('12/31/2026') — confirms the control, not persistence; dropped from the report's confident values
[sitelooper warn] 03-create s_45badb/8: 2 field(s) this procedure filled were empty again before this press (the page rebuilt its form, or dropped the value when the field lost focus, after the fills were checked); 1 of them kept only a value typed key by key — refilled once
[sitelooper warn] 03-create s_45badb/11: read 'amount_field_value' returned a value the skill itself set/selected ('12500') — confirms the control, not persistence; dropped from the report's confident values
[sitelooper warn] 03-create s_45badb/13: read 'close_date_field_value' returned a value the skill itself set/selected ('12/31/2026') — confirms the control, not persistence; dropped from the report's confident values
[sitelooper warn] 03-create s_45badb/14: read 'name_shown' returned a value the skill itself set/selected ('fwec13-spec Bench Opportunity') — confirms the control, not persistence; dropped from the report's confident values
[sitelooper warn] 03-create s_45badb/16: 1 field(s) this procedure filled were empty again before this press (the page rebuilt its form, or dropped the value when the field lost focus, after the fills were checked) — refilled once
[sitelooper warn] 03-create s_45badb/17: the field already held the value this type enters (restored after the recording saw it emptied), so it was cleared first rather than typed onto
[sitelooper warn] 03-create s_45badb/19: the field already held the value this type enters (restored after the recording saw it emptied), so it was cleared first rather than typed onto
[sitelooper warn] 03-create s_45badb/20: read 'close_date_field_value' returned a value the skill itself set/selected ('12/31/2026') — confirms the control, not persistence; dropped from the report's confident values
[sitelooper warn] 03-create s_45badb/26: the field already held the value this type enters (restored after the recording saw it emptied), so it was cleared first rather than typed onto
[sitelooper warn] 03-create s_45badb/27: read 'close_date_field_value' returned a value the skill itself set/selected ('12/31/2026') — confirms the control, not persistence; dropped from the report's confident values
[sitelooper warn] 03-create s_45badb/38: read 'close_date_field_value_entered' returned a value the skill itself set/selected ('2026-12-31') — confirms the control, not persistence; dropped from the report's confident values
[sitelooper warn] 03-create s_45badb/41: read 'account_shown' returned a value the skill itself set/selected ('Bench Account') — confirms the control, not persistence; dropped from the report's confident values
[sitelooper warn] 03-create s_45badb/45: read 'assigned_user_shown' returned a value the skill itself set/selected ('Bench Assignee') — confirms the control, not persistence; dropped from the report's confident values
[sitelooper step] 03-create
[sitelooper step] 04-open
[sitelooper warn] 05-find s_f9808e/3: read 'stream_post_text' returned a value the skill itself set/selected ('Bench stream post for run fwec13-spec') — confirms the control, not persistence; dropped from the report's confident values
[sitelooper step] 05-find
[sitelooper step] 06-open
  ✓  1 fwec13.spec.ts:9:1 › fwec13 (47.8s)

  1 passed (49.9s)
