
[sweep] run 1/3: fwec8-n1 (store: /home/user/sitelooper/bench/results/fwec8-skills)
[harness] espocrm: defaulting APP_URL
[harness] espocrm: defaulting APP_EMAIL
[harness] espocrm: defaulting APP_PASSWORD
[reset] espocrm: no leftover bench opportunities
[harness] espocrm responded 200 at http://127.0.0.1:8097/
stopped: fwec8-n1
  flow "fwec8" saved: 3 step(s), vars runid → /home/user/sitelooper/bench/results/flows/fwec8.json
  warning: note: 01-signin no longer publishes opportunity_count — no replay reads it from the page and the recording showed no line to read
  warning: note: 02-create no longer publishes record_id, record_url — no replay reads them from the page and the recording showed no line to read
  warning: note: 03-verify no longer publishes stream_post_author, post_visible_in_stream — no replay reads them from the page and the recording showed no line to read
  warning: warning: 83 other value(s) the run saw survived unslotted, judged by shape only (usually page copy; non-fatal):
  flow.steps[1].instruction: "Bench Assignee" (output) in "Create a new Opportunity named '{{runid}} Bench Opportunity', linked to account 'Bench Account' (choose it via suggestions/dialog so it's actually linked), stag"
  flow.steps[1].instruction: "Bench Account" (output) in "Create a new Opportunity named '{{runid}} Bench Opportunity', linked to account 'Bench Account' (choose it via suggestions/dialog so it's actually linked), stag"
  flow.steps[1].instruction: "Negotiation" (output) in "Create a new Opportunity named '{{runid}} Bench Opportunity', linked to account 'Bench Account' (choose it via suggestions/dialog so it's actually linked), stag"
  flow.steps[1].instruction: "2026-12-31" (output) in "Create a new Opportunity named '{{runid}} Bench Opportunity', linked to account 'Bench Account' (choose it via suggestions/dialog so it's actually linked), stag"
  flow.steps[1].params.v3: "Bench Account" (output) in "Bench Account"
arm=sitelooper model=z-ai/glm-5.3 runid=fwec8-n1 stop=completed
turns=4 wall=175.4s
commands=3 cmdTime=163.8s cmdBytes=5101 timeouts=0
orchestrator in=3685 cw=0 cr=10112 out=685
inner prompt=954381 cached=863168 completion=13601
spend=$0.0892 maxUsd=3
learn: A_n=0 replayed=0/3 full=0 repaired=0 compiled=3 variants=0
-> /home/user/sitelooper/bench/results/fwec8-n1-sitelooper-result.json

fwec8-n1: objectives passed 7/7
  obj 1: PASS — all 3 seed names reported
  obj 2: PASS — id=6ab3eab5991a42617, account=Bench Account, description includes runid=true
  obj 3: PASS — stage=Negotiation
  obj 4: PASS — amount=12500 USD, closeDate=2026-12-31
  obj 5: PASS — assignedUser=Bench Assignee
  obj 6: PASS — 1 post(s), 1 carrying the runid
  obj 7: PASS — record id 6ab3eab5991a42617 reported

[sweep] run 2/3: fwec8-n2 (replay flow fwec8, no orchestrator)
[reset] espocrm: deleted 1 leftover bench opportunit(ies)

fwec8-n2: objectives passed 6/7
  obj 1: PASS — all 3 seed names reported
  obj 2: PASS — id=6ab3eb287d9453992, account=Bench Account, description includes runid=true
  obj 3: PASS — stage=Negotiation
  obj 4: PASS — amount=12500 USD, closeDate=2026-12-31
  obj 5: PASS — assignedUser=Bench Assignee
  obj 6: PASS — 1 post(s), 1 carrying the runid
  obj 7: FAIL — record id 6ab3eb287d9453992 NOT in finalText

[sweep] run 3/3: fwec8-n3 (replay flow fwec8, no orchestrator)
[reset] espocrm: deleted 1 leftover bench opportunit(ies)

fwec8-n3: objectives passed 6/7
  obj 1: PASS — all 3 seed names reported
  obj 2: PASS — id=6ab3eb71b371ec47d, account=Bench Account, description includes runid=true
  obj 3: PASS — stage=Negotiation
  obj 4: PASS — amount=12500 USD, closeDate=2026-12-31
  obj 5: PASS — assignedUser=Bench Assignee
  obj 6: PASS — 1 post(s), 1 carrying the runid
  obj 7: FAIL — record id 6ab3eb71b371ec47d NOT in finalText

Learning sweep fwec8 (K=3)
┌─────────┬───┬────────────┬──────────┬─────────────┬───────┬──────┬───────────┬─────┬──────────────┬────────┐
│ (index) │ n │ runid      │ verified │ stop        │ turns │ cmds │ total_usd │ A_n │ replayed     │ wall_s │
├─────────┼───┼────────────┼──────────┼─────────────┼───────┼──────┼───────────┼─────┼──────────────┼────────┤
│ 0       │ 1 │ 'fwec8-n1' │ '7/7'    │ 'completed' │ 4     │ 3    │ 0.0892    │ 0   │ '0/3'        │ 175    │
│ 1       │ 2 │ 'fwec8-n2' │ '6/7'    │ 'success'   │ 0     │ 3    │ 0         │ 1   │ '3/3 (flow)' │ 67     │
│ 2       │ 3 │ 'fwec8-n3' │ '6/7'    │ 'success'   │ 0     │ 3    │ 0         │ 1   │ '3/3 (flow)' │ 54     │
└─────────┴───┴────────────┴──────────┴─────────────┴───────┴──────┴───────────┴─────┴──────────────┴────────┘
http://127.0.0.1:8097
  s_03d7ad  validated   22 steps  3/3 (100%)
           Create a new Opportunity named '{{v2}}', linked to account '{{v3}}' (choose it via suggestions/dialog so it's …
  s_4217f1  validated    9 steps  3/3 (100%)
           Sign in at {{v1}} with username {{v2}} and password {{env:APP_PASSWORD}} (type the password text exactly as {{…
  s_498742  validated    7 steps  3/3 (100%)
           Create a new Opportunity named '{{v2}}', linked to account '{{v3}}' (choose it via suggestions/dialog so it's …
  s_55d615  validated    9 steps  3/3 (100%)
           On the opportunity record page {{v1}}, verify the Close Date shows year 2026 (if it displays only 'Dec 31', ed…
  s_7c4f39  validated    5 steps  3/3 (100%)
           Sign in at {{v1}} with username {{v2}} and password {{env:APP_PASSWORD}} (type the password text exactly as {{…
  s_a24da4  validated    1 steps  3/3 (100%)
           Create a new Opportunity named '{{v2}}', linked to account '{{v3}}' (choose it via suggestions/dialog so it's …
store: /home/user/sitelooper/bench/results/fwec8-skills

summary: /home/user/sitelooper/bench/results/fwec8-sweep.json
