
Running 1 test using 1 worker

[sitelooper warn] 01-signin s_1ddf10/5: read 'logged_in_user' returned a value the skill itself set/selected ('Admin') — confirms the control, not persistence; dropped from the report's confident values
[sitelooper warn] 01-signin s_1ddf10/6: read 'navbar_admin' returned a value the skill itself set/selected ('Admin') — confirms the control, not persistence; dropped from the report's confident values
[sitelooper step] 01-signin
[sitelooper step] 02-find
[sitelooper warn] step 03-create s_e8e406/1: resolved positionally and its only recorded effect is the fill's own echo — the effect gate cannot tell right element from wrong here
[sitelooper warn] step 03-create s_e8e406/2: resolved positionally and its only recorded effect is the fill's own echo — the effect gate cannot tell right element from wrong here
[sitelooper warn] step 03-create s_e8e406/3: resolved positionally and its only recorded effect is the fill's own echo — the effect gate cannot tell right element from wrong here
[sitelooper warn] step 03-create s_e8e406/4: resolved positionally and its only recorded effect is the fill's own echo — the effect gate cannot tell right element from wrong here
[sitelooper warn] 03-create s_e8e406/5: read 'close_date_stored_value' returned a value the skill itself set/selected ('2026-12-31') — confirms the control, not persistence; dropped from the report's confident values
[sitelooper warn] 03-create s_e8e406/6: 2 field(s) this procedure filled were empty again before this press (the page rebuilt its form, or dropped the value when the field lost focus, after the fills were checked); 1 of them kept only a value typed key by key — refilled once
[sitelooper warn] step 03-create s_e8e406/8: resolved positionally and its only recorded effect is the fill's own echo — the effect gate cannot tell right element from wrong here
[sitelooper warn] step 03-create s_e8e406/10: resolved positionally and its only recorded effect is the fill's own echo — the effect gate cannot tell right element from wrong here
[sitelooper warn] 03-create s_e8e406/16: read 'close_date_stored_value' returned a value the skill itself set/selected ('2026-12-31') — confirms the control, not persistence; dropped from the report's confident values
[sitelooper warn] step 03-create s_e8e406/25: resolved positionally and its only recorded effect is the fill's own echo — the effect gate cannot tell right element from wrong here
[sitelooper warn] 03-create s_e8e406/26: read 'description' returned a value the skill itself set/selected ('Bench opportunity created for run fwec5-spec') — confirms the control, not persistence; dropped from the report's confident values
[sitelooper step] 03-create
[sitelooper warn] 04-find s_8fb633/4: read 'post_text' returned a value the skill itself set/selected ('Bench stream post for run fwec5-spec') — confirms the control, not persistence; dropped from the report's confident values
[sitelooper step] 04-find
[sitelooper step] 05-open
[sitelooper step] 06-report
  ✓  1 fwec5.spec.ts:9:1 › fwec5 (55.1s)

  1 passed (57.1s)
