
Running 1 test using 1 worker

[sitelooper step] 01-signin
[sitelooper warn] step 02-create s_fd2a86/1: resolved positionally and its only recorded effect is the fill's own echo — the effect gate cannot tell right element from wrong here
[sitelooper warn] step 02-create s_fd2a86/2: resolved positionally and its only recorded effect is the fill's own echo — the effect gate cannot tell right element from wrong here
[sitelooper warn] step 02-create s_fd2a86/3: resolved positionally and its only recorded effect is the fill's own echo — the effect gate cannot tell right element from wrong here
[sitelooper warn] step 02-create s_fd2a86/4: resolved positionally and its only recorded effect is the fill's own echo — the effect gate cannot tell right element from wrong here
[sitelooper warn] 02-create s_fd2a86/5: 2 field(s) this procedure filled were empty again before this click (the page rebuilt its form, or dropped the value when the field lost focus, after the fills were checked); 1 of them kept only a value typed key by key — refilled once
[sitelooper warn] 02-create s_fd2a86/12: read 'account_shown' returned a value the skill itself set/selected ('Bench Account') — confirms the control, not persistence; dropped from the report's confident values
[sitelooper warn] 02-create s_fd2a86/14: read 'assigned_user_shown' returned a value the skill itself set/selected ('Bench Assignee') — confirms the control, not persistence; dropped from the report's confident values
[sitelooper warn] 02-create s_fd2a86/16: read 'opportunity_name' returned a value the skill itself set/selected ('fwec6-spec Bench Opportunity') — confirms the control, not persistence; dropped from the report's confident values
[sitelooper warn] 02-create s_fd2a86/17: read 'description' returned a value the skill itself set/selected ('Bench opportunity created for run fwec6-spec') — confirms the control, not persistence; dropped from the report's confident values
[sitelooper warn] 02-create s_fd2a86/20: read 'close_date_stored' returned a value the skill itself set/selected ('2026-12-31') — confirms the control, not persistence; dropped from the report's confident values
[sitelooper warn] 02-create s_fd2a86/29: read 'close_date_stored' returned a value the skill itself set/selected ('2026-12-31') — confirms the control, not persistence; dropped from the report's confident values
[sitelooper step] 02-create
[sitelooper warn] 03-find s_c02ba1/3: read 'post_text' returned a value the skill itself set/selected ('Bench stream post for run fwec6-spec') — confirms the control, not persistence; dropped from the report's confident values
[sitelooper step] 03-find
[sitelooper drift] 04-change s_2550c4/4 target: primary locator('div:nth-of-type(1) > div > div > div:nth-of-type(2) > div:nth-of-type(2) > div') missed; used #2 locator('[data-sitelooper-point="644,258"]') (#1 ambiguous)
[sitelooper step] 04-change
  ✓  1 fwec6.spec.ts:9:1 › fwec6 (29.6s)

  1 passed (31.5s)
