
[sweep] run 1/3: fwec2-n1 (store: /home/user/sitelooper/bench/results/fwec2-skills)
[harness] espocrm: defaulting APP_URL
[harness] espocrm: defaulting APP_EMAIL
[harness] espocrm: defaulting APP_PASSWORD
[reset] espocrm: no leftover bench opportunities
[harness] espocrm responded 200 at http://127.0.0.1:8097/
stopped: fwec2-n1
  flow "fwec2" saved: 6 step(s), vars runid → /home/user/sitelooper/bench/results/flows/fwec2.json
  warning: note: 01-signin no longer publishes dashboard_headings — no replay reads it from the page and the recording showed no line to read
  warning: note: 02-report no longer publishes list_total, seed_count — no replay reads them from the page and the recording showed no line to read
  warning: note: 04-edit no longer publishes detail_page_close_date_after_cancel, inline_edit_state_after_cancel, datepicker_shown — no replay reads them from the page and the recording showed no line to read
  warning: note: 05-find no longer publishes post_author, post_visible, stream_post_element_size — no replay reads them from the page and the recording showed no line to read
  warning: note: 06-open no longer publishes Stage, Assigned_User, stream_contains_fwec2-n1_post, stream_post_author_time — no replay reads them from the page and the recording showed no line to read
  warning: note: 1 step(s) adopted from non-success instruction(s) whose work the session continued from (03-create) — they replay model-first with doubled budget, and a non-success there does not halt the flow
  warning: warning: 1 value(s) KNOWN to be this run's survived unslotted — a replay will act on or wait for the recording's value (non-fatal outside locators):
  flow.pruned[4].outputs[2]: "fwec2-n1" (var) in "stream_contains_fwec2-n1_post"
  warning: warning: 133 other value(s) the run saw survived unslotted, judged by shape only (usually page copy; non-fatal):
  flow.startUrl: "http://127.0.0.1:8097/" (output) in "http://127.0.0.1:8097/"
  flow.steps[0].instruction: "EspoCRM" (output) in "Sign in to EspoCRM with username 'admin' and password 'bench-admin-pass' and verify you reach the dashboard/home page. Report what page you land on."
  flow.steps[0].route: "http://127.0.0.1:8097/" (output) in "http://127.0.0.1:8097/"
  flow.steps[1].route: "http://127.0.0.1:8097/" (output) in "http://127.0.0.1:8097/#Opportunity"
  flow.steps[2].instruction: "Bench Assignee" (output) in "On the Opportunities list view, click 'Create Opportunity' and fill in the new opportunity form with these values: Name = '{{runid}} Bench Opportunity'; Account"
arm=sitelooper model=z-ai/glm-5.3 runid=fwec2-n1 stop=completed
turns=9 wall=277.1s
commands=8 cmdTime=252.1s cmdBytes=12201 timeouts=0
orchestrator in=9242 cw=0 cr=30720 out=2496
inner prompt=1722795 cached=1598592 completion=22035
spend=$0.0689 maxUsd=3
learn: A_n=0 replayed=0/7 full=0 repaired=0 compiled=6 variants=0
-> /home/user/sitelooper/bench/results/fwec2-n1-sitelooper-result.json

fwec2-n1: objectives passed 7/7
  obj 1: PASS — all 3 seed names reported
  obj 2: PASS — id=6ab1c1f146d221daf, account=Bench Account, description includes runid=true
  obj 3: PASS — stage=Negotiation
  obj 4: PASS — amount=12500 USD, closeDate=2026-12-31
  obj 5: PASS — assignedUser=Bench Assignee
  obj 6: PASS — 1 post(s), 1 carrying the runid
  obj 7: PASS — record id 6ab1c1f146d221daf reported

[sweep] run 2/3: fwec2-n2 (replay flow fwec2, no orchestrator)
[reset] espocrm: deleted 1 leftover bench opportunit(ies)
[sweep] fwec2-n2: 1 drift ticket(s) → fwec2-n2-drift.json

fwec2-n2: objectives passed 7/7
  obj 1: PASS — all 3 seed names reported
  obj 2: PASS — id=6ab1c2d11acff2a74, account=Bench Account, description includes runid=true
  obj 3: PASS — stage=Negotiation
  obj 4: PASS — amount=12500 USD, closeDate=2026-12-31
  obj 5: PASS — assignedUser=Bench Assignee
  obj 6: PASS — 1 post(s), 1 carrying the runid
  obj 7: PASS — record id 6ab1c2d11acff2a74 reported
[sweep] fwec2-n2: 03-create has no pinned skill — 48 model turn(s), on every replay

[sweep] run 3/3: fwec2-n3 (replay flow fwec2, no orchestrator)
[reset] espocrm: deleted 1 leftover bench opportunit(ies)
[sweep] fwec2-n3: 2 drift ticket(s) → fwec2-n3-drift.json

fwec2-n3: objectives passed 7/7
  obj 1: PASS — all 3 seed names reported
  obj 2: PASS — id=6ab1c3255703f3711, account=Bench Account, description includes runid=true
  obj 3: PASS — stage=Negotiation
  obj 4: PASS — amount=12500 USD, closeDate=2026-12-31
  obj 5: PASS — assignedUser=Bench Assignee
  obj 6: PASS — 1 post(s), 1 carrying the runid
  obj 7: PASS — record id 6ab1c3255703f3711 reported

Learning sweep fwec2 (K=3)
┌─────────┬───┬────────────┬──────────┬─────────────┬───────┬──────┬───────────┬──────┬──────────────┬────────┐
│ (index) │ n │ runid      │ verified │ stop        │ turns │ cmds │ total_usd │ A_n  │ replayed     │ wall_s │
├─────────┼───┼────────────┼──────────┼─────────────┼───────┼──────┼───────────┼──────┼──────────────┼────────┤
│ 0       │ 1 │ 'fwec2-n1' │ '7/7'    │ 'completed' │ 9     │ 8    │ 0.0689    │ 0    │ '0/7'        │ 277    │
│ 1       │ 2 │ 'fwec2-n2' │ '7/7'    │ 'success'   │ 48    │ 6    │ 0.0148    │ 0.83 │ '6/6 (flow)' │ 132    │
│ 2       │ 3 │ 'fwec2-n3' │ '7/7'    │ 'success'   │ 0     │ 6    │ 0         │ 1    │ '6/6 (flow)' │ 49     │
└─────────┴───┴────────────┴──────────┴─────────────┴───────┴──────┴───────────┴──────┴──────────────┴────────┘
http://127.0.0.1:8097
  s_056625  validated    7 steps  3/3 (100%)
           Navigate to the Opportunities list view (e.g. via the Opportunities link in the top navigation or by going to …
  s_23bd2a  validated    6 steps  3/3 (100%)
           Sign in to EspoCRM with username '{{v1}}' and password '{{v2}}' and verify you reach the dashboard/home page. …
  s_37a6f3  validated    4 steps  3/3 (100%)
           On the opportunity detail page for '{{v1}}' ({{v3}}), find the Stream panel and post a new note with the text …
  s_985e5f  validated   10 steps  3/3 (100%)
           On the opportunity detail page for '{{v1}}', click the pencil/edit icon on the Close Date field to edit it in …
  s_cd00f9  validated    1 steps  3/3 (100%)
           Navigate to the Opportunities list view (e.g. via the Opportunities link in the top navigation or by going to …
  s_dbfc4b  validated    7 steps  3/3 (100%)
           Open the opportunity detail page at {{v1}} and do a final read-only verification. Report: (1) the exact URL in…
  s_2feb12  validated   31 steps  2/2 (100%)
           On the Opportunities list view, click 'Create Opportunity' and fill in the new opportunity form with these val…
  s_794dc6  validated    8 steps  2/2 (100%)
           On the Opportunities list view, click 'Create Opportunity' and fill in the new opportunity form with these val…
  s_cb58c7  validated    1 steps  2/2 (100%)
           On the Opportunities list view, click 'Create Opportunity' and fill in the new opportunity form with these val…
  s_141f64  provisional  7 steps  1/1 (100%)
           Check the current state of the browser. If the opportunity create/edit form for '{{v1}} Bench Opportunity' is …
  s_195120  provisional  1 steps  1/1 (100%)
           Check the current state of the browser. If the opportunity create/edit form for '{{v1}} Bench Opportunity' is …
store: /home/user/sitelooper/bench/results/fwec2-skills

summary: /home/user/sitelooper/bench/results/fwec2-sweep.json
