
[sweep] run 1/3: fwec11-n1 (store: /home/user/sitelooper/bench/results/fwec11-skills)
[harness] espocrm: defaulting APP_URL
[harness] espocrm: defaulting APP_EMAIL
[harness] espocrm: defaulting APP_PASSWORD
[reset] espocrm: no leftover bench opportunities
[harness] espocrm responded 200 at http://127.0.0.1:8097/
stopped: fwec11-n1
  flow "fwec11" saved: 6 step(s), vars runid → /home/user/sitelooper/bench/results/flows/fwec11.json
  warning: note: 01-signin no longer publishes login_button_present_after_login — no replay reads it from the page and the recording showed no line to read
  warning: note: 02-find no longer publishes total_opportunities — no replay reads it from the page and the recording showed no line to read
  warning: note: 03-create no longer publishes amount_on_page — no replay reads it from the page and the recording showed no line to read
  warning: note: 04-edit no longer publishes detail_stage, detail_assigned_user, record_id — no replay reads them from the page and the recording showed no line to read
  warning: note: 05-find no longer publishes post_author — no replay reads it from the page and the recording showed no line to read
  warning: note: 06-open no longer publishes stream_post_author_timestamp — no replay reads it from the page and the recording showed no line to read
  warning: warning: 169 other value(s) the run saw survived unslotted, judged by shape only (usually page copy; non-fatal):
  flow.startUrl: "http://127.0.0.1:8097/" (output) in "http://127.0.0.1:8097/"
  flow.steps[0].instruction: "EspoCRM" (output) in "Sign in to EspoCRM with username admin and password {{env:APP_PASSWORD}} (type the password text exactly as {{env:APP_PASSWORD}}). Then confirm you are signed i"
  flow.steps[0].instruction: "admin" (output) in "Sign in to EspoCRM with username admin and password {{env:APP_PASSWORD}} (type the password text exactly as {{env:APP_PASSWORD}}). Then confirm you are signed i"
  flow.steps[0].params.v1: "admin" (output) in "admin"
  flow.steps[0].route: "http://127.0.0.1:8097/" (output) in "http://127.0.0.1:8097/"
arm=sitelooper model=z-ai/glm-5.3 runid=fwec11-n1 stop=completed
turns=8 wall=275.8s
commands=7 cmdTime=248.4s cmdBytes=7937 timeouts=0
orchestrator in=5464 cw=0 cr=26304 out=1988
inner prompt=1407096 cached=1303552 completion=15656
spend=$0.0523 maxUsd=3
learn: A_n=0 replayed=0/6 full=0 repaired=0 compiled=6 variants=0
-> /home/user/sitelooper/bench/results/fwec11-n1-sitelooper-result.json

fwec11-n1: objectives passed 7/7
  obj 1: PASS — all 3 seed names reported
  obj 2: PASS — id=6ab5192e275242bdb, account=Bench Account, description includes runid=true
  obj 3: PASS — stage=Negotiation
  obj 4: PASS — amount=12500 USD, closeDate=2026-12-31
  obj 5: PASS — assignedUser=Bench Assignee
  obj 6: PASS — 1 post(s), 1 carrying the runid
  obj 7: PASS — record id 6ab5192e275242bdb reported

[sweep] run 2/3: fwec11-n2 (replay flow fwec11, no orchestrator)
[reset] espocrm: deleted 1 leftover bench opportunit(ies)
[sweep] fwec11-n2: 2 drift ticket(s) → fwec11-n2-drift.json

fwec11-n2: objectives passed 7/7
  obj 1: PASS — all 3 seed names reported
  obj 2: PASS — id=6ab519ab68c6e8885, account=Bench Account, description includes runid=true
  obj 3: PASS — stage=Negotiation
  obj 4: PASS — amount=12500 USD, closeDate=2026-12-31
  obj 5: PASS — assignedUser=Bench Assignee
  obj 6: PASS — 1 post(s), 1 carrying the runid
  obj 7: PASS — record id 6ab519ab68c6e8885 reported

[sweep] run 3/3: fwec11-n3 (replay flow fwec11, no orchestrator)
[reset] espocrm: deleted 1 leftover bench opportunit(ies)
[sweep] fwec11-n3: 2 drift ticket(s) → fwec11-n3-drift.json

fwec11-n3: objectives passed 7/7
  obj 1: PASS — all 3 seed names reported
  obj 2: PASS — id=6ab519cfb510e5883, account=Bench Account, description includes runid=true
  obj 3: PASS — stage=Negotiation
  obj 4: PASS — amount=12500 USD, closeDate=2026-12-31
  obj 5: PASS — assignedUser=Bench Assignee
  obj 6: PASS — 1 post(s), 1 carrying the runid
  obj 7: PASS — record id 6ab519cfb510e5883 reported

Learning sweep fwec11 (K=3)
┌─────────┬───┬─────────────┬──────────┬─────────────┬───────┬──────┬───────────┬─────┬──────────────┬────────┐
│ (index) │ n │ runid       │ verified │ stop        │ turns │ cmds │ total_usd │ A_n │ replayed     │ wall_s │
├─────────┼───┼─────────────┼──────────┼─────────────┼───────┼──────┼───────────┼─────┼──────────────┼────────┤
│ 0       │ 1 │ 'fwec11-n1' │ '7/7'    │ 'completed' │ 8     │ 7    │ 0.0523    │ 0   │ '0/6'        │ 276    │
│ 1       │ 2 │ 'fwec11-n2' │ '7/7'    │ 'partial'   │ 0     │ 6    │ 0         │ 1   │ '5/6 (flow)' │ 29     │
│ 2       │ 3 │ 'fwec11-n3' │ '7/7'    │ 'partial'   │ 0     │ 6    │ 0         │ 1   │ '5/6 (flow)' │ 28     │
└─────────┴───┴─────────────┴──────────┴─────────────┴───────┴──────┴───────────┴─────┴──────────────┴────────┘
http://127.0.0.1:8097
  s_16c619  validated    6 steps  3/3 (100%)
           On the record page of the opportunity '{{v1}}' (URL #Opportunity/view/{{v3}}), find the Stream panel and post …
  s_385b73  validated   15 steps  3/3 (100%)
           In {{v1}}, create a new Opportunity with these exact values: Name = '{{v3}}'; Account = the account named exac…
  s_44fc87  validated   10 steps  3/3 (100%)
           In {{v1}}, create a new Opportunity with these exact values: Name = '{{v3}}'; Account = the account named exac…
  s_5457c4  validated    8 steps  3/3 (100%)
           Open the opportunity record page at #Opportunity/view/{{v1}} in {{v2}} and verify, reading only (no edits): (a…
  s_6e8936  provisional  9 steps  1/3 (33%)
           Sign in to EspoCRM with username {{v1}} and password {{env:APP_PASSWORD}} (type the password text exactly as {…
  s_80870f  validated    9 steps  3/3 (100%)
           The edit form for the opportunity '{{v1}}' is currently open. Read the Close Date field's exact value (it shou…
  s_8c922e  validated    1 steps  3/3 (100%)
           Navigate to the Opportunities list ({{v1}}). Find every opportunity whose Name starts with 'Seed:'. Report the…
  s_e43dbe  validated    1 steps  3/3 (100%)
           In {{v1}}, create a new Opportunity with these exact values: Name = '{{v3}}'; Account = the account named exac…
  s_f641c5  validated   14 steps  3/3 (100%)
           Navigate to the Opportunities list ({{v1}}). Find every opportunity whose Name starts with 'Seed:'. Report the…
store: /home/user/sitelooper/bench/results/fwec11-skills

summary: /home/user/sitelooper/bench/results/fwec11-sweep.json
