
Running 1 test using 1 worker

[sitelooper step] 01-open
[sitelooper warn] 02-create s_7fdbf5/5: 2 field(s) this procedure filled were empty again before this click (the page rebuilt its form, or dropped the value when the field lost focus, after the fills were checked); 1 of them kept only a value typed key by key — refilled once
[sitelooper warn] 02-create s_7fdbf5/12: read 'name' returned a value the skill itself set/selected ('fwec15-spec Bench Opportunity') — confirms the control, not persistence; dropped from the report's confident values
[sitelooper warn] 02-create s_7fdbf5/13: read 'description' returned a value the skill itself set/selected ('Bench opportunity created for run fwec15-spec') — confirms the control, not persistence; dropped from the report's confident values
[sitelooper warn] 02-create s_7fdbf5/16: read 'name' returned a value the skill itself set/selected ('fwec15-spec Bench Opportunity') — confirms the control, not persistence; dropped from the report's confident values
[sitelooper warn] 02-create s_7fdbf5/17: read 'close_date' returned a value the skill itself set/selected ('2026-12-31') — confirms the control, not persistence; dropped from the report's confident values
[sitelooper warn] 02-create s_7fdbf5/20: read 'name' returned a value the skill itself set/selected ('fwec15-spec Bench Opportunity') — confirms the control, not persistence; dropped from the report's confident values
[sitelooper warn] 02-create s_7fdbf5/21: read 'account' returned a value the skill itself set/selected ('Bench Account') — confirms the control, not persistence; dropped from the report's confident values
[sitelooper warn] 02-create s_7fdbf5/22: read 'assigned_user' returned a value the skill itself set/selected ('Bench Assignee') — confirms the control, not persistence; dropped from the report's confident values
[sitelooper warn] 02-create s_7fdbf5/24: the field already held the value this type enters (restored after the recording saw it emptied), so it was cleared first rather than typed onto
[sitelooper warn] 02-create s_7fdbf5/29: read 'amount_form_value' returned '12,500.00' from a control this step set, and nothing committed it since — it shows the control, however the app formats it, not what the app stored; dropped from the report's confident values
[sitelooper warn] 02-create s_7fdbf5/44: read 'name' returned a value the skill itself set/selected ('fwec15-spec Bench Opportunity') — confirms the control, not persistence; dropped from the report's confident values
[sitelooper warn] 02-create s_7fdbf5/45: read 'amount_form_value' returned '12,500.00' from a control this step set, and nothing committed it since — it shows the control, however the app formats it, not what the app stored; dropped from the report's confident values
[sitelooper warn] 02-create s_7fdbf5/46: read 'close_date' returned a value the skill itself set/selected ('2026-12-31') — confirms the control, not persistence; dropped from the report's confident values
[sitelooper warn] 02-create s_7fdbf5/47: read 'account' returned a value the skill itself set/selected ('Bench Account') — confirms the control, not persistence; dropped from the report's confident values
[sitelooper warn] 02-create s_7fdbf5/48: read 'assigned_user' returned a value the skill itself set/selected ('Bench Assignee') — confirms the control, not persistence; dropped from the report's confident values
[sitelooper warn] 02-create s_7fdbf5/49: read 'description' returned a value the skill itself set/selected ('Bench opportunity created for run fwec15-spec') — confirms the control, not persistence; dropped from the report's confident values
[sitelooper warn] 02-create s_982afc/9: read 'close_date' returned a value the skill itself set/selected ('2026-12-31') — confirms the control, not persistence; dropped from the report's confident values
[sitelooper step] 02-create
[sitelooper warn] 03-verify s_900825/5: read 'post_text' returned a value the skill itself set/selected ('Bench note for run fwec15-spec') — confirms the control, not persistence; dropped from the report's confident values
[sitelooper skip] 03-verify s_900825/9 target: no locator recorded — value left empty
[sitelooper step] 03-verify
[sitelooper drift] 04-change s_28b5b7/4 target: primary locator('div:nth-of-type(1) > div > div > div:nth-of-type(2) > div:nth-of-type(2) > div') missed; used #2 locator('[data-sitelooper-point="644,258"]') (#1 ambiguous)
[sitelooper step] 04-change
  ✓  1 fwec15.spec.ts:9:1 › fwec15 (1.1m)

  1 passed (1.2m)
