
Running 1 test using 1 worker

[sitelooper warn] 01-signin s_6cf874/6: read 'logged_in_user' returned a value the skill itself set/selected ('Admin') — confirms the control, not persistence; dropped from the report's confident values
[sitelooper warn] 01-signin s_6cf874/7: read 'user_menu_items_1' returned a value the skill itself set/selected ('Admin') — confirms the control, not persistence; dropped from the report's confident values
[sitelooper step] 01-signin
[sitelooper step] 02-report
[sitelooper warn] step 03-create s_4276a9/1: resolved positionally and its only recorded effect is the fill's own echo — the effect gate cannot tell right element from wrong here
[sitelooper warn] step 03-create s_4276a9/2: resolved positionally and its only recorded effect is the fill's own echo — the effect gate cannot tell right element from wrong here
[sitelooper warn] step 03-create s_4276a9/3: resolved positionally and its only recorded effect is the fill's own echo — the effect gate cannot tell right element from wrong here
[sitelooper warn] step 03-create s_4276a9/4: resolved positionally and its only recorded effect is the fill's own echo — the effect gate cannot tell right element from wrong here
[sitelooper warn] 03-create s_4276a9/5: 2 field(s) this procedure filled were empty again before this click (the page rebuilt its form, or dropped the value when the field lost focus, after the fills were checked); 1 of them kept only a value typed key by key — refilled once
[sitelooper warn] step 03-create s_4276a9/10: resolved positionally and its only recorded effect is the fill's own echo — the effect gate cannot tell right element from wrong here
[sitelooper warn] 03-create s_4276a9/15: 1 field(s) this procedure filled were empty again before this press (the page rebuilt its form, or dropped the value when the field lost focus, after the fills were checked) — refilled once
[sitelooper warn] step 03-create s_4276a9/16: none of the 5 expected page change(s) appeared in the step diff (found on the page instead)
[sitelooper warn] step 03-create s_4276a9/36: resolved positionally and its only recorded effect is the fill's own echo — the effect gate cannot tell right element from wrong here
[sitelooper step] 03-create
[sitelooper step] 04-verify
[sitelooper warn] 05-find s_0c4ac2/4: read 'post_text_as_displayed' returned a value the skill itself set/selected ('Bench note fwec3-spec — opportunity created for the bench ru…') — confirms the control, not persistence; dropped from the report's confident values
[sitelooper step] 05-find
[sitelooper step] 06-open
[sitelooper step] 07-report
  ✓  1 fwec3.spec.ts:9:1 › fwec3 (1.1m)

  1 passed (1.1m)
