
[sweep] run 1/3: fwec7-n1 (store: /home/user/sitelooper/bench/results/fwec7-skills)
[harness] espocrm: defaulting APP_URL
[harness] espocrm: defaulting APP_EMAIL
[harness] espocrm: defaulting APP_PASSWORD
[reset] espocrm: no leftover bench opportunities
[harness] espocrm responded 200 at http://127.0.0.1:8097/
stopped: fwec7-n1
  flow "fwec7" saved: 4 step(s), vars runid → /home/user/sitelooper/bench/results/flows/fwec7.json
  warning: note: 01-open no longer publishes seed_opportunity_count — no replay reads it from the page and the recording showed no line to read
  warning: note: 02-create no longer publishes record_id — no replay reads it from the page and the recording showed no line to read
  warning: note: 03-report no longer publishes stream_post_author — no replay reads it from the page and the recording showed no line to read
  warning: note: 04-open no longer publishes probability, close_date, created, other_stream_entry, fwec7-n1_present_in_list — no replay reads them from the page and the recording showed no line to read
  warning: warning: 1 value(s) KNOWN to be this run's survived unslotted — a replay will act on or wait for the recording's value (non-fatal outside locators):
  flow.pruned[3].outputs[4]: "fwec7-n1" (var) in "fwec7-n1_present_in_list"
  warning: warning: 140 other value(s) the run saw survived unslotted, judged by shape only (usually page copy; non-fatal):
  flow.steps[0].route: "http://127.0.0.1:8097/#Opportunity" (output) in "http://127.0.0.1:8097/#Opportunity"
  flow.steps[1].instruction: "Bench Assignee" (output) in "In EspoCRM, create a new Opportunity with these exact values: Name = '{{runid}} Bench Opportunity'; Account = the account named exactly 'Bench Account' (it is a"
  flow.steps[1].instruction: "Bench Account" (output) in "In EspoCRM, create a new Opportunity with these exact values: Name = '{{runid}} Bench Opportunity'; Account = the account named exactly 'Bench Account' (it is a"
  flow.steps[1].instruction: "Negotiation" (output) in "In EspoCRM, create a new Opportunity with these exact values: Name = '{{runid}} Bench Opportunity'; Account = the account named exactly 'Bench Account' (it is a"
  flow.steps[1].instruction: "2026-12-31" (output) in "In EspoCRM, create a new Opportunity with these exact values: Name = '{{runid}} Bench Opportunity'; Account = the account named exactly 'Bench Account' (it is a"
arm=sitelooper model=z-ai/glm-5.3 runid=fwec7-n1 stop=completed
turns=5 wall=276.3s
commands=4 cmdTime=257.1s cmdBytes=6270 timeouts=0
orchestrator in=4602 cw=0 cr=13888 out=1544
inner prompt=1253359 cached=1158144 completion=17620
spend=$0.0453 maxUsd=3
learn: A_n=0 replayed=0/4 full=0 repaired=0 compiled=4 variants=0
-> /home/user/sitelooper/bench/results/fwec7-n1-sitelooper-result.json

fwec7-n1: objectives passed 7/7
  obj 1: PASS — all 3 seed names reported
  obj 2: PASS — id=6ab26f68ad90db6c3, account=Bench Account, description includes runid=true
  obj 3: PASS — stage=Negotiation
  obj 4: PASS — amount=12500 USD, closeDate=2026-12-31
  obj 5: PASS — assignedUser=Bench Assignee
  obj 6: PASS — 1 post(s), 1 carrying the runid
  obj 7: PASS — record id 6ab26f68ad90db6c3 reported

[sweep] run 2/3: fwec7-n2 (replay flow fwec7, no orchestrator)
[reset] espocrm: deleted 1 leftover bench opportunit(ies)

fwec7-n2: objectives passed 7/7
  obj 1: PASS — all 3 seed names reported
  obj 2: PASS — id=6ab26fe9db784c70d, account=Bench Account, description includes runid=true
  obj 3: PASS — stage=Negotiation
  obj 4: PASS — amount=12500 USD, closeDate=2026-12-31
  obj 5: PASS — assignedUser=Bench Assignee
  obj 6: PASS — 1 post(s), 1 carrying the runid
  obj 7: PASS — record id 6ab26fe9db784c70d reported

[sweep] run 3/3: fwec7-n3 (replay flow fwec7, no orchestrator)
[reset] espocrm: deleted 1 leftover bench opportunit(ies)

fwec7-n3: objectives passed 7/7
  obj 1: PASS — all 3 seed names reported
  obj 2: PASS — id=6ab270201e3722596, account=Bench Account, description includes runid=true
  obj 3: PASS — stage=Negotiation
  obj 4: PASS — amount=12500 USD, closeDate=2026-12-31
  obj 5: PASS — assignedUser=Bench Assignee
  obj 6: PASS — 1 post(s), 1 carrying the runid
  obj 7: PASS — record id 6ab270201e3722596 reported

Learning sweep fwec7 (K=3)
┌─────────┬───┬────────────┬──────────┬─────────────┬───────┬──────┬───────────┬─────┬──────────────┬────────┐
│ (index) │ n │ runid      │ verified │ stop        │ turns │ cmds │ total_usd │ A_n │ replayed     │ wall_s │
├─────────┼───┼────────────┼──────────┼─────────────┼───────┼──────┼───────────┼─────┼──────────────┼────────┤
│ 0       │ 1 │ 'fwec7-n1' │ '7/7'    │ 'completed' │ 5     │ 4    │ 0.0453    │ 0   │ '0/4'        │ 276    │
│ 1       │ 2 │ 'fwec7-n2' │ '7/7'    │ 'success'   │ 0     │ 4    │ 0         │ 1   │ '4/4 (flow)' │ 48     │
│ 2       │ 3 │ 'fwec7-n3' │ '7/7'    │ 'success'   │ 0     │ 4    │ 0         │ 1   │ '4/4 (flow)' │ 45     │
└─────────┴───┴────────────┴──────────┴─────────────┴───────┴──────┴───────────┴─────┴──────────────┴────────┘
http://127.0.0.1:8097
  s_1a0ec0  validated    5 steps  3/3 (100%)
           Open {{v1}} and sign in with username {{v2}} and password {{v3}}. Then navigate to the Opportunities list and …
  s_2354bc  validated   18 steps  3/3 (100%)
           In EspoCRM, create a new Opportunity with these exact values: Name = '{{v2}}'; Account = the account named exa…
  s_26fbab  validated    1 steps  3/3 (100%)
           In EspoCRM, create a new Opportunity with these exact values: Name = '{{v2}}'; Account = the account named exa…
  s_3876fd  validated   20 steps  3/3 (100%)
           In EspoCRM, create a new Opportunity with these exact values: Name = '{{v2}}'; Account = the account named exa…
  s_b67d34  validated    5 steps  3/3 (100%)
           On the EspoCRM record page for the opportunity '{{v1}}' (at #Opportunity/view/{{v3}}), post a message to its S…
  s_ea1ceb  validated   16 steps  3/3 (100%)
           Verification only, no changes: Open the EspoCRM opportunity record page at {{v1}} and report exactly what the …
  s_ea6e1c  validated    8 steps  3/3 (100%)
           Open {{v1}} and sign in with username {{v2}} and password {{v3}}. Then navigate to the Opportunities list and …
  s_ffce46  validated    2 steps  3/3 (100%)
           Verification only, no changes: Open the EspoCRM opportunity record page at {{v1}} and report exactly what the …
store: /home/user/sitelooper/bench/results/fwec7-skills

summary: /home/user/sitelooper/bench/results/fwec7-sweep.json
