
[sweep] run 1/3: fwec4-n1 (store: /home/user/sitelooper/bench/results/fwec4-skills)
[harness] espocrm: defaulting APP_URL
[harness] espocrm: defaulting APP_EMAIL
[harness] espocrm: defaulting APP_PASSWORD
[reset] espocrm: no leftover bench opportunities
[harness] espocrm responded 200 at http://127.0.0.1:8097/
stopped: fwec4-n1
  flow "fwec4" saved: 5 step(s), vars runid → /home/user/sitelooper/bench/results/flows/fwec4.json
  warning: note: 02-create no longer publishes record_id, assigned_user — no replay reads them from the page and the recording showed no line to read
  warning: note: 03-verify no longer publishes posted_by — no replay reads it from the page and the recording showed no line to read
  warning: note: 04-open no longer publishes account, stage, assigned_user, stream_post_author — no replay reads them from the page and the recording showed no line to read
  warning: note: 05-edit no longer publishes amount_currency — no replay reads it from the page and the recording showed no line to read
  warning: warning: 81 other value(s) the run saw survived unslotted, judged by shape only (usually page copy; non-fatal):
  flow.steps[1].instruction: "Bench Assignee" (output) in "In EspoCRM, create a new Opportunity with these exact values: Name = '{{runid}} Bench Opportunity', Account = 'Bench Account' (choose it from the link field's s"
  flow.steps[1].instruction: "Bench Account" (output) in "In EspoCRM, create a new Opportunity with these exact values: Name = '{{runid}} Bench Opportunity', Account = 'Bench Account' (choose it from the link field's s"
  flow.steps[1].instruction: "Negotiation" (output) in "In EspoCRM, create a new Opportunity with these exact values: Name = '{{runid}} Bench Opportunity', Account = 'Bench Account' (choose it from the link field's s"
  flow.steps[1].instruction: "2026-12-31" (output) in "In EspoCRM, create a new Opportunity with these exact values: Name = '{{runid}} Bench Opportunity', Account = 'Bench Account' (choose it from the link field's s"
  flow.steps[1].params.v3: "Bench Account" (output) in "Bench Account"
arm=sitelooper model=z-ai/glm-5.3 runid=fwec4-n1 stop=completed
turns=7 wall=211.6s
commands=6 cmdTime=190.9s cmdBytes=5919 timeouts=0
orchestrator in=12241 cw=0 cr=12864 out=1974
inner prompt=1277100 cached=1150912 completion=15453
spend=$0.1229 maxUsd=3
learn: A_n=0 replayed=0/5 full=0 repaired=0 compiled=5 variants=0
-> /home/user/sitelooper/bench/results/fwec4-n1-sitelooper-result.json

fwec4-n1: objectives passed 7/7
  obj 1: PASS — all 3 seed names reported
  obj 2: PASS — id=6ab246ffdcfd08d6f, account=Bench Account, description includes runid=true
  obj 3: PASS — stage=Negotiation
  obj 4: PASS — amount=12500 USD, closeDate=2026-12-31
  obj 5: PASS — assignedUser=Bench Assignee
  obj 6: PASS — 1 post(s), 1 carrying the runid
  obj 7: PASS — record id 6ab246ffdcfd08d6f reported

[sweep] run 2/3: fwec4-n2 (replay flow fwec4, no orchestrator)
[reset] espocrm: deleted 1 leftover bench opportunit(ies)
[sweep] fwec4-n2: 3 drift ticket(s) → fwec4-n2-drift.json

fwec4-n2: objectives passed 7/7
  obj 1: PASS — all 3 seed names reported
  obj 2: PASS — id=6ab247b41814e3673, account=Bench Account, description includes runid=true
  obj 3: PASS — stage=Negotiation
  obj 4: PASS — amount=12500 USD, closeDate=2026-12-31
  obj 5: PASS — assignedUser=Bench Assignee
  obj 6: PASS — 1 post(s), 1 carrying the runid
  obj 7: PASS — record id 6ab247b41814e3673 reported

[sweep] run 3/3: fwec4-n3 (replay flow fwec4, no orchestrator)
[reset] espocrm: deleted 1 leftover bench opportunit(ies)
[sweep] fwec4-n3: 3 drift ticket(s) → fwec4-n3-drift.json

fwec4-n3: objectives passed 7/7
  obj 1: PASS — all 3 seed names reported
  obj 2: PASS — id=6ab2485323ee03204, account=Bench Account, description includes runid=true
  obj 3: PASS — stage=Negotiation
  obj 4: PASS — amount=12500 USD, closeDate=2026-12-31
  obj 5: PASS — assignedUser=Bench Assignee
  obj 6: PASS — 1 post(s), 1 carrying the runid
  obj 7: PASS — record id 6ab2485323ee03204 reported

Learning sweep fwec4 (K=3)
┌─────────┬───┬────────────┬──────────┬─────────────┬───────┬──────┬───────────┬─────┬──────────────┬────────┐
│ (index) │ n │ runid      │ verified │ stop        │ turns │ cmds │ total_usd │ A_n │ replayed     │ wall_s │
├─────────┼───┼────────────┼──────────┼─────────────┼───────┼──────┼───────────┼─────┼──────────────┼────────┤
│ 0       │ 1 │ 'fwec4-n1' │ '7/7'    │ 'completed' │ 7     │ 6    │ 0.1229    │ 0   │ '0/5'        │ 212    │
│ 1       │ 2 │ 'fwec4-n2' │ '7/7'    │ 'success'   │ 26    │ 5    │ 0.012     │ 0.8 │ '5/5 (flow)' │ 121    │
│ 2       │ 3 │ 'fwec4-n3' │ '7/7'    │ 'success'   │ 57    │ 5    │ 0.0353    │ 0.6 │ '5/5 (flow)' │ 260    │
└─────────┴───┴────────────┴──────────┴─────────────┴───────┴──────┴───────────┴─────┴──────────────┴────────┘
http://127.0.0.1:8097
  s_2ebe24  validated    5 steps  3/3 (100%)
           On the Opportunity record '{{v1}}' at #Opportunity/view/{{v3}}, click the Edit button to open the record in ed…
  s_524fe0  demoted     21 steps  1/3 (33%)
           In EspoCRM, create a new Opportunity with these exact values: Name = '{{v2}}', Account = '{{v3}}' (choose it f…
  s_9b7e22  validated    1 steps  3/3 (100%)
           In EspoCRM, create a new Opportunity with these exact values: Name = '{{v2}}', Account = '{{v3}}' (choose it f…
  s_b97f22  validated    4 steps  3/3 (100%)
           Sign in at http://127.0.0.1:8097/ with username {{v1}} and password {{v2}}. Then go to Opportunities, list all…
  s_f6d686  validated    7 steps  3/3 (100%)
           Sign in at http://127.0.0.1:8097/ with username {{v1}} and password {{v2}}. Then go to Opportunities, list all…
  s_fb90cc  validated    8 steps  3/3 (100%)
           Open the Opportunity record '{{v1}}' at #Opportunity/view/{{v3}} and verify the final saved state. Report exac…
  s_df28e8  validated    4 steps  2/2 (100%)
           On the Opportunity record page for '{{v1}}' (address #Opportunity/view/{{v3}}), post a message to its Stream p…
  s_141c49  provisional  3 steps  1/1 (100%)  variant of s_524fe0
           In EspoCRM, create a new Opportunity with these exact values: Name = '{{v2}}', Account = '{{v3}}' (choose it f…
  s_1d6b2a  provisional 33 steps  1/1 (100%)
           In EspoCRM, create a new Opportunity with these exact values: Name = '{{v2}}', Account = '{{v3}}' (choose it f…
  s_373d51  provisional 33 steps  1/1 (100%)  variant of s_524fe0
           In EspoCRM, create a new Opportunity with these exact values: Name = '{{v2}}', Account = '{{v3}}' (choose it f…
  s_4754de  provisional  1 steps  1/1 (100%)
           In EspoCRM, create a new Opportunity with these exact values: Name = '{{v2}}', Account = '{{v3}}' (choose it f…
  s_6e2e92  provisional  1 steps  1/1 (100%)
           In EspoCRM, create a new Opportunity with these exact values: Name = '{{v2}}', Account = '{{v3}}' (choose it f…
  s_aaf54a  provisional 12 steps  1/1 (100%)
           In EspoCRM, create a new Opportunity with these exact values: Name = '{{v2}}', Account = '{{v3}}' (choose it f…
  s_b9d99c  provisional  9 steps  1/1 (100%)
           On the Opportunity record page for '{{v1}}' (address #Opportunity/view/{{02-create.url.h2}}), post a message t…
  s_cad6eb  provisional  3 steps  1/1 (100%)
           In EspoCRM, create a new Opportunity with these exact values: Name = '{{v2}}', Account = '{{v3}}' (choose it f…
  s_e0d705  provisional 11 steps  1/1 (100%)
           In EspoCRM, create a new Opportunity with these exact values: Name = '{{v2}}', Account = '{{v3}}' (choose it f…
  s_e1285d  provisional 12 steps  1/1 (100%)  variant of s_524fe0
           In EspoCRM, create a new Opportunity with these exact values: Name = '{{v2}}', Account = '{{v3}}' (choose it f…
  s_e1e58c  provisional 33 steps  1/1 (100%)
           In EspoCRM, create a new Opportunity with these exact values: Name = '{{v2}}', Account = '{{v3}}' (choose it f…
  s_e23e99  provisional 11 steps  1/1 (100%)  variant of s_524fe0
           In EspoCRM, create a new Opportunity with these exact values: Name = '{{v2}}', Account = '{{v3}}' (choose it f…
  s_e49328  provisional  6 steps  1/1 (100%)
           In EspoCRM, create a new Opportunity with these exact values: Name = '{{v2}}', Account = '{{v3}}' (choose it f…
  s_f27492  provisional 33 steps  1/1 (100%)  variant of s_524fe0
           In EspoCRM, create a new Opportunity with these exact values: Name = '{{v2}}', Account = '{{v3}}' (choose it f…
  s_fe05bf  provisional  1 steps  1/1 (100%)
           On the Opportunity record page for '{{v1}}' (address #Opportunity/view/{{02-create.url.h2}}), post a message t…
store: /home/user/sitelooper/bench/results/fwec4-skills

summary: /home/user/sitelooper/bench/results/fwec4-sweep.json
