
Running 1 test using 1 worker

[sitelooper step] 01-signin
[sitelooper warn] 02-open s_c74f98/24: read 'search_filter_used' returned a value the skill itself set/selected ('Seed:') — confirms the control, not persistence; dropped from the report's confident values
[sitelooper step] 02-open
[sitelooper warn] 03-create s_e5df5d/5: 2 field(s) this procedure filled were empty again before this press (the page rebuilt its form, or dropped the value when the field lost focus, after the fills were checked) — refilled once
[sitelooper warn] 03-create s_e5df5d/12: 2 field(s) this procedure filled were empty again before this click (the page rebuilt its form, or dropped the value when the field lost focus, after the fills were checked); 1 of them kept only a value typed key by key — refilled once
[sitelooper warn] 03-create s_e5df5d/16: read 'close_date_value' returned a value the skill itself set/selected ('12/31/2025') — confirms the control, not persistence; dropped from the report's confident values
[sitelooper warn] 03-create s_e5df5d/18: the field already held the value this type enters (restored after the recording saw it emptied), so it was cleared first rather than typed onto
[sitelooper warn] 03-create s_e5df5d/19: read 'amount_value' returned '1,000' from a control this step set, and nothing committed it since — it shows the control, however the app formats it, not what the app stored; dropped from the report's confident values
[sitelooper warn] 03-create s_e5df5d/22: read 'close_date_entered' returned a value the skill itself set/selected ('31/12/2025') — confirms the control, not persistence; dropped from the report's confident values
[sitelooper warn] 03-create s_e5df5d/23: read 'amount_value_2' returned '1,000.00' from a control this step set, and nothing committed it since — it shows the control, however the app formats it, not what the app stored; dropped from the report's confident values
[sitelooper drift] 03-create s_2a173b/7 target: primary getByText('fwec20-luna-cv-spec Bench Opportunity', { exact: true }) missed; used #2 locator('div > div:nth-of-type(1) > h3 > div > div:nth-of-type(3) > span') (#1 ambiguous)
[sitelooper step] 03-create
[sitelooper step] 04-change
[sitelooper warn] 05-edit s_ecf0f1/6: read 'amount_after_fill' returned '1,000.00' from a control this step set, and nothing committed it since — it shows the control, however the app formats it, not what the app stored; dropped from the report's confident values
[sitelooper warn] 05-edit s_ecf0f1/7: read 'close_date_after_fill' returned '2037-06-16' from a control this step set, and nothing committed it since — it shows the control, however the app formats it, not what the app stored; dropped from the report's confident values
[sitelooper warn] 05-edit s_ecf0f1/9: read 'amount_after_fill' returned '1,000.00' from a control this step set, and nothing committed it since — it shows the control, however the app formats it, not what the app stored; dropped from the report's confident values
[sitelooper warn] 05-edit s_ecf0f1/13: read 'amount_field_input_value' returned '12,500.00' from a control this step set, and nothing committed it since — it shows the control, however the app formats it, not what the app stored; dropped from the report's confident values
[sitelooper warn] 05-edit s_ecf0f1/18: read 'close_date_stored_value' returned a value the skill itself set/selected ('2026-12-31') — confirms the control, not persistence; dropped from the report's confident values
[sitelooper warn] 05-edit s_ecf0f1/26: read 'close_date_stored_value' returned a value the skill itself set/selected ('2026-12-31') — confirms the control, not persistence; dropped from the report's confident values
[sitelooper warn] 05-edit s_ecf0f1/27: read 'amount_field_input_value' returned '12,500.00' from a control this step set, and nothing committed it since — it shows the control, however the app formats it, not what the app stored; dropped from the report's confident values
[sitelooper warn] 05-edit: report value close_date_now is only what this run typed: no click's own diff showed it outside its control and no read returned it — withheld from the report (still given to a later step)
[sitelooper warn] 05-edit: report value edit_form_close_date is only what this run typed: no click's own diff showed it outside its control and no read returned it — withheld from the report (still given to a later step)
[sitelooper step] 05-edit
[sitelooper step] 06-edit
[sitelooper warn] 07-create s_6ec74a/5: read 'posted_message_text' returned a value the skill itself set/selected ('fwec20-luna-cv-spec stream post verifying Stream message cre…') — confirms the control, not persistence; dropped from the report's confident values
[sitelooper step] 07-create
  ✓  1 fwec20-luna-cv.spec.ts:9:1 › fwec20-luna-cv (2.7m)

  1 passed (2.7m)
