
[sweep] run 1/3: fwec16-n1 (store: /home/user/sitelooper/bench/results/fwec16-skills)
[harness] espocrm: defaulting APP_URL
[harness] espocrm: defaulting APP_EMAIL
[harness] espocrm: defaulting APP_PASSWORD
[reset] espocrm: no leftover bench opportunities
[harness] espocrm responded 200 at http://127.0.0.1:8097/
stopped: fwec16-n1
  flow "fwec16" saved: 3 step(s), vars runid → /home/user/sitelooper/bench/results/flows/fwec16.json
  warning: note: 01-signin no longer publishes total_records — no replay reads it from the page and the recording showed no line to read
  warning: note: 03-verify no longer publishes post_author — no replay reads it from the page and the recording showed no line to read
  warning: warning: 34 other value(s) the run saw survived unslotted, judged by shape only (usually page copy; non-fatal):
  flow.steps[1].instruction: "Bench Assignee" (output) in "In EspoCRM, create a new Opportunity with name '{{runid}} Bench Opportunity'. Set the Account link field to the account named exactly 'Bench Account' (choose it"
  flow.steps[1].instruction: "Bench Account" (output) in "In EspoCRM, create a new Opportunity with name '{{runid}} Bench Opportunity'. Set the Account link field to the account named exactly 'Bench Account' (choose it"
  flow.steps[1].instruction: "Negotiation" (output) in "In EspoCRM, create a new Opportunity with name '{{runid}} Bench Opportunity'. Set the Account link field to the account named exactly 'Bench Account' (choose it"
  flow.steps[1].instruction: "2026-12-31" (output) in "In EspoCRM, create a new Opportunity with name '{{runid}} Bench Opportunity'. Set the Account link field to the account named exactly 'Bench Account' (choose it"
  flow.steps[1].params.v3: "Bench Account" (output) in "Bench Account"
arm=sitelooper model=z-ai/glm-5.3 runid=fwec16-n1 stop=completed
turns=4 wall=219.6s
commands=3 cmdTime=207.3s cmdBytes=3617 timeouts=0
orchestrator in=6828 cw=0 cr=6208 out=681
inner prompt=1060954 cached=957120 completion=15044
spend=$0.1043 maxUsd=3
learn: A_n=0 replayed=0/3 full=0 repaired=0 compiled=3 variants=0
-> /home/user/sitelooper/bench/results/fwec16-n1-sitelooper-result.json

fwec16-n1: objectives passed 7/7
  obj 1: PASS — all 3 seed names reported
  obj 2: PASS — id=6ab6576c41b2417b1, account=Bench Account, description includes runid=true
  obj 3: PASS — stage=Negotiation
  obj 4: PASS — amount=12500 USD, closeDate=2026-12-31
  obj 5: PASS — assignedUser=Bench Assignee
  obj 6: PASS — 1 post(s), 1 carrying the runid
  obj 7: PASS — record id 6ab6576c41b2417b1 reported

[sweep] run 2/3: fwec16-n2 (replay flow fwec16, no orchestrator)
[reset] espocrm: deleted 1 leftover bench opportunit(ies)
[sweep] fwec16-n2: 1 drift ticket(s) → fwec16-n2-drift.json

fwec16-n2: objectives passed 7/7
  obj 1: PASS — all 3 seed names reported
  obj 2: PASS — id=6ab657ec9480ffcdf, account=Bench Account, description includes runid=true
  obj 3: PASS — stage=Negotiation
  obj 4: PASS — amount=12500 USD, closeDate=2026-12-31
  obj 5: PASS — assignedUser=Bench Assignee
  obj 6: PASS — 1 post(s), 1 carrying the runid
  obj 7: PASS — record id 6ab657ec9480ffcdf reported

[sweep] run 3/3: fwec16-n3 (replay flow fwec16, no orchestrator)
[reset] espocrm: deleted 1 leftover bench opportunit(ies)
[sweep] fwec16-n3: 1 drift ticket(s) → fwec16-n3-drift.json

fwec16-n3: objectives passed 7/7
  obj 1: PASS — all 3 seed names reported
  obj 2: PASS — id=6ab65864ace50cd37, account=Bench Account, description includes runid=true
  obj 3: PASS — stage=Negotiation
  obj 4: PASS — amount=12500 USD, closeDate=2026-12-31
  obj 5: PASS — assignedUser=Bench Assignee
  obj 6: PASS — 1 post(s), 1 carrying the runid
  obj 7: PASS — record id 6ab65864ace50cd37 reported

Learning sweep fwec16 (K=3)
┌─────────┬───┬─────────────┬──────────┬─────────────┬───────┬──────┬───────────┬─────┬──────────────┬────────┐
│ (index) │ n │ runid       │ verified │ stop        │ turns │ cmds │ total_usd │ A_n │ replayed     │ wall_s │
├─────────┼───┼─────────────┼──────────┼─────────────┼───────┼──────┼───────────┼─────┼──────────────┼────────┤
│ 0       │ 1 │ 'fwec16-n1' │ '7/7'    │ 'completed' │ 4     │ 3    │ 0.1043    │ 0   │ '0/3'        │ 220    │
│ 1       │ 2 │ 'fwec16-n2' │ '7/7'    │ 'success'   │ 0     │ 3    │ 0         │ 1   │ '3/3 (flow)' │ 113    │
│ 2       │ 3 │ 'fwec16-n3' │ '7/7'    │ 'success'   │ 0     │ 3    │ 0         │ 1   │ '3/3 (flow)' │ 112    │
└─────────┴───┴─────────────┴──────────┴─────────────┴───────┴──────┴───────────┴─────┴──────────────┴────────┘
http://127.0.0.1:8097
  s_24a089  validated    3 steps  3/3 (100%)
           Sign in to EspoCRM at {{v1}} with username {{v2}} and password {{v3}} (type that literal text exactly as shown…
  s_3a365e  validated    1 steps  3/3 (100%)
           In EspoCRM, create a new Opportunity with name '{{v2}}'. Set the Account link field to the account named exact…
  s_4120c4  validated    5 steps  3/3 (100%)
           Sign in to EspoCRM at {{v1}} with username {{v2}} and password {{v3}} (type that literal text exactly as shown…
  s_585995  validated    9 steps  3/3 (100%)
           On the Opportunity detail page for '{{v1}}' (id {{v3}}), post a note on the Stream panel whose text includes '…
  s_abc622  validated    7 steps  3/3 (100%)
           In EspoCRM, create a new Opportunity with name '{{v2}}'. Set the Account link field to the account named exact…
  s_ae8cff  validated   33 steps  3/3 (100%)
           In EspoCRM, create a new Opportunity with name '{{v2}}'. Set the Account link field to the account named exact…
store: /home/user/sitelooper/bench/results/fwec16-skills

summary: /home/user/sitelooper/bench/results/fwec16-sweep.json
