
[sweep] run 1/3: fwec3-n1 (store: /home/user/sitelooper/bench/results/fwec3-skills)
[harness] espocrm: defaulting APP_URL
[harness] espocrm: defaulting APP_EMAIL
[harness] espocrm: defaulting APP_PASSWORD
[reset] espocrm: no leftover bench opportunities
[harness] espocrm responded 200 at http://127.0.0.1:8097/
stopped: fwec3-n1
  flow "fwec3" saved: 7 step(s), vars runid → /home/user/sitelooper/bench/results/flows/fwec3.json
  warning: note: 02-report no longer publishes seed_prefixed_count — no replay reads it from the page and the recording showed no line to read
  warning: note: 03-create no longer publishes record_id, account_record_id, assigned_user_record_id — no replay reads them from the page and the recording showed no line to read
  warning: note: 04-verify no longer publishes had_to_change — no replay reads it from the page and the recording showed no line to read
  warning: note: 05-find no longer publishes post_author — no replay reads it from the page and the recording showed no line to read
  warning: note: 07-report no longer publishes total_record_count — no replay reads it from the page and the recording showed no line to read
  warning: warning: 190 other value(s) the run saw survived unslotted, judged by shape only (usually page copy; non-fatal):
  flow.startUrl: "http://127.0.0.1:8097/" (output) in "http://127.0.0.1:8097/"
  flow.steps[0].route: "http://127.0.0.1:8097/" (output) in "http://127.0.0.1:8097/"
  flow.steps[1].route: "http://127.0.0.1:8097/" (output) in "http://127.0.0.1:8097/#Opportunity"
  flow.steps[2].instruction: "Bench Assignee" (output) in "Create a new Opportunity record with these values: Name = '{{runid}} Bench Opportunity'; Account = 'Bench Account' (this is a link field — type it and actually "
  flow.steps[2].instruction: "Bench Account" (output) in "Create a new Opportunity record with these values: Name = '{{runid}} Bench Opportunity'; Account = 'Bench Account' (this is a link field — type it and actually "
arm=sitelooper model=z-ai/glm-5.3 runid=fwec3-n1 stop=completed
turns=9 wall=720.0s
commands=8 cmdTime=699.3s cmdBytes=9207 timeouts=0
orchestrator in=5852 cw=0 cr=31808 out=2337
inner prompt=2992765 cached=2667776 completion=32146
spend=$0.6303 maxUsd=3
learn: A_n=0 replayed=0/7 full=0 repaired=0 compiled=7 variants=0
-> /home/user/sitelooper/bench/results/fwec3-n1-sitelooper-result.json

fwec3-n1: objectives passed 7/7
  obj 1: PASS — all 3 seed names reported
  obj 2: PASS — id=6ab22cfb7375451c5, account=Bench Account, description includes runid=true
  obj 3: PASS — stage=Negotiation
  obj 4: PASS — amount=12500 USD, closeDate=2026-12-31
  obj 5: PASS — assignedUser=Bench Assignee
  obj 6: PASS — 1 post(s), 1 carrying the runid
  obj 7: PASS — record id 6ab22cfb7375451c5 reported

[sweep] run 2/3: fwec3-n2 (replay flow fwec3, no orchestrator)
[reset] espocrm: deleted 1 leftover bench opportunit(ies)
[sweep] fwec3-n2: 1 drift ticket(s) → fwec3-n2-drift.json

fwec3-n2: objectives passed 7/7
  obj 1: PASS — all 3 seed names reported
  obj 2: PASS — id=6ab22e08bd5a94e2d, account=Bench Account, description includes runid=true
  obj 3: PASS — stage=Negotiation
  obj 4: PASS — amount=12500 USD, closeDate=2026-12-31
  obj 5: PASS — assignedUser=Bench Assignee
  obj 6: PASS — 1 post(s), 1 carrying the runid
  obj 7: PASS — record id 6ab22e08bd5a94e2d reported

[sweep] run 3/3: fwec3-n3 (replay flow fwec3, no orchestrator)
[reset] espocrm: deleted 1 leftover bench opportunit(ies)
[sweep] fwec3-n3: 1 drift ticket(s) → fwec3-n3-drift.json

fwec3-n3: objectives passed 7/7
  obj 1: PASS — all 3 seed names reported
  obj 2: PASS — id=6ab22e61abf39f039, account=Bench Account, description includes runid=true
  obj 3: PASS — stage=Negotiation
  obj 4: PASS — amount=12500 USD, closeDate=2026-12-31
  obj 5: PASS — assignedUser=Bench Assignee
  obj 6: PASS — 1 post(s), 1 carrying the runid
  obj 7: PASS — record id 6ab22e61abf39f039 reported

Learning sweep fwec3 (K=3)
┌─────────┬───┬────────────┬──────────┬─────────────┬───────┬──────┬───────────┬─────┬──────────────┬────────┐
│ (index) │ n │ runid      │ verified │ stop        │ turns │ cmds │ total_usd │ A_n │ replayed     │ wall_s │
├─────────┼───┼────────────┼──────────┼─────────────┼───────┼──────┼───────────┼─────┼──────────────┼────────┤
│ 0       │ 1 │ 'fwec3-n1' │ '7/7'    │ 'completed' │ 9     │ 8    │ 0.6303    │ 0   │ '0/7'        │ 720    │
│ 1       │ 2 │ 'fwec3-n2' │ '7/7'    │ 'success'   │ 0     │ 7    │ 0         │ 1   │ '7/7 (flow)' │ 82     │
│ 2       │ 3 │ 'fwec3-n3' │ '7/7'    │ 'success'   │ 0     │ 7    │ 0         │ 1   │ '7/7 (flow)' │ 82     │
└─────────┴───┴────────────┴──────────┴─────────────┴───────┴──────┴───────────┴─────┴──────────────┴────────┘
http://127.0.0.1:8097
  s_0c4ac2  validated    5 steps  3/3 (100%)
           On the opportunity record page for '{{v1}}' ({{v3}}#Opportunity/view/{{v4}}), find the Stream panel and post a…
  s_4276a9  validated   51 steps  3/3 (100%)
           Create a new Opportunity record with these values: Name = '{{v2}}'; Account = 'Bench Account' (this is a link …
  s_478961  validated    7 steps  3/3 (100%)
           Navigate to the Opportunities list view. Report the names of every opportunity whose name starts with 'Seed:',…
  s_56a2ef  validated    1 steps  3/3 (100%)
           Create a new Opportunity record with these values: Name = '{{v2}}'; Account = 'Bench Account' (this is a link …
  s_5f7129  validated    9 steps  3/3 (100%)
           Open the opportunity record page at {{v4}} fresh (reload it) and verify all of the following, reporting the ex…
  s_6bca92  validated    5 steps  3/3 (100%)
           On the opportunity record page for '{{v1}}' ({{v3}}#Opportunity/view/{{v4}}), I need to verify the exact store…
  s_6cf874  validated   11 steps  3/3 (100%)
           Sign in to EspoCRM with username 'admin' and password '{{v1}}', then confirm you are logged in (e.g. the dashb…
  s_94fd45  validated    9 steps  3/3 (100%)
           Go to the Opportunities list view and report the full list of opportunity names shown, in order, and the total…
  s_bfd1d2  validated    6 steps  3/3 (100%)
           Create a new Opportunity record with these values: Name = '{{v2}}'; Account = 'Bench Account' (this is a link …
  s_d0472c  validated    1 steps  3/3 (100%)
           Navigate to the Opportunities list view. Report the names of every opportunity whose name starts with 'Seed:',…
  s_fc9e81  validated    1 steps  3/3 (100%)
           Go to the Opportunities list view and report the full list of opportunity names shown, in order, and the total…
store: /home/user/sitelooper/bench/results/fwec3-skills

summary: /home/user/sitelooper/bench/results/fwec3-sweep.json
