
Running 1 test using 1 worker

[sitelooper warn] 01-signin: report value signed_in_user is only what this run typed: no click's own diff showed it outside its control and no read returned it — withheld from the report (still given to a later step)
[sitelooper step] 01-signin
[sitelooper step] 02-find
[sitelooper step] 03-create
[sitelooper warn] 04-create s_2fa74b/3: read 'customer' returned a value the skill itself set/selected ('fwen7-luna-spec Bench Customer') — confirms the control, not persistence; dropped from the report's confident values
[sitelooper warn] 04-create s_2fa74b/4: read 'saved_customer' returned a value the skill itself set/selected ('fwen7-luna-spec Bench Customer') — confirms the control, not persistence; dropped from the report's confident values
[sitelooper warn] 04-create s_2fa74b/15: read 'item2_code' returned a value the skill itself set/selected ('item_code') — confirms the control, not persistence; dropped from the report's confident values
[sitelooper drift] 04-create s_99ad33/1 target: primary getByText('Bench Widget', { exact: true }) missed; used #2 locator('.grid-body .grid-row .col[data-fieldname="item_code"]').first() (#1 ambiguous)
[sitelooper drift] 04-create s_99ad33/2 target: primary getByText('Bench Gadget', { exact: true }) missed; used #2 locator('.grid-body .grid-row .col[data-fieldname="item_code"]').nth(1) (#1 ambiguous)
[sitelooper warn] 04-create s_99ad33/3: read 'delivery_date' returned a value the skill itself set/selected ('2026-12-31') — confirms the control, not persistence; dropped from the report's confident values
[sitelooper warn] 04-create s_99ad33/4: read 'customer' returned a value the skill itself set/selected ('fwen7-luna-spec Bench Customer') — confirms the control, not persistence; dropped from the report's confident values
[sitelooper warn] 04-create s_99ad33/13: read 'delivery_date' returned a value the skill itself set/selected ('2026-12-31') — confirms the control, not persistence; dropped from the report's confident values
[sitelooper drift] 04-create s_99ad33/18 target: primary getByText('Bench Widget', { exact: true }) missed; used #2 locator('div:nth-of-type(1) > div:nth-of-type(1) > div > div:nth-of-type(3) > div:nth-of-type(2) > a') (#1 ambiguous)
[sitelooper drift] 04-create s_99ad33/19 target: primary getByText('Bench Gadget', { exact: true }) missed; used #2 locator('div:nth-of-type(1) > div:nth-of-type(2) > div > div:nth-of-type(3) > div:nth-of-type(2) > a') (#1 ambiguous)
[sitelooper drift] 04-create s_99ad33/21 target: primary getByText('Bench Widget', { exact: true }) missed; used #2 locator('div:nth-of-type(1) > div:nth-of-type(1) > div > div:nth-of-type(3) > div:nth-of-type(2) > a') (#1 ambiguous)
[sitelooper drift] 04-create s_99ad33/23 target: primary getByText('Bench Gadget', { exact: true }) missed; used #2 locator('div:nth-of-type(1) > div:nth-of-type(2) > div > div:nth-of-type(3) > div:nth-of-type(2) > a') (#1 ambiguous)
[sitelooper step] 04-create
[sitelooper drift] 05-verify s_792b2c/9 target: primary getByText('fwen7-luna-spec Bench Customer', { exact: true }) missed; used #2 locator('div > div:nth-of-type(1) > div > div > div:nth-of-type(1) > h3') (#1 ambiguous)
[sitelooper step] 05-verify
[sitelooper step] 06-assert
[sitelooper step] 07-verify
[sitelooper step] 08-assert
[sitelooper recipe] filled via recipe contenteditable/set-value (r_7b1e49); value verified on the component
[sitelooper warn] 09-add s_51b36b/6: read 'comment_text_exact' returned a value the skill itself set/selected ('fwen7-luna-spec — timeline comment added by the sitelooper r…') — confirms the control, not persistence; dropped from the report's confident values
[sitelooper drift] 09-add s_51b36b/14 target: primary locator('#comment-i1tte84qob > div > span > span:nth-of-type(1) > span > span:nth-of-type(3)') missed; used #2 locator('[data-sitelooper-point="383,1793"]') (#1 absent)
[sitelooper drift] 09-add s_51b36b/16 target: primary locator('#comment-i1tte84qob > div > span > span:nth-of-type(1) > span > span:nth-of-type(3)') missed; used #2 locator('[data-sitelooper-point="383,1793"]') (#1 absent)
[sitelooper warn] 09-add: report value contains_runid is only what this run typed: no click's own diff showed it outside its control and no read returned it — withheld from the report (still given to a later step)
[sitelooper step] 09-add
[sitelooper step] 10-assert
  ✓  1 fwen7-luna.spec.ts:9:1 › fwen7-luna (3.1m)

  1 passed (3.3m)
