[spec-replay] resetting erpnext
[reset] erpnext: cleared saved list settings for Sales Order (List, Report, Kanban, Calendar, Gantt, Image, Inbox, Dashboard, last_view, updated_on)
[reset] erpnext: cleared saved list settings for Customer (List, Report, Kanban, Calendar, Gantt, Image, Inbox, Dashboard, last_view, updated_on)
[reset] erpnext: cleared saved list settings for Item (List, Report, Kanban, Calendar, Gantt, Image, Inbox, Dashboard, last_view)
[reset] erpnext: cleared saved list settings for Sales Invoice (List, Report, Kanban, Calendar, Gantt, Image, Inbox, Dashboard, last_view)
[reset] erpnext: cleared saved list settings for Quotation (List, Report, Kanban, Calendar, Gantt, Image, Inbox, Dashboard, last_view)
[reset] erpnext: cleared saved list settings for Delivery Note (List, Report, Kanban, Calendar, Gantt, Image, Inbox, Dashboard, last_view)
[reset] erpnext: deleted 1 sales order(s) (earlier runs' and non-seed)
[reset] erpnext: deleted customer "fwen5-luna-n3 Bench Customer"
[spec-replay] compiling: /opt/node22/bin/node /home/user/sitelooper/bin/sitelooper.js compile bench/results/flows/fwen5-luna.json --out /home/user/sitelooper/bench/results/fwen5-luna-spec-spec-tmp --overwrite-spec
flow: /home/user/sitelooper/bench/results/fwen5-luna-spec-spec-tmp/fwen5-luna.flow.ts
spec: /home/user/sitelooper/bench/results/fwen5-luna-spec-spec-tmp/fwen5-luna.spec.ts
facts http://127.0.0.1:8100: 101 relied (27 hard), 46 advisory
warning a component recipe is demoted in the store, and the compiled artifact omits it for good
  why: aria-combobox/set-value: learned recipe r_e1a200 is demoted in the component store (2 consecutive verification failures); the snapshot omits it. The snapshot is compile-time state: the daemon keeps validating, learning and demoting after this file is written; the artifact runs what it was given.
  fix: record the widget again with the daemon to learn a working recipe, then recompile
warning a component recipe is demoted in the store, and the compiled artifact omits it for good
  why: aria-combobox/set-value: learned recipe r_4d0993 is demoted in the component store (2 consecutive verification failures); the snapshot omits it. The snapshot is compile-time state: the daemon keeps validating, learning and demoting after this file is written; the artifact runs what it was given.
  fix: record the widget again with the daemon to learn a working recipe, then recompile
warning a component family has no usable recipe, so the compiled artifact drives it with the native primitive for good
  why: aria-combobox/set-value: no usable recipe; the artifact falls back to the native primitive on this family, as the daemon does today. The snapshot is compile-time state: the daemon keeps validating, learning and demoting after this file is written; the artifact runs what it was given.
  fix: record the widget again with the daemon to learn a working recipe, then recompile

  warning: 05-set: step 27 (read save_alert) has no locator left — it publishes nothing, as replay skips it
[spec-replay] running: npx playwright test --config /home/user/sitelooper/bench/results/fwen5-luna-spec-spec-tmp/playwright.config.mjs
[spec-replay] fwen5-luna-spec: 1/1 passed, exit=0, 137s, 4 drift line(s) — result written
