
Running 1 test using 1 worker

[sitelooper warn] 01-signin: report value login_email is only what this run typed: no click's own diff showed it outside its control and no read returned it — withheld from the report (still given to a later step)
[sitelooper warn] 01-signin: report value logged_in_user_shown is only what this run typed: no click's own diff showed it outside its control and no read returned it — withheld from the report (still given to a later step)
[sitelooper step] 01-signin
[sitelooper step] 02-find
[sitelooper warn] step 03-create s_9be167/3: resolved positionally and its only recorded effect is the fill's own echo — the effect gate cannot tell right element from wrong here
[sitelooper step] 03-create
[sitelooper warn] 04-create s_1c570b/2: read 'delivery_date' returned a value the skill itself set/selected ('2026-12-31') — confirms the control, not persistence; dropped from the report's confident values
[sitelooper drift] 04-create s_1c570b/3 target: primary getByText('Bench Widget', { exact: true }) missed; used #2 locator('[data-fieldname="items"] .grid-body .grid-row .col[data-fieldname="item_code"] .static-area').first() (#1 ambiguous)
[sitelooper drift] 04-create s_1c570b/16 target: primary getByText('Bench Widget', { exact: true }) missed; used #2 locator('div:nth-of-type(1) > div:nth-of-type(1) > div > div:nth-of-type(3) > div:nth-of-type(2) > a') (#1 ambiguous)
[sitelooper step] 04-create
[sitelooper warn] 05-verify s_4eb1e7/4: read 'submit_button_label' returned a value the skill itself set/selected ('Submit') — confirms the control, not persistence; dropped from the report's confident values
[sitelooper step] 05-verify
[sitelooper recipe] filled via recipe contenteditable/set-value (r_7b1e49); value verified on the component
[sitelooper warn] 06-add s_700b9b/3: read 'comment_text_posted' returned a value the skill itself set/selected ('runid fwen9-luna-spec') — confirms the control, not persistence; dropped from the report's confident values
[sitelooper warn] 06-add: report value comment_text_typed is only what this run typed: no click's own diff showed it outside its control and no read returned it — withheld from the report (still given to a later step)
[sitelooper warn] 06-add: report value ref is only what this run typed: no click's own diff showed it outside its control and no read returned it — withheld from the report (still given to a later step)
[sitelooper step] 06-add
[sitelooper probe] 03-create: http://127.0.0.1:8100/app/customer/fwen9-luna-spec%20Bench%20Customer still shows what it saved
  ✓  1 fwen9-luna.spec.ts:9:1 › fwen9-luna (1.9m)

  1 passed (1.9m)
