
Running 1 test using 1 worker

[sitelooper warn] 01-signin: report value signed_in_user is only what this run typed: no click's own diff showed it outside its control and no read returned it — withheld from the report (still given to a later step)
[sitelooper step] 01-signin
[sitelooper step] 02-report
[sitelooper drift] 03-create s_595655/2 target: primary getByText('fwen5-luna-spec Bench Customer', { exact: true }) missed; used #2 locator('div > div:nth-of-type(1) > div > div > div:nth-of-type(1) > h3').nth(3) (#1 ambiguous)
[sitelooper step] 03-create
[sitelooper warn] 04-create s_7c3c91/3: the field already held the value this type enters (restored after the recording saw it emptied), so it was cleared first rather than typed onto
[sitelooper warn] 04-create s_ae7c21/1: read 'delivery_date' returned a value the skill itself set/selected ('2026-12-31') — confirms the control, not persistence; dropped from the report's confident values
[sitelooper step] 04-create
[sitelooper drift] 05-set s_9d6cc6/6 target: primary locator('.grid-body .grid-row[data-name="new-sales-order-item-curuwsrjxu"] > .data-row > div[data-fieldname="item_code"]') missed; used #2 locator('div > div:nth-of-type(2) > div:nth-of-type(1) > div:nth-of-type(2) > div > div:nth-of-type(3)').nth(2) (#1 absent)
[sitelooper drift] 05-set s_9d6cc6/7 target: primary locator('.grid-body .grid-row[data-name="new-sales-order-item-curuwsrjxu"] input[data-fieldname="item_code"]') missed; used #2 getByRole('combobox', { name: /^[\s\p{Co}\p{So}\p{Cf}]*Item\s+Code[\s\p{Co}\p{So}\p{Cf}]*$/u }) (#1 absent)
[sitelooper warn] 05-set s_9d6cc6/14: read 'item_2_name' returned a value the skill itself set/selected ('Bench Gadget') — confirms the control, not persistence; dropped from the report's confident values
[sitelooper warn] 05-set s_9d6cc6/20: read 'item_2_name' returned a value the skill itself set/selected ('Bench Gadget') — confirms the control, not persistence; dropped from the report's confident values
[sitelooper drift] 05-set s_9d6cc6/24 target: primary getByText('fwen5-luna-spec Bench Customer', { exact: true }) missed; used #2 locator('div > div:nth-of-type(1) > div > div > div:nth-of-type(1) > h3').nth(2) (#1 ambiguous)
[sitelooper skip] 05-set s_9d6cc6/27 target: no locator recorded — value left empty
[sitelooper step] 05-set
[sitelooper skip] 06-verify s_4f8403/3 target: read target not found — value left empty
[sitelooper step] 06-verify
[sitelooper recipe] filled via recipe contenteditable/set-value (r_7b1e49); value verified on the component
[sitelooper warn] 07-add: report value comment_text is only what this run typed: no click's own diff showed it outside its control and no read returned it — withheld from the report (still given to a later step)
[sitelooper warn] 07-add: report value runid_in_comment is only what this run typed: no click's own diff showed it outside its control and no read returned it — withheld from the report (still given to a later step)
[sitelooper step] 07-add
  ✓  1 fwen5-luna.spec.ts:9:1 › fwen5-luna (2.1m)

  1 passed (2.3m)
