[spec-replay] resetting erpnext
[reset] erpnext: cleared saved list settings for Sales Order (List, Report, Kanban, Calendar, Gantt, Image, Inbox, Dashboard, last_view, updated_on)
[reset] erpnext: cleared saved list settings for Customer (List, Report, Kanban, Calendar, Gantt, Image, Inbox, Dashboard, last_view)
[reset] erpnext: cleared saved list settings for Item (List, Report, Kanban, Calendar, Gantt, Image, Inbox, Dashboard, last_view)
[reset] erpnext: cleared saved list settings for Sales Invoice (List, Report, Kanban, Calendar, Gantt, Image, Inbox, Dashboard, last_view)
[reset] erpnext: cleared saved list settings for Quotation (List, Report, Kanban, Calendar, Gantt, Image, Inbox, Dashboard, last_view)
[reset] erpnext: cleared saved list settings for Delivery Note (List, Report, Kanban, Calendar, Gantt, Image, Inbox, Dashboard, last_view)
[reset] erpnext: deleted 1 sales order(s) (earlier runs' and non-seed)
[reset] erpnext: deleted customer "fwen2-luna-n3 Bench Customer"
[spec-replay] compiling: /opt/node22/bin/node /home/user/sitelooper/bin/sitelooper.js compile bench/results/flows/fwen2-luna.json --out /home/user/sitelooper/bench/results/fwen2-luna-spec-spec-tmp --overwrite-spec
facts http://127.0.0.1:8100: 129 relied (50 hard), 62 advisory
error 02-find: it is pinned to the demoted skill s_c12ca0 — the compiled spec inherits a procedure whose last replays failed at the same step
  why: s_c12ca0 is demoted: 1 of 3 replays succeeded; replay failed at step 1 on 2 of them; 2 of the 2 stop(s) were recovered (the step still finished); the demotion was two consecutive failures at step 1; last used 2026-10-01T16:45:00.713Z.
  fix: sitelooper rerecord bench/results/flows/fwen2-luna.json 02-find
warning 04-create: it has no converged procedure, so the compiled spec throws here
  why: nothing in the store resolves to a recorded procedure for this step; the emitted body is a throw, not a silent skip.
  fix: sitelooper rerecord bench/results/flows/fwen2-luna.json 04-create

nothing written: the error(s) above are about the RECORDING, not the app — a compiled spec would fail at a locator and read as drift.
re-record the step(s) with the fix command above, or pass --allow-demoted to compile the demoted pin anyway.
  warning: 05-edit: step 14 (read grand_total) has no locator left — it publishes nothing, as replay skips it
  warning: 05-edit: step 24 (read save_alert) has no locator left — it publishes nothing, as replay skips it
sitelooper: refused: a step is pinned to a demoted skill — see the diagnostics above (--allow-demoted compiles it anyway)
[spec-replay] fwen2-luna-spec: not compilable — result written (exit 2)
