
Running 1 test using 1 worker

[sitelooper warn] 01-signin: report value signed_in_user is only what this run typed: no click's own diff showed it outside its control and no read returned it — withheld from the report (still given to a later step)
[sitelooper step] 01-signin
[sitelooper step] 02-find
[sitelooper warn] 03-create s_7296ac/1: read 'customer_record_name' returned a value the skill itself set/selected ('fwen8-luna-cv-spec Bench Customer') — confirms the control, not persistence; dropped from the report's confident values
[sitelooper skip] 03-create s_7296ac/6 target: read target not found — value left empty
[sitelooper step] 03-create
[sitelooper warn] 04-create s_9dfb85/4: read 'so_customer' returned a value the skill itself set/selected ('fwen8-luna-cv-spec Bench Customer') — confirms the control, not persistence; dropped from the report's confident values
[sitelooper warn] 04-create s_9dfb85/5: read 'so_delivery_date' returned a value the skill itself set/selected ('2026-12-31') — confirms the control, not persistence; dropped from the report's confident values
[sitelooper step] 04-create
  ✘  1 fwen8-luna-cv.spec.ts:9:1 › fwen8-luna-cv (43.6s)


  1) fwen8-luna-cv.spec.ts:9:1 › fwen8-luna-cv › 05-add: On the current unsaved Sales Order form, add exactly two item lines: choose the exact 'Bench Widget' item (not similarly named items) with quantity 3, and the exact 'Bench Gadget' item with quantity 2. Use each item's default rate without changing it. Save the Sales Order, then verify exactly those two lines, quantities and rates, and the customer '{{runid}} Bench Customer' and delivery date 2026-12-31. Do not submit yet. 

    Error: 05-add s_f44792: not on the page this procedure starts from (expects http://127.0.0.1:8100/app/sales-order/new-sales-order-uxvwbpigvk, browser is at http://127.0.0.1:8100/app/sales-order/new-sales-order-fvwhlnzdcv) — nothing of this segment has run

       at fwen8-luna-cv.flow.ts:16384

      16382 |   const verdict = preconditionVerdictWithFacts(siteFactsAt(url), pattern, url, p, similarity, mints);
      16383 |   for (const line of verdict.warnings) logWarning(`${where}: ${line}`);
    > 16384 |   if (verdict.refuse) throw new Error(`${where}: ${verdict.refuse} — nothing of this segment has run`);
            |                             ^
      16385 | }
      16386 |
      16387 | /**
        at preconditionGate (/home/user/sitelooper/bench/results/fwen8-luna-cv-spec-spec-tmp/fwen8-luna-cv.flow.ts:16384:29)
        at Object.05-add (/home/user/sitelooper/bench/results/fwen8-luna-cv-spec-spec-tmp/fwen8-luna-cv.flow.ts:19043:11)
        at /home/user/sitelooper/bench/results/fwen8-luna-cv-spec-spec-tmp/fwen8-luna-cv.flow.ts:21072:7
        at runFlow (/home/user/sitelooper/bench/results/fwen8-luna-cv-spec-spec-tmp/fwen8-luna-cv.flow.ts:21071:5)
        at /home/user/sitelooper/bench/results/fwen8-luna-cv-spec-spec-tmp/fwen8-luna-cv.spec.ts:14:21

    attachment #2: sitelooper-drift (text/plain) ───────────────────────────────────────────────────
    
    ────────────────────────────────────────────────────────────────────────────────────────────────

    attachment #3: screenshot (image/png) ──────────────────────────────────────────────────────────
    test-results/fwen8-luna-cv-fwen8-luna-cv/test-failed-1.png
    ────────────────────────────────────────────────────────────────────────────────────────────────

    Error Context: test-results/fwen8-luna-cv-fwen8-luna-cv/error-context.md

  1 failed
    fwen8-luna-cv.spec.ts:9:1 › fwen8-luna-cv ──────────────────────────────────────────────────────
