[spec-replay] resetting erpnext
[reset] erpnext: cleared saved list settings for Sales Order (List, Report, Kanban, Calendar, Gantt, Image, Inbox, Dashboard, last_view, updated_on)
[reset] erpnext: cleared saved list settings for Customer (List, Report, Kanban, Calendar, Gantt, Image, Inbox, Dashboard, last_view, updated_on)
[reset] erpnext: cleared saved list settings for Item (List, Report, Kanban, Calendar, Gantt, Image, Inbox, Dashboard, last_view)
[reset] erpnext: cleared saved list settings for Sales Invoice (List, Report, Kanban, Calendar, Gantt, Image, Inbox, Dashboard, last_view)
[reset] erpnext: cleared saved list settings for Quotation (List, Report, Kanban, Calendar, Gantt, Image, Inbox, Dashboard, last_view)
[reset] erpnext: cleared saved list settings for Delivery Note (List, Report, Kanban, Calendar, Gantt, Image, Inbox, Dashboard, last_view)
[reset] erpnext: deleted 1 sales order(s) (earlier runs' and non-seed)
[reset] erpnext: deleted customer "fwen4-luna-n3 Bench Customer"
[spec-replay] compiling: /opt/node22/bin/node /home/user/sitelooper/bin/sitelooper.js compile bench/results/flows/fwen4-luna.json --out /home/user/sitelooper/bench/results/fwen4-luna-spec-spec-tmp --overwrite-spec
flow: /home/user/sitelooper/bench/results/fwen4-luna-spec-spec-tmp/fwen4-luna.flow.ts
spec: /home/user/sitelooper/bench/results/fwen4-luna-spec-spec-tmp/fwen4-luna.spec.ts
facts http://127.0.0.1:8100: 42 relied (28 hard), 11 advisory
warning a learned component recipe travels in the compiled artifact as data
  why: aria-combobox/set-value: uses learned recipe r_f83afb learned in session fwen4-luna-n1 (validated) rather than the shipped seed; the artifact carries it as data. The snapshot is compile-time state: the daemon keeps validating, learning and demoting after this file is written; the artifact runs what it was given.

  warning: 05-verify: step 15 (read save_confirmation) has no locator left — it publishes nothing, as replay skips it
[spec-replay] running: npx playwright test --config /home/user/sitelooper/bench/results/fwen4-luna-spec-spec-tmp/playwright.config.mjs
[spec-replay] failure evidence: fwen4-luna-spec-spec-failure.png
[spec-replay] failure evidence: fwen4-luna-spec-spec-error-context.md
[spec-replay] fwen4-luna-spec: 0/1 passed, exit=1, 35s, 0 drift line(s) — result written
