
[sweep] run 1/3: fwgh16-n1 (store: /home/user/sitelooper/bench/results/fwgh16-skills)
[harness] ghost: defaulting APP_URL
[harness] ghost: defaulting APP_EMAIL
[harness] ghost: defaulting APP_PASSWORD
[reset] ghost: no posts to delete
[harness] ghost responded 200 at http://127.0.0.1:8099/
stopped: fwgh16-n1
  flow "fwgh16" saved: 5 step(s), vars runid → /home/user/sitelooper/bench/results/flows/fwgh16.json
  warning: warning: 01-open's instruction asks to report published_seed_titles, and only a recorded literal backs it: no read in its procedure publishes it, so a replay reports it only if the page it ends on shows that exact text — re-record the step so the value is read where it is shown
  warning: warning: 05-open's instruction asks to report tag_shown, and only a recorded literal backs it: no read in its procedure publishes it, so a replay reports it only if the page it ends on shows that exact text — re-record the step so the value is read where it is shown
  warning: note: 01-open no longer publishes published_post_count, post_1_path, post_2_path, post_3_path, all_rows_status, new_members_heading — no replay reads them from the page and the recording showed no line to read
  warning: note: 02-create no longer publishes body_paragraph_count_with_text — no replay reads it from the page and the recording showed no line to read
  warning: note: 03-open no longer publishes time_shown, post_edit_url_id — no replay reads them from the page and the recording showed no line to read
  warning: warning: 04-open's instruction asks to report status, and no replay can publish it: nothing in its procedure reads it from the page, so export dropped it — re-record the step so the value is read, not only reported
  warning: note: 04-open no longer publishes posts_published_count, post_edit_url_id — no replay reads them from the page and the recording showed no line to read
  warning: warning: 05-open's instruction asks to report publish_date_shown, and no replay can publish it: nothing in its procedure reads it from the page, so export dropped it — re-record the step so the value is read, not only reported
  warning: warning: 98 other value(s) the run saw survived unslotted, judged by shape only (usually page copy; non-fatal):
  flow.steps[2].instruction: "Bench News" (output) in "In the Ghost admin, open the post titled '{{runid}} Bench Post' (the draft you just created — do NOT touch any post whose title starts with 'Seed:') and open it"
  flow.steps[2].instruction: "2026-09-01" (output) in "In the Ghost admin, open the post titled '{{runid}} Bench Post' (the draft you just created — do NOT touch any post whose title starts with 'Seed:') and open it"
  flow.steps[3].instruction: "Bench News" (output) in "In the Ghost admin, open the post titled '{{runid}} Bench Post' (do NOT touch any post whose title starts with 'Seed:') and publish it: click Publish, then conf"
  flow.steps[3].instruction: "2026-09-01" (output) in "In the Ghost admin, open the post titled '{{runid}} Bench Post' (do NOT touch any post whose title starts with 'Seed:') and publish it: click Publish, then conf"
  flow.steps[3].instruction: "Published" (output) in "In the Ghost admin, open the post titled '{{runid}} Bench Post' (do NOT touch any post whose title starts with 'Seed:') and publish it: click Publish, then conf"
arm=sitelooper model=z-ai/glm-5.3 runid=fwgh16-n1 stop=completed
turns=6 wall=273.1s
commands=5 cmdTime=234.3s cmdBytes=9980 timeouts=0
orchestrator in=6564 cw=0 cr=19712 out=6389
inner prompt=1268532 cached=1175680 completion=19957
spend=$0.0721 maxUsd=3
learn: A_n=0 replayed=0/5 full=0 repaired=0 compiled=5 variants=0
-> /home/user/sitelooper/bench/results/fwgh16-n1-sitelooper-result.json

fwgh16-n1: objectives passed 7/7
  obj 1: PASS — all 3 seed titles reported
  obj 2: PASS — fwgh16-n1-bench-post, body includes runid=true
  obj 3: PASS — tags=Bench News (bench-news), want only the seeded Bench News (bench-news)
  obj 4: PASS — custom excerpt="Bench post for run fwgh16-n1."
  obj 5: PASS — status=published, visibility=public
  obj 6: PASS — published_at=2026-09-01T02:02:00.000Z, want 2026-09-01
  obj 7: PASS — slug fwgh16-n1-bench-post reported

[sweep] run 2/3: fwgh16-n2 (replay flow fwgh16, no orchestrator)
[reset] ghost: deleted 1 post(s) (earlier runs' and non-seed)
[sweep] fwgh16-n2: 6 drift ticket(s) → fwgh16-n2-drift.json

fwgh16-n2: objectives passed 7/7
  obj 1: PASS — all 3 seed titles reported
  obj 2: PASS — fwgh16-n2-bench-post, body includes runid=true
  obj 3: PASS — tags=Bench News (bench-news), want only the seeded Bench News (bench-news)
  obj 4: PASS — custom excerpt="Bench post for run fwgh16-n2."
  obj 5: PASS — status=published, visibility=public
  obj 6: PASS — published_at=2026-09-01T02:06:00.000Z, want 2026-09-01
  obj 7: PASS — slug fwgh16-n2-bench-post reported

[sweep] run 3/3: fwgh16-n3 (replay flow fwgh16, no orchestrator)
[reset] ghost: deleted 1 post(s) (earlier runs' and non-seed)
[sweep] fwgh16-n3: 6 drift ticket(s) → fwgh16-n3-drift.json

fwgh16-n3: objectives passed 7/7
  obj 1: PASS — all 3 seed titles reported
  obj 2: PASS — fwgh16-n3-bench-post, body includes runid=true
  obj 3: PASS — tags=Bench News (bench-news), want only the seeded Bench News (bench-news)
  obj 4: PASS — custom excerpt="Bench post for run fwgh16-n3."
  obj 5: PASS — status=published, visibility=public
  obj 6: PASS — published_at=2026-09-01T02:07:00.000Z, want 2026-09-01
  obj 7: PASS — slug fwgh16-n3-bench-post reported

Learning sweep fwgh16 (K=3)
┌─────────┬───┬─────────────┬──────────┬─────────────┬───────┬──────┬───────────┬─────┬──────────────┬────────┐
│ (index) │ n │ runid       │ verified │ stop        │ turns │ cmds │ total_usd │ A_n │ replayed     │ wall_s │
├─────────┼───┼─────────────┼──────────┼─────────────┼───────┼──────┼───────────┼─────┼──────────────┼────────┤
│ 0       │ 1 │ 'fwgh16-n1' │ '7/7'    │ 'completed' │ 6     │ 5    │ 0.0721    │ 0   │ '0/5'        │ 273    │
│ 1       │ 2 │ 'fwgh16-n2' │ '7/7'    │ 'success'   │ 0     │ 5    │ 0         │ 1   │ '5/5 (flow)' │ 83     │
│ 2       │ 3 │ 'fwgh16-n3' │ '7/7'    │ 'success'   │ 0     │ 5    │ 0         │ 1   │ '5/5 (flow)' │ 82     │
└─────────┴───┴─────────────┴──────────┴─────────────┴───────┴──────┴───────────┴─────┴──────────────┴────────┘
http://127.0.0.1:8099
  s_084805  validated    1 steps  3/3 (100%)
           Open {{v1}} and sign in with email {{v2}} and password {{env:APP_PASSWORD}} — type the password into the field…
  s_0e0e16  validated   17 steps  3/3 (100%)
           In the Ghost admin, open the post titled '{{v1}}' (the draft you just created — do NOT touch any post whose ti…
  s_32a894  validated    1 steps  3/3 (100%)
           In the Ghost admin, create a NEW post (do not touch any post whose title starts with 'Seed:') with the title e…
  s_3c9ca5  validated    3 steps  3/3 (100%)
           Open {{v1}} and sign in with email {{v2}} and password {{env:APP_PASSWORD}} — type the password into the field…
  s_4e2568  validated    5 steps  3/3 (100%)
           In the Ghost admin, open the post titled '{{v1}}' (do NOT touch any post whose title starts with 'Seed:') and …
  s_541c8a  validated   14 steps  3/3 (100%)
           Final read-only verification in the Ghost admin (do not modify anything): (1) Go to Posts and list the PUBLISH…
  s_5dbc87  validated   11 steps  3/3 (100%)
           Final read-only verification in the Ghost admin (do not modify anything): (1) Go to Posts and list the PUBLISH…
  s_639ade  validated    8 steps  3/3 (100%)
           In the Ghost admin, create a NEW post (do not touch any post whose title starts with 'Seed:') with the title e…
  s_672a34  validated    1 steps  3/3 (100%)
           Open {{v1}} and sign in with email {{v2}} and password {{env:APP_PASSWORD}} — type the password into the field…
  s_88528b  validated    5 steps  3/3 (100%)
           Final read-only verification in the Ghost admin (do not modify anything): (1) Go to Posts and list the PUBLISH…
  s_8b450d  validated    2 steps  3/3 (100%)
           Open {{v1}} and sign in with email {{v2}} and password {{env:APP_PASSWORD}} — type the password into the field…
  s_a9e9e1  validated    3 steps  3/3 (100%)
           In the Ghost admin, open the post titled '{{v1}}' (do NOT touch any post whose title starts with 'Seed:') and …
  s_e3f0e6  validated    2 steps  3/3 (100%)
           In the Ghost admin, create a NEW post (do not touch any post whose title starts with 'Seed:') with the title e…
  s_e85743  validated    1 steps  3/3 (100%)
           Final read-only verification in the Ghost admin (do not modify anything): (1) Go to Posts and list the PUBLISH…
  s_f26ade  validated    3 steps  3/3 (100%)
           In the Ghost admin, open the post titled '{{v1}}' (do NOT touch any post whose title starts with 'Seed:') and …
  s_fe2ad2  validated    6 steps  3/3 (100%)
           In the Ghost admin, open the post titled '{{v1}}' (do NOT touch any post whose title starts with 'Seed:') and …
store: /home/user/sitelooper/bench/results/fwgh16-skills

summary: /home/user/sitelooper/bench/results/fwgh16-sweep.json
