
Running 1 test using 1 worker

[sitelooper step] 01-open
[sitelooper recipe] filled via recipe contenteditable/set-value (r_7b1e49); value verified on the component
[sitelooper warn] 02-create s_639ade/3: read 'editor_post_title' returned a value the skill itself set/selected ('fwgh16-spec Bench Post') — confirms the control, not persistence; dropped from the report's confident values
[sitelooper warn] 02-create s_639ade/5: read 'editor_body_text' returned a value the skill itself set/selected ('This bench post was created by run fwgh16-spec.') — confirms the control, not persistence; dropped from the report's confident values
[sitelooper warn] 02-create s_639ade/8: read 'run_id' returned 'fwgh16-spec' from a control this step set, and nothing committed it since — it shows the control, however the app formats it, not what the app stored; dropped from the report's confident values
[sitelooper step] 02-create
[sitelooper warn] 03-open s_0e0e16/5: read 'tag_shown' returned a value the skill itself set/selected ('Bench News') — confirms the control, not persistence; dropped from the report's confident values
[sitelooper warn] 03-open s_0e0e16/10: read 'excerpt_shown' returned a value the skill itself set/selected ('Bench post for run fwgh16-spec.') — confirms the control, not persistence; dropped from the report's confident values
[sitelooper warn] 03-open s_0e0e16/12: read 'tag_shown' returned a value the skill itself set/selected ('Bench News') — confirms the control, not persistence; dropped from the report's confident values
[sitelooper skip] 03-open s_0e0e16/13 target: no locator recorded — value left empty
[sitelooper step] 03-open
[sitelooper step] 04-open
[sitelooper drift] 05-open s_541c8a/1 target: primary getByText('This bench post was created by run fwgh16-spec.', { exact: true }) missed; used #2 locator('div:nth-of-type(3) > div > div:nth-of-type(1) > div > div:nth-of-type(1) > div') (#1 ambiguous)
[sitelooper drift] 05-open s_541c8a/2 target: primary getByText('This bench post was created by run fwgh16-spec.', { exact: true }) missed; used #2 locator('div[contenteditable=\'true\'] p').first() (#1 ambiguous)
[sitelooper drift] 05-open s_541c8a/3 target: primary getByText('This bench post was created by run fwgh16-spec.', { exact: true }) missed; used #2 locator('div[contenteditable=\'true\'] p').nth(1) (#1 ambiguous)
[sitelooper drift] 05-open s_541c8a/10 target: primary getByText('This bench post was created by run fwgh16-spec.', { exact: true }) missed; used #2 locator('div > div:nth-of-type(1) > div > div:nth-of-type(1) > div > p') (#1 ambiguous)
[sitelooper drift] 05-open s_5dbc87/11 target: primary getByText('fwgh16-spec', { exact: true }) missed; used #2 getByText('This bench post was created by run fwgh16-spec.', { exact: true }) (#1 absent)
[sitelooper step] 05-open
  ✓  1 fwgh16.spec.ts:9:1 › fwgh16 (1.2m)

  1 passed (1.3m)
