
[sweep] run 1/3: fwgh4-n1 (store: /home/user/sitelooper/bench/results/fwgh4-skills)
[harness] ghost: defaulting APP_URL
[harness] ghost: defaulting APP_EMAIL
[harness] ghost: defaulting APP_PASSWORD
[reset] ghost: no posts to delete
[harness] ghost responded 200 at http://127.0.0.1:8099/
stopped: fwgh4-n1
  flow "fwgh4" saved: 5 step(s), vars runid → /home/user/sitelooper/bench/results/flows/fwgh4.json
  warning: note: dropped 2 locator candidate(s) carrying a value this run minted (known only by export time)
  warning: note: 01-open no longer publishes published_post_count, list_filter — no replay reads them from the page and the recording showed no line to read
  warning: note: 02-create no longer publishes post_id, editor_status_before_nav, runid_occurrences_in_body — no replay reads them from the page and the recording showed no line to read
  warning: note: 03-open no longer publishes publish_time_shown, post_id — no replay reads them from the page and the recording showed no line to read
  warning: note: 04-open no longer publishes dialog_first_step — no replay reads it from the page and the recording showed no line to read
  warning: note: 05-open no longer publishes publish_date_settings_panel, publish_time_settings_panel, runid_count_in_body, seed_posts_in_list, all_posts_list_count — no replay reads them from the page and the recording showed no line to read
  warning: note: 01-open: added a read for all_rows_status to s_360f5f (page.getByRole('link', { name: 'Published', exact: true }); seen on the next instruction's start page)
  warning: warning: 160 other value(s) the run saw survived unslotted, judged by shape only (usually page copy; non-fatal):
  flow.origin: "127.0.0.1" (output) in "http://127.0.0.1:8099"
  flow.startUrl: "127.0.0.1" (output) in "http://127.0.0.1:8099/ghost/"
  flow.steps[0].instruction: "127.0.0.1" (output) in "Open http://127.0.0.1:8099/ghost/ and sign in with email admin@bench.local and password bench-admin-pass (dismiss/skip any onboarding or setup prompts if they a"
  flow.steps[0].params.v1: "127.0.0.1" (output) in "http://127.0.0.1:8099/ghost/"
  flow.steps[0].route: "127.0.0.1" (output) in "http://127.0.0.1:8099/ghost/#/posts"
arm=sitelooper model=z-ai/glm-5.3 runid=fwgh4-n1 stop=completed
turns=6 wall=252.8s
commands=5 cmdTime=197.8s cmdBytes=7107 timeouts=0
orchestrator in=5279 cw=0 cr=18432 out=4746
inner prompt=1029153 cached=947840 completion=15280
spend=$0.0575 maxUsd=3
learn: A_n=0 replayed=0/5 full=0 repaired=0 compiled=5 variants=0
-> /home/user/sitelooper/bench/results/fwgh4-n1-sitelooper-result.json

fwgh4-n1: objectives passed 7/7
  obj 1: PASS — all 3 seed titles reported
  obj 2: PASS — fwgh4-n1-bench-post, body includes runid=true
  obj 3: PASS — tags=Bench News (bench-news), want only the seeded Bench News (bench-news)
  obj 4: PASS — custom excerpt="Excerpt for bench post fwgh4-n1."
  obj 5: PASS — status=published, visibility=public
  obj 6: PASS — published_at=2026-09-01T00:00:00.000Z, want 2026-09-01
  obj 7: PASS — slug fwgh4-n1-bench-post reported

[sweep] run 2/3: fwgh4-n2 (replay flow fwgh4, no orchestrator)
[reset] ghost: deleted 1 post(s) (earlier runs' and non-seed)
[sweep] fwgh4-n2: 3 drift ticket(s) → fwgh4-n2-drift.json

fwgh4-n2: objectives passed 7/7
  obj 1: PASS — all 3 seed titles reported
  obj 2: PASS — fwgh4-n2-bench-post, body includes runid=true
  obj 3: PASS — tags=Bench News (bench-news), want only the seeded Bench News (bench-news)
  obj 4: PASS — custom excerpt="Excerpt for bench post fwgh4-n2."
  obj 5: PASS — status=published, visibility=public
  obj 6: PASS — published_at=2026-09-01T07:20:00.000Z, want 2026-09-01
  obj 7: PASS — slug fwgh4-n2-bench-post reported

[sweep] run 3/3: fwgh4-n3 (replay flow fwgh4, no orchestrator)
[reset] ghost: deleted 1 post(s) (earlier runs' and non-seed)
[sweep] fwgh4-n3: 2 drift ticket(s) → fwgh4-n3-drift.json

fwgh4-n3: objectives passed 7/7
  obj 1: PASS — all 3 seed titles reported
  obj 2: PASS — fwgh4-n3-bench-post, body includes runid=true
  obj 3: PASS — tags=Bench News (bench-news), want only the seeded Bench News (bench-news)
  obj 4: PASS — custom excerpt="Excerpt for bench post fwgh4-n3."
  obj 5: PASS — status=published, visibility=public
  obj 6: PASS — published_at=2026-09-01T07:21:00.000Z, want 2026-09-01
  obj 7: PASS — slug fwgh4-n3-bench-post reported

Learning sweep fwgh4 (K=3)
┌─────────┬───┬────────────┬──────────┬─────────────┬───────┬──────┬───────────┬─────┬──────────────┬────────┐
│ (index) │ n │ runid      │ verified │ stop        │ turns │ cmds │ total_usd │ A_n │ replayed     │ wall_s │
├─────────┼───┼────────────┼──────────┼─────────────┼───────┼──────┼───────────┼─────┼──────────────┼────────┤
│ 0       │ 1 │ 'fwgh4-n1' │ '7/7'    │ 'completed' │ 6     │ 5    │ 0.0575    │ 0   │ '0/5'        │ 253    │
│ 1       │ 2 │ 'fwgh4-n2' │ '7/7'    │ 'success'   │ 12    │ 5    │ 0.005     │ 0.8 │ '5/5 (flow)' │ 88     │
│ 2       │ 3 │ 'fwgh4-n3' │ '7/7'    │ 'success'   │ 0     │ 5    │ 0         │ 1   │ '5/5 (flow)' │ 49     │
└─────────┴───┴────────────┴──────────┴─────────────┴───────┴──────┴───────────┴─────┴──────────────┴────────┘
http://127.0.0.1:8099
  s_058ae4  validated    1 steps  3/3 (100%)
           In the Ghost admin at http://{{v1}}:8099/ghost/, open the post titled '{{v2}}' in the editor and open its sett…
  s_0b06c1  validated    3 steps  3/3 (100%)
           Open {{v1}} and sign in with email {{v2}} and password {{v3}} (dismiss/skip any onboarding or setup prompts if…
  s_17f69b  validated    7 steps  3/3 (100%)
           In the Ghost admin at http://127.0.0.1:8099/ghost/, create a new post with the exact title '{{v2}}'. In the po…
  s_360f5f  validated    7 steps  3/3 (100%)
           Open {{v1}} and sign in with email {{v2}} and password {{v3}} (dismiss/skip any onboarding or setup prompts if…
  s_4fde69  validated    8 steps  3/3 (100%)
           In the Ghost admin at http://{{v1}}:8099/ghost/, open the post titled '{{v2}}' in the editor and open its sett…
  s_57a7aa  validated    2 steps  3/3 (100%)
           In the Ghost admin at http://{{v1}}:8099/ghost/, open the post titled '{{v2}}' in the editor and open its sett…
  s_58fe0b  validated    3 steps  3/3 (100%)
           In the Ghost admin, open the draft post titled '{{v1}}' in the editor. First report what today's current date …
  s_5ecca8  validated    1 steps  3/3 (100%)
           In the Ghost admin, open the draft post titled '{{v1}}' in the editor. First report what today's current date …
  s_5f6336  validated    1 steps  3/3 (100%)
           In the Ghost admin at http://{{v1}}:8099/ghost/, open the post titled '{{v2}}' in the editor and open its sett…
  s_662f69  validated    1 steps  3/3 (100%)
           Open {{v1}} and sign in with email {{v2}} and password {{v3}} (dismiss/skip any onboarding or setup prompts if…
  s_72baac  validated    1 steps  3/3 (100%)
           In the Ghost admin at http://127.0.0.1:8099/ghost/, create a new post with the exact title '{{v2}}'. In the po…
  s_c9c196  validated    3 steps  3/3 (100%)
           In the Ghost admin at http://{{v1}}:8099/ghost/, open the post titled '{{v2}}' in the editor and open its sett…
  s_d24b2f  validated    5 steps  3/3 (100%)
           In the Ghost admin, open the draft post titled '{{v1}}' in the editor. First report what today's current date …
  s_d727a3  validated    3 steps  3/3 (100%)
           In the Ghost admin at http://127.0.0.1:8099/ghost/, create a new post with the exact title '{{v2}}'. In the po…
  s_f5a055  validated    2 steps  3/3 (100%)
           In the Ghost admin at http://127.0.0.1:8099/ghost/, create a new post with the exact title '{{v2}}'. In the po…
  s_faed24  validated    1 steps  3/3 (100%)
           Open {{v1}} and sign in with email {{v2}} and password {{v3}} (dismiss/skip any onboarding or setup prompts if…
  s_1ebebb  validated    1 steps  2/2 (100%)  variant of s_b6b518
           In the Ghost admin, open the draft post titled '{{v1}}' for editing, and open its settings panel (the gear/set…
  s_47cf11  validated    1 steps  2/2 (100%)  variant of s_b6b518
           In the Ghost admin, open the draft post titled '{{v1}}' for editing, and open its settings panel (the gear/set…
  s_75cb81  validated   14 steps  2/2 (100%)  variant of s_b6b518
           In the Ghost admin, open the draft post titled '{{v1}}' for editing, and open its settings panel (the gear/set…
  s_b6b518  provisional  1 steps  1/2 (50%)
           In the Ghost admin, open the draft post titled '{{v1}}' for editing, and open its settings panel (the gear/set…
  s_ccccb8  validated    1 steps  2/2 (100%)  variant of s_b6b518
           In the Ghost admin, open the draft post titled '{{v1}}' for editing, and open its settings panel (the gear/set…
  s_6e1b9b  provisional 14 steps  1/1 (100%)
           In the Ghost admin, open the draft post titled '{{v1}}' for editing, and open its settings panel (the gear/set…
store: /home/user/sitelooper/bench/results/fwgh4-skills

summary: /home/user/sitelooper/bench/results/fwgh4-sweep.json
