
[sweep] run 1/3: fwgh6-n1 (store: /home/user/sitelooper/bench/results/fwgh6-skills)
[harness] ghost: defaulting APP_URL
[harness] ghost: defaulting APP_EMAIL
[harness] ghost: defaulting APP_PASSWORD
[reset] ghost: no posts to delete
[harness] ghost responded 200 at http://127.0.0.1:8099/
stopped: fwgh6-n1
  flow "fwgh6" saved: 4 step(s), vars runid → /home/user/sitelooper/bench/results/flows/fwgh6.json
  warning: note: 01-signin no longer publishes dashboard_card_heading — no replay reads it from the page and the recording showed no line to read
  warning: note: 02-create no longer publishes paragraph_count, marker_occurrences_in_body, published, post_id — no replay reads them from the page and the recording showed no line to read
  warning: note: 03-open no longer publishes tags, tag_count, publish_time, publish_timezone, published, site_host — no replay reads them from the page and the recording showed no line to read
  warning: note: 04-set no longer publishes tag_count, browser_clock, site_host — no replay reads them from the page and the recording showed no line to read
  warning: warning: 128 other value(s) the run saw survived unslotted, judged by shape only (usually page copy; non-fatal):
  flow.origin: "127.0.0.1" (output) in "http://127.0.0.1:8099"
  flow.startUrl: "127.0.0.1" (output) in "http://127.0.0.1:8099/ghost/"
  flow.steps[0].instruction: "127.0.0.1" (output) in "Sign in to Ghost admin at http://127.0.0.1:8099/ghost/ with email admin@bench.local and password bench-admin-pass, then go to Posts, filter/show published posts"
  flow.steps[0].params.v1: "127.0.0.1" (output) in "http://127.0.0.1:8099/ghost/"
  flow.steps[0].route: "127.0.0.1" (output) in "http://127.0.0.1:8099/ghost/#/posts"
arm=sitelooper model=z-ai/glm-5.3 runid=fwgh6-n1 stop=completed
turns=5 wall=181.0s
commands=4 cmdTime=165.5s cmdBytes=23163 timeouts=0
orchestrator in=9932 cw=0 cr=19264 out=1019
inner prompt=821482 cached=754304 completion=15039
spend=$0.0449 maxUsd=3
learn: A_n=0 replayed=0/4 full=0 repaired=0 compiled=4 variants=0
-> /home/user/sitelooper/bench/results/fwgh6-n1-sitelooper-result.json

fwgh6-n1: objectives passed 7/7
  obj 1: PASS — all 3 seed titles reported
  obj 2: PASS — fwgh6-n1-bench-post, body includes runid=true
  obj 3: PASS — tags=Bench News (bench-news), want only the seeded Bench News (bench-news)
  obj 4: PASS — custom excerpt="Excerpt for fwgh6-n1"
  obj 5: PASS — status=published, visibility=public
  obj 6: PASS — published_at=2026-09-01T09:12:00.000Z, want 2026-09-01
  obj 7: PASS — slug fwgh6-n1-bench-post reported

[sweep] run 2/3: fwgh6-n2 (replay flow fwgh6, no orchestrator)
[reset] ghost: deleted 1 post(s) (earlier runs' and non-seed)
[sweep] fwgh6-n2: 1 drift ticket(s) → fwgh6-n2-drift.json

fwgh6-n2: objectives passed 7/7
  obj 1: PASS — all 3 seed titles reported
  obj 2: PASS — fwgh6-n2-bench-post, body includes runid=true
  obj 3: PASS — tags=Bench News (bench-news), want only the seeded Bench News (bench-news)
  obj 4: PASS — custom excerpt="Excerpt for fwgh6-n2"
  obj 5: PASS — status=published, visibility=public
  obj 6: PASS — published_at=2026-09-01T09:12:00.000Z, want 2026-09-01
  obj 7: PASS — slug fwgh6-n2-bench-post reported

[sweep] run 3/3: fwgh6-n3 (replay flow fwgh6, no orchestrator)
[reset] ghost: deleted 1 post(s) (earlier runs' and non-seed)
[sweep] fwgh6-n3: 1 drift ticket(s) → fwgh6-n3-drift.json

fwgh6-n3: objectives passed 7/7
  obj 1: PASS — all 3 seed titles reported
  obj 2: PASS — fwgh6-n3-bench-post, body includes runid=true
  obj 3: PASS — tags=Bench News (bench-news), want only the seeded Bench News (bench-news)
  obj 4: PASS — custom excerpt="Excerpt for fwgh6-n3"
  obj 5: PASS — status=published, visibility=public
  obj 6: PASS — published_at=2026-09-01T09:12:00.000Z, want 2026-09-01
  obj 7: PASS — slug fwgh6-n3-bench-post reported

Learning sweep fwgh6 (K=3)
┌─────────┬───┬────────────┬──────────┬─────────────┬───────┬──────┬───────────┬──────┬──────────────┬────────┐
│ (index) │ n │ runid      │ verified │ stop        │ turns │ cmds │ total_usd │ A_n  │ replayed     │ wall_s │
├─────────┼───┼────────────┼──────────┼─────────────┼───────┼──────┼───────────┼──────┼──────────────┼────────┤
│ 0       │ 1 │ 'fwgh6-n1' │ '7/7'    │ 'completed' │ 5     │ 4    │ 0.0449    │ 0    │ '0/4'        │ 181    │
│ 1       │ 2 │ 'fwgh6-n2' │ '7/7'    │ 'success'   │ 7     │ 4    │ 0.0024    │ 0.75 │ '4/4 (flow)' │ 64     │
│ 2       │ 3 │ 'fwgh6-n3' │ '7/7'    │ 'success'   │ 6     │ 4    │ 0.0031    │ 0.75 │ '4/4 (flow)' │ 60     │
└─────────┴───┴────────────┴──────────┴─────────────┴───────┴──────┴───────────┴──────┴──────────────┴────────┘
http://127.0.0.1:8099
  s_0d0592  validated    1 steps  3/3 (100%)
           In Ghost admin, create a new post titled '{{v2}}'. Type into the body editor a single paragraph containing the…
  s_0d9da0  validated    4 steps  3/3 (100%)
           On the editor for '{{v1}}', click Publish and complete the full publish confirmation flow so the post is actua…
  s_1a1203  validated    1 steps  3/3 (100%)
           Sign in to Ghost admin at {{v1}} with email {{v2}} and password {{v3}}, then go to Posts, filter/show publishe…
  s_1a47d9  validated    1 steps  3/3 (100%)
           Sign in to Ghost admin at {{v1}} with email {{v2}} and password {{v3}}, then go to Posts, filter/show publishe…
  s_254b67  validated    5 steps  3/3 (100%)
           In Ghost admin, create a new post titled '{{v2}}'. Type into the body editor a single paragraph containing the…
  s_289efb  validated    4 steps  3/3 (100%)
           Sign in to Ghost admin at {{v1}} with email {{v2}} and password {{v3}}, then go to Posts, filter/show publishe…
  s_2daef7  validated    3 steps  3/3 (100%)
           Sign in to Ghost admin at {{v1}} with email {{v2}} and password {{v3}}, then go to Posts, filter/show publishe…
  s_67f114  demoted      5 steps  1/3 (33%)
           On the editor for '{{v1}}', click Publish and complete the full publish confirmation flow so the post is actua…
  s_710f7e  validated    1 steps  3/3 (100%)
           Sign in to Ghost admin at {{v1}} with email {{v2}} and password {{v3}}, then go to Posts, filter/show publishe…
  s_bef348  validated   20 steps  3/3 (100%)
           On the open post editor for '{{v1}}', open the post settings panel and: (1) add the EXISTING tag 'Bench News' …
  s_f705d3  validated    2 steps  3/3 (100%)
           In Ghost admin, create a new post titled '{{v2}}'. Type into the body editor a single paragraph containing the…
  s_1c106a  provisional  9 steps  1/1 (100%)  variant of s_67f114
           On the editor for '{{v1}}', click Publish and complete the full publish confirmation flow so the post is actua…
  s_1c30e6  provisional 12 steps  1/1 (100%)
           On the editor for '{{v1}}', click Publish and complete the full publish confirmation flow so the post is actua…
  s_505c6a  provisional  4 steps  1/1 (100%)
           On the editor for '{{v1}}', click Publish and complete the full publish confirmation flow so the post is actua…
  s_8f6371  provisional  4 steps  1/1 (100%)  variant of s_67f114
           On the editor for '{{v1}}', click Publish and complete the full publish confirmation flow so the post is actua…
  s_932767  provisional  6 steps  1/1 (100%)  variant of s_67f114
           On the editor for '{{v1}}', click Publish and complete the full publish confirmation flow so the post is actua…
  s_a551a4  provisional  9 steps  1/1 (100%)
           On the editor for '{{v1}}', click Publish and complete the full publish confirmation flow so the post is actua…
  s_ab550e  provisional  4 steps  1/1 (100%)
           On the editor for '{{v1}}', click Publish and complete the full publish confirmation flow so the post is actua…
  s_b49bb7  provisional  3 steps  1/1 (100%)
           On the editor for '{{v1}}', click Publish and complete the full publish confirmation flow so the post is actua…
  s_e85e15  provisional  3 steps  1/1 (100%)  variant of s_67f114
           On the editor for '{{v1}}', click Publish and complete the full publish confirmation flow so the post is actua…
  s_f55fa3  provisional  6 steps  1/1 (100%)
           On the editor for '{{v1}}', click Publish and complete the full publish confirmation flow so the post is actua…
  s_f6ea3a  provisional  4 steps  1/1 (100%)
           On the editor for '{{v1}}', click Publish and complete the full publish confirmation flow so the post is actua…
store: /home/user/sitelooper/bench/results/fwgh6-skills

summary: /home/user/sitelooper/bench/results/fwgh6-sweep.json
