
[sweep] run 1/3: fwgh11-n1 (store: /home/user/sitelooper/bench/results/fwgh11-skills)
[harness] ghost: defaulting APP_URL
[harness] ghost: defaulting APP_EMAIL
[harness] ghost: defaulting APP_PASSWORD
[reset] ghost: no posts to delete
[harness] ghost responded 200 at http://127.0.0.1:8099/
stopped: fwgh11-n1
  flow "fwgh11" saved: 5 step(s), vars runid → /home/user/sitelooper/bench/results/flows/fwgh11.json
  warning: note: 01-signin no longer publishes published_post_count, filter_state — no replay reads them from the page and the recording showed no line to read
  warning: note: 02-create no longer publishes post_status_indicator, author_shown, body_paragraph_count_in_visible_editor — no replay reads them from the page and the recording showed no line to read
  warning: note: 03-open no longer publishes publish_time — no replay reads it from the page and the recording showed no line to read
  warning: note: 04-verify no longer publishes final_status, editor_header_after_publish, publish_time, public_url_http_status, current_app_date — no replay reads them from the page and the recording showed no line to read
  warning: note: 05-report no longer publishes settings_publish_date, settings_publish_time, body_paragraph_occurrences, public_url_http_status, public_date_visible, list_heading_new_members — no replay reads them from the page and the recording showed no line to read
  warning: warning: 115 other value(s) the run saw survived unslotted, judged by shape only (usually page copy; non-fatal):
  flow.steps[0].instruction: "{{env:APP_PASSWORD}}" (output) in "Sign in to Ghost admin at http://127.0.0.1:8099/ghost/ with email admin@bench.local and password {{env:APP_PASSWORD}} (type the password literally as that place"
  flow.steps[0].instruction: "admin@bench.local" (output) in "Sign in to Ghost admin at http://127.0.0.1:8099/ghost/ with email admin@bench.local and password {{env:APP_PASSWORD}} (type the password literally as that place"
  flow.steps[0].params.v2: "admin@bench.local" (output) in "admin@bench.local"
  flow.steps[0].params.v3: "{{env:APP_PASSWORD}}" (output) in "{{env:APP_PASSWORD}}"
  flow.steps[2].instruction: "2026-09-01" (output) in "Open the draft post '{{runid}} Bench Post' in Ghost admin and open its post settings panel. In the settings: (1) set the tags to ONLY the existing tag 'Bench Ne"
arm=sitelooper model=z-ai/glm-5.3 runid=fwgh11-n1 stop=completed
turns=6 wall=303.0s
commands=5 cmdTime=272.7s cmdBytes=11145 timeouts=0
orchestrator in=8736 cw=0 cr=17344 out=3269
inner prompt=1800461 cached=1678848 completion=26675
spend=$0.0706 maxUsd=3
learn: A_n=0 replayed=0/5 full=0 repaired=0 compiled=5 variants=0
-> /home/user/sitelooper/bench/results/fwgh11-n1-sitelooper-result.json

fwgh11-n1: objectives passed 7/7
  obj 1: PASS — all 3 seed titles reported
  obj 2: PASS — fwgh11-n1-bench-post, body includes runid=true
  obj 3: PASS — tags=Bench News (bench-news), want only the seeded Bench News (bench-news)
  obj 4: PASS — custom excerpt="Bench post for run fwgh11-n1."
  obj 5: PASS — status=published, visibility=public
  obj 6: PASS — published_at=2026-09-01T17:56:00.000Z, want 2026-09-01
  obj 7: PASS — slug fwgh11-n1-bench-post reported

[sweep] run 2/3: fwgh11-n2 (replay flow fwgh11, no orchestrator)
[reset] ghost: deleted 1 post(s) (earlier runs' and non-seed)
[sweep] fwgh11-n2: 2 drift ticket(s) → fwgh11-n2-drift.json

fwgh11-n2: objectives passed 7/7
  obj 1: PASS — all 3 seed titles reported
  obj 2: PASS — fwgh11-n2-bench-post, body includes runid=true
  obj 3: PASS — tags=Bench News (bench-news), want only the seeded Bench News (bench-news)
  obj 4: PASS — custom excerpt="Bench post for run fwgh11-n2."
  obj 5: PASS — status=published, visibility=public
  obj 6: PASS — published_at=2026-09-01T17:56:00.000Z, want 2026-09-01
  obj 7: PASS — slug fwgh11-n2-bench-post reported

[sweep] run 3/3: fwgh11-n3 (replay flow fwgh11, no orchestrator)
[reset] ghost: deleted 1 post(s) (earlier runs' and non-seed)
[sweep] fwgh11-n3: 2 drift ticket(s) → fwgh11-n3-drift.json

fwgh11-n3: objectives passed 7/7
  obj 1: PASS — all 3 seed titles reported
  obj 2: PASS — fwgh11-n3-bench-post, body includes runid=true
  obj 3: PASS — tags=Bench News (bench-news), want only the seeded Bench News (bench-news)
  obj 4: PASS — custom excerpt="Bench post for run fwgh11-n3."
  obj 5: PASS — status=published, visibility=public
  obj 6: PASS — published_at=2026-09-01T17:56:00.000Z, want 2026-09-01
  obj 7: PASS — slug fwgh11-n3-bench-post reported

Learning sweep fwgh11 (K=3)
┌─────────┬───┬─────────────┬──────────┬─────────────┬───────┬──────┬───────────┬─────┬──────────────┬────────┐
│ (index) │ n │ runid       │ verified │ stop        │ turns │ cmds │ total_usd │ A_n │ replayed     │ wall_s │
├─────────┼───┼─────────────┼──────────┼─────────────┼───────┼──────┼───────────┼─────┼──────────────┼────────┤
│ 0       │ 1 │ 'fwgh11-n1' │ '7/7'    │ 'completed' │ 6     │ 5    │ 0.0706    │ 0   │ '0/5'        │ 303    │
│ 1       │ 2 │ 'fwgh11-n2' │ '7/7'    │ 'success'   │ 0     │ 5    │ 0         │ 1   │ '5/5 (flow)' │ 59     │
│ 2       │ 3 │ 'fwgh11-n3' │ '7/7'    │ 'success'   │ 0     │ 5    │ 0         │ 1   │ '5/5 (flow)' │ 59     │
└─────────┴───┴─────────────┴──────────┴─────────────┴───────┴──────┴───────────┴─────┴──────────────┴────────┘
http://127.0.0.1:8099
  s_010e42  validated   12 steps  3/3 (100%)
           Final verification of the post '{{v1}}' in Ghost. Check and report each of these as the app shows them: (1) in…
  s_0b9295  validated    4 steps  3/3 (100%)
           In Ghost admin, publish the post '{{v1}}' so it ends up PUBLISHED (not draft, not scheduled) and visible to th…
  s_0e63d7  validated    8 steps  3/3 (100%)
           Sign in to Ghost admin at {{v1}} with email {{v2}} and password {{v3}} (type the password literally as that pl…
  s_2eb255  validated    3 steps  3/3 (100%)
           Final verification of the post '{{v1}}' in Ghost. Check and report each of these as the app shows them: (1) in…
  s_3e879b  validated    4 steps  3/3 (100%)
           In Ghost admin, publish the post '{{v1}}' so it ends up PUBLISHED (not draft, not scheduled) and visible to th…
  s_40b178  validated    1 steps  3/3 (100%)
           In Ghost admin, publish the post '{{v1}}' so it ends up PUBLISHED (not draft, not scheduled) and visible to th…
  s_46e43c  validated    1 steps  3/3 (100%)
           In Ghost admin, publish the post '{{v1}}' so it ends up PUBLISHED (not draft, not scheduled) and visible to th…
  s_5c70b1  validated    3 steps  3/3 (100%)
           In Ghost admin, create a new post titled exactly '{{v2}}'. In the body editor type exactly one paragraph: '{{v…
  s_6447dc  validated    1 steps  3/3 (100%)
           Sign in to Ghost admin at {{v1}} with email {{v2}} and password {{v3}} (type the password literally as that pl…
  s_705555  validated    1 steps  3/3 (100%)
           Sign in to Ghost admin at {{v1}} with email {{v2}} and password {{v3}} (type the password literally as that pl…
  s_7106f7  validated    3 steps  3/3 (100%)
           In Ghost admin, publish the post '{{v1}}' so it ends up PUBLISHED (not draft, not scheduled) and visible to th…
  s_af04e3  validated    5 steps  3/3 (100%)
           Sign in to Ghost admin at {{v1}} with email {{v2}} and password {{v3}} (type the password literally as that pl…
  s_b6200b  validated   19 steps  3/3 (100%)
           Open the draft post '{{v1}}' in Ghost admin and open its post settings panel. In the settings: (1) set the tag…
  s_eca5ea  validated    1 steps  3/3 (100%)
           Final verification of the post '{{v1}}' in Ghost. Check and report each of these as the app shows them: (1) in…
  s_eebad3  validated    5 steps  3/3 (100%)
           In Ghost admin, create a new post titled exactly '{{v2}}'. In the body editor type exactly one paragraph: '{{v…
  s_faa75d  validated    1 steps  3/3 (100%)
           In Ghost admin, create a new post titled exactly '{{v2}}'. In the body editor type exactly one paragraph: '{{v…
  s_fbc602  validated    2 steps  3/3 (100%)
           In Ghost admin, create a new post titled exactly '{{v2}}'. In the body editor type exactly one paragraph: '{{v…
  s_ff89ab  validated    6 steps  3/3 (100%)
           In Ghost admin, create a new post titled exactly '{{v2}}'. In the body editor type exactly one paragraph: '{{v…
store: /home/user/sitelooper/bench/results/fwgh11-skills

summary: /home/user/sitelooper/bench/results/fwgh11-sweep.json
