
Running 1 test using 1 worker

[sitelooper step] 01-signin
[sitelooper recipe] filled via recipe contenteditable/set-value (r_7b1e49); value verified on the component
[sitelooper warn] 02-create s_254b67/3: read 'body_paragraph' returned a value the skill itself set/selected ('Benchmark post body fwgh6-spec for testing.') — confirms the control, not persistence; dropped from the report's confident values
[sitelooper warn] 02-create s_254b67/5: read 'unique_marker' returned a value the skill itself set/selected ('Benchmark post body fwgh6-spec for testing.') — confirms the control, not persistence; dropped from the report's confident values
[sitelooper step] 02-create
[sitelooper step] 03-open
  ✘  1 fwgh6.spec.ts:9:1 › fwgh6 (39.6s)


  1) fwgh6.spec.ts:9:1 › fwgh6 › 04-set: On the editor for '{{runid}} Bench Post', click Publish and complete the full publish confirmation flow so the post is actually PUBLISHED (public visibility), not scheduled and not a draft. Note the publish date is set to 2026-09-01 — if the flow indicates the post would be scheduled (future date), investigate whether the app treats the date as past and proceed accordingly so the final status is Published. Then verify in the Posts list and post settings that: status is Published, publish date is 2026-09-01, only tag is Bench News, excerpt includes {{runid}}, slug is shown. Report all these values. 

    Error: 04-set s_505c6a/2 was recorded on page 1 of the browser, but the procedure is on page 0 of 2 — the page it expects (a popup or tab opened earlier) is not open here

       at fwgh6.flow.ts:9989

      9987 | function pageGate(page: Page, expected: number, where: string): void {
      9988 |   const stop = pageIndexVerdict(page, expected, where);
    > 9989 |   if (stop) throw new Error(stop);
           |                   ^
      9990 | }
      9991 |
      9992 | const CLICK_TIER_MS = 5000;
        at pageGate (/home/user/sitelooper/bench/results/fwgh6-spec-spec-tmp/fwgh6.flow.ts:9989:19)
        at Object.prepare (/home/user/sitelooper/bench/results/fwgh6-spec-spec-tmp/fwgh6.flow.ts:12432:9)
        at runStepLifecycle (/home/user/sitelooper/bench/results/fwgh6-spec-spec-tmp/fwgh6.flow.ts:7028:3)
        at Object.04-set (/home/user/sitelooper/bench/results/fwgh6-spec-spec-tmp/fwgh6.flow.ts:12429:5)
        at /home/user/sitelooper/bench/results/fwgh6-spec-spec-tmp/fwgh6.flow.ts:12877:7
        at runFlow (/home/user/sitelooper/bench/results/fwgh6-spec-spec-tmp/fwgh6.flow.ts:12876:5)
        at /home/user/sitelooper/bench/results/fwgh6-spec-spec-tmp/fwgh6.spec.ts:14:21

    attachment #1: sitelooper-drift (text/plain) ───────────────────────────────────────────────────
    
    ────────────────────────────────────────────────────────────────────────────────────────────────

    attachment #2: screenshot (image/png) ──────────────────────────────────────────────────────────
    test-results/fwgh6-fwgh6/test-failed-1.png
    ────────────────────────────────────────────────────────────────────────────────────────────────

    attachment #3: screenshot (image/png) ──────────────────────────────────────────────────────────
    test-results/fwgh6-fwgh6/test-failed-2.png
    ────────────────────────────────────────────────────────────────────────────────────────────────

    Error Context: test-results/fwgh6-fwgh6/error-context.md

  1 failed
    fwgh6.spec.ts:9:1 › fwgh6 ──────────────────────────────────────────────────────────────────────
