
Running 1 test using 1 worker

[sitelooper warn] 01-open: report value signed_in_as is only what this run typed: no click's own diff showed it outside its control and no read returned it — withheld from the report (still given to a later step)
[sitelooper step] 01-open
[sitelooper recipe] filled via recipe contenteditable/set-value (r_7b1e49); value verified on the component
[sitelooper warn] 02-create s_9ac67c/3: read 'body_text' returned a value the skill itself set/selected ('This bench post was created for run fwgh17-spec and confirms…') — confirms the control, not persistence; dropped from the report's confident values
[sitelooper warn] 02-create s_6de643/1: read 'post_title' returned a value the skill itself set/selected ('fwgh17-spec Bench Post') — confirms the control, not persistence; dropped from the report's confident values
[sitelooper step] 02-create
[sitelooper warn] 03-open s_b27299/6: read 'date_picker_value' returned a value the skill itself set/selected ('2026-09-01') — confirms the control, not persistence; dropped from the report's confident values
[sitelooper warn] 03-open s_b27299/7: read 'custom_excerpt' returned a value the skill itself set/selected ('A bench post for run fwgh17-spec.') — confirms the control, not persistence; dropped from the report's confident values
[sitelooper warn] step 03-open s_b27299/8: none of the 1 expected page change(s) appeared in the step diff (found on the page instead)
[sitelooper warn] 03-open s_b27299/10: read 'custom_excerpt' returned a value the skill itself set/selected ('A bench post for run fwgh17-spec.') — confirms the control, not persistence; dropped from the report's confident values
[sitelooper skip] 03-open s_b27299/11: toggled panel already showing — click skipped
[sitelooper step] 03-open
[sitelooper drift] 04-open s_99b340/1 target: primary getByText('Published', { exact: true }) missed; used #3 locator('div:nth-of-type(1) > div:nth-of-type(4) > li > a > div:nth-of-type(2) > p:nth-of-type(2)') (#1 ambiguous, #2 ambiguous)
[sitelooper warn] 04-open: report value public_url is given, not observed: it is built only from the step's own parameters, and neither this run's page nor any of its reads shows it — withheld
[sitelooper warn] 04-open: PARTIAL — public_url, an output this step was asked to report, is only the step's own parameter and this run never observed it, so public_url went unreported
[sitelooper step] 04-open
[sitelooper drift] 05-open s_17f6bf/1 target: primary locator('[data-testid="posts-list-item"] a') missed; used #2 locator('section > section > div:nth-of-type(1) > div:nth-of-type(4) > li > a') (#1 ambiguous)
[sitelooper drift] 05-open s_c8cce0/3 target: primary getByText('Published', { exact: true }) missed; used #2 locator('header > div > div > span > div > a') (#1 absent)
[sitelooper drift] 05-open s_6fa005/8 target: primary getByText('Published', { exact: true }) missed; used #2 locator('header > div > div > span > div > a') (#1 absent)
[sitelooper drift] 05-open s_6fa005/11 target: primary getByText('fwgh17-spec', { exact: true }) missed; used #2 locator('div > div:nth-of-type(1) > div > div:nth-of-type(1) > div > p') (#1 absent)
[sitelooper step] 05-open
  ✓  1 fwgh17.spec.ts:9:1 › fwgh17 (1.2m)

  1 passed (1.3m)
