
[sweep] run 1/3: fwgh13-n1 (store: /home/user/sitelooper/bench/results/fwgh13-skills)
[harness] ghost: defaulting APP_URL
[harness] ghost: defaulting APP_EMAIL
[harness] ghost: defaulting APP_PASSWORD
[reset] ghost: no posts to delete
[harness] ghost responded 200 at http://127.0.0.1:8099/
stopped: fwgh13-n1
  flow "fwgh13" saved: 5 step(s), vars runid → /home/user/sitelooper/bench/results/flows/fwgh13.json
  warning: note: dropped 3 locator candidate(s) carrying a value this run minted (known only by export time)
  warning: warning: 01-open's instruction asks to report seed_drafts, seed_scheduled, and no replay can publish them: nothing in its procedure reads them from the page, so export dropped them — re-record the step so the value is read, not only reported
  warning: note: 01-open no longer publishes published_seed_post_count — no replay reads it from the page and the recording showed no line to read
  warning: note: 02-create no longer publishes paragraph_count, save_status — no replay reads them from the page and the recording showed no line to read
  warning: warning: 03-open's instruction asks to report publish_time, and no replay can publish it: nothing in its procedure reads it from the page, so export dropped it — re-record the step so the value is read, not only reported
  warning: note: 03-open no longer publishes editor_url, post_id, post_status — no replay reads them from the page and the recording showed no line to read
  warning: warning: 04-open's instruction asks to report post_status, publish_time_in_settings, and no replay can publish them: nothing in its procedure reads them from the page, so export dropped them — re-record the step so the value is read, not only reported
  warning: note: 04-open no longer publishes post_id — no replay reads it from the page and the recording showed no line to read
  warning: warning: 05-open's instruction asks to report publish_time, and no replay can publish it: nothing in its procedure reads it from the page, so export dropped it — re-record the step so the value is read, not only reported
  warning: note: 05-open no longer publishes body_paragraph_count, post_access_visibility — no replay reads them from the page and the recording showed no line to read
  warning: warning: 198 other value(s) the run saw survived unslotted, judged by shape only (usually page copy; non-fatal):
  flow.origin: "127.0.0.1" (output) in "http://127.0.0.1:8099"
  flow.startUrl: "127.0.0.1" (output) in "http://127.0.0.1:8099/ghost/"
  flow.steps[0].instruction: "Published" (output) in "Open http://127.0.0.1:8099/ghost/ in the browser and sign in with email admin@bench.local and password {{env:APP_PASSWORD}} — the password is the literal text {"
  flow.steps[0].instruction: "127.0.0.1" (output) in "Open http://127.0.0.1:8099/ghost/ in the browser and sign in with email admin@bench.local and password {{env:APP_PASSWORD}} — the password is the literal text {"
  flow.steps[0].params.v1: "127.0.0.1" (output) in "http://127.0.0.1:8099/ghost/"
arm=sitelooper model=z-ai/glm-5.3 runid=fwgh13-n1 stop=completed
turns=6 wall=328.7s
commands=5 cmdTime=233.7s cmdBytes=6998 timeouts=0
orchestrator in=11721 cw=0 cr=13312 out=11509
inner prompt=1275603 cached=1177600 completion=18279
spend=$0.0999 maxUsd=3
learn: A_n=0 replayed=0/5 full=0 repaired=0 compiled=5 variants=0
-> /home/user/sitelooper/bench/results/fwgh13-n1-sitelooper-result.json

fwgh13-n1: objectives passed 7/7
  obj 1: PASS — all 3 seed titles reported
  obj 2: PASS — fwgh13-n1-bench-post, body includes runid=true
  obj 3: PASS — tags=Bench News (bench-news), want only the seeded Bench News (bench-news)
  obj 4: PASS — custom excerpt="Bench verification post for run fwgh13-n1."
  obj 5: PASS — status=published, visibility=public
  obj 6: PASS — published_at=2026-09-01T12:27:00.000Z, want 2026-09-01
  obj 7: PASS — slug fwgh13-n1-bench-post reported

[sweep] run 2/3: fwgh13-n2 (replay flow fwgh13, no orchestrator)
[reset] ghost: deleted 1 post(s) (earlier runs' and non-seed)
[sweep] fwgh13-n2: 3 drift ticket(s) → fwgh13-n2-drift.json

fwgh13-n2: objectives passed 7/7
  obj 1: PASS — all 3 seed titles reported
  obj 2: PASS — fwgh13-n2-bench-post, body includes runid=true
  obj 3: PASS — tags=Bench News (bench-news), want only the seeded Bench News (bench-news)
  obj 4: PASS — custom excerpt="Bench verification post for run fwgh13-n2."
  obj 5: PASS — status=published, visibility=public
  obj 6: PASS — published_at=2026-09-01T12:30:00.000Z, want 2026-09-01
  obj 7: PASS — slug fwgh13-n2-bench-post reported

[sweep] run 3/3: fwgh13-n3 (replay flow fwgh13, no orchestrator)
[reset] ghost: deleted 1 post(s) (earlier runs' and non-seed)
[sweep] fwgh13-n3: 3 drift ticket(s) → fwgh13-n3-drift.json

fwgh13-n3: objectives passed 7/7
  obj 1: PASS — all 3 seed titles reported
  obj 2: PASS — fwgh13-n3-bench-post, body includes runid=true
  obj 3: PASS — tags=Bench News (bench-news), want only the seeded Bench News (bench-news)
  obj 4: PASS — custom excerpt="Bench verification post for run fwgh13-n3."
  obj 5: PASS — status=published, visibility=public
  obj 6: PASS — published_at=2026-09-01T12:32:00.000Z, want 2026-09-01
  obj 7: PASS — slug fwgh13-n3-bench-post reported

Learning sweep fwgh13 (K=3)
┌─────────┬───┬─────────────┬──────────┬─────────────┬───────┬──────┬───────────┬─────┬──────────────┬────────┐
│ (index) │ n │ runid       │ verified │ stop        │ turns │ cmds │ total_usd │ A_n │ replayed     │ wall_s │
├─────────┼───┼─────────────┼──────────┼─────────────┼───────┼──────┼───────────┼─────┼──────────────┼────────┤
│ 0       │ 1 │ 'fwgh13-n1' │ '7/7'    │ 'completed' │ 6     │ 5    │ 0.0999    │ 0   │ '0/5'        │ 329    │
│ 1       │ 2 │ 'fwgh13-n2' │ '7/7'    │ 'success'   │ 0     │ 5    │ 0         │ 1   │ '5/5 (flow)' │ 80     │
│ 2       │ 3 │ 'fwgh13-n3' │ '7/7'    │ 'success'   │ 0     │ 5    │ 0         │ 1   │ '5/5 (flow)' │ 80     │
└─────────┴───┴─────────────┴──────────┴─────────────┴───────┴──────┴───────────┴─────┴──────────────┴────────┘
http://127.0.0.1:8099
  s_055761  validated    3 steps  3/3 (100%)
           Open {{v1}} in the browser and sign in with email {{v2}} and password {{env:APP_PASSWORD}} — the password is t…
  s_057319  validated    1 steps  3/3 (100%)
           In the Ghost admin at http://127.0.0.1:8099/ghost/, create a NEW post (New post button) with the exact title '…
  s_11e0bc  validated    1 steps  3/3 (100%)
           Open {{v1}} in the browser and sign in with email {{v2}} and password {{env:APP_PASSWORD}} — the password is t…
  s_2eeed5  validated    2 steps  3/3 (100%)
           Open {{v1}} in the browser and sign in with email {{v2}} and password {{env:APP_PASSWORD}} — the password is t…
  s_578751  validated    8 steps  3/3 (100%)
           Open {{v1}} in the browser and sign in with email {{v2}} and password {{env:APP_PASSWORD}} — the password is t…
  s_5f9fdc  validated    2 steps  3/3 (100%)
           In the Ghost admin at http://127.0.0.1:8099/ghost/, create a NEW post (New post button) with the exact title '…
  s_7c677d  validated    3 steps  3/3 (100%)
           In the Ghost admin, open the draft post titled '{{v1}}' and publish it using Ghost's publish confirmation flow…
  s_7f7707  validated    1 steps  3/3 (100%)
           In the Ghost admin at http://127.0.0.1:8099/ghost/, create a NEW post (New post button) with the exact title '…
  s_88f29f  validated    1 steps  3/3 (100%)
           Open {{v1}} in the browser and sign in with email {{v2}} and password {{env:APP_PASSWORD}} — the password is t…
  s_8f6280  validated    8 steps  3/3 (100%)
           In the Ghost admin, open the draft post titled '{{v1}}' and publish it using Ghost's publish confirmation flow…
  s_91f3ce  validated    4 steps  3/3 (100%)
           In the Ghost admin, open the draft post titled '{{v1}}' and publish it using Ghost's publish confirmation flow…
  s_98458c  validated    4 steps  3/3 (100%)
           In the Ghost admin at http://127.0.0.1:8099/ghost/, create a NEW post (New post button) with the exact title '…
  s_9f5691  validated   14 steps  3/3 (100%)
           In the Ghost admin, open the existing draft post titled '{{v1}}' (it is in the Drafts list). Open its post set…
  s_9f9acf  validated    9 steps  3/3 (100%)
           In the Ghost admin, open the published post titled '{{v1}}' and open its post settings panel. Read and report …
  s_bc48ae  validated    2 steps  3/3 (100%)
           In the Ghost admin, open the draft post titled '{{v1}}' and publish it using Ghost's publish confirmation flow…
  s_c30eed  validated    3 steps  3/3 (100%)
           In the Ghost admin at http://127.0.0.1:8099/ghost/, create a NEW post (New post button) with the exact title '…
  s_f67f60  validated    1 steps  3/3 (100%)
           In the Ghost admin, open the published post titled '{{v1}}' and open its post settings panel. Read and report …
store: /home/user/sitelooper/bench/results/fwgh13-skills

summary: /home/user/sitelooper/bench/results/fwgh13-sweep.json
