
Running 1 test using 1 worker

[sitelooper step] 01-open
[sitelooper recipe] filled via recipe contenteditable/set-value (r_7b1e49); value verified on the component
[sitelooper drift] 02-create s_5ce353/3 target: primary getByText('This bench post was created by run fwgh12-spec.', { exact: true }) missed; used #2 locator('div:nth-of-type(1) > div > div:nth-of-type(1) > div > p > span') (#1 ambiguous)
[sitelooper step] 02-create
[sitelooper warn] step 03-open s_9946a4/6: none of the 1 expected page change(s) appeared in the step diff (found on the page instead)
[sitelooper warn] 03-open s_9946a4/8: read 'tag_chip_shown' returned a value the skill itself set/selected ('Bench News') — confirms the control, not persistence; dropped from the report's confident values
[sitelooper warn] 03-open s_9946a4/9: read 'custom_excerpt_shown' returned a value the skill itself set/selected ('Bench post for run fwgh12-spec.') — confirms the control, not persistence; dropped from the report's confident values
[sitelooper warn] 03-open s_9946a4/10: read 'publish_date_shown' returned a value the skill itself set/selected ('2026-09-01') — confirms the control, not persistence; dropped from the report's confident values
[sitelooper drift] 03-open s_9946a4/18 target: primary getByText('fwgh12-spec', { exact: true }) missed; used #2 locator('div > div:nth-of-type(1) > div > div:nth-of-type(1) > div > p') (#1 absent)
[sitelooper step] 03-open
  ✘  1 fwgh12.spec.ts:9:1 › fwgh12 (1.0m)


  1) fwgh12.spec.ts:9:1 › fwgh12 ───────────────────────────────────────────────────────────────────

    Error: 04-open s_414d80/1: the recorded page change did not appear

    04-open s_414d80/1: the recorded page change did not appear

    expect(received).toBeNull()

    Received: "after step 04-open s_414d80/1 none of the 4 recorded page change(s) appeared (e.g. \"- heading \\\"Seed: Welcome to the bench\\\"\") — the step ran but did not have its recorded effect"

    Call Log:
    - Timeout 5000ms exceeded while waiting on the predicate

       at fwgh12.flow.ts:11444

      11442 |       { timeout: EXPECT_WAIT_MS, message: `${ctx.tag}: the recorded page change did not appear` },
      11443 |     )
    > 11444 |     .toBeNull();
            |      ^
      11445 |   for (const warning of last.warnings) console.log(`[sitelooper warn] ${warning}`);
      11446 |   if (last.unobserved) console.log(`[sitelooper unobserved] ${ctx.tag}: the page could not be captured, or observed in full, after the action`);
      11447 |   return last;
        at expectChanges (/home/user/sitelooper/bench/results/fwgh12-spec-spec-tmp/fwgh12.flow.ts:11444:6)
        at Object.verify (/home/user/sitelooper/bench/results/fwgh12-spec-spec-tmp/fwgh12.flow.ts:13687:32)
        at runStepLifecycle (/home/user/sitelooper/bench/results/fwgh12-spec-spec-tmp/fwgh12.flow.ts:7991:24)
        at Object.04-open (/home/user/sitelooper/bench/results/fwgh12-spec-spec-tmp/fwgh12.flow.ts:13652:5)
        at /home/user/sitelooper/bench/results/fwgh12-spec-spec-tmp/fwgh12.flow.ts:14346:7
        at runFlow (/home/user/sitelooper/bench/results/fwgh12-spec-spec-tmp/fwgh12.flow.ts:14345:5)
        at /home/user/sitelooper/bench/results/fwgh12-spec-spec-tmp/fwgh12.spec.ts:14:21

    attachment #1: sitelooper-drift (text/plain) ───────────────────────────────────────────────────
    [sitelooper drift] 02-create s_5ce353/3 target: primary getByText('This bench post was created by run fwgh12-spec.', { exact: true }) missed; used #2 locator('div:nth-of-type(1) > div > div:nth-of-type(1) > div > p > span') (#1 ambiguous)
    [sitelooper drift] 03-open s_9946a4/18 target: primary getByT...
    ────────────────────────────────────────────────────────────────────────────────────────────────

    attachment #2: screenshot (image/png) ──────────────────────────────────────────────────────────
    test-results/fwgh12-fwgh12/test-failed-1.png
    ────────────────────────────────────────────────────────────────────────────────────────────────

    Error Context: test-results/fwgh12-fwgh12/error-context.md

  1 failed
    fwgh12.spec.ts:9:1 › fwgh12 ────────────────────────────────────────────────────────────────────
