
[sweep] run 1/3: fwgh9-n1 (store: /home/user/sitelooper/bench/results/fwgh9-skills)
[harness] ghost: defaulting APP_URL
[harness] ghost: defaulting APP_EMAIL
[harness] ghost: defaulting APP_PASSWORD
[reset] ghost: no posts to delete
[harness] ghost responded 200 at http://127.0.0.1:8099/
stopped: fwgh9-n1
  flow "fwgh9" saved: 6 step(s), vars runid → /home/user/sitelooper/bench/results/flows/fwgh9.json
  warning: note: dropped 2 locator candidate(s) carrying a value this run minted (known only by export time)
  warning: note: 3 goal/report value(s) carrying a value this run made were slotted or dropped:
  s_76c5e3.reportTemplate.values.screenshot dropped (recorded literal of a value this run made)
  s_7dd388.reportTemplate.values.screenshot dropped (recorded literal of a value this run made)
  s_c87ea1.reportTemplate.values.screenshot dropped (recorded literal of a value this run made)
  warning: note: 01-signin no longer publishes post_login_page, signin_page_url — no replay reads them from the page and the recording showed no line to read
  warning: note: 02-report no longer publishes seed_posts, total_posts_in_list, sidebar_heading_new_members — no replay reads them from the page and the recording showed no line to read
  warning: note: 04-open no longer publishes paywall, published_date_shown — no replay reads them from the page and the recording showed no line to read
  warning: note: 06-report no longer publishes bench_news_count_in_list — no replay reads it from the page and the recording showed no line to read
  warning: warning: contradicted-step: 04-open read status "loads publicly (HTTP page rendered, not a 404)" right after 03-create reported "Published"; 03-create's change may not have landed and a later step may be retrying it. Re-record 03-create.
  warning: warning: 167 other value(s) the run saw survived unslotted, judged by shape only (usually page copy; non-fatal):
  flow.origin: "127.0.0.1" (output) in "http://127.0.0.1:8099"
  flow.startUrl: "127.0.0.1" (output) in "http://127.0.0.1:8099/ghost/"
  flow.steps[0].instruction: "admin@bench.local" (output) in "Sign in to Ghost admin at http://127.0.0.1:8099/ghost/ with email admin@bench.local and password {{env:APP_PASSWORD}} (type the password exactly as given, inclu"
  flow.steps[0].instruction: "127.0.0.1" (output) in "Sign in to Ghost admin at http://127.0.0.1:8099/ghost/ with email admin@bench.local and password {{env:APP_PASSWORD}} (type the password exactly as given, inclu"
  flow.steps[0].params.v1: "admin@bench.local" (output) in "admin@bench.local"
arm=sitelooper model=z-ai/glm-5.3 runid=fwgh9-n1 stop=completed
turns=8 wall=332.8s
commands=8 cmdTime=191.8s cmdBytes=11669 timeouts=0
orchestrator in=12854 cw=0 cr=25536 out=12294
inner prompt=1043180 cached=958976 completion=15943
spend=$0.104 maxUsd=3
learn: A_n=0 replayed=0/6 full=0 repaired=0 compiled=6 variants=0
-> /home/user/sitelooper/bench/results/fwgh9-n1-sitelooper-result.json

fwgh9-n1: objectives passed 7/7
  obj 1: PASS — all 3 seed titles reported
  obj 2: PASS — fwgh9-n1-bench-post, body includes runid=true
  obj 3: PASS — tags=Bench News (bench-news), want only the seeded Bench News (bench-news)
  obj 4: PASS — custom excerpt="Bench post for run fwgh9-n1."
  obj 5: PASS — status=published, visibility=public
  obj 6: PASS — published_at=2026-09-01T00:00:00.000Z, want 2026-09-01
  obj 7: PASS — slug fwgh9-n1-bench-post reported

[sweep] run 2/3: fwgh9-n2 (replay flow fwgh9, no orchestrator)
[reset] ghost: deleted 1 post(s) (earlier runs' and non-seed)
[sweep] fwgh9-n2: 3 drift ticket(s) → fwgh9-n2-drift.json

fwgh9-n2: objectives passed 7/7
  obj 1: PASS — all 3 seed titles reported
  obj 2: PASS — fwgh9-n2-bench-post, body includes runid=true
  obj 3: PASS — tags=Bench News (bench-news), want only the seeded Bench News (bench-news)
  obj 4: PASS — custom excerpt="Bench post for run fwgh9-n2."
  obj 5: PASS — status=published, visibility=public
  obj 6: PASS — published_at=2026-09-01T00:00:00.000Z, want 2026-09-01
  obj 7: PASS — slug fwgh9-n2-bench-post reported

[sweep] run 3/3: fwgh9-n3 (replay flow fwgh9, no orchestrator)
[reset] ghost: deleted 1 post(s) (earlier runs' and non-seed)
[sweep] fwgh9-n3: 3 drift ticket(s) → fwgh9-n3-drift.json

fwgh9-n3: objectives passed 7/7
  obj 1: PASS — all 3 seed titles reported
  obj 2: PASS — fwgh9-n3-bench-post, body includes runid=true
  obj 3: PASS — tags=Bench News (bench-news), want only the seeded Bench News (bench-news)
  obj 4: PASS — custom excerpt="Bench post for run fwgh9-n3."
  obj 5: PASS — status=published, visibility=public
  obj 6: PASS — published_at=2026-09-01T00:00:00.000Z, want 2026-09-01
  obj 7: PASS — slug fwgh9-n3-bench-post reported

Learning sweep fwgh9 (K=3)
┌─────────┬───┬────────────┬──────────┬─────────────┬───────┬──────┬───────────┬─────┬──────────────┬────────┐
│ (index) │ n │ runid      │ verified │ stop        │ turns │ cmds │ total_usd │ A_n │ replayed     │ wall_s │
├─────────┼───┼────────────┼──────────┼─────────────┼───────┼──────┼───────────┼─────┼──────────────┼────────┤
│ 0       │ 1 │ 'fwgh9-n1' │ '7/7'    │ 'completed' │ 8     │ 8    │ 0.104     │ 0   │ '0/6'        │ 333    │
│ 1       │ 2 │ 'fwgh9-n2' │ '7/7'    │ 'success'   │ 0     │ 6    │ 0         │ 1   │ '6/6 (flow)' │ 67     │
│ 2       │ 3 │ 'fwgh9-n3' │ '7/7'    │ 'success'   │ 0     │ 6    │ 0         │ 1   │ '6/6 (flow)' │ 67     │
└─────────┴───┴────────────┴──────────┴─────────────┴───────┴──────┴───────────┴─────┴──────────────┴────────┘
http://127.0.0.1:8099
  s_0be416  validated    1 steps  3/3 (100%)
           Go to the Posts section of Ghost admin ({{v1}}). List the posts shown, and report the exact titles of all post…
  s_0f1ec5  validated    4 steps  3/3 (100%)
           Open the public (non-admin) URL {{v5}} in the browser and report: whether the page loads publicly (not a 404, …
  s_1b59b9  validated    2 steps  3/3 (100%)
           In Ghost admin, create a new post and publish it with these exact requirements: (1) Title exactly: {{v2}} . (2…
  s_41513f  validated    1 steps  3/3 (100%)
           In Ghost admin, open the post titled '{{v1}}' from the Posts list ({{v6}}). Open its settings panel and report…
  s_41da82  validated   11 steps  3/3 (100%)
           In Ghost admin, create a new post and publish it with these exact requirements: (1) Title exactly: {{v2}} . (2…
  s_43a8b4  validated    3 steps  3/3 (100%)
           Sign in to Ghost admin at http://127.0.0.1:8099/ghost/ with email {{v1}} and password {{v2}} (type the passwor…
  s_76c5e3  validated   10 steps  3/3 (100%)
           Go to the Posts section of Ghost admin ({{v1}}). List the posts shown, and report the exact titles of all post…
  s_7d1d6d  validated    1 steps  3/3 (100%)
           In Ghost admin, create a new post and publish it with these exact requirements: (1) Title exactly: {{v2}} . (2…
  s_7dd388  validated    2 steps  3/3 (100%)
           Sign in to Ghost admin at http://127.0.0.1:8099/ghost/ with email {{v1}} and password {{v2}} (type the passwor…
  s_a03359  validated   11 steps  3/3 (100%)
           In Ghost admin, create a new post and publish it with these exact requirements: (1) Title exactly: {{v2}} . (2…
  s_bb6e73  validated    2 steps  3/3 (100%)
           In Ghost admin, create a new post and publish it with these exact requirements: (1) Title exactly: {{v2}} . (2…
  s_c87ea1  validated    4 steps  3/3 (100%)
           In Ghost admin, go to the Tags section ({{v3}}) and report the full list of tag names shown, with the number o…
  s_cfaa1f  validated    1 steps  3/3 (100%)
           In Ghost admin, open the post titled '{{v1}}' from the Posts list ({{v6}}). Open its settings panel and report…
  s_e91796  validated    6 steps  3/3 (100%)
           In Ghost admin, open the post titled '{{v1}}' from the Posts list ({{v6}}). Open its settings panel and report…
  s_ecbed1  validated    1 steps  3/3 (100%)
           In Ghost admin, go to the Tags section ({{v3}}) and report the full list of tag names shown, with the number o…
  s_feee00  validated    1 steps  3/3 (100%)
           Open the public (non-admin) URL {{v5}} in the browser and report: whether the page loads publicly (not a 404, …
store: /home/user/sitelooper/bench/results/fwgh9-skills

summary: /home/user/sitelooper/bench/results/fwgh9-sweep.json
SWEEP_EXIT=0
