
[sweep] run 1/3: fwgh1-n1 (store: /home/user/sitelooper/bench/results/fwgh1-skills)
[harness] ghost: defaulting APP_URL
[harness] ghost: defaulting APP_EMAIL
[harness] ghost: defaulting APP_PASSWORD
[reset] ghost: no posts to delete
[harness] ghost responded 200 at http://127.0.0.1:8099/
stopped: fwgh1-n1
  flow "fwgh1" saved: 2 step(s), vars runid → /home/user/sitelooper/bench/results/flows/fwgh1.json
  warning: note: 01-signin no longer publishes count_published_seed_posts, post_ids — no replay reads them from the page and the recording showed no line to read
  warning: note: 1 step(s) adopted from non-success instruction(s) whose work the session continued from (02-create) — they replay model-first with doubled budget, and a non-success there does not halt the flow
  warning: warning: 19 other value(s) the run saw survived unslotted, judged by shape only (usually page copy; non-fatal):
  flow.steps[1].instruction: "Bench News" (output) in "In the Ghost admin, create a new post titled '{{runid}} Bench Post'. In the body editor type a single paragraph containing the runid '{{runid}}' (e.g. 'Bench te"
  flow.steps[1].instruction: "2026-09-01" (output) in "In the Ghost admin, create a new post titled '{{runid}} Bench Post'. In the body editor type a single paragraph containing the runid '{{runid}}' (e.g. 'Bench te"
  flow.steps[1].instruction: "Published" (output) in "In the Ghost admin, create a new post titled '{{runid}} Bench Post'. In the body editor type a single paragraph containing the runid '{{runid}}' (e.g. 'Bench te"
  s_a4c470.reportTemplate.summary: "Published" (output) in "Signed in to Ghost admin at {{v1}} as {{v2}} and opened the Posts list. The list shows exactly 3 posts (no pagination/scroll beyond the viewport), each marked \""
  s_a4c470.reportTemplate.values.post_ids: "6ab1b8f4f1466900016043eb, 6ab1b8f4f1466900016043f0, 6ab1b8f4f1466900016043f5" (output) in "6ab1b8f4f1466900016043eb, 6ab1b8f4f1466900016043f0, 6ab1b8f4f1466900016043f5"
arm=sitelooper model=z-ai/glm-5.3 runid=fwgh1-n1 stop=completed
turns=4 wall=190.2s
commands=3 cmdTime=178.2s cmdBytes=4102 timeouts=0
orchestrator in=4255 cw=0 cr=9152 out=957
inner prompt=956973 cached=880640 completion=17801
spend=$0.0374 maxUsd=3
learn: A_n=0 replayed=0/3 full=0 repaired=0 compiled=2 variants=0
-> /home/user/sitelooper/bench/results/fwgh1-n1-sitelooper-result.json

fwgh1-n1: objectives passed 7/7
  obj 1: PASS — all 3 seed titles reported
  obj 2: PASS — fwgh1-n1-bench-post, body includes runid=true
  obj 3: PASS — tags=Bench News (bench-news), want only the seeded Bench News (bench-news)
  obj 4: PASS — custom excerpt="Custom excerpt for fwgh1-n1."
  obj 5: PASS — status=published, visibility=public
  obj 6: PASS — published_at=2026-09-01T00:00:00.000Z, want 2026-09-01
  obj 7: PASS — slug fwgh1-n1-bench-post reported

[sweep] run 2/3: fwgh1-n2 (replay flow fwgh1, no orchestrator)
[reset] ghost: deleted 1 post(s) (earlier runs' and non-seed)

fwgh1-n2: objectives passed 7/7
  obj 1: PASS — all 3 seed titles reported
  obj 2: PASS — fwgh1-n2-bench-post, body includes runid=true
  obj 3: PASS — tags=Bench News (bench-news), want only the seeded Bench News (bench-news)
  obj 4: PASS — custom excerpt="Bench test excerpt for fwgh1-n2."
  obj 5: PASS — status=published, visibility=public
  obj 6: PASS — published_at=2026-09-01T00:00:00.000Z, want 2026-09-01
  obj 7: PASS — slug fwgh1-n2-bench-post reported
[sweep] fwgh1-n2: 02-create has no pinned skill — 18 model turn(s), on every replay

[sweep] run 3/3: fwgh1-n3 (replay flow fwgh1, no orchestrator)
[reset] ghost: deleted 1 post(s) (earlier runs' and non-seed)

fwgh1-n3: objectives passed 7/7
  obj 1: PASS — all 3 seed titles reported
  obj 2: PASS — fwgh1-n3-bench-post, body includes runid=true
  obj 3: PASS — tags=Bench News (bench-news), want only the seeded Bench News (bench-news)
  obj 4: PASS — custom excerpt="Bench test excerpt for fwgh1-n3."
  obj 5: PASS — status=published, visibility=public
  obj 6: PASS — published_at=2026-09-01T00:00:00.000Z, want 2026-09-01
  obj 7: PASS — slug fwgh1-n3-bench-post reported

Learning sweep fwgh1 (K=3)
┌─────────┬───┬────────────┬──────────┬─────────────┬───────┬──────┬───────────┬─────┬──────────────┬────────┐
│ (index) │ n │ runid      │ verified │ stop        │ turns │ cmds │ total_usd │ A_n │ replayed     │ wall_s │
├─────────┼───┼────────────┼──────────┼─────────────┼───────┼──────┼───────────┼─────┼──────────────┼────────┤
│ 0       │ 1 │ 'fwgh1-n1' │ '7/7'    │ 'completed' │ 4     │ 3    │ 0.0374    │ 0   │ '0/3'        │ 190    │
│ 1       │ 2 │ 'fwgh1-n2' │ '7/7'    │ 'success'   │ 18    │ 2    │ 0.0065    │ 0.5 │ '2/2 (flow)' │ 67     │
│ 2       │ 3 │ 'fwgh1-n3' │ '7/7'    │ 'success'   │ 0     │ 2    │ 0         │ 1   │ '2/2 (flow)' │ 30     │
└─────────┴───┴────────────┴──────────┴─────────────┴───────┴──────┴───────────┴─────┴──────────────┴────────┘
http://127.0.0.1:8099
  s_13d351  validated    3 steps  3/3 (100%)
           In Ghost admin at {{v1}}, sign in with {{v2}} / {{v3}}. Go to Posts and report the titles of published posts w…
  s_4e070b  validated    1 steps  3/3 (100%)
           In Ghost admin at {{v1}}, sign in with {{v2}} / {{v3}}. Go to Posts and report the titles of published posts w…
  s_a4c470  validated    4 steps  3/3 (100%)
           In Ghost admin at {{v1}}, sign in with {{v2}} / {{v3}}. Go to Posts and report the titles of published posts w…
  s_abb0a5  validated    3 steps  3/3 (100%)
           In Ghost admin at {{v1}}, sign in with {{v2}} / {{v3}}. Go to Posts and report the titles of published posts w…
  s_19b640  validated    2 steps  2/2 (100%)
           In the Ghost admin, create a new post titled '{{v2}}'. In the body editor type a single paragraph containing t…
  s_91611d  validated    1 steps  2/2 (100%)
           In the Ghost admin, create a new post titled '{{v2}}'. In the body editor type a single paragraph containing t…
  s_c972df  validated   11 steps  2/2 (100%)
           In the Ghost admin, create a new post titled '{{v2}}'. In the body editor type a single paragraph containing t…
  s_d14020  validated    2 steps  2/2 (100%)
           In the Ghost admin, create a new post titled '{{v2}}'. In the body editor type a single paragraph containing t…
  s_dd8149  validated   12 steps  2/2 (100%)
           In the Ghost admin, create a new post titled '{{v2}}'. In the body editor type a single paragraph containing t…
  s_ad6b21  provisional  7 steps  1/1 (100%)
           In Ghost admin, open the published post '{{v1}}'. Open its settings panel. Find the publish/published date fie…
  s_bf2f2c  provisional  1 steps  1/1 (100%)
           In Ghost admin, open the published post '{{v1}}'. Open its settings panel. Find the publish/published date fie…
store: /home/user/sitelooper/bench/results/fwgh1-skills

summary: /home/user/sitelooper/bench/results/fwgh1-sweep.json
