
[sweep] run 1/3: fwgr48-n1 (store: /home/user/sitelooper/bench/results/fwgr48-skills)
[harness] grafana: defaulting APP_URL
[harness] grafana: defaulting APP_EMAIL
[harness] grafana: defaulting APP_PASSWORD
[reset] grafana: deleted leftover dashboard "Service Health" (400)
[harness] grafana responded 302 at http://127.0.0.1:3000/
stopped: fwgr48-n1
  flow "fwgr48" saved: 8 step(s), vars runid → /home/user/sitelooper/bench/results/flows/fwgr48.json
  warning: note: 02-open no longer publishes panel_count — no replay reads it from the page and the recording showed no line to read
  warning: note: 03-create no longer publishes grafana_version — no replay reads it from the page and the recording showed no line to read
  warning: note: 04-open no longer publishes panel_type — no replay reads it from the page and the recording showed no line to read
  warning: note: 05-open no longer publishes ref_2 — no replay reads it from the page and the recording showed no line to read
  warning: note: 07-report no longer publishes time_from_param — no replay reads it from the page and the recording showed no line to read
  warning: note: 08-edit no longer publishes b_panel_data_source, post_state — no replay reads them from the page and the recording showed no line to read
  warning: warning: 17 value(s) KNOWN to be this run's survived unslotted — a replay will act on or wait for the recording's value (non-fatal outside locators):
  s_758820.steps[0].expect.urlPattern: "fwgr48-n1" (var) in "http://127.0.0.1:3000/d/{{v5}}/fwgr48-n1-bench-dashboard?editview=settings&from=:id&timezone=browser&to=now"
  s_758820.steps[1].expect.urlPattern: "fwgr48-n1" (var) in "http://127.0.0.1:3000/d/{{v5}}/fwgr48-n1-bench-dashboard?editview=settings&from=:id&timezone=browser&to=now"
  s_758820.steps[2].expect.urlPattern: "fwgr48-n1" (var) in "http://127.0.0.1:3000/d/{{v5}}/fwgr48-n1-bench-dashboard?editview=settings&from=:id&timezone=browser&to=now"
  s_758820.steps[3].expect.urlPattern: "fwgr48-n1" (var) in "http://127.0.0.1:3000/d/{{v5}}/fwgr48-n1-bench-dashboard?editview=settings&from=:id&timezone=browser&to=now"
  s_758820.steps[4].expect.urlPattern: "fwgr48-n1" (var) in "http://127.0.0.1:3000/d/{{v5}}/fwgr48-n1-bench-dashboard?editview=settings&from=:id&timezone=browser&to=now"
  s_758820.steps[5].expect.urlPattern: "fwgr48-n1" (var) in "http://127.0.0.1:3000/d/{{v5}}/fwgr48-n1-bench-dashboard?editview=settings&from=:id&timezone=browser&to=now"
  s_758820.steps[8].expect.urlPattern: "fwgr48-n1" (var) in "http://127.0.0.1:3000/d/{{v5}}/fwgr48-n1-bench-dashboard?from=:id&timezone=browser&to=now"
  s_758820.steps[10].expect.urlPattern: "fwgr48-n1" (var) in "http://127.0.0.1:3000/d/{{v5}}/fwgr48-n1-bench-dashboard?editview=json-model&from=:id&timezone=browser&to=now"
  s_a6417a.steps[2].expect.urlPattern: "fwgr48-n1" (var) in "http://127.0.0.1:3000/d/afyg8lxjmafpca/fwgr48-n1-bench-dashboard?from=:id&refresh=:id&timezone=browser&to=now"
  s_a6417a.steps[3].expect.urlPattern: "fwgr48-n1" (var) in "http://127.0.0.1:3000/d/afyg8lxjmafpca/fwgr48-n1-bench-dashboard?editview=settings&from=:id&refresh=:id&timezone=browser&to=now"
  s_a6417a.steps[6].expect.urlPattern: "fwgr48-n1" (var) in "http://127.0.0.1:3000/d/afyg8lxjmafpca/fwgr48-n1-bench-dashboard?from=:id&refresh=:id&timezone=browser&to=now"
  s_dc6356.steps[1].expect.urlPattern: "fwgr48-n1" (var) in "http://127.0.0.1:3000/d/afyg8lxjmafpca/fwgr48-n1-bench-dashboard?from=:id&timezone=browser&to=now"
  s_dc6356.steps[2].expect.urlPattern: "fwgr48-n1" (var) in "http://127.0.0.1:3000/d/afyg8lxjmafpca/fwgr48-n1-bench-dashboard?from=:id&refresh=:id&timezone=browser&to=now"
  s_dc6356.steps[3].expect.urlPattern: "fwgr48-n1" (var) in "http://127.0.0.1:3000/d/afyg8lxjmafpca/fwgr48-n1-bench-dashboard?from=:id&refresh=:id&timezone=browser&to=now"
  s_dc6356.steps[4].expect.urlPattern: "fwgr48-n1" (var) in "http://127.0.0.1:3000/d/afyg8lxjmafpca/fwgr48-n1-bench-dashboard?from=:id&refresh=:id&timezone=browser&to=now"
  s_dc6356.steps[5].expect.urlPattern: "fwgr48-n1" (var) in "http://127.0.0.1:3000/d/afyg8lxjmafpca/fwgr48-n1-bench-dashboard?from=:id&refresh=:id&timezone=browser&to=now"
  s_dc6356.steps[6].expect.urlPattern: "fwgr48-n1" (var) in "http://127.0.0.1:3000/d/afyg8lxjmafpca/fwgr48-n1-bench-dashboard?from=:id&refresh=:id&timezone=browser&to=now"
  warning: warning: 214 other value(s) the run saw survived unslotted, judged by shape only (usually page copy; non-fatal):
  flow.steps[2].instruction: "Stat" (output) in "Create a NEW Grafana dashboard. Steps: from the Dashboards browse page click 'New' then 'New dashboard', choose 'Add visualization', and select the 'TestData DB"
  flow.steps[2].params.v2: "Stat" (output) in "Stat"
  flow.steps[2].route: "afyg8lxjmafpca" (url) in "http://127.0.0.1:3000/d/afyg8lxjmafpca/:id"
  flow.steps[3].instruction: "Save dashboard" (output) in "On the currently open dashboard '{{runid}} Bench Dashboard', add a NEW Text panel. Steps: click the 'Add' button in the top toolbar and choose 'Visualization' ("
  flow.steps[3].instruction: "Text" (output) in "On the currently open dashboard '{{runid}} Bench Dashboard', add a NEW Text panel. Steps: click the 'Add' button in the top toolbar and choose 'Visualization' ("
  warning: {{02-open.folder}} (used by 05-open) can only be re-observed by model recovery — consider re-recording so the value is read from the page.
  warning: 02-open reports folder, but s_d1d278 re-reads none of it from the page — a replay without the model will succeed without that value; re-record so it is read.
arm=sitelooper model=z-ai/glm-5.3 runid=fwgr48-n1 stop=completed
turns=10 wall=823.4s
commands=9 cmdTime=733.0s cmdBytes=13019 timeouts=0
orchestrator in=42553 cw=0 cr=3648 out=3547
inner prompt=4288883 cached=4072320 completion=35242
spend=$0.142 maxUsd=3
learn: A_n=0 replayed=0/8 full=0 repaired=0 compiled=8 variants=0
-> /home/user/sitelooper/bench/results/fwgr48-n1-sitelooper-result.json

fwgr48-n1: objectives passed 6/6
  obj 1: PASS — all 3 provisioned titles reported
  obj 2: PASS — type=stat, datasource ok=true
  obj 3: PASS — type=text, content includes runid=true
  obj 4: PASS — tags=["bench"], time=now-6h..now
  obj 5: PASS — refresh="1m"
  obj 6: PASS — uid afyg8lxjmafpca reported

[sweep] run 2/3: fwgr48-n2 (replay flow fwgr48, no orchestrator)
[reset] grafana: deleted leftover dashboard "fwgr48-n1 Bench Dashboard" (200)
[reset] grafana: deleted leftover dashboard "Service Health" (400)
[sweep] fwgr48-n2: 1 drift ticket(s) → fwgr48-n2-drift.json

fwgr48-n2: objectives passed 6/6
  obj 1: PASS — all 3 provisioned titles reported
  obj 2: PASS — type=stat, datasource ok=true
  obj 3: PASS — type=text, content includes runid=true
  obj 4: PASS — tags=["bench"], time=now-6h..now
  obj 5: PASS — refresh="1m"
  obj 6: PASS — uid efyg9m4qwpla8f reported

[sweep] run 3/3: fwgr48-n3 (replay flow fwgr48, no orchestrator)
[reset] grafana: deleted leftover dashboard "fwgr48-n2 Bench Dashboard" (200)
[reset] grafana: deleted leftover dashboard "Service Health" (400)
[sweep] fwgr48-n3: 1 drift ticket(s) → fwgr48-n3-drift.json

fwgr48-n3: objectives passed 6/6
  obj 1: PASS — all 3 provisioned titles reported
  obj 2: PASS — type=stat, datasource ok=true
  obj 3: PASS — type=text, content includes runid=true
  obj 4: PASS — tags=["bench"], time=now-6h..now
  obj 5: PASS — refresh="1m"
  obj 6: PASS — uid ffyg9zx3tul8gf reported

Learning sweep fwgr48 (K=3)
┌─────────┬───┬─────────────┬──────────┬─────────────┬───────┬──────┬───────────┬──────┬──────────────┬────────┐
│ (index) │ n │ runid       │ verified │ stop        │ turns │ cmds │ total_usd │ A_n  │ replayed     │ wall_s │
├─────────┼───┼─────────────┼──────────┼─────────────┼───────┼──────┼───────────┼──────┼──────────────┼────────┤
│ 0       │ 1 │ 'fwgr48-n1' │ '6/6'    │ 'completed' │ 10    │ 9    │ 0.142     │ 0    │ '0/8'        │ 823    │
│ 1       │ 2 │ 'fwgr48-n2' │ '6/6'    │ 'success'   │ 19    │ 8    │ 0.009     │ 0.88 │ '8/8 (flow)' │ 255    │
│ 2       │ 3 │ 'fwgr48-n3' │ '6/6'    │ 'success'   │ 25    │ 8    │ 0.0106    │ 0.88 │ '8/8 (flow)' │ 193    │
└─────────┴───┴─────────────┴──────────┴─────────────┴───────┴──────┴───────────┴──────┴──────────────┴────────┘
http://127.0.0.1:3000
  s_07bd39  validated    2 steps  3/3 (100%)
           Sign in to Grafana with username admin and password admin. If a 'Change password' / 'Update password' prompt a…
  s_2e5b1c  validated    2 steps  3/3 (100%)
           Create a NEW Grafana dashboard. Steps: from the Dashboards browse page click 'New' then 'New dashboard', choos…
  s_65b730  validated    2 steps  3/3 (100%)
           Open the provisioned dashboard named 'Service health' (use search/dashboards to find it, e.g. via the Dashboar…
  s_758820  validated   16 steps  3/3 (100%)
           On the currently open dashboard '{{v1}}', do two things and make sure they are PERSISTED: (1) Add the tag '{{v…
  s_7b78f6  validated   13 steps  3/3 (100%)
           On the dashboard '{{v1}}', click the '{{v3}}' panel's title/menu and choose Edit to open the panel editor. Fro…
  s_8581ae  validated   18 steps  3/3 (100%)
           On the currently open dashboard '{{v1}}', add a NEW Text panel. Steps: click the 'Add' button in the top toolb…
  s_875f3c  validated    4 steps  3/3 (100%)
           Create a NEW Grafana dashboard. Steps: from the Dashboards browse page click 'New' then 'New dashboard', choos…
  s_9f0128  validated    4 steps  3/3 (100%)
           Sign in to Grafana with username admin and password admin. If a 'Change password' / 'Update password' prompt a…
  s_a6417a  validated   12 steps  3/3 (100%)
           Final verification of the dashboard '{{v1}}'. Load it fresh by navigating to {{v6}} (no query params). Then re…
  s_d1d278  validated    2 steps  3/3 (100%)
           Open the provisioned dashboard named 'Service health' (use search/dashboards to find it, e.g. via the Dashboar…
  s_dc6356  validated   10 steps  3/3 (100%)
           On the currently open dashboard '{{v1}}', set the auto-refresh interval to 1 minute and PERSIST it. Steps: ope…
  s_e76410  validated   10 steps  3/3 (100%)
           Create a NEW Grafana dashboard. Steps: from the Dashboards browse page click 'New' then 'New dashboard', choos…
  s_efb0c8  validated    9 steps  3/3 (100%)
           Open the provisioned dashboard named 'Service health' (use search/dashboards to find it, e.g. via the Dashboar…
store: /home/user/sitelooper/bench/results/fwgr48-skills

summary: /home/user/sitelooper/bench/results/fwgr48-sweep.json
