
[sweep] run 1/3: fwgr79-n1 (store: /home/user/sitelooper/bench/results/fwgr79-skills)
[harness] grafana: defaulting APP_URL
[harness] grafana: defaulting APP_EMAIL
[harness] grafana: defaulting APP_PASSWORD
[reset] grafana: deleted leftover dashboard "Service Health" (400)
[harness] grafana responded 302 at http://127.0.0.1:3000/
stopped: fwgr79-n1
  flow "fwgr79" saved: 5 step(s), vars runid → /home/user/sitelooper/bench/results/flows/fwgr79.json
  warning: warning: 02-create's instruction asks to report dashboard_url, and no replay can publish it: nothing in its procedure reads it from the page, so export dropped it — re-record the step so the value is read, not only reported
  warning: note: 02-create no longer publishes datasource — no replay reads it from the page and the recording showed no line to read
  warning: note: 03-open no longer publishes dashboard_url — no replay reads it from the page and the recording showed no line to read
  warning: note: 04-set no longer publishes dashboard_json_version, tag_added, json_model_visible_lines, json_model_tag, default_time_range_from, default_time_range_to, json_model_time_from, json_model_time_to, final_dashboard_url, json_model_tags_line, json_model_tag_value, json_model_time_line, json_model_time_from_line, json_model_time_to_line — no replay reads them from the page and the recording showed no line to read
  warning: warning: 05-set's instruction asks to report dashboard_url, dashboard_url_2, and no replay can publish them: nothing in its procedure reads them from the page, so export dropped them — re-record the step so the value is read, not only reported
  warning: note: 05-set no longer publishes time_range, auto_refresh_interval, settings_auto_refresh, json_model_tag_line, json_model_refresh_value, auto_refresh_input, time_range_from_value — no replay reads them from the page and the recording showed no line to read
  warning: warning: 205 other value(s) the run saw survived unslotted, judged by shape only (usually page copy; non-fatal):
  flow.steps[1].instruction: "Stat" (output) in "Create a NEW dashboard in Grafana. Add a Stat visualization panel, set its title to '{{runid}} Availability', and set its query data source to 'TestData' (the t"
  flow.steps[1].params.v2: "Stat" (output) in "Stat"
  flow.steps[1].route: "bfzftybx71lvke" (url) in "http://127.0.0.1:3000/d/bfzftybx71lvke/:id"
  flow.steps[2].route: "bfzftybx71lvke" (url) in "http://127.0.0.1:3000/d/bfzftybx71lvke/:id"
  flow.steps[3].instruction: "bench" (output) in "On the dashboard '{{runid}} Bench Dashboard', set the dashboard tag 'bench' (use dashboard settings, add the tag 'bench', save settings). Also set the time rang"
arm=sitelooper model=z-ai/glm-5.3 runid=fwgr79-n1 stop=completed
turns=6 wall=743.0s
commands=5 cmdTime=718.5s cmdBytes=10257 timeouts=0
orchestrator in=8764 cw=0 cr=15872 out=1113
inner prompt=4648749 cached=4396736 completion=56256
spend=$0.2198 maxUsd=3
learn: A_n=0 replayed=0/5 full=0 repaired=0 compiled=5 variants=0
-> /home/user/sitelooper/bench/results/fwgr79-n1-sitelooper-result.json

fwgr79-n1: objectives passed 6/6
  obj 1: PASS — all 3 provisioned titles reported
  obj 2: PASS — type=stat, datasource ok=true
  obj 3: PASS — type=text, content includes runid=true
  obj 4: PASS — tags=["bench"], time=now-6h..now
  obj 5: PASS — refresh="1m"
  obj 6: PASS — uid bfzftybx71lvke reported

[sweep] run 2/3: fwgr79-n2 (replay flow fwgr79, no orchestrator)
[reset] grafana: deleted leftover dashboard "fwgr79-n1 Bench Dashboard" (200)
[reset] grafana: deleted leftover dashboard "Service Health" (400)

fwgr79-n2: objectives passed 6/6
  obj 1: PASS — all 3 provisioned titles reported
  obj 2: PASS — type=stat, datasource ok=true
  obj 3: PASS — type=text, content includes runid=true
  obj 4: PASS — tags=["bench"], time=now-6h..now
  obj 5: PASS — refresh="1m"
  obj 6: PASS — uid bfzfuv5idflkwb reported

[sweep] run 3/3: fwgr79-n3 (replay flow fwgr79, no orchestrator)
[reset] grafana: deleted leftover dashboard "fwgr79-n2 Bench Dashboard" (200)
[reset] grafana: deleted leftover dashboard "Service Health" (400)

fwgr79-n3: objectives passed 6/6
  obj 1: PASS — all 3 provisioned titles reported
  obj 2: PASS — type=stat, datasource ok=true
  obj 3: PASS — type=text, content includes runid=true
  obj 4: PASS — tags=["bench"], time=now-6h..now
  obj 5: PASS — refresh="1m"
  obj 6: PASS — uid bfzfv8m4d9hxcb reported

Learning sweep fwgr79 (K=3)
┌─────────┬───┬─────────────┬──────────┬─────────────┬───────┬──────┬───────────┬─────┬──────────────┬────────┐
│ (index) │ n │ runid       │ verified │ stop        │ turns │ cmds │ total_usd │ A_n │ replayed     │ wall_s │
├─────────┼───┼─────────────┼──────────┼─────────────┼───────┼──────┼───────────┼─────┼──────────────┼────────┤
│ 0       │ 1 │ 'fwgr79-n1' │ '6/6'    │ 'completed' │ 6     │ 5    │ 0.2198    │ 0   │ '0/5'        │ 743    │
│ 1       │ 2 │ 'fwgr79-n2' │ '6/6'    │ 'success'   │ 0     │ 5    │ 0         │ 1   │ '5/5 (flow)' │ 249    │
│ 2       │ 3 │ 'fwgr79-n3' │ '6/6'    │ 'success'   │ 0     │ 5    │ 0         │ 1   │ '5/5 (flow)' │ 250    │
└─────────┴───┴─────────────┴──────────┴─────────────┴───────┴──────┴───────────┴─────┴──────────────┴────────┘
http://127.0.0.1:3000
  s_1abcc8  validated   45 steps  3/3 (100%)
           On the dashboard '{{v1}}', set the auto-refresh interval to 1m via dashboard settings ({{v3}}, Refresh interva…
  s_422e5f  validated   18 steps  3/3 (100%)
           Create a NEW dashboard in Grafana. Add a {{v2}} visualization panel, set its title to '{{v3}}', and set its qu…
  s_52a818  validated    6 steps  3/3 (100%)
           Sign in to Grafana at {{v1}} with username {{v2}} and password {{v3}} (type it exactly as that placeholder tex…
  s_6a8bf1  validated   48 steps  3/3 (100%)
           On the dashboard '{{v1}}', set the dashboard tag 'bench' (use dashboard settings, add the tag 'bench', save se…
  s_7259fb  validated   23 steps  3/3 (100%)
           On the dashboard '{{v1}}' (currently open), add a Text panel titled '{{v3}}' whose text content includes '{{v2…
  s_90fa14  validated   10 steps  3/3 (100%)
           Sign in to Grafana at {{v1}} with username {{v2}} and password {{v3}} (type it exactly as that placeholder tex…
  s_99a75b  validated    1 steps  3/3 (100%)
           Sign in to Grafana at {{v1}} with username {{v2}} and password {{v3}} (type it exactly as that placeholder tex…
  s_bb3d75  validated    2 steps  3/3 (100%)
           Sign in to Grafana at {{v1}} with username {{v2}} and password {{v3}} (type it exactly as that placeholder tex…
  s_cec778  validated    2 steps  3/3 (100%)
           Create a NEW dashboard in Grafana. Add a {{v2}} visualization panel, set its title to '{{v3}}', and set its qu…
  s_f63a82  validated    7 steps  3/3 (100%)
           Create a NEW dashboard in Grafana. Add a {{v2}} visualization panel, set its title to '{{v3}}', and set its qu…
store: /home/user/sitelooper/bench/results/fwgr79-skills

summary: /home/user/sitelooper/bench/results/fwgr79-sweep.json
