
Running 1 test using 1 worker

[sitelooper step] 01-open
[sitelooper step] 02-create
[sitelooper recipe] filled via recipe monaco/set-value (r_f2510e); value verified on the component
[sitelooper warn] 03-open s_a0eb7d/10: read 'text_panel_rendered_content' returned a value the skill itself set/selected ('Run notes for fwgr56-spec: benchmark dashboard created by au…') — confirms the control, not persistence; dropped from the report's confident values
[sitelooper warn] 03-open s_a0eb7d/14: read 'text_panel_title_as_displayed' returned a value the skill itself set/selected ('fwgr56-spec Notes') — confirms the control, not persistence; dropped from the report's confident values
[sitelooper warn] 03-open s_a0eb7d/15: read 'text_panel_rendered_content' returned a value the skill itself set/selected ('Run notes for fwgr56-spec: benchmark dashboard created by au…') — confirms the control, not persistence; dropped from the report's confident values
[sitelooper warn] 03-open s_a0eb7d/18: read 'panels_on_dashboard_1' returned a value the skill itself set/selected ('fwgr56-spec Notes') — confirms the control, not persistence; dropped from the report's confident values
[sitelooper warn] 03-open s_a0eb7d/21: read 'runid' returned a value the skill itself set/selected ('fwgr56-spec Notes') — confirms the control, not persistence; dropped from the report's confident values
[sitelooper step] 03-open
[sitelooper warn] 04-open s_32889d/19: read 'tag_in_settings_general' returned a value the skill itself set/selected ('bench') — confirms the control, not persistence; dropped from the report's confident values
[sitelooper warn] 04-open s_32889d/20: read 'time_options_section_tex' returned a value the skill itself set/selected ('Time options') — confirms the control, not persistence; dropped from the report's confident values
[sitelooper step] 04-open
[sitelooper step] 05-open
[sitelooper warn] 06-edit s_7e5fac: identity marker "fwgr56-spec Bench Dashboard" is not on the page, but the url names this run's record (path[2]=fwgr56-spec-bench-dashboard) — the marker is stale; proceeding
[sitelooper warn] 06-edit s_7e5fac/22: read 'availability_panel_title' returned a value the skill itself set/selected ('fwgr56-spec Availability') — confirms the control, not persistence; dropped from the report's confident values
[sitelooper warn] 06-edit s_7e5fac/24: read 'panel_titles_2' returned a value the skill itself set/selected ('fwgr56-spec Availability') — confirms the control, not persistence; dropped from the report's confident values
[sitelooper step] 06-edit
[sitelooper step] 07-report
[sitelooper step] 08-open
[sitelooper step] 09-report
  ✓  1 fwgr56.spec.ts:9:1 › fwgr56 (1.6m)

  1 passed (1.6m)
