warning 06-open: reads what={{v6}}, which a standalone spec has no form for (label breadcrumb_title)
  why: The recording does not say what to read off the element, so the generated file cannot take it; this label would be left empty and any step consuming it would run on a blank.
  fix: write the read for what={{v6}} by hand in the generated file, or re-record the step as a text read
warning 06-open: reads what={{v6}}, which a standalone spec has no form for (label panel_stat_title)
  why: The recording does not say what to read off the element, so the generated file cannot take it; this label would be left empty and any step consuming it would run on a blank.
  fix: write the read for what={{v6}} by hand in the generated file, or re-record the step as a text read
warning 06-open: reads what={{v6}}, which a standalone spec has no form for (label stat_panel_value)
  why: The recording does not say what to read off the element, so the generated file cannot take it; this label would be left empty and any step consuming it would run on a blank.
  fix: write the read for what={{v6}} by hand in the generated file, or re-record the step as a text read
warning 06-open: reads what={{v6}}, which a standalone spec has no form for (label panel_text_title)
  why: The recording does not say what to read off the element, so the generated file cannot take it; this label would be left empty and any step consuming it would run on a blank.
  fix: write the read for what={{v6}} by hand in the generated file, or re-record the step as a text read
warning 06-open: reads what={{v6}}, which a standalone spec has no form for (label panel_text_content)
  why: The recording does not say what to read off the element, so the generated file cannot take it; this label would be left empty and any step consuming it would run on a blank.
  fix: write the read for what={{v6}} by hand in the generated file, or re-record the step as a text read
warning 06-open: reads what={{v6}}, which a standalone spec has no form for (label time_range_top_bar)
  why: The recording does not say what to read off the element, so the generated file cannot take it; this label would be left empty and any step consuming it would run on a blank.
  fix: write the read for what={{v6}} by hand in the generated file, or re-record the step as a text read
warning 06-open: reads what={{v6}}, which a standalone spec has no form for (label refresh_interval_top_bar)
  why: The recording does not say what to read off the element, so the generated file cannot take it; this label would be left empty and any step consuming it would run on a blank.
  fix: write the read for what={{v6}} by hand in the generated file, or re-record the step as a text read
warning 06-open: reads what={{v6}}, which a standalone spec has no form for (label ref)
  why: The recording does not say what to read off the element, so the generated file cannot take it; this label would be left empty and any step consuming it would run on a blank.
  fix: write the read for what={{v6}} by hand in the generated file, or re-record the step as a text read
error 06-open: slot v6 is bound to {{04-add.json_panels_1_type}}, and nothing has ever published json_panels_1_type
  why: nothing in 04-add's procedure reads json_panels_1_type from the page, and no report value derives it from a parameter, so no run can publish it. The recording's own value is not a substitute: passing it would make every replay work run 1's record. 06-open types or locates by v6, so the artifact would stop here on every run, part-way through the flow and with everything earlier already done.
  fix: re-record 04-add so it reads json_panels_1_type from an element (`sitelooper rerecord <flow file> 04-add`), or take {{04-add.json_panels_1_type}} out of 06-open's v6

nothing written: the error(s) above are about the RECORDING, not the app — a compiled spec would fail at a locator and read as drift.
re-record the step(s) with the fix command above.
sitelooper: refused: unsourced-ref — see the diagnostics above
