
> sitelooper@0.3.0 prepare
> npm run build


> sitelooper@0.3.0 build
> tsc -p tsconfig.json && node scripts/copy-execution-source.mjs


added 66 packages, and audited 67 packages in 10s

17 packages are looking for funding
  run `npm fund` for details

5 vulnerabilities (2 moderate, 3 high)

To address issues that do not require attention, run:
  npm audit fix

To address all issues (including breaking changes), run:
  npm audit fix --force

Run `npm audit` for details.
npm notice
npm notice New major version of npm available! 10.9.7 -> 12.0.2
npm notice Changelog: https://github.com/npm/cli/releases/tag/v12.0.2
npm notice To update run: npm install -g npm@12.0.2
npm notice

> sitelooper@0.3.0 build
> tsc -p tsconfig.json && node scripts/copy-execution-source.mjs

