
[sweep] run 1/3: fwgr62-n1 (store: /home/user/sitelooper/bench/results/fwgr62-skills)
[harness] grafana: defaulting APP_URL
[harness] grafana: defaulting APP_EMAIL
[harness] grafana: defaulting APP_PASSWORD
[reset] grafana: deleted leftover dashboard "Service Health" (400)
[harness] grafana responded 302 at http://127.0.0.1:3000/
stopped: fwgr62-n1
  flow "fwgr62" saved: 6 step(s), vars runid → /home/user/sitelooper/bench/results/flows/fwgr62.json
  warning: note: 01-open no longer publishes dashboard_uid, panel_count — no replay reads them from the page and the recording showed no line to read
  warning: note: 02-create no longer publishes visualization_type, data_source_name, dashboard_saved — no replay reads them from the page and the recording showed no line to read
  warning: note: 03-open no longer publishes text_panel_content_includes_runid, dashboard_saved — no replay reads them from the page and the recording showed no line to read
  warning: note: 04-open no longer publishes dashboard_uid, tags, default_time_range_persisted, grafana_version, default_time_from, grafana_version_string — no replay reads them from the page and the recording showed no line to read
  warning: note: 05-open no longer publishes refresh_field, time_from, time_to, saved_version, tags — no replay reads them from the page and the recording showed no line to read
  warning: note: 06-open no longer publishes c_panel_count, d_text_panel_content_includes_runid, e_tags, e_json_version, e_json_schemaVersion, e_time_from, e_time_to, e_stat_panel_datasource_type, e_stat_panel_datasource_uid — no replay reads them from the page and the recording showed no line to read
  warning: warning: 181 other value(s) the run saw survived unslotted, judged by shape only (usually page copy; non-fatal):
  flow.steps[0].instruction: "Service health" (output) in "Open http://127.0.0.1:3000/ in the browser. If a login page appears, sign in with username 'admin' and password 'admin'; if a 'change password' prompt appears, "
  flow.steps[0].params.v2: "Service health" (output) in "Service health"
  flow.steps[0].route: "bench-service-health" (output) in "http://127.0.0.1:3000/d/bench-service-health/service-health"
  flow.steps[1].instruction: "TestData" (output) in "On Grafana at http://127.0.0.1:3000, create a NEW dashboard. Add a Stat visualization panel. Title the panel exactly '{{runid}} Availability'. For its query, se"
  flow.steps[1].instruction: "Stat" (output) in "On Grafana at http://127.0.0.1:3000, create a NEW dashboard. Add a Stat visualization panel. Title the panel exactly '{{runid}} Availability'. For its query, se"
arm=sitelooper model=z-ai/glm-5.3 runid=fwgr62-n1 stop=completed
turns=7 wall=801.4s
commands=6 cmdTime=770.3s cmdBytes=8633 timeouts=0
orchestrator in=14879 cw=0 cr=14784 out=4096
inner prompt=2878370 cached=2672128 completion=35070
spend=$0.1027 maxUsd=3
learn: A_n=0 replayed=0/6 full=0 repaired=0 compiled=6 variants=0
-> /home/user/sitelooper/bench/results/fwgr62-n1-sitelooper-result.json

fwgr62-n1: objectives passed 6/6
  obj 1: PASS — all 3 provisioned titles reported
  obj 2: PASS — type=stat, datasource ok=true
  obj 3: PASS — type=text, content includes runid=true
  obj 4: PASS — tags=["bench"], time=now-6h..now
  obj 5: PASS — refresh="1m"
  obj 6: PASS — uid bfylpi18djojka reported

[sweep] run 2/3: fwgr62-n2 (replay flow fwgr62, no orchestrator)
[reset] grafana: deleted leftover dashboard "fwgr62-n1 Bench Dashboard" (200)
[reset] grafana: deleted leftover dashboard "Service Health" (400)

fwgr62-n2: objectives passed 6/6
  obj 1: PASS — all 3 provisioned titles reported
  obj 2: PASS — type=stat, datasource ok=true
  obj 3: PASS — type=text, content includes runid=true
  obj 4: PASS — tags=["bench"], time=now-6h..now
  obj 5: PASS — refresh="1m"
  obj 6: PASS — uid afylpvspvgnwge reported

[sweep] run 3/3: fwgr62-n3 (replay flow fwgr62, no orchestrator)
[reset] grafana: deleted leftover dashboard "fwgr62-n2 Bench Dashboard" (200)
[reset] grafana: deleted leftover dashboard "Service Health" (400)

fwgr62-n3: objectives passed 6/6
  obj 1: PASS — all 3 provisioned titles reported
  obj 2: PASS — type=stat, datasource ok=true
  obj 3: PASS — type=text, content includes runid=true
  obj 4: PASS — tags=["bench"], time=now-6h..now
  obj 5: PASS — refresh="1m"
  obj 6: PASS — uid cfylq01zt5tz4d reported

Learning sweep fwgr62 (K=3)
┌─────────┬───┬─────────────┬──────────┬─────────────┬───────┬──────┬───────────┬─────┬──────────────┬────────┐
│ (index) │ n │ runid       │ verified │ stop        │ turns │ cmds │ total_usd │ A_n │ replayed     │ wall_s │
├─────────┼───┼─────────────┼──────────┼─────────────┼───────┼──────┼───────────┼─────┼──────────────┼────────┤
│ 0       │ 1 │ 'fwgr62-n1' │ '6/6'    │ 'completed' │ 7     │ 6    │ 0.1027    │ 0   │ '0/6'        │ 801    │
│ 1       │ 2 │ 'fwgr62-n2' │ '6/6'    │ 'success'   │ 0     │ 6    │ 0         │ 1   │ '6/6 (flow)' │ 76     │
│ 2       │ 3 │ 'fwgr62-n3' │ '6/6'    │ 'success'   │ 0     │ 6    │ 0         │ 1   │ '6/6 (flow)' │ 77     │
└─────────┴───┴─────────────┴──────────┴─────────────┴───────┴──────┴───────────┴─────┴──────────────┴────────┘
http://127.0.0.1:3000
  s_0bca7b  validated   16 steps  3/3 (100%)
           On Grafana at http://127.0.0.1:3000, create a NEW dashboard. Add a Stat visualization panel. Title the panel e…
  s_1016f9  validated    7 steps  3/3 (100%)
           On the currently open Grafana dashboard (the new unsaved dashboard at /dashboard/new with panels '{{v1}}' and …
  s_1ea6ce  validated    4 steps  3/3 (100%)
           Open {{v1}} in the browser. If a login page appears, sign in with username 'admin' and password 'admin'; if a …
  s_3120ea  validated    2 steps  3/3 (100%)
           On Grafana at http://127.0.0.1:3000, create a NEW dashboard. Add a Stat visualization panel. Title the panel e…
  s_493df8  validated    8 steps  3/3 (100%)
           Open {{v1}} in the browser. If a login page appears, sign in with username 'admin' and password 'admin'; if a …
  s_5ece5e  validated    1 steps  3/3 (100%)
           Open {{v1}} in the browser. If a login page appears, sign in with username 'admin' and password 'admin'; if a …
  s_6a0caa  validated   18 steps  3/3 (100%)
           On the currently open Grafana dashboard (the new unsaved dashboard at /dashboard/new that already has a {{v1}}…
  s_acca98  validated    2 steps  3/3 (100%)
           Open {{v1}} in the browser. If a login page appears, sign in with username 'admin' and password 'admin'; if a …
  s_cd388d  validated   11 steps  3/3 (100%)
           Final verification on Grafana at http://127.0.0.1:3000. Open the dashboard '{{v1}}' by navigating to {{v3}} (a…
  s_d57b10  validated   17 steps  3/3 (100%)
           On the currently open Grafana dashboard (the new unsaved dashboard at /dashboard/new with panels '{{v1}}' and …
  s_df187b  validated    1 steps  3/3 (100%)
           Open {{v1}} in the browser. If a login page appears, sign in with username 'admin' and password 'admin'; if a …
  s_fc7297  validated   11 steps  3/3 (100%)
           On the currently open Grafana dashboard '{{v1}}' (URL http://127.0.0.1:3000/d/{{v3}}/{{v4}}), set the auto-ref…
store: /home/user/sitelooper/bench/results/fwgr62-skills

summary: /home/user/sitelooper/bench/results/fwgr62-sweep.json
SWEEP_EXIT=0
