
[sweep] run 1/3: fwgr36-n1 (store: /home/user/sitelooper/bench/results/fwgr36-skills)
[harness] grafana: defaulting APP_URL
[harness] grafana: defaulting APP_EMAIL
[harness] grafana: defaulting APP_PASSWORD
[reset] grafana: deleted leftover dashboard "Service Health" (400)
[harness] grafana responded 302 at http://127.0.0.1:3000/
stopped: fwgr36-n1
  flow "fwgr36" saved: 7 step(s), vars runid → /home/user/sitelooper/bench/results/flows/fwgr36.json
  warning: warning: instruction "On the dashboard 'fwgr36-n1 Bench Dashboard' (UID ffy9snbh00i68a, URL …" ran 23 state-changing step(s) but reported nothing — its work is NOT in the flow
  warning: warning: 123 other value(s) the run saw survived unslotted, judged by shape only (usually page copy; non-fatal):
  flow.steps[0].route: "bench-service-health/service-health" (output) in "http://127.0.0.1:3000/d/bench-service-health/service-health"
  flow.steps[1].instruction: "TestData" (output) in "In Grafana at http://127.0.0.1:3000/, create a NEW dashboard (New dashboard / + New dashboard). Add a Stat visualization panel. Set the panel's title to exactly"
  flow.steps[1].instruction: "Stat" (output) in "In Grafana at http://127.0.0.1:3000/, create a NEW dashboard (New dashboard / + New dashboard). Add a Stat visualization panel. Set the panel's title to exactly"
  flow.steps[1].route: "http://127.0.0.1:3000/d/ffy9snbh00i68a/" (output) in "http://127.0.0.1:3000/d/ffy9snbh00i68a/:id"
  flow.steps[1].route: "ffy9snbh00i68a" (url) in "http://127.0.0.1:3000/d/ffy9snbh00i68a/:id"
arm=sitelooper model=z-ai/glm-5.3 runid=fwgr36-n1 stop=completed
turns=11 wall=1548.0s
commands=10 cmdTime=1107.6s cmdBytes=14255 timeouts=0
orchestrator in=42685 cw=0 cr=12736 out=4936
inner prompt=3492981 cached=3244928 completion=69111
spend=$0.1732 maxUsd=3
learn: A_n=0 replayed=0/7 full=0 repaired=0 compiled=7 variants=0
-> /home/user/sitelooper/bench/results/fwgr36-n1-sitelooper-result.json

fwgr36-n1: objectives passed 6/6
  obj 1: PASS — all 3 provisioned titles reported
  obj 2: PASS — type=stat, datasource ok=true
  obj 3: PASS — type=text, content includes runid=true
  obj 4: PASS — tags=["bench"], time=now-6h..now
  obj 5: PASS — refresh="1m"
  obj 6: PASS — uid ffy9snbh00i68a reported

[sweep] run 2/3: fwgr36-n2 (replay flow fwgr36, no orchestrator)
[reset] grafana: deleted leftover dashboard "fwgr36-n1 Bench Dashboard" (200)
[reset] grafana: deleted leftover dashboard "Service Health" (400)
[sweep] fwgr36-n2: 5 drift ticket(s) → fwgr36-n2-drift.json

fwgr36-n2: objectives passed 5/6
  obj 1: FAIL — finalText missing panel titles: Request rate, Error count, Latency by endpoint
  obj 2: PASS — type=stat, datasource ok=true
  obj 3: PASS — type=text, content includes runid=true
  obj 4: PASS — tags=["bench"], time=now-6h..now
  obj 5: PASS — refresh="1m"
  obj 6: PASS — uid cfy9uiybpeghsd reported

[sweep] run 3/3: fwgr36-n3 (replay flow fwgr36, no orchestrator)
[reset] grafana: deleted leftover dashboard "fwgr36-n2 Bench Dashboard" (200)
[reset] grafana: deleted leftover dashboard "Service Health" (400)
[sweep] fwgr36-n3: 1 drift ticket(s) → fwgr36-n3-drift.json

fwgr36-n3: objectives passed 5/6
  obj 1: FAIL — finalText missing panel titles: Request rate, Error count, Latency by endpoint
  obj 2: PASS — type=stat, datasource ok=true
  obj 3: PASS — type=text, content includes runid=true
  obj 4: PASS — tags=["bench"], time=now-6h..now
  obj 5: PASS — refresh="1m"
  obj 6: PASS — uid ffy9v0k4fwxdsd reported

Learning sweep fwgr36 (K=3)
┌─────────┬───┬─────────────┬──────────┬─────────────┬───────┬──────┬───────────┬──────┬──────────────┬────────┐
│ (index) │ n │ runid       │ verified │ stop        │ turns │ cmds │ total_usd │ A_n  │ replayed     │ wall_s │
├─────────┼───┼─────────────┼──────────┼─────────────┼───────┼──────┼───────────┼──────┼──────────────┼────────┤
│ 0       │ 1 │ 'fwgr36-n1' │ '6/6'    │ 'completed' │ 11    │ 10   │ 0.1732    │ 0    │ '0/7'        │ 1548   │
│ 1       │ 2 │ 'fwgr36-n2' │ '5/6'    │ 'success'   │ 59    │ 7    │ 0.0284    │ 0.57 │ '7/7 (flow)' │ 327    │
│ 2       │ 3 │ 'fwgr36-n3' │ '5/6'    │ 'success'   │ 0     │ 7    │ 0         │ 1    │ '7/7 (flow)' │ 119    │
└─────────┴───┴─────────────┴──────────┴─────────────┴───────┴──────┴───────────┴──────┴──────────────┴────────┘
http://127.0.0.1:3000
  s_048381  validated    4 steps  3/3 (100%)
           In Grafana at http://127.0.0.1:3000/, create a NEW dashboard (New dashboard / + New dashboard). Add a Stat vis…
  s_46d071  validated    2 steps  3/3 (100%)
           Open {{v1}} and sign in with username admin and password admin. If Grafana asks you to change/skip the passwor…
  s_479829  validated    3 steps  3/3 (100%)
           Open {{v1}} and sign in with username admin and password admin. If Grafana asks you to change/skip the passwor…
  s_5356c4  validated    8 steps  3/3 (100%)
           In Grafana at http://127.0.0.1:3000/, create a NEW dashboard (New dashboard / + New dashboard). Add a Stat vis…
  s_563a29  validated   14 steps  3/3 (100%)
           Read-only check on the Grafana dashboard '{{v1}}' (UID {{v3}}): open the panel editor for the panel titled '{{…
  s_5e79d7  validated    2 steps  3/3 (100%)
           In Grafana at http://127.0.0.1:3000/, create a NEW dashboard (New dashboard / + New dashboard). Add a Stat vis…
  s_5eb2c7  validated   14 steps  3/3 (100%)
           Final verification of the Grafana dashboard '{{v1}}'. Navigate to the dashboard by UID {{v3}} with NO query pa…
  s_6d1a2e  validated    2 steps  3/3 (100%)
           Open {{v1}} and sign in with username admin and password admin. If Grafana asks you to change/skip the passwor…
  s_e79930  validated    1 steps  3/3 (100%)
           Open {{v1}} and sign in with username admin and password admin. If Grafana asks you to change/skip the passwor…
  s_001120  validated   27 steps  2/2 (100%)  variant of s_8e26fe
           On the existing dashboard '{{v1}} Bench Dashboard' (UID {{v2}}, URL {{v4}}), add a NEW Text panel. Set its tit…
  s_7584e3  validated   20 steps  2/2 (100%)
           On the Grafana dashboard '{{v1}} Bench Dashboard' (UID {{v2}}), open Dashboard settings > General, add the tag…
  s_8e26fe  demoted     23 steps  1/2 (50%)
           On the existing dashboard '{{v1}}' (UID {{v3}}, URL http://127.0.0.1:3000/d/{{v3}}/{{v4}}), add a NEW Text pan…
  s_9c9f53  demoted     10 steps  1/2 (50%)
           On the Grafana dashboard '{{v1}}' (UID {{v3}}), set the auto-refresh interval to 1m: open the top-bar time pic…
  s_cd39b3  validated   22 steps  2/2 (100%)  variant of s_9c9f53
           On the Grafana dashboard '{{v1}} Bench Dashboard' (UID {{v2}}), set the auto-refresh interval to 1m: open the …
  s_c0cdad  provisional 24 steps  1/1 (100%)
           On the Grafana dashboard '{{v1}}' (UID {{v3}}), open Dashboard settings > General, add the tag 'bench' to the …
store: /home/user/sitelooper/bench/results/fwgr36-skills

summary: /home/user/sitelooper/bench/results/fwgr36-sweep.json
