
[sweep] run 1/3: fwgr38-n1 (store: /home/user/sitelooper/bench/results/fwgr38-skills)
[harness] grafana: defaulting APP_URL
[harness] grafana: defaulting APP_EMAIL
[harness] grafana: defaulting APP_PASSWORD
[reset] grafana: deleted leftover dashboard "Service Health" (400)
[harness] grafana responded 302 at http://127.0.0.1:3000/
stopped: fwgr38-n1
  flow "fwgr38" saved: 6 step(s), vars runid → /home/user/sitelooper/bench/results/flows/fwgr38.json
  warning: warning: contradicted-step: 03-open read save_confirmation "Dashboard saved (save drawer closed, breadcrumb shows 'fwgr38-n1 Bench Dashboard')" right after 02-create reported "Dashboard saved alert"; 02-create's change may not have landed and a later step may be retrying it. Re-record 02-create.
  warning: warning: contradicted-step: 06-open read screenshot "/tmp/fwgr38-n1-current-state.png" right after 05-open reported "/tmp/fwgr38-n1-refresh-1m-persisted.png"; 05-open's change may not have landed and a later step may be retrying it. Re-record 05-open.
  warning: warning: 22 value(s) KNOWN to be this run's survived unslotted — a replay will act on or wait for the recording's value (non-fatal outside locators):
  flow.warnings[0]: "fwgr38-n1" (var) in "contradicted-step: 03-open read save_confirmation \"Dashboard saved (save drawer closed, breadcrumb shows 'fwgr38-n1 Bench Dashboard')\" right after 02-create rep"
  flow.warnings[1]: "fwgr38-n1" (var) in "contradicted-step: 06-open read screenshot \"/tmp/fwgr38-n1-current-state.png\" right after 05-open reported \"/tmp/fwgr38-n1-refresh-1m-persisted.png\"; 05-open's "
  s_69ae35.steps[0].expect.urlPattern: "fwgr38-n1" (var) in "http://127.0.0.1:3000/d/{{v4}}/fwgr38-n1-bench-dashboard?from=:id&timezone=browser&to=now"
  s_69ae35.steps[1].expect.urlPattern: "fwgr38-n1" (var) in "http://127.0.0.1:3000/d/{{v4}}/fwgr38-n1-bench-dashboard?from=:id&timezone=browser&to=now"
  s_69ae35.steps[2].expect.urlPattern: "fwgr38-n1" (var) in "http://127.0.0.1:3000/d/{{v4}}/fwgr38-n1-bench-dashboard?from=:id&timezone=browser&to=now"
  s_69ae35.steps[3].expect.urlPattern: "fwgr38-n1" (var) in "http://127.0.0.1:3000/d/{{v4}}/fwgr38-n1-bench-dashboard?editview=settings&from=:id&timezone=browser&to=now"
  s_69ae35.steps[4].expect.urlPattern: "fwgr38-n1" (var) in "http://127.0.0.1:3000/d/{{v4}}/fwgr38-n1-bench-dashboard?editview=settings&from=:id&timezone=browser&to=now"
  s_69ae35.steps[5].expect.urlPattern: "fwgr38-n1" (var) in "http://127.0.0.1:3000/d/{{v4}}/fwgr38-n1-bench-dashboard?editview=settings&from=:id&timezone=browser&to=now"
  s_69ae35.steps[6].expect.urlPattern: "fwgr38-n1" (var) in "http://127.0.0.1:3000/d/{{v4}}/fwgr38-n1-bench-dashboard?editview=settings&from=:id&timezone=browser&to=now"
  s_69ae35.steps[7].expect.urlPattern: "fwgr38-n1" (var) in "http://127.0.0.1:3000/d/{{v4}}/fwgr38-n1-bench-dashboard?editview=settings&from=:id&timezone=browser&to=now"
  s_69ae35.steps[8].expect.urlPattern: "fwgr38-n1" (var) in "http://127.0.0.1:3000/d/{{v4}}/fwgr38-n1-bench-dashboard?editview=settings&from=:id&timezone=browser&to=now"
  s_69ae35.steps[10].expect.urlPattern: "fwgr38-n1" (var) in "http://127.0.0.1:3000/d/{{v4}}/fwgr38-n1-bench-dashboard?from=:id&timezone=browser&to=now"
  s_69ae35.steps[11].expect.urlPattern: "fwgr38-n1" (var) in "http://127.0.0.1:3000/d/{{v4}}/fwgr38-n1-bench-dashboard?editview=settings&from=:id&timezone=browser&to=now"
  s_69ae35.steps[13].expect.urlPattern: "fwgr38-n1" (var) in "http://127.0.0.1:3000/d/{{v4}}/fwgr38-n1-bench-dashboard?editview=settings&from=:id&timezone=browser&to=now"
  s_69ae35.steps[14].expect.urlPattern: "fwgr38-n1" (var) in "http://127.0.0.1:3000/d/{{v4}}/fwgr38-n1-bench-dashboard?editview=settings&from=:id&timezone=browser&to=now"
  s_69ae35.steps[15].expect.urlPattern: "fwgr38-n1" (var) in "http://127.0.0.1:3000/d/{{v4}}/fwgr38-n1-bench-dashboard?from=:id&timezone=browser&to=now"
  s_d18533.steps[0].expect.urlPattern: "fwgr38-n1" (var) in "http://127.0.0.1:3000/d/{{v4}}/fwgr38-n1-bench-dashboard?from=:id&timezone=browser&to=now"
  s_d18533.steps[1].expect.urlPattern: "fwgr38-n1" (var) in "http://127.0.0.1:3000/d/{{v4}}/fwgr38-n1-bench-dashboard?from=:id&refresh=:id&timezone=browser&to=now"
  s_d18533.steps[2].expect.urlPattern: "fwgr38-n1" (var) in "http://127.0.0.1:3000/d/{{v4}}/fwgr38-n1-bench-dashboard?from=:id&refresh=:id&timezone=browser&to=now"
  s_d18533.steps[3].expect.urlPattern: "fwgr38-n1" (var) in "http://127.0.0.1:3000/d/{{v4}}/fwgr38-n1-bench-dashboard?from=:id&refresh=:id&timezone=browser&to=now"
  s_d18533.steps[4].expect.urlPattern: "fwgr38-n1" (var) in "http://127.0.0.1:3000/d/{{v4}}/fwgr38-n1-bench-dashboard?from=:id&refresh=:id&timezone=browser&to=now"
  s_d18533.steps[6].expect.urlPattern: "fwgr38-n1" (var) in "http://127.0.0.1:3000/d/{{v4}}/fwgr38-n1-bench-dashboard?from=:id&refresh=:id&timezone=browser&to=now"
  warning: warning: 214 other value(s) the run saw survived unslotted, judged by shape only (usually page copy; non-fatal):
  flow.steps[1].instruction: "Stat" (output) in "In the Grafana app (already signed in as admin), create a NEW dashboard titled exactly '{{runid}} {{01-signin.dashboard_folder}} Dashboard'. Add a visualization"
  flow.steps[1].instruction: "Save" (output) in "In the Grafana app (already signed in as admin), create a NEW dashboard titled exactly '{{runid}} {{01-signin.dashboard_folder}} Dashboard'. Add a visualization"
  flow.steps[1].route: "ffybltl9jn85cd" (url) in "http://127.0.0.1:3000/d/ffybltl9jn85cd/:id"
  flow.steps[2].instruction: "Stat" (output) in "In the Grafana app, open the existing dashboard titled '{{runid}} {{01-signin.dashboard_folder}} Dashboard' (UID {{02-create.url.p1}}, url path /d/{{02-create.u"
  flow.steps[2].instruction: "Save" (output) in "In the Grafana app, open the existing dashboard titled '{{runid}} {{01-signin.dashboard_folder}} Dashboard' (UID {{02-create.url.p1}}, url path /d/{{02-create.u"
  warning: 01-signin reports panel_count, but s_bd32a0 re-reads none of it from the page — a replay without the model will succeed without that value; re-record so it is read.
  warning: 02-create reports dashboard_uid, panel_type, stat_value_earlier_in_editor, save_confirmation, but s_e99b5a re-reads none of them from the page — a replay without the model will succeed without those values; re-record so they are read.
  warning: 03-open reports text_panel_type, but s_333b9b re-reads none of it from the page — a replay without the model will succeed without that value; re-record so it is read.
  warning: 04-open reports tag_saved, update_default_time_range_checkbox, save_confirmation, time_range_url_param, but s_69ae35 re-reads none of them from the page — a replay without the model will succeed without those values; re-record so they are read.
  warning: 05-open reports save_confirmation, but s_d18533 re-reads none of it from the page — a replay without the model will succeed without that value; re-record so it is read.
  warning: 06-open reports stat_panel_value, but s_da0eb6 re-reads none of it from the page — a replay without the model will succeed without that value; re-record so it is read.
arm=sitelooper model=z-ai/glm-5.3 runid=fwgr38-n1 stop=completed
turns=8 wall=836.4s
commands=7 cmdTime=540.4s cmdBytes=16273 timeouts=0
orchestrator in=7763 cw=0 cr=34496 out=11784
inner prompt=2457244 cached=2284032 completion=27562
spend=$0.1211 maxUsd=3
learn: A_n=0 replayed=0/6 full=0 repaired=0 compiled=6 variants=0
-> /home/user/sitelooper/bench/results/fwgr38-n1-sitelooper-result.json

fwgr38-n1: objectives passed 6/6
  obj 1: PASS — all 3 provisioned titles reported
  obj 2: PASS — type=stat, datasource ok=true
  obj 3: PASS — type=text, content includes runid=true
  obj 4: PASS — tags=["bench"], time=now-6h..now
  obj 5: PASS — refresh="1m"
  obj 6: PASS — uid ffybltl9jn85cd reported

[sweep] run 2/3: fwgr38-n2 (replay flow fwgr38, no orchestrator)
[reset] grafana: deleted leftover dashboard "fwgr38-n1 Bench Dashboard" (200)
[reset] grafana: deleted leftover dashboard "Service Health" (400)

fwgr38-n2: objectives passed 6/6
  obj 1: PASS — all 3 provisioned titles reported
  obj 2: PASS — type=stat, datasource ok=true
  obj 3: PASS — type=text, content includes runid=true
  obj 4: PASS — tags=["bench"], time=now-6h..now
  obj 5: PASS — refresh="1m"
  obj 6: PASS — uid afybmfhepsiyoe reported

[sweep] run 3/3: fwgr38-n3 (replay flow fwgr38, no orchestrator)
[reset] grafana: deleted leftover dashboard "fwgr38-n2 Bench Dashboard" (200)
[reset] grafana: deleted leftover dashboard "Service Health" (400)

fwgr38-n3: objectives passed 6/6
  obj 1: PASS — all 3 provisioned titles reported
  obj 2: PASS — type=stat, datasource ok=true
  obj 3: PASS — type=text, content includes runid=true
  obj 4: PASS — tags=["bench"], time=now-6h..now
  obj 5: PASS — refresh="1m"
  obj 6: PASS — uid cfybmn1xsh7ggf reported

Learning sweep fwgr38 (K=3)
┌─────────┬───┬─────────────┬──────────┬─────────────┬───────┬──────┬───────────┬─────┬──────────────┬────────┐
│ (index) │ n │ runid       │ verified │ stop        │ turns │ cmds │ total_usd │ A_n │ replayed     │ wall_s │
├─────────┼───┼─────────────┼──────────┼─────────────┼───────┼──────┼───────────┼─────┼──────────────┼────────┤
│ 0       │ 1 │ 'fwgr38-n1' │ '6/6'    │ 'completed' │ 8     │ 7    │ 0.1211    │ 0   │ '0/6'        │ 836    │
│ 1       │ 2 │ 'fwgr38-n2' │ '6/6'    │ 'success'   │ 0     │ 6    │ 0         │ 1   │ '6/6 (flow)' │ 137    │
│ 2       │ 3 │ 'fwgr38-n3' │ '6/6'    │ 'success'   │ 0     │ 6    │ 0         │ 1   │ '6/6 (flow)' │ 80     │
└─────────┴───┴─────────────┴──────────┴─────────────┴───────┴──────┴───────────┴─────┴──────────────┴────────┘
http://127.0.0.1:3000
  s_09937e  validated    5 steps  3/3 (100%)
           In the Grafana app (already signed in as admin), create a NEW dashboard titled exactly '{{v1}} {{v2}} Dashboar…
  s_2488c2  validated    6 steps  3/3 (100%)
           In the Grafana app, open the dashboard '{{v1}}' (UID {{v4}}). Two changes to make and SAVE so both persist int…
  s_333b9b  validated   20 steps  3/3 (100%)
           In the Grafana app, open the existing dashboard titled '{{v1}}' (UID {{v4}}, url path {{v5}}) if it is not alr…
  s_4c705c  validated    3 steps  3/3 (100%)
           Sign in to the Grafana app at {{v1}} with username 'admin' and password 'admin' (if a 'change password' or sim…
  s_69ae35  validated   19 steps  3/3 (100%)
           In the Grafana app, open the dashboard '{{v1}}' (UID {{v4}}). Two changes to make and SAVE so both persist int…
  s_77f87f  validated    3 steps  3/3 (100%)
           Sign in to the Grafana app at {{v1}} with username 'admin' and password 'admin' (if a 'change password' or sim…
  s_a85737  validated   10 steps  3/3 (100%)
           In the Grafana app (already signed in as admin), create a NEW dashboard titled exactly '{{v1}} {{v2}} Dashboar…
  s_bd32a0  validated    3 steps  3/3 (100%)
           Sign in to the Grafana app at {{v1}} with username 'admin' and password 'admin' (if a 'change password' or sim…
  s_d18533  validated   11 steps  3/3 (100%)
           In the Grafana app, open the dashboard '{{v1}}' (UID {{v4}}, url path {{v5}}). Set the dashboard's auto-refres…
  s_da0eb6  validated    7 steps  3/3 (100%)
           The Grafana app is already open in this session's browser tab on the dashboard '{{v1}}' (if the tab is not on …
  s_daeb17  validated    7 steps  3/3 (100%)
           Sign in to the Grafana app at {{v1}} with username 'admin' and password 'admin' (if a 'change password' or sim…
  s_e99b5a  validated    2 steps  3/3 (100%)
           In the Grafana app (already signed in as admin), create a NEW dashboard titled exactly '{{v1}} {{v2}} Dashboar…
store: /home/user/sitelooper/bench/results/fwgr38-skills

summary: /home/user/sitelooper/bench/results/fwgr38-sweep.json
