
[sweep] run 1/3: fwgr78-n1 (store: /home/user/sitelooper/bench/results/fwgr78-skills)
[harness] grafana: defaulting APP_URL
[harness] grafana: defaulting APP_EMAIL
[harness] grafana: defaulting APP_PASSWORD
[reset] grafana: deleted leftover dashboard "Service Health" (400)
[harness] grafana responded 302 at http://127.0.0.1:3000/
stopped: fwgr78-n1
  flow "fwgr78" saved: 5 step(s), vars runid → /home/user/sitelooper/bench/results/flows/fwgr78.json
  warning: warning: 01-signin's instruction asks to report panel_titles, and only a recorded literal backs it: no read in its procedure publishes it, so a replay reports it only if the page it ends on shows that exact text — re-record the step so the value is read where it is shown
  warning: warning: 02-create's instruction asks to report data_source, and no replay can publish it: nothing in its procedure reads it from the page, so export dropped it — re-record the step so the value is read, not only reported
  warning: note: 02-create no longer publishes panel_type, save_dashboard_button_aria_label, series_name_a_series — no replay reads them from the page and the recording showed no line to read
  warning: note: 03-add no longer publishes panel_count, back_to_dashboard_button, save_dashboard_button, text_panel_option_button — no replay reads them from the page and the recording showed no line to read
  warning: note: 04-set no longer publishes dashboard_url — no replay reads it from the page and the recording showed no line to read
  warning: note: 05-set no longer publishes saved_json_refresh_key, url_format_note, site_json_url, page_url_after_reload, page_url_final — no replay reads them from the page and the recording showed no line to read
  warning: note: 02-create: added a read for new_dashboard_button_aria_label to s_5f3c9b (page.getByRole('button', { name: 'New', exact: true }); seen on the next instruction's start page)
  warning: warning: 20 value(s) KNOWN to be this run's survived unslotted — a replay will act on or wait for the recording's value (non-fatal outside locators):
  s_2f2a01.steps[0].expect.urlPattern: "fwgr78-n1" (var) in "http://127.0.0.1:3000/d/{{v3}}/fwgr78-n1-bench-dashboard?from=:id&timezone=browser&to=now"
  s_2f2a01.steps[1].expect.urlPattern: "fwgr78-n1" (var) in "http://127.0.0.1:3000/d/{{v3}}/fwgr78-n1-bench-dashboard?from=:id&timezone=browser&to=now"
  s_2f2a01.steps[2].expect.urlPattern: "fwgr78-n1" (var) in "http://127.0.0.1:3000/d/{{v3}}/fwgr78-n1-bench-dashboard?editPanel=:id&from=:id&timezone=browser&to=now"
  s_2f2a01.steps[3].expect.urlPattern: "fwgr78-n1" (var) in "http://127.0.0.1:3000/d/{{v3}}/fwgr78-n1-bench-dashboard?editPanel=:id&from=:id&timezone=browser&to=now"
  s_2f2a01.steps[4].expect.urlPattern: "fwgr78-n1" (var) in "http://127.0.0.1:3000/d/{{v3}}/fwgr78-n1-bench-dashboard?editPanel=:id&from=:id&timezone=browser&to=now"
  s_2f2a01.steps[5].expect.urlPattern: "fwgr78-n1" (var) in "http://127.0.0.1:3000/d/{{v3}}/fwgr78-n1-bench-dashboard"
  s_2f2a01.steps[6].expect.urlPattern: "fwgr78-n1" (var) in "http://127.0.0.1:3000/d/{{v3}}/fwgr78-n1-bench-dashboard?editPanel=:id&from=:id&timezone=browser&to=now"
  s_2f2a01.steps[7].expect.urlPattern: "fwgr78-n1" (var) in "http://127.0.0.1:3000/d/{{v3}}/fwgr78-n1-bench-dashboard?editPanel=:id&from=:id&timezone=browser&to=now"
  s_2f2a01.steps[8].expect.urlPattern: "fwgr78-n1" (var) in "http://127.0.0.1:3000/d/{{v3}}/fwgr78-n1-bench-dashboard"
  s_2f2a01.steps[9].expect.urlPattern: "fwgr78-n1" (var) in "http://127.0.0.1:3000/d/{{v3}}/fwgr78-n1-bench-dashboard?from=:id&timezone=browser&to=now"
  s_2f2a01.steps[10].expect.urlPattern: "fwgr78-n1" (var) in "http://127.0.0.1:3000/d/{{v3}}/fwgr78-n1-bench-dashboard?from=:id&timezone=browser&to=now"
  s_2f2a01.steps[11].expect.urlPattern: "fwgr78-n1" (var) in "http://127.0.0.1:3000/d/{{v3}}/fwgr78-n1-bench-dashboard?from=:id&timezone=browser&to=now"
  s_2f2a01.steps[13].expect.urlPattern: "fwgr78-n1" (var) in "http://127.0.0.1:3000/d/{{v3}}/fwgr78-n1-bench-dashboard?from=:id&timezone=browser&to=now"
  s_2f2a01.steps[14].expect.urlPattern: "fwgr78-n1" (var) in "http://127.0.0.1:3000/d/{{v3}}/fwgr78-n1-bench-dashboard?editPanel=:id&from=:id&timezone=browser&to=now"
  s_2f2a01.steps[15].expect.urlPattern: "fwgr78-n1" (var) in "http://127.0.0.1:3000/d/{{v3}}/fwgr78-n1-bench-dashboard?editPanel=:id&from=:id&timezone=browser&to=now"
  s_2f2a01.steps[16].expect.urlPattern: "fwgr78-n1" (var) in "http://127.0.0.1:3000/d/{{v3}}/fwgr78-n1-bench-dashboard?editPanel=:id&from=:id&timezone=browser&to=now"
  s_2f2a01.steps[17].expect.urlPattern: "fwgr78-n1" (var) in "http://127.0.0.1:3000/d/{{v3}}/fwgr78-n1-bench-dashboard"
  s_2f2a01.steps[18].expect.urlPattern: "fwgr78-n1" (var) in "http://127.0.0.1:3000/d/{{v3}}/fwgr78-n1-bench-dashboard?from=:id&timezone=browser&to=now"
  s_2f2a01.steps[19].expect.urlPattern: "fwgr78-n1" (var) in "http://127.0.0.1:3000/d/{{v3}}/fwgr78-n1-bench-dashboard?from=:id&timezone=browser&to=now"
  s_2f2a01.steps[20].expect.urlPattern: "fwgr78-n1" (var) in "http://127.0.0.1:3000/d/{{v3}}/fwgr78-n1-bench-dashboard?from=:id&timezone=browser&to=now"
  warning: warning: 239 other value(s) the run saw survived unslotted, judged by shape only (usually page copy; non-fatal):
  flow.steps[0].instruction: "Service health" (output) in "Sign in to Grafana at http://127.0.0.1:3000 with username admin and password typed exactly as the text {{env:APP_PASSWORD}}. Then open the provisioned dashboard"
  flow.steps[1].instruction: "TestData" (output) in "Create a NEW dashboard titled exactly '{{runid}} Bench Dashboard'. Add a Stat panel titled '{{runid}} Availability' whose query uses the TestData data source. S"
  flow.steps[1].instruction: "Stat" (output) in "Create a NEW dashboard titled exactly '{{runid}} Bench Dashboard'. Add a Stat panel titled '{{runid}} Availability' whose query uses the TestData data source. S"
  flow.steps[1].route: "cfzgkk49r5g5ca" (url) in "http://127.0.0.1:3000/d/cfzgkk49r5g5ca/:id"
  flow.steps[2].instruction: "Text" (output) in "On the dashboard '{{runid}} Bench Dashboard' (uid {{02-create.url.p1}}), add a Text panel titled '{{runid}} Notes' whose text content includes the string '{{run"
arm=sitelooper model=z-ai/glm-5.3 runid=fwgr78-n1 stop=completed
turns=6 wall=666.2s
commands=5 cmdTime=647.0s cmdBytes=9854 timeouts=0
orchestrator in=5781 cw=0 cr=18368 out=1102
inner prompt=5150720 cached=4894848 completion=51643
spend=$0.102 maxUsd=3
learn: A_n=0 replayed=0/5 full=0 repaired=0 compiled=5 variants=0
-> /home/user/sitelooper/bench/results/fwgr78-n1-sitelooper-result.json

fwgr78-n1: objectives passed 6/6
  obj 1: PASS — all 3 provisioned titles reported
  obj 2: PASS — type=stat, datasource ok=true
  obj 3: PASS — type=text, content includes runid=true
  obj 4: PASS — tags=["bench"], time=now-6h..now
  obj 5: PASS — refresh="1m"
  obj 6: PASS — uid cfzgkk49r5g5ca reported

[sweep] run 2/3: fwgr78-n2 (replay flow fwgr78, no orchestrator)
[reset] grafana: deleted leftover dashboard "fwgr78-n1 Bench Dashboard" (200)
[reset] grafana: deleted leftover dashboard "Service Health" (400)
[sweep] fwgr78-n2: 8 drift ticket(s) → fwgr78-n2-drift.json

fwgr78-n2: objectives passed 5/6
  obj 1: FAIL — finalText missing panel titles: Request rate, Error count, Latency by endpoint
  obj 2: PASS — type=stat, datasource ok=true
  obj 3: PASS — type=text, content includes runid=true
  obj 4: PASS — tags=["bench"], time=now-6h..now
  obj 5: PASS — refresh="1m"
  obj 6: PASS — uid afzglaban5czkc reported

[sweep] run 3/3: fwgr78-n3 (replay flow fwgr78, no orchestrator)
[reset] grafana: deleted leftover dashboard "fwgr78-n2 Bench Dashboard" (200)
[reset] grafana: deleted leftover dashboard "Service Health" (400)
[sweep] fwgr78-n3: 8 drift ticket(s) → fwgr78-n3-drift.json

fwgr78-n3: objectives passed 5/6
  obj 1: FAIL — finalText missing panel titles: Request rate, Error count, Latency by endpoint
  obj 2: PASS — type=stat, datasource ok=true
  obj 3: PASS — type=text, content includes runid=true
  obj 4: PASS — tags=["bench"], time=now-6h..now
  obj 5: PASS — refresh="1m"
  obj 6: PASS — uid efzgluvwwcdmoa reported

Learning sweep fwgr78 (K=3)
┌─────────┬───┬─────────────┬──────────┬─────────────┬───────┬──────┬───────────┬─────┬──────────────┬────────┐
│ (index) │ n │ runid       │ verified │ stop        │ turns │ cmds │ total_usd │ A_n │ replayed     │ wall_s │
├─────────┼───┼─────────────┼──────────┼─────────────┼───────┼──────┼───────────┼─────┼──────────────┼────────┤
│ 0       │ 1 │ 'fwgr78-n1' │ '6/6'    │ 'completed' │ 6     │ 5    │ 0.102     │ 0   │ '0/5'        │ 666    │
│ 1       │ 2 │ 'fwgr78-n2' │ '5/6'    │ 'partial'   │ 30    │ 5    │ 0.0195    │ 0.8 │ '4/5 (flow)' │ 382    │
│ 2       │ 3 │ 'fwgr78-n3' │ '5/6'    │ 'success'   │ 30    │ 5    │ 0.0129    │ 0.8 │ '5/5 (flow)' │ 230    │
└─────────┴───┴─────────────┴──────────┴─────────────┴───────┴──────┴───────────┴─────┴──────────────┴────────┘
http://127.0.0.1:3000
  s_02b7bc  validated    1 steps  3/3 (100%)
           Sign in to Grafana at {{v1}} with username {{v2}} and password typed exactly as the text {{v3}}. Then open the…
  s_05a154  validated    3 steps  3/3 (100%)
           Sign in to Grafana at {{v1}} with username {{v2}} and password typed exactly as the text {{v3}}. Then open the…
  s_061b44  validated   16 steps  3/3 (100%)
           Create a NEW dashboard titled exactly '{{v2}}'. Add a Stat panel titled '{{v3}}' whose query uses the TestData…
  s_06d2a4  validated    8 steps  3/3 (100%)
           Sign in to Grafana at {{v1}} with username {{v2}} and password typed exactly as the text {{v3}}. Then open the…
  s_195302  validated   24 steps  3/3 (100%)
           On dashboard '{{v1}}' (uid {{v3}}): set the auto-refresh interval to '1m' — open the time picker's refresh int…
  s_2f2a01  validated   29 steps  3/3 (100%)
           On the dashboard '{{v1}}' (uid {{v3}}), add a Text panel titled '{{v2}} Notes' whose text content includes the…
  s_35e742  validated    2 steps  3/3 (100%)
           Create a NEW dashboard titled exactly '{{v2}}'. Add a Stat panel titled '{{v3}}' whose query uses the TestData…
  s_5f3c9b  validated   14 steps  3/3 (100%)
           Create a NEW dashboard titled exactly '{{v2}}'. Add a Stat panel titled '{{v3}}' whose query uses the TestData…
  s_9d24fd  validated    2 steps  3/3 (100%)
           Sign in to Grafana at {{v1}} with username {{v2}} and password typed exactly as the text {{v3}}. Then open the…
  s_b2df23  demoted     48 steps  1/3 (33%)
           On dashboard '{{v1}}' (uid {{v3}}): set the dashboard time range to 'Last 6 hours' (via the top time picker), …
  s_0d8cb8  provisional  3 steps  1/1 (100%)  variant of s_b2df23
           On dashboard '{{v1}}' (uid {{v3}}): set the dashboard time range to 'Last 6 hours' (via the top time picker), …
  s_85b026  provisional  1 steps  1/1 (100%)  variant of s_b2df23
           On dashboard '{{v1}}' (uid {{v3}}): set the dashboard time range to 'Last 6 hours' (via the top time picker), …
  s_d8742f  provisional 24 steps  1/1 (100%)  variant of s_b2df23
           On dashboard '{{v1}}' (uid {{v3}}): set the dashboard time range to 'Last 6 hours' (via the top time picker), …
store: /home/user/sitelooper/bench/results/fwgr78-skills

summary: /home/user/sitelooper/bench/results/fwgr78-sweep.json
