[sweep] reusing fwgr30's recording: 6 step(s), store from /home/user/sitelooper/bench/results/fwgr30-skills

[sweep] run 2/3: fwgr32-n2 (replay flow fwgr32, no orchestrator)
[reset] grafana: deleted leftover dashboard "Service Health" (400)
[sweep] fwgr32-n2: 2 drift ticket(s) → fwgr32-n2-drift.json

fwgr32-n2: objectives passed 6/6
  obj 1: PASS — all 3 provisioned titles reported
  obj 2: PASS — type=stat, datasource ok=true
  obj 3: PASS — type=text, content includes runid=true
  obj 4: PASS — tags=["bench"], time=now-6h..now
  obj 5: PASS — refresh="1m"
  obj 6: PASS — uid dfy7gce6o23uoe reported

[sweep] run 3/3: fwgr32-n3 (replay flow fwgr32, no orchestrator)
[reset] grafana: deleted leftover dashboard "fwgr32-n2 Bench Dashboard" (200)
[reset] grafana: deleted leftover dashboard "Service Health" (400)
[sweep] fwgr32-n3: 2 drift ticket(s) → fwgr32-n3-drift.json

fwgr32-n3: objectives passed 6/6
  obj 1: PASS — all 3 provisioned titles reported
  obj 2: PASS — type=stat, datasource ok=true
  obj 3: PASS — type=text, content includes runid=true
  obj 4: PASS — tags=["bench"], time=now-6h..now
  obj 5: PASS — refresh="1m"
  obj 6: PASS — uid efy7ggak4mz9cd reported

Learning sweep fwgr32 (K=3)
┌─────────┬───┬─────────────┬──────────┬───────────┬───────┬──────┬───────────┬─────┬──────────────┬────────┐
│ (index) │ n │ runid       │ verified │ stop      │ turns │ cmds │ total_usd │ A_n │ replayed     │ wall_s │
├─────────┼───┼─────────────┼──────────┼───────────┼───────┼──────┼───────────┼─────┼──────────────┼────────┤
│ 0       │ 2 │ 'fwgr32-n2' │ '6/6'    │ 'success' │ 0     │ 6    │ 0         │ 1   │ '6/6 (flow)' │ 72     │
│ 1       │ 3 │ 'fwgr32-n3' │ '6/6'    │ 'success' │ 0     │ 6    │ 0         │ 1   │ '6/6 (flow)' │ 69     │
└─────────┴───┴─────────────┴──────────┴───────────┴───────┴──────┴───────────┴─────┴──────────────┴────────┘
http://127.0.0.1:3000
  s_1bbfaa  validated   17 steps  5/5 (100%)
           In Grafana at http://127.0.0.1:3000/, open the existing dashboard titled '{{v1}}' (UID {{v3}}, URL http://127.…
  s_30e983  validated   18 steps  5/5 (100%)
           In Grafana at http://127.0.0.1:3000/, do a final verification of the dashboard titled '{{v1}}'. Navigate to it…
  s_38f690  validated   22 steps  5/5 (100%)
           In Grafana at http://127.0.0.1:3000/, open the dashboard titled '{{v1}}' (UID {{v3}}, URL {{v7}}). Set the das…
  s_582555  validated   15 steps  5/5 (100%)
           In Grafana at http://127.0.0.1:3000/, create a NEW dashboard (Dashboards -> New dashboard -> Add visualization…
  s_6dcc5b  validated   10 steps  5/5 (100%)
           Open {{v1}} in the browser. If a login page appears, sign in with username admin and password admin; if a chan…
  s_75f81a  validated    2 steps  5/5 (100%)
           In Grafana at http://127.0.0.1:3000/, create a NEW dashboard (Dashboards -> New dashboard -> Add visualization…
  s_93ccd2  validated    3 steps  5/5 (100%)
           Open {{v1}} in the browser. If a login page appears, sign in with username admin and password admin; if a chan…
  s_c0dc94  validated   17 steps  5/5 (100%)
           In Grafana at http://127.0.0.1:3000/, create a NEW dashboard (Dashboards -> New dashboard -> Add visualization…
  s_d5a8a2  validated   21 steps  5/5 (100%)
           In Grafana at http://127.0.0.1:3000/, open the dashboard titled '{{v1}}' (UID {{v3}}, URL {{v7}}). Do two thin…
  s_d9e68e  validated    2 steps  5/5 (100%)
           Open {{v1}} in the browser. If a login page appears, sign in with username admin and password admin; if a chan…
  s_f87832  validated    2 steps  5/5 (100%)
           Open {{v1}} in the browser. If a login page appears, sign in with username admin and password admin; if a chan…
store: /home/user/sitelooper/bench/results/fwgr32-skills

summary: /home/user/sitelooper/bench/results/fwgr32-sweep.json
