
Running 1 test using 1 worker

[sitelooper step] 01-signin
[sitelooper warn] 02-create s_76cf7e/9: expected alert containing "Dashboard saved"
[sitelooper step] 02-create
[sitelooper recipe] filled via recipe monaco/set-value (r_f2510e); value verified on the component
[sitelooper drift] 03-open s_da28ab/10 target: primary locator('[data-testid="data-testid Nav toolbar"] button') missed; used #2 locator('div:nth-of-type(2) > div:nth-of-type(2) > div:nth-of-type(1) > div > div:nth-of-type(1) > button') (#1 ambiguous)
[sitelooper warn] 03-open s_da28ab/16: read 'new_panel_title' returned a value the skill itself set/selected ('fwgr55-spec Notes') — confirms the control, not persistence; dropped from the report's confident values
[sitelooper warn] 03-open s_da28ab/18: read 'panel_titles_on_dashboard_in_order_1' returned a value the skill itself set/selected ('fwgr55-spec Notes') — confirms the control, not persistence; dropped from the report's confident values
[sitelooper skip] 03-open s_da28ab/20 target: read target not found — value left empty
[sitelooper skip] 03-open s_da28ab/21 target: read target not found — value left empty
[sitelooper step] 03-open
[sitelooper drift] 04-open s_071ca5/5 target: primary locator('[data-testid="data-testid Nav toolbar"] button') missed; used #2 locator('div:nth-of-type(2) > div:nth-of-type(2) > div:nth-of-type(1) > div > div:nth-of-type(1) > button') (#1 ambiguous)
[sitelooper drift] 04-open s_071ca5/10 target: primary locator('[data-testid="data-testid Nav toolbar"] button') missed; used #2 locator('div:nth-of-type(2) > div:nth-of-type(1) > div > div:nth-of-type(6) > div > button:nth-of-type(1)') (#1 ambiguous)
[sitelooper step] 04-open
[sitelooper drift] 05-open s_45e9cb/4 target: primary locator('[data-testid="data-testid Nav toolbar"] button') missed; used #2 locator('div:nth-of-type(2) > div:nth-of-type(1) > div > div:nth-of-type(6) > div > button:nth-of-type(1)') (#1 ambiguous)
[sitelooper drift] 05-open s_45e9cb/10 target: primary locator('[data-testid="data-testid Nav toolbar"] button') missed; used #2 locator('div:nth-of-type(2) > div:nth-of-type(1) > div > div:nth-of-type(6) > div > button:nth-of-type(1)') (#1 ambiguous)
[sitelooper warn] 05-open s_45e9cb/12 raised an alert the recording never saw: Dashboard saved — reported, not stopped: the step's recorded page changes appeared
[sitelooper drift] 05-open s_45e9cb/20 target: primary locator('[data-testid="data-testid Nav toolbar"] button') missed; used #2 locator('div:nth-of-type(2) > div:nth-of-type(2) > div:nth-of-type(1) > div > div:nth-of-type(1) > button') (#1 ambiguous)
[sitelooper step] 05-open
[sitelooper step] 06-open
  ✓  1 fwgr55.spec.ts:9:1 › fwgr55 (2.1m)

  1 passed (2.1m)
