
[sweep] run 1/3: fwgr75-n1 (store: /home/user/sitelooper/bench/results/fwgr75-skills)
[harness] grafana: defaulting APP_URL
[harness] grafana: defaulting APP_EMAIL
[harness] grafana: defaulting APP_PASSWORD
[reset] grafana: deleted leftover dashboard "Service Health" (400)
[harness] grafana responded 302 at http://127.0.0.1:3000/
stopped: fwgr75-n1
  flow "fwgr75" saved: 6 step(s), vars runid → /home/user/sitelooper/bench/results/flows/fwgr75.json
  warning: note: 01-open no longer publishes panel_count — no replay reads it from the page and the recording showed no line to read
  warning: note: 02-create no longer publishes data_source_picker_aria_label, panel_rendered_value, save_confirmation — no replay reads them from the page and the recording showed no line to read
  warning: note: 04-add no longer publishes time_range_from_url — no replay reads it from the page and the recording showed no line to read
  warning: warning: 96 other value(s) the run saw survived unslotted, judged by shape only (usually page copy; non-fatal):
  flow.steps[1].instruction: "TestData" (output) in "In Grafana, create a NEW dashboard (from the top bar: {{01-open.breadcrumb_2}} > New dashboard, or the + Create button). Add a visualization panel. In the query"
  flow.steps[1].instruction: "Stat" (output) in "In Grafana, create a NEW dashboard (from the top bar: {{01-open.breadcrumb_2}} > New dashboard, or the + Create button). Add a visualization panel. In the query"
  flow.steps[1].route: "ffzaca5v1ukg0a" (url) in "http://127.0.0.1:3000/d/ffzaca5v1ukg0a/:id"
  flow.steps[2].instruction: "Stat" (output) in "You are on the Grafana dashboard at /d/{{02-create.url.p1}}/{{runid}}-bench-dashboard (titled '{{runid}} {{01-open.breadcrumb_3}} Dashboard'). First verify the "
  flow.steps[2].route: "ffzaca5v1ukg0a" (url) in "http://127.0.0.1:3000/d/ffzaca5v1ukg0a/:id"
arm=sitelooper model=z-ai/glm-5.3 runid=fwgr75-n1 stop=completed
turns=7 wall=461.6s
commands=6 cmdTime=416.1s cmdBytes=8254 timeouts=0
orchestrator in=6152 cw=0 cr=25600 out=10719
inner prompt=3318231 cached=3119616 completion=32440
spend=$0.1213 maxUsd=3
learn: A_n=0 replayed=0/6 full=0 repaired=0 compiled=6 variants=0
-> /home/user/sitelooper/bench/results/fwgr75-n1-sitelooper-result.json

fwgr75-n1: objectives passed 6/6
  obj 1: PASS — all 3 provisioned titles reported
  obj 2: PASS — type=stat, datasource ok=true
  obj 3: PASS — type=text, content includes runid=true
  obj 4: PASS — tags=["bench"], time=now-6h..now
  obj 5: PASS — refresh="1m"
  obj 6: PASS — uid ffzaca5v1ukg0a reported

[sweep] run 2/3: fwgr75-n2 (replay flow fwgr75, no orchestrator)
[reset] grafana: deleted leftover dashboard "fwgr75-n1 Bench Dashboard" (200)
[reset] grafana: deleted leftover dashboard "Service Health" (400)

fwgr75-n2: objectives passed 6/6
  obj 1: PASS — all 3 provisioned titles reported
  obj 2: PASS — type=stat, datasource ok=true
  obj 3: PASS — type=text, content includes runid=true
  obj 4: PASS — tags=["bench"], time=now-6h..now
  obj 5: PASS — refresh="1m"
  obj 6: PASS — uid ffzact1tssvswb reported

[sweep] run 3/3: fwgr75-n3 (replay flow fwgr75, no orchestrator)
[reset] grafana: deleted leftover dashboard "fwgr75-n2 Bench Dashboard" (200)
[reset] grafana: deleted leftover dashboard "Service Health" (400)

fwgr75-n3: objectives passed 6/6
  obj 1: PASS — all 3 provisioned titles reported
  obj 2: PASS — type=stat, datasource ok=true
  obj 3: PASS — type=text, content includes runid=true
  obj 4: PASS — tags=["bench"], time=now-6h..now
  obj 5: PASS — refresh="1m"
  obj 6: PASS — uid dfzad00os74sge reported

Learning sweep fwgr75 (K=3)
┌─────────┬───┬─────────────┬──────────┬─────────────┬───────┬──────┬───────────┬─────┬──────────────┬────────┐
│ (index) │ n │ runid       │ verified │ stop        │ turns │ cmds │ total_usd │ A_n │ replayed     │ wall_s │
├─────────┼───┼─────────────┼──────────┼─────────────┼───────┼──────┼───────────┼─────┼──────────────┼────────┤
│ 0       │ 1 │ 'fwgr75-n1' │ '6/6'    │ 'completed' │ 7     │ 6    │ 0.1213    │ 0   │ '0/6'        │ 462    │
│ 1       │ 2 │ 'fwgr75-n2' │ '6/6'    │ 'success'   │ 0     │ 6    │ 0         │ 1   │ '6/6 (flow)' │ 127    │
│ 2       │ 3 │ 'fwgr75-n3' │ '6/6'    │ 'success'   │ 0     │ 6    │ 0         │ 1   │ '6/6 (flow)' │ 127    │
└─────────┴───┴─────────────┴──────────┴─────────────┴───────┴──────┴───────────┴─────┴──────────────┴────────┘
http://127.0.0.1:3000
  s_02ea0b  validated    6 steps  3/3 (100%)
           Open {{v1}}. If a sign-in page appears, sign in with username {{v2}} and password: type the literal text {{v3}…
  s_2b1386  validated   17 steps  3/3 (100%)
           Final verification of the Grafana dashboard at {{v5}}. Open that URL fresh (navigate to it, or reload). Then v…
  s_4474c1  validated    1 steps  3/3 (100%)
           Open {{v1}}. If a sign-in page appears, sign in with username {{v2}} and password: type the literal text {{v3}…
  s_48ab5f  validated    7 steps  3/3 (100%)
           In Grafana, create a NEW dashboard (from the top bar: {{v1}} > New dashboard, or the + Create button). Add a v…
  s_59fd5d  validated    8 steps  3/3 (100%)
           In Grafana, create a NEW dashboard (from the top bar: {{v1}} > New dashboard, or the + Create button). Add a v…
  s_5bc075  validated   14 steps  3/3 (100%)
           You are on the Grafana dashboard at http://127.0.0.1:3000/d/{{v1}}/{{v2}} titled '{{v4}}'. Set the dashboard's…
  s_9643ff  validated    2 steps  3/3 (100%)
           In Grafana, create a NEW dashboard (from the top bar: {{v1}} > New dashboard, or the + Create button). Add a v…
  s_b9a74f  validated   30 steps  3/3 (100%)
           You are on the Grafana dashboard at /d/{{v1}}/{{v2}} (titled '{{v4}}'). First verify the existing panel '{{v6}…
  s_cd1712  validated    2 steps  3/3 (100%)
           Open {{v1}}. If a sign-in page appears, sign in with username {{v2}} and password: type the literal text {{v3}…
  s_dc9d41  validated   14 steps  3/3 (100%)
           Open {{v1}}. If a sign-in page appears, sign in with username {{v2}} and password: type the literal text {{v3}…
  s_dedcf0  validated   12 steps  3/3 (100%)
           You are on the Grafana dashboard at http://127.0.0.1:3000/d/{{v1}}/{{v2}} titled '{{v4}}'. Do two things and m…
store: /home/user/sitelooper/bench/results/fwgr75-skills

summary: /home/user/sitelooper/bench/results/fwgr75-sweep.json
