
[sweep] run 1/3: fwgr87-n1 (store: /home/user/sitelooper/bench/results/fwgr87-skills)
[harness] grafana: defaulting APP_URL
[harness] grafana: defaulting APP_EMAIL
[harness] grafana: defaulting APP_PASSWORD
[reset] grafana: deleted leftover dashboard "Service Health" (400)
[harness] grafana responded 302 at http://127.0.0.1:3000/
stopped: fwgr87-n1
  flow "fwgr87" saved: 7 step(s), vars runid → /home/user/sitelooper/bench/results/flows/fwgr87.json
  warning: note: 01-open no longer publishes panel_count — no replay reads it from the page and the recording showed no line to read
  warning: warning: 02-create's instruction asks to report data_source_name, data_source_shown, and no replay can publish them: nothing in its procedure reads them from the page, so export dropped them — re-record the step so the value is read, not only reported
  warning: note: 02-create no longer publishes panel_type, img_alt, main_button — no replay reads them from the page and the recording showed no line to read
  warning: warning: 04-open's instruction asks to report tags_in_settings, and no replay can publish it: nothing in its procedure reads it from the page, so export dropped it — re-record the step so the value is read, not only reported
  warning: note: 04-open no longer publishes update_default_time_range_checkbox, time_range_last_6_hours — no replay reads them from the page and the recording showed no line to read
  warning: note: 05-set no longer publishes tags_in_settings, auto_refresh_setting_val, auto_refresh_textbox_val, a_button_2 — no replay reads them from the page and the recording showed no line to read
  warning: warning: 06-open's instruction asks to report settings_tags, and no replay can publish it: nothing in its procedure reads it from the page, so export dropped it — re-record the step so the value is read, not only reported
  warning: note: 06-open no longer publishes settings_time_zone_picker_label, settings_time_zone_value — no replay reads them from the page and the recording showed no line to read
  warning: note: 07-open no longer publishes data_source_name_shown, edits, datasource_img_alt — no replay reads them from the page and the recording showed no line to read
  warning: note: 02-create: added a read for body_button to s_e5e19b (page.getByRole('button', { name: 'New', exact: true }); seen on the next instruction's start page)
  warning: warning: 265 other value(s) the run saw survived unslotted, judged by shape only (usually page copy; non-fatal):
  flow.steps[0].instruction: "Grafana" (output) in "Open http://127.0.0.1:3000/ in the browser. If a login page appears, sign in with username admin and password {{env:APP_PASSWORD}} — type the password into the "
  flow.steps[1].instruction: "Save dashboard" (output) in "In Grafana at http://127.0.0.1:3000/, create a NEW dashboard (New -> Dashboard, or 'Create your first dashboard' if shown). Add a new visualization panel. In th"
  flow.steps[1].instruction: "TestData" (output) in "In Grafana at http://127.0.0.1:3000/, create a NEW dashboard (New -> Dashboard, or 'Create your first dashboard' if shown). Add a new visualization panel. In th"
  flow.steps[1].instruction: "Grafana" (output) in "In Grafana at http://127.0.0.1:3000/, create a NEW dashboard (New -> Dashboard, or 'Create your first dashboard' if shown). Add a new visualization panel. In th"
  flow.steps[1].instruction: "title" (output) in "In Grafana at http://127.0.0.1:3000/, create a NEW dashboard (New -> Dashboard, or 'Create your first dashboard' if shown). Add a new visualization panel. In th"
arm=sitelooper model=z-ai/glm-5.3 runid=fwgr87-n1 stop=completed
turns=8 wall=542.9s
commands=7 cmdTime=500.3s cmdBytes=11206 timeouts=0
orchestrator in=12520 cw=0 cr=26368 out=6606
inner prompt=3920539 cached=3694208 completion=40442
spend=$0.1232 maxUsd=3
learn: A_n=0 replayed=0/7 full=0 repaired=0 compiled=7 variants=0
-> /home/user/sitelooper/bench/results/fwgr87-n1-sitelooper-result.json

fwgr87-n1: objectives passed 6/6
  obj 1: PASS — all 3 provisioned titles reported
  obj 2: PASS — type=stat, datasource ok=true
  obj 3: PASS — type=text, content includes runid=true
  obj 4: PASS — tags=["bench"], time=now-6h..now
  obj 5: PASS — refresh="1m"
  obj 6: PASS — uid cfzjib9416ku8b reported

[sweep] run 2/3: fwgr87-n2 (replay flow fwgr87, no orchestrator)
[reset] grafana: deleted leftover dashboard "fwgr87-n1 Bench Dashboard" (200)
[reset] grafana: deleted leftover dashboard "Service Health" (400)

fwgr87-n2: objectives passed 6/6
  obj 1: PASS — all 3 provisioned titles reported
  obj 2: PASS — type=stat, datasource ok=true
  obj 3: PASS — type=text, content includes runid=true
  obj 4: PASS — tags=["bench"], time=now-6h..now
  obj 5: PASS — refresh="1m"
  obj 6: PASS — uid bfzjiywnz1blsd reported

[sweep] run 3/3: fwgr87-n3 (replay flow fwgr87, no orchestrator)
[reset] grafana: deleted leftover dashboard "fwgr87-n2 Bench Dashboard" (200)
[reset] grafana: deleted leftover dashboard "Service Health" (400)

fwgr87-n3: objectives passed 6/6
  obj 1: PASS — all 3 provisioned titles reported
  obj 2: PASS — type=stat, datasource ok=true
  obj 3: PASS — type=text, content includes runid=true
  obj 4: PASS — tags=["bench"], time=now-6h..now
  obj 5: PASS — refresh="1m"
  obj 6: PASS — uid dfzjjaivoj474e reported

Learning sweep fwgr87 (K=3)
┌─────────┬───┬─────────────┬──────────┬─────────────┬───────┬──────┬───────────┬─────┬──────────────┬────────┐
│ (index) │ n │ runid       │ verified │ stop        │ turns │ cmds │ total_usd │ A_n │ replayed     │ wall_s │
├─────────┼───┼─────────────┼──────────┼─────────────┼───────┼──────┼───────────┼─────┼──────────────┼────────┤
│ 0       │ 1 │ 'fwgr87-n1' │ '6/6'    │ 'completed' │ 8     │ 7    │ 0.1232    │ 0   │ '0/7'        │ 543    │
│ 1       │ 2 │ 'fwgr87-n2' │ '6/6'    │ 'success'   │ 0     │ 7    │ 0         │ 1   │ '7/7 (flow)' │ 214    │
│ 2       │ 3 │ 'fwgr87-n3' │ '6/6'    │ 'success'   │ 0     │ 7    │ 0         │ 1   │ '7/7 (flow)' │ 140    │
└─────────┴───┴─────────────┴──────────┴─────────────┴───────┴──────┴───────────┴─────┴──────────────┴────────┘
http://127.0.0.1:3000
  s_04e0d2  validated    9 steps  3/3 (100%)
           In Grafana at http://127.0.0.1:3000/, create a NEW dashboard (New -> Dashboard, or 'Create your first dashboar…
  s_0f8f3b  validated    8 steps  3/3 (100%)
           Open {{v1}} in the browser. If a login page appears, sign in with username {{v2}} and password {{env:APP_PASSW…
  s_629cc6  validated   25 steps  3/3 (100%)
           You are on the {{v1}} dashboard '{{v2}}' at {{v4}}. Set the dashboard's auto-refresh interval to '1m': open Da…
  s_657a56  validated   17 steps  3/3 (100%)
           You are on the {{v1}} dashboard '{{v2}}' at http://127.0.0.1:3000/d/{{v4}}/{{v5}}. Add a NEW panel of visualiz…
  s_aae421  validated    2 steps  3/3 (100%)
           Open {{v1}} in the browser. If a login page appears, sign in with username {{v2}} and password {{env:APP_PASSW…
  s_b3208e  validated   23 steps  3/3 (100%)
           You are on the {{v1}} dashboard '{{v2}}' at {{v7}}. Do two things and save so they persist: (1) Open the dashb…
  s_db74a0  validated   20 steps  3/3 (100%)
           Final verification on {{v1}} at http://127.0.0.1:3000/. Open the dashboard '{{v2}}' fresh (navigate to {{v4}} …
  s_e1f1d2  validated    2 steps  3/3 (100%)
           In Grafana at http://127.0.0.1:3000/, create a NEW dashboard (New -> Dashboard, or 'Create your first dashboar…
  s_e5e19b  validated   12 steps  3/3 (100%)
           In Grafana at http://127.0.0.1:3000/, create a NEW dashboard (New -> Dashboard, or 'Create your first dashboar…
  s_eb25ad  validated   15 steps  3/3 (100%)
           On the {{v1}} dashboard '{{v2}}' at {{v4}}, open the panel editor for the panel titled '{{v7}}' (click the pan…
  s_f8dac2  validated   11 steps  3/3 (100%)
           Open {{v1}} in the browser. If a login page appears, sign in with username {{v2}} and password {{env:APP_PASSW…
  s_f962ba  validated    1 steps  3/3 (100%)
           Open {{v1}} in the browser. If a login page appears, sign in with username {{v2}} and password {{env:APP_PASSW…
store: /home/user/sitelooper/bench/results/fwgr87-skills

summary: /home/user/sitelooper/bench/results/fwgr87-sweep.json
