
[sweep] run 1/3: fwgr69-n1 (store: /home/user/sitelooper/bench/results/fwgr69-skills)
[harness] grafana: defaulting APP_URL
[harness] grafana: defaulting APP_EMAIL
[harness] grafana: defaulting APP_PASSWORD
[reset] grafana: deleted leftover dashboard "Service Health" (400)
[harness] grafana responded 302 at http://127.0.0.1:3000/
stopped: fwgr69-n1
  flow "fwgr69" saved: 8 step(s), vars runid → /home/user/sitelooper/bench/results/flows/fwgr69.json
  warning: note: 01-open no longer publishes interstitial — no replay reads it from the page and the recording showed no line to read
  warning: note: 02-find no longer publishes dashboard_uid, panel_count — no replay reads them from the page and the recording showed no line to read
  warning: note: 03-create no longer publishes dashboard_url, datasource_picker_shown, unsaved_changes_indicator — no replay reads them from the page and the recording showed no line to read
  warning: note: 05-open no longer publishes grafana_version — no replay reads it from the page and the recording showed no line to read
  warning: note: 06-open no longer publishes time_range_from — no replay reads it from the page and the recording showed no line to read
  warning: note: 07-open no longer publishes time_range_label — no replay reads it from the page and the recording showed no line to read
  warning: note: 08-open no longer publishes panel_json_line_1, panel_json_line_2, panel_json_line_3, panel_json_line_4, panel_json_line_5, grafana_version, time_range_from — no replay reads them from the page and the recording showed no line to read
  warning: warning: 17 value(s) KNOWN to be this run's survived unslotted — a replay will act on or wait for the recording's value (non-fatal outside locators):
  s_53a393.steps[0].expect.urlPattern: "fwgr69-n1" (var) in "http://127.0.0.1:3000/d/{{v3}}/fwgr69-n1-bench-dashboard?from=:id&refresh=:id&showCategory=Panel options&timezone=browser&to=now"
  s_53a393.steps[1].expect.urlPattern: "fwgr69-n1" (var) in "http://127.0.0.1:3000/d/{{v3}}/fwgr69-n1-bench-dashboard?from=:id&refresh=:id&showCategory=Panel options&timezone=browser&to=now"
  s_53a393.steps[2].expect.urlPattern: "fwgr69-n1" (var) in "http://127.0.0.1:3000/d/{{v3}}/fwgr69-n1-bench-dashboard?from=:id&refresh=:id&showCategory=Panel options&timezone=browser&to=now"
  s_53a393.steps[3].expect.urlPattern: "fwgr69-n1" (var) in "http://127.0.0.1:3000/d/{{v3}}/fwgr69-n1-bench-dashboard?from=:id&refresh=:id&showCategory=Panel options&timezone=browser&to=now"
  s_695589.steps[3].expect.urlPattern: "fwgr69-n1" (var) in "http://127.0.0.1:3000/d/ffz56npaza1a8a/fwgr69-n1-bench-dashboard?from=:id&refresh=:id&timezone=browser&to=now"
  s_695589.steps[4].expect.urlPattern: "fwgr69-n1" (var) in "http://127.0.0.1:3000/d/ffz56npaza1a8a/fwgr69-n1-bench-dashboard?from=:id&refresh=:id&timezone=browser&to=now"
  s_695589.steps[5].expect.urlPattern: "fwgr69-n1" (var) in "http://127.0.0.1:3000/d/ffz56npaza1a8a/fwgr69-n1-bench-dashboard?from=:id&inspect=:id&inspectTab=json&refresh=:id&timezone=browser&to=now"
  s_695589.steps[6].expect.urlPattern: "fwgr69-n1" (var) in "http://127.0.0.1:3000/d/ffz56npaza1a8a/fwgr69-n1-bench-dashboard?from=:id&inspect=:id&inspectTab=meta&refresh=:id&timezone=browser&to=now"
  s_695589.steps[7].expect.urlPattern: "fwgr69-n1" (var) in "http://127.0.0.1:3000/d/ffz56npaza1a8a/fwgr69-n1-bench-dashboard?from=:id&refresh=:id&timezone=browser&to=now"
  s_695589.steps[9].expect.urlPattern: "fwgr69-n1" (var) in "http://127.0.0.1:3000/d/ffz56npaza1a8a/fwgr69-n1-bench-dashboard?from=:id&refresh=:id&timezone=browser&to=now"
  s_695589.steps[10].expect.urlPattern: "fwgr69-n1" (var) in "http://127.0.0.1:3000/d/ffz56npaza1a8a/fwgr69-n1-bench-dashboard?from=:id&refresh=:id&timezone=browser&to=now"
  s_695589.steps[11].expect.urlPattern: "fwgr69-n1" (var) in "http://127.0.0.1:3000/d/ffz56npaza1a8a/fwgr69-n1-bench-dashboard?from=:id&inspect=:id&inspectTab=json&refresh=:id&timezone=browser&to=now"
  s_695589.steps[12].expect.urlPattern: "fwgr69-n1" (var) in "http://127.0.0.1:3000/d/ffz56npaza1a8a/fwgr69-n1-bench-dashboard?from=:id&refresh=:id&timezone=browser&to=now"
  s_695589.steps[13].expect.urlPattern: "fwgr69-n1" (var) in "http://127.0.0.1:3000/d/ffz56npaza1a8a/fwgr69-n1-bench-dashboard?from=:id&refresh=:id&timezone=browser&to=now"
  s_695589.steps[14].expect.urlPattern: "fwgr69-n1" (var) in "http://127.0.0.1:3000/d/ffz56npaza1a8a/fwgr69-n1-bench-dashboard?editview=settings&from=:id&refresh=:id&timezone=browser&to=now"
  s_695589.steps[15].expect.urlPattern: "fwgr69-n1" (var) in "http://127.0.0.1:3000/d/ffz56npaza1a8a/fwgr69-n1-bench-dashboard?from=:id&refresh=:id&timezone=browser&to=now"
  s_695589.steps[17].expect.urlPattern: "fwgr69-n1" (var) in "http://127.0.0.1:3000/d/ffz56npaza1a8a/fwgr69-n1-bench-dashboard?from=:id&refresh=:id&timezone=browser&to=now"
  warning: warning: 165 other value(s) the run saw survived unslotted, judged by shape only (usually page copy; non-fatal):
  flow.steps[0].instruction: "admin" (output) in "Open http://127.0.0.1:3000/ and sign in with username admin and password {{env:APP_PASSWORD}} (type the password text exactly as given). Verify you are signed i"
  flow.steps[0].params.v2: "admin" (output) in "admin"
  flow.steps[1].route: "bench-service-health" (output) in "http://127.0.0.1:3000/d/bench-service-health/service-health"
  flow.steps[2].instruction: "TestData" (output) in "Create a NEW dashboard in Grafana. Requirements: (1) Add a visualization panel using the 'TestData DB' data source (the TestData data source). (2) Change the pa"
  flow.steps[2].route: "ffz56npaza1a8a" (url) in "http://127.0.0.1:3000/d/ffz56npaza1a8a/:id"
arm=sitelooper model=z-ai/glm-5.3 runid=fwgr69-n1 stop=completed
turns=9 wall=633.5s
commands=8 cmdTime=592.7s cmdBytes=15695 timeouts=0
orchestrator in=7473 cw=0 cr=37504 out=4068
inner prompt=4785586 cached=4510976 completion=51870
spend=$0.1243 maxUsd=3
learn: A_n=0 replayed=0/8 full=0 repaired=0 compiled=8 variants=0
-> /home/user/sitelooper/bench/results/fwgr69-n1-sitelooper-result.json

fwgr69-n1: objectives passed 6/6
  obj 1: PASS — all 3 provisioned titles reported
  obj 2: PASS — type=stat, datasource ok=true
  obj 3: PASS — type=text, content includes runid=true
  obj 4: PASS — tags=["bench"], time=now-6h..now
  obj 5: PASS — refresh="1m"
  obj 6: PASS — uid ffz56npaza1a8a reported

[sweep] run 2/3: fwgr69-n2 (replay flow fwgr69, no orchestrator)
[reset] grafana: deleted leftover dashboard "fwgr69-n1 Bench Dashboard" (200)
[reset] grafana: deleted leftover dashboard "Service Health" (400)
[sweep] fwgr69-n2: 6 drift ticket(s) → fwgr69-n2-drift.json

fwgr69-n2: objectives passed 6/6
  obj 1: PASS — all 3 provisioned titles reported
  obj 2: PASS — type=stat, datasource ok=true
  obj 3: PASS — type=text, content includes runid=true
  obj 4: PASS — tags=["bench"], time=now-6h..now
  obj 5: PASS — refresh="1m"
  obj 6: PASS — uid efz57htq0v4e8d reported

[sweep] run 3/3: fwgr69-n3 (replay flow fwgr69, no orchestrator)
[reset] grafana: deleted leftover dashboard "fwgr69-n2 Bench Dashboard" (200)
[reset] grafana: deleted leftover dashboard "Service Health" (400)
[sweep] fwgr69-n3: 3 drift ticket(s) → fwgr69-n3-drift.json

fwgr69-n3: objectives passed 6/6
  obj 1: PASS — all 3 provisioned titles reported
  obj 2: PASS — type=stat, datasource ok=true
  obj 3: PASS — type=text, content includes runid=true
  obj 4: PASS — tags=["bench"], time=now-6h..now
  obj 5: PASS — refresh="1m"
  obj 6: PASS — uid cfz58jf0chr7kb reported

Learning sweep fwgr69 (K=3)
┌─────────┬───┬─────────────┬──────────┬─────────────┬───────┬──────┬───────────┬──────┬──────────────┬────────┐
│ (index) │ n │ runid       │ verified │ stop        │ turns │ cmds │ total_usd │ A_n  │ replayed     │ wall_s │
├─────────┼───┼─────────────┼──────────┼─────────────┼───────┼──────┼───────────┼──────┼──────────────┼────────┤
│ 0       │ 1 │ 'fwgr69-n1' │ '6/6'    │ 'completed' │ 9     │ 8    │ 0.1243    │ 0    │ '0/8'        │ 634    │
│ 1       │ 2 │ 'fwgr69-n2' │ '6/6'    │ 'success'   │ 132   │ 8    │ 0.0808    │ 0.38 │ '8/8 (flow)' │ 706    │
│ 2       │ 3 │ 'fwgr69-n3' │ '6/6'    │ 'success'   │ 58    │ 8    │ 0.0309    │ 0.63 │ '8/8 (flow)' │ 386    │
└─────────┴───┴─────────────┴──────────┴─────────────┴───────┴──────┴───────────┴──────┴──────────────┴────────┘
http://127.0.0.1:3000
  s_2b1f6c  validated    1 steps  3/3 (100%)
           Open {{v1}} and sign in with username {{v2}} and password {{v3}} (type the password text exactly as given). Ve…
  s_3af38e  demoted     11 steps  1/3 (33%)
           Create a NEW dashboard in Grafana. Requirements: (1) Add a visualization panel using the 'TestData DB' data so…
  s_53a393  validated    6 steps  2/3 (67%)
           On the currently open dashboard '{{v1}}' (currently in edit mode), make sure the auto-refresh interval in the …
  s_695589  validated   18 steps  3/3 (100%)
           Do a final verification of the dashboard '{{v1}}'. First, navigate to the dashboard fresh (open its URL {{v6}}…
  s_8ccae1  validated    5 steps  3/3 (100%)
           Open {{v1}} and sign in with username {{v2}} and password {{v3}} (type the password text exactly as given). Ve…
  s_95394d  validated    2 steps  3/3 (100%)
           Find the provisioned dashboard named 'Service health' (use Dashboards browse/search if needed) and open it. Th…
  s_a20207  validated   18 steps  2/3 (67%)
           On the currently open dashboard '{{v1}}', do the following and make sure everything is SAVED at the end: (1) S…
  s_a770d3  validated   10 steps  3/3 (100%)
           Find the provisioned dashboard named 'Service health' (use Dashboards browse/search if needed) and open it. Th…
  s_c535de  validated    4 steps  3/3 (100%)
           Open {{v1}} and sign in with username {{v2}} and password {{v3}} (type the password text exactly as given). Ve…
  s_d102ca  validated    2 steps  3/3 (100%)
           Create a NEW dashboard in Grafana. Requirements: (1) Add a visualization panel using the 'TestData DB' data so…
  s_14c4d7  provisional 14 steps  1/2 (50%)
           On the currently open dashboard '{{v1}}', add a NEW Text panel. Set its title to exactly: {{v2}} Notes. Set it…
  s_7c7592  provisional 19 steps  1/2 (50%)  variant of s_14c4d7
           On the currently open dashboard '{{v1}}', add a NEW Text panel. Set its title to exactly: {{v2}} Notes. Set it…
  s_d57e53  validated   21 steps  2/2 (100%)
           On the currently open dashboard '{{v1}}', open the panel editor for the panel titled '{{v3}}' (use the panel's…
  s_0c41ac  provisional  2 steps  1/1 (100%)
           Create a NEW dashboard in Grafana. Requirements: (1) Add a visualization panel using the 'TestData DB' data so…
  s_19d934  provisional 36 steps  1/1 (100%)  variant of s_a20207
           On the currently open dashboard '{{v1}}', do the following and make sure everything is SAVED at the end: (1) S…
  s_2a93b9  provisional 11 steps  1/1 (100%)
           Create a NEW dashboard in Grafana. Requirements: (1) Add a visualization panel using the 'TestData DB' data so…
  s_4c190a  provisional  4 steps  1/1 (100%)
           Create a NEW dashboard in Grafana. Requirements: (1) Add a visualization panel using the 'TestData DB' data so…
  s_643d95  provisional  4 steps  1/1 (100%)  variant of s_3af38e
           Create a NEW dashboard in Grafana. Requirements: (1) Add a visualization panel using the 'TestData DB' data so…
  s_8584e9  provisional  5 steps  1/1 (100%)  variant of s_3af38e
           Create a NEW dashboard in Grafana. Requirements: (1) Add a visualization panel using the 'TestData DB' data so…
  s_8f50c2  provisional 19 steps  1/1 (100%)  variant of s_7c7592
           On the currently open dashboard '{{v1}}', add a NEW Text panel. Set its title to exactly: {{v2}} Notes. Set it…
  s_a50996  provisional 60 steps  1/1 (100%)  variant of s_53a393
           On the currently open dashboard '{{v1}}' (currently in edit mode), make sure the auto-refresh interval in the …
  s_a52e87  provisional 18 steps  1/1 (100%)
           On the currently open dashboard '{{v1}}', open the panel editor for the panel titled '{{v3}}' (use the panel's…
  s_b2595e  provisional  5 steps  1/1 (100%)
           Create a NEW dashboard in Grafana. Requirements: (1) Add a visualization panel using the 'TestData DB' data so…
  s_b5a35c  provisional 10 steps  1/1 (100%)  variant of s_3af38e
           Create a NEW dashboard in Grafana. Requirements: (1) Add a visualization panel using the 'TestData DB' data so…
  s_c8a9af  provisional  7 steps  1/1 (100%)
           Create a NEW dashboard in Grafana. Requirements: (1) Add a visualization panel using the 'TestData DB' data so…
  s_cf1852  provisional 10 steps  1/1 (100%)
           Create a NEW dashboard in Grafana. Requirements: (1) Add a visualization panel using the 'TestData DB' data so…
  s_d43ec7  provisional 11 steps  1/1 (100%)  variant of s_3af38e
           Create a NEW dashboard in Grafana. Requirements: (1) Add a visualization panel using the 'TestData DB' data so…
  s_f56578  provisional  2 steps  1/1 (100%)
           Create a NEW dashboard in Grafana. Requirements: (1) Add a visualization panel using the 'TestData DB' data so…
store: /home/user/sitelooper/bench/results/fwgr69-skills

summary: /home/user/sitelooper/bench/results/fwgr69-sweep.json
