[converge] from fwgr74: 7 step(s), store copied to /home/user/sitelooper/bench/results/fwgr74-cv2-skills, flow /home/user/sitelooper/bench/results/flows/fwgr74-cv2.json
[converge] round 1 compile: /opt/node22/bin/node /home/user/sitelooper/bin/sitelooper.js compile /home/user/sitelooper/bench/results/flows/fwgr74-cv2.json --out /home/user/sitelooper/bench/results/fwgr74-cv2-c1-compile --overwrite-spec --json
[converge] round 1 compile: exit 2
[converge] round 1: compile refused (unsourced-ref@07-open); rerecord steps: 01-open
[converge] round 1 rerecord 01-open (compile refusal): /opt/node22/bin/node /home/user/sitelooper/bin/sitelooper.js rerecord /home/user/sitelooper/bench/results/flows/fwgr74-cv2.json 01-open --var runid=fwgr74-cv2-r1n{n} --runs 2 --reset-cmd "\"/opt/node22/bin/node\" \"/home/user/sitelooper/bench/reset-app.mjs\" --target grafana" --json
[converge] round 1 rerecord 01-open (compile refusal): exit 0
[converge] round 2 compile: /opt/node22/bin/node /home/user/sitelooper/bin/sitelooper.js compile /home/user/sitelooper/bench/results/flows/fwgr74-cv2.json --out /home/user/sitelooper/bench/results/fwgr74-cv2-c2-compile --overwrite-spec --json
[converge] round 2 compile: exit 2
[converge] round 2: compile refused (unsourced-ref@07-open); rerecord steps: 01-open
[converge] round 2 rerecord 01-open (compile refusal): /opt/node22/bin/node /home/user/sitelooper/bin/sitelooper.js rerecord /home/user/sitelooper/bench/results/flows/fwgr74-cv2.json 01-open --var runid=fwgr74-cv2-r2n{n} --runs 2 --reset-cmd "\"/opt/node22/bin/node\" \"/home/user/sitelooper/bench/reset-app.mjs\" --target grafana" --json
[converge] round 2 rerecord 01-open (compile refusal): exit 0
[converge] round 3 compile: /opt/node22/bin/node /home/user/sitelooper/bin/sitelooper.js compile /home/user/sitelooper/bench/results/flows/fwgr74-cv2.json --out /home/user/sitelooper/bench/results/fwgr74-cv2-c3-compile --overwrite-spec --json
[converge] round 3 compile: exit 2
[converge] round 3: compile refused (unsourced-ref@07-open); rerecord steps: 01-open
[converge] round 3 rerecord 01-open (compile refusal): /opt/node22/bin/node /home/user/sitelooper/bin/sitelooper.js rerecord /home/user/sitelooper/bench/results/flows/fwgr74-cv2.json 01-open --var runid=fwgr74-cv2-r3n{n} --runs 2 --reset-cmd "\"/opt/node22/bin/node\" \"/home/user/sitelooper/bench/reset-app.mjs\" --target grafana" --json
[converge] round 3 rerecord 01-open (compile refusal): exit 0
[converge] round 4 compile: /opt/node22/bin/node /home/user/sitelooper/bin/sitelooper.js compile /home/user/sitelooper/bench/results/flows/fwgr74-cv2.json --out /home/user/sitelooper/bench/results/fwgr74-cv2-c4-compile --overwrite-spec --json
[converge] round 4 compile: exit 2
[converge] round 4: compile refused (unsourced-ref@07-open); rerecord steps: 01-open
[converge] round 4 rerecord 01-open (compile refusal): /opt/node22/bin/node /home/user/sitelooper/bin/sitelooper.js rerecord /home/user/sitelooper/bench/results/flows/fwgr74-cv2.json 01-open --var runid=fwgr74-cv2-r4n{n} --runs 2 --reset-cmd "\"/opt/node22/bin/node\" \"/home/user/sitelooper/bench/reset-app.mjs\" --target grafana" --json
[converge] round 4 rerecord 01-open (compile refusal): exit 1
[converge] fwgr74-cv2: exhausted — 4 round(s) without a passing artifact; rounds 4, flow runs 8, model turns 75
fwgr74-cv2: exhausted — 4 round(s) without a passing artifact; rounds 4, flow runs 8, model turns 75
