
[sweep] run 1/3: fwgr57-n1 (store: /home/user/sitelooper/bench/results/fwgr57-skills)
[harness] grafana: defaulting APP_URL
[harness] grafana: defaulting APP_EMAIL
[harness] grafana: defaulting APP_PASSWORD
[reset] grafana: deleted leftover dashboard "Service Health" (400)
[harness] grafana responded 302 at http://127.0.0.1:3000/
stopped: fwgr57-n1
  flow "fwgr57" saved: 7 step(s), vars runid → /home/user/sitelooper/bench/results/flows/fwgr57.json
  warning: note: 01-open no longer publishes panel_count — no replay reads it from the page and the recording showed no line to read
  warning: note: 02-create no longer publishes dashboard_uid, panel_type, rendered_value — no replay reads them from the page and the recording showed no line to read
  warning: note: 03-add no longer publishes new_panel_type — no replay reads it from the page and the recording showed no line to read
  warning: note: 04-open no longer publishes default_time_range_control_in_settings, time_picker_applied — no replay reads them from the page and the recording showed no line to read
  warning: note: 05-open no longer publishes time_range_url_param — no replay reads it from the page and the recording showed no line to read
  warning: note: 07-open no longer publishes settings_tags, availability_panel_datasource, availability_panel_value — no replay reads them from the page and the recording showed no line to read
  warning: warning: 13 value(s) KNOWN to be this run's survived unslotted — a replay will act on or wait for the recording's value (non-fatal outside locators):
  s_421541.steps[0].expect.urlPattern: "fwgr57-n1" (var) in "http://127.0.0.1:3000/d/{{v3}}/fwgr57-n1-bench-dashboard?from=:id&timezone=browser&to=now"
  s_421541.steps[1].expect.urlPattern: "fwgr57-n1" (var) in "http://127.0.0.1:3000/d/{{v3}}/fwgr57-n1-bench-dashboard?from=:id&timezone=browser&to=now"
  s_421541.steps[2].expect.urlPattern: "fwgr57-n1" (var) in "http://127.0.0.1:3000/d/{{v3}}/fwgr57-n1-bench-dashboard?from=:id&refresh=:id&timezone=browser&to=now"
  s_421541.steps[3].expect.urlPattern: "fwgr57-n1" (var) in "http://127.0.0.1:3000/d/{{v3}}/fwgr57-n1-bench-dashboard?from=:id&refresh=:id&timezone=browser&to=now"
  s_421541.steps[4].expect.urlPattern: "fwgr57-n1" (var) in "http://127.0.0.1:3000/d/{{v3}}/fwgr57-n1-bench-dashboard?from=:id&refresh=:id&timezone=browser&to=now"
  s_421541.steps[6].expect.urlPattern: "fwgr57-n1" (var) in "http://127.0.0.1:3000/d/{{v3}}/fwgr57-n1-bench-dashboard?from=:id&refresh=:id&timezone=browser&to=now"
  s_d65c41.steps[1].expect.urlPattern: "fwgr57-n1" (var) in "http://127.0.0.1:3000/d/{{v3}}/fwgr57-n1-bench-dashboard?from=:id&refresh=:id&timezone=browser&to=now"
  s_d65c41.steps[2].expect.urlPattern: "fwgr57-n1" (var) in "http://127.0.0.1:3000/d/{{v3}}/fwgr57-n1-bench-dashboard?editview=settings&from=:id&refresh=:id&timezone=browser&to=now"
  s_d65c41.steps[4].expect.urlPattern: "fwgr57-n1" (var) in "http://127.0.0.1:3000/d/{{v3}}/fwgr57-n1-bench-dashboard?from=:id&refresh=:id&timezone=browser&to=now"
  s_d65c41.steps[6].expect.urlPattern: "fwgr57-n1" (var) in "http://127.0.0.1:3000/d/{{v3}}/fwgr57-n1-bench-dashboard?from=:id&refresh=:id&timezone=browser&to=now"
  s_d65c41.steps[7].expect.urlPattern: "fwgr57-n1" (var) in "http://127.0.0.1:3000/d/{{v3}}/fwgr57-n1-bench-dashboard?editPanel=:id&from=:id&refresh=:id&timezone=browser&to=now"
  s_d65c41.steps[11].expect.urlPattern: "fwgr57-n1" (var) in "http://127.0.0.1:3000/d/{{v3}}/fwgr57-n1-bench-dashboard?from=:id&refresh=:id&timezone=browser&to=now"
  s_d65c41.steps[12].expect.urlPattern: "fwgr57-n1" (var) in "http://127.0.0.1:3000/d/{{v3}}/fwgr57-n1-bench-dashboard?from=:id&refresh=:id&timezone=browser&to=now"
  warning: warning: 155 other value(s) the run saw survived unslotted, judged by shape only (usually page copy; non-fatal):
  flow.steps[1].instruction: "TestData" (output) in "In Grafana, create a NEW dashboard (Dashboards -> New dashboard -> Add visualization, or the + Create -> Dashboard button). Add a Stat panel and set its title t"
  flow.steps[1].instruction: "Stat" (output) in "In Grafana, create a NEW dashboard (Dashboards -> New dashboard -> Add visualization, or the + Create -> Dashboard button). Add a Stat panel and set its title t"
  flow.steps[1].route: "bfyjzel9mmby8f" (url) in "http://127.0.0.1:3000/d/bfyjzel9mmby8f/:id"
  flow.steps[2].instruction: "TestData" (output) in "On the Grafana dashboard titled '{{runid}} Bench Dashboard' (UID {{02-create.url.p1}}), add a NEW Text panel. Set its title to exactly '{{runid}} Notes' and set"
  flow.steps[2].instruction: "Stat" (output) in "On the Grafana dashboard titled '{{runid}} Bench Dashboard' (UID {{02-create.url.p1}}), add a NEW Text panel. Set its title to exactly '{{runid}} Notes' and set"
arm=sitelooper model=z-ai/glm-5.3 runid=fwgr57-n1 stop=completed
turns=8 wall=999.4s
commands=7 cmdTime=955.8s cmdBytes=16884 timeouts=0
orchestrator in=8816 cw=0 cr=31808 out=5474
inner prompt=4720596 cached=4460288 completion=40045
spend=$0.1212 maxUsd=3
learn: A_n=0 replayed=0/7 full=0 repaired=0 compiled=7 variants=0
-> /home/user/sitelooper/bench/results/fwgr57-n1-sitelooper-result.json

fwgr57-n1: objectives passed 6/6
  obj 1: PASS — all 3 provisioned titles reported
  obj 2: PASS — type=stat, datasource ok=true
  obj 3: PASS — type=text, content includes runid=true
  obj 4: PASS — tags=["bench"], time=now-6h..now
  obj 5: PASS — refresh="1m"
  obj 6: PASS — uid bfyjzel9mmby8f reported

[sweep] run 2/3: fwgr57-n2 (replay flow fwgr57, no orchestrator)
[reset] grafana: deleted leftover dashboard "fwgr57-n1 Bench Dashboard" (200)
[reset] grafana: deleted leftover dashboard "Service Health" (400)
[sweep] fwgr57-n2: 4 drift ticket(s) → fwgr57-n2-drift.json

fwgr57-n2: objectives passed 6/6
  obj 1: PASS — all 3 provisioned titles reported
  obj 2: PASS — type=stat, datasource ok=true
  obj 3: PASS — type=text, content includes runid=true
  obj 4: PASS — tags=["bench"], time=now-6h..now
  obj 5: PASS — refresh="1m"
  obj 6: PASS — uid dfyk0g5uz9ibkd reported

[sweep] run 3/3: fwgr57-n3 (replay flow fwgr57, no orchestrator)
[reset] grafana: deleted leftover dashboard "fwgr57-n2 Bench Dashboard" (200)
[reset] grafana: deleted leftover dashboard "Service Health" (400)
[sweep] fwgr57-n3: 4 drift ticket(s) → fwgr57-n3-drift.json

fwgr57-n3: objectives passed 6/6
  obj 1: PASS — all 3 provisioned titles reported
  obj 2: PASS — type=stat, datasource ok=true
  obj 3: PASS — type=text, content includes runid=true
  obj 4: PASS — tags=["bench"], time=now-6h..now
  obj 5: PASS — refresh="1m"
  obj 6: PASS — uid cfyk0oye128e8e reported

Learning sweep fwgr57 (K=3)
┌─────────┬───┬─────────────┬──────────┬─────────────┬───────┬──────┬───────────┬─────┬──────────────┬────────┐
│ (index) │ n │ runid       │ verified │ stop        │ turns │ cmds │ total_usd │ A_n │ replayed     │ wall_s │
├─────────┼───┼─────────────┼──────────┼─────────────┼───────┼──────┼───────────┼─────┼──────────────┼────────┤
│ 0       │ 1 │ 'fwgr57-n1' │ '6/6'    │ 'completed' │ 8     │ 7    │ 0.1212    │ 0   │ '0/7'        │ 999    │
│ 1       │ 2 │ 'fwgr57-n2' │ '6/6'    │ 'success'   │ 0     │ 7    │ 0         │ 1   │ '7/7 (flow)' │ 162    │
│ 2       │ 3 │ 'fwgr57-n3' │ '6/6'    │ 'success'   │ 0     │ 7    │ 0         │ 1   │ '7/7 (flow)' │ 123    │
└─────────┴───┴─────────────┴──────────┴─────────────┴───────┴──────┴───────────┴─────┴──────────────┴────────┘
http://127.0.0.1:3000
  s_421541  validated   14 steps  3/3 (100%)
           On the Grafana dashboard '{{v1}}' (UID {{v3}}): open the top-bar refresh interval dropdown (next to the time r…
  s_5dbd84  validated    1 steps  3/3 (100%)
           Open {{v1}} and sign in with username admin and password admin (if prompted to change the password, skip it). …
  s_621a1e  validated   11 steps  3/3 (100%)
           Open {{v1}} and sign in with username admin and password admin (if prompted to change the password, skip it). …
  s_6f3526  validated    2 steps  3/3 (100%)
           In Grafana, create a NEW dashboard (Dashboards -> New dashboard -> Add visualization, or the + Create -> Dashb…
  s_8154c2  validated   16 steps  3/3 (100%)
           On the Grafana dashboard '{{v1}}' (UID {{v3}}): open Dashboard settings (gear icon) -> General, and add the ta…
  s_94f4e1  validated   18 steps  3/3 (100%)
           On the Grafana dashboard '{{v1}}' (UID {{v3}}): open Dashboard settings (gear icon) -> General, find the 'Auto…
  s_ad1145  validated    2 steps  3/3 (100%)
           Open {{v1}} and sign in with username admin and password admin (if prompted to change the password, skip it). …
  s_ceba4a  validated   19 steps  3/3 (100%)
           On the Grafana dashboard titled '{{v1}}' (UID {{v3}}), add a NEW Text panel. Set its title to exactly '{{v5}}'…
  s_d65c41  validated   19 steps  3/3 (100%)
           Final verification of the Grafana dashboard '{{v1}}' (UID {{v3}}). Open a FRESH view of it by navigating to {{…
  s_e19e75  validated    5 steps  3/3 (100%)
           In Grafana, create a NEW dashboard (Dashboards -> New dashboard -> Add visualization, or the + Create -> Dashb…
  s_f59588  validated   11 steps  3/3 (100%)
           In Grafana, create a NEW dashboard (Dashboards -> New dashboard -> Add visualization, or the + Create -> Dashb…
  s_fe501b  validated    4 steps  3/3 (100%)
           Open {{v1}} and sign in with username admin and password admin (if prompted to change the password, skip it). …
store: /home/user/sitelooper/bench/results/fwgr57-skills

summary: /home/user/sitelooper/bench/results/fwgr57-sweep.json
SWEEP_EXIT:0
