
[sweep] run 1/3: fwgr52-n1 (store: /home/user/sitelooper/bench/results/fwgr52-skills)
[harness] grafana: defaulting APP_URL
[harness] grafana: defaulting APP_EMAIL
[harness] grafana: defaulting APP_PASSWORD
[reset] grafana: deleted leftover dashboard "Service Health" (400)
[harness] grafana responded 302 at http://127.0.0.1:3000/
stopped: fwgr52-n1
  flow "fwgr52" saved: 5 step(s), vars runid → /home/user/sitelooper/bench/results/flows/fwgr52.json
  warning: note: 01-open no longer publishes panel_count — no replay reads it from the page and the recording showed no line to read
  warning: note: 02-create no longer publishes dashboard_uid_url, panel_type, data_source, breadcrumb_text — no replay reads them from the page and the recording showed no line to read
  warning: note: 04-set no longer publishes time_range_params, refresh_param, time_range_button_after_reload, refresh_button_after_reload, time_range_from_param — no replay reads them from the page and the recording showed no line to read
  warning: note: 03-add: added a read for save_alert to s_abb5dc (page.getByRole('status', { name: 'Dashboard saved', exact: true }); seen on the instruction's own page)
  warning: warning: 10 value(s) KNOWN to be this run's survived unslotted — a replay will act on or wait for the recording's value (non-fatal outside locators):
  s_679b2b.steps[0].expect.urlPattern: "fwgr52-n1" (var) in "http://127.0.0.1:3000/d/afyhk91qg10cga/fwgr52-n1-bench-dashboard?from=:id&timezone=browser&to=now"
  s_679b2b.steps[1].expect.urlPattern: "fwgr52-n1" (var) in "http://127.0.0.1:3000/d/afyhk91qg10cga/fwgr52-n1-bench-dashboard?from=:id&timezone=browser&to=now"
  s_679b2b.steps[2].expect.urlPattern: "fwgr52-n1" (var) in "http://127.0.0.1:3000/d/afyhk91qg10cga/fwgr52-n1-bench-dashboard?from=:id&timezone=browser&to=now"
  s_679b2b.steps[3].expect.urlPattern: "fwgr52-n1" (var) in "http://127.0.0.1:3000/d/afyhk91qg10cga/fwgr52-n1-bench-dashboard?from=:id&refresh=:id&timezone=browser&to=now"
  s_679b2b.steps[4].expect.urlPattern: "fwgr52-n1" (var) in "http://127.0.0.1:3000/d/afyhk91qg10cga/fwgr52-n1-bench-dashboard?from=:id&refresh=:id&timezone=browser&to=now"
  s_679b2b.steps[5].expect.urlPattern: "fwgr52-n1" (var) in "http://127.0.0.1:3000/d/afyhk91qg10cga/fwgr52-n1-bench-dashboard?from=:id&refresh=:id&timezone=browser&to=now"
  s_679b2b.steps[6].expect.urlPattern: "fwgr52-n1" (var) in "http://127.0.0.1:3000/d/afyhk91qg10cga/fwgr52-n1-bench-dashboard?from=:id&refresh=:id&timezone=browser&to=now"
  s_679b2b.steps[7].expect.urlPattern: "fwgr52-n1" (var) in "http://127.0.0.1:3000/d/afyhk91qg10cga/fwgr52-n1-bench-dashboard?from=:id&refresh=:id&timezone=browser&to=now"
  s_679b2b.steps[8].expect.urlPattern: "fwgr52-n1" (var) in "http://127.0.0.1:3000/d/afyhk91qg10cga/fwgr52-n1-bench-dashboard?from=:id&refresh=:id&timezone=browser&to=now"
  s_679b2b.steps[9].expect.urlPattern: "fwgr52-n1" (var) in "http://127.0.0.1:3000/d/afyhk91qg10cga/fwgr52-n1-bench-dashboard?from=:id&refresh=:id&timezone=browser&to=now"
  warning: warning: 113 other value(s) the run saw survived unslotted, judged by shape only (usually page copy; non-fatal):
  flow.steps[1].instruction: "bench" (output) in "Create a NEW dashboard in Grafana titled '{{runid}} Bench Dashboard' (use New dashboard from the Dashboards page, then edit its settings to set the name, and ad"
  flow.steps[1].instruction: "Stat" (output) in "Create a NEW dashboard in Grafana titled '{{runid}} Bench Dashboard' (use New dashboard from the Dashboards page, then edit its settings to set the name, and ad"
  flow.steps[1].params.v3: "bench" (output) in "bench"
  flow.steps[1].route: "afyhk91qg10cga" (url) in "http://127.0.0.1:3000/d/afyhk91qg10cga/:id"
  flow.steps[2].instruction: "Dashboard saved" (output) in "On the dashboard '{{runid}} Bench Dashboard' (URL http://127.0.0.1:3000/d/{{02-create.url.p1}}/{{runid}}-bench-dashboard), add a Text panel whose title is '{{ru"
arm=sitelooper model=z-ai/glm-5.3 runid=fwgr52-n1 stop=completed
turns=6 wall=608.8s
commands=5 cmdTime=572.0s cmdBytes=8995 timeouts=0
orchestrator in=4615 cw=0 cr=19392 out=981
inner prompt=1775409 cached=1637120 completion=19429
spend=$0.0531 maxUsd=3
learn: A_n=0 replayed=0/5 full=0 repaired=0 compiled=5 variants=0
-> /home/user/sitelooper/bench/results/fwgr52-n1-sitelooper-result.json

fwgr52-n1: objectives passed 6/6
  obj 1: PASS — all 3 provisioned titles reported
  obj 2: PASS — type=stat, datasource ok=true
  obj 3: PASS — type=text, content includes runid=true
  obj 4: PASS — tags=["bench"], time=now-6h..now
  obj 5: PASS — refresh="1m"
  obj 6: PASS — uid afyhk91qg10cga reported

[sweep] run 2/3: fwgr52-n2 (replay flow fwgr52, no orchestrator)
[reset] grafana: deleted leftover dashboard "fwgr52-n1 Bench Dashboard" (200)
[reset] grafana: deleted leftover dashboard "Service Health" (400)
[sweep] fwgr52-n2: 1 drift ticket(s) → fwgr52-n2-drift.json

fwgr52-n2: objectives passed 6/6
  obj 1: PASS — all 3 provisioned titles reported
  obj 2: PASS — type=stat, datasource ok=true
  obj 3: PASS — type=text, content includes runid=true
  obj 4: PASS — tags=["bench"], time=now-6h..now
  obj 5: PASS — refresh="1m"
  obj 6: PASS — uid efyhkucxltpmof reported

[sweep] run 3/3: fwgr52-n3 (replay flow fwgr52, no orchestrator)
[reset] grafana: deleted leftover dashboard "fwgr52-n2 Bench Dashboard" (200)
[reset] grafana: deleted leftover dashboard "Service Health" (400)
[sweep] fwgr52-n3: 1 drift ticket(s) → fwgr52-n3-drift.json

fwgr52-n3: objectives passed 6/6
  obj 1: PASS — all 3 provisioned titles reported
  obj 2: PASS — type=stat, datasource ok=true
  obj 3: PASS — type=text, content includes runid=true
  obj 4: PASS — tags=["bench"], time=now-6h..now
  obj 5: PASS — refresh="1m"
  obj 6: PASS — uid dfyhkzh5z81dsf reported

Learning sweep fwgr52 (K=3)
┌─────────┬───┬─────────────┬──────────┬─────────────┬───────┬──────┬───────────┬─────┬──────────────┬────────┐
│ (index) │ n │ runid       │ verified │ stop        │ turns │ cmds │ total_usd │ A_n │ replayed     │ wall_s │
├─────────┼───┼─────────────┼──────────┼─────────────┼───────┼──────┼───────────┼─────┼──────────────┼────────┤
│ 0       │ 1 │ 'fwgr52-n1' │ '6/6'    │ 'completed' │ 6     │ 5    │ 0.0531    │ 0   │ '0/5'        │ 609    │
│ 1       │ 2 │ 'fwgr52-n2' │ '6/6'    │ 'success'   │ 0     │ 5    │ 0         │ 1   │ '5/5 (flow)' │ 92     │
│ 2       │ 3 │ 'fwgr52-n3' │ '6/6'    │ 'success'   │ 0     │ 5    │ 0         │ 1   │ '5/5 (flow)' │ 62     │
└─────────┴───┴─────────────┴──────────┴─────────────┴───────┴──────┴───────────┴─────┴──────────────┴────────┘
http://127.0.0.1:3000
  s_53ef35  validated    5 steps  3/3 (100%)
           Create a NEW dashboard in Grafana titled '{{v2}}' (use New dashboard from the Dashboards page, then edit its s…
  s_5ba3b3  validated    8 steps  3/3 (100%)
           Open {{v1}} and sign in with username admin and password admin (skip any password-change prompt if it appears)…
  s_679b2b  validated   18 steps  3/3 (100%)
           On the dashboard at {{v5}}, set the dashboard's default time range to the last 6 hours AND set the auto-refres…
  s_6b8b11  validated    2 steps  3/3 (100%)
           Open {{v1}} and sign in with username admin and password admin (skip any password-change prompt if it appears)…
  s_7ccc31  validated    4 steps  3/3 (100%)
           Create a NEW dashboard in Grafana titled '{{v2}}' (use New dashboard from the Dashboards page, then edit its s…
  s_940759  validated    4 steps  3/3 (100%)
           Open {{v1}} and sign in with username admin and password admin (skip any password-change prompt if it appears)…
  s_abb5dc  validated   25 steps  3/3 (100%)
           On the dashboard '{{v1}}' (URL http://127.0.0.1:3000/d/{{v3}}/{{v4}}), add a Text panel whose title is '{{v2}}…
  s_cd85a9  validated    1 steps  3/3 (100%)
           Open {{v1}} and sign in with username admin and password admin (skip any password-change prompt if it appears)…
  s_d403fb  validated    1 steps  3/3 (100%)
           Create a NEW dashboard in Grafana titled '{{v2}}' (use New dashboard from the Dashboards page, then edit its s…
  s_dec39b  validated    6 steps  3/3 (100%)
           Open {{v4}} and report the exact full page URL currently shown in the browser address bar.
  s_fa1bc7  validated   12 steps  3/3 (100%)
           Create a NEW dashboard in Grafana titled '{{v2}}' (use New dashboard from the Dashboards page, then edit its s…
store: /home/user/sitelooper/bench/results/fwgr52-skills

summary: /home/user/sitelooper/bench/results/fwgr52-sweep.json
