
Running 1 test using 1 worker

[sitelooper step] 01-open
[sitelooper step] 02-create
[sitelooper drift] 03-report s_152057/35 target: primary locator('#issuecomment-6 > span:nth-of-type(2)') missed; used #2 locator('[data-sitelooper-point="542,374"]') (#1 absent)
[sitelooper skip] 03-report s_152057/36 target: read target not found — value left empty
[sitelooper drift] 03-report s_152057/37 target: primary getByText('bug', { exact: true }) missed; used #2 locator('div:nth-of-type(3) > div:nth-of-type(2) > div:nth-of-type(3) > div:nth-of-type(2) > a:nth-of-type(1) > span') (#1 ambiguous)
[sitelooper drift] 03-report s_152057/38 target: primary getByText('priority-high', { exact: true }) missed; used #2 locator('div:nth-of-type(3) > div:nth-of-type(2) > div:nth-of-type(3) > div:nth-of-type(2) > a:nth-of-type(2) > span') (#1 ambiguous)
[sitelooper step] 03-report
[sitelooper skip] 04-report s_e89d62/8 target: read target not found — value left empty
[sitelooper skip] 04-report s_e89d62/11 target: read target not found — value left empty
[sitelooper skip] 04-report s_e89d62/13 target: no locator recorded — value left empty
[sitelooper step] 04-report
[sitelooper skip] 05-set s_5cc6e4/7 target: read target not found — value left empty
[sitelooper skip] 05-set s_5cc6e4/12 target: read target not found — value left empty
[sitelooper step] 05-set
[sitelooper skip] 06-add s_56a7ec/5 target: read target not found — value left empty
[sitelooper skip] 06-add s_56a7ec/6 target: read target not found — value left empty
[sitelooper step] 06-add
[sitelooper skip] 07-open s_7cfc93/11 target: read target not found — value left empty
[sitelooper skip] 07-open s_7cfc93/12 target: read target not found — value left empty
[sitelooper drift] 07-open s_7cfc93/14 target: primary locator('#issue-4 > div > div:nth-of-type(2) > div:nth-of-type(1) > p') missed; used #2 locator('[data-sitelooper-point="510,316"]') (#1 absent)
[sitelooper skip] 07-open s_7cfc93/15 target: read target not found — value left empty
[sitelooper step] 07-open
  ✓  1 fwgt30.spec.ts:9:1 › fwgt30 (1.8m)

  1 passed (1.9m)
