[converge] from fwgt15: 8 step(s), store copied to /home/user/sitelooper/bench/results/fwgt15-cv3-skills, flow /home/user/sitelooper/bench/results/flows/fwgt15-cv3.json
[converge] round 1 compile: /opt/node22/bin/node /home/user/sitelooper/bin/sitelooper.js compile /home/user/sitelooper/bench/results/flows/fwgt15-cv3.json --out /home/user/sitelooper/bench/results/fwgt15-cv3-c1-compile --overwrite-spec --json
[converge] round 1 compile: exit 0
[converge] round 1 artifact: /opt/node22/bin/node /home/user/sitelooper/bench/spec-replay.mjs --flow /home/user/sitelooper/bench/results/flows/fwgt15-cv3.json --skills /home/user/sitelooper/bench/results/fwgt15-cv3-skills --tag fwgt15-cv3-c1 --target gitea --reset --out /home/user/sitelooper/bench/results
[converge] round 1 artifact: exit 1
[converge] round 1: artifact failed (exit 1, verified 1/5); anchors 04-add
[converge] round 1 repair: /opt/node22/bin/node /home/user/sitelooper/bin/sitelooper.js repair /home/user/sitelooper/bench/results/fwgt15-cv3-c1-compile/fwgt15-cv3.flow.ts --var runid=fwgt15-cv3-p1n{n} --converge 1 --reset-cmd "\"/opt/node22/bin/node\" \"/home/user/sitelooper/bench/reset-app.mjs\" --target gitea" --json
[converge] round 1 repair: exit 3
[converge] round 1 rerecord 04-add (repair: needs-rerecord; also named: 08-open): /opt/node22/bin/node /home/user/sitelooper/bin/sitelooper.js rerecord /home/user/sitelooper/bench/results/flows/fwgt15-cv3.json 04-add --var runid=fwgt15-cv3-r1n{n} --runs 2 --reset-cmd "\"/opt/node22/bin/node\" \"/home/user/sitelooper/bench/reset-app.mjs\" --target gitea" --json
[converge] round 1 rerecord 04-add (repair: needs-rerecord; also named: 08-open): exit 0
[converge] round 2 compile: /opt/node22/bin/node /home/user/sitelooper/bin/sitelooper.js compile /home/user/sitelooper/bench/results/flows/fwgt15-cv3.json --out /home/user/sitelooper/bench/results/fwgt15-cv3-c2-compile --overwrite-spec --json
[converge] round 2 compile: exit 0
[converge] round 2 artifact: /opt/node22/bin/node /home/user/sitelooper/bench/spec-replay.mjs --flow /home/user/sitelooper/bench/results/flows/fwgt15-cv3.json --skills /home/user/sitelooper/bench/results/fwgt15-cv3-skills --tag fwgt15-cv3-c2 --target gitea --reset --out /home/user/sitelooper/bench/results
[converge] round 2 artifact: exit 0
[converge] round 2: artifact failed (exit 0, verified 4/5); anchors none
[converge] round 2 repair: /opt/node22/bin/node /home/user/sitelooper/bin/sitelooper.js repair /home/user/sitelooper/bench/results/fwgt15-cv3-c2-compile/fwgt15-cv3.flow.ts --var runid=fwgt15-cv3-p2n{n} --converge 1 --reset-cmd "\"/opt/node22/bin/node\" \"/home/user/sitelooper/bench/reset-app.mjs\" --target gitea" --json
[converge] round 2 repair: exit 3
[converge] round 2 rerecord 08-open (repair: needs-rerecord): /opt/node22/bin/node /home/user/sitelooper/bin/sitelooper.js rerecord /home/user/sitelooper/bench/results/flows/fwgt15-cv3.json 08-open --var runid=fwgt15-cv3-r2n{n} --runs 2 --reset-cmd "\"/opt/node22/bin/node\" \"/home/user/sitelooper/bench/reset-app.mjs\" --target gitea" --json
[converge] round 2 rerecord 08-open (repair: needs-rerecord): exit 0
[converge] round 3 compile: /opt/node22/bin/node /home/user/sitelooper/bin/sitelooper.js compile /home/user/sitelooper/bench/results/flows/fwgt15-cv3.json --out /home/user/sitelooper/bench/results/fwgt15-cv3-c3-compile --overwrite-spec --json
[converge] round 3 compile: exit 0
[converge] round 3 artifact: /opt/node22/bin/node /home/user/sitelooper/bench/spec-replay.mjs --flow /home/user/sitelooper/bench/results/flows/fwgt15-cv3.json --skills /home/user/sitelooper/bench/results/fwgt15-cv3-skills --tag fwgt15-cv3-c3 --target gitea --reset --out /home/user/sitelooper/bench/results
[converge] round 3 artifact: exit 0
[converge] round 3: artifact failed (exit 0, verified 4/5); anchors none
[converge] round 3 repair: /opt/node22/bin/node /home/user/sitelooper/bin/sitelooper.js repair /home/user/sitelooper/bench/results/fwgt15-cv3-c3-compile/fwgt15-cv3.flow.ts --var runid=fwgt15-cv3-p3n{n} --converge 1 --reset-cmd "\"/opt/node22/bin/node\" \"/home/user/sitelooper/bench/reset-app.mjs\" --target gitea" --json
[converge] round 3 repair: exit 0
[converge] fwgt15-cv3: converged-by-repair — round 3: repair's compiled-spec check passed; rounds 3, flow runs 11, model turns 43
fwgt15-cv3: converged-by-repair — round 3: repair's compiled-spec check passed; rounds 3, flow runs 11, model turns 43
