
[sweep] run 1/3: fwgt9-n1 (store: /home/user/sitelooper/bench/results/fwgt9-skills)
[harness] gitea: defaulting APP_URL
[harness] gitea: defaulting APP_EMAIL
[harness] gitea: defaulting APP_PASSWORD
[reset] gitea: no leftover bench issues
[harness] gitea responded 200 at http://127.0.0.1:8095/
stopped: fwgt9-n1
  flow "fwgt9" saved: 7 step(s), vars runid → /home/user/sitelooper/bench/results/flows/fwgt9.json
  warning: warning: 02-open's instruction asks to report seed_titled_issue_titles, Bench Issue exists, and no replay can publish them: nothing in its procedure reads them from the page, so export dropped them — re-record the step so the value is read, not only reported
  warning: note: 04-set no longer publishes labels_after — no replay reads it from the page and the recording showed no line to read
  warning: note: 05-add no longer publishes commenter — no replay reads it from the page and the recording showed no line to read
  warning: warning: 06-open's instruction asks to report labels_shown, description_includes, comment_includes, and no replay can publish them: nothing in its procedure reads them from the page, so export dropped them — re-record the step so the value is read, not only reported
  warning: warning: 07-report's instruction asks to report labels_shown, milestone_shown, comment_includes, and no replay can publish them: nothing in its procedure reads them from the page, so export dropped them — re-record the step so the value is read, not only reported
  warning: note: 01-signin: added a read for avatar_title_attribute to s_50d62a (page.getByRole('menu', { name: 'admin', exact: true }); seen on the next instruction's start page)
  warning: note: 04-set: added a read for milestone_shown to s_5680c6 (page.getByRole('link', { name: 'Bench Milestone', exact: true }); seen on the next instruction's start page)
  warning: note: 06-open: added a read for milestone_shown to s_78c875 (page.getByRole('link', { name: 'Bench Milestone', exact: true }); seen on the next instruction's start page)
  warning: warning: noop-step: 07-report changed nothing: its instruction asks to confirm, the recording made no state-changing action, and the page already showed 'Close Issue' before it ran. The step may be redundant.
  warning: warning: 134 other value(s) the run saw survived unslotted, judged by shape only (usually page copy; non-fatal):
  flow.steps[0].instruction: "admin" (output) in "Sign in to Gitea with username admin and password {{env:APP_PASSWORD}} (type the password text exactly as {{env:APP_PASSWORD}}). Then verify you are signed in a"
  flow.steps[1].instruction: "open" (output) in "Navigate to the repository bench/bench-repo and open its Issues list. Filter to show only OPEN issues. Report the exact titles of all open issues whose title st"
  flow.steps[3].instruction: "Bench Milestone" (output) in "On the issue page for issue {{03-create.issue_number}} in bench/bench-repo (titled '{{runid}} Bench Issue', at /bench/bench-repo/issues/{{03-create.url.p3}}), u"
  flow.steps[3].instruction: "bench-assignee" (output) in "On the issue page for issue {{03-create.issue_number}} in bench/bench-repo (titled '{{runid}} Bench Issue', at /bench/bench-repo/issues/{{03-create.url.p3}}), u"
  flow.steps[3].instruction: "open" (output) in "On the issue page for issue {{03-create.issue_number}} in bench/bench-repo (titled '{{runid}} Bench Issue', at /bench/bench-repo/issues/{{03-create.url.p3}}), u"
arm=sitelooper model=z-ai/glm-5.3 runid=fwgt9-n1 stop=completed
turns=9 wall=422.8s
commands=8 cmdTime=395.0s cmdBytes=10496 timeouts=0
orchestrator in=6561 cw=0 cr=31360 out=2071
inner prompt=2745799 cached=2532416 completion=37088
spend=$0.3007 maxUsd=3
learn: A_n=0 replayed=0/7 full=0 repaired=0 compiled=7 variants=0
-> /home/user/sitelooper/bench/results/fwgt9-n1-sitelooper-result.json

fwgt9-n1: objectives passed 7/7
  obj 1: PASS — all 3 seed titles reported
  obj 2: PASS — #4, state=open, description includes runid=true
  obj 3: PASS — labels=[bug, priority-high], want [bug, priority-high]
  obj 4: PASS — assignees=[bench-assignee]
  obj 5: PASS — milestone=Bench Milestone
  obj 6: PASS — 1 comment(s), 1 carrying the runid
  obj 7: PASS — issue #4 reported

[sweep] run 2/3: fwgt9-n2 (replay flow fwgt9, no orchestrator)
[reset] gitea: deleted 1 leftover bench issue(s)
[sweep] fwgt9-n2: 10 drift ticket(s) → fwgt9-n2-drift.json

fwgt9-n2: objectives passed 7/7
  obj 1: PASS — all 3 seed titles reported
  obj 2: PASS — #5, state=open, description includes runid=true
  obj 3: PASS — labels=[bug, priority-high], want [bug, priority-high]
  obj 4: PASS — assignees=[bench-assignee]
  obj 5: PASS — milestone=Bench Milestone
  obj 6: PASS — 1 comment(s), 1 carrying the runid
  obj 7: PASS — issue #5 reported

[sweep] run 3/3: fwgt9-n3 (replay flow fwgt9, no orchestrator)
[reset] gitea: deleted 1 leftover bench issue(s)
[sweep] fwgt9-n3: 10 drift ticket(s) → fwgt9-n3-drift.json

fwgt9-n3: objectives passed 7/7
  obj 1: PASS — all 3 seed titles reported
  obj 2: PASS — #6, state=open, description includes runid=true
  obj 3: PASS — labels=[bug, priority-high], want [bug, priority-high]
  obj 4: PASS — assignees=[bench-assignee]
  obj 5: PASS — milestone=Bench Milestone
  obj 6: PASS — 1 comment(s), 1 carrying the runid
  obj 7: PASS — issue #6 reported

Learning sweep fwgt9 (K=3)
┌─────────┬───┬────────────┬──────────┬─────────────┬───────┬──────┬───────────┬─────┬──────────────┬────────┐
│ (index) │ n │ runid      │ verified │ stop        │ turns │ cmds │ total_usd │ A_n │ replayed     │ wall_s │
├─────────┼───┼────────────┼──────────┼─────────────┼───────┼──────┼───────────┼─────┼──────────────┼────────┤
│ 0       │ 1 │ 'fwgt9-n1' │ '7/7'    │ 'completed' │ 9     │ 8    │ 0.3007    │ 0   │ '0/7'        │ 423    │
│ 1       │ 2 │ 'fwgt9-n2' │ '7/7'    │ 'success'   │ 0     │ 7    │ 0         │ 1   │ '7/7 (flow)' │ 91     │
│ 2       │ 3 │ 'fwgt9-n3' │ '7/7'    │ 'success'   │ 0     │ 7    │ 0         │ 1   │ '7/7 (flow)' │ 88     │
└─────────┴───┴────────────┴──────────┴─────────────┴───────┴──────┴───────────┴─────┴──────────────┴────────┘
http://127.0.0.1:8095
  s_019694  validated    3 steps  3/3 (100%)
           Sign in to Gitea with username admin and password {{env:APP_PASSWORD}} (type the password text exactly as {{en…
  s_3417e5  validated    1 steps  3/3 (100%)
           Open the issue page at {{v1}} and verify all of the following, reporting the exact values shown on the page: (…
  s_3dc2e5  validated    3 steps  3/3 (100%)
           In the repository bench/bench-repo, create a new issue with the exact title '{{v2}}' and a description (markdo…
  s_50d62a  validated   11 steps  3/3 (100%)
           Sign in to Gitea with username admin and password {{env:APP_PASSWORD}} (type the password text exactly as {{en…
  s_5680c6  validated   29 steps  3/3 (100%)
           On the issue page for issue #4 in bench/bench-repo (titled '{{v1}}', at /bench/bench-repo/issues/4), use the s…
  s_6c9d1c  validated    4 steps  3/3 (100%)
           On the issue page for issue #4 in bench/bench-repo (titled '{{v1}}', at /bench/bench-repo/issues/4), add a com…
  s_78c875  validated    8 steps  3/3 (100%)
           Open the issue page at {{v1}} and verify all of the following, reporting the exact values shown on the page: (…
  s_8b80ae  validated   10 steps  3/3 (100%)
           Reload the issue page at {{v1}} and report: the issue state badge (Open or Closed), the title, the number as d…
  s_b258ec  validated    1 steps  3/3 (100%)
           Navigate to the repository bench/bench-repo and open its Issues list. Filter to show only OPEN issues. Report …
  s_d4564d  validated    1 steps  3/3 (100%)
           In the repository bench/bench-repo, create a new issue with the exact title '{{v2}}' and a description (markdo…
  s_d8a00a  validated    5 steps  3/3 (100%)
           In the repository bench/bench-repo, create a new issue with the exact title '{{v2}}' and a description (markdo…
  s_e3598d  validated    8 steps  3/3 (100%)
           Navigate to the repository bench/bench-repo and open its Issues list. Filter to show only OPEN issues. Report …
  s_e6c603  validated    1 steps  3/3 (100%)
           Sign in to Gitea with username admin and password {{env:APP_PASSWORD}} (type the password text exactly as {{en…
  s_f65f9e  validated    2 steps  3/3 (100%)
           On the issue page for issue #4 in bench/bench-repo (titled '{{v1}}', at /bench/bench-repo/issues/4), add a com…
store: /home/user/sitelooper/bench/results/fwgt9-skills

summary: /home/user/sitelooper/bench/results/fwgt9-sweep.json
