
Running 1 test using 1 worker

[sitelooper skip] 01-signin s_fa272a/1 target: read target not found — value left empty
[sitelooper skip] 01-signin s_fa272a/4 target: no locator recorded — value left empty
[sitelooper skip] 01-signin s_fa272a/5 target: no locator recorded — value left empty
[sitelooper step] 01-signin
[sitelooper step] 02-open
[sitelooper drift] 03-create s_63efee/6 target: primary getByText('Bench issue created for run fwgt29-spec', { exact: true }) missed; used #2 locator('#issue-7 > div > div:nth-of-type(2) > div:nth-of-type(1) > p') (#1 ambiguous)
[sitelooper step] 03-create
[sitelooper step] 04-set
[sitelooper drift] 05-open s_7d7cc7/17 target: primary locator('#issuecomment-8 > span:nth-of-type(2) > a') missed; used #2 locator('[data-sitelooper-point="214,424"]') (#1 absent)
[sitelooper step] 05-open
[sitelooper step] 06-set
[sitelooper drift] 07-add s_e6ee73/3 target: primary locator('#issue-4 > div > div:nth-of-type(2) > div:nth-of-type(1) > p') missed; used #2 locator('[data-sitelooper-point="510,316"]') (#1 absent)
[sitelooper step] 07-add
[sitelooper drift] 08-open s_9a1355/11 target: primary locator('#issuecomment-3 > span:nth-of-type(2) > a') missed; used #2 locator('[data-sitelooper-point="214,424"]') (#1 absent)
[sitelooper drift] 08-open s_9a1355/12 target: primary locator('#issue-4 > div > div:nth-of-type(2) > div:nth-of-type(1) > p') missed; used #2 locator('[data-sitelooper-point="510,316"]') (#1 absent)
[sitelooper drift] 08-open s_9a1355/14 target: primary locator('#issuecomment-3 > span:nth-of-type(2) > a') missed; used #2 locator('[data-sitelooper-point="214,424"]') (#1 absent)
[sitelooper step] 08-open
  ✓  1 fwgt29.spec.ts:9:1 › fwgt29 (1.1m)

  1 passed (1.1m)
