
[sweep] run 1/3: fwgt11-n1 (store: /home/user/sitelooper/bench/results/fwgt11-skills)
[harness] gitea: defaulting APP_URL
[harness] gitea: defaulting APP_EMAIL
[harness] gitea: defaulting APP_PASSWORD
[reset] gitea: no leftover bench issues
[harness] gitea responded 200 at http://127.0.0.1:8095/
stopped: fwgt11-n1
  flow "fwgt11" saved: 8 step(s), vars runid → /home/user/sitelooper/bench/results/flows/fwgt11.json
  warning: warning: 04-set's instruction asks to report labels_shown_on_issue, and only a recorded literal backs it: no read in its procedure publishes it, so a replay reports it only if the page it ends on shows that exact text — re-record the step so the value is read where it is shown
  warning: note: 01-signin no longer publishes repositories_count, organizations_count — no replay reads them from the page and the recording showed no line to read
  warning: note: 02-open no longer publishes matching_titles_count — no replay reads it from the page and the recording showed no line to read
  warning: note: 04-set no longer publishes labels_count, label_priority_high_id — no replay reads them from the page and the recording showed no line to read
  warning: note: 05-report no longer publishes assignee_ids_hidden_input, labels_still_applied — no replay reads them from the page and the recording showed no line to read
  warning: note: 06-set no longer publishes milestone_id_hidden_input, issue_content_right_a_it, issue_content_right_a_it_2, issue_content_right_a_hr — no replay reads them from the page and the recording showed no line to read
  warning: note: 07-add no longer publishes comment_author — no replay reads it from the page and the recording showed no line to read
  warning: note: 08-open no longer publishes labels_count, ref_2 — no replay reads them from the page and the recording showed no line to read
  warning: note: 01-signin: added a read for signed_in_user to s_534950 (page.getByRole('menu', { name: 'admin', exact: true }); seen on the next instruction's start page)
  warning: note: 06-set: added a read for milestone_name to s_0b45fe (page.getByRole('link', { name: 'Bench Milestone', exact: true }); seen on the next instruction's start page)
  warning: warning: instruction "On the issue page http://127.0.0.1:8095/bench/bench-repo/issues/4 (tit…" ran 17 state-changing step(s) but reported blocked — its work is NOT in the flow
  warning: warning: 300 other value(s) the run saw survived unslotted, judged by shape only (usually page copy; non-fatal):
  flow.startUrl: "http://127.0.0.1:8095/" (output) in "http://127.0.0.1:8095/"
  flow.steps[0].instruction: "admin" (output) in "Sign in to this Gitea instance: click the Sign In link/button, enter username admin and password {{env:APP_PASSWORD}} exactly as that text, submit, and verify y"
  flow.steps[0].route: "http://127.0.0.1:8095/" (output) in "http://127.0.0.1:8095/"
  flow.steps[1].route: "bench/bench-repo" (output) in "http://127.0.0.1:8095/bench/bench-repo/issues"
  flow.steps[1].route: "bench-repo" (output) in "http://127.0.0.1:8095/bench/bench-repo/issues"
  warning: {{04-set.labels_shown_on_issue}} (used by 06-set) can only be re-observed by model recovery — consider re-recording so the value is read from the page.
  warning: 04-set reports labels_shown_on_issue, but no segment of the procedure it pins (s_1b4c52, with any later segment of its chain) re-reads it from the page — a replay without the model will succeed without that value; re-record so a read for it lands in that procedure's last segment.
arm=sitelooper model=z-ai/glm-5.3 runid=fwgt11-n1 stop=completed
turns=11 wall=885.5s
commands=10 cmdTime=850.1s cmdBytes=12263 timeouts=0
orchestrator in=24268 cw=0 cr=25024 out=1913
inner prompt=5064056 cached=4801024 completion=69695
spend=$0.1451 maxUsd=3
learn: A_n=0 replayed=0/8 full=0 repaired=0 compiled=8 variants=0
-> /home/user/sitelooper/bench/results/fwgt11-n1-sitelooper-result.json

fwgt11-n1: objectives passed 7/7
  obj 1: PASS — all 3 seed titles reported
  obj 2: PASS — #4, state=open, description includes runid=true
  obj 3: PASS — labels=[bug, priority-high], want [bug, priority-high]
  obj 4: PASS — assignees=[bench-assignee]
  obj 5: PASS — milestone=Bench Milestone
  obj 6: PASS — 1 comment(s), 1 carrying the runid
  obj 7: PASS — issue #4 reported

[sweep] run 2/3: fwgt11-n2 (replay flow fwgt11, no orchestrator)
[reset] gitea: deleted 1 leftover bench issue(s)
[sweep] fwgt11-n2: 20 drift ticket(s) → fwgt11-n2-drift.json

fwgt11-n2: objectives passed 6/7
  obj 1: PASS — all 3 seed titles reported
  obj 2: PASS — #5, state=open, description includes runid=true
  obj 3: FAIL — labels=[priority-high], want [bug, priority-high]
  obj 4: PASS — assignees=[bench-assignee]
  obj 5: PASS — milestone=Bench Milestone
  obj 6: PASS — 1 comment(s), 1 carrying the runid
  obj 7: PASS — issue #5 reported

[sweep] run 3/3: fwgt11-n3 (replay flow fwgt11, no orchestrator)
[reset] gitea: deleted 1 leftover bench issue(s)
[sweep] fwgt11-n3: 20 drift ticket(s) → fwgt11-n3-drift.json

fwgt11-n3: objectives passed 6/7
  obj 1: PASS — all 3 seed titles reported
  obj 2: PASS — #6, state=open, description includes runid=true
  obj 3: FAIL — labels=[priority-high], want [bug, priority-high]
  obj 4: PASS — assignees=[bench-assignee]
  obj 5: PASS — milestone=Bench Milestone
  obj 6: PASS — 1 comment(s), 1 carrying the runid
  obj 7: PASS — issue #6 reported

Learning sweep fwgt11 (K=3)
┌─────────┬───┬─────────────┬──────────┬─────────────┬───────┬──────┬───────────┬─────┬──────────────┬────────┐
│ (index) │ n │ runid       │ verified │ stop        │ turns │ cmds │ total_usd │ A_n │ replayed     │ wall_s │
├─────────┼───┼─────────────┼──────────┼─────────────┼───────┼──────┼───────────┼─────┼──────────────┼────────┤
│ 0       │ 1 │ 'fwgt11-n1' │ '7/7'    │ 'completed' │ 11    │ 10   │ 0.1451    │ 0   │ '0/8'        │ 885    │
│ 1       │ 2 │ 'fwgt11-n2' │ '6/7'    │ 'partial'   │ 0     │ 8    │ 0         │ 1   │ '7/8 (flow)' │ 108    │
│ 2       │ 3 │ 'fwgt11-n3' │ '6/7'    │ 'partial'   │ 0     │ 8    │ 0         │ 1   │ '7/8 (flow)' │ 108    │
└─────────┴───┴─────────────┴──────────┴─────────────┴───────┴──────┴───────────┴─────┴──────────────┴────────┘
http://127.0.0.1:8095
  s_06acd1  validated   24 steps  3/3 (100%)
           Final verification, read-only, do not modify anything. Open {{v1}} and report: (a) the issue's number exactly …
  s_0b45fe  validated   17 steps  3/3 (100%)
           On the issue page {{v1}} (titled '{{v5}}'), use the sidebar Milestone picker to set the issue's milestone to '…
  s_1b4c52  provisional 33 steps  1/3 (33%)
           On the issue page {{v1}} (titled '{{v5}}'), use the sidebar Labels picker to set exactly two labels: 'bug' and…
  s_2fd35d  validated    1 steps  3/3 (100%)
           Final verification, read-only, do not modify anything. Open {{v1}} and report: (a) the issue's number exactly …
  s_3db36f  validated    2 steps  3/3 (100%)
           On the issue page {{v1}} (titled '{{v5}}'), add a comment using the markdown comment text area at the bottom, …
  s_534950  validated   11 steps  3/3 (100%)
           Sign in to this Gitea instance: click the Sign In link/button, enter username admin and password {{v1}} exactl…
  s_57c154  validated   14 steps  3/3 (100%)
           On the issue page {{v1}} (titled '{{v5}}'), use the sidebar Assignees picker to assign the issue to the user '…
  s_61f363  validated    1 steps  3/3 (100%)
           Go to the repository {{v1}}, then open its Issues list (only OPEN issues, not closed). Report the exact titles…
  s_816276  validated    1 steps  3/3 (100%)
           In the repository {{v1}}, create a new issue with the exact title '{{v3}}' and a description (markdown text ar…
  s_9b4e62  validated    3 steps  3/3 (100%)
           In the repository {{v1}}, create a new issue with the exact title '{{v3}}' and a description (markdown text ar…
  s_bff340  validated   12 steps  3/3 (100%)
           Go to the repository {{v1}}, then open its Issues list (only OPEN issues, not closed). Report the exact titles…
  s_c8e15e  validated    9 steps  3/3 (100%)
           On the issue page {{v1}} (titled '{{v5}}'), add a comment using the markdown comment text area at the bottom, …
  s_d5d07a  validated   10 steps  3/3 (100%)
           In the repository {{v1}}, create a new issue with the exact title '{{v3}}' and a description (markdown text ar…
  s_dedff9  validated    3 steps  3/3 (100%)
           Sign in to this Gitea instance: click the Sign In link/button, enter username admin and password {{v1}} exactl…
  s_e5a083  validated    1 steps  3/3 (100%)
           Sign in to this Gitea instance: click the Sign In link/button, enter username admin and password {{v1}} exactl…
store: /home/user/sitelooper/bench/results/fwgt11-skills

summary: /home/user/sitelooper/bench/results/fwgt11-sweep.json
