
[sweep] run 1/3: fwgt14-n1 (store: /home/user/sitelooper/bench/results/fwgt14-skills)
[harness] gitea: defaulting APP_URL
[harness] gitea: defaulting APP_EMAIL
[harness] gitea: defaulting APP_PASSWORD
[reset] gitea: no leftover bench issues
[harness] gitea responded 200 at http://127.0.0.1:8095/
stopped: fwgt14-n1
  flow "fwgt14" saved: 8 step(s), vars runid → /home/user/sitelooper/bench/results/flows/fwgt14.json
  warning: note: 01-signin no longer publishes dashboard_excerpt — no replay reads it from the page and the recording showed no line to read
  warning: note: 02-open no longer publishes signin_as — no replay reads it from the page and the recording showed no line to read
  warning: note: 03-create no longer publishes author — no replay reads it from the page and the recording showed no line to read
  warning: warning: 04-set's instruction asks to report labels_displayed, and no replay can publish it: nothing in its procedure reads it from the page, so export dropped it — re-record the step so the value is read, not only reported
  warning: note: 04-set no longer publishes sidebar_labels_after_reload — no replay reads it from the page and the recording showed no line to read
  warning: note: 05-open no longer publishes sidebar_after_reload — no replay reads it from the page and the recording showed no line to read
  warning: note: 06-set no longer publishes milestone_url, sidebar_after_reload — no replay reads them from the page and the recording showed no line to read
  warning: note: 07-add no longer publishes comment_author, comment_timestamp, verification — no replay reads them from the page and the recording showed no line to read
  warning: note: 08-open no longer publishes c_sidebar_labels, f_comment_timestamp, issue_author — no replay reads them from the page and the recording showed no line to read
  warning: note: 01-signin: added a read for confirmed_user to s_32c9f6 (page.getByRole('menu', { name: 'admin', exact: true }); seen on the next instruction's start page)
  warning: note: 06-set: added a read for milestone_displayed to s_cb0619 (page.getByRole('link', { name: 'Bench Milestone', exact: true }); seen on the next instruction's start page)
  warning: warning: 252 other value(s) the run saw survived unslotted, judged by shape only (usually page copy; non-fatal):
  flow.startUrl: "http://127.0.0.1:8095/" (output) in "http://127.0.0.1:8095/"
  flow.steps[0].instruction: "http://127.0.0.1:8095/" (output) in "Sign in to Gitea at http://127.0.0.1:8095/ with username admin and password {{env:APP_PASSWORD}} (type the password text exactly as {{env:APP_PASSWORD}}). Use t"
  flow.steps[0].instruction: "admin" (output) in "Sign in to Gitea at http://127.0.0.1:8095/ with username admin and password {{env:APP_PASSWORD}} (type the password text exactly as {{env:APP_PASSWORD}}). Use t"
  flow.steps[0].route: "http://127.0.0.1:8095/" (output) in "http://127.0.0.1:8095/"
  flow.steps[1].instruction: "bench-repo" (output) in "Go to the repository bench/bench-repo at {{01-signin.url}} and open its Issues list (open issues tab). Report the exact titles of all OPEN issues whose title st"
  warning: 02-open reports issue_#3, issue_#2, issue_#1, but no segment of the procedure it pins (s_1aa331, through its last segment s_8c793a) re-reads them from the page — a replay without the model will succeed without those values; re-record so a read for them lands in s_8c793a.
arm=sitelooper model=z-ai/glm-5.3 runid=fwgt14-n1 stop=completed
turns=10 wall=472.8s
commands=9 cmdTime=423.5s cmdBytes=13913 timeouts=0
orchestrator in=9180 cw=0 cr=36672 out=2474
inner prompt=2286766 cached=2098816 completion=59620
spend=$0.3309 maxUsd=3
learn: A_n=0 replayed=0/8 full=0 repaired=0 compiled=8 variants=0
-> /home/user/sitelooper/bench/results/fwgt14-n1-sitelooper-result.json

fwgt14-n1: objectives passed 7/7
  obj 1: PASS — all 3 seed titles reported
  obj 2: PASS — #4, state=open, description includes runid=true
  obj 3: PASS — labels=[bug, priority-high], want [bug, priority-high]
  obj 4: PASS — assignees=[bench-assignee]
  obj 5: PASS — milestone=Bench Milestone
  obj 6: PASS — 1 comment(s), 1 carrying the runid
  obj 7: PASS — issue #4 reported

[sweep] run 2/3: fwgt14-n2 (replay flow fwgt14, no orchestrator)
[reset] gitea: deleted 1 leftover bench issue(s)
[sweep] fwgt14-n2: 8 drift ticket(s) → fwgt14-n2-drift.json

fwgt14-n2: objectives passed 7/7
  obj 1: PASS — all 3 seed titles reported
  obj 2: PASS — #5, state=open, description includes runid=true
  obj 3: PASS — labels=[bug, priority-high], want [bug, priority-high]
  obj 4: PASS — assignees=[bench-assignee]
  obj 5: PASS — milestone=Bench Milestone
  obj 6: PASS — 1 comment(s), 1 carrying the runid
  obj 7: PASS — issue #5 reported

[sweep] run 3/3: fwgt14-n3 (replay flow fwgt14, no orchestrator)
[reset] gitea: deleted 1 leftover bench issue(s)
[sweep] fwgt14-n3: 8 drift ticket(s) → fwgt14-n3-drift.json

fwgt14-n3: objectives passed 7/7
  obj 1: PASS — all 3 seed titles reported
  obj 2: PASS — #6, state=open, description includes runid=true
  obj 3: PASS — labels=[bug, priority-high], want [bug, priority-high]
  obj 4: PASS — assignees=[bench-assignee]
  obj 5: PASS — milestone=Bench Milestone
  obj 6: PASS — 1 comment(s), 1 carrying the runid
  obj 7: PASS — issue #6 reported

Learning sweep fwgt14 (K=3)
┌─────────┬───┬─────────────┬──────────┬─────────────┬───────┬──────┬───────────┬─────┬──────────────┬────────┐
│ (index) │ n │ runid       │ verified │ stop        │ turns │ cmds │ total_usd │ A_n │ replayed     │ wall_s │
├─────────┼───┼─────────────┼──────────┼─────────────┼───────┼──────┼───────────┼─────┼──────────────┼────────┤
│ 0       │ 1 │ 'fwgt14-n1' │ '7/7'    │ 'completed' │ 10    │ 9    │ 0.3309    │ 0   │ '0/8'        │ 473    │
│ 1       │ 2 │ 'fwgt14-n2' │ '7/7'    │ 'success'   │ 0     │ 8    │ 0         │ 1   │ '8/8 (flow)' │ 55     │
│ 2       │ 3 │ 'fwgt14-n3' │ '7/7'    │ 'success'   │ 0     │ 8    │ 0         │ 1   │ '8/8 (flow)' │ 55     │
└─────────┴───┴─────────────┴──────────┴─────────────┴───────┴──────┴───────────┴─────┴──────────────┴────────┘
http://127.0.0.1:8095
  s_17f321  validated    1 steps  3/3 (100%)
           In the repository bench/bench-repo, create a new issue with the exact title '{{v2}}' and a description (markdo…
  s_1aa331  validated    1 steps  3/3 (100%)
           Go to the repository bench/bench-repo at {{v1}} and open its Issues list (open issues tab). Report the exact t…
  s_275bda  validated   19 steps  3/3 (100%)
           Open the issue page {{v1}} and verify, reading only (no modifications): (a) the exact issue title and number a…
  s_32c9f6  validated    4 steps  3/3 (100%)
           Sign in to Gitea at http://127.0.0.1:8095/ with username admin and password {{env:APP_PASSWORD}} (type the pas…
  s_3b1a4e  validated   14 steps  3/3 (100%)
           On the issue page {{v1}} (titled '{{v2}}'), use the Labels picker in the issue's right sidebar to set exactly …
  s_3bb4cb  validated    3 steps  3/3 (100%)
           In the repository bench/bench-repo, create a new issue with the exact title '{{v2}}' and a description (markdo…
  s_3fe4a9  validated   11 steps  3/3 (100%)
           On the issue page {{v1}} (titled '{{v2}}'), use the Assignees picker in the issue's right sidebar to assign th…
  s_5d5857  validated    1 steps  3/3 (100%)
           Sign in to Gitea at http://127.0.0.1:8095/ with username admin and password {{env:APP_PASSWORD}} (type the pas…
  s_824458  validated    3 steps  3/3 (100%)
           On the issue page {{v1}} (titled '{{v2}}'), add a comment using the markdown comment text area at the bottom o…
  s_8c793a  validated    5 steps  3/3 (100%)
           Go to the repository bench/bench-repo at {{v1}} and open its Issues list (open issues tab). Report the exact t…
  s_8cc3c8  validated    2 steps  3/3 (100%)
           On the issue page {{v1}} (titled '{{v2}}'), add a comment using the markdown comment text area at the bottom o…
  s_9678cf  validated    3 steps  3/3 (100%)
           Sign in to Gitea at http://127.0.0.1:8095/ with username admin and password {{env:APP_PASSWORD}} (type the pas…
  s_c87f57  validated    6 steps  3/3 (100%)
           In the repository bench/bench-repo, create a new issue with the exact title '{{v2}}' and a description (markdo…
  s_cb0619  validated    6 steps  3/3 (100%)
           On the issue page {{v1}} (titled '{{v2}}'), use the Milestone picker in the issue's right sidebar to set the i…
  s_d2f47e  validated    8 steps  3/3 (100%)
           On the issue page {{v1}} (titled '{{v2}}'), add a comment using the markdown comment text area at the bottom o…
store: /home/user/sitelooper/bench/results/fwgt14-skills

summary: /home/user/sitelooper/bench/results/fwgt14-sweep.json
