
Running 1 test using 1 worker

[sitelooper skip] 01-signin s_1c8204/3 target: no locator recorded — value left empty
[sitelooper step] 01-signin
[sitelooper step] 02-open
[sitelooper step] 03-create
[sitelooper step] 04-set
[sitelooper drift] 05-open s_183374/3 target: primary getByRole('heading', { name: /^[\s\p{Co}\p{So}\p{Cf}]*fwgt22-spec\s+Bench\s+Issue\s+#4[\s\p{Co}\p{So}\p{Cf}]*$/u }) missed; used #2 locator('h1') (#1 absent)
[sitelooper drift] 05-open s_183374/6 target: primary locator('#issuecomment-3 > span:nth-of-type(2) > a') missed; used #2 locator('[data-sitelooper-point="214,424"]') (#1 absent)
[sitelooper drift] 05-open s_183374/9 target: primary locator('#issuecomment-3 > span:nth-of-type(2) > a') missed; used #2 locator('[data-sitelooper-point="214,424"]') (#1 absent)
[sitelooper drift] 05-open s_183374/10 target: primary locator('#issuecomment-3 > span:nth-of-type(2) > a') missed; used #2 locator('[data-sitelooper-point="214,424"]') (#1 absent)
[sitelooper step] 05-open
[sitelooper drift] 06-set s_92682c/12 target: primary locator('#issuecomment-3 > span:nth-of-type(2) > a') missed; used #2 locator('[data-sitelooper-point="214,424"]') (#1 absent)
[sitelooper drift] 06-set s_92682c/13 target: primary locator('#issuecomment-3 > span:nth-of-type(2) > a') missed; used #2 locator('[data-sitelooper-point="214,424"]') (#1 absent)
[sitelooper step] 06-set
[sitelooper drift] 07-add s_fb7662/4 target: primary locator('#issuecomment-3 > span:nth-of-type(2) > a') missed; used #2 locator('[data-sitelooper-point="214,424"]') (#1 absent)
[sitelooper drift] 07-add s_fb7662/6 target: primary locator('#issue-4 > div > div:nth-of-type(2) > div:nth-of-type(1) > p') missed; used #2 locator('[data-sitelooper-point="510,316"]') (#1 absent)
[sitelooper drift] 07-add s_fb7662/7 target: primary getByRole('heading', { name: /^[\s\p{Co}\p{So}\p{Cf}]*fwgt22-spec\s+Bench\s+Issue\s+#4[\s\p{Co}\p{So}\p{Cf}]*$/u }) missed; used #2 locator('#issue-title-display > h1') (#1 absent)
[sitelooper step] 07-add
[sitelooper drift] 08-open s_160f6b/1 target: primary getByRole('heading', { name: /^[\s\p{Co}\p{So}\p{Cf}]*fwgt22-spec\s+Bench\s+Issue\s+#4[\s\p{Co}\p{So}\p{Cf}]*$/u }) missed; used #2 locator('#issue-title-display > h1') (#1 absent)
[sitelooper drift] 08-open s_160f6b/19 target: primary locator('#issue-4 > div > div:nth-of-type(2) > div:nth-of-type(1) > p') missed; used #2 locator('[data-sitelooper-point="510,316"]') (#1 absent)
[sitelooper step] 08-open
  ✓  1 fwgt22.spec.ts:9:1 › fwgt22 (52.3s)

  1 passed (54.9s)
