
Running 1 test using 1 worker

[sitelooper warn] 01-open s_76bdbb/5: read 'role_menuitem' returned 'Profile' from a control this step set, and nothing committed it since — it shows the control, however the app formats it, not what the app stored; dropped from the report's confident values
[sitelooper warn] 01-open s_76bdbb/6: read 'account_menu_items_2' returned 'Starred' from a control this step set, and nothing committed it since — it shows the control, however the app formats it, not what the app stored; dropped from the report's confident values
[sitelooper warn] 01-open s_76bdbb/7: read 'account_menu_items_3' returned 'Subscriptions' from a control this step set, and nothing committed it since — it shows the control, however the app formats it, not what the app stored; dropped from the report's confident values
[sitelooper warn] 01-open s_76bdbb/8: read 'role_menuitem_2' returned 'Settings' from a control this step set, and nothing committed it since — it shows the control, however the app formats it, not what the app stored; dropped from the report's confident values
[sitelooper skip] 01-open s_76bdbb/9 target: read target not found — value left empty
[sitelooper warn] 01-open s_76bdbb/10: read 'role_menuitem_3' returned 'Site Administration' from a control this step set, and nothing committed it since — it shows the control, however the app formats it, not what the app stored; dropped from the report's confident values
[sitelooper warn] 01-open s_76bdbb/11: read 'account_menu_items_7' returned 'Sign Out' from a control this step set, and nothing committed it since — it shows the control, however the app formats it, not what the app stored; dropped from the report's confident values
[sitelooper step] 01-open
[sitelooper step] 02-open
[sitelooper step] 03-create
[sitelooper skip] 04-set s_756a5f/22: recorded popup already showing — click skipped
[sitelooper drift] 04-set s_756a5f/25 target: primary getByRole('heading', { name: /^[\s\p{Co}\p{So}\p{Cf}]*fwgt26-spec\s+Bench\s+Issue\s+#4[\s\p{Co}\p{So}\p{Cf}]*$/u }) missed; used #2 locator('h1') (#1 absent)
[sitelooper drift] 04-set s_756a5f/41 target: primary locator('#issuecomment-1 > span:nth-of-type(2)') missed; used #2 locator('[data-sitelooper-point="542,374"]') (#1 absent)
[sitelooper skip] 04-set s_756a5f/42 target: read target not found — value left empty
[sitelooper drift] 04-set s_756a5f/43 target: primary getByRole('heading', { name: /^[\s\p{Co}\p{So}\p{Cf}]*fwgt26-spec\s+Bench\s+Issue\s+#4[\s\p{Co}\p{So}\p{Cf}]*$/u }) missed; used #2 locator('#issue-title-display > h1') (#1 absent)
[sitelooper step] 04-set
[sitelooper drift] 05-open s_b508f0/3 target: primary getByRole('heading', { name: /^[\s\p{Co}\p{So}\p{Cf}]*fwgt26-spec\s+Bench\s+Issue\s+#4[\s\p{Co}\p{So}\p{Cf}]*$/u }) missed; used #2 locator('h1') (#1 absent)
[sitelooper skip] 05-open s_b508f0/9 target: read target not found — value left empty
[sitelooper skip] 05-open s_b508f0/10 target: read target not found — value left empty
[sitelooper step] 05-open
[sitelooper skip] 06-set s_5a0cf4/13 target: read target not found — value left empty
[sitelooper step] 06-set
[sitelooper skip] 07-add s_c671a6/5 target: read target not found — value left empty
[sitelooper skip] 07-add s_c671a6/6 target: read target not found — value left empty
[sitelooper drift] 07-add s_c671a6/8 target: primary getByText('Comment for run fwgt26-spec', { exact: true }) missed; used #2 locator('#issuecomment-20 > div > div:nth-of-type(2) > div:nth-of-type(1) > p') (#1 ambiguous)
[sitelooper step] 07-add
[sitelooper drift] 08-open s_47f172/1 target: primary getByRole('heading', { name: /^[\s\p{Co}\p{So}\p{Cf}]*fwgt26-spec\s+Bench\s+Issue\s+#4[\s\p{Co}\p{So}\p{Cf}]*$/u }) missed; used #2 locator('#issue-title-display > h1') (#1 absent)
[sitelooper step] 08-open
  ✓  1 fwgt26.spec.ts:9:1 › fwgt26 (1.8m)

  1 passed (1.8m)
