
[sweep] run 1/3: fwgt23-n1 (store: /home/user/sitelooper/bench/results/fwgt23-skills)
[harness] gitea: defaulting APP_URL
[harness] gitea: defaulting APP_EMAIL
[harness] gitea: defaulting APP_PASSWORD
[reset] gitea: no leftover bench issues
[harness] gitea responded 200 at http://127.0.0.1:8095/
stopped: fwgt23-n1
  flow "fwgt23" saved: 5 step(s), vars runid → /home/user/sitelooper/bench/results/flows/fwgt23.json
  warning: note: 03-report no longer publishes commit_mechanism — no replay reads it from the page and the recording showed no line to read
  warning: note: 04-set no longer publishes labels_shown_after_reload, milestone_id — no replay reads them from the page and the recording showed no line to read
  warning: note: 03-report: added a read for priority_high_label to s_89dbb6 (page.getByRole('link', { name: 'priority-high', exact: true }); seen on the instruction's own page)
  warning: note: 04-set: added a read for milestone_shown_after_reload to s_bfcaf7 (page.getByRole('link', { name: 'Bench Milestone', exact: true }); seen on the next instruction's start page)
  warning: note: 1 step(s) adopted from non-success instruction(s) whose work the session continued from (02-create) — they replay model-first with doubled budget, and a non-success there does not halt the flow
  warning: warning: 136 other value(s) the run saw survived unslotted, judged by shape only (usually page copy; non-fatal):
  flow.steps[0].instruction: "bench-repo" (output) in "Open http://127.0.0.1:8095/ and sign in with username admin and password exactly the literal text {{env:APP_PASSWORD}} (type it as-is; it gets filled in when ty"
  flow.steps[0].instruction: "bench" (output) in "Open http://127.0.0.1:8095/ and sign in with username admin and password exactly the literal text {{env:APP_PASSWORD}} (type it as-is; it gets filled in when ty"
  flow.steps[0].instruction: "Open" (output) in "Open http://127.0.0.1:8095/ and sign in with username admin and password exactly the literal text {{env:APP_PASSWORD}} (type it as-is; it gets filled in when ty"
  flow.steps[0].route: "bench-repo" (output) in "http://127.0.0.1:8095/bench/bench-repo/issues"
  flow.steps[0].route: "bench" (output) in "http://127.0.0.1:8095/bench/bench-repo/issues"
arm=sitelooper model=z-ai/glm-5.3 runid=fwgt23-n1 stop=completed
turns=6 wall=1163.6s
commands=5 cmdTime=1124.7s cmdBytes=8595 timeouts=0
orchestrator in=12247 cw=0 cr=13056 out=2339
inner prompt=3843402 cached=3604544 completion=154336
spend=$0.7644 maxUsd=3
learn: A_n=0 replayed=0/5 full=0 repaired=0 compiled=4 variants=0
-> /home/user/sitelooper/bench/results/fwgt23-n1-sitelooper-result.json

fwgt23-n1: objectives passed 7/7
  obj 1: PASS — all 3 seed titles reported
  obj 2: PASS — #4, state=open, description includes runid=true
  obj 3: PASS — labels=[bug, priority-high], want [bug, priority-high]
  obj 4: PASS — assignees=[bench-assignee]
  obj 5: PASS — milestone=Bench Milestone
  obj 6: PASS — 1 comment(s), 1 carrying the runid
  obj 7: PASS — issue #4 reported

[sweep] run 2/3: fwgt23-n2 (replay flow fwgt23, no orchestrator)
[reset] gitea: deleted 1 leftover bench issue(s)
[sweep] fwgt23-n2: 6 drift ticket(s) → fwgt23-n2-drift.json

fwgt23-n2: objectives passed 7/7
  obj 1: PASS — all 3 seed titles reported
  obj 2: PASS — #5, state=open, description includes runid=true
  obj 3: PASS — labels=[bug, priority-high], want [bug, priority-high]
  obj 4: PASS — assignees=[bench-assignee]
  obj 5: PASS — milestone=Bench Milestone
  obj 6: PASS — 1 comment(s), 1 carrying the runid
  obj 7: PASS — issue #5 reported
[sweep] fwgt23-n2: 02-create has no pinned skill — 148 model turn(s), on every replay

[sweep] run 3/3: fwgt23-n3 (replay flow fwgt23, no orchestrator)
[reset] gitea: deleted 1 leftover bench issue(s)
[sweep] fwgt23-n3: 6 drift ticket(s) → fwgt23-n3-drift.json
  *** EXTRA MUTATION *** 2 comments carry the runid — the run commented more than once, so a step ran twice with the first attempt landing.

fwgt23-n3: objectives passed 7/7
  obj 1: PASS — all 3 seed titles reported
  obj 2: PASS — #6, state=open, description includes runid=true
  obj 3: PASS — labels=[bug, priority-high], want [bug, priority-high]
  obj 4: PASS — assignees=[bench-assignee]
  obj 5: PASS — milestone=Bench Milestone
  obj 6: PASS — 2 comment(s), 2 carrying the runid
  obj 7: PASS — issue #6 reported
[sweep] fwgt23-n3: 02-create has no pinned skill — 56 model turn(s), on every replay

Learning sweep fwgt23 (K=3)
┌─────────┬───┬─────────────┬──────────┬─────────────┬───────┬──────┬───────────┬─────┬──────────────┬────────┐
│ (index) │ n │ runid       │ verified │ stop        │ turns │ cmds │ total_usd │ A_n │ replayed     │ wall_s │
├─────────┼───┼─────────────┼──────────┼─────────────┼───────┼──────┼───────────┼─────┼──────────────┼────────┤
│ 0       │ 1 │ 'fwgt23-n1' │ '7/7'    │ 'completed' │ 6     │ 5    │ 0.7644    │ 0   │ '0/5'        │ 1164   │
│ 1       │ 2 │ 'fwgt23-n2' │ '7/7'    │ 'success'   │ 195   │ 5    │ 0.662     │ 0.4 │ '4/5 (flow)' │ 777    │
│ 2       │ 3 │ 'fwgt23-n3' │ '7/7'    │ 'success'   │ 96    │ 5    │ 0.055     │ 0.4 │ '5/5 (flow)' │ 465    │
└─────────┴───┴─────────────┴──────────┴─────────────┴───────┴──────┴───────────┴─────┴──────────────┴────────┘
http://127.0.0.1:8095
  s_005378  validated   13 steps  3/3 (100%)
           On issue #4 '{{v1}}' at {{v3}}: add a comment in the markdown comment text area whose text includes {{v2}}, an…
  s_062294  validated   14 steps  3/3 (100%)
           Open {{v1}} and sign in with username {{v2}} and password exactly the literal text {{v3}} (type it as-is; it g…
  s_89dbb6  provisional 10 steps  1/3 (33%)
           Go to {{v6}} (issue titled '{{v3}}'). First report the labels currently shown in the issue sidebar. Then ensur…
  s_99b367  validated    1 steps  3/3 (100%)
           On issue #4 '{{v1}}' at {{v3}}: add a comment in the markdown comment text area whose text includes {{v2}}, an…
  s_9a900a  validated    2 steps  3/3 (100%)
           Open {{v1}} and sign in with username {{v2}} and password exactly the literal text {{v3}} (type it as-is; it g…
  s_a4eb0c  validated    1 steps  3/3 (100%)
           Open {{v1}} and sign in with username {{v2}} and password exactly the literal text {{v3}} (type it as-is; it g…
  s_ebfd80  validated    3 steps  3/3 (100%)
           Open {{v1}} and sign in with username {{v2}} and password exactly the literal text {{v3}} (type it as-is; it g…
  s_f383cc  validated    2 steps  3/3 (100%)
           On issue #4 '{{v1}}' at {{v3}}: add a comment in the markdown comment text area whose text includes {{v2}}, an…
  s_fcb77d  validated    1 steps  3/3 (100%)
           Open {{v1}} and sign in with username {{v2}} and password exactly the literal text {{v3}} (type it as-is; it g…
  s_27fd6c  provisional 34 steps  1/2 (50%)  variant of s_bfcaf7
           On issue {{v1}} '{{v2}}' at {{v4}}, set the assignee to the user 'bench-assignee' and the milestone to 'Bench …
  s_bfcaf7  provisional 22 steps  1/2 (50%)
           On issue #4 '{{v1}}' at {{v3}}, set the assignee to the user 'bench-assignee' and the milestone to 'Bench Mile…
  s_21687c  provisional  1 steps  1/1 (100%)
           In the repository {{v1}}/{{v2}}, create a new issue with title exactly '{{v4}}'. In the description markdown t…
  s_248438  provisional 16 steps  1/1 (100%)  variant of s_89dbb6
           Go to {{v1}} (issue titled '{{v4}}'). First report the labels currently shown in the issue sidebar. Then ensur…
  s_85382d  provisional 15 steps  1/1 (100%)  variant of s_89dbb6
           Go to {{v1}} (issue titled '{{v6}}'). First report the labels currently shown in the issue sidebar. Then ensur…
  s_8b8a48  provisional  4 steps  1/1 (100%)
           In the repository {{v1}}/{{v2}}, create a new issue with title exactly '{{v4}}'. In the description markdown t…
  s_954bef  provisional 32 steps  1/1 (100%)  variant of s_27fd6c
           On issue {{v1}} '{{v2}}' at {{v4}}, set the assignee to the user '{{v9}}' and the milestone to '{{v10}}', usin…
  s_bdd094  provisional 24 steps  1/1 (100%)
           In the repository {{v1}}/{{v2}}, create a new issue with title exactly '{{v4}}'. In the description markdown t…
  s_ce44e9  provisional  4 steps  1/1 (100%)
           In the repository {{v1}}/{{v2}}, create a new issue with title exactly '{{v4}}'. In the description markdown t…
store: /home/user/sitelooper/bench/results/fwgt23-skills

summary: /home/user/sitelooper/bench/results/fwgt23-sweep.json
