[converge] from fwgt15: 8 step(s), store copied to /home/user/sitelooper/bench/results/fwgt15-cv-skills, flow /home/user/sitelooper/bench/results/flows/fwgt15-cv.json
[converge] round 1 compile: /opt/node22/bin/node /home/user/sitelooper/bin/sitelooper.js compile /home/user/sitelooper/bench/results/flows/fwgt15-cv.json --out /home/user/sitelooper/bench/results/fwgt15-cv-c1-compile --overwrite-spec --json
[converge] round 1 compile: exit 0
[converge] round 1 artifact: /opt/node22/bin/node /home/user/sitelooper/bench/spec-replay.mjs --flow /home/user/sitelooper/bench/results/flows/fwgt15-cv.json --skills /home/user/sitelooper/bench/results/fwgt15-cv-skills --tag fwgt15-cv-c1 --target gitea --reset --out /home/user/sitelooper/bench/results
[converge] round 1 artifact: exit 1
[converge] round 1: artifact failed (exit 1, verified 1/5); anchors 04-add, 03-open
[converge] round 1 repair: /opt/node22/bin/node /home/user/sitelooper/bin/sitelooper.js repair /home/user/sitelooper/bench/results/fwgt15-cv-c1-compile/fwgt15-cv.flow.ts --var runid=fwgt15-cv-p1n{n} --converge 1 --reset-cmd "\"/opt/node22/bin/node\" \"/home/user/sitelooper/bench/reset-app.mjs\" --target gitea" --json
[converge] round 1 repair: exit 3
[converge] round 1 rerecord 03-open (repair: needs-rerecord; also named: 04-add, 08-open): /opt/node22/bin/node /home/user/sitelooper/bin/sitelooper.js rerecord /home/user/sitelooper/bench/results/flows/fwgt15-cv.json 03-open --var runid=fwgt15-cv-r1n{n} --runs 2 --reset-cmd "\"/opt/node22/bin/node\" \"/home/user/sitelooper/bench/reset-app.mjs\" --target gitea" --json
[converge] round 1 rerecord 03-open (repair: needs-rerecord; also named: 04-add, 08-open): exit 0
[converge] round 2 compile: /opt/node22/bin/node /home/user/sitelooper/bin/sitelooper.js compile /home/user/sitelooper/bench/results/flows/fwgt15-cv.json --out /home/user/sitelooper/bench/results/fwgt15-cv-c2-compile --overwrite-spec --json
[converge] round 2 compile: exit 0
[converge] round 2 artifact: /opt/node22/bin/node /home/user/sitelooper/bench/spec-replay.mjs --flow /home/user/sitelooper/bench/results/flows/fwgt15-cv.json --skills /home/user/sitelooper/bench/results/fwgt15-cv-skills --tag fwgt15-cv-c2 --target gitea --reset --out /home/user/sitelooper/bench/results
[converge] round 2 artifact: exit 1
[converge] round 2: artifact failed (exit 1, verified 1/5); anchors 04-add
[converge] round 2 repair: /opt/node22/bin/node /home/user/sitelooper/bin/sitelooper.js repair /home/user/sitelooper/bench/results/fwgt15-cv-c2-compile/fwgt15-cv.flow.ts --var runid=fwgt15-cv-p2n{n} --converge 1 --reset-cmd "\"/opt/node22/bin/node\" \"/home/user/sitelooper/bench/reset-app.mjs\" --target gitea" --json
[converge] round 2 repair: exit 3
[converge] round 2 rerecord 04-add (repair: needs-rerecord; also named: 08-open): /opt/node22/bin/node /home/user/sitelooper/bin/sitelooper.js rerecord /home/user/sitelooper/bench/results/flows/fwgt15-cv.json 04-add --var runid=fwgt15-cv-r2n{n} --runs 2 --reset-cmd "\"/opt/node22/bin/node\" \"/home/user/sitelooper/bench/reset-app.mjs\" --target gitea" --json
[converge] round 2 rerecord 04-add (repair: needs-rerecord; also named: 08-open): exit 1
[converge] round 3 compile: /opt/node22/bin/node /home/user/sitelooper/bin/sitelooper.js compile /home/user/sitelooper/bench/results/flows/fwgt15-cv.json --out /home/user/sitelooper/bench/results/fwgt15-cv-c3-compile --overwrite-spec --json
[converge] round 3 compile: exit 2
[converge] round 3: compile refused (blocked); rerecord steps: 04-add
[converge] round 3 rerecord 04-add (compile refusal): /opt/node22/bin/node /home/user/sitelooper/bin/sitelooper.js rerecord /home/user/sitelooper/bench/results/flows/fwgt15-cv.json 04-add --var runid=fwgt15-cv-r3n{n} --runs 2 --reset-cmd "\"/opt/node22/bin/node\" \"/home/user/sitelooper/bench/reset-app.mjs\" --target gitea" --json
[converge] round 3 rerecord 04-add (compile refusal): exit 1
[converge] round 4 compile: /opt/node22/bin/node /home/user/sitelooper/bin/sitelooper.js compile /home/user/sitelooper/bench/results/flows/fwgt15-cv.json --out /home/user/sitelooper/bench/results/fwgt15-cv-c4-compile --overwrite-spec --json
[converge] round 4 compile: exit 2
[converge] round 4: compile refused (blocked); rerecord steps: 04-add
[converge] round 4 rerecord 04-add (compile refusal): /opt/node22/bin/node /home/user/sitelooper/bin/sitelooper.js rerecord /home/user/sitelooper/bench/results/flows/fwgt15-cv.json 04-add --var runid=fwgt15-cv-r4n{n} --runs 2 --reset-cmd "\"/opt/node22/bin/node\" \"/home/user/sitelooper/bench/reset-app.mjs\" --target gitea" --json
[converge] round 4 rerecord 04-add (compile refusal): exit 1
[converge] fwgt15-cv: exhausted — 4 round(s) without a passing artifact; rounds 4, flow runs 12, model turns 4
fwgt15-cv: exhausted — 4 round(s) without a passing artifact; rounds 4, flow runs 12, model turns 4
