
[sweep] run 1/3: fwgt24-n1 (store: /home/user/sitelooper/bench/results/fwgt24-skills)
[harness] gitea: defaulting APP_URL
[harness] gitea: defaulting APP_EMAIL
[harness] gitea: defaulting APP_PASSWORD
[reset] gitea: no leftover bench issues
[harness] gitea responded 200 at http://127.0.0.1:8095/
stopped: fwgt24-n1
  flow "fwgt24" saved: 2 step(s), vars runid → /home/user/sitelooper/bench/results/flows/fwgt24.json
  warning: warning: 02-create's instruction asks to report milestone_shown, description_contains_runid, comment_contains_runid, and no replay can publish them: nothing in its procedure reads them from the page, so export dropped them — re-record the step so the value is read, not only reported
  warning: warning: 20 other value(s) the run saw survived unslotted, judged by shape only (usually page copy; non-fatal):
  flow.steps[1].instruction: "Bench Milestone" (output) in "In bench/bench-repo, create a new issue titled '{{runid}} Bench Issue' with a description that includes the text '{{runid}}'. Submit it, then from the issue's s"
  flow.steps[1].instruction: "bench-assignee" (output) in "In bench/bench-repo, create a new issue titled '{{runid}} Bench Issue' with a description that includes the text '{{runid}}'. Submit it, then from the issue's s"
  s_024a70.template: "Bench Milestone" (output) in "In bench/bench-repo, create a new issue titled '{{v2}}' with a description that includes the text '{{v1}}'. Submit it, then from the issue's sidebar pickers set"
  s_024a70.template: "bench-assignee" (output) in "In bench/bench-repo, create a new issue titled '{{v2}}' with a description that includes the text '{{v1}}'. Submit it, then from the issue's sidebar pickers set"
  s_41a269.template: "Bench Milestone" (output) in "In bench/bench-repo, create a new issue titled '{{v2}}' with a description that includes the text '{{v1}}'. Submit it, then from the issue's sidebar pickers set"
arm=sitelooper model=z-ai/glm-5.3 runid=fwgt24-n1 stop=completed
turns=3 wall=384.5s
commands=2 cmdTime=365.9s cmdBytes=3541 timeouts=0
orchestrator in=3545 cw=0 cr=5632 out=496
inner prompt=2394645 cached=2208320 completion=24214
spend=$0.508 maxUsd=3
learn: A_n=0 replayed=0/2 full=0 repaired=0 compiled=2 variants=0
-> /home/user/sitelooper/bench/results/fwgt24-n1-sitelooper-result.json

fwgt24-n1: objectives passed 7/7
  obj 1: PASS — all 3 seed titles reported
  obj 2: PASS — #4, state=open, description includes runid=true
  obj 3: PASS — labels=[bug, priority-high], want [bug, priority-high]
  obj 4: PASS — assignees=[bench-assignee]
  obj 5: PASS — milestone=Bench Milestone
  obj 6: PASS — 1 comment(s), 1 carrying the runid
  obj 7: PASS — issue #4 reported

[sweep] run 2/3: fwgt24-n2 (replay flow fwgt24, no orchestrator)
[reset] gitea: deleted 1 leftover bench issue(s)
[sweep] fwgt24-n2: 1 drift ticket(s) → fwgt24-n2-drift.json

fwgt24-n2: objectives passed 4/7
  obj 1: PASS — all 3 seed titles reported
  obj 2: PASS — #5, state=open, description includes runid=true
  obj 3: FAIL — labels=[bug], want [bug, priority-high]
  obj 4: FAIL — assignees=[]
  obj 5: FAIL — milestone=(none)
  obj 6: PASS — 1 comment(s), 1 carrying the runid
  obj 7: PASS — issue #5 reported

[sweep] run 3/3: fwgt24-n3 (replay flow fwgt24, no orchestrator)
[reset] gitea: deleted 1 leftover bench issue(s)
[sweep] fwgt24-n3: 1 drift ticket(s) → fwgt24-n3-drift.json

fwgt24-n3: objectives passed 4/7
  obj 1: PASS — all 3 seed titles reported
  obj 2: PASS — #6, state=open, description includes runid=true
  obj 3: FAIL — labels=[bug], want [bug, priority-high]
  obj 4: FAIL — assignees=[]
  obj 5: FAIL — milestone=(none)
  obj 6: PASS — 1 comment(s), 1 carrying the runid
  obj 7: PASS — issue #6 reported

Learning sweep fwgt24 (K=3)
┌─────────┬───┬─────────────┬──────────┬─────────────┬───────┬──────┬───────────┬─────┬──────────────┬────────┐
│ (index) │ n │ runid       │ verified │ stop        │ turns │ cmds │ total_usd │ A_n │ replayed     │ wall_s │
├─────────┼───┼─────────────┼──────────┼─────────────┼───────┼──────┼───────────┼─────┼──────────────┼────────┤
│ 0       │ 1 │ 'fwgt24-n1' │ '7/7'    │ 'completed' │ 3     │ 2    │ 0.508     │ 0   │ '0/2'        │ 384    │
│ 1       │ 2 │ 'fwgt24-n2' │ '4/7'    │ 'partial'   │ 0     │ 2    │ 0         │ 1   │ '1/2 (flow)' │ 96     │
│ 2       │ 3 │ 'fwgt24-n3' │ '4/7'    │ 'partial'   │ 0     │ 2    │ 0         │ 1   │ '1/2 (flow)' │ 95     │
└─────────┴───┴─────────────┴──────────┴─────────────┴───────┴──────┴───────────┴─────┴──────────────┴────────┘
http://127.0.0.1:8095
  s_024a70  provisional  1 steps  1/3 (33%)
           In bench/bench-repo, create a new issue titled '{{v2}}' with a description that includes the text '{{v1}}'. Su…
  s_2565bb  validated    1 steps  3/3 (100%)
           Sign in to Gitea at {{v1}} with username {{v2}} and password {{v3}} (type that text literally). Then open repo…
  s_41a269  validated   29 steps  3/3 (100%)
           In bench/bench-repo, create a new issue titled '{{v2}}' with a description that includes the text '{{v1}}'. Su…
  s_88b6aa  validated    4 steps  3/3 (100%)
           In bench/bench-repo, create a new issue titled '{{v2}}' with a description that includes the text '{{v1}}'. Su…
  s_a0c6d4  validated   11 steps  3/3 (100%)
           Sign in to Gitea at {{v1}} with username {{v2}} and password {{v3}} (type that text literally). Then open repo…
  s_c2e2df  validated    3 steps  3/3 (100%)
           In bench/bench-repo, create a new issue titled '{{v2}}' with a description that includes the text '{{v1}}'. Su…
  s_d864d0  validated    2 steps  3/3 (100%)
           Sign in to Gitea at {{v1}} with username {{v2}} and password {{v3}} (type that text literally). Then open repo…
  s_f4ce4e  validated    3 steps  3/3 (100%)
           Sign in to Gitea at {{v1}} with username {{v2}} and password {{v3}} (type that text literally). Then open repo…
store: /home/user/sitelooper/bench/results/fwgt24-skills

summary: /home/user/sitelooper/bench/results/fwgt24-sweep.json
