
[sweep] run 1/3: fwgt26-n1 (store: /home/user/sitelooper/bench/results/fwgt26-skills)
[harness] gitea: defaulting APP_URL
[harness] gitea: defaulting APP_EMAIL
[harness] gitea: defaulting APP_PASSWORD
[reset] gitea: no leftover bench issues
[harness] gitea responded 200 at http://127.0.0.1:8095/
stopped: fwgt26-n1
  flow "fwgt26" saved: 8 step(s), vars runid → /home/user/sitelooper/bench/results/flows/fwgt26.json
  warning: warning: 02-open's instruction asks to report open_issues, and only a recorded literal backs it: no read in its procedure publishes it, so a replay reports it only if the page it ends on shows that exact text — re-record the step so the value is read where it is shown
  warning: warning: 08-open's instruction asks to report seed_issues_unchanged, and only a recorded literal backs it: no read in its procedure publishes it, so a replay reports it only if the page it ends on shows that exact text — re-record the step so the value is read where it is shown
  warning: note: 01-open no longer publishes profile_avatar_name, main_region_label — no replay reads them from the page and the recording showed no line to read
  warning: warning: 04-set's instruction asks to report sidebar_label_2, sidebar_labels_displayed, sidebar_labels_displayed_2, and no replay can publish them: nothing in its procedure reads them from the page, so export dropped them — re-record the step so the value is read, not only reported
  warning: note: 04-set no longer publishes labels_list_text, label_ids_applied, sidebar_labels_partial_read, sidebar_labels_after_rel — no replay reads them from the page and the recording showed no line to read
  warning: note: 05-open no longer publishes assignees_sidebar_link_text, labels_still_shown, sidebar_assignee_after_r — no replay reads them from the page and the recording showed no line to read
  warning: note: 06-set no longer publishes milestone_link_url — no replay reads it from the page and the recording showed no line to read
  warning: note: 07-add no longer publishes comment_author — no replay reads it from the page and the recording showed no line to read
  warning: warning: 08-open's instruction asks to report comment_contains, sidebar_labels_list, open_issue_title_2, open_issue_title_3, open_issue_title_4, and no replay can publish them: nothing in its procedure reads them from the page, so export dropped them — re-record the step so the value is read, not only reported
  warning: note: 08-open no longer publishes comment_anchor, sidebar_label_item_1, sidebar_label_item_2 — no replay reads them from the page and the recording showed no line to read
  warning: note: 06-set: added a read for sidebar_milestone_after_ to s_5a0cf4 (page.getByRole('link', { name: 'Bench Milestone', exact: true }); seen on the next instruction's start page)
  warning: warning: 476 other value(s) the run saw survived unslotted, judged by shape only (usually page copy; non-fatal):
  flow.startUrl: "http://127.0.0.1:8095/" (output) in "http://127.0.0.1:8095/"
  flow.steps[0].instruction: "http://127.0.0.1:8095/" (output) in "Open http://127.0.0.1:8095/ and sign in with username admin and password {{env:APP_PASSWORD}} — type the password text exactly as given, do not modify or spell "
  flow.steps[0].instruction: "admin" (output) in "Open http://127.0.0.1:8095/ and sign in with username admin and password {{env:APP_PASSWORD}} — type the password text exactly as given, do not modify or spell "
  flow.steps[0].params.v1: "http://127.0.0.1:8095/" (output) in "http://127.0.0.1:8095/"
  flow.steps[0].route: "http://127.0.0.1:8095/admin" (output) in "http://127.0.0.1:8095/admin"
arm=sitelooper model=z-ai/glm-5.3 runid=fwgt26-n1 stop=completed
turns=9 wall=779.3s
commands=8 cmdTime=740.3s cmdBytes=12893 timeouts=0
orchestrator in=17095 cw=0 cr=25536 out=3813
inner prompt=4400751 cached=4116544 completion=54565
spend=$0.4264 maxUsd=3
learn: A_n=0 replayed=0/8 full=0 repaired=0 compiled=8 variants=0
-> /home/user/sitelooper/bench/results/fwgt26-n1-sitelooper-result.json

fwgt26-n1: objectives passed 7/7
  obj 1: PASS — all 3 seed titles reported
  obj 2: PASS — #4, state=open, description includes runid=true
  obj 3: PASS — labels=[bug, priority-high], want [bug, priority-high]
  obj 4: PASS — assignees=[bench-assignee]
  obj 5: PASS — milestone=Bench Milestone
  obj 6: PASS — 1 comment(s), 1 carrying the runid
  obj 7: PASS — issue #4 reported

[sweep] run 2/3: fwgt26-n2 (replay flow fwgt26, no orchestrator)
[reset] gitea: deleted 1 leftover bench issue(s)
[sweep] fwgt26-n2: 13 drift ticket(s) → fwgt26-n2-drift.json

fwgt26-n2: objectives passed 7/7
  obj 1: PASS — all 3 seed titles reported
  obj 2: PASS — #5, state=open, description includes runid=true
  obj 3: PASS — labels=[bug, priority-high], want [bug, priority-high]
  obj 4: PASS — assignees=[bench-assignee]
  obj 5: PASS — milestone=Bench Milestone
  obj 6: PASS — 1 comment(s), 1 carrying the runid
  obj 7: PASS — issue #5 reported

[sweep] run 3/3: fwgt26-n3 (replay flow fwgt26, no orchestrator)
[reset] gitea: deleted 1 leftover bench issue(s)
[sweep] fwgt26-n3: 13 drift ticket(s) → fwgt26-n3-drift.json

fwgt26-n3: objectives passed 7/7
  obj 1: PASS — all 3 seed titles reported
  obj 2: PASS — #6, state=open, description includes runid=true
  obj 3: PASS — labels=[bug, priority-high], want [bug, priority-high]
  obj 4: PASS — assignees=[bench-assignee]
  obj 5: PASS — milestone=Bench Milestone
  obj 6: PASS — 1 comment(s), 1 carrying the runid
  obj 7: PASS — issue #6 reported

Learning sweep fwgt26 (K=3)
┌─────────┬───┬─────────────┬──────────┬─────────────┬───────┬──────┬───────────┬─────┬──────────────┬────────┐
│ (index) │ n │ runid       │ verified │ stop        │ turns │ cmds │ total_usd │ A_n │ replayed     │ wall_s │
├─────────┼───┼─────────────┼──────────┼─────────────┼───────┼──────┼───────────┼─────┼──────────────┼────────┤
│ 0       │ 1 │ 'fwgt26-n1' │ '7/7'    │ 'completed' │ 9     │ 8    │ 0.4264    │ 0   │ '0/8'        │ 779    │
│ 1       │ 2 │ 'fwgt26-n2' │ '7/7'    │ 'success'   │ 0     │ 8    │ 0         │ 1   │ '8/8 (flow)' │ 125    │
│ 2       │ 3 │ 'fwgt26-n3' │ '7/7'    │ 'success'   │ 0     │ 8    │ 0         │ 1   │ '8/8 (flow)' │ 125    │
└─────────┴───┴─────────────┴──────────┴─────────────┴───────┴──────┴───────────┴─────┴──────────────┴────────┘
http://127.0.0.1:8095
  s_144335  validated    1 steps  3/3 (100%)
           Go to the repository bench/bench-repo at http://127.0.0.1:8095/bench/bench-repo and open its Issues list. Filt…
  s_163355  validated    2 steps  3/3 (100%)
           Open {{v1}} and sign in with username admin and password {{v2}} — type the password text exactly as given, do …
  s_19ce5a  validated    1 steps  3/3 (100%)
           In the repository {{v1}} at http://127.0.0.1:8095/{{v1}}, create a NEW issue with the title exactly '{{v3}}' a…
  s_25a178  validated   15 steps  3/3 (100%)
           Open {{v1}} and sign in with username admin and password {{v2}} — type the password text exactly as given, do …
  s_47f172  validated   12 steps  3/3 (100%)
           Read-only verification, do not modify anything. Open {{v1}} and report: (a) the issue title and number exactly…
  s_5a0cf4  validated   14 steps  3/3 (100%)
           On the issue page {{v1}} (titled '{{v5}}'), set the issue's milestone to 'Bench Milestone' using the Milestone…
  s_60ba77  validated    6 steps  3/3 (100%)
           Go to the repository bench/bench-repo at http://127.0.0.1:8095/bench/bench-repo and open its Issues list. Filt…
  s_659e10  validated    4 steps  3/3 (100%)
           In the repository {{v1}} at http://127.0.0.1:8095/{{v1}}, create a NEW issue with the title exactly '{{v3}}' a…
  s_756a5f  validated   43 steps  3/3 (100%)
           On the issue page {{v1}} (titled '{{v5}}'), set the issue's labels to exactly 'bug' and 'priority-high' using …
  s_76bdbb  validated   12 steps  3/3 (100%)
           Open {{v1}} and sign in with username admin and password {{v2}} — type the password text exactly as given, do …
  s_82fa48  validated    3 steps  3/3 (100%)
           On the issue page {{v1}} (titled '{{v5}}'), add a comment whose text includes '{{v6}}' (e.g. '{{v11}}') using …
  s_8e8b67  validated    2 steps  3/3 (100%)
           On the issue page {{v1}} (titled '{{v5}}'), add a comment whose text includes '{{v6}}' (e.g. '{{v11}}') using …
  s_992458  validated    7 steps  3/3 (100%)
           In the repository {{v1}} at http://127.0.0.1:8095/{{v1}}, create a NEW issue with the title exactly '{{v3}}' a…
  s_b43ffd  validated    3 steps  3/3 (100%)
           Open {{v1}} and sign in with username admin and password {{v2}} — type the password text exactly as given, do …
  s_b508f0  validated   11 steps  3/3 (100%)
           On the issue page {{v1}} (titled '{{v5}}'), assign the issue to the user 'bench-assignee' using the Assignees …
  s_c671a6  validated    8 steps  3/3 (100%)
           On the issue page {{v1}} (titled '{{v5}}'), add a comment whose text includes '{{v6}}' (e.g. '{{v11}}') using …
store: /home/user/sitelooper/bench/results/fwgt26-skills

summary: /home/user/sitelooper/bench/results/fwgt26-sweep.json
