
[sweep] run 1/3: fwgt30-n1 (store: /home/user/sitelooper/bench/results/fwgt30-skills)
[harness] gitea: defaulting APP_URL
[harness] gitea: defaulting APP_EMAIL
[harness] gitea: defaulting APP_PASSWORD
[reset] gitea: no leftover bench issues
[harness] gitea responded 200 at http://127.0.0.1:8095/
stopped: fwgt30-n1
  flow "fwgt30" saved: 7 step(s), vars runid → /home/user/sitelooper/bench/results/flows/fwgt30.json
  warning: note: 04-report no longer publishes applied_labels_after_reload — no replay reads it from the page and the recording showed no line to read
  warning: note: 07-open no longer publishes e_milestone, g_comment_contains, sidebar_label_bug, sidebar_label_priority_high — no replay reads them from the page and the recording showed no line to read
  warning: note: 04-report: added a read for displayed_assignee_text to s_e89d62 (page.getByRole('link', { name: 'bench-assignee (Bench Assignee)', exact: true }); seen on the next instruction's start page)
  warning: note: 05-set: added a read for milestone_after_reload to s_5cc6e4 (page.getByRole('link', { name: 'Bench Milestone', exact: true }); seen on the next instruction's start page)
  warning: note: 05-set: added a read for milestone_name to s_5cc6e4 (page.getByRole('link', { name: 'Bench Milestone', exact: true }); seen on the next instruction's start page)
  warning: warning: 199 other value(s) the run saw survived unslotted, judged by shape only (usually page copy; non-fatal):
  flow.steps[0].instruction: "bench-repo" (output) in "Open http://127.0.0.1:8095/ and sign in with username admin and password {{env:APP_PASSWORD}} (type the password text exactly as {{env:APP_PASSWORD}}). Then go "
  flow.steps[0].instruction: "bench" (output) in "Open http://127.0.0.1:8095/ and sign in with username admin and password {{env:APP_PASSWORD}} (type the password text exactly as {{env:APP_PASSWORD}}). Then go "
  flow.steps[0].route: "bench-repo" (output) in "http://127.0.0.1:8095/bench/bench-repo/issues"
  flow.steps[0].route: "bench" (output) in "http://127.0.0.1:8095/bench/bench-repo/issues"
  flow.steps[1].instruction: "bench-repo" (output) in "In the repository bench/bench-repo, create a new issue with the exact title '{{runid}} Bench Issue' and a description (markdown text area) that includes the tex"
arm=sitelooper model=z-ai/glm-5.3 runid=fwgt30-n1 stop=completed
turns=8 wall=725.6s
commands=7 cmdTime=685.0s cmdBytes=9666 timeouts=0
orchestrator in=21042 cw=0 cr=13248 out=1763
inner prompt=2875390 cached=2623424 completion=45837
spend=$0.446 maxUsd=3
learn: A_n=0 replayed=0/7 full=0 repaired=0 compiled=7 variants=0
-> /home/user/sitelooper/bench/results/fwgt30-n1-sitelooper-result.json

fwgt30-n1: objectives passed 7/7
  obj 1: PASS — all 3 seed titles reported
  obj 2: PASS — #4, state=open, description includes runid=true
  obj 3: PASS — labels=[bug, priority-high], want [bug, priority-high]
  obj 4: PASS — assignees=[bench-assignee]
  obj 5: PASS — milestone=Bench Milestone
  obj 6: PASS — 1 comment(s), 1 carrying the runid
  obj 7: PASS — issue #4 reported

[sweep] run 2/3: fwgt30-n2 (replay flow fwgt30, no orchestrator)
[reset] gitea: deleted 1 leftover bench issue(s)
[sweep] fwgt30-n2: 11 drift ticket(s) → fwgt30-n2-drift.json

fwgt30-n2: objectives passed 7/7
  obj 1: PASS — all 3 seed titles reported
  obj 2: PASS — #5, state=open, description includes runid=true
  obj 3: PASS — labels=[bug, priority-high], want [bug, priority-high]
  obj 4: PASS — assignees=[bench-assignee]
  obj 5: PASS — milestone=Bench Milestone
  obj 6: PASS — 1 comment(s), 1 carrying the runid
  obj 7: PASS — issue #5 reported
[sweep] z-ai/glm-5.3 was served by PrimeIntellect, Modal — priced at one rate, so total_usd is approximate

[sweep] run 3/3: fwgt30-n3 (replay flow fwgt30, no orchestrator)
[reset] gitea: deleted 1 leftover bench issue(s)
[sweep] fwgt30-n3: 15 drift ticket(s) → fwgt30-n3-drift.json

fwgt30-n3: objectives passed 7/7
  obj 1: PASS — all 3 seed titles reported
  obj 2: PASS — #6, state=open, description includes runid=true
  obj 3: PASS — labels=[bug, priority-high], want [bug, priority-high]
  obj 4: PASS — assignees=[bench-assignee]
  obj 5: PASS — milestone=Bench Milestone
  obj 6: PASS — 1 comment(s), 1 carrying the runid
  obj 7: PASS — issue #6 reported

Learning sweep fwgt30 (K=3)
┌─────────┬───┬─────────────┬──────────┬─────────────┬───────┬──────┬───────────┬──────┬──────────────┬────────┐
│ (index) │ n │ runid       │ verified │ stop        │ turns │ cmds │ total_usd │ A_n  │ replayed     │ wall_s │
├─────────┼───┼─────────────┼──────────┼─────────────┼───────┼──────┼───────────┼──────┼──────────────┼────────┤
│ 0       │ 1 │ 'fwgt30-n1' │ '7/7'    │ 'completed' │ 8     │ 7    │ 0.446     │ 0    │ '0/7'        │ 726    │
│ 1       │ 2 │ 'fwgt30-n2' │ '7/7'    │ 'success'   │ 69    │ 7    │ 0.4479    │ 0.86 │ '7/7 (flow)' │ 510    │
│ 2       │ 3 │ 'fwgt30-n3' │ '7/7'    │ 'success'   │ 0     │ 7    │ 0         │ 1    │ '7/7 (flow)' │ 131    │
└─────────┴───┴─────────────┴──────────┴─────────────┴───────┴──────┴───────────┴──────┴──────────────┴────────┘
http://127.0.0.1:8095
  s_1bc24a  validated    1 steps  3/3 (100%)
           Open {{v1}} and sign in with username {{v2}} and password {{env:APP_PASSWORD}} (type the password text exactly…
  s_3f2409  validated    1 steps  3/3 (100%)
           In the repository bench/bench-repo, create a new issue with the exact title '{{v2}}' and a description (markdo…
  s_46b237  validated    1 steps  3/3 (100%)
           Open {{v1}} fresh and report, from the live page: (a) the issue number exactly as displayed in the page headin…
  s_478cd5  validated   12 steps  3/3 (100%)
           Open {{v1}} and sign in with username {{v2}} and password {{env:APP_PASSWORD}} (type the password text exactly…
  s_56a7ec  validated    7 steps  3/3 (100%)
           On the issue page for issue #4 titled '{{v1}}' in {{v3}}/{{v4}}, add a comment using the comment markdown text…
  s_5a2f51  validated    3 steps  3/3 (100%)
           In the repository bench/bench-repo, create a new issue with the exact title '{{v2}}' and a description (markdo…
  s_5cc6e4  validated   15 steps  3/3 (100%)
           On the issue page for issue #4 titled '{{v1}}' in {{v3}}/{{v4}}, use the Milestone picker in the issue sidebar…
  s_7cfc93  validated   15 steps  3/3 (100%)
           Open {{v1}} fresh and report, from the live page: (a) the issue number exactly as displayed in the page headin…
  s_9390e6  validated    6 steps  3/3 (100%)
           In the repository bench/bench-repo, create a new issue with the exact title '{{v2}}' and a description (markdo…
  s_b2158d  validated    3 steps  3/3 (100%)
           On the issue page for issue #4 titled '{{v1}}' in {{v3}}/{{v4}}, add a comment using the comment markdown text…
  s_dd6078  validated    2 steps  3/3 (100%)
           Open {{v1}} and sign in with username {{v2}} and password {{env:APP_PASSWORD}} (type the password text exactly…
  s_e89d62  validated   13 steps  3/3 (100%)
           On the issue page for issue #4 titled '{{v1}}' in {{v3}}/{{v4}}, use the Assignees picker in the issue sidebar…
  s_fe44ca  validated    3 steps  3/3 (100%)
           Open {{v1}} and sign in with username {{v2}} and password {{env:APP_PASSWORD}} (type the password text exactly…
  s_13b413  provisional 29 steps  1/2 (50%)
           On the issue page for issue #4 titled '{{v1}}' in {{v3}}/{{v4}}, use the Labels picker in the issue sidebar to…
  s_152057  validated   39 steps  2/2 (100%)  variant of s_13b413
           On the issue page for issue {{v1}} titled '{{v2}}' in {{v4}}/{{v5}}, use the Labels picker in the issue sideba…
store: /home/user/sitelooper/bench/results/fwgt30-skills

summary: /home/user/sitelooper/bench/results/fwgt30-sweep.json
SWEEP_EXIT=0
