
Running 1 test using 1 worker

[sitelooper warn] 01-signin s_3f7a37/4: read 'role_menuitem' returned 'Profile' from a control this step set, and nothing committed it since — it shows the control, however the app formats it, not what the app stored; dropped from the report's confident values
[sitelooper warn] 01-signin s_3f7a37/5: read 'role_menuitem_2' returned 'Starred' from a control this step set, and nothing committed it since — it shows the control, however the app formats it, not what the app stored; dropped from the report's confident values
[sitelooper warn] 01-signin s_3f7a37/6: read 'role_menuitem_3' returned 'Subscriptions' from a control this step set, and nothing committed it since — it shows the control, however the app formats it, not what the app stored; dropped from the report's confident values
[sitelooper warn] 01-signin s_3f7a37/7: read 'role_menuitem_4' returned 'Settings' from a control this step set, and nothing committed it since — it shows the control, however the app formats it, not what the app stored; dropped from the report's confident values
[sitelooper skip] 01-signin s_3f7a37/8 target: read target not found — value left empty
[sitelooper warn] 01-signin s_3f7a37/9: read 'role_menuitem_6' returned 'Site Administration' from a control this step set, and nothing committed it since — it shows the control, however the app formats it, not what the app stored; dropped from the report's confident values
[sitelooper warn] 01-signin s_3f7a37/10: read 'role_menuitem_7' returned 'Sign Out' from a control this step set, and nothing committed it since — it shows the control, however the app formats it, not what the app stored; dropped from the report's confident values
[sitelooper warn] 01-signin s_3f7a37/12: read 'account_menu_header' returned 'Signed in as admin' from a control this step set, and nothing committed it since — it shows the control, however the app formats it, not what the app stored; dropped from the report's confident values
[sitelooper warn] 01-signin s_3f7a37/13: read 'role_menuitem' returned 'Profile' from a control this step set, and nothing committed it since — it shows the control, however the app formats it, not what the app stored; dropped from the report's confident values
[sitelooper warn] 01-signin s_3f7a37/14: read 'role_menuitem_2' returned 'Starred' from a control this step set, and nothing committed it since — it shows the control, however the app formats it, not what the app stored; dropped from the report's confident values
[sitelooper warn] 01-signin s_3f7a37/15: read 'role_menuitem_3' returned 'Subscriptions' from a control this step set, and nothing committed it since — it shows the control, however the app formats it, not what the app stored; dropped from the report's confident values
[sitelooper warn] 01-signin s_3f7a37/16: read 'role_menuitem_4' returned 'Settings' from a control this step set, and nothing committed it since — it shows the control, however the app formats it, not what the app stored; dropped from the report's confident values
[sitelooper warn] 01-signin s_3f7a37/17: read 'role_menuitem_5' returned 'Help' from a control this step set, and nothing committed it since — it shows the control, however the app formats it, not what the app stored; dropped from the report's confident values
[sitelooper warn] 01-signin s_3f7a37/18: read 'role_menuitem_6' returned 'Site Administration' from a control this step set, and nothing committed it since — it shows the control, however the app formats it, not what the app stored; dropped from the report's confident values
[sitelooper warn] 01-signin s_3f7a37/19: read 'role_menuitem_7' returned 'Sign Out' from a control this step set, and nothing committed it since — it shows the control, however the app formats it, not what the app stored; dropped from the report's confident values
[sitelooper warn] 01-signin s_3f7a37/20: read 'account_menu_items_1' returned 'Profile' from a control this step set, and nothing committed it since — it shows the control, however the app formats it, not what the app stored; dropped from the report's confident values
[sitelooper warn] 01-signin s_3f7a37/21: read 'account_menu_items_2' returned 'Starred' from a control this step set, and nothing committed it since — it shows the control, however the app formats it, not what the app stored; dropped from the report's confident values
[sitelooper warn] 01-signin s_3f7a37/22: read 'account_menu_items_3' returned 'Subscriptions' from a control this step set, and nothing committed it since — it shows the control, however the app formats it, not what the app stored; dropped from the report's confident values
[sitelooper warn] 01-signin s_3f7a37/23: read 'account_menu_items_4' returned 'Settings' from a control this step set, and nothing committed it since — it shows the control, however the app formats it, not what the app stored; dropped from the report's confident values
[sitelooper warn] 01-signin s_3f7a37/24: read 'account_menu_items_5' returned 'Help' from a control this step set, and nothing committed it since — it shows the control, however the app formats it, not what the app stored; dropped from the report's confident values
[sitelooper warn] 01-signin s_3f7a37/25: read 'account_menu_items_6' returned 'Site Administration' from a control this step set, and nothing committed it since — it shows the control, however the app formats it, not what the app stored; dropped from the report's confident values
[sitelooper warn] 01-signin s_3f7a37/26: read 'account_menu_items_7' returned 'Sign Out' from a control this step set, and nothing committed it since — it shows the control, however the app formats it, not what the app stored; dropped from the report's confident values
[sitelooper step] 01-signin
[sitelooper step] 02-find
[sitelooper warn] 03-create s_8a873c/4: read 'issue_description' returned a value the skill itself set/selected ('Automated bench issue. Run ID: fwgt35-luna-cv-spec') — confirms the control, not persistence; dropped from the report's confident values
[sitelooper warn] 03-create s_8a873c/5: read 'issue_title' returned a value the skill itself set/selected ('fwgt35-luna-cv-spec Bench Issue') — confirms the control, not persistence; dropped from the report's confident values
[sitelooper step] 03-create
[sitelooper skip] 04-set s_15ad96/7 target: read target not found — value left empty
[sitelooper skip] 04-set s_15ad96/8 target: read target not found — value left empty
[sitelooper drift] 04-set s_6733ad/7 target: primary locator('#issuecomment-11 > span:nth-of-type(2) > span > a:nth-of-type(1)') missed; used #2 locator('[data-sitelooper-point="285,374"]') (#1 absent)
[sitelooper drift] 04-set s_6733ad/8 target: primary locator('#issuecomment-11 > span:nth-of-type(2) > span > a:nth-of-type(2)') missed; used #2 locator('[data-sitelooper-point="348,374"]') (#1 absent)
[sitelooper step] 04-set
[sitelooper drift] 05-open s_76d091/10 target: primary locator('#issuecomment-3 > span:nth-of-type(2) > a') missed; used #2 locator('[data-sitelooper-point="207,424"]') (#1 absent)
[sitelooper step] 05-open
[sitelooper step] 06-set
[sitelooper warn] 07-add s_9f3481/3: read 'new_comment_text' returned a value the skill itself set/selected ('Bench verification comment. Run ID: fwgt35-luna-cv-spec') — confirms the control, not persistence; dropped from the report's confident values
[sitelooper drift] 07-add s_2b3ae7/5 target: primary locator('#issue-4 > div > div:nth-of-type(2) > div:nth-of-type(1) > p') missed; used #2 locator('[data-sitelooper-point="510,317"]') (#1 absent)
[sitelooper drift] 07-add s_2b3ae7/7 target: primary locator('#issuecomment-3 > span:nth-of-type(2) > a') missed; used #2 locator('[data-sitelooper-point="207,424"]') (#1 absent)
[sitelooper step] 07-add
[sitelooper probe] 03-create: http://127.0.0.1:8095/bench/bench-repo/issues/11 still shows what it saved
  ✓  1 fwgt35-luna-cv.spec.ts:9:1 › fwgt35-luna-cv (1.5m)

  1 passed (1.6m)
