
Running 1 test using 1 worker

[sitelooper skip] 01-signin s_50d62a/11 target: no locator recorded — value left empty
[sitelooper step] 01-signin
[sitelooper step] 02-open
[sitelooper drift] 03-create s_d8a00a/4 target: primary getByText('Bench issue created for run fwgt9-spec.', { exact: true }) missed; used #2 locator('#issue-7 > div > div:nth-of-type(2) > div:nth-of-type(1) > p') (#1 ambiguous)
[sitelooper step] 03-create
[sitelooper drift] 04-set s_5680c6/7 target: primary getByRole('heading', { name: /^[\s\p{Co}\p{So}\p{Cf}]*fwgt9-spec\s+Bench\s+Issue\s+#4[\s\p{Co}\p{So}\p{Cf}]*$/u }) missed; used #2 locator('h1') (#1 absent)
[sitelooper drift] 04-set s_5680c6/14 target: primary getByRole('heading', { name: /^[\s\p{Co}\p{So}\p{Cf}]*fwgt9-spec\s+Bench\s+Issue\s+#4[\s\p{Co}\p{So}\p{Cf}]*$/u }) missed; used #2 locator('h1') (#1 absent)
[sitelooper drift] 04-set s_5680c6/27 target: primary locator('#issuecomment-4 > span:nth-of-type(2) > a') missed; used #2 locator('[data-sitelooper-point="214,474"]') (#1 absent)
[sitelooper drift] 04-set s_5680c6/28 target: primary getByRole('heading', { name: /^[\s\p{Co}\p{So}\p{Cf}]*fwgt9-spec\s+Bench\s+Issue\s+#4[\s\p{Co}\p{So}\p{Cf}]*$/u }) missed; used #2 locator('#issue-title-display > h1') (#1 absent)
[sitelooper warn] 04-set s_5680c6/29: read 'milestone_shown' returned a value the skill itself set/selected ('Bench Milestone') — confirms the control, not persistence; dropped from the report's confident values
[sitelooper step] 04-set
[sitelooper drift] 05-add s_6c9d1c/3 target: primary locator('#issue-4 > div > div:nth-of-type(2) > div:nth-of-type(1) > p') missed; used #2 locator('[data-sitelooper-point="510,316"]') (#1 absent)
[sitelooper drift] 05-add s_6c9d1c/4 target: primary getByRole('heading', { name: /^[\s\p{Co}\p{So}\p{Cf}]*fwgt9-spec\s+Bench\s+Issue\s+#4[\s\p{Co}\p{So}\p{Cf}]*$/u }) missed; used #2 locator('#issue-title-display > h1') (#1 absent)
[sitelooper step] 05-add
[sitelooper drift] 06-open s_78c875/6 target: primary locator('#issue-4 > div > div:nth-of-type(2) > div:nth-of-type(1) > p') missed; used #2 locator('[data-sitelooper-point="510,316"]') (#1 absent)
[sitelooper step] 06-open
[sitelooper drift] 07-report s_8b80ae/9 target: primary locator('#issue-4 > div > div:nth-of-type(2) > div:nth-of-type(1) > p') missed; used #2 locator('[data-sitelooper-point="510,316"]') (#1 absent)
[sitelooper step] 07-report
  ✓  1 fwgt9.spec.ts:9:1 › fwgt9 (1.0m)

  1 passed (1.1m)
