
[sweep] run 1/3: fwgt5-n1 (store: /home/user/sitelooper/bench/results/fwgt5-skills)
[harness] gitea: defaulting APP_URL
[harness] gitea: defaulting APP_EMAIL
[harness] gitea: defaulting APP_PASSWORD
[reset] gitea: no leftover bench issues
[harness] gitea responded 200 at http://127.0.0.1:8095/
stopped: fwgt5-n1
  flow "fwgt5" saved: 6 step(s), vars runid → /home/user/sitelooper/bench/results/flows/fwgt5.json
  warning: note: 01-signin no longer publishes profile_url, profile_heading, joined, followers, following — no replay reads them from the page and the recording showed no line to read
  warning: note: 02-open no longer publishes seed_prefix_count, issues_tab_active — no replay reads them from the page and the recording showed no line to read
  warning: note: 03-create no longer publishes labels_applied, assignee, milestone, new_issue_form_title_field_selector, new_issue_form_body_selector — no replay reads them from the page and the recording showed no line to read
  warning: note: 04-set no longer publishes labels_shown, labels_picker_value, milestone_picker_value, assignee_picker_value — no replay reads them from the page and the recording showed no line to read
  warning: note: 05-add no longer publishes comment_author_shown, comment_anchor, labels_shown — no replay reads them from the page and the recording showed no line to read
  warning: note: 06-open no longer publishes label_chips, comment_anchor, seed_issue_1, seed_issue_2, seed_issue_3, seed_prefix_count_on_open_list, issues_list_counts, sidebar_link_documentation, sidebar_link_enhancement, comment_anchor_id — no replay reads them from the page and the recording showed no line to read
  warning: note: 01-signin: added a read for org_link to s_e464e8 (page.getByRole('link', { name: 'bench', exact: true }); seen on the next instruction's start page)
  warning: note: 04-set: added a read for milestone_shown to s_1a09a8 (page.getByRole('link', { name: 'Bench Milestone', exact: true }); seen on the next instruction's start page)
  warning: note: 05-add: added a read for comment_header_displayed to s_1a5fdf (page.getByRole('heading', { name: 'admin commented Author Owner', exact: true }); seen on the next instruction's start page)
  warning: note: 05-add: added a read for milestone_shown to s_1a5fdf (page.getByRole('link', { name: 'Bench Milestone', exact: true }); seen on the next instruction's start page)
  warning: warning: 317 other value(s) the run saw survived unslotted, judged by shape only (usually page copy; non-fatal):
  flow.startUrl: "http://127.0.0.1:8095/" (output) in "http://127.0.0.1:8095/"
  flow.steps[0].instruction: "admin" (output) in "Sign in to this Gitea instance with username 'admin' and password 'bench-admin-pass' (use the Sign In link / top-right account menu if not already signed in). V"
  flow.steps[0].route: "http://127.0.0.1:8095/admin" (output) in "http://127.0.0.1:8095/admin"
  flow.steps[0].route: "admin" (output) in "http://127.0.0.1:8095/admin"
  flow.steps[1].route: "bench/bench-repo" (output) in "http://127.0.0.1:8095/bench/bench-repo/issues"
arm=sitelooper model=z-ai/glm-5.3 runid=fwgt5-n1 stop=completed
turns=8 wall=406.7s
commands=7 cmdTime=330.7s cmdBytes=11966 timeouts=0
orchestrator in=8911 cw=0 cr=25344 out=2371
inner prompt=2212576 cached=2057984 completion=30995
spend=$0.0777 maxUsd=3
learn: A_n=0 replayed=0/6 full=0 repaired=0 compiled=6 variants=0
-> /home/user/sitelooper/bench/results/fwgt5-n1-sitelooper-result.json

fwgt5-n1: objectives passed 7/7
  obj 1: PASS — all 3 seed titles reported
  obj 2: PASS — #4, state=open, description includes runid=true
  obj 3: PASS — labels=[bug, priority-high], want [bug, priority-high]
  obj 4: PASS — assignees=[bench-assignee]
  obj 5: PASS — milestone=Bench Milestone
  obj 6: PASS — 1 comment(s), 1 carrying the runid
  obj 7: PASS — issue #4 reported

[sweep] run 2/3: fwgt5-n2 (replay flow fwgt5, no orchestrator)
[reset] gitea: deleted 1 leftover bench issue(s)
[sweep] fwgt5-n2: 4 drift ticket(s) → fwgt5-n2-drift.json

fwgt5-n2: objectives passed 7/7
  obj 1: PASS — all 3 seed titles reported
  obj 2: PASS — #5, state=open, description includes runid=true
  obj 3: PASS — labels=[bug, priority-high], want [bug, priority-high]
  obj 4: PASS — assignees=[bench-assignee]
  obj 5: PASS — milestone=Bench Milestone
  obj 6: PASS — 1 comment(s), 1 carrying the runid
  obj 7: PASS — issue #5 reported

[sweep] run 3/3: fwgt5-n3 (replay flow fwgt5, no orchestrator)
[reset] gitea: deleted 1 leftover bench issue(s)
[sweep] fwgt5-n3: 4 drift ticket(s) → fwgt5-n3-drift.json

fwgt5-n3: objectives passed 7/7
  obj 1: PASS — all 3 seed titles reported
  obj 2: PASS — #6, state=open, description includes runid=true
  obj 3: PASS — labels=[bug, priority-high], want [bug, priority-high]
  obj 4: PASS — assignees=[bench-assignee]
  obj 5: PASS — milestone=Bench Milestone
  obj 6: PASS — 1 comment(s), 1 carrying the runid
  obj 7: PASS — issue #6 reported

Learning sweep fwgt5 (K=3)
┌─────────┬───┬────────────┬──────────┬─────────────┬───────┬──────┬───────────┬──────┬──────────────┬────────┐
│ (index) │ n │ runid      │ verified │ stop        │ turns │ cmds │ total_usd │ A_n  │ replayed     │ wall_s │
├─────────┼───┼────────────┼──────────┼─────────────┼───────┼──────┼───────────┼──────┼──────────────┼────────┤
│ 0       │ 1 │ 'fwgt5-n1' │ '7/7'    │ 'completed' │ 8     │ 7    │ 0.0777    │ 0    │ '0/6'        │ 407    │
│ 1       │ 2 │ 'fwgt5-n2' │ '7/7'    │ 'success'   │ 7     │ 6    │ 0.0023    │ 0.83 │ '6/6 (flow)' │ 100    │
│ 2       │ 3 │ 'fwgt5-n3' │ '7/7'    │ 'success'   │ 5     │ 6    │ 0.0014    │ 0.83 │ '6/6 (flow)' │ 89     │
└─────────┴───┴────────────┴──────────┴─────────────┴───────┴──────┴───────────┴──────┴──────────────┴────────┘
http://127.0.0.1:8095
  s_12a195  validated    1 steps  3/3 (100%)
           Go to the repository '{{v1}}/bench-repo' on this Gitea instance and open its Issues list (open issues tab). Re…
  s_1a09a8  validated   22 steps  3/3 (100%)
           On the issue page {{v1}} ('{{v4}}' #4) in this Gitea instance, use the sidebar pickers to set: (a) Labels — ex…
  s_1a5fdf  validated    7 steps  3/3 (100%)
           On the issue page {{v1}} ('{{v4}}' #4) in this Gitea instance, add a comment using the markdown comment text a…
  s_269f79  validated    8 steps  3/3 (100%)
           Final verification, read-only, do not modify anything. (1) Open {{v1}} and report: the issue title and number …
  s_2f193a  validated    6 steps  3/3 (100%)
           In the repository '{{v1}}' on this Gitea instance, create a NEW issue with title exactly '{{v4}}' and a descri…
  s_5e931f  validated    3 steps  3/3 (100%)
           On the issue page {{v1}} ('{{v4}}' #4) in this Gitea instance, add a comment using the markdown comment text a…
  s_77a8c0  validated   12 steps  3/3 (100%)
           Sign in to this Gitea instance with username 'admin' and password '{{v1}}' (use the Sign In link / top-right a…
  s_824833  validated    8 steps  3/3 (100%)
           Final verification, read-only, do not modify anything. (1) Open {{v1}} and report: the issue title and number …
  s_957a60  validated    1 steps  3/3 (100%)
           Sign in to this Gitea instance with username 'admin' and password '{{v1}}' (use the Sign In link / top-right a…
  s_b056b8  validated    4 steps  3/3 (100%)
           In the repository '{{v1}}' on this Gitea instance, create a NEW issue with title exactly '{{v4}}' and a descri…
  s_c0aabc  validated    3 steps  3/3 (100%)
           Sign in to this Gitea instance with username 'admin' and password '{{v1}}' (use the Sign In link / top-right a…
  s_dfa71b  validated    1 steps  3/3 (100%)
           In the repository '{{v1}}' on this Gitea instance, create a NEW issue with title exactly '{{v4}}' and a descri…
  s_e464e8  validated   18 steps  3/3 (100%)
           Sign in to this Gitea instance with username 'admin' and password '{{v1}}' (use the Sign In link / top-right a…
  s_28337c  provisional  7 steps  1/1 (100%)
           Go to the repository '{{v1}}/bench-repo' on this Gitea instance and open its Issues list (open issues tab). Re…
store: /home/user/sitelooper/bench/results/fwgt5-skills

summary: /home/user/sitelooper/bench/results/fwgt5-sweep.json
