
[sweep] run 1/3: fwgt17-n1 (store: /home/user/sitelooper/bench/results/fwgt17-skills)
[harness] gitea: defaulting APP_URL
[harness] gitea: defaulting APP_EMAIL
[harness] gitea: defaulting APP_PASSWORD
[reset] gitea: no leftover bench issues
[harness] gitea responded 200 at http://127.0.0.1:8095/
stopped: fwgt17-n1
  flow "fwgt17" saved: 8 step(s), vars runid → /home/user/sitelooper/bench/results/flows/fwgt17.json
  warning: note: 03-open no longer publishes labels_displayed_text — no replay reads it from the page and the recording showed no line to read
  warning: note: 04-open no longer publishes assignees_picker_state, issue_label_state_unchanged, issue_sidebar_combo_a_it — no replay reads them from the page and the recording showed no line to read
  warning: note: 05-open no longer publishes milestone_picker_state, milestone_update_request, sidebar_label_bug, sidebar_label_priority_high — no replay reads them from the page and the recording showed no line to read
  warning: note: 07-report: added a read for assignee_shown_on_issue to s_080cb3 (page.getByRole('link', { name: 'bench-assignee', exact: true }); seen on the next instruction's start page)
  warning: note: 07-report: added a read for milestone_shown_on_issue to s_080cb3 (page.getByRole('link', { name: 'Bench Milestone', exact: true }); seen on the next instruction's start page)
  warning: warning: 430 other value(s) the run saw survived unslotted, judged by shape only (usually page copy; non-fatal):
  flow.steps[0].instruction: "bench-repo" (output) in "Open http://127.0.0.1:8095/ and sign in with username admin and password {{env:APP_PASSWORD}} (type the password text exactly as given). Then navigate to the re"
  flow.steps[0].instruction: "admin" (output) in "Open http://127.0.0.1:8095/ and sign in with username admin and password {{env:APP_PASSWORD}} (type the password text exactly as given). Then navigate to the re"
  flow.steps[0].instruction: "bench" (output) in "Open http://127.0.0.1:8095/ and sign in with username admin and password {{env:APP_PASSWORD}} (type the password text exactly as given). Then navigate to the re"
  flow.steps[0].instruction: "open" (output) in "Open http://127.0.0.1:8095/ and sign in with username admin and password {{env:APP_PASSWORD}} (type the password text exactly as given). Then navigate to the re"
  flow.steps[0].params.v2: "admin" (output) in "admin"
  warning: {{03-open.labels_picker_state}} (used by 08-report) can only be re-observed by model recovery, and 08-report's procedure types or locates by it — so `sitelooper spec` will REFUSE to compile this flow (unsourced-ref) until 03-open reads labels_picker_state from an element. Re-record 03-open now, while this session is still open.
  warning: 03-open reports labels_picker_state, but no segment of the procedure it pins (s_365e26, with any later segment of its chain) re-reads it from the page — a replay without the model will succeed without that value; re-record so a read for it lands in that procedure's last segment.
arm=sitelooper model=z-ai/glm-5.3 runid=fwgt17-n1 stop=completed
turns=9 wall=739.8s
commands=8 cmdTime=687.6s cmdBytes=10929 timeouts=0
orchestrator in=6783 cw=0 cr=34496 out=2090
inner prompt=3984198 cached=3741696 completion=87145
spend=$0.5706 maxUsd=3
learn: A_n=0 replayed=0/8 full=0 repaired=0 compiled=8 variants=0
-> /home/user/sitelooper/bench/results/fwgt17-n1-sitelooper-result.json

fwgt17-n1: objectives passed 7/7
  obj 1: PASS — all 3 seed titles reported
  obj 2: PASS — #4, state=open, description includes runid=true
  obj 3: PASS — labels=[bug, priority-high], want [bug, priority-high]
  obj 4: PASS — assignees=[bench-assignee]
  obj 5: PASS — milestone=Bench Milestone
  obj 6: PASS — 1 comment(s), 1 carrying the runid
  obj 7: PASS — issue #4 reported

[sweep] run 2/3: fwgt17-n2 (replay flow fwgt17, no orchestrator)
[reset] gitea: deleted 1 leftover bench issue(s)
[sweep] fwgt17-n2: 12 drift ticket(s) → fwgt17-n2-drift.json

fwgt17-n2: objectives passed 7/7
  obj 1: PASS — all 3 seed titles reported
  obj 2: PASS — #5, state=open, description includes runid=true
  obj 3: PASS — labels=[bug, priority-high], want [bug, priority-high]
  obj 4: PASS — assignees=[bench-assignee]
  obj 5: PASS — milestone=Bench Milestone
  obj 6: PASS — 1 comment(s), 1 carrying the runid
  obj 7: PASS — issue #5 reported
[sweep] z-ai/glm-5.3 was served by InferenceNet, Wafer — priced at one rate, so total_usd is approximate

[sweep] run 3/3: fwgt17-n3 (replay flow fwgt17, no orchestrator)
[reset] gitea: deleted 1 leftover bench issue(s)
[sweep] fwgt17-n3: 9 drift ticket(s) → fwgt17-n3-drift.json

fwgt17-n3: objectives passed 7/7
  obj 1: PASS — all 3 seed titles reported
  obj 2: PASS — #6, state=open, description includes runid=true
  obj 3: PASS — labels=[bug, priority-high], want [bug, priority-high]
  obj 4: PASS — assignees=[bench-assignee]
  obj 5: PASS — milestone=Bench Milestone
  obj 6: PASS — 1 comment(s), 1 carrying the runid
  obj 7: PASS — issue #6 reported

Learning sweep fwgt17 (K=3)
┌─────────┬───┬─────────────┬──────────┬─────────────┬───────┬──────┬───────────┬──────┬──────────────┬────────┐
│ (index) │ n │ runid       │ verified │ stop        │ turns │ cmds │ total_usd │ A_n  │ replayed     │ wall_s │
├─────────┼───┼─────────────┼──────────┼─────────────┼───────┼──────┼───────────┼──────┼──────────────┼────────┤
│ 0       │ 1 │ 'fwgt17-n1' │ '7/7'    │ 'completed' │ 9     │ 8    │ 0.5706    │ 0    │ '0/8'        │ 740    │
│ 1       │ 2 │ 'fwgt17-n2' │ '7/7'    │ 'partial'   │ 74    │ 8    │ 0.4398    │ 0.88 │ '7/8 (flow)' │ 353    │
│ 2       │ 3 │ 'fwgt17-n3' │ '7/7'    │ 'partial'   │ 4     │ 8    │ 0.0034    │ 0.88 │ '7/8 (flow)' │ 156    │
└─────────┴───┴─────────────┴──────────┴─────────────┴───────┴──────┴───────────┴──────┴──────────────┴────────┘
http://127.0.0.1:8095
  s_080cb3  validated   14 steps  3/3 (100%)
           Do a fresh full page load of {{v1}} and report exactly what the page shows for: the issue title and number, th…
  s_1b672c  validated    1 steps  3/3 (100%)
           In the repository bench/bench-repo, create a new issue with the title exactly '{{v2}}' and a description in th…
  s_388755  validated    1 steps  3/3 (100%)
           Do a fresh full page load of {{v1}} and report the full text of every comment shown on the issue page (the com…
  s_4c658d  validated    1 steps  3/3 (100%)
           Do a fresh full page load of {{v1}} and report exactly what the page shows for: the issue title and number, th…
  s_572c22  validated    7 steps  3/3 (100%)
           On the issue page for issue #4 in bench/bench-repo ({{v1}}), add a comment in the markdown comment text area w…
  s_669020  validated    4 steps  3/3 (100%)
           In the repository bench/bench-repo, create a new issue with the title exactly '{{v2}}' and a description in th…
  s_8f2ca2  validated   12 steps  3/3 (100%)
           Open {{v1}} and sign in with username {{v2}} and password {{v3}} (type the password text exactly as given). Th…
  s_9938e7  validated    2 steps  3/3 (100%)
           On the issue page for issue #4 in bench/bench-repo ({{v1}}), add a comment in the markdown comment text area w…
  s_a906b9  validated    2 steps  3/3 (100%)
           Open {{v1}} and sign in with username {{v2}} and password {{v3}} (type the password text exactly as given). Th…
  s_afa382  validated    8 steps  3/3 (100%)
           On the issue page for issue #4 in bench/bench-repo ({{v1}}), open the Milestone picker in the issue sidebar an…
  s_dafa2e  provisional 12 steps  1/3 (33%)
           On the issue page for issue #4 in bench/bench-repo ({{v1}}), open the Assignees picker in the issue sidebar an…
  s_e46011  validated    6 steps  3/3 (100%)
           Do a fresh full page load of {{v1}} and report exactly what the page shows for: the issue title and number, th…
  s_f3af71  validated    4 steps  3/3 (100%)
           In the repository bench/bench-repo, create a new issue with the title exactly '{{v2}}' and a description in th…
  s_f6fcbe  validated    1 steps  3/3 (100%)
           Open {{v1}} and sign in with username {{v2}} and password {{v3}} (type the password text exactly as given). Th…
  s_f95e40  validated    3 steps  3/3 (100%)
           Open {{v1}} and sign in with username {{v2}} and password {{v3}} (type the password text exactly as given). Th…
  s_00f841  validated    9 steps  2/2 (100%)
           Do a fresh full page load of {{v1}} and report the full text of every comment shown on the issue page (the com…
  s_365e26  provisional 29 steps  1/2 (50%)
           On the issue page for issue #4 in bench/bench-repo ({{v1}}/4), open the Labels picker in the issue sidebar and…
  s_5f69a2  validated   40 steps  2/2 (100%)  variant of s_365e26
           On the issue page for issue {{v1}} in bench/bench-repo ({{v2}}), open the Labels picker in the issue sidebar a…
store: /home/user/sitelooper/bench/results/fwgt17-skills

summary: /home/user/sitelooper/bench/results/fwgt17-sweep.json
