
[sweep] run 1/3: fwgt12-n1 (store: /home/user/sitelooper/bench/results/fwgt12-skills)
[harness] gitea: defaulting APP_URL
[harness] gitea: defaulting APP_EMAIL
[harness] gitea: defaulting APP_PASSWORD
[reset] gitea: no leftover bench issues
[harness] gitea responded 200 at http://127.0.0.1:8095/
stopped: fwgt12-n1
  flow "fwgt12" saved: 7 step(s), vars runid → /home/user/sitelooper/bench/results/flows/fwgt12.json
  warning: note: 04-open no longer publishes hidden_input_assignee_ids, timeline_actor_username, event_timestamp — no replay reads them from the page and the recording showed no line to read
  warning: note: 05-set no longer publishes milestone_url, open_milestones_in_repo, event_timestamp — no replay reads them from the page and the recording showed no line to read
  warning: note: 06-add no longer publishes comment_author, comment_timestamp, reopen_event — no replay reads them from the page and the recording showed no line to read
  warning: warning: 118 other value(s) the run saw survived unslotted, judged by shape only (usually page copy; non-fatal):
  flow.steps[0].instruction: "admin" (output) in "Sign in to the Gitea instance at http://127.0.0.1:8095/ with username admin and password {{env:APP_PASSWORD}} (type the password text exactly as given, includin"
  flow.steps[0].params.v2: "admin" (output) in "admin"
  flow.steps[2].instruction: "priority-high" (output) in "On the Gitea issue page {{02-create.url}} (issue titled '{{runid}} Bench Issue'), set the issue's labels so that it has EXACTLY the two labels 'bug' and 'priori"
  flow.steps[2].instruction: "bug" (output) in "On the Gitea issue page {{02-create.url}} (issue titled '{{runid}} Bench Issue'), set the issue's labels so that it has EXACTLY the two labels 'bug' and 'priori"
  flow.steps[2].params.v4: "bug" (output) in "bug"
arm=sitelooper model=z-ai/glm-5.3 runid=fwgt12-n1 stop=completed
turns=8 wall=727.1s
commands=7 cmdTime=707.5s cmdBytes=7221 timeouts=0
orchestrator in=5774 cw=0 cr=26816 out=2437
inner prompt=3357404 cached=3155328 completion=119310
spend=$0.5641 maxUsd=3
learn: A_n=0 replayed=0/7 full=0 repaired=0 compiled=7 variants=0
-> /home/user/sitelooper/bench/results/fwgt12-n1-sitelooper-result.json

fwgt12-n1: objectives passed 7/7
  obj 1: PASS — all 3 seed titles reported
  obj 2: PASS — #4, state=open, description includes runid=true
  obj 3: PASS — labels=[bug, priority-high], want [bug, priority-high]
  obj 4: PASS — assignees=[bench-assignee]
  obj 5: PASS — milestone=Bench Milestone
  obj 6: PASS — 1 comment(s), 1 carrying the runid
  obj 7: PASS — issue #4 reported

[sweep] run 2/3: fwgt12-n2 (replay flow fwgt12, no orchestrator)
[reset] gitea: deleted 1 leftover bench issue(s)
[sweep] fwgt12-n2: 6 drift ticket(s) → fwgt12-n2-drift.json

fwgt12-n2: objectives passed 7/7
  obj 1: PASS — all 3 seed titles reported
  obj 2: PASS — #5, state=open, description includes runid=true
  obj 3: PASS — labels=[bug, priority-high], want [bug, priority-high]
  obj 4: PASS — assignees=[bench-assignee]
  obj 5: PASS — milestone=Bench Milestone
  obj 6: PASS — 1 comment(s), 1 carrying the runid
  obj 7: PASS — issue #5 reported

[sweep] run 3/3: fwgt12-n3 (replay flow fwgt12, no orchestrator)
[reset] gitea: deleted 1 leftover bench issue(s)
[sweep] fwgt12-n3: 6 drift ticket(s) → fwgt12-n3-drift.json

fwgt12-n3: objectives passed 7/7
  obj 1: PASS — all 3 seed titles reported
  obj 2: PASS — #6, state=open, description includes runid=true
  obj 3: PASS — labels=[bug, priority-high], want [bug, priority-high]
  obj 4: PASS — assignees=[bench-assignee]
  obj 5: PASS — milestone=Bench Milestone
  obj 6: PASS — 1 comment(s), 1 carrying the runid
  obj 7: PASS — issue #6 reported

Learning sweep fwgt12 (K=3)
┌─────────┬───┬─────────────┬──────────┬─────────────┬───────┬──────┬───────────┬──────┬──────────────┬────────┐
│ (index) │ n │ runid       │ verified │ stop        │ turns │ cmds │ total_usd │ A_n  │ replayed     │ wall_s │
├─────────┼───┼─────────────┼──────────┼─────────────┼───────┼──────┼───────────┼──────┼──────────────┼────────┤
│ 0       │ 1 │ 'fwgt12-n1' │ '7/7'    │ 'completed' │ 8     │ 7    │ 0.5641    │ 0    │ '0/7'        │ 727    │
│ 1       │ 2 │ 'fwgt12-n2' │ '7/7'    │ 'success'   │ 20    │ 7    │ 0.0108    │ 0.86 │ '7/7 (flow)' │ 148    │
│ 2       │ 3 │ 'fwgt12-n3' │ '7/7'    │ 'success'   │ 0     │ 7    │ 0         │ 1    │ '7/7 (flow)' │ 83     │
└─────────┴───┴─────────────┴──────────┴─────────────┴───────┴──────┴───────────┴──────┴──────────────┴────────┘
http://127.0.0.1:8095
  s_086f09  validated    1 steps  3/3 (100%)
           Sign in to the Gitea instance at {{v1}} with username {{v2}} and password {{v3}} (type the password text exact…
  s_0ca44a  validated    3 steps  3/3 (100%)
           In the repository bench/bench-repo on the Gitea instance at http://127.0.0.1:8095/, create a new issue with th…
  s_2f7b9c  validated    1 steps  3/3 (100%)
           On the Gitea issue page {{v1}} (issue titled '{{v2}}'), add a comment whose text includes '{{v3}}' somewhere i…
  s_47cb10  validated    3 steps  3/3 (100%)
           Sign in to the Gitea instance at {{v1}} with username {{v2}} and password {{v3}} (type the password text exact…
  s_771a6d  validated    4 steps  3/3 (100%)
           On the Gitea issue page {{v1}} (issue titled '{{v2}}'), add a comment whose text includes '{{v3}}' somewhere i…
  s_8b6c7d  validated    2 steps  3/3 (100%)
           On the Gitea issue page {{v1}} (issue titled '{{v2}}'), add a comment whose text includes '{{v3}}' somewhere i…
  s_8fa30f  validated    8 steps  3/3 (100%)
           Sign in to the Gitea instance at {{v1}} with username {{v2}} and password {{v3}} (type the password text exact…
  s_98c924  validated    4 steps  3/3 (100%)
           In the repository bench/bench-repo on the Gitea instance at http://127.0.0.1:8095/, create a new issue with th…
  s_bf7ad5  validated    5 steps  3/3 (100%)
           On the Gitea issue page {{v1}} (issue titled '{{v2}}'), set the issue's milestone to 'Bench Milestone' using t…
  s_c55944  validated    9 steps  3/3 (100%)
           Final verification, read-only — do not change anything. On the Gitea instance at http://127.0.0.1:8095/, open …
  s_d2ece9  validated    3 steps  3/3 (100%)
           Sign in to the Gitea instance at {{v1}} with username {{v2}} and password {{v3}} (type the password text exact…
  s_e727ef  validated    1 steps  3/3 (100%)
           In the repository bench/bench-repo on the Gitea instance at http://127.0.0.1:8095/, create a new issue with th…
  s_e960c8  validated   12 steps  3/3 (100%)
           On the Gitea issue page {{v1}} (issue titled '{{v2}}'), assign the issue to the user 'bench-assignee' using th…
  s_efb38b  validated    7 steps  3/3 (100%)
           Final verification, read-only — do not change anything. On the Gitea instance at http://127.0.0.1:8095/, open …
  s_d9d738  provisional 28 steps  1/2 (50%)
           On the Gitea issue page {{v1}} (issue titled '{{v2}}'), set the issue's labels so that it has EXACTLY the two …
  s_f54a5a  validated   20 steps  2/2 (100%)  variant of s_d9d738
           On the Gitea issue page {{v1}} (issue titled '{{v2}}'), set the issue's labels so that it has EXACTLY the two …
store: /home/user/sitelooper/bench/results/fwgt12-skills

summary: /home/user/sitelooper/bench/results/fwgt12-sweep.json
