
Running 1 test using 1 worker

[sitelooper step] 01-open
[sitelooper step] 02-create
[sitelooper skip] 03-open s_5e9f7a/1 target: no locator recorded — value left empty
[sitelooper drift] 03-open s_5e9f7a/3 target: primary locator('.labels-list').nth(1) missed; used #2 locator('div > div:nth-of-type(2) > div:nth-of-type(3) > div:nth-of-type(2) > div:nth-of-type(3) > div:nth-of-type(2)') (#1 absent)
[sitelooper step] 03-open
[sitelooper drift] 04-add s_8844fb/12 target: primary locator('#issuecomment-13 > span:nth-of-type(2)') missed; used #2 locator('[data-sitelooper-point="542,410"]') (#1 absent)
[sitelooper step] 04-add
[sitelooper drift] 05-change s_37f40f/14 target: primary getByRole('heading', { name: /^[\s\p{Co}\p{So}\p{Cf}]*fwgt15-cv3-c2\s+Bench\s+Issue\s+#5[\s\p{Co}\p{So}\p{Cf}]*$/u }) missed; used #2 locator('h1') (#1 absent)
[sitelooper step] 05-change
[sitelooper step] 06-set
[sitelooper drift] 07-add s_3f58c7/3 target: primary getByText('Comment for run fwgt15-cv3-c2.', { exact: true }) missed; used #2 locator('#issuecomment-28 > div > div:nth-of-type(2) > div:nth-of-type(1) > p') (#1 ambiguous)
[sitelooper step] 07-add
[sitelooper skip] 08-open s_39c2c9/6 target: read target not found — value left empty
[sitelooper skip] 08-open s_39c2c9/8 target: read target not found — value left empty
[sitelooper skip] 08-open s_39c2c9/11 target: read target not found — value left empty
[sitelooper drift] 08-open s_39c2c9/14 target: primary getByRole('heading', { name: /^[\s\p{Co}\p{So}\p{Cf}]*fwgt15-cv3-c2\s+Bench\s+Issue\s+#4[\s\p{Co}\p{So}\p{Cf}]*$/u }) missed; used #2 locator('#issue-title-display > h1') (#1 absent)
[sitelooper step] 08-open
  ✓  1 fwgt15-cv3.spec.ts:9:1 › fwgt15-cv3 (1.4m)

  1 passed (1.4m)
