
Running 1 test using 1 worker

[sitelooper step] 01-signin
[sitelooper step] 02-find
[sitelooper warn] 03-create s_555de8/3: read 'created_issue_title' returned a value the skill itself set/selected ('fwgt33-luna-spec Bench Issue') — confirms the control, not persistence; dropped from the report's confident values
[sitelooper warn] 03-create s_555de8/4: read 'issue_description_field' returned a value the skill itself set/selected ('Run ID: fwgt33-luna-spec

Created by the automated bench run…') — confirms the control, not persistence; dropped from the report's confident values
[sitelooper step] 03-create
[sitelooper drift] 04-set s_aee409/12 target: primary locator('#issue-4 > div > div:nth-of-type(2) > div:nth-of-type(1) > p:nth-of-type(2) > strong') missed; used #2 locator('[data-sitelooper-point="429,351"]') (#1 absent)
[sitelooper drift] 04-set s_aee409/15 target: primary locator('#issuecomment-1 > span:nth-of-type(2)') missed; used #2 locator('[data-sitelooper-point="542,410"]') (#1 absent)
[sitelooper step] 04-set
[sitelooper drift] 05-verify s_74d975/13 target: primary locator('#issue-4 > div > div:nth-of-type(2) > div:nth-of-type(1) > p:nth-of-type(2) > strong') missed; used #2 locator('[data-sitelooper-point="429,351"]') (#1 absent)
[sitelooper skip] 05-verify s_74d975/18 target: no locator recorded — value left empty
[sitelooper step] 05-verify
[sitelooper drift] 06-set s_c659f0/6 target: primary locator('#issue-4 > div > div:nth-of-type(2) > div:nth-of-type(1) > p:nth-of-type(2) > strong') missed; used #2 locator('[data-sitelooper-point="429,351"]') (#1 absent)
[sitelooper drift] 06-set s_c659f0/13 target: primary locator('#issuecomment-3 > span:nth-of-type(2) > a') missed; used #2 locator('[data-sitelooper-point="214,460"]') (#1 absent)
[sitelooper step] 06-set
[sitelooper warn] 07-add s_224f19/2: read 'comment_text_submitted' returned a value the skill itself set/selected ('Automated bench comment for runid fwgt33-luna-spec — verifyi…') — confirms the control, not persistence; dropped from the report's confident values
[sitelooper drift] 07-add s_3dd031/5 target: primary locator('#issue-4 > div > div:nth-of-type(2) > div:nth-of-type(1) > p:nth-of-type(2) > strong') missed; used #2 locator('[data-sitelooper-point="429,351"]') (#1 absent)
[sitelooper step] 07-add
  ✓  1 fwgt33-luna.spec.ts:9:1 › fwgt33-luna (1.0m)

  1 passed (1.1m)
