
[sweep] run 1/3: fwgt28-n1 (store: /home/user/sitelooper/bench/results/fwgt28-skills)
[harness] gitea: defaulting APP_URL
[harness] gitea: defaulting APP_EMAIL
[harness] gitea: defaulting APP_PASSWORD
[reset] gitea: no leftover bench issues
[harness] gitea responded 200 at http://127.0.0.1:8095/
stopped: fwgt28-n1
  flow "fwgt28" saved: 8 step(s), vars runid → /home/user/sitelooper/bench/results/flows/fwgt28.json
  warning: note: 01-open no longer publishes page_title, repositories_count, organizations_count — no replay reads them from the page and the recording showed no line to read
  warning: note: 02-open no longer publishes filter_state, issue_list_author, filter_item, active_filter_item — no replay reads them from the page and the recording showed no line to read
  warning: note: 03-create no longer publishes created_by, created_at, description_value_key — no replay reads them from the page and the recording showed no line to read
  warning: note: 04-add no longer publishes sidebar_labels_after_reload, sidebar_labels_after — no replay reads them from the page and the recording showed no line to read
  warning: note: 05-change no longer publishes labels_shown, no_assignees_placeholder, author_link, sidebar_label_1, sidebar_label_2 — no replay reads them from the page and the recording showed no line to read
  warning: note: 06-set no longer publishes labels_shown — no replay reads it from the page and the recording showed no line to read
  warning: note: 07-add no longer publishes comment_author, labels_shown — no replay reads them from the page and the recording showed no line to read
  warning: warning: 08-report's instruction asks to report milestone_shown, sidebar_assignee, sidebar_label_1, sidebar_label_2, and no replay can publish them: nothing in its procedure reads them from the page, so export dropped them — re-record the step so the value is read, not only reported
  warning: note: 08-report no longer publishes author_link — no replay reads it from the page and the recording showed no line to read
  warning: note: 01-open: added a read for signed_in_user to s_f4e8e5 (page.getByRole('menu', { name: 'admin', exact: true }); seen on the next instruction's start page)
  warning: note: 06-set: added a read for milestone_displayed to s_6441ee (page.getByRole('link', { name: 'Bench Milestone', exact: true }); seen on the next instruction's start page)
  warning: note: 07-add: added a read for milestone_displayed to s_19ec52 (page.getByRole('link', { name: 'Bench Milestone', exact: true }); seen on the next instruction's start page)
  warning: warning: 346 other value(s) the run saw survived unslotted, judged by shape only (usually page copy; non-fatal):
  flow.startUrl: "http://127.0.0.1:8095/" (output) in "http://127.0.0.1:8095/"
  flow.steps[0].instruction: "http://127.0.0.1:8095/" (output) in "Open http://127.0.0.1:8095/ and sign in with username 'admin' and password '{{env:APP_PASSWORD}}' (type the password text exactly as shown, it will be filled in"
  flow.steps[0].instruction: "admin" (output) in "Open http://127.0.0.1:8095/ and sign in with username 'admin' and password '{{env:APP_PASSWORD}}' (type the password text exactly as shown, it will be filled in"
  flow.steps[0].instruction: "Open" (output) in "Open http://127.0.0.1:8095/ and sign in with username 'admin' and password '{{env:APP_PASSWORD}}' (type the password text exactly as shown, it will be filled in"
  flow.steps[0].params.v1: "http://127.0.0.1:8095/" (output) in "http://127.0.0.1:8095/"
arm=sitelooper model=z-ai/glm-5.3 runid=fwgt28-n1 stop=completed
turns=9 wall=478.5s
commands=8 cmdTime=445.7s cmdBytes=12337 timeouts=0
orchestrator in=13376 cw=0 cr=30144 out=2111
inner prompt=3597230 cached=3361216 completion=44197
spend=$0.2356 maxUsd=3
learn: A_n=0 replayed=0/8 full=0 repaired=0 compiled=8 variants=0
-> /home/user/sitelooper/bench/results/fwgt28-n1-sitelooper-result.json

fwgt28-n1: objectives passed 7/7
  obj 1: PASS — all 3 seed titles reported
  obj 2: PASS — #4, state=open, description includes runid=true
  obj 3: PASS — labels=[bug, priority-high], want [bug, priority-high]
  obj 4: PASS — assignees=[bench-assignee]
  obj 5: PASS — milestone=Bench Milestone
  obj 6: PASS — 1 comment(s), 1 carrying the runid
  obj 7: PASS — issue #4 reported

[sweep] run 2/3: fwgt28-n2 (replay flow fwgt28, no orchestrator)
[reset] gitea: deleted 1 leftover bench issue(s)
[sweep] fwgt28-n2: 12 drift ticket(s) → fwgt28-n2-drift.json

fwgt28-n2: objectives passed 7/7
  obj 1: PASS — all 3 seed titles reported
  obj 2: PASS — #5, state=open, description includes runid=true
  obj 3: PASS — labels=[bug, priority-high], want [bug, priority-high]
  obj 4: PASS — assignees=[bench-assignee]
  obj 5: PASS — milestone=Bench Milestone
  obj 6: PASS — 1 comment(s), 1 carrying the runid
  obj 7: PASS — issue #5 reported

[sweep] run 3/3: fwgt28-n3 (replay flow fwgt28, no orchestrator)
[reset] gitea: deleted 1 leftover bench issue(s)
[sweep] fwgt28-n3: 12 drift ticket(s) → fwgt28-n3-drift.json

fwgt28-n3: objectives passed 7/7
  obj 1: PASS — all 3 seed titles reported
  obj 2: PASS — #6, state=open, description includes runid=true
  obj 3: PASS — labels=[bug, priority-high], want [bug, priority-high]
  obj 4: PASS — assignees=[bench-assignee]
  obj 5: PASS — milestone=Bench Milestone
  obj 6: PASS — 1 comment(s), 1 carrying the runid
  obj 7: PASS — issue #6 reported

Learning sweep fwgt28 (K=3)
┌─────────┬───┬─────────────┬──────────┬─────────────┬───────┬──────┬───────────┬─────┬──────────────┬────────┐
│ (index) │ n │ runid       │ verified │ stop        │ turns │ cmds │ total_usd │ A_n │ replayed     │ wall_s │
├─────────┼───┼─────────────┼──────────┼─────────────┼───────┼──────┼───────────┼─────┼──────────────┼────────┤
│ 0       │ 1 │ 'fwgt28-n1' │ '7/7'    │ 'completed' │ 9     │ 8    │ 0.2356    │ 0   │ '0/8'        │ 478    │
│ 1       │ 2 │ 'fwgt28-n2' │ '7/7'    │ 'success'   │ 0     │ 8    │ 0         │ 1   │ '8/8 (flow)' │ 70     │
│ 2       │ 3 │ 'fwgt28-n3' │ '7/7'    │ 'success'   │ 0     │ 8    │ 0         │ 1   │ '8/8 (flow)' │ 69     │
└─────────┴───┴─────────────┴──────────┴─────────────┴───────┴──────┴───────────┴─────┴──────────────┴────────┘
http://127.0.0.1:8095
  s_0a1acc  validated    2 steps  3/3 (100%)
           Open {{v1}} and sign in with username 'admin' and password '{{v2}}' (type the password text exactly as shown, …
  s_0ce9fe  validated    1 steps  3/3 (100%)
           Navigate to the issues list of the repository {{v1}} at {{v2}} (make sure the list is filtered to OPEN issues …
  s_19ec52  validated    9 steps  3/3 (100%)
           On the issue page {{v1}} (titled '{{v5}}'), add a comment using the markdown comment textarea at the bottom of…
  s_1bd511  validated    3 steps  3/3 (100%)
           In the repository {{v1}}, create a NEW issue with the exact title '{{v3}}' and a description (in the markdown …
  s_318ea6  validated   12 steps  3/3 (100%)
           On the issue page {{v1}} (titled '{{v3}}'), use the Assignees picker in the issue's sidebar to assign the issu…
  s_5799fa  validated    1 steps  3/3 (100%)
           Do a final verification of the issue at {{v1}} after a fresh page load. Report, reading from the page itself: …
  s_6441ee  validated   11 steps  3/3 (100%)
           On the issue page {{v1}} (titled '{{v3}}'), use the Milestone picker in the issue's sidebar to set the issue's…
  s_743b9e  validated   22 steps  3/3 (100%)
           Do a final verification of the issue at {{v1}} after a fresh page load. Report, reading from the page itself: …
  s_7cb0ed  validated   23 steps  3/3 (100%)
           On the issue page {{v1}} (titled '{{v3}}'), use the Labels picker in the issue's sidebar to add exactly the la…
  s_acf180  validated   23 steps  3/3 (100%)
           Navigate to the issues list of the repository {{v1}} at {{v2}} (make sure the list is filtered to OPEN issues …
  s_cb9a6d  validated    2 steps  3/3 (100%)
           On the issue page {{v1}} (titled '{{v5}}'), add a comment using the markdown comment textarea at the bottom of…
  s_e08104  validated    1 steps  3/3 (100%)
           In the repository {{v1}}, create a NEW issue with the exact title '{{v3}}' and a description (in the markdown …
  s_f4e8e5  validated   18 steps  3/3 (100%)
           Open {{v1}} and sign in with username 'admin' and password '{{v2}}' (type the password text exactly as shown, …
  s_f60675  validated    5 steps  3/3 (100%)
           In the repository {{v1}}, create a NEW issue with the exact title '{{v3}}' and a description (in the markdown …
  s_fdba78  validated    3 steps  3/3 (100%)
           Open {{v1}} and sign in with username 'admin' and password '{{v2}}' (type the password text exactly as shown, …
store: /home/user/sitelooper/bench/results/fwgt28-skills

summary: /home/user/sitelooper/bench/results/fwgt28-sweep.json
