
Running 1 test using 1 worker

[sitelooper step] 01-signin
[sitelooper step] 02-create
[sitelooper drift] 03-set s_f54a5a/10 target: primary getByRole('link', { name: /^[\s\p{Co}\p{So}\p{Cf}]*bug[\s\p{Co}\p{So}\p{Cf}]*$/u }) missed; used #3 locator('[data-sitelooper-point="1089,429"]') (#1 ambiguous, #2 absent)
[sitelooper drift] 03-set s_f54a5a/14 target: primary getByRole('heading', { name: /^[\s\p{Co}\p{So}\p{Cf}]*fwgt12-spec\s+Bench\s+Issue\s+#5[\s\p{Co}\p{So}\p{Cf}]*$/u }) missed; used #2 locator('h1') (#1 absent)
[sitelooper skip] 03-set s_f54a5a/15 target: read errored (the element shows another record than "bug" — not published) — value left empty
[sitelooper skip] 03-set s_f54a5a/17 target: read errored (the element shows another record than "bug" — not published) — value left empty
[sitelooper step] 03-set
[sitelooper drift] 04-open s_e960c8/2 target: primary locator('#_aria_dropdown_menu_85 > div:nth-of-type(2) > a:nth-of-type(2)') missed; used #2 locator('[data-sitelooper-point="1098,718"]') (#1 absent)
[sitelooper drift] 04-open s_e960c8/4 target: primary getByRole('heading', { name: /^[\s\p{Co}\p{So}\p{Cf}]*fwgt12-spec\s+Bench\s+Issue\s+#4[\s\p{Co}\p{So}\p{Cf}]*$/u }) missed; used #3 locator('#issue-title-display > h1') (#1 absent, #2 absent)
[sitelooper skip] 04-open s_e960c8/7 target: read target not found — value left empty
[sitelooper skip] 04-open s_e960c8/9 target: read target not found — value left empty
[sitelooper step] 04-open
[sitelooper step] 05-set
[sitelooper step] 06-add
[sitelooper drift] 07-change s_c55944/1 target: primary getByRole('heading', { name: /^[\s\p{Co}\p{So}\p{Cf}]*fwgt12-spec\s+Bench\s+Issue\s+#4[\s\p{Co}\p{So}\p{Cf}]*$/u }) missed; used #2 locator('#issue-title-display > h1') (#1 absent)
[sitelooper drift] 07-change s_c55944/6 target: primary getByRole('link', { name: /^[\s\p{Co}\p{So}\p{Cf}]*bug[\s\p{Co}\p{So}\p{Cf}]*$/u }).nth(1) missed; used #2 locator('div:nth-of-type(2) > div:nth-of-type(3) > div:nth-of-type(2) > div:nth-of-type(3) > div:nth-of-type(2) > a:nth-of-type(1)') (#1 absent)
[sitelooper step] 07-change
  ✓  1 fwgt12.spec.ts:9:1 › fwgt12 (54.1s)

  1 passed (56.5s)
