
[sweep] run 1/3: fwgt15-n1 (store: /home/user/sitelooper/bench/results/fwgt15-skills)
[harness] gitea: defaulting APP_URL
[harness] gitea: defaulting APP_EMAIL
[harness] gitea: defaulting APP_PASSWORD
[reset] gitea: no leftover bench issues
[harness] gitea responded 200 at http://127.0.0.1:8095/
stopped: fwgt15-n1
  flow "fwgt15" saved: 8 step(s), vars runid → /home/user/sitelooper/bench/results/flows/fwgt15.json
  warning: note: dropped 4 locator candidate(s) carrying a value this run minted (known only by export time)
  warning: warning: 08-open's instruction asks to report seed_open_issue_titles, and only a recorded literal backs it: no read in its procedure publishes it, so a replay reports it only if the page it ends on shows that exact text — re-record the step so the value is read where it is shown
  warning: note: 05-change no longer publishes no_assignees_placeholder_state, labels_unchanged, assignee_picker_item_class — no replay reads them from the page and the recording showed no line to read
  warning: note: 06-set no longer publishes no_milestone_placeholder_state, other_labels_unchanged — no replay reads them from the page and the recording showed no line to read
  warning: note: 07-add no longer publishes other_issue_fields — no replay reads it from the page and the recording showed no line to read
  warning: note: 08-open no longer publishes d_labels_displayed, sidebar_labels_section_text — no replay reads them from the page and the recording showed no line to read
  warning: warning: instruction "On the issue page for issue #4 in bench/bench-repo (http://127.0.0.1:8…" ran 36 state-changing step(s) but reported blocked — its work is NOT in the flow
  warning: warning: 200 other value(s) the run saw survived unslotted, judged by shape only (usually page copy; non-fatal):
  flow.steps[0].instruction: "admin" (output) in "Open http://127.0.0.1:8095/ and sign in with username admin and password {{env:APP_PASSWORD}} (type the password exactly as that text; it is filled in when type"
  flow.steps[0].params.v2: "admin" (output) in "admin"
  flow.steps[0].route: "http://127.0.0.1:8095/bench/bench-repo/issues" (output) in "http://127.0.0.1:8095/bench/bench-repo/issues"
  flow.steps[1].route: "http://127.0.0.1:8095/bench/bench-repo/issues" (output) in "http://127.0.0.1:8095/bench/bench-repo/issues/:id"
  flow.steps[2].route: "http://127.0.0.1:8095/bench/bench-repo/issues" (output) in "http://127.0.0.1:8095/bench/bench-repo/issues/:id"
arm=sitelooper model=z-ai/glm-5.3 runid=fwgt15-n1 stop=completed
turns=10 wall=1143.1s
commands=9 cmdTime=1106.1s cmdBytes=14567 timeouts=0
orchestrator in=9903 cw=0 cr=42048 out=3169
inner prompt=9258678 cached=8617344 completion=72639
spend=$0.9805 maxUsd=3
learn: A_n=0 replayed=0/9 full=0 repaired=0 compiled=8 variants=0
-> /home/user/sitelooper/bench/results/fwgt15-n1-sitelooper-result.json

fwgt15-n1: objectives passed 7/7
  obj 1: PASS — all 3 seed titles reported
  obj 2: PASS — #4, state=open, description includes runid=true
  obj 3: PASS — labels=[bug, priority-high], want [bug, priority-high]
  obj 4: PASS — assignees=[bench-assignee]
  obj 5: PASS — milestone=Bench Milestone
  obj 6: PASS — 1 comment(s), 1 carrying the runid
  obj 7: PASS — issue #4 reported

[sweep] run 2/3: fwgt15-n2 (replay flow fwgt15, no orchestrator)
[reset] gitea: deleted 1 leftover bench issue(s)
[sweep] fwgt15-n2: 9 drift ticket(s) → fwgt15-n2-drift.json

fwgt15-n2: objectives passed 6/7
  obj 1: PASS — all 3 seed titles reported
  obj 2: PASS — #5, state=open, description includes runid=true
  obj 3: FAIL — labels=[priority-high], want [bug, priority-high]
  obj 4: PASS — assignees=[bench-assignee]
  obj 5: PASS — milestone=Bench Milestone
  obj 6: PASS — 1 comment(s), 1 carrying the runid
  obj 7: PASS — issue #5 reported
[sweep] z-ai/glm-5.3 was served by Wafer, Together — priced at one rate, so total_usd is approximate

[sweep] run 3/3: fwgt15-n3 (replay flow fwgt15, no orchestrator)
[reset] gitea: deleted 1 leftover bench issue(s)
[sweep] fwgt15-n3: 11 drift ticket(s) → fwgt15-n3-drift.json

fwgt15-n3: objectives passed 6/7
  obj 1: PASS — all 3 seed titles reported
  obj 2: PASS — #6, state=open, description includes runid=true
  obj 3: FAIL — labels=[priority-high], want [bug, priority-high]
  obj 4: PASS — assignees=[bench-assignee]
  obj 5: PASS — milestone=Bench Milestone
  obj 6: PASS — 1 comment(s), 1 carrying the runid
  obj 7: PASS — issue #6 reported

Learning sweep fwgt15 (K=3)
┌─────────┬───┬─────────────┬──────────┬─────────────┬───────┬──────┬───────────┬──────┬──────────────┬────────┐
│ (index) │ n │ runid       │ verified │ stop        │ turns │ cmds │ total_usd │ A_n  │ replayed     │ wall_s │
├─────────┼───┼─────────────┼──────────┼─────────────┼───────┼──────┼───────────┼──────┼──────────────┼────────┤
│ 0       │ 1 │ 'fwgt15-n1' │ '7/7'    │ 'completed' │ 10    │ 9    │ 0.9805    │ 0    │ '0/9'        │ 1143   │
│ 1       │ 2 │ 'fwgt15-n2' │ '6/7'    │ 'success'   │ 61    │ 8    │ 0.5922    │ 0.75 │ '8/8 (flow)' │ 672    │
│ 2       │ 3 │ 'fwgt15-n3' │ '6/7'    │ 'success'   │ 0     │ 8    │ 0         │ 1    │ '8/8 (flow)' │ 133    │
└─────────┴───┴─────────────┴──────────┴─────────────┴───────┴──────┴───────────┴──────┴──────────────┴────────┘
http://127.0.0.1:8095
  s_0a8e3e  validated    2 steps  3/3 (100%)
           On the issue page {{v1}}, add a comment whose text includes '{{v3}}' (e.g. '{{v4}}'). Type it in the comment m…
  s_23a12a  validated    6 steps  3/3 (100%)
           On the issue page {{v1}}, set the issue's milestone to 'Bench Milestone' using the Milestone picker in the iss…
  s_333b1b  validated    6 steps  3/3 (100%)
           In the repository bench/bench-repo, create a new issue with the title exactly '{{v2}}' and a description (mark…
  s_39c2c9  validated   14 steps  3/3 (100%)
           Final verification, read-only. Open {{v1}} and report, from the live page: (a) the issue number as displayed (…
  s_3f58c7  validated    4 steps  3/3 (100%)
           On the issue page {{v1}}, add a comment whose text includes '{{v3}}' (e.g. '{{v4}}'). Type it in the comment m…
  s_5e9f7a  validated    3 steps  3/3 (100%)
           Open {{v1}}/4 and report exactly which labels are currently displayed on the issue page (in the sidebar and/or…
  s_7d3dcc  validated    3 steps  3/3 (100%)
           In the repository bench/bench-repo, create a new issue with the title exactly '{{v2}}' and a description (mark…
  s_8cfdd4  validated    3 steps  3/3 (100%)
           Open {{v1}} and sign in with username {{v2}} and password {{v3}} (type the password exactly as that text; it i…
  s_9c9c74  validated    1 steps  3/3 (100%)
           Open {{v1}} and sign in with username {{v2}} and password {{v3}} (type the password exactly as that text; it i…
  s_b6cf7a  validated    9 steps  3/3 (100%)
           Open {{v1}} and sign in with username {{v2}} and password {{v3}} (type the password exactly as that text; it i…
  s_b7548c  validated    2 steps  3/3 (100%)
           Open {{v1}} and sign in with username {{v2}} and password {{v3}} (type the password exactly as that text; it i…
  s_f38cf7  validated    1 steps  3/3 (100%)
           In the repository bench/bench-repo, create a new issue with the title exactly '{{v2}}' and a description (mark…
  s_fcef22  validated    1 steps  3/3 (100%)
           On the issue page {{v1}}, add a comment whose text includes '{{v3}}' (e.g. '{{v4}}'). Type it in the comment m…
  s_37f40f  validated   24 steps  2/2 (100%)  variant of s_f5cc73
           On the issue page {{v1}}, assign the issue to the user 'bench-assignee' using the Assignees picker in the issu…
  s_418503  provisional  9 steps  1/2 (50%)
           On the issue page {{v3}}, the issue currently has the label '{{v2}}'. Add the label 'priority-high' to it usin…
  s_e18531  validated   23 steps  2/2 (100%)  variant of s_418503
           On the issue page {{v1}}, the issue currently has the label '{{v3}}'. Add the label 'priority-high' to it usin…
  s_f5cc73  provisional 27 steps  1/2 (50%)
           On the issue page {{v2}}, assign the issue to the user 'bench-assignee' using the Assignees picker in the issu…
store: /home/user/sitelooper/bench/results/fwgt15-skills

summary: /home/user/sitelooper/bench/results/fwgt15-sweep.json
