
[sweep] run 1/3: fwgt16-n1 (store: /home/user/sitelooper/bench/results/fwgt16-skills)
[harness] gitea: defaulting APP_URL
[harness] gitea: defaulting APP_EMAIL
[harness] gitea: defaulting APP_PASSWORD
[reset] gitea: no leftover bench issues
[harness] gitea responded 200 at http://127.0.0.1:8095/
stopped: fwgt16-n1
  flow "fwgt16" saved: 6 step(s), vars runid → /home/user/sitelooper/bench/results/flows/fwgt16.json
  warning: note: 01-open no longer publishes issue_links — no replay reads it from the page and the recording showed no line to read
  warning: note: 03-set no longer publishes sidebar_labels_chip_texts, verified_after_full_reload, sidebar_label_priority_high, sidebar_label_bug — no replay reads them from the page and the recording showed no line to read
  warning: note: 04-add no longer publishes other_labels_shown, sidebar_labels — no replay reads them from the page and the recording showed no line to read
  warning: note: 05-open no longer publishes description_includes_fwgt16_n1, comment_includes_fwgt16_n1 — no replay reads them from the page and the recording showed no line to read
  warning: note: 06-open no longer publishes sidebar_label_priority_high, sidebar_label_bug — no replay reads them from the page and the recording showed no line to read
  warning: note: 03-set: added a read for sidebar_milestone_text to s_41d941 (page.getByRole('link', { name: 'Bench Milestone', exact: true }); seen on the next instruction's start page)
  warning: warning: 161 other value(s) the run saw survived unslotted, judged by shape only (usually page copy; non-fatal):
  flow.steps[0].instruction: "Open" (output) in "Open http://127.0.0.1:8095/ and sign in with username admin and password {{env:APP_PASSWORD}} (type the password text exactly as given, do not alter it). After "
  flow.steps[2].instruction: "Bench Milestone" (output) in "On the issue page {{02-create.url}} (titled '{{runid}} Bench Issue'), use the sidebar pickers to: (1) set the issue's labels to exactly 'bug' and 'priority-high"
  flow.steps[2].instruction: "bench-assignee" (output) in "On the issue page {{02-create.url}} (titled '{{runid}} Bench Issue'), use the sidebar pickers to: (1) set the issue's labels to exactly 'bug' and 'priority-high"
  flow.steps[2].instruction: "priority-high" (output) in "On the issue page {{02-create.url}} (titled '{{runid}} Bench Issue'), use the sidebar pickers to: (1) set the issue's labels to exactly 'bug' and 'priority-high"
  flow.steps[2].instruction: "bug" (output) in "On the issue page {{02-create.url}} (titled '{{runid}} Bench Issue'), use the sidebar pickers to: (1) set the issue's labels to exactly 'bug' and 'priority-high"
arm=sitelooper model=z-ai/glm-5.3 runid=fwgt16-n1 stop=completed
turns=7 wall=478.3s
commands=6 cmdTime=436.6s cmdBytes=9910 timeouts=0
orchestrator in=14544 cw=0 cr=14976 out=3088
inner prompt=3214234 cached=2997952 completion=37635
spend=$0.3677 maxUsd=3
learn: A_n=0 replayed=0/6 full=0 repaired=0 compiled=6 variants=0
-> /home/user/sitelooper/bench/results/fwgt16-n1-sitelooper-result.json

fwgt16-n1: objectives passed 7/7
  obj 1: PASS — all 3 seed titles reported
  obj 2: PASS — #4, state=open, description includes runid=true
  obj 3: PASS — labels=[bug, priority-high], want [bug, priority-high]
  obj 4: PASS — assignees=[bench-assignee]
  obj 5: PASS — milestone=Bench Milestone
  obj 6: PASS — 1 comment(s), 1 carrying the runid
  obj 7: PASS — issue #4 reported

[sweep] run 2/3: fwgt16-n2 (replay flow fwgt16, no orchestrator)
[reset] gitea: deleted 1 leftover bench issue(s)
[sweep] fwgt16-n2: 16 drift ticket(s) → fwgt16-n2-drift.json

fwgt16-n2: objectives passed 7/7
  obj 1: PASS — all 3 seed titles reported
  obj 2: PASS — #5, state=open, description includes runid=true
  obj 3: PASS — labels=[bug, priority-high], want [bug, priority-high]
  obj 4: PASS — assignees=[bench-assignee]
  obj 5: PASS — milestone=Bench Milestone
  obj 6: PASS — 1 comment(s), 1 carrying the runid
  obj 7: PASS — issue #5 reported

[sweep] run 3/3: fwgt16-n3 (replay flow fwgt16, no orchestrator)
[reset] gitea: deleted 1 leftover bench issue(s)
[sweep] fwgt16-n3: 16 drift ticket(s) → fwgt16-n3-drift.json

fwgt16-n3: objectives passed 7/7
  obj 1: PASS — all 3 seed titles reported
  obj 2: PASS — #6, state=open, description includes runid=true
  obj 3: PASS — labels=[bug, priority-high], want [bug, priority-high]
  obj 4: PASS — assignees=[bench-assignee]
  obj 5: PASS — milestone=Bench Milestone
  obj 6: PASS — 1 comment(s), 1 carrying the runid
  obj 7: PASS — issue #6 reported

Learning sweep fwgt16 (K=3)
┌─────────┬───┬─────────────┬──────────┬─────────────┬───────┬──────┬───────────┬──────┬──────────────┬────────┐
│ (index) │ n │ runid       │ verified │ stop        │ turns │ cmds │ total_usd │ A_n  │ replayed     │ wall_s │
├─────────┼───┼─────────────┼──────────┼─────────────┼───────┼──────┼───────────┼──────┼──────────────┼────────┤
│ 0       │ 1 │ 'fwgt16-n1' │ '7/7'    │ 'completed' │ 7     │ 6    │ 0.3677    │ 0    │ '0/6'        │ 478    │
│ 1       │ 2 │ 'fwgt16-n2' │ '7/7'    │ 'success'   │ 66    │ 6    │ 0.3788    │ 0.83 │ '6/6 (flow)' │ 642    │
│ 2       │ 3 │ 'fwgt16-n3' │ '7/7'    │ 'partial'   │ 54    │ 6    │ 0.2684    │ 0.83 │ '5/6 (flow)' │ 421    │
└─────────┴───┴─────────────┴──────────┴─────────────┴───────┴──────┴───────────┴──────┴──────────────┴────────┘
http://127.0.0.1:8095
  s_03ebfc  validated    3 steps  3/3 (100%)
           In the repository bench/bench-repo, create a new issue with the exact title '{{v2}}' and a description (markdo…
  s_08bc61  validated    1 steps  3/3 (100%)
           Open {{v1}} and sign in with username {{v2}} and password {{v3}} (type the password text exactly as given, do …
  s_23556e  validated    3 steps  3/3 (100%)
           Open {{v1}} and sign in with username {{v2}} and password {{v3}} (type the password text exactly as given, do …
  s_38aa1f  validated    9 steps  3/3 (100%)
           On the issue page http://127.0.0.1:8095/bench/bench-repo/issues/4 (titled '{{v1}} Bench Issue'), add a comment…
  s_4949a8  validated    1 steps  3/3 (100%)
           In the repository bench/bench-repo, create a new issue with the exact title '{{v2}}' and a description (markdo…
  s_6b330c  validated    8 steps  2/3 (67%)
           Final verification, read-only: open {{v2}} and report (a) the issue title and number as displayed, (b) whether…
  s_7bbf07  validated   12 steps  3/3 (100%)
           On the issue page {{v3}} (titled '{{v1}}'), the issue is currently closed. Click the 'Reopen Issue' button so …
  s_9dfabe  validated    1 steps  3/3 (100%)
           Open {{v1}} and sign in with username {{v2}} and password {{v3}} (type the password text exactly as given, do …
  s_bcb02f  validated   12 steps  3/3 (100%)
           Final verification, read-only: open {{v2}} and report (a) the issue title and number as displayed, (b) whether…
  s_bdb6c2  validated    1 steps  3/3 (100%)
           In the repository bench/bench-repo, create a new issue with the exact title '{{v2}}' and a description (markdo…
  s_c2176b  validated   15 steps  3/3 (100%)
           Final verification, read-only: open {{v2}} and report (a) the issue title and number as displayed, (b) whether…
  s_c64aef  validated    2 steps  3/3 (100%)
           On the issue page http://127.0.0.1:8095/bench/bench-repo/issues/4 (titled '{{v1}} Bench Issue'), add a comment…
  s_cb63c0  validated    2 steps  3/3 (100%)
           Open {{v1}} and sign in with username {{v2}} and password {{v3}} (type the password text exactly as given, do …
  s_f92f56  validated    5 steps  3/3 (100%)
           Open {{v1}} and sign in with username {{v2}} and password {{v3}} (type the password text exactly as given, do …
  s_180df0  provisional 43 steps  1/2 (50%)  variant of s_41d941
           On the issue page {{v1}} (titled '{{v2}} Bench Issue'), use the sidebar pickers to: (1) set the issue's labels…
  s_41d941  provisional 28 steps  1/2 (50%)
           On the issue page {{v2}} (titled '{{v1}} Bench Issue'), use the sidebar pickers to: (1) set the issue's labels…
  s_e011e8  provisional 42 steps  1/1 (100%)  variant of s_180df0
           On the issue page {{v1}} (titled '{{v2}} Bench Issue'), use the sidebar pickers to: (1) set the issue's labels…
store: /home/user/sitelooper/bench/results/fwgt16-skills

summary: /home/user/sitelooper/bench/results/fwgt16-sweep.json
