
[sweep] run 1/3: fwgt8-n1 (store: /home/user/sitelooper/bench/results/fwgt8-skills)
[harness] gitea: defaulting APP_URL
[harness] gitea: defaulting APP_EMAIL
[harness] gitea: defaulting APP_PASSWORD
[reset] gitea: no leftover bench issues
[harness] gitea responded 200 at http://127.0.0.1:8095/
stopped: fwgt8-n1
  flow "fwgt8" saved: 4 step(s), vars runid → /home/user/sitelooper/bench/results/flows/fwgt8.json
  warning: note: 01-open no longer publishes seed_issue_1, seed_issue_2, seed_issue_3 — no replay reads them from the page and the recording showed no line to read
  warning: note: 03-set no longer publishes labels_shown, assignee_shown, how_committed — no replay reads them from the page and the recording showed no line to read
  warning: note: 04-add no longer publishes labels_shown, milestone_shown — no replay reads them from the page and the recording showed no line to read
  warning: warning: 62 other value(s) the run saw survived unslotted, judged by shape only (usually page copy; non-fatal):
  flow.steps[0].instruction: "Open" (output) in "Open http://127.0.0.1:8095/ in the browser. If you are not already signed in, sign in with username admin and password {{env:APP_PASSWORD}} — type the password "
  flow.steps[2].instruction: "Bench Milestone" (output) in "On the issue page at {{02-create.url}} ('{{runid}} Bench Issue'), use the sidebar pickers to set exactly two labels: 'bug' and 'priority-high' (no others). Also"
  flow.steps[2].instruction: "priority-high" (output) in "On the issue page at {{02-create.url}} ('{{runid}} Bench Issue'), use the sidebar pickers to set exactly two labels: 'bug' and 'priority-high' (no others). Also"
  flow.steps[2].instruction: "bug" (output) in "On the issue page at {{02-create.url}} ('{{runid}} Bench Issue'), use the sidebar pickers to set exactly two labels: 'bug' and 'priority-high' (no others). Also"
  s_0b4489.reportTemplate.summary: "bench-assignee (Bench Assignee)" (output) in "Posted the comment \"{{v4}}\" on {{v1}} and verified it rendered on the page as the newest comment (with the original body \"Bench issue for run {{v3}}.\" above it)"
arm=sitelooper model=z-ai/glm-5.3 runid=fwgt8-n1 stop=completed
turns=5 wall=254.5s
commands=4 cmdTime=236.8s cmdBytes=5041 timeouts=0
orchestrator in=10565 cw=0 cr=7168 out=2288
inner prompt=1582749 cached=1463424 completion=23315
spend=$0.0632 maxUsd=3
learn: A_n=0 replayed=0/4 full=0 repaired=0 compiled=4 variants=0
-> /home/user/sitelooper/bench/results/fwgt8-n1-sitelooper-result.json

fwgt8-n1: objectives passed 7/7
  obj 1: PASS — all 3 seed titles reported
  obj 2: PASS — #4, state=open, description includes runid=true
  obj 3: PASS — labels=[bug, priority-high], want [bug, priority-high]
  obj 4: PASS — assignees=[bench-assignee]
  obj 5: PASS — milestone=Bench Milestone
  obj 6: PASS — 1 comment(s), 1 carrying the runid
  obj 7: PASS — issue #4 reported

[sweep] run 2/3: fwgt8-n2 (replay flow fwgt8, no orchestrator)
[reset] gitea: deleted 1 leftover bench issue(s)
[sweep] fwgt8-n2: 4 drift ticket(s) → fwgt8-n2-drift.json

fwgt8-n2: objectives passed 6/7
  obj 1: FAIL — title(s) not in report: Seed: ship repaired device, Seed: order missing parts, Seed: triage inbox
  obj 2: PASS — #5, state=open, description includes runid=true
  obj 3: PASS — labels=[bug, priority-high], want [bug, priority-high]
  obj 4: PASS — assignees=[bench-assignee]
  obj 5: PASS — milestone=Bench Milestone
  obj 6: PASS — 1 comment(s), 1 carrying the runid
  obj 7: PASS — issue #5 reported

[sweep] run 3/3: fwgt8-n3 (replay flow fwgt8, no orchestrator)
[reset] gitea: deleted 1 leftover bench issue(s)
[sweep] fwgt8-n3: 4 drift ticket(s) → fwgt8-n3-drift.json

fwgt8-n3: objectives passed 6/7
  obj 1: FAIL — title(s) not in report: Seed: ship repaired device, Seed: order missing parts, Seed: triage inbox
  obj 2: PASS — #6, state=open, description includes runid=true
  obj 3: PASS — labels=[bug, priority-high], want [bug, priority-high]
  obj 4: PASS — assignees=[bench-assignee]
  obj 5: PASS — milestone=Bench Milestone
  obj 6: PASS — 1 comment(s), 1 carrying the runid
  obj 7: PASS — issue #6 reported

Learning sweep fwgt8 (K=3)
┌─────────┬───┬────────────┬──────────┬─────────────┬───────┬──────┬───────────┬─────┬──────────────┬────────┐
│ (index) │ n │ runid      │ verified │ stop        │ turns │ cmds │ total_usd │ A_n │ replayed     │ wall_s │
├─────────┼───┼────────────┼──────────┼─────────────┼───────┼──────┼───────────┼─────┼──────────────┼────────┤
│ 0       │ 1 │ 'fwgt8-n1' │ '7/7'    │ 'completed' │ 5     │ 4    │ 0.0632    │ 0   │ '0/4'        │ 254    │
│ 1       │ 2 │ 'fwgt8-n2' │ '6/7'    │ 'success'   │ 0     │ 4    │ 0         │ 1   │ '4/4 (flow)' │ 42     │
│ 2       │ 3 │ 'fwgt8-n3' │ '6/7'    │ 'success'   │ 0     │ 4    │ 0         │ 1   │ '4/4 (flow)' │ 42     │
└─────────┴───┴────────────┴──────────┴─────────────┴───────┴──────┴───────────┴─────┴──────────────┴────────┘
http://127.0.0.1:8095
  s_0b4489  validated    7 steps  3/3 (100%)
           On the issue page at {{v1}} ('{{v2}}'), add a comment in the markdown comment textarea whose text includes '{{…
  s_168d46  validated    2 steps  3/3 (100%)
           Open {{v1}} in the browser. If you are not already signed in, sign in with username {{v2}} and password {{env:…
  s_1808b0  validated    3 steps  3/3 (100%)
           Open {{v1}} in the browser. If you are not already signed in, sign in with username {{v2}} and password {{env:…
  s_1c569f  validated    1 steps  3/3 (100%)
           Open {{v1}} in the browser. If you are not already signed in, sign in with username {{v2}} and password {{env:…
  s_25e28e  validated    1 steps  3/3 (100%)
           In the repository bench/bench-repo, create a new issue with the title '{{v2}}' (the runid is {{v1}}) and a des…
  s_5b29f0  validated    2 steps  3/3 (100%)
           On the issue page at {{v1}} ('{{v2}}'), add a comment in the markdown comment textarea whose text includes '{{…
  s_747732  validated   23 steps  3/3 (100%)
           On the issue page at {{v1}} ('{{v2}}'), use the sidebar pickers to set exactly two labels: 'bug' and 'priority…
  s_8c4d87  validated    5 steps  3/3 (100%)
           In the repository bench/bench-repo, create a new issue with the title '{{v2}}' (the runid is {{v1}}) and a des…
  s_c291a6  validated    2 steps  3/3 (100%)
           Open {{v1}} in the browser. If you are not already signed in, sign in with username {{v2}} and password {{env:…
  s_d03620  validated    2 steps  3/3 (100%)
           On the issue page at {{v1}} ('{{v2}}'), add a comment in the markdown comment textarea whose text includes '{{…
  s_f7db96  validated    3 steps  3/3 (100%)
           In the repository bench/bench-repo, create a new issue with the title '{{v2}}' (the runid is {{v1}}) and a des…
store: /home/user/sitelooper/bench/results/fwgt8-skills

summary: /home/user/sitelooper/bench/results/fwgt8-sweep.json
