
Running 1 test using 1 worker

[sitelooper skip] 01-open s_f4e8e5/18 target: no locator recorded — value left empty
[sitelooper step] 01-open
[sitelooper step] 02-open
[sitelooper step] 03-create
[sitelooper step] 04-add
[sitelooper drift] 05-change s_318ea6/6 target: primary locator('#issuecomment-3 > span:nth-of-type(2) > a') missed; used #2 locator('[data-sitelooper-point="214,424"]') (#1 absent)
[sitelooper drift] 05-change s_318ea6/8 target: primary locator('#issuecomment-3 > span:nth-of-type(2) > a') missed; used #2 locator('[data-sitelooper-point="214,424"]') (#1 absent)
[sitelooper drift] 05-change s_318ea6/10 target: primary locator('#issuecomment-3 > span:nth-of-type(2) > a') missed; used #2 locator('[data-sitelooper-point="214,424"]') (#1 absent)
[sitelooper step] 05-change
[sitelooper drift] 06-set s_6441ee/6 target: primary locator('#issuecomment-3 > span:nth-of-type(2) > a') missed; used #2 locator('[data-sitelooper-point="214,424"]') (#1 absent)
[sitelooper step] 06-set
[sitelooper drift] 07-add s_19ec52/4 target: primary locator('#issue-4 > div > div:nth-of-type(2) > div:nth-of-type(1) > p') missed; used #2 locator('[data-sitelooper-point="510,316"]') (#1 absent)
[sitelooper drift] 07-add s_19ec52/6 target: primary locator('#issuecomment-3 > span:nth-of-type(2) > a') missed; used #2 locator('[data-sitelooper-point="214,424"]') (#1 absent)
[sitelooper drift] 07-add s_19ec52/8 target: primary locator('#issue-4 > div > div:nth-of-type(2) > div:nth-of-type(1) > p') missed; used #2 locator('[data-sitelooper-point="510,316"]') (#1 absent)
[sitelooper step] 07-add
[sitelooper drift] 08-report s_743b9e/11 target: primary locator('#issuecomment-3 > span:nth-of-type(2) > a') missed; used #2 locator('[data-sitelooper-point="214,424"]') (#1 absent)
[sitelooper drift] 08-report s_743b9e/12 target: primary locator('#issue-4 > div > div:nth-of-type(2) > div:nth-of-type(1) > p') missed; used #2 locator('[data-sitelooper-point="510,316"]') (#1 absent)
[sitelooper drift] 08-report s_743b9e/19 target: primary locator('#issuecomment-3 > span:nth-of-type(2) > a') missed; used #2 locator('[data-sitelooper-point="214,424"]') (#1 absent)
[sitelooper drift] 08-report s_743b9e/21 target: primary locator('#issue-4 > div > div:nth-of-type(2) > div:nth-of-type(1) > p') missed; used #2 locator('[data-sitelooper-point="510,316"]') (#1 absent)
[sitelooper step] 08-report
  ✓  1 fwgt28.spec.ts:9:1 › fwgt28 (52.5s)

  1 passed (55.0s)
