
[sweep] run 1/3: fwgt20-n1 (store: /home/user/sitelooper/bench/results/fwgt20-skills)
[harness] gitea: defaulting APP_URL
[harness] gitea: defaulting APP_EMAIL
[harness] gitea: defaulting APP_PASSWORD
[reset] gitea: deleted 1 leftover bench issue(s)
[harness] gitea responded 200 at http://127.0.0.1:8095/
stopped: fwgt20-n1
  flow "fwgt20" saved: 11 step(s), vars runid → /home/user/sitelooper/bench/results/flows/fwgt20.json
  warning: note: 2 goal/report value(s) carrying a value this run made were slotted or dropped:
  s_066e94.reportTemplate.values.run_id dropped (recorded literal of a value this run made)
  s_066e94.reportTemplate.summary dropped (narrates a value this run made)
  warning: note: 01-signin no longer publishes final_url, nav_items — no replay reads them from the page and the recording showed no line to read
  warning: note: 05-open no longer publishes run_id — no replay reads it from the page and the recording showed no line to read
  warning: note: 07-create no longer publishes sidebar_labels_after_enter — no replay reads it from the page and the recording showed no line to read
  warning: warning: 11-open's instruction asks to report seed_issue_title_1, seed_issue_title_2, seed_issue_title_3, and no replay can publish them: nothing in its procedure reads them from the page, so export dropped them — re-record the step so the value is read, not only reported
  warning: note: 11-open no longer publishes open_issue_count, label_bug, label_priority_high — no replay reads them from the page and the recording showed no line to read
  warning: note: 01-signin: added a read for signed_in_user to s_f3124a (page.getByRole('menu', { name: 'admin', exact: true }); seen on the next instruction's start page)
  warning: warning: instruction "In repository bench/bench-repo, open the issue titled 'fwgt20-n1 Bench…" ran 3 state-changing step(s) but reported blocked — its work is NOT in the flow
  warning: warning: 109 other value(s) the run saw survived unslotted, judged by shape only (usually page copy; non-fatal):
  flow.startUrl: "http://127.0.0.1:8095/" (output) in "http://127.0.0.1:8095/"
  flow.steps[0].instruction: "admin" (output) in "Sign in to this Gitea instance: click the sign-in link/button, enter username 'admin' and password exactly the text {{env:APP_PASSWORD}} (type it literally as {"
  flow.steps[0].route: "http://127.0.0.1:8095/" (output) in "http://127.0.0.1:8095/"
  flow.steps[3].instruction: "admin" (output) in "If you are not signed in as user 'admin', sign in with username 'admin' and password '{{env:APP_PASSWORD}}' (type that text exactly as given). Then navigate to "
  flow.steps[3].params.v1: "admin" (output) in "admin"
arm=sitelooper model=z-ai/glm-5.3 runid=fwgt20-n1 stop=completed
turns=11 wall=477.7s
commands=10 cmdTime=451.9s cmdBytes=12374 timeouts=0
orchestrator in=11434 cw=0 cr=42176 out=2837
inner prompt=4366120 cached=4081664 completion=41339
spend=$0.3108 maxUsd=3
learn: A_n=0 replayed=0/12 full=0 repaired=0 compiled=11 variants=0
-> /home/user/sitelooper/bench/results/fwgt20-n1-sitelooper-result.json

fwgt20-n1: objectives passed 7/7
  obj 1: PASS — all 3 seed titles reported
  obj 2: PASS — #5, state=open, description includes runid=true
  obj 3: PASS — labels=[bug, priority-high], want [bug, priority-high]
  obj 4: PASS — assignees=[bench-assignee]
  obj 5: PASS — milestone=Bench Milestone
  obj 6: PASS — 1 comment(s), 1 carrying the runid
  obj 7: PASS — issue #5 reported

[sweep] run 2/3: fwgt20-n2 (replay flow fwgt20, no orchestrator)
[reset] gitea: deleted 1 leftover bench issue(s)
[sweep] fwgt20-n2: 6 drift ticket(s) → fwgt20-n2-drift.json
  *** DUPLICATE WORK *** 2 issues titled "fwgt20-n2 Bench Issue" (#7, #6) — the run created it more than once, so objectives 2-7 cannot be attributed to any single issue.

fwgt20-n2: objectives passed 7/7
  obj 1: PASS — all 3 seed titles reported
  obj 2: PASS — #7, state=open, description includes runid=true
  obj 3: PASS — labels=[bug, priority-high], want [bug, priority-high]
  obj 4: PASS — assignees=[bench-assignee]
  obj 5: PASS — milestone=Bench Milestone
  obj 6: PASS — 1 comment(s), 1 carrying the runid
  obj 7: PASS — issue #7 reported

[sweep] run 3/3: fwgt20-n3 (replay flow fwgt20, no orchestrator)
[reset] gitea: deleted 2 leftover bench issue(s)
[sweep] fwgt20-n3: 7 drift ticket(s) → fwgt20-n3-drift.json
  *** DUPLICATE WORK *** 2 issues titled "fwgt20-n3 Bench Issue" (#9, #8) — the run created it more than once, so objectives 2-7 cannot be attributed to any single issue.

fwgt20-n3: objectives passed 7/7
  obj 1: PASS — all 3 seed titles reported
  obj 2: PASS — #9, state=open, description includes runid=true
  obj 3: PASS — labels=[bug, priority-high], want [bug, priority-high]
  obj 4: PASS — assignees=[bench-assignee]
  obj 5: PASS — milestone=Bench Milestone
  obj 6: PASS — 1 comment(s), 1 carrying the runid
  obj 7: PASS — issue #9 reported

Learning sweep fwgt20 (K=3)
┌─────────┬───┬─────────────┬──────────┬─────────────┬───────┬──────┬───────────┬──────┬────────────────┬────────┐
│ (index) │ n │ runid       │ verified │ stop        │ turns │ cmds │ total_usd │ A_n  │ replayed       │ wall_s │
├─────────┼───┼─────────────┼──────────┼─────────────┼───────┼──────┼───────────┼──────┼────────────────┼────────┤
│ 0       │ 1 │ 'fwgt20-n1' │ '7/7'    │ 'completed' │ 11    │ 10   │ 0.3108    │ 0    │ '0/12'         │ 478    │
│ 1       │ 2 │ 'fwgt20-n2' │ '7/7'    │ 'success'   │ 38    │ 11   │ 0.0141    │ 0.82 │ '11/11 (flow)' │ 195    │
│ 2       │ 3 │ 'fwgt20-n3' │ '7/7'    │ 'success'   │ 7     │ 11   │ 0.003     │ 0.91 │ '11/11 (flow)' │ 103    │
└─────────┴───┴─────────────┴──────────┴─────────────┴───────┴──────┴───────────┴──────┴────────────────┴────────┘
http://127.0.0.1:8095
  s_00445c  validated    1 steps  4/4 (100%)
           In the repository bench/bench-repo, create a NEW issue with title exactly '{{v2}}' and a description (markdown…
  s_066e94  demoted      1 steps  1/3 (33%)
           In the repository bench/bench-repo, go to the Issues tab and list the titles of all OPEN issues whose title st…
  s_075f4a  validated    3 steps  3/3 (100%)
           Sign in to this Gitea instance: click the sign-in link/button, enter username 'admin' and password exactly the…
  s_1a3e82  validated    2 steps  3/3 (100%)
           On the issue page {{v1}} ('{{v2}} Bench Issue'), add a comment whose text includes the runid '{{v2}}' (for exa…
  s_3430bc  validated    1 steps  3/3 (100%)
           Navigate to the repository bench/bench-repo (go to http://127.0.0.1:8095/bench/bench-repo then open its Issues…
  s_360273  validated    1 steps  3/3 (100%)
           Sign in to this Gitea instance: click the sign-in link/button, enter username 'admin' and password exactly the…
  s_4a3554  validated    3 steps  3/3 (100%)
           Navigate to the repository bench/bench-repo (go to http://127.0.0.1:8095/bench/bench-repo then open its Issues…
  s_5639d7  validated    3 steps  3/3 (100%)
           In the repository bench/bench-repo, create a NEW issue with title exactly '{{v2}}' and a description (markdown…
  s_5a954b  validated    3 steps  3/3 (100%)
           On the issue page {{v1}} ('{{v2}} Bench Issue'), use the Milestone picker in the sidebar to set the issue's mi…
  s_5b8b75  validated   16 steps  3/3 (100%)
           On the issue page {{v2}} ('{{v1}} Bench Issue'), use the Labels picker in the sidebar to give the issue exactl…
  s_63e56c  validated    4 steps  3/3 (100%)
           On the issue page {{v1}} ('{{v2}} Bench Issue'), add a comment whose text includes the runid '{{v2}}' (for exa…
  s_814757  validated    1 steps  3/3 (100%)
           If you are not signed in as user '{{v1}}', sign in with username '{{v1}}' and password '{{env:APP_PASSWORD}}' …
  s_ad355f  validated    3 steps  3/3 (100%)
           In the repository bench/bench-repo, create a NEW issue with title exactly '{{v2}}' and a description (markdown…
  s_adb368  demoted      1 steps  1/3 (33%)
           Final verification, read-only, do not modify anything. Part A: In repository bench/bench-repo, open the Issues…
  s_e81d43  validated    2 steps  3/3 (100%)
           On the issue page {{v1}} ('{{v2}} Bench Issue'), add a comment whose text includes the runid '{{v2}}' (for exa…
  s_f3124a  validated    4 steps  3/3 (100%)
           Sign in to this Gitea instance: click the sign-in link/button, enter username 'admin' and password exactly the…
  s_fe764c  validated    4 steps  3/3 (100%)
           On the issue page {{v1}} ('{{v2}} Bench Issue'), use the Assignees picker in the sidebar to assign the issue t…
  s_4026c5  validated    3 steps  2/2 (100%)
           In repository bench/bench-repo, create a new issue with title exactly '{{v2}}' and description text that inclu…
  s_428c89  validated    3 steps  2/2 (100%)  variant of s_adb368
           Final verification, read-only, do not modify anything. Part A: In repository bench/bench-repo, open the Issues…
  s_44d927  validated    2 steps  2/2 (100%)
           In repository bench/bench-repo, create a new issue with title exactly '{{v2}}' and description text that inclu…
  s_486d9d  validated   18 steps  2/2 (100%)  variant of s_066e94
           In the repository bench/bench-repo, go to the Issues tab and list the titles of all OPEN issues whose title st…
  s_50872c  validated    3 steps  2/2 (100%)  variant of s_adb368
           Final verification, read-only, do not modify anything. Part A: In repository bench/bench-repo, open the Issues…
  s_702012  validated    7 steps  2/2 (100%)  variant of s_adb368
           Final verification, read-only, do not modify anything. Part A: In repository bench/bench-repo, open the Issues…
  s_87bbf6  demoted      1 steps  2/2 (100%)
           In repository bench/bench-repo, create a new issue with title exactly '{{v2}}' and description text that inclu…
  s_b3f8bb  validated    1 steps  2/2 (100%)  variant of s_adb368
           Final verification, read-only, do not modify anything. Part A: In repository bench/bench-repo, open the Issues…
  s_ca24ad  validated    1 steps  2/2 (100%)  variant of s_066e94
           In the repository bench/bench-repo, go to the Issues tab and list the titles of all OPEN issues whose title st…
  s_d9e076  validated    2 steps  2/2 (100%)  variant of s_adb368
           Final verification, read-only, do not modify anything. Part A: In repository bench/bench-repo, open the Issues…
  s_228540  provisional  1 steps  1/1 (100%)
           In repository bench/bench-repo, create a new issue with title exactly '{{v1}}' and description text that inclu…
  s_578530  provisional  6 steps  1/1 (100%)
           In repository bench/bench-repo, create a new issue with title exactly '{{v1}}' and description text that inclu…
  s_a29b5c  provisional  3 steps  1/1 (100%)
           In repository bench/bench-repo, create a new issue with title exactly '{{v1}}' and description text that inclu…
  s_bead1e  provisional  1 steps  1/1 (100%)
           Final verification, read-only, do not modify anything. Part A: In repository bench/bench-repo, open the Issues…
  s_cd82d9  provisional  2 steps  1/1 (100%)
           Final verification, read-only, do not modify anything. Part A: In repository bench/bench-repo, open the Issues…
store: /home/user/sitelooper/bench/results/fwgt20-skills

summary: /home/user/sitelooper/bench/results/fwgt20-sweep.json
