
Running 1 test using 1 worker

[sitelooper warn] 01-signin s_8ccab5/2: read 'account_menu_username' returned 'Signed in as admin' from a control this step set, and nothing committed it since — it shows the control, however the app formats it, not what the app stored; dropped from the report's confident values
[sitelooper warn] 01-signin s_8ccab5/4: read 'profile_menu_item' returned 'Profile' from a control this step set, and nothing committed it since — it shows the control, however the app formats it, not what the app stored; dropped from the report's confident values
[sitelooper warn] 01-signin s_8ccab5/5: read 'settings_menu_item' returned 'Settings' from a control this step set, and nothing committed it since — it shows the control, however the app formats it, not what the app stored; dropped from the report's confident values
[sitelooper step] 01-signin
[sitelooper warn] 02-open: report value run_id is given, not observed: it is built only from the step's own parameters, and neither this run's page nor any of its reads shows it — withheld
[sitelooper step] 02-open
[sitelooper drift] 03-create s_309797/2 target: primary getByText('Bench issue created for run fwgt19-spec', { exact: true }) missed; used #2 locator('.comment .render-content') (#1 ambiguous)
[sitelooper step] 03-create
[sitelooper step] 04-set
[sitelooper step] 05-open
[sitelooper step] 06-set
[sitelooper drift] 07-add s_aa83fe/3 target: primary locator('#issue-4 > div > div:nth-of-type(2) > div:nth-of-type(1) > p') missed; used #2 locator('[data-sitelooper-point="510,316"]') (#1 absent)
[sitelooper step] 07-add
[sitelooper drift] 08-open s_946b5d/1 target: primary getByRole('heading', { name: /^[\s\p{Co}\p{So}\p{Cf}]*fwgt19-spec\s+Bench\s+Issue\s+#4[\s\p{Co}\p{So}\p{Cf}]*$/u }) missed; used #2 locator('h1') (#1 absent)
[sitelooper drift] 08-open s_946b5d/7 target: primary locator('#issue-4 > div > div:nth-of-type(2) > div:nth-of-type(1) > p') missed; used #2 locator('[data-sitelooper-point="510,316"]') (#1 absent)
[sitelooper drift] 08-open s_946b5d/9 target: primary getByRole('heading', { name: /^[\s\p{Co}\p{So}\p{Cf}]*fwgt19-spec\s+Bench\s+Issue\s+#4[\s\p{Co}\p{So}\p{Cf}]*$/u }) missed; used #2 locator('#issue-title-display > h1') (#1 absent)
[sitelooper step] 08-open
  ✓  1 fwgt19.spec.ts:9:1 › fwgt19 (43.7s)

  1 passed (46.6s)
