
[sweep] run 1/3: fwgt19-n1 (store: /home/user/sitelooper/bench/results/fwgt19-skills)
[harness] gitea: defaulting APP_URL
[harness] gitea: defaulting APP_EMAIL
[harness] gitea: defaulting APP_PASSWORD
[reset] gitea: no leftover bench issues
[harness] gitea responded 200 at http://127.0.0.1:8095/
stopped: fwgt19-n1
  flow "fwgt19" saved: 8 step(s), vars runid → /home/user/sitelooper/bench/results/flows/fwgt19.json
  warning: warning: 02-open's instruction asks to report Bench Issue, and only a recorded literal backs it: no read in its procedure publishes it, so a replay reports it only if the page it ends on shows that exact text — re-record the step so the value is read where it is shown
  warning: note: 05-open no longer publishes assignees_after_reload — no replay reads it from the page and the recording showed no line to read
  warning: note: 06-set no longer publishes milestone_after_reload — no replay reads it from the page and the recording showed no line to read
  warning: warning: 67 other value(s) the run saw survived unslotted, judged by shape only (usually page copy; non-fatal):
  flow.steps[0].instruction: "admin" (output) in "Navigate to http://127.0.0.1:8095/ and sign in with username 'admin'. For the password field, type the literal text {{env:APP_PASSWORD}} exactly as given (the e"
  flow.steps[0].params.v2: "admin" (output) in "admin"
  flow.steps[1].route: "http://127.0.0.1:8095/bench/bench-repo/issues" (output) in "http://127.0.0.1:8095/bench/bench-repo/issues"
  flow.steps[2].route: "http://127.0.0.1:8095/bench/bench-repo/issues" (output) in "http://127.0.0.1:8095/bench/bench-repo/issues/:id"
  flow.steps[3].route: "http://127.0.0.1:8095/bench/bench-repo/issues" (output) in "http://127.0.0.1:8095/bench/bench-repo/issues/:id"
arm=sitelooper model=z-ai/glm-5.3 runid=fwgt19-n1 stop=completed
turns=9 wall=298.9s
commands=8 cmdTime=268.0s cmdBytes=7750 timeouts=0
orchestrator in=8378 cw=0 cr=30400 out=3164
inner prompt=1821577 cached=1693696 completion=20056
spend=$0.07 maxUsd=3
learn: A_n=0 replayed=0/8 full=0 repaired=0 compiled=8 variants=0
-> /home/user/sitelooper/bench/results/fwgt19-n1-sitelooper-result.json

fwgt19-n1: objectives passed 7/7
  obj 1: PASS — all 3 seed titles reported
  obj 2: PASS — #4, state=open, description includes runid=true
  obj 3: PASS — labels=[bug, priority-high], want [bug, priority-high]
  obj 4: PASS — assignees=[bench-assignee]
  obj 5: PASS — milestone=Bench Milestone
  obj 6: PASS — 1 comment(s), 1 carrying the runid
  obj 7: PASS — issue #4 reported

[sweep] run 2/3: fwgt19-n2 (replay flow fwgt19, no orchestrator)
[reset] gitea: deleted 1 leftover bench issue(s)
[sweep] fwgt19-n2: 5 drift ticket(s) → fwgt19-n2-drift.json

fwgt19-n2: objectives passed 7/7
  obj 1: PASS — all 3 seed titles reported
  obj 2: PASS — #5, state=open, description includes runid=true
  obj 3: PASS — labels=[bug, priority-high], want [bug, priority-high]
  obj 4: PASS — assignees=[bench-assignee]
  obj 5: PASS — milestone=Bench Milestone
  obj 6: PASS — 1 comment(s), 1 carrying the runid
  obj 7: PASS — issue #5 reported

[sweep] run 3/3: fwgt19-n3 (replay flow fwgt19, no orchestrator)
[reset] gitea: deleted 1 leftover bench issue(s)
[sweep] fwgt19-n3: 5 drift ticket(s) → fwgt19-n3-drift.json

fwgt19-n3: objectives passed 7/7
  obj 1: PASS — all 3 seed titles reported
  obj 2: PASS — #6, state=open, description includes runid=true
  obj 3: PASS — labels=[bug, priority-high], want [bug, priority-high]
  obj 4: PASS — assignees=[bench-assignee]
  obj 5: PASS — milestone=Bench Milestone
  obj 6: PASS — 1 comment(s), 1 carrying the runid
  obj 7: PASS — issue #6 reported

Learning sweep fwgt19 (K=3)
┌─────────┬───┬─────────────┬──────────┬─────────────┬───────┬──────┬───────────┬─────┬──────────────┬────────┐
│ (index) │ n │ runid       │ verified │ stop        │ turns │ cmds │ total_usd │ A_n │ replayed     │ wall_s │
├─────────┼───┼─────────────┼──────────┼─────────────┼───────┼──────┼───────────┼─────┼──────────────┼────────┤
│ 0       │ 1 │ 'fwgt19-n1' │ '7/7'    │ 'completed' │ 9     │ 8    │ 0.07      │ 0   │ '0/8'        │ 299    │
│ 1       │ 2 │ 'fwgt19-n2' │ '7/7'    │ 'success'   │ 0     │ 8    │ 0         │ 1   │ '8/8 (flow)' │ 55     │
│ 2       │ 3 │ 'fwgt19-n3' │ '7/7'    │ 'success'   │ 0     │ 8    │ 0         │ 1   │ '8/8 (flow)' │ 56     │
└─────────┴───┴─────────────┴──────────┴─────────────┴───────┴──────┴───────────┴─────┴──────────────┴────────┘
http://127.0.0.1:8095
  s_2313ac  validated    5 steps  3/3 (100%)
           On the Gitea issue page {{v1}} (issue titled '{{v3}}'), use the Milestone picker in the issue's right-hand sid…
  s_2df1f5  validated    2 steps  3/3 (100%)
           Navigate to {{v1}} and sign in with username '{{v2}}'. For the password field, type the literal text {{v3}} ex…
  s_309797  validated    7 steps  3/3 (100%)
           In the repository bench/bench-repo at http://127.0.0.1:8095/bench/bench-repo, create a new issue with the titl…
  s_394a53  validated    1 steps  3/3 (100%)
           Go to the repository bench/bench-repo at {{v2}} and open its Issues list (open issues only, not closed). Repor…
  s_3f18dd  validated    7 steps  3/3 (100%)
           On the Gitea issue page {{v1}} (issue titled '{{v3}}'), use the Assignees picker in the issue's right-hand sid…
  s_5e6bd7  validated    1 steps  3/3 (100%)
           Open the Gitea issue page {{v1}} fresh (full reload) and verify all of the following, reporting the exact on-s…
  s_6703b0  validated    3 steps  3/3 (100%)
           Navigate to {{v1}} and sign in with username '{{v2}}'. For the password field, type the literal text {{v3}} ex…
  s_6c9922  validated    2 steps  3/3 (100%)
           On the Gitea issue page {{v1}} (issue titled '{{v3}}'), add a comment using the comment markdown text area at …
  s_8ccab5  validated    5 steps  3/3 (100%)
           Navigate to {{v1}} and sign in with username '{{v2}}'. For the password field, type the literal text {{v3}} ex…
  s_8d7f36  validated   12 steps  3/3 (100%)
           On the Gitea issue page {{v1}} (issue titled '{{v3}}'), use the Labels picker in the issue's right-hand sideba…
  s_946b5d  validated    9 steps  3/3 (100%)
           Open the Gitea issue page {{v1}} fresh (full reload) and verify all of the following, reporting the exact on-s…
  s_9f0088  validated    3 steps  3/3 (100%)
           In the repository bench/bench-repo at http://127.0.0.1:8095/bench/bench-repo, create a new issue with the titl…
  s_aa83fe  validated    5 steps  3/3 (100%)
           On the Gitea issue page {{v1}} (issue titled '{{v3}}'), add a comment using the comment markdown text area at …
  s_cfd175  validated    1 steps  3/3 (100%)
           In the repository bench/bench-repo at http://127.0.0.1:8095/bench/bench-repo, create a new issue with the titl…
  s_d93d1e  validated    1 steps  3/3 (100%)
           Go to the repository bench/bench-repo at {{v2}} and open its Issues list (open issues only, not closed). Repor…
  s_f735f9  validated   15 steps  3/3 (100%)
           Go to the repository bench/bench-repo at {{v2}} and open its Issues list (open issues only, not closed). Repor…
store: /home/user/sitelooper/bench/results/fwgt19-skills

summary: /home/user/sitelooper/bench/results/fwgt19-sweep.json
SWEEP_EXIT_CODE=0
