
Running 1 test using 1 worker

[sitelooper skip] 01-signin s_f3124a/4 target: no locator recorded — value left empty
[sitelooper step] 01-signin
[sitelooper step] 02-open
[sitelooper step] 03-create
[sitelooper step] 04-signin
[sitelooper step] 05-open
[sitelooper step] 06-create
[sitelooper drift] 07-create s_5b8b75/16 target: primary getByRole('heading', { name: /^[\s\p{Co}\p{So}\p{Cf}]*fwgt20-spec\s+Bench\s+Issue\s+#5[\s\p{Co}\p{So}\p{Cf}]*$/u }) missed; used #2 locator('#issue-title-display > h1') (#1 absent)
[sitelooper step] 07-create
[sitelooper step] 08-report
[sitelooper step] 09-set
[sitelooper drift] 10-add s_63e56c/3 target: primary locator('#issue-5 > div > div:nth-of-type(2) > div:nth-of-type(1) > p') missed; used #2 locator('[data-sitelooper-point="510,316"]') (#1 absent)
[sitelooper drift] 10-add s_63e56c/4 target: primary getByRole('heading', { name: /^[\s\p{Co}\p{So}\p{Cf}]*fwgt20-spec\s+Bench\s+Issue\s+#5[\s\p{Co}\p{So}\p{Cf}]*$/u }) missed; used #2 locator('#issue-title-display > h1') (#1 absent)
[sitelooper step] 10-add
[sitelooper drift] 11-open s_702012/5 target: primary locator('#issuecomment-8 > span:nth-of-type(2) > a') missed; used #2 locator('[data-sitelooper-point="214,424"]') (#1 absent)
[sitelooper drift] 11-open s_702012/6 target: primary locator('#issue-7 > div > div:nth-of-type(2) > div:nth-of-type(1) > p') missed; used #2 locator('[data-sitelooper-point="510,316"]') (#1 absent)
[sitelooper step] 11-open
  ✓  1 fwgt20.spec.ts:9:1 › fwgt20 (1.1m)

  1 passed (1.1m)
