
Running 1 test using 1 worker

[sitelooper warn] 01-open: report value signed_in_as is only what this run typed: no click's own diff showed it outside its control and no read returned it — withheld from the report (still given to a later step)
[sitelooper step] 01-open
[sitelooper step] 02-create
[sitelooper step] 03-open
  ✘  1 fwgt15-cv2.spec.ts:9:1 › fwgt15-cv2 (25.2s)


  1) fwgt15-cv2.spec.ts:9:1 › fwgt15-cv2 › 04-add: On the issue page {{02-create.url}}, the issue currently has the label '{{03-open.applied_label_link}}'. Add the label 'priority-high' to it using the Labels picker in the issue sidebar. The picker is a dropdown menu listing available labels with checkboxes — open it, tick/select the 'priority-high' entry, then close the menu (click elsewhere or press Escape) so Gitea saves the change. The goal is that the issue page ends up displaying BOTH labels '{{03-open.applied_label_link}}' and 'priority-high' on the issue itself (not just ticked inside the open menu). If clicking the menu item does not apply it, try alternatives such as keyboard navigation (arrow keys + Enter) or clicking the item's checkbox/label element. Verify at the end by reading the sidebar label list, and report the labels displayed. Do not remove the '{{03-open.applied_label_link}}' label. 

    Error: none of 1 recorded locators resolved at 04-add s_e18531/3 target (page is at http://127.0.0.1:8095/bench/bench-repo/issues/19): locator('[data-sitelooper-point="988,595"]')

       at fwgt15-cv2.flow.ts:13148

      13146 | /** The stop for a chain that resolved nothing, shared by `pick` and `pickOrNavigate`. */
      13147 | function pickMiss(page: Page, candidates: CandidateObservation[], where: string, note?: string): Error {
    > 13148 |   return new Error(
            |          ^
      13149 |     // The url and the recorded step are half the answer whenever a chain
      13150 |     // misses wholesale: a locator that named the control on the day it was
      13151 |     // recorded usually misses because the page is not the page the step
        at pickMiss (/home/user/sitelooper/bench/results/fwgt15-cv2-c4-spec-tmp/fwgt15-cv2.flow.ts:13148:10)
        at pickOrNavigate (/home/user/sitelooper/bench/results/fwgt15-cv2-c4-spec-tmp/fwgt15-cv2.flow.ts:13198:9)
        at Object.act (/home/user/sitelooper/bench/results/fwgt15-cv2-c4-spec-tmp/fwgt15-cv2.flow.ts:14775:22)
        at runStepLifecycle (/home/user/sitelooper/bench/results/fwgt15-cv2-c4-spec-tmp/fwgt15-cv2.flow.ts:8850:18)
        at Object.04-add (/home/user/sitelooper/bench/results/fwgt15-cv2-c4-spec-tmp/fwgt15-cv2.flow.ts:14768:5)
        at /home/user/sitelooper/bench/results/fwgt15-cv2-c4-spec-tmp/fwgt15-cv2.flow.ts:17434:7
        at runFlow (/home/user/sitelooper/bench/results/fwgt15-cv2-c4-spec-tmp/fwgt15-cv2.flow.ts:17433:5)
        at /home/user/sitelooper/bench/results/fwgt15-cv2-c4-spec-tmp/fwgt15-cv2.spec.ts:14:21

    attachment #1: sitelooper-drift (text/plain) ───────────────────────────────────────────────────
    
    ────────────────────────────────────────────────────────────────────────────────────────────────

    attachment #2: screenshot (image/png) ──────────────────────────────────────────────────────────
    test-results/fwgt15-cv2-fwgt15-cv2/test-failed-1.png
    ────────────────────────────────────────────────────────────────────────────────────────────────

    Error Context: test-results/fwgt15-cv2-fwgt15-cv2/error-context.md

  1 failed
    fwgt15-cv2.spec.ts:9:1 › fwgt15-cv2 ────────────────────────────────────────────────────────────
