
[sweep] run 1/3: fwkb45-n1 (store: /home/user/sitelooper/bench/results/fwkb45-skills)
[harness] kanboard: defaulting APP_URL
[harness] kanboard: defaulting APP_EMAIL
[harness] kanboard: defaulting APP_PASSWORD
[reset] kanboard: no leftover bench tasks
[harness] kanboard responded 302 at http://127.0.0.1:8085/
stopped: fwkb45-n1
  flow "fwkb45" saved: 6 step(s), vars runid → /home/user/sitelooper/bench/results/flows/fwkb45.json
  warning: warning: 02-create's instruction asks to report task_id_display, and only a recorded literal backs it: no read in its procedure publishes it, so a replay reports it only if the page it ends on shows that exact text — re-record the step so the value is read where it is shown
  warning: warning: 06-change's instruction asks to report g_task_id_displayed, and only a recorded literal backs it: no read in its procedure publishes it, so a replay reports it only if the page it ends on shows that exact text — re-record the step so the value is read where it is shown
  warning: note: 02-create no longer publishes project_id — no replay reads it from the page and the recording showed no line to read
  warning: note: 03-verify no longer publishes task_id, backlog_count, ready_count, done_count — no replay reads them from the page and the recording showed no line to read
  warning: note: 04-add no longer publishes comment_author_and_meta — no replay reads it from the page and the recording showed no line to read
  warning: note: 05-set no longer publishes due_date_iso, form_date_due_form_date_ — no replay reads them from the page and the recording showed no line to read
  warning: note: 06-change no longer publishes seed_tasks_metadata, task_4_page_url, task_page_heading — no replay reads them from the page and the recording showed no line to read
  warning: warning: 168 other value(s) the run saw survived unslotted, judged by shape only (usually page copy; non-fatal):
  flow.steps[0].instruction: "Bench Board" (output) in "Open http://127.0.0.1:8085/ and sign in with username 'admin' and password '{{env:APP_PASSWORD}}' — type the password exactly as that literal text including the"
  flow.steps[0].instruction: "admin" (output) in "Open http://127.0.0.1:8085/ and sign in with username 'admin' and password '{{env:APP_PASSWORD}}' — type the password exactly as that literal text including the"
  flow.steps[0].instruction: "text" (output) in "Open http://127.0.0.1:8085/ and sign in with username 'admin' and password '{{env:APP_PASSWORD}}' — type the password exactly as that literal text including the"
  flow.steps[0].params.v2: "admin" (output) in "admin"
  flow.steps[1].instruction: "Bench Board" (output) in "On the 'Bench Board' project board, create a new task with title exactly '{{runid}} Bench Task' and a description that includes the text '{{runid}}' (e.g. 'Benc"
  warning: {{02-create.task_id_display}} (used by 03-verify) can only be re-observed by model recovery — consider re-recording so the value is read from the page.
  warning: 02-create reports task_id_display, but no segment of the procedure it pins (s_ee7c37, with any later segment of its chain) re-reads it from the page — a replay without the model will succeed without that value; re-record so a read for it lands in that procedure's last segment.
arm=sitelooper model=z-ai/glm-5.3 runid=fwkb45-n1 stop=completed
turns=7 wall=245.4s
commands=6 cmdTime=228.4s cmdBytes=7710 timeouts=0
orchestrator in=5134 cw=0 cr=22848 out=2400
inner prompt=1383432 cached=1274624 completion=21148
spend=$0.0567 maxUsd=3
learn: A_n=0 replayed=0/6 full=0 repaired=0 compiled=6 variants=0
-> /home/user/sitelooper/bench/results/fwkb45-n1-sitelooper-result.json

fwkb45-n1: objectives passed 6/6
  obj 1: PASS — all 4 column names reported (Backlog | Ready | Work in progress | Done)
  obj 2: PASS — description includes runid=true
  obj 3: PASS — column=Work in progress
  obj 4: PASS — 1 comment(s), 1 carrying the runid
  obj 5: PASS — date_due=2026-12-31, want 2026-12-31
  obj 6: PASS — task id 4 reported

[sweep] run 2/3: fwkb45-n2 (replay flow fwkb45, no orchestrator)
[reset] kanboard: deleted 1 leftover bench task(s)
[sweep] fwkb45-n2: 1 drift ticket(s) → fwkb45-n2-drift.json

fwkb45-n2: objectives passed 6/6
  obj 1: PASS — all 4 column names reported (Backlog | Ready | Work in progress | Done)
  obj 2: PASS — description includes runid=true
  obj 3: PASS — column=Work in progress
  obj 4: PASS — 1 comment(s), 1 carrying the runid
  obj 5: PASS — date_due=2026-12-31, want 2026-12-31
  obj 6: PASS — task id 4 reported

[sweep] run 3/3: fwkb45-n3 (replay flow fwkb45, no orchestrator)
[reset] kanboard: deleted 1 leftover bench task(s)
[sweep] fwkb45-n3: 1 drift ticket(s) → fwkb45-n3-drift.json

fwkb45-n3: objectives passed 6/6
  obj 1: PASS — all 4 column names reported (Backlog | Ready | Work in progress | Done)
  obj 2: PASS — description includes runid=true
  obj 3: PASS — column=Work in progress
  obj 4: PASS — 1 comment(s), 1 carrying the runid
  obj 5: PASS — date_due=2026-12-31, want 2026-12-31
  obj 6: PASS — task id 4 reported

Learning sweep fwkb45 (K=3)
┌─────────┬───┬─────────────┬──────────┬─────────────┬───────┬──────┬───────────┬─────┬──────────────┬────────┐
│ (index) │ n │ runid       │ verified │ stop        │ turns │ cmds │ total_usd │ A_n │ replayed     │ wall_s │
├─────────┼───┼─────────────┼──────────┼─────────────┼───────┼──────┼───────────┼─────┼──────────────┼────────┤
│ 0       │ 1 │ 'fwkb45-n1' │ '6/6'    │ 'completed' │ 7     │ 6    │ 0.0567    │ 0   │ '0/6'        │ 245    │
│ 1       │ 2 │ 'fwkb45-n2' │ '6/6'    │ 'success'   │ 0     │ 6    │ 0         │ 1   │ '6/6 (flow)' │ 47     │
│ 2       │ 3 │ 'fwkb45-n3' │ '6/6'    │ 'success'   │ 0     │ 6    │ 0         │ 1   │ '6/6 (flow)' │ 47     │
└─────────┴───┴─────────────┴──────────┴─────────────┴───────┴──────┴───────────┴─────┴──────────────┴────────┘
http://127.0.0.1:8085
  s_31d4dd  validated   18 steps  3/3 (100%)
           Final verification, read-only — do not change anything. Open the '{{v1}}' project board and report: (a) the bo…
  s_9f60e6  validated   19 steps  3/3 (100%)
           On the task page for task #4 ('{{v1}}') in the '{{v3}}' project, set the task's due date to 2026-12-31 (Decemb…
  s_bc49a7  validated   11 steps  3/3 (100%)
           On the '{{v1}}' project board, move the task titled '{{v2}}' (task #4) so that it sits in the '{{v4}}' column.…
  s_c71c73  validated   20 steps  3/3 (100%)
           Open {{v1}} and sign in with username '{{v2}}' and password '{{v3}}' — type the password exactly as that liter…
  s_ee7c37  validated   13 steps  3/3 (100%)
           On the '{{v1}}' project board, create a new task with title exactly '{{v4}}' and a description that includes t…
  s_fa19c0  validated   13 steps  3/3 (100%)
           On the task page for task #4 ('{{v1}}') in the '{{v3}}' project, add a comment whose text includes the runid '…
store: /home/user/sitelooper/bench/results/fwkb45-skills

summary: /home/user/sitelooper/bench/results/fwkb45-sweep.json
