
[sweep] run 1/3: fwkb14-n1 (store: /home/user/sitelooper/bench/results/fwkb14-skills)
[harness] kanboard: defaulting APP_URL
[harness] kanboard: defaulting APP_EMAIL
[harness] kanboard: defaulting APP_PASSWORD
[reset] kanboard: no leftover bench tasks
[harness] kanboard responded 302 at http://127.0.0.1:8085/
stopped: fwkb14-n1
  flow "fwkb14" saved: 6 step(s), vars runid → /home/user/sitelooper/bench/results/flows/fwkb14.json
  warning: note: 01-signin no longer publishes column_count, tasks_visible_in_backlog — no replay reads them from the page and the recording showed no line to read
  warning: note: 02-create no longer publishes task_id, board_url, task_url — no replay reads them from the page and the recording showed no line to read
  warning: note: 03-verify no longer publishes task_id, backlog_cards — no replay reads them from the page and the recording showed no line to read
  warning: note: 04-add no longer publishes task_id, comment_author, comment_created_at — no replay reads them from the page and the recording showed no line to read
  warning: note: 05-set no longer publishes task_id, date_format_used_in_field — no replay reads them from the page and the recording showed no line to read
  warning: note: 06-open no longer publishes board_columns_left_to_right, task_id, column_card_counts, comment_count, due_date_as_displayed, board_url — no replay reads them from the page and the recording showed no line to read
  warning: note: 01-signin: added a read for column_3 to s_10a220 (page.getByRole('cell', { name: 'Work in progress', exact: true }), page.getByRole('link', { name: 'Work in progress', exact: true }); seen on the next instruction's start page)
  warning: note: 01-signin: added a read for column_1 to s_10a220 (page.getByRole('link', { name: 'Backlog', exact: true }); seen on the next instruction's start page)
  warning: note: 01-signin: added a read for column_2 to s_10a220 (page.getByRole('cell', { name: 'Ready', exact: true }), page.getByRole('link', { name: 'Ready', exact: true }); seen on the next instruction's start page)
  warning: note: 01-signin: added a read for column_4 to s_10a220 (page.getByRole('cell', { name: 'Done', exact: true }), page.getByRole('link', { name: 'Done', exact: true }); seen on the next instruction's start page)
  warning: note: 06-open: added a read for current_column to s_807211 (page.getByRole('link', { name: 'Work in progress', exact: true }); seen on the instruction's own page)
  warning: note: 06-open: added a read for column_done to s_807211 (page.getByRole('cell', { name: 'Done', exact: true }), page.getByRole('link', { name: 'Done', exact: true }); seen on the instruction's own page)
  warning: warning: 105 other value(s) the run saw survived unslotted, judged by shape only (usually page copy; non-fatal):
  flow.steps[0].instruction: "Bench Board" (output) in "Sign in with username 'admin' and password 'admin'. Then navigate to the project named 'Bench Board' and open its board view. Report the names of the board's co"
  flow.steps[0].instruction: "admin" (output) in "Sign in with username 'admin' and password 'admin'. Then navigate to the project named 'Bench Board' and open its board view. Report the names of the board's co"
  flow.steps[1].instruction: "Bench Board" (output) in "On the 'Bench Board' project board, create a new task with title exactly '{{runid}} Bench Task' and a description that includes the text '{{runid}}' (e.g. 'Benc"
  flow.steps[1].params.v1: "Bench Board" (output) in "Bench Board"
  flow.steps[2].instruction: "Bench Board" (output) in "Move the task titled '{{runid}} Bench Task' (task #4) on the 'Bench Board' board so that it sits in the '{{01-signin.column_3}}' column. You may drag the card b"
arm=sitelooper model=z-ai/glm-5.3 runid=fwkb14-n1 stop=completed
turns=8 wall=239.7s
commands=7 cmdTime=203.1s cmdBytes=6051 timeouts=0
orchestrator in=13433 cw=0 cr=15488 out=2436
inner prompt=950814 cached=861056 completion=14018
spend=$0.058 maxUsd=3
learn: A_n=0 replayed=0/6 full=0 repaired=0 compiled=6 variants=0
-> /home/user/sitelooper/bench/results/fwkb14-n1-sitelooper-result.json

fwkb14-n1: objectives passed 6/6
  obj 1: PASS — all 4 column names reported (Backlog | Ready | Work in progress | Done)
  obj 2: PASS — description includes runid=true
  obj 3: PASS — column=Work in progress
  obj 4: PASS — 1 comment(s), 1 carrying the runid
  obj 5: PASS — date_due=2026-12-31, want 2026-12-31
  obj 6: PASS — task id 4 reported

[sweep] run 2/3: fwkb14-n2 (replay flow fwkb14, no orchestrator)
[reset] kanboard: deleted 1 leftover bench task(s)
[sweep] fwkb14-n2: 8 drift ticket(s) → fwkb14-n2-drift.json

fwkb14-n2: objectives passed 6/6
  obj 1: PASS — all 4 column names reported (Backlog | Ready | Work in progress | Done)
  obj 2: PASS — description includes runid=true
  obj 3: PASS — column=Work in progress
  obj 4: PASS — 1 comment(s), 1 carrying the runid
  obj 5: PASS — date_due=2026-12-31, want 2026-12-31
  obj 6: PASS — task id 4 reported

[sweep] run 3/3: fwkb14-n3 (replay flow fwkb14, no orchestrator)
[reset] kanboard: deleted 1 leftover bench task(s)
[sweep] fwkb14-n3: 8 drift ticket(s) → fwkb14-n3-drift.json

fwkb14-n3: objectives passed 6/6
  obj 1: PASS — all 4 column names reported (Backlog | Ready | Work in progress | Done)
  obj 2: PASS — description includes runid=true
  obj 3: PASS — column=Work in progress
  obj 4: PASS — 1 comment(s), 1 carrying the runid
  obj 5: PASS — date_due=2026-12-31, want 2026-12-31
  obj 6: PASS — task id 4 reported

Learning sweep fwkb14 (K=3)
┌─────────┬───┬─────────────┬──────────┬─────────────┬───────┬──────┬───────────┬──────┬──────────────┬────────┐
│ (index) │ n │ runid       │ verified │ stop        │ turns │ cmds │ total_usd │ A_n  │ replayed     │ wall_s │
├─────────┼───┼─────────────┼──────────┼─────────────┼───────┼──────┼───────────┼──────┼──────────────┼────────┤
│ 0       │ 1 │ 'fwkb14-n1' │ '6/6'    │ 'completed' │ 8     │ 7    │ 0.058     │ 0    │ '0/6'        │ 240    │
│ 1       │ 2 │ 'fwkb14-n2' │ '6/6'    │ 'success'   │ 4     │ 6    │ 0.0025    │ 0.83 │ '6/6 (flow)' │ 45     │
│ 2       │ 3 │ 'fwkb14-n3' │ '6/6'    │ 'success'   │ 5     │ 6    │ 0.0036    │ 0.83 │ '6/6 (flow)' │ 53     │
└─────────┴───┴─────────────┴──────────┴─────────────┴───────┴──────┴───────────┴──────┴──────────────┴────────┘
http://127.0.0.1:8085
  s_06bbb3  validated    5 steps  3/3 (100%)
           Move the task titled '{{v1}}' (task #4) on the '{{v3}}' board so that it sits in the '{{v4}}' column. You may …
  s_10a220  validated   11 steps  3/3 (100%)
           Sign in with username 'admin' and password 'admin'. Then navigate to the project named 'Bench Board' and open …
  s_807211  validated    6 steps  3/3 (100%)
           Verification only, do not modify anything. Open the '{{v1}}' board and the task page for the task titled '{{v2…
  s_c8418d  validated    7 steps  3/3 (100%)
           On the task page for task #4 ('{{v1}}'), add a comment whose text includes '{{v2}}' (e.g. '{{v3}}'). Submit it…
  s_e30f0d  validated    9 steps  3/3 (100%)
           On the '{{v1}}' project board, create a new task with title exactly '{{v3}}' and a description that includes t…
  s_f4be94  validated    7 steps  3/3 (100%)
           On the task page for task #4 ('{{v1}}'), set the task's due date to 2026-12-31 (December 31, 2026). Use the ta…
store: /home/user/sitelooper/bench/results/fwkb14-skills

summary: /home/user/sitelooper/bench/results/fwkb14-sweep.json
