
[sweep] run 1/3: fwkb26-n1 (store: /home/user/sitelooper/bench/results/fwkb26-skills)
[harness] kanboard: defaulting APP_URL
[harness] kanboard: defaulting APP_EMAIL
[harness] kanboard: defaulting APP_PASSWORD
[reset] kanboard: no leftover bench tasks
[harness] kanboard responded 302 at http://127.0.0.1:8085/
stopped: fwkb26-n1
  flow "fwkb26" saved: 6 step(s), vars runid → /home/user/sitelooper/bench/results/flows/fwkb26.json
  warning: note: 01-open no longer publishes columns_left_to_right — no replay reads it from the page and the recording showed no line to read
  warning: note: 02-create no longer publishes column_selected_backlog — no replay reads it from the page and the recording showed no line to read
  warning: note: 03-verify no longer publishes task_id, board_column_counts_ready, board_column_counts_done — no replay reads them from the page and the recording showed no line to read
  warning: note: 04-add no longer publishes comment_author — no replay reads it from the page and the recording showed no line to read
  warning: note: 05-set no longer publishes date_portion — no replay reads it from the page and the recording showed no line to read
  warning: note: 06-open no longer publishes board_columns_left_to_right, description_contains_fwkb26-n1, backlog_column_task_count, comment_contains_fwkb26-n1, comment_count, due_date_displayed, task_page_url — no replay reads them from the page and the recording showed no line to read
  warning: note: 01-open: added a read for column_work_in_progress to s_9415b8 (page.getByRole('link', { name: 'Work in progress', exact: true }); seen on the next instruction's start page)
  warning: note: 01-open: added a read for column_ready to s_9415b8 (page.getByRole('link', { name: 'Ready', exact: true }); seen on the next instruction's start page)
  warning: note: 01-open: added a read for column_done to s_9415b8 (page.getByRole('link', { name: 'Done', exact: true }); seen on the next instruction's start page)
  warning: note: 06-open: added a read for task_card_column to s_ad22fa (page.getByRole('link', { name: 'Work in progress', exact: true }); seen on the instruction's own page)
  warning: warning: 2 value(s) KNOWN to be this run's survived unslotted — a replay will act on or wait for the recording's value (non-fatal outside locators):
  flow.pruned[5].outputs[1]: "fwkb26-n1" (var) in "description_contains_fwkb26-n1"
  flow.pruned[5].outputs[3]: "fwkb26-n1" (var) in "comment_contains_fwkb26-n1"
  warning: warning: 112 other value(s) the run saw survived unslotted, judged by shape only (usually page copy; non-fatal):
  flow.steps[0].instruction: "Bench Board" (output) in "Open http://127.0.0.1:8085/ and sign in with username admin and password admin. Then navigate to the project named 'Bench Board' and view its board. Report the "
  flow.steps[0].instruction: "admin" (output) in "Open http://127.0.0.1:8085/ and sign in with username admin and password admin. Then navigate to the project named 'Bench Board' and view its board. Report the "
  flow.steps[1].instruction: "Bench Board" (output) in "On the 'Bench Board' project board, create a new task with title exactly '{{runid}} Bench Task' and a description that includes the text '{{runid}}' (e.g. 'Benc"
  flow.steps[1].params.v1: "Bench Board" (output) in "Bench Board"
  flow.steps[2].instruction: "Bench Board" (output) in "On the 'Bench Board' project board, move the task titled '{{runid}} Bench Task' (task {{02-create.task_display_id}}) so that it sits in the '{{01-open.column_wo"
  warning: {{02-create.task_display_id}} (used by 03-verify) can only be re-observed by model recovery — consider re-recording so the value is read from the page.
  warning: 02-create reports task_display_id, but no segment of the procedure it pins (s_1f36fd, with any later segment of its chain) re-reads it from the page — a replay without the model will succeed without that value; re-record so a read for it lands in that procedure's last segment.
arm=sitelooper model=z-ai/glm-5.3 runid=fwkb26-n1 stop=completed
turns=7 wall=352.5s
commands=6 cmdTime=321.9s cmdBytes=6606 timeouts=0
orchestrator in=23396 cw=0 cr=3392 out=2230
inner prompt=1491366 cached=1354752 completion=19580
spend=$0.0798 maxUsd=3
learn: A_n=0 replayed=0/6 full=0 repaired=0 compiled=6 variants=0
-> /home/user/sitelooper/bench/results/fwkb26-n1-sitelooper-result.json

fwkb26-n1: objectives passed 6/6
  obj 1: PASS — all 4 column names reported (Backlog | Ready | Work in progress | Done)
  obj 2: PASS — description includes runid=true
  obj 3: PASS — column=Work in progress
  obj 4: PASS — 1 comment(s), 1 carrying the runid
  obj 5: PASS — date_due=2026-12-31, want 2026-12-31
  obj 6: PASS — task id 4 reported

[sweep] run 2/3: fwkb26-n2 (replay flow fwkb26, no orchestrator)
[reset] kanboard: deleted 1 leftover bench task(s)

fwkb26-n2: objectives passed 6/6
  obj 1: PASS — all 4 column names reported (Backlog | Ready | Work in progress | Done)
  obj 2: PASS — description includes runid=true
  obj 3: PASS — column=Work in progress
  obj 4: PASS — 1 comment(s), 1 carrying the runid
  obj 5: PASS — date_due=2026-12-31, want 2026-12-31
  obj 6: PASS — task id 4 reported

[sweep] run 3/3: fwkb26-n3 (replay flow fwkb26, no orchestrator)
[reset] kanboard: deleted 1 leftover bench task(s)

fwkb26-n3: objectives passed 6/6
  obj 1: PASS — all 4 column names reported (Backlog | Ready | Work in progress | Done)
  obj 2: PASS — description includes runid=true
  obj 3: PASS — column=Work in progress
  obj 4: PASS — 1 comment(s), 1 carrying the runid
  obj 5: PASS — date_due=2026-12-31, want 2026-12-31
  obj 6: PASS — task id 4 reported

Learning sweep fwkb26 (K=3)
┌─────────┬───┬─────────────┬──────────┬─────────────┬───────┬──────┬───────────┬─────┬──────────────┬────────┐
│ (index) │ n │ runid       │ verified │ stop        │ turns │ cmds │ total_usd │ A_n │ replayed     │ wall_s │
├─────────┼───┼─────────────┼──────────┼─────────────┼───────┼──────┼───────────┼─────┼──────────────┼────────┤
│ 0       │ 1 │ 'fwkb26-n1' │ '6/6'    │ 'completed' │ 7     │ 6    │ 0.0798    │ 0   │ '0/6'        │ 353    │
│ 1       │ 2 │ 'fwkb26-n2' │ '6/6'    │ 'success'   │ 0     │ 6    │ 0         │ 1   │ '6/6 (flow)' │ 41     │
│ 2       │ 3 │ 'fwkb26-n3' │ '6/6'    │ 'success'   │ 0     │ 6    │ 0         │ 1   │ '6/6 (flow)' │ 41     │
└─────────┴───┴─────────────┴──────────┴─────────────┴───────┴──────┴───────────┴─────┴──────────────┴────────┘
http://127.0.0.1:8085
  s_1f36fd  validated    9 steps  3/3 (100%)
           On the '{{v1}}' project board, create a new task with title exactly '{{v3}}' and a description that includes t…
  s_36dd77  validated    9 steps  3/3 (100%)
           On the task page for task #4 titled '{{v1}}' in the '{{v3}}' project, add a comment whose text includes '{{v2}…
  s_62ebce  validated   12 steps  3/3 (100%)
           On the '{{v1}}' project board, move the task titled '{{v2}}' (task #4) so that it sits in the '{{v4}}' column.…
  s_9415b8  validated   12 steps  3/3 (100%)
           Open {{v1}} and sign in with username admin and password admin. Then navigate to the project named 'Bench Boar…
  s_ad22fa  validated    8 steps  3/3 (100%)
           Final verification on the '{{v1}}' project (Kanboard at http://127.0.0.1:8085/): open the board and the task p…
  s_fbe2ab  validated   13 steps  3/3 (100%)
           On the task page for task #4 titled '{{v1}}' in the '{{v3}}' project, set the task's due date to 2026-12-31 (D…
store: /home/user/sitelooper/bench/results/fwkb26-skills

summary: /home/user/sitelooper/bench/results/fwkb26-sweep.json
