
[sweep] run 1/3: fwkb25-n1 (store: /home/user/sitelooper/bench/results/fwkb25-skills)
[harness] kanboard: defaulting APP_URL
[harness] kanboard: defaulting APP_EMAIL
[harness] kanboard: defaulting APP_PASSWORD
[reset] kanboard: no leftover bench tasks
[harness] kanboard responded 302 at http://127.0.0.1:8085/
stopped: fwkb25-n1
  flow "fwkb25" saved: 3 step(s), vars runid → /home/user/sitelooper/bench/results/flows/fwkb25.json
  warning: note: 01-signin no longer publishes columns_left_to_right — no replay reads it from the page and the recording showed no line to read
  warning: note: 02-create no longer publishes project_id, task_url — no replay reads them from the page and the recording showed no line to read
  warning: note: 03-open no longer publishes comment_author, comment_created — no replay reads them from the page and the recording showed no line to read
  warning: warning: 48 other value(s) the run saw survived unslotted, judged by shape only (usually page copy; non-fatal):
  flow.steps[0].instruction: "Bench Board" (output) in "Sign in to Kanboard at http://127.0.0.1:8085/ as admin/admin. Then open the project 'Bench Board' board and report the names of the board's columns in left-to-r"
  flow.steps[0].instruction: "admin" (output) in "Sign in to Kanboard at http://127.0.0.1:8085/ as admin/admin. Then open the project 'Bench Board' board and report the names of the board's columns in left-to-r"
  flow.steps[1].instruction: "Bench Board" (output) in "On the Bench Board project (project_id=1), create a new task titled '{{runid}} Bench Task' with a description containing the text '{{runid}}' and a due date of "
  flow.steps[1].instruction: "2026-12-31" (output) in "On the Bench Board project (project_id=1), create a new task titled '{{runid}} Bench Task' with a description containing the text '{{runid}}' and a due date of "
  flow.steps[1].params.v1: "Bench Board" (output) in "Bench Board"
arm=sitelooper model=z-ai/glm-5.3 runid=fwkb25-n1 stop=completed
turns=4 wall=124.5s
commands=3 cmdTime=114.2s cmdBytes=2500 timeouts=0
orchestrator in=3357 cw=0 cr=8768 out=500
inner prompt=448035 cached=397056 completion=7235
spend=$0.0224 maxUsd=3
learn: A_n=0 replayed=0/3 full=0 repaired=0 compiled=3 variants=0
-> /home/user/sitelooper/bench/results/fwkb25-n1-sitelooper-result.json

fwkb25-n1: objectives passed 6/6
  obj 1: PASS — all 4 column names reported (Backlog | Ready | Work in progress | Done)
  obj 2: PASS — description includes runid=true
  obj 3: PASS — column=Work in progress
  obj 4: PASS — 1 comment(s), 1 carrying the runid
  obj 5: PASS — date_due=2026-12-31, want 2026-12-31
  obj 6: PASS — task id 4 reported

[sweep] run 2/3: fwkb25-n2 (replay flow fwkb25, no orchestrator)
[reset] kanboard: deleted 1 leftover bench task(s)

fwkb25-n2: objectives passed 6/6
  obj 1: PASS — all 4 column names reported (Backlog | Ready | Work in progress | Done)
  obj 2: PASS — description includes runid=true
  obj 3: PASS — column=Work in progress
  obj 4: PASS — 1 comment(s), 1 carrying the runid
  obj 5: PASS — date_due=2026-12-31, want 2026-12-31
  obj 6: PASS — task id 4 reported

[sweep] run 3/3: fwkb25-n3 (replay flow fwkb25, no orchestrator)
[reset] kanboard: deleted 1 leftover bench task(s)

fwkb25-n3: objectives passed 6/6
  obj 1: PASS — all 4 column names reported (Backlog | Ready | Work in progress | Done)
  obj 2: PASS — description includes runid=true
  obj 3: PASS — column=Work in progress
  obj 4: PASS — 1 comment(s), 1 carrying the runid
  obj 5: PASS — date_due=2026-12-31, want 2026-12-31
  obj 6: PASS — task id 4 reported

Learning sweep fwkb25 (K=3)
┌─────────┬───┬─────────────┬──────────┬─────────────┬───────┬──────┬───────────┬─────┬──────────────┬────────┐
│ (index) │ n │ runid       │ verified │ stop        │ turns │ cmds │ total_usd │ A_n │ replayed     │ wall_s │
├─────────┼───┼─────────────┼──────────┼─────────────┼───────┼──────┼───────────┼─────┼──────────────┼────────┤
│ 0       │ 1 │ 'fwkb25-n1' │ '6/6'    │ 'completed' │ 4     │ 3    │ 0.0224    │ 0   │ '0/3'        │ 125    │
│ 1       │ 2 │ 'fwkb25-n2' │ '6/6'    │ 'success'   │ 0     │ 3    │ 0         │ 1   │ '3/3 (flow)' │ 11     │
│ 2       │ 3 │ 'fwkb25-n3' │ '6/6'    │ 'success'   │ 0     │ 3    │ 0         │ 1   │ '3/3 (flow)' │ 11     │
└─────────┴───┴─────────────┴──────────┴─────────────┴───────┴──────┴───────────┴─────┴──────────────┴────────┘
http://127.0.0.1:8085
  s_4c4805  validated   15 steps  3/3 (100%)
           On the {{v1}} project (project_id=1), create a new task titled '{{v4}}' with a description containing the text…
  s_4e8053  validated   12 steps  3/3 (100%)
           Sign in to Kanboard at {{v1}} as admin/admin. Then open the project 'Bench Board' board and report the names o…
  s_84cb09  validated    8 steps  3/3 (100%)
           Open task #4 ('{{v1}}') in the {{v3}} project and add a comment whose text includes '{{v2}}' (e.g. '{{v4}}'). …
store: /home/user/sitelooper/bench/results/fwkb25-skills

summary: /home/user/sitelooper/bench/results/fwkb25-sweep.json
