
[sweep] run 1/3: fwkb15-n1 (store: /home/user/sitelooper/bench/results/fwkb15-skills)
[harness] kanboard: defaulting APP_URL
[harness] kanboard: defaulting APP_EMAIL
[harness] kanboard: defaulting APP_PASSWORD
[reset] kanboard: no leftover bench tasks
[harness] kanboard responded 302 at http://127.0.0.1:8085/
stopped: fwkb15-n1
  flow "fwkb15" saved: 6 step(s), vars runid → /home/user/sitelooper/bench/results/flows/fwkb15.json
  warning: note: 02-create no longer publishes task_id — no replay reads it from the page and the recording showed no line to read
  warning: note: 03-verify no longer publishes moved_task_id, backlog_tasks_after, work_in_progress_count — no replay reads them from the page and the recording showed no line to read
  warning: note: 04-open no longer publishes task_id, comment_created — no replay reads them from the page and the recording showed no line to read
  warning: note: 05-set no longer publishes task_id, form_action, field_format_expectation — no replay reads them from the page and the recording showed no line to read
  warning: note: 01-open: added a read for column_3 to s_1ad16f (page.getByRole('cell', { name: 'Work in progress', exact: true }), page.getByRole('link', { name: 'Work in progress', exact: true }); seen on the next instruction's start page)
  warning: note: 01-open: added a read for column_4 to s_1ad16f (page.getByRole('cell', { name: 'Done', exact: true }), page.getByRole('link', { name: 'Done', exact: true }); seen on the next instruction's start page)
  warning: note: 02-create: added a read for column to s_765f48 (page.getByRole('link', { name: 'Backlog', exact: true }); seen on the next instruction's start page)
  warning: warning: noop-step: 03-verify changed nothing: its instruction asks to move, the recording's 1 state-changing action left the page unchanged, and the page already showed 'fwkb15-n1 Bench Task' before it ran. The step may be redundant.
  warning: warning: 1 value(s) KNOWN to be this run's survived unslotted — a replay will act on or wait for the recording's value (non-fatal outside locators):
  flow.warnings[0]: "fwkb15-n1" (var) in "noop-step: 03-verify changed nothing: its instruction asks to move, the recording's 1 state-changing action left the page unchanged, and the page already showed"
  warning: warning: 58 other value(s) the run saw survived unslotted, judged by shape only (usually page copy; non-fatal):
  flow.steps[0].instruction: "admin" (output) in "Open http://127.0.0.1:8085/ and sign in with username admin and password admin. Then navigate to the project named 'Bench Board' and open its board view. Report"
  flow.steps[4].instruction: "12/31/2026" (output) in "On the task page for task #4 titled '{{runid}} Bench Task' ({{02-create.task_url}}), set the task's due date to 2026-12-31. Use the task page's 'Edit' / 'Modify"
  flow.steps[4].params.v4: "12/31/2026" (output) in "12/31/2026"
  flow.warnings[0]: "fwkb15-n1 Bench Task" (output) in "noop-step: 03-verify changed nothing: its instruction asks to move, the recording's 1 state-changing action left the page unchanged, and the page already showed"
  s_1ad16f.template: "admin" (output) in "Open {{v1}} and sign in with username admin and password admin. Then navigate to the project named 'Bench Board' and open its board view. Report the names of th"
  warning: {{02-create.task_url}} (used by 04-open) can only be re-observed by model recovery — consider re-recording so the value is read from the page.
  warning: {{04-open.comment_author}} (used by 06-report) can only be re-observed by model recovery — consider re-recording so the value is read from the page.
  warning: 02-create reports task_url, but s_765f48 re-reads none of it from the page — a replay without the model will succeed without that value; re-record so it is read.
  warning: 04-open reports comment_author, but s_e2aab5 re-reads none of it from the page — a replay without the model will succeed without that value; re-record so it is read.
arm=sitelooper model=z-ai/glm-5.3 runid=fwkb15-n1 stop=completed
turns=7 wall=216.8s
commands=6 cmdTime=197.7s cmdBytes=5258 timeouts=0
orchestrator in=10262 cw=0 cr=15872 out=2812
inner prompt=1329839 cached=1220480 completion=15712
spend=$0.0604 maxUsd=3
learn: A_n=0 replayed=0/6 full=0 repaired=0 compiled=6 variants=0
-> /home/user/sitelooper/bench/results/fwkb15-n1-sitelooper-result.json

fwkb15-n1: objectives passed 6/6
  obj 1: PASS — all 4 column names reported (Backlog | Ready | Work in progress | Done)
  obj 2: PASS — description includes runid=true
  obj 3: PASS — column=Work in progress
  obj 4: PASS — 1 comment(s), 1 carrying the runid
  obj 5: PASS — date_due=2026-12-31, want 2026-12-31
  obj 6: PASS — task id 4 reported

[sweep] run 2/3: fwkb15-n2 (replay flow fwkb15, no orchestrator)
[reset] kanboard: deleted 1 leftover bench task(s)
[sweep] fwkb15-n2: 6 drift ticket(s) → fwkb15-n2-drift.json

fwkb15-n2: objectives passed 6/6
  obj 1: PASS — all 4 column names reported (Backlog | Ready | Work in progress | Done)
  obj 2: PASS — description includes runid=true
  obj 3: PASS — column=Work in progress
  obj 4: PASS — 1 comment(s), 1 carrying the runid
  obj 5: PASS — date_due=2026-12-31, want 2026-12-31
  obj 6: PASS — task id 4 reported

[sweep] run 3/3: fwkb15-n3 (replay flow fwkb15, no orchestrator)
[reset] kanboard: deleted 1 leftover bench task(s)
[sweep] fwkb15-n3: 6 drift ticket(s) → fwkb15-n3-drift.json

fwkb15-n3: objectives passed 6/6
  obj 1: PASS — all 4 column names reported (Backlog | Ready | Work in progress | Done)
  obj 2: PASS — description includes runid=true
  obj 3: PASS — column=Work in progress
  obj 4: PASS — 1 comment(s), 1 carrying the runid
  obj 5: PASS — date_due=2026-12-31, want 2026-12-31
  obj 6: PASS — task id 4 reported

Learning sweep fwkb15 (K=3)
┌─────────┬───┬─────────────┬──────────┬─────────────┬───────┬──────┬───────────┬─────┬──────────────┬────────┐
│ (index) │ n │ runid       │ verified │ stop        │ turns │ cmds │ total_usd │ A_n │ replayed     │ wall_s │
├─────────┼───┼─────────────┼──────────┼─────────────┼───────┼──────┼───────────┼─────┼──────────────┼────────┤
│ 0       │ 1 │ 'fwkb15-n1' │ '6/6'    │ 'completed' │ 7     │ 6    │ 0.0604    │ 0   │ '0/6'        │ 217    │
│ 1       │ 2 │ 'fwkb15-n2' │ '6/6'    │ 'success'   │ 29    │ 6    │ 0.0138    │ 0.5 │ '6/6 (flow)' │ 92     │
│ 2       │ 3 │ 'fwkb15-n3' │ '6/6'    │ 'success'   │ 34    │ 6    │ 0.0154    │ 0.5 │ '6/6 (flow)' │ 140    │
└─────────┴───┴─────────────┴──────────┴─────────────┴───────┴──────┴───────────┴─────┴──────────────┴────────┘
http://127.0.0.1:8085
  s_1ad16f  validated   11 steps  3/3 (100%)
           Open {{v1}} and sign in with username admin and password admin. Then navigate to the project named 'Bench Boar…
  s_4b8dfe  validated    3 steps  3/3 (100%)
           On the 'Bench Board' project board ({{v5}}), move the task card titled '{{v1}}' (task #4) from the {{v3}} colu…
  s_765f48  validated    9 steps  3/3 (100%)
           On the 'Bench Board' project board ({{v2}}), create a new task with title exactly '{{v3}}' and a description t…
  s_ab9450  validated   12 steps  3/3 (100%)
           On the task page for task #4 titled '{{v1}}' ({{v3}}), set the task's due date to 2026-12-31. Use the task pag…
  s_e2aab5  validated    6 steps  3/3 (100%)
           Open the task page for task #4 titled '{{v1}}' ({{v3}}) and add a comment whose text includes '{{v2}}' (e.g. '…
  s_c45ad7  validated    3 steps  2/2 (100%)
           Final verification on Kanboard (already signed in as {{v1}}). Do the following read-only checks and report eac…
  s_3201fe  provisional 21 steps  1/1 (100%)
           Final verification on Kanboard (already signed in as {{v1}}). Do the following read-only checks and report eac…
store: /home/user/sitelooper/bench/results/fwkb15-skills

summary: /home/user/sitelooper/bench/results/fwkb15-sweep.json
