
[sweep] run 1/3: fwkb6-n1 (store: /home/user/sitelooper/bench/results/fwkb6-skills)
[harness] kanboard: defaulting APP_URL
[harness] kanboard: defaulting APP_EMAIL
[harness] kanboard: defaulting APP_PASSWORD
[reset] kanboard: no leftover bench tasks
[harness] kanboard responded 302 at http://127.0.0.1:8085/
stopped: fwkb6-n1
  flow "fwkb6" saved: 6 step(s), vars runid → /home/user/sitelooper/bench/results/flows/fwkb6.json
  warning: warning: 146 other value(s) the run saw survived unslotted, judged by shape only (usually page copy; non-fatal):
  flow.steps[0].instruction: "Bench Board" (output) in "Sign in to Kanboard with username 'admin' and password 'admin'. Then navigate to the project named 'Bench Board' and open its board view. Report the names of th"
  flow.steps[0].instruction: "admin" (output) in "Sign in to Kanboard with username 'admin' and password 'admin'. Then navigate to the project named 'Bench Board' and open its board view. Report the names of th"
  flow.steps[0].instruction: "open" (output) in "Sign in to Kanboard with username 'admin' and password 'admin'. Then navigate to the project named 'Bench Board' and open its board view. Report the names of th"
  flow.steps[1].instruction: "Bench Board" (output) in "On the 'Bench Board' project board, create a new task with title exactly '{{runid}} Bench Task' and a description that includes the text '{{runid}}' (e.g. 'Benc"
  flow.steps[1].params.v1: "Bench Board" (output) in "Bench Board"
arm=sitelooper model=z-ai/glm-5.3 runid=fwkb6-n1 stop=completed
turns=8 wall=252.7s
commands=7 cmdTime=208.0s cmdBytes=6226 timeouts=0
orchestrator in=5275 cw=0 cr=23872 out=1689
inner prompt=1015701 cached=888832 completion=16286
spend=$0.0525 maxUsd=3
learn: A_n=0 replayed=0/6 full=0 repaired=0 compiled=6 variants=0
-> /home/user/sitelooper/bench/results/fwkb6-n1-sitelooper-result.json

fwkb6-n1: objectives passed 6/6
  obj 1: PASS — all 4 column names reported (Backlog | Ready | Work in progress | Done)
  obj 2: PASS — description includes runid=true
  obj 3: PASS — column=Work in progress
  obj 4: PASS — 1 comment(s), 1 carrying the runid
  obj 5: PASS — date_due=2026-12-31, want 2026-12-31
  obj 6: PASS — task id 4 reported

[sweep] run 2/3: fwkb6-n2 (replay flow fwkb6, no orchestrator)
[reset] kanboard: deleted 1 leftover bench task(s)

fwkb6-n2: objectives passed 4/6
  obj 1: UNVERIFIABLE — no result file with finalText found
  obj 2: PASS — description includes runid=true
  obj 3: PASS — column=Work in progress
  obj 4: PASS — 1 comment(s), 1 carrying the runid
  obj 5: PASS — date_due=2026-12-31, want 2026-12-31
  obj 6: UNVERIFIABLE — no result file with finalText found

[sweep] run 3/3: fwkb6-n3 (replay flow fwkb6, no orchestrator)
[reset] kanboard: deleted 1 leftover bench task(s)

fwkb6-n3: objectives passed 4/6
  obj 1: UNVERIFIABLE — no result file with finalText found
  obj 2: PASS — description includes runid=true
  obj 3: PASS — column=Work in progress
  obj 4: PASS — 1 comment(s), 1 carrying the runid
  obj 5: PASS — date_due=2026-12-31, want 2026-12-31
  obj 6: UNVERIFIABLE — no result file with finalText found

Learning sweep fwkb6 (K=3)
┌─────────┬───┬────────────┬──────────┬─────────────┬───────┬──────┬───────────┬─────┬──────────────┬────────┐
│ (index) │ n │ runid      │ verified │ stop        │ turns │ cmds │ total_usd │ A_n │ replayed     │ wall_s │
├─────────┼───┼────────────┼──────────┼─────────────┼───────┼──────┼───────────┼─────┼──────────────┼────────┤
│ 0       │ 1 │ 'fwkb6-n1' │ '6/6'    │ 'completed' │ 8     │ 7    │ 0.0525    │ 0   │ '0/6'        │ 253    │
│ 1       │ 2 │ 'fwkb6-n2' │ '4/4'    │ 'success'   │ 0     │ 6    │ 0         │ 1   │ '6/6 (flow)' │ 14     │
│ 2       │ 3 │ 'fwkb6-n3' │ '4/4'    │ 'success'   │ 0     │ 6    │ 0         │ 1   │ '6/6 (flow)' │ 14     │
└─────────┴───┴────────────┴──────────┴─────────────┴───────┴──────┴───────────┴─────┴──────────────┴────────┘
http://127.0.0.1:8085
  s_01cf29  validated    4 steps  3/3 (100%)
           On the '{{v1}}' board, move the task titled '{{v2}}' (task #4) from the {{v4}} column into the '{{v5}}' column…
  s_1b4ae5  validated   10 steps  3/3 (100%)
           Sign in to Kanboard with username 'admin' and password 'admin'. Then navigate to the project named 'Bench Boar…
  s_71578c  validated    6 steps  3/3 (100%)
           Final verification, read-only: Open the '{{v1}}' project board and report (a) the board column names left-to-r…
  s_993551  validated   11 steps  3/3 (100%)
           On the '{{v1}}' project board, create a new task with title exactly '{{v3}}' and a description that includes t…
  s_9c59a5  validated    8 steps  3/3 (100%)
           On the task page for task #4 ('{{v1}}') in the '{{v3}}' project, set the task's due date to 2026-12-31 (Decemb…
  s_e4a214  validated    9 steps  3/3 (100%)
           Open the task page for task #4 titled '{{v1}}' in the '{{v3}}' project. Add a comment to this task whose text …
store: /home/user/sitelooper/bench/results/fwkb6-skills

summary: /home/user/sitelooper/bench/results/fwkb6-sweep.json
