
[sweep] run 1/3: fwkb20-n1 (store: /home/user/sitelooper/bench/results/fwkb20-skills)
[harness] kanboard: defaulting APP_URL
[harness] kanboard: defaulting APP_EMAIL
[harness] kanboard: defaulting APP_PASSWORD
[reset] kanboard: no leftover bench tasks
[harness] kanboard responded 302 at http://127.0.0.1:8085/
stopped: fwkb20-n1
  flow "fwkb20" saved: 5 step(s), vars runid → /home/user/sitelooper/bench/results/flows/fwkb20.json
  warning: note: 01-signin no longer publishes project, columns_left_to_right, column_task_counts_backlog, column_task_counts_ready, column_task_counts_work_in_progress, column_task_counts_done — no replay reads them from the page and the recording showed no line to read
  warning: note: 02-create no longer publishes creator, project — no replay reads them from the page and the recording showed no line to read
  warning: note: 03-open no longer publishes task_id, board_column_selector, task_page_position, task_page_url, visibility_field_name, board_column_task_counts_after_backlog, board_column_task_counts_after_ready, board_column_task_counts_after_done, visibility_select_id — no replay reads them from the page and the recording showed no line to read
  warning: note: 04-add no longer publishes comment_author, comment_created_at, comments_section_present — no replay reads them from the page and the recording showed no line to read
  warning: note: 05-verify no longer publishes board_url, board_columns_left_to_right, task_id_displayed, assignee, creator, created, comment_metadata, board_task_counts_backlog, board_task_counts_ready, board_task_counts_work_in_progress, board_task_counts_done — no replay reads them from the page and the recording showed no line to read
  warning: note: 01-signin: added a read for column_header_work_in_progress to s_38957a (page.getByRole('cell', { name: 'Work in progress', exact: true }), page.getByRole('link', { name: 'Work in progress', exact: true }); seen on the next instruction's start page)
  warning: note: 01-signin: added a read for column_header_ready to s_38957a (page.getByRole('cell', { name: 'Ready', exact: true }), page.getByRole('link', { name: 'Ready', exact: true }); seen on the next instruction's start page)
  warning: note: 01-signin: added a read for column_header_done to s_38957a (page.getByRole('cell', { name: 'Done', exact: true }), page.getByRole('link', { name: 'Done', exact: true }); seen on the next instruction's start page)
  warning: note: 03-open: added a read for move_form_first_column_option to s_a3dc9f (page.getByRole('link', { name: 'Backlog', exact: true }); seen on the next instruction's start page)
  warning: warning: 146 other value(s) the run saw survived unslotted, judged by shape only (usually page copy; non-fatal):
  flow.steps[0].instruction: "Bench Board" (output) in "Sign in with username 'admin' and password 'admin'. Then navigate to the project named 'Bench Board' and open its board. Report the names of the board's columns"
  flow.steps[0].instruction: "admin" (output) in "Sign in with username 'admin' and password 'admin'. Then navigate to the project named 'Bench Board' and open its board. Report the names of the board's columns"
  flow.steps[0].instruction: "open" (output) in "Sign in with username 'admin' and password 'admin'. Then navigate to the project named 'Bench Board' and open its board. Report the names of the board's columns"
  flow.steps[1].instruction: "Bench Board" (output) in "On the 'Bench Board' project board, create a new task with title exactly '{{runid}} Bench Task' and a description that includes the text '{{runid}}' (e.g. 'Benc"
  flow.steps[2].instruction: "Bench Board" (output) in "Move the task titled '{{runid}} Bench Task' (task {{02-create.task_id_displayed}}) so that it sits in the '{{01-signin.column_header_work_in_progress}}' column "
  warning: {{02-create.task_id_displayed}} (used by 03-open) can only be re-observed by model recovery — consider re-recording so the value is read from the page.
  warning: 02-create reports task_id_displayed, but no segment of the procedure it pins (s_9f0d25, with any later segment of its chain) re-reads it from the page — a replay without the model will succeed without that value; re-record so a read for it lands in that procedure's last segment.
arm=sitelooper model=z-ai/glm-5.3 runid=fwkb20-n1 stop=completed
turns=7 wall=170.4s
commands=6 cmdTime=145.3s cmdBytes=6061 timeouts=0
orchestrator in=12990 cw=0 cr=11904 out=2671
inner prompt=997116 cached=909568 completion=14663
spend=$0.0577 maxUsd=3
learn: A_n=0 replayed=0/5 full=0 repaired=0 compiled=5 variants=0
-> /home/user/sitelooper/bench/results/fwkb20-n1-sitelooper-result.json

fwkb20-n1: objectives passed 6/6
  obj 1: PASS — all 4 column names reported (Backlog | Ready | Work in progress | Done)
  obj 2: PASS — description includes runid=true
  obj 3: PASS — column=Work in progress
  obj 4: PASS — 1 comment(s), 1 carrying the runid
  obj 5: PASS — date_due=2026-12-31, want 2026-12-31
  obj 6: PASS — task id 4 reported

[sweep] run 2/3: fwkb20-n2 (replay flow fwkb20, no orchestrator)
[reset] kanboard: deleted 1 leftover bench task(s)
[sweep] fwkb20-n2: 4 drift ticket(s) → fwkb20-n2-drift.json

fwkb20-n2: objectives passed 6/6
  obj 1: PASS — all 4 column names reported (Backlog | Ready | Work in progress | Done)
  obj 2: PASS — description includes runid=true
  obj 3: PASS — column=Work in progress
  obj 4: PASS — 1 comment(s), 1 carrying the runid
  obj 5: PASS — date_due=2026-12-31, want 2026-12-31
  obj 6: PASS — task id 4 reported

[sweep] run 3/3: fwkb20-n3 (replay flow fwkb20, no orchestrator)
[reset] kanboard: deleted 1 leftover bench task(s)
[sweep] fwkb20-n3: 4 drift ticket(s) → fwkb20-n3-drift.json

fwkb20-n3: objectives passed 6/6
  obj 1: PASS — all 4 column names reported (Backlog | Ready | Work in progress | Done)
  obj 2: PASS — description includes runid=true
  obj 3: PASS — column=Work in progress
  obj 4: PASS — 1 comment(s), 1 carrying the runid
  obj 5: PASS — date_due=2026-12-31, want 2026-12-31
  obj 6: PASS — task id 4 reported

Learning sweep fwkb20 (K=3)
┌─────────┬───┬─────────────┬──────────┬─────────────┬───────┬──────┬───────────┬─────┬──────────────┬────────┐
│ (index) │ n │ runid       │ verified │ stop        │ turns │ cmds │ total_usd │ A_n │ replayed     │ wall_s │
├─────────┼───┼─────────────┼──────────┼─────────────┼───────┼──────┼───────────┼─────┼──────────────┼────────┤
│ 0       │ 1 │ 'fwkb20-n1' │ '6/6'    │ 'completed' │ 7     │ 6    │ 0.0577    │ 0   │ '0/5'        │ 170    │
│ 1       │ 2 │ 'fwkb20-n2' │ '6/6'    │ 'success'   │ 10    │ 5    │ 0.0055    │ 0.8 │ '5/5 (flow)' │ 54     │
│ 2       │ 3 │ 'fwkb20-n3' │ '6/6'    │ 'success'   │ 9     │ 5    │ 0.0049    │ 0.8 │ '5/5 (flow)' │ 51     │
└─────────┴───┴─────────────┴──────────┴─────────────┴───────┴──────┴───────────┴─────┴──────────────┴────────┘
http://127.0.0.1:8085
  s_20cbba  validated   11 steps  3/3 (100%)
           Verify the following on the '{{v1}}' project (project_id=1) and report each item exactly as displayed: (1) the…
  s_38957a  validated    8 steps  3/3 (100%)
           Sign in with username 'admin' and password 'admin'. Then navigate to the project named 'Bench Board' and open …
  s_9f0d25  validated   15 steps  3/3 (100%)
           On the 'Bench Board' project board, create a new task with title exactly '{{v2}}' and a description that inclu…
  s_a3dc9f  validated    8 steps  3/3 (100%)
           Move the task titled '{{v1}}' (task #4) so that it sits in the '{{v3}}' column of the '{{v4}}' project board. …
  s_b8a514  validated    9 steps  3/3 (100%)
           On the task page for task #4 titled '{{v1}}', add a comment whose text includes '{{v2}}' (e.g. '{{v3}}'). Subm…
store: /home/user/sitelooper/bench/results/fwkb20-skills

summary: /home/user/sitelooper/bench/results/fwkb20-sweep.json
