
[sweep] run 1/3: fwkb23-n1 (store: /home/user/sitelooper/bench/results/fwkb23-skills)
[harness] kanboard: defaulting APP_URL
[harness] kanboard: defaulting APP_EMAIL
[harness] kanboard: defaulting APP_PASSWORD
[reset] kanboard: no leftover bench tasks
[harness] kanboard responded 302 at http://127.0.0.1:8085/
stopped: fwkb23-n1
  flow "fwkb23" saved: 3 step(s), vars runid → /home/user/sitelooper/bench/results/flows/fwkb23.json
  warning: note: 01-open no longer publishes columns_left_to_right, board_header_text — no replay reads them from the page and the recording showed no line to read
  warning: note: 03-verify no longer publishes task_id, column_id, comment_author, comment_created_at, moved_at, board_backlog_task_ids — no replay reads them from the page and the recording showed no line to read
  warning: warning: 57 other value(s) the run saw survived unslotted, judged by shape only (usually page copy; non-fatal):
  flow.steps[0].instruction: "Bench Board" (output) in "Open http://127.0.0.1:8085/ and sign in with username 'admin' and password 'admin'. Then navigate to the project named 'Bench Board' and open its board view. Re"
  flow.steps[0].instruction: "admin" (output) in "Open http://127.0.0.1:8085/ and sign in with username 'admin' and password 'admin'. Then navigate to the project named 'Bench Board' and open its board view. Re"
  flow.steps[0].instruction: "open" (output) in "Open http://127.0.0.1:8085/ and sign in with username 'admin' and password 'admin'. Then navigate to the project named 'Bench Board' and open its board view. Re"
  flow.steps[1].instruction: "Bench Board" (output) in "On the 'Bench Board' project (project_id=1), create a new task titled '{{runid}} Bench Task'. Set its description to include the text '{{runid}}' (e.g. 'Bench t"
  flow.steps[1].instruction: "Backlog" (output) in "On the 'Bench Board' project (project_id=1), create a new task titled '{{runid}} Bench Task'. Set its description to include the text '{{runid}}' (e.g. 'Bench t"
  warning: {{02-create.task_id_displayed}} (used by 03-verify) can only be re-observed by model recovery — consider re-recording so the value is read from the page.
  warning: 02-create reports task_id_displayed, but no segment of the procedure it pins (s_5a96f4, with any later segment of its chain) re-reads it from the page — a replay without the model will succeed without that value; re-record so a read for it lands in that procedure's last segment.
arm=sitelooper model=z-ai/glm-5.3 runid=fwkb23-n1 stop=completed
turns=4 wall=191.1s
commands=3 cmdTime=162.3s cmdBytes=2998 timeouts=0
orchestrator in=6273 cw=0 cr=6272 out=1787
inner prompt=814563 cached=743680 completion=11305
spend=$0.0379 maxUsd=3
learn: A_n=0 replayed=0/3 full=0 repaired=0 compiled=3 variants=0
-> /home/user/sitelooper/bench/results/fwkb23-n1-sitelooper-result.json

fwkb23-n1: objectives passed 6/6
  obj 1: PASS — all 4 column names reported (Backlog | Ready | Work in progress | Done)
  obj 2: PASS — description includes runid=true
  obj 3: PASS — column=Work in progress
  obj 4: PASS — 1 comment(s), 1 carrying the runid
  obj 5: PASS — date_due=2026-12-31, want 2026-12-31
  obj 6: PASS — task id 4 reported

[sweep] run 2/3: fwkb23-n2 (replay flow fwkb23, no orchestrator)
[reset] kanboard: deleted 1 leftover bench task(s)

fwkb23-n2: objectives passed 6/6
  obj 1: PASS — all 4 column names reported (Backlog | Ready | Work in progress | Done)
  obj 2: PASS — description includes runid=true
  obj 3: PASS — column=Work in progress
  obj 4: PASS — 1 comment(s), 1 carrying the runid
  obj 5: PASS — date_due=2026-12-31, want 2026-12-31
  obj 6: PASS — task id 4 reported

[sweep] run 3/3: fwkb23-n3 (replay flow fwkb23, no orchestrator)
[reset] kanboard: deleted 1 leftover bench task(s)

fwkb23-n3: objectives passed 6/6
  obj 1: PASS — all 4 column names reported (Backlog | Ready | Work in progress | Done)
  obj 2: PASS — description includes runid=true
  obj 3: PASS — column=Work in progress
  obj 4: PASS — 1 comment(s), 1 carrying the runid
  obj 5: PASS — date_due=2026-12-31, want 2026-12-31
  obj 6: PASS — task id 4 reported

Learning sweep fwkb23 (K=3)
┌─────────┬───┬─────────────┬──────────┬─────────────┬───────┬──────┬───────────┬─────┬──────────────┬────────┐
│ (index) │ n │ runid       │ verified │ stop        │ turns │ cmds │ total_usd │ A_n │ replayed     │ wall_s │
├─────────┼───┼─────────────┼──────────┼─────────────┼───────┼──────┼───────────┼─────┼──────────────┼────────┤
│ 0       │ 1 │ 'fwkb23-n1' │ '6/6'    │ 'completed' │ 4     │ 3    │ 0.0379    │ 0   │ '0/3'        │ 191    │
│ 1       │ 2 │ 'fwkb23-n2' │ '6/6'    │ 'success'   │ 0     │ 3    │ 0         │ 1   │ '3/3 (flow)' │ 12     │
│ 2       │ 3 │ 'fwkb23-n3' │ '6/6'    │ 'success'   │ 0     │ 3    │ 0         │ 1   │ '3/3 (flow)' │ 12     │
└─────────┴───┴─────────────┴──────────┴─────────────┴───────┴──────┴───────────┴─────┴──────────────┴────────┘
http://127.0.0.1:8085
  s_4cdb1b  validated   14 steps  3/3 (100%)
           Task #4 ('{{v1}}') on the {{v3}} must be moved to the 'Work in progress' column, and a comment must be added t…
  s_5a96f4  validated   13 steps  3/3 (100%)
           On the '{{v1}}' project (project_id=1), create a new task titled '{{v3}}'. Set its description to include the …
  s_acb2e4  validated    8 steps  3/3 (100%)
           Open {{v1}} and sign in with username 'admin' and password 'admin'. Then navigate to the project named 'Bench …
store: /home/user/sitelooper/bench/results/fwkb23-skills

summary: /home/user/sitelooper/bench/results/fwkb23-sweep.json
