
Running 1 test using 1 worker

[sitelooper warn] 01-open s_06c07b/7: read 'project_name' returned a value the skill itself set/selected ('Bench Board') — confirms the control, not persistence; dropped from the report's confident values
[sitelooper step] 01-open
[sitelooper drift] 02-open s_06c07b/2 target: primary getByRole('textbox', { name: 'Username', exact: true }) missed; used #5 locator('[data-sitelooper-point="619,96"]') (#1 absent, #2 absent, #3 absent, #4 absent)
  ✘  1 fwkb21.spec.ts:9:1 › fwkb21 (14.8s)


  1) fwkb21.spec.ts:9:1 › fwkb21 › 02-open: Navigate to the project named 'Bench Board' and open its board. Report the names of the board's columns in their left-to-right order, exactly as shown on the board page. Do not modify or move any tasks. 

    Error: 02-open s_06c07b/2: the recorded page change did not appear

    02-open s_06c07b/2: the recorded page change did not appear

    expect(received).toBeNull()

    Received: "after step 02-open s_06c07b/2 none of the 1 recorded page change(s) appeared (e.g. \"- textbox \\\"Username\\\": {{*}}\") — the step ran but did not have its recorded effect"

    Call Log:
    - Timeout 5000ms exceeded while waiting on the predicate

       at fwkb21.flow.ts:8593

      8591 |       { timeout: EXPECT_WAIT_MS, message: `${ctx.tag}: the recorded page change did not appear` },
      8592 |     )
    > 8593 |     .toBeNull();
           |      ^
      8594 |   for (const warning of last.warnings) console.log(`[sitelooper warn] ${warning}`);
      8595 |   if (last.unobserved) console.log(`[sitelooper unobserved] ${ctx.tag}: the page could not be captured, or observed in full, after the action`);
      8596 |   return last;
        at expectChanges (/home/user/sitelooper/bench/results/fwkb21-spec-spec-tmp/fwkb21.flow.ts:8593:6)
        at Object.verify (/home/user/sitelooper/bench/results/fwkb21-spec-spec-tmp/fwkb21.flow.ts:9090:32)
        at runStepLifecycle (/home/user/sitelooper/bench/results/fwkb21-spec-spec-tmp/fwkb21.flow.ts:6069:24)
        at Object.02-open (/home/user/sitelooper/bench/results/fwkb21-spec-spec-tmp/fwkb21.flow.ts:9056:5)
        at /home/user/sitelooper/bench/results/fwkb21-spec-spec-tmp/fwkb21.flow.ts:10722:7
        at runFlow (/home/user/sitelooper/bench/results/fwkb21-spec-spec-tmp/fwkb21.flow.ts:10721:5)
        at /home/user/sitelooper/bench/results/fwkb21-spec-spec-tmp/fwkb21.spec.ts:14:21

    attachment #1: sitelooper-drift (text/plain) ───────────────────────────────────────────────────
    [sitelooper drift] 02-open s_06c07b/2 target: primary getByRole('textbox', { name: 'Username', exact: true }) missed; used #5 locator('[data-sitelooper-point="619,96"]') (#1 absent, #2 absent, #3 absent, #4 absent)
    ────────────────────────────────────────────────────────────────────────────────────────────────

    Error Context: ../../../test-results/fwkb21-fwkb21/error-context.md

  1 failed
    fwkb21.spec.ts:9:1 › fwkb21 ────────────────────────────────────────────────────────────────────
