
[sweep] run 1/3: fwkb41-n1 (store: /home/user/sitelooper/bench/results/fwkb41-skills)
[harness] kanboard: defaulting APP_URL
[harness] kanboard: defaulting APP_EMAIL
[harness] kanboard: defaulting APP_PASSWORD
[reset] kanboard: no leftover bench tasks
[harness] kanboard responded 302 at http://127.0.0.1:8085/
stopped: fwkb41-n1
  flow "fwkb41" saved: 3 step(s), vars runid → /home/user/sitelooper/bench/results/flows/fwkb41.json
  warning: warning: 01-open's instruction asks to report board_columns_left_to_right, and no replay can publish it: nothing in its procedure reads it from the page, so export dropped it — re-record the step so the value is read, not only reported
  warning: note: 01-open no longer publishes backlog_task_count, searched_title_found, task_fwkb41_n1_bench_task_exists — no replay reads them from the page and the recording showed no line to read
  warning: warning: 02-create's instruction asks to report new_task_numeric_id, and no replay can publish it: nothing in its procedure reads it from the page, so export dropped it — re-record the step so the value is read, not only reported
  warning: note: 02-create no longer publishes new_task_url, task_page_heading, backlog_column_count_after, seed_tasks_untouched — no replay reads them from the page and the recording showed no line to read
  warning: note: 03-add no longer publishes seed_tasks_untouched, board_url — no replay reads them from the page and the recording showed no line to read
  warning: warning: 58 other value(s) the run saw survived unslotted, judged by shape only (usually page copy; non-fatal):
  flow.steps[0].instruction: "Bench Board" (output) in "Open http://127.0.0.1:8085/, sign in with username admin and password {{env:APP_PASSWORD}} (type that literal text exactly). Then find the project 'Bench Board'"
  flow.steps[0].instruction: "admin" (output) in "Open http://127.0.0.1:8085/, sign in with username admin and password {{env:APP_PASSWORD}} (type that literal text exactly). Then find the project 'Bench Board'"
  flow.steps[0].params.v3: "admin" (output) in "admin"
  flow.steps[1].instruction: "Bench Board" (output) in "On the 'Bench Board' project board, create a new task titled '{{runid}} Bench Task' with a description containing the text '{{runid}}'. Do not move or edit the "
  flow.steps[1].params.v1: "Bench Board" (output) in "Bench Board"
arm=sitelooper model=z-ai/glm-5.3 runid=fwkb41-n1 stop=completed
turns=4 wall=280.2s
commands=3 cmdTime=267.6s cmdBytes=6037 timeouts=0
orchestrator in=4467 cw=0 cr=9664 out=551
inner prompt=1548883 cached=1380672 completion=21940
spend=$0.1456 maxUsd=3
learn: A_n=0 replayed=0/3 full=0 repaired=0 compiled=3 variants=0
-> /home/user/sitelooper/bench/results/fwkb41-n1-sitelooper-result.json

fwkb41-n1: objectives passed 6/6
  obj 1: PASS — all 4 column names reported (Backlog | Ready | Work in progress | Done)
  obj 2: PASS — description includes runid=true
  obj 3: PASS — column=Work in progress
  obj 4: PASS — 1 comment(s), 1 carrying the runid
  obj 5: PASS — date_due=2026-12-31, want 2026-12-31
  obj 6: PASS — task id 4 reported

[sweep] run 2/3: fwkb41-n2 (replay flow fwkb41, no orchestrator)
[reset] kanboard: deleted 1 leftover bench task(s)

fwkb41-n2: objectives passed 5/6
  obj 1: FAIL — column(s) not in report: Ready, Done
  obj 2: PASS — description includes runid=true
  obj 3: PASS — column=Work in progress
  obj 4: PASS — 1 comment(s), 1 carrying the runid
  obj 5: PASS — date_due=2026-12-31, want 2026-12-31
  obj 6: PASS — task id 4 reported

[sweep] run 3/3: fwkb41-n3 (replay flow fwkb41, no orchestrator)
[reset] kanboard: deleted 1 leftover bench task(s)

fwkb41-n3: objectives passed 5/6
  obj 1: FAIL — column(s) not in report: Ready, Done
  obj 2: PASS — description includes runid=true
  obj 3: PASS — column=Work in progress
  obj 4: PASS — 1 comment(s), 1 carrying the runid
  obj 5: PASS — date_due=2026-12-31, want 2026-12-31
  obj 6: PASS — task id 4 reported

Learning sweep fwkb41 (K=3)
┌─────────┬───┬─────────────┬──────────┬─────────────┬───────┬──────┬───────────┬─────┬──────────────┬────────┐
│ (index) │ n │ runid       │ verified │ stop        │ turns │ cmds │ total_usd │ A_n │ replayed     │ wall_s │
├─────────┼───┼─────────────┼──────────┼─────────────┼───────┼──────┼───────────┼─────┼──────────────┼────────┤
│ 0       │ 1 │ 'fwkb41-n1' │ '6/6'    │ 'completed' │ 4     │ 3    │ 0.1456    │ 0   │ '0/3'        │ 280    │
│ 1       │ 2 │ 'fwkb41-n2' │ '5/6'    │ 'success'   │ 0     │ 3    │ 0         │ 1   │ '3/3 (flow)' │ 34     │
│ 2       │ 3 │ 'fwkb41-n3' │ '5/6'    │ 'success'   │ 0     │ 3    │ 0         │ 1   │ '3/3 (flow)' │ 34     │
└─────────┴───┴─────────────┴──────────┴─────────────┴───────┴──────┴───────────┴─────┴──────────────┴────────┘
http://127.0.0.1:8085
  s_0513d2  validated   19 steps  3/3 (100%)
           Open {{v2}}, sign in with username {{v3}} and password {{v4}} (type that literal text exactly). Then find the …
  s_1df6c3  validated   18 steps  3/3 (100%)
           On the {{v1}} project, for task #4 '{{v2}}': (a) add a comment whose text includes '{{v3}}', (b) set its due d…
  s_2977d9  validated   19 steps  3/3 (100%)
           On the '{{v1}}' project board, create a new task titled '{{v2}}' with a description containing the text '{{v3}…
store: /home/user/sitelooper/bench/results/fwkb41-skills

summary: /home/user/sitelooper/bench/results/fwkb41-sweep.json
