
[sweep] run 1/3: fwkb31-n1 (store: /home/user/sitelooper/bench/results/fwkb31-skills)
[harness] kanboard: defaulting APP_URL
[harness] kanboard: defaulting APP_EMAIL
[harness] kanboard: defaulting APP_PASSWORD
[reset] kanboard: no leftover bench tasks
[harness] kanboard responded 302 at http://127.0.0.1:8085/
stopped: fwkb31-n1
  flow "fwkb31" saved: 6 step(s), vars runid → /home/user/sitelooper/bench/results/flows/fwkb31.json
  warning: note: 01-signin no longer publishes board_columns_left_to_right — no replay reads it from the page and the recording showed no line to read
  warning: note: 02-create no longer publishes task_url — no replay reads it from the page and the recording showed no line to read
  warning: note: 03-verify no longer publishes backlog_task_count — no replay reads it from the page and the recording showed no line to read
  warning: note: 04-add no longer publishes task_id — no replay reads it from the page and the recording showed no line to read
  warning: note: 05-set no longer publishes due_date_entered, task_id, form_field_used — no replay reads them from the page and the recording showed no line to read
  warning: note: 06-open no longer publishes task_page_heading — no replay reads it from the page and the recording showed no line to read
  warning: warning: 83 other value(s) the run saw survived unslotted, judged by shape only (usually page copy; non-fatal):
  flow.steps[0].instruction: "Bench Board" (output) in "Sign in to Kanboard at http://127.0.0.1:8085/ with admin/admin, open the board of the project 'Bench Board', and report the names of the board's columns in left"
  flow.steps[0].instruction: "admin" (output) in "Sign in to Kanboard at http://127.0.0.1:8085/ with admin/admin, open the board of the project 'Bench Board', and report the names of the board's columns in left"
  flow.steps[1].instruction: "Bench Board" (output) in "On the Kanboard 'Bench Board' project (already signed in as admin), create a new task titled exactly '{{runid}} Bench Task' with a description that includes the"
  flow.steps[1].instruction: "admin" (output) in "On the Kanboard 'Bench Board' project (already signed in as admin), create a new task titled exactly '{{runid}} Bench Task' with a description that includes the"
  flow.steps[1].params.v1: "Bench Board" (output) in "Bench Board"
  warning: {{02-create.task_displayed_id}} (used by 03-verify) can only be re-observed by model recovery — consider re-recording so the value is read from the page.
  warning: 02-create reports task_displayed_id, but no segment of the procedure it pins (s_80bffa, with any later segment of its chain) re-reads it from the page — a replay without the model will succeed without that value; re-record so a read for it lands in that procedure's last segment.
arm=sitelooper model=z-ai/glm-5.3 runid=fwkb31-n1 stop=completed
turns=7 wall=275.9s
commands=6 cmdTime=244.0s cmdBytes=6686 timeouts=0
orchestrator in=14352 cw=0 cr=12032 out=1521
inner prompt=1198892 cached=1091840 completion=15629
spend=$0.0586 maxUsd=3
learn: A_n=0 replayed=0/6 full=0 repaired=0 compiled=6 variants=0
-> /home/user/sitelooper/bench/results/fwkb31-n1-sitelooper-result.json

fwkb31-n1: objectives passed 6/6
  obj 1: PASS — all 4 column names reported (Backlog | Ready | Work in progress | Done)
  obj 2: PASS — description includes runid=true
  obj 3: PASS — column=Work in progress
  obj 4: PASS — 1 comment(s), 1 carrying the runid
  obj 5: PASS — date_due=2026-12-31, want 2026-12-31
  obj 6: PASS — task id 4 reported

[sweep] run 2/3: fwkb31-n2 (replay flow fwkb31, no orchestrator)
[reset] kanboard: deleted 1 leftover bench task(s)

fwkb31-n2: objectives passed 6/6
  obj 1: PASS — all 4 column names reported (Backlog | Ready | Work in progress | Done)
  obj 2: PASS — description includes runid=true
  obj 3: PASS — column=Work in progress
  obj 4: PASS — 1 comment(s), 1 carrying the runid
  obj 5: PASS — date_due=2026-12-31, want 2026-12-31
  obj 6: PASS — task id 4 reported

[sweep] run 3/3: fwkb31-n3 (replay flow fwkb31, no orchestrator)
[reset] kanboard: deleted 1 leftover bench task(s)

fwkb31-n3: objectives passed 6/6
  obj 1: PASS — all 4 column names reported (Backlog | Ready | Work in progress | Done)
  obj 2: PASS — description includes runid=true
  obj 3: PASS — column=Work in progress
  obj 4: PASS — 1 comment(s), 1 carrying the runid
  obj 5: PASS — date_due=2026-12-31, want 2026-12-31
  obj 6: PASS — task id 4 reported

Learning sweep fwkb31 (K=3)
┌─────────┬───┬─────────────┬──────────┬─────────────┬───────┬──────┬───────────┬─────┬──────────────┬────────┐
│ (index) │ n │ runid       │ verified │ stop        │ turns │ cmds │ total_usd │ A_n │ replayed     │ wall_s │
├─────────┼───┼─────────────┼──────────┼─────────────┼───────┼──────┼───────────┼─────┼──────────────┼────────┤
│ 0       │ 1 │ 'fwkb31-n1' │ '6/6'    │ 'completed' │ 7     │ 6    │ 0.0586    │ 0   │ '0/6'        │ 276    │
│ 1       │ 2 │ 'fwkb31-n2' │ '6/6'    │ 'success'   │ 0     │ 6    │ 0         │ 1   │ '6/6 (flow)' │ 24     │
│ 2       │ 3 │ 'fwkb31-n3' │ '6/6'    │ 'success'   │ 0     │ 6    │ 0         │ 1   │ '6/6 (flow)' │ 23     │
└─────────┴───┴─────────────┴──────────┴─────────────┴───────┴──────┴───────────┴─────┴──────────────┴────────┘
http://127.0.0.1:8085
  s_00e323  validated    5 steps  3/3 (100%)
           On the Kanboard task page for task #4 '{{v1}}' (signed in as {{v3}}), set the task's due date to 2026-12-31 (u…
  s_5b1fda  validated    4 steps  3/3 (100%)
           On the Kanboard '{{v1}}' board (signed in as {{v2}}), move the task card '#4 {{v3}}' from the {{v5}} column in…
  s_74e9b9  validated   13 steps  3/3 (100%)
           Sign in to Kanboard at {{v1}} with admin/admin, open the board of the project 'Bench Board', and report the na…
  s_80bffa  validated   10 steps  3/3 (100%)
           On the Kanboard '{{v1}}' project (already signed in as {{v2}}), create a new task titled exactly '{{v4}}' with…
  s_b5c1be  validated    7 steps  3/3 (100%)
           On the Kanboard task page for task #4 '{{v1}}' (signed in as {{v3}}), add a comment whose text includes '{{v2}…
  s_f706b5  validated    5 steps  3/3 (100%)
           Final verification on Kanboard (signed in as {{v1}}): open the board of project '{{v2}}' and the task page for…
store: /home/user/sitelooper/bench/results/fwkb31-skills

summary: /home/user/sitelooper/bench/results/fwkb31-sweep.json
