
Running 1 test using 1 worker

[sitelooper step] 01-open
[sitelooper step] 02-open
[sitelooper step] 03-create
[sitelooper step] 04-verify
[sitelooper step] 05-open
[sitelooper step] 06-set
[sitelooper skip] 07-edit s_d9182f/4: recorded popup already showing — click skipped
[sitelooper step] 07-edit
[sitelooper step] 08-report
  ✓  1 fwkb7.spec.ts:9:1 › fwkb7 (25.7s)

  1 passed (27.6s)
[sitelooper warn] 03-create s_1f0197/4: read 'task_title' returned a value the skill itself set/selected ('fwkb7-spec Bench Task') — confirms the control, not persistence; dropped from the report's confident values
[sitelooper warn] 03-create s_1f0197/5: read 'description_saved' returned a value the skill itself set/selected ('Bench task created for run fwkb7-spec') — confirms the control, not persistence; dropped from the report's confident values
[sitelooper warn] 03-create s_1f0197/8: read 'description_saved' returned a value the skill itself set/selected ('Bench task created for run fwkb7-spec | ') — confirms the control, not persistence; dropped from the report's confident values
[sitelooper warn] 05-open s_99b75b/4: read 'comment_text' returned a value the skill itself set/selected ('Comment for run fwkb7-spec') — confirms the control, not persistence; dropped from the report's confident values
[sitelooper warn] 05-open s_99b75b/6: read 'comment_text' returned a value the skill itself set/selected ('Comment for run fwkb7-spec') — confirms the control, not persistence; dropped from the report's confident values
[sitelooper warn] 06-set s_37024a/3: read 'field_value_entered' returned a value the skill itself set/selected ('2026-12-31') — confirms the control, not persistence; dropped from the report's confident values
[sitelooper warn] 07-edit s_d9182f/8: read 'due_after_fill' returned a value the skill itself set/selected ('2026-12-31 00:00') — confirms the control, not persistence; dropped from the report's confident values
[sitelooper warn] 07-edit s_d9182f/12: read 'due_field_value_before_save' returned a value the skill itself set/selected ('12/31/2026 00:00') — confirms the control, not persistence; dropped from the report's confident values
[sitelooper warn] 07-edit s_d9182f/20: read 'due_field_value_before_save' returned a value the skill itself set/selected ('12/31/2026 00:00') — confirms the control, not persistence; dropped from the report's confident values
[sitelooper warn] 07-edit s_d9182f/22: read 'due_field_value_before_save' returned a value the skill itself set/selected ('12/31/2026 00:00') — confirms the control, not persistence; dropped from the report's confident values
