
[sweep] run 1/3: fwkb38-n1 (store: /home/user/sitelooper/bench/results/fwkb38-skills)
[harness] kanboard: defaulting APP_URL
[harness] kanboard: defaulting APP_EMAIL
[harness] kanboard: defaulting APP_PASSWORD
[reset] kanboard: no leftover bench tasks
[harness] kanboard responded 302 at http://127.0.0.1:8085/
stopped: fwkb38-n1
  flow "fwkb38" saved: 7 step(s), vars runid → /home/user/sitelooper/bench/results/flows/fwkb38.json
  warning: note: 01-signin no longer publishes logged_in_user — no replay reads it from the page and the recording showed no line to read
  warning: note: 02-open no longer publishes columns_left_to_right, backlog_task_count, ready_task_count, work_in_progress_task_count, done_task_count — no replay reads them from the page and the recording showed no line to read
  warning: note: 04-change no longer publishes backlog_task_count_after — no replay reads it from the page and the recording showed no line to read
  warning: note: 05-open no longer publishes comment_author, comment_created_at — no replay reads them from the page and the recording showed no line to read
  warning: note: 06-set no longer publishes due_date_field_placeholder_format — no replay reads it from the page and the recording showed no line to read
  warning: note: 07-change no longer publishes task_creator, task_modified, column_task_counts_backlog, column_task_counts_work_in_progress, column_task_counts_done, column_2_name, column_4_name — no replay reads them from the page and the recording showed no line to read
  warning: note: 01-signin: added a read for dashboard_heading to s_8a0388 (page.getByRole('heading', { name: 'KB Dashboard for admin', exact: true }); seen on the next instruction's start page)
  warning: warning: 144 other value(s) the run saw survived unslotted, judged by shape only (usually page copy; non-fatal):
  flow.steps[0].instruction: "admin" (output) in "Sign in to Kanboard with username 'admin' and password 'admin'. After login, verify you are signed in (e.g. the dashboard or logout link is visible) and report "
  flow.steps[1].instruction: "Bench Board" (output) in "Navigate to the project named 'Bench Board' and open its board (the kanban view). Then report the names of the board's columns in their exact left-to-right orde"
  flow.steps[1].instruction: "Board" (output) in "Navigate to the project named 'Bench Board' and open its board (the kanban view). Then report the names of the board's columns in their exact left-to-right orde"
  flow.steps[1].instruction: "open" (output) in "Navigate to the project named 'Bench Board' and open its board (the kanban view). Then report the names of the board's columns in their exact left-to-right orde"
  flow.steps[2].instruction: "Bench Board" (output) in "On the 'Bench Board' project board, create a new task with title exactly '{{runid}} Bench Task' and description containing the text '{{runid}}' (e.g. 'Bench tas"
  warning: {{03-create.task_id_displayed}} (used by 04-change) can only be re-observed by model recovery — consider re-recording so the value is read from the page.
  warning: 03-create reports task_id_displayed, but no segment of the procedure it pins (s_3e7da3, with any later segment of its chain) re-reads it from the page — a replay without the model will succeed without that value; re-record so a read for it lands in that procedure's last segment.
arm=sitelooper model=z-ai/glm-5.3 runid=fwkb38-n1 stop=completed
turns=9 wall=187.1s
commands=8 cmdTime=137.8s cmdBytes=9134 timeouts=0
orchestrator in=10694 cw=0 cr=25728 out=2148
inner prompt=887241 cached=796800 completion=11679
spend=$0.0544 maxUsd=3
learn: A_n=0 replayed=0/7 full=0 repaired=0 compiled=7 variants=0
-> /home/user/sitelooper/bench/results/fwkb38-n1-sitelooper-result.json

fwkb38-n1: objectives passed 6/6
  obj 1: PASS — all 4 column names reported (Backlog | Ready | Work in progress | Done)
  obj 2: PASS — description includes runid=true
  obj 3: PASS — column=Work in progress
  obj 4: PASS — 1 comment(s), 1 carrying the runid
  obj 5: PASS — date_due=2026-12-31, want 2026-12-31
  obj 6: PASS — task id 4 reported

[sweep] run 2/3: fwkb38-n2 (replay flow fwkb38, no orchestrator)
[reset] kanboard: deleted 1 leftover bench task(s)

fwkb38-n2: objectives passed 6/6
  obj 1: PASS — all 4 column names reported (Backlog | Ready | Work in progress | Done)
  obj 2: PASS — description includes runid=true
  obj 3: PASS — column=Work in progress
  obj 4: PASS — 1 comment(s), 1 carrying the runid
  obj 5: PASS — date_due=2026-12-31, want 2026-12-31
  obj 6: PASS — task id 4 reported

[sweep] run 3/3: fwkb38-n3 (replay flow fwkb38, no orchestrator)
[reset] kanboard: deleted 1 leftover bench task(s)

fwkb38-n3: objectives passed 6/6
  obj 1: PASS — all 4 column names reported (Backlog | Ready | Work in progress | Done)
  obj 2: PASS — description includes runid=true
  obj 3: PASS — column=Work in progress
  obj 4: PASS — 1 comment(s), 1 carrying the runid
  obj 5: PASS — date_due=2026-12-31, want 2026-12-31
  obj 6: PASS — task id 4 reported

Learning sweep fwkb38 (K=3)
┌─────────┬───┬─────────────┬──────────┬─────────────┬───────┬──────┬───────────┬─────┬──────────────┬────────┐
│ (index) │ n │ runid       │ verified │ stop        │ turns │ cmds │ total_usd │ A_n │ replayed     │ wall_s │
├─────────┼───┼─────────────┼──────────┼─────────────┼───────┼──────┼───────────┼─────┼──────────────┼────────┤
│ 0       │ 1 │ 'fwkb38-n1' │ '6/6'    │ 'completed' │ 9     │ 8    │ 0.0544    │ 0   │ '0/7'        │ 187    │
│ 1       │ 2 │ 'fwkb38-n2' │ '6/6'    │ 'success'   │ 0     │ 7    │ 0         │ 1   │ '7/7 (flow)' │ 20     │
│ 2       │ 3 │ 'fwkb38-n3' │ '6/6'    │ 'success'   │ 0     │ 7    │ 0         │ 1   │ '7/7 (flow)' │ 19     │
└─────────┴───┴─────────────┴──────────┴─────────────┴───────┴──────┴───────────┴─────┴──────────────┴────────┘
http://127.0.0.1:8085
  s_062d10  validated    6 steps  3/3 (100%)
           Move the task titled '{{v1}}' (task #4) on the '{{v3}}' project so that it sits in the '{{v4}}' column of the …
  s_3e7da3  validated   15 steps  3/3 (100%)
           On the '{{v1}}' project board, create a new task with title exactly '{{v4}}' and description containing the te…
  s_806d1c  validated   16 steps  3/3 (100%)
           Final verification pass on the '{{v1}}' project (read-only, do not change anything): 1) Open the board and rep…
  s_8a0388  validated    7 steps  3/3 (100%)
           Sign in to Kanboard with username 'admin' and password 'admin'. After login, verify you are signed in (e.g. th…
  s_c084d9  validated    7 steps  3/3 (100%)
           Open the task page for task #4 titled '{{v1}}' on the '{{v3}}' project and add a comment whose text includes '…
  s_e5bbc6  validated    9 steps  3/3 (100%)
           On the task page for task #4 titled '{{v1}}' on the '{{v3}}' project, set the task's due date to 2026-12-31 (D…
  s_fdbd23  validated    9 steps  3/3 (100%)
           Navigate to the project named 'Bench Board' and open its board (the kanban view). Then report the names of the…
store: /home/user/sitelooper/bench/results/fwkb38-skills

summary: /home/user/sitelooper/bench/results/fwkb38-sweep.json
