
[sweep] run 1/3: fwkb12-n1 (store: /home/user/sitelooper/bench/results/fwkb12-skills)
[harness] kanboard: defaulting APP_URL
[harness] kanboard: defaulting APP_EMAIL
[harness] kanboard: defaulting APP_PASSWORD
[reset] kanboard: no leftover bench tasks
[harness] kanboard responded 302 at http://127.0.0.1:8085/
stopped: fwkb12-n1
  flow "fwkb12" saved: 6 step(s), vars runid → /home/user/sitelooper/bench/results/flows/fwkb12.json
  warning: note: 01-open no longer publishes columns_left_to_right, project_id — no replay reads them from the page and the recording showed no line to read
  warning: note: 02-create no longer publishes task_id, board_url, task_url — no replay reads them from the page and the recording showed no line to read
  warning: note: 03-report no longer publishes position — no replay reads it from the page and the recording showed no line to read
  warning: warning: contradicted-step: 03-report read column "Column: Work in progress" right after 02-create reported "Backlog"; 02-create's change may not have landed and a later step may be retrying it. Re-record 02-create.
  warning: warning: 78 other value(s) the run saw survived unslotted, judged by shape only (usually page copy; non-fatal):
  flow.steps[0].instruction: "Bench Board" (output) in "Open http://127.0.0.1:8085/ and sign in with username admin and password admin. Then navigate to the project named 'Bench Board' and open its board. Report the "
  flow.steps[1].instruction: "Bench Board" (output) in "On the Kanboard project 'Bench Board' board, create a new task with title exactly '{{runid}} Bench Task' and a description that includes the text '{{runid}}' (e"
  flow.steps[1].params.v1: "Bench Board" (output) in "Bench Board"
  flow.steps[2].instruction: "Bench Board" (output) in "On the Kanboard 'Bench Board' board, move the task titled '{{runid}} Bench Task' (task {{02-create.task_id_display}}) so that it sits in the '{{01-open.third_co"
  flow.steps[2].params.v1: "Bench Board" (output) in "Bench Board"
arm=sitelooper model=z-ai/glm-5.3 runid=fwkb12-n1 stop=completed
turns=7 wall=219.1s
commands=6 cmdTime=198.7s cmdBytes=4664 timeouts=0
orchestrator in=11427 cw=0 cr=13888 out=1649
inner prompt=1052097 cached=948736 completion=14076
spend=$0.0537 maxUsd=3
learn: A_n=0 replayed=0/6 full=0 repaired=0 compiled=6 variants=0
-> /home/user/sitelooper/bench/results/fwkb12-n1-sitelooper-result.json

fwkb12-n1: objectives passed 6/6
  obj 1: PASS — all 4 column names reported (Backlog | Ready | Work in progress | Done)
  obj 2: PASS — description includes runid=true
  obj 3: PASS — column=Work in progress
  obj 4: PASS — 1 comment(s), 1 carrying the runid
  obj 5: PASS — date_due=2026-12-31, want 2026-12-31
  obj 6: PASS — task id 4 reported

[sweep] run 2/3: fwkb12-n2 (replay flow fwkb12, no orchestrator)
[reset] kanboard: deleted 1 leftover bench task(s)

fwkb12-n2: objectives passed 6/6
  obj 1: PASS — all 4 column names reported (Backlog | Ready | Work in progress | Done)
  obj 2: PASS — description includes runid=true
  obj 3: PASS — column=Work in progress
  obj 4: PASS — 1 comment(s), 1 carrying the runid
  obj 5: PASS — date_due=2026-12-31, want 2026-12-31
  obj 6: PASS — task id 4 reported

[sweep] run 3/3: fwkb12-n3 (replay flow fwkb12, no orchestrator)
[reset] kanboard: deleted 1 leftover bench task(s)

fwkb12-n3: objectives passed 6/6
  obj 1: PASS — all 4 column names reported (Backlog | Ready | Work in progress | Done)
  obj 2: PASS — description includes runid=true
  obj 3: PASS — column=Work in progress
  obj 4: PASS — 1 comment(s), 1 carrying the runid
  obj 5: PASS — date_due=2026-12-31, want 2026-12-31
  obj 6: PASS — task id 4 reported

Learning sweep fwkb12 (K=3)
┌─────────┬───┬─────────────┬──────────┬─────────────┬───────┬──────┬───────────┬─────┬──────────────┬────────┐
│ (index) │ n │ runid       │ verified │ stop        │ turns │ cmds │ total_usd │ A_n │ replayed     │ wall_s │
├─────────┼───┼─────────────┼──────────┼─────────────┼───────┼──────┼───────────┼─────┼──────────────┼────────┤
│ 0       │ 1 │ 'fwkb12-n1' │ '6/6'    │ 'completed' │ 7     │ 6    │ 0.0537    │ 0   │ '0/6'        │ 219    │
│ 1       │ 2 │ 'fwkb12-n2' │ '6/6'    │ 'success'   │ 0     │ 6    │ 0         │ 1   │ '6/6 (flow)' │ 17     │
│ 2       │ 3 │ 'fwkb12-n3' │ '6/6'    │ 'success'   │ 0     │ 6    │ 0         │ 1   │ '6/6 (flow)' │ 17     │
└─────────┴───┴─────────────┴──────────┴─────────────┴───────┴──────┴───────────┴─────┴──────────────┴────────┘
http://127.0.0.1:8085
  s_03c4b1  validated    6 steps  3/3 (100%)
           Final verification on Kanboard project '{{v1}}': open the board and the task page for the task titled '{{v2}}'…
  s_3f6bfc  validated    8 steps  3/3 (100%)
           On the task page for task #4 titled '{{v1}}' in the Kanboard '{{v3}}' project, add a comment whose text includ…
  s_7c91b0  validated   11 steps  3/3 (100%)
           On the Kanboard project '{{v1}}' board, create a new task with title exactly '{{v4}}' and a description that i…
  s_d10b60  validated    5 steps  3/3 (100%)
           On the Kanboard '{{v1}}' board, move the task titled '{{v2}}' (task #4) so that it sits in the '{{v4}}' column…
  s_edacdc  validated    8 steps  3/3 (100%)
           On the task page for task #4 titled '{{v1}}' in the Kanboard '{{v3}}' project, set the task's due date to {{v4…
  s_fb7040  validated   14 steps  3/3 (100%)
           Open {{v1}} and sign in with username admin and password admin. Then navigate to the project named 'Bench Boar…
store: /home/user/sitelooper/bench/results/fwkb12-skills

summary: /home/user/sitelooper/bench/results/fwkb12-sweep.json
