
[sweep] run 1/3: fwkb34-n1 (store: /home/user/sitelooper/bench/results/fwkb34-skills)
[harness] kanboard: defaulting APP_URL
[harness] kanboard: defaulting APP_EMAIL
[harness] kanboard: defaulting APP_PASSWORD
[reset] kanboard: no leftover bench tasks
[harness] kanboard responded 302 at http://127.0.0.1:8085/
stopped: fwkb34-n1
  flow "fwkb34" saved: 7 step(s), vars runid → /home/user/sitelooper/bench/results/flows/fwkb34.json
  warning: note: 02-open no longer publishes board_columns_left_to_right, swimlane_count, cards_by_column_backlog_1, cards_by_column_backlog_2, cards_by_column_backlog_3 — no replay reads them from the page and the recording showed no line to read
  warning: note: 03-create no longer publishes task_page_url, backlog_card_hrefs_after — no replay reads them from the page and the recording showed no line to read
  warning: note: 05-open no longer publishes task_id, comment_created_at, comment_updated_at — no replay reads them from the page and the recording showed no line to read
  warning: note: 06-set no longer publishes task_id, due_date_iso, due_date_display_format_note, seed_tasks_untouched — no replay reads them from the page and the recording showed no line to read
  warning: note: 07-change no longer publishes f_due_date_displayed, g_board_columns_left_to_right, task_page_url, board_url, task_page_other_details — no replay reads them from the page and the recording showed no line to read
  warning: warning: 216 other value(s) the run saw survived unslotted, judged by shape only (usually page copy; non-fatal):
  flow.startUrl: "http://127.0.0.1:8085/" (output) in "http://127.0.0.1:8085/"
  flow.steps[0].instruction: "admin" (output) in "Sign in to Kanboard with username 'admin' and password 'admin' (submit the login form). Then verify you are signed in and report what page you land on."
  flow.steps[0].route: "http://127.0.0.1:8085/" (output) in "http://127.0.0.1:8085/"
  flow.steps[1].route: "http://127.0.0.1:8085/" (output) in "http://127.0.0.1:8085/"
  flow.steps[2].route: "http://127.0.0.1:8085/" (output) in "http://127.0.0.1:8085/"
  warning: {{03-create.task_id_as_displayed}} (used by 04-edit) can only be re-observed by model recovery — consider re-recording so the value is read from the page.
  warning: 03-create reports task_id_as_displayed, but no segment of the procedure it pins (s_a23adb, with any later segment of its chain) re-reads it from the page — a replay without the model will succeed without that value; re-record so a read for it lands in that procedure's last segment.
arm=sitelooper model=z-ai/glm-5.3 runid=fwkb34-n1 stop=completed
turns=9 wall=230.8s
commands=8 cmdTime=193.7s cmdBytes=29826 timeouts=0
orchestrator in=55815 cw=0 cr=3072 out=2291
inner prompt=1306944 cached=1214848 completion=17528
spend=$0.1172 maxUsd=3
learn: A_n=0 replayed=0/7 full=0 repaired=0 compiled=7 variants=0
-> /home/user/sitelooper/bench/results/fwkb34-n1-sitelooper-result.json

fwkb34-n1: objectives passed 6/6
  obj 1: PASS — all 4 column names reported (Backlog | Ready | Work in progress | Done)
  obj 2: PASS — description includes runid=true
  obj 3: PASS — column=Work in progress
  obj 4: PASS — 1 comment(s), 1 carrying the runid
  obj 5: PASS — date_due=2026-12-31, want 2026-12-31
  obj 6: PASS — task id 4 reported

[sweep] run 2/3: fwkb34-n2 (replay flow fwkb34, no orchestrator)
[reset] kanboard: deleted 1 leftover bench task(s)

fwkb34-n2: objectives passed 6/6
  obj 1: PASS — all 4 column names reported (Backlog | Ready | Work in progress | Done)
  obj 2: PASS — description includes runid=true
  obj 3: PASS — column=Work in progress
  obj 4: PASS — 1 comment(s), 1 carrying the runid
  obj 5: PASS — date_due=2026-12-31, want 2026-12-31
  obj 6: PASS — task id 4 reported

[sweep] run 3/3: fwkb34-n3 (replay flow fwkb34, no orchestrator)
[reset] kanboard: deleted 1 leftover bench task(s)

fwkb34-n3: objectives passed 6/6
  obj 1: PASS — all 4 column names reported (Backlog | Ready | Work in progress | Done)
  obj 2: PASS — description includes runid=true
  obj 3: PASS — column=Work in progress
  obj 4: PASS — 1 comment(s), 1 carrying the runid
  obj 5: PASS — date_due=2026-12-31, want 2026-12-31
  obj 6: PASS — task id 4 reported

Learning sweep fwkb34 (K=3)
┌─────────┬───┬─────────────┬──────────┬─────────────┬───────┬──────┬───────────┬─────┬──────────────┬────────┐
│ (index) │ n │ runid       │ verified │ stop        │ turns │ cmds │ total_usd │ A_n │ replayed     │ wall_s │
├─────────┼───┼─────────────┼──────────┼─────────────┼───────┼──────┼───────────┼─────┼──────────────┼────────┤
│ 0       │ 1 │ 'fwkb34-n1' │ '6/6'    │ 'completed' │ 9     │ 8    │ 0.1172    │ 0   │ '0/7'        │ 231    │
│ 1       │ 2 │ 'fwkb34-n2' │ '6/6'    │ 'success'   │ 0     │ 7    │ 0         │ 1   │ '7/7 (flow)' │ 21     │
│ 2       │ 3 │ 'fwkb34-n3' │ '6/6'    │ 'success'   │ 0     │ 7    │ 0         │ 1   │ '7/7 (flow)' │ 21     │
└─────────┴───┴─────────────┴──────────┴─────────────┴───────┴──────┴───────────┴─────┴──────────────┴────────┘
http://127.0.0.1:8085
  s_0af4d0  validated   14 steps  3/3 (100%)
           In the Kanboard project 'Bench Board', move the task titled '{{v1}}' (task #4) so that it sits in the '{{v3}}'…
  s_21199f  validated   12 steps  3/3 (100%)
           Navigate to the project named 'Bench Board' and open its board view. Report the names of the board's columns i…
  s_274cc2  validated   10 steps  3/3 (100%)
           Open the task page for task #4 titled '{{v1}}' in the Kanboard project 'Bench Board' and add a comment to that…
  s_4b7fdc  validated    6 steps  3/3 (100%)
           Sign in to Kanboard with username 'admin' and password 'admin' (submit the login form). Then verify you are si…
  s_5b1c77  validated    9 steps  3/3 (100%)
           On the task page for task #4 titled '{{v1}}' in the Kanboard project 'Bench Board', set the task's due date to…
  s_a23adb  validated    9 steps  3/3 (100%)
           In the Kanboard project 'Bench Board', create a new task with title exactly '{{v2}}' and a description that in…
  s_be7625  validated    8 steps  3/3 (100%)
           Final verification (read-only, do not change anything): Open the task page for task #4 '{{v1}}' in the Kanboar…
store: /home/user/sitelooper/bench/results/fwkb34-skills

summary: /home/user/sitelooper/bench/results/fwkb34-sweep.json
