
[sweep] run 1/3: fwkb44-n1 (store: /home/user/sitelooper/bench/results/fwkb44-skills)
[harness] kanboard: defaulting APP_URL
[harness] kanboard: defaulting APP_EMAIL
[harness] kanboard: defaulting APP_PASSWORD
[reset] kanboard: no leftover bench tasks
[harness] kanboard responded 302 at http://127.0.0.1:8085/
stopped: fwkb44-n1
  flow "fwkb44" saved: 7 step(s), vars runid → /home/user/sitelooper/bench/results/flows/fwkb44.json
  warning: note: 3 goal/report value(s) carrying a value this run made were slotted or dropped:
  s_fd37ac.goal.requireText[1] dropped (names a value this run made, with no slot to bind it)
  s_fd37ac.reportTemplate.values.input_textarea_select dropped (recorded literal of a value this run made)
  s_fd37ac.reportTemplate.summary dropped (narrates a value this run made)
  warning: note: 03-create no longer publishes due_date, position — no replay reads them from the page and the recording showed no line to read
  warning: warning: 83 other value(s) the run saw survived unslotted, judged by shape only (usually page copy; non-fatal):
  flow.steps[0].instruction: "admin" (output) in "Sign in to Kanboard with username 'admin' and password '{{env:APP_PASSWORD}}' (type the password text exactly as '{{env:APP_PASSWORD}}' — it will be filled in w"
  flow.steps[0].params.v1: "admin" (output) in "admin"
  flow.steps[2].instruction: "description" (output) in "On the project '{{01-signin.project_name}}', create a new task titled '{{runid}} Bench Task' with a description that includes the text '{{runid}}' (e.g. 'Bench "
  flow.steps[6].instruction: "description" (output) in "Final verification, read-only. Open the board of project '{{01-signin.project_name}}' and report: (a) the board column names left-to-right exactly as shown; (b)"
  flow.steps[6].instruction: "open" (output) in "Final verification, read-only. Open the board of project '{{01-signin.project_name}}' and report: (a) the board column names left-to-right exactly as shown; (b)"
  warning: {{03-create.task_id_display}} (used by 04-verify) can only be re-observed by model recovery — consider re-recording so the value is read from the page.
  warning: {{03-create.input_textarea_select}} (used by 07-open) can only be re-observed by model recovery — consider re-recording so the value is read from the page.
  warning: 03-create reports task_id_display, input_textarea_select, but no segment of the procedure it pins (s_fd37ac, with any later segment of its chain) re-reads them from the page — a replay without the model will succeed without those values; re-record so a read for them lands in that procedure's last segment.
arm=sitelooper model=z-ai/glm-5.3 runid=fwkb44-n1 stop=completed
turns=9 wall=233.2s
commands=8 cmdTime=207.5s cmdBytes=6089 timeouts=0
orchestrator in=4702 cw=0 cr=28992 out=1636
inner prompt=1442774 cached=1340416 completion=20518
spend=$0.0531 maxUsd=3
learn: A_n=0 replayed=0/7 full=0 repaired=0 compiled=7 variants=0
-> /home/user/sitelooper/bench/results/fwkb44-n1-sitelooper-result.json

fwkb44-n1: objectives passed 6/6
  obj 1: PASS — all 4 column names reported (Backlog | Ready | Work in progress | Done)
  obj 2: PASS — description includes runid=true
  obj 3: PASS — column=Work in progress
  obj 4: PASS — 1 comment(s), 1 carrying the runid
  obj 5: PASS — date_due=2026-12-31, want 2026-12-31
  obj 6: PASS — task id 4 reported

[sweep] run 2/3: fwkb44-n2 (replay flow fwkb44, no orchestrator)
[reset] kanboard: deleted 1 leftover bench task(s)
[sweep] fwkb44-n2: 2 drift ticket(s) → fwkb44-n2-drift.json

fwkb44-n2: objectives passed 6/6
  obj 1: PASS — all 4 column names reported (Backlog | Ready | Work in progress | Done)
  obj 2: PASS — description includes runid=true
  obj 3: PASS — column=Work in progress
  obj 4: PASS — 1 comment(s), 1 carrying the runid
  obj 5: PASS — date_due=2026-12-31, want 2026-12-31
  obj 6: PASS — task id 4 reported

[sweep] run 3/3: fwkb44-n3 (replay flow fwkb44, no orchestrator)
[reset] kanboard: deleted 1 leftover bench task(s)
[sweep] fwkb44-n3: 2 drift ticket(s) → fwkb44-n3-drift.json

fwkb44-n3: objectives passed 6/6
  obj 1: PASS — all 4 column names reported (Backlog | Ready | Work in progress | Done)
  obj 2: PASS — description includes runid=true
  obj 3: PASS — column=Work in progress
  obj 4: PASS — 1 comment(s), 1 carrying the runid
  obj 5: PASS — date_due=2026-12-31, want 2026-12-31
  obj 6: PASS — task id 4 reported

Learning sweep fwkb44 (K=3)
┌─────────┬───┬─────────────┬──────────┬─────────────┬───────┬──────┬───────────┬─────┬──────────────┬────────┐
│ (index) │ n │ runid       │ verified │ stop        │ turns │ cmds │ total_usd │ A_n │ replayed     │ wall_s │
├─────────┼───┼─────────────┼──────────┼─────────────┼───────┼──────┼───────────┼─────┼──────────────┼────────┤
│ 0       │ 1 │ 'fwkb44-n1' │ '6/6'    │ 'completed' │ 9     │ 8    │ 0.0531    │ 0   │ '0/7'        │ 233    │
│ 1       │ 2 │ 'fwkb44-n2' │ '6/6'    │ 'success'   │ 0     │ 7    │ 0         │ 1   │ '7/7 (flow)' │ 22     │
│ 2       │ 3 │ 'fwkb44-n3' │ '6/6'    │ 'success'   │ 0     │ 7    │ 0         │ 1   │ '7/7 (flow)' │ 22     │
└─────────┴───┴─────────────┴──────────┴─────────────┴───────┴──────┴───────────┴─────┴──────────────┴────────┘
http://127.0.0.1:8085
  s_2ced6e  validated    6 steps  3/3 (100%)
           On the task page for task #4 ('{{v1}}'), add a comment whose text includes '{{v2}}' (e.g. '{{v3}}'). Submit it…
  s_44d653  validated   10 steps  3/3 (100%)
           Move the task titled '{{v1}}' (task #4) on project '{{v3}}' so that it sits in the '{{v4}}' column of the boar…
  s_830cec  validated    7 steps  3/3 (100%)
           On the task page for task #4 ('{{v1}}'), set the task's due date to 2026-12-31 (December 31, 2026). Use the ta…
  s_85d29a  validated    7 steps  3/3 (100%)
           Sign in to Kanboard with username '{{v1}}' and password '{{env:APP_PASSWORD}}' (type the password text exactly…
  s_97a3f3  validated   12 steps  3/3 (100%)
           Final verification, read-only. Open the board of project '{{v1}}' and report: (a) the board column names left-…
  s_d360ad  validated   11 steps  3/3 (100%)
           Open the board of the project named '{{v1}}' and report the names of the board's columns in their left-to-righ…
  s_fd37ac  validated   17 steps  3/3 (100%)
           On the project '{{v1}}', create a new task titled '{{v3}}' with a description that includes the text '{{v2}}' …
store: /home/user/sitelooper/bench/results/fwkb44-skills

summary: /home/user/sitelooper/bench/results/fwkb44-sweep.json
