
[sweep] run 1/3: fwkb10-n1 (store: /home/user/sitelooper/bench/results/fwkb10-skills)
[harness] kanboard: defaulting APP_URL
[harness] kanboard: defaulting APP_EMAIL
[harness] kanboard: defaulting APP_PASSWORD
[reset] kanboard: no leftover bench tasks
[harness] kanboard responded 302 at http://127.0.0.1:8085/
stopped: fwkb10-n1
  flow "fwkb10" saved: 5 step(s), vars runid → /home/user/sitelooper/bench/results/flows/fwkb10.json
  warning: note: 01-open no longer publishes column_order_left_to_right, column_1_header_text_as_displayed, backlog_task_count_badge_visible_text, backlog_visible_tasks, backlog_total_tasks_all_swimlanes — no replay reads them from the page and the recording showed no line to read
  warning: note: 02-create no longer publishes task_priority, position, creator, created, modified, moved, due_date, board_backlog_count_after, flash_message — no replay reads them from the page and the recording showed no line to read
  warning: note: 03-verify no longer publishes wip_column_count_badge, backlog_column_count_after — no replay reads them from the page and the recording showed no line to read
  warning: note: 04-add no longer publishes task_id, comment_author — no replay reads them from the page and the recording showed no line to read
  warning: note: 05-open no longer publishes a_columns_left_to_right, a_columns_multiset, f_due_date_line, position_on_task_page — no replay reads them from the page and the recording showed no line to read
  warning: note: 01-open: added a read for column_3_header_text_as_displayed to s_79195d (page.getByRole('cell', { name: 'Work in progress', exact: true }), page.getByRole('link', { name: 'Work in progress', exact: true }); seen on the next instruction's start page)
  warning: note: 01-open: added a read for column_4_header_text_as_displayed to s_79195d (page.getByRole('cell', { name: 'Done', exact: true }), page.getByRole('link', { name: 'Done', exact: true }); seen on the next instruction's start page)
  warning: note: 05-open: added a read for b_column_containing_card to s_68fad0 (page.getByRole('link', { name: 'Work in progress', exact: true }); seen on the instruction's own page)
  warning: note: 05-open: added a read for h_column_on_task_page to s_68fad0 (page.getByRole('link', { name: 'Work in progress', exact: true }); seen on the instruction's own page)
  warning: warning: 162 other value(s) the run saw survived unslotted, judged by shape only (usually page copy; non-fatal):
  flow.steps[0].instruction: "Bench Board" (output) in "Open http://127.0.0.1:8085/ and sign in with username admin and password admin. Then navigate to the project named 'Bench Board' and open its board view. Report"
  flow.steps[0].instruction: "Board" (output) in "Open http://127.0.0.1:8085/ and sign in with username admin and password admin. Then navigate to the project named 'Bench Board' and open its board view. Report"
  flow.steps[0].instruction: "admin" (output) in "Open http://127.0.0.1:8085/ and sign in with username admin and password admin. Then navigate to the project named 'Bench Board' and open its board view. Report"
  flow.steps[0].instruction: "open" (output) in "Open http://127.0.0.1:8085/ and sign in with username admin and password admin. Then navigate to the project named 'Bench Board' and open its board view. Report"
  flow.steps[1].instruction: "Bench Board" (output) in "On the Kanboard 'Bench Board' project board, create a new task with the title exactly '{{runid}} Bench Task' and a description that includes the text '{{runid}}"
  warning: {{02-create.task_id_as_displayed}} (used by 03-verify) can only be re-observed by model recovery — consider re-recording so the value is read from the page.
  warning: 02-create reports task_id_as_displayed, but s_d243fc re-reads none of it from the page — a replay without the model will succeed without that value; re-record so it is read.
arm=sitelooper model=z-ai/glm-5.3 runid=fwkb10-n1 stop=completed
turns=6 wall=250.0s
commands=5 cmdTime=224.7s cmdBytes=6695 timeouts=0
orchestrator in=11326 cw=0 cr=11840 out=1842
inner prompt=1225879 cached=1115776 completion=21780
spend=$0.06 maxUsd=3
learn: A_n=0 replayed=0/5 full=0 repaired=0 compiled=5 variants=0
-> /home/user/sitelooper/bench/results/fwkb10-n1-sitelooper-result.json

fwkb10-n1: objectives passed 6/6
  obj 1: PASS — all 4 column names reported (Backlog | Ready | Work in progress | Done)
  obj 2: PASS — description includes runid=true
  obj 3: PASS — column=Work in progress
  obj 4: PASS — 1 comment(s), 1 carrying the runid
  obj 5: PASS — date_due=2026-12-31, want 2026-12-31
  obj 6: PASS — task id 4 reported

[sweep] run 2/3: fwkb10-n2 (replay flow fwkb10, no orchestrator)
[reset] kanboard: deleted 1 leftover bench task(s)
[sweep] fwkb10-n2: 5 drift ticket(s) → fwkb10-n2-drift.json

fwkb10-n2: objectives passed 6/6
  obj 1: PASS — all 4 column names reported (Backlog | Ready | Work in progress | Done)
  obj 2: PASS — description includes runid=true
  obj 3: PASS — column=Work in progress
  obj 4: PASS — 1 comment(s), 1 carrying the runid
  obj 5: PASS — date_due=2026-12-31, want 2026-12-31
  obj 6: PASS — task id 4 reported

[sweep] run 3/3: fwkb10-n3 (replay flow fwkb10, no orchestrator)
[reset] kanboard: deleted 1 leftover bench task(s)
[sweep] fwkb10-n3: 5 drift ticket(s) → fwkb10-n3-drift.json

fwkb10-n3: objectives passed 6/6
  obj 1: PASS — all 4 column names reported (Backlog | Ready | Work in progress | Done)
  obj 2: PASS — description includes runid=true
  obj 3: PASS — column=Work in progress
  obj 4: PASS — 1 comment(s), 1 carrying the runid
  obj 5: PASS — date_due=2026-12-31, want 2026-12-31
  obj 6: PASS — task id 4 reported

Learning sweep fwkb10 (K=3)
┌─────────┬───┬─────────────┬──────────┬─────────────┬───────┬──────┬───────────┬─────┬──────────────┬────────┐
│ (index) │ n │ runid       │ verified │ stop        │ turns │ cmds │ total_usd │ A_n │ replayed     │ wall_s │
├─────────┼───┼─────────────┼──────────┼─────────────┼───────┼──────┼───────────┼─────┼──────────────┼────────┤
│ 0       │ 1 │ 'fwkb10-n1' │ '6/6'    │ 'completed' │ 6     │ 5    │ 0.06      │ 0   │ '0/5'        │ 250    │
│ 1       │ 2 │ 'fwkb10-n2' │ '6/6'    │ 'success'   │ 0     │ 5    │ 0         │ 1   │ '5/5 (flow)' │ 32     │
│ 2       │ 3 │ 'fwkb10-n3' │ '6/6'    │ 'success'   │ 0     │ 5    │ 0         │ 1   │ '5/5 (flow)' │ 32     │
└─────────┴───┴─────────────┴──────────┴─────────────┴───────┴──────┴───────────┴─────┴──────────────┴────────┘
http://127.0.0.1:8085
  s_124c51  validated   13 steps  3/3 (100%)
           On the Kanboard task page for task #4 ('{{v1}}') in the {{v3}} project, do two things: (1) add a comment whose…
  s_68e003  validated    3 steps  3/3 (100%)
           On the Kanboard '{{v1}}' board, move the task titled '{{v3}}' (task #4) from the {{v5}} column into the '{{v6}…
  s_68fad0  validated    5 steps  3/3 (100%)
           Verification only, do not modify anything: On the Kanboard '{{v1}}' project, {{v3}} the board and report (a) t…
  s_79195d  validated   12 steps  3/3 (100%)
           Open {{v1}} and sign in with username admin and password admin. Then navigate to the project named 'Bench Boar…
  s_d243fc  validated   12 steps  3/3 (100%)
           On the Kanboard '{{v1}}' project board, create a new task with the title exactly '{{v4}}' and a description th…
store: /home/user/sitelooper/bench/results/fwkb10-skills

summary: /home/user/sitelooper/bench/results/fwkb10-sweep.json
