
[sweep] run 1/3: fwkb40-n1 (store: /home/user/sitelooper/bench/results/fwkb40-skills)
[harness] kanboard: defaulting APP_URL
[harness] kanboard: defaulting APP_EMAIL
[harness] kanboard: defaulting APP_PASSWORD
[reset] kanboard: no leftover bench tasks
[harness] kanboard responded 302 at http://127.0.0.1:8085/
stopped: fwkb40-n1
  flow "fwkb40" saved: 4 step(s), vars runid → /home/user/sitelooper/bench/results/flows/fwkb40.json
  warning: note: 01-signin no longer publishes columns_left_to_right, column_count — no replay reads them from the page and the recording showed no line to read
  warning: note: 02-create no longer publishes position, project_id, board_url, task_page_url, seed_tasks_untouched — no replay reads them from the page and the recording showed no line to read
  warning: note: 04-add: added a read for sidebar_action_add_comment to s_a3f839 (page.getByRole('heading', { name: 'Add a comment', exact: true }), page.getByRole('link', { name: 'Add a comment', exact: true }); seen on the instruction's own page)
  warning: warning: 80 other value(s) the run saw survived unslotted, judged by shape only (usually page copy; non-fatal):
  flow.steps[0].instruction: "Bench Board" (output) in "Sign in to Kanboard at http://127.0.0.1:8085/ with username admin and password typed exactly as {{env:APP_PASSWORD}} (the text will be filled in automatically)."
  flow.steps[0].instruction: "open" (output) in "Sign in to Kanboard at http://127.0.0.1:8085/ with username admin and password typed exactly as {{env:APP_PASSWORD}} (the text will be filled in automatically)."
  flow.steps[1].instruction: "Bench Board" (output) in "On the Kanboard 'Bench Board' project board (already signed in as admin), create a new task titled exactly '{{runid}} Bench Task' with a description that includ"
  flow.steps[1].params.v1: "Bench Board" (output) in "Bench Board"
  flow.steps[2].instruction: "Bench Board" (output) in "On the Kanboard 'Bench Board' board (signed in as admin), move the task titled '{{runid}} Bench Task' (task {{02-create.task_id_displayed}}) so that it sits in "
  warning: {{02-create.task_id_displayed}} (used by 03-verify) can only be re-observed by model recovery — consider re-recording so the value is read from the page.
  warning: 02-create reports task_id_displayed, but no segment of the procedure it pins (s_654062, with any later segment of its chain) re-reads it from the page — a replay without the model will succeed without that value; re-record so a read for it lands in that procedure's last segment.
arm=sitelooper model=z-ai/glm-5.3 runid=fwkb40-n1 stop=completed
turns=5 wall=146.0s
commands=4 cmdTime=129.9s cmdBytes=4025 timeouts=0
orchestrator in=7688 cw=0 cr=9536 out=1121
inner prompt=833967 cached=763648 completion=10846
spend=$0.0376 maxUsd=3
learn: A_n=0 replayed=0/4 full=0 repaired=0 compiled=4 variants=0
-> /home/user/sitelooper/bench/results/fwkb40-n1-sitelooper-result.json

fwkb40-n1: objectives passed 6/6
  obj 1: PASS — all 4 column names reported (Backlog | Ready | Work in progress | Done)
  obj 2: PASS — description includes runid=true
  obj 3: PASS — column=Work in progress
  obj 4: PASS — 1 comment(s), 1 carrying the runid
  obj 5: PASS — date_due=2026-12-31, want 2026-12-31
  obj 6: PASS — task id 4 reported

[sweep] run 2/3: fwkb40-n2 (replay flow fwkb40, no orchestrator)
[reset] kanboard: deleted 1 leftover bench task(s)
[sweep] fwkb40-n2: 1 drift ticket(s) → fwkb40-n2-drift.json

fwkb40-n2: objectives passed 6/6
  obj 1: PASS — all 4 column names reported (Backlog | Ready | Work in progress | Done)
  obj 2: PASS — description includes runid=true
  obj 3: PASS — column=Work in progress
  obj 4: PASS — 1 comment(s), 1 carrying the runid
  obj 5: PASS — date_due=2026-12-31, want 2026-12-31
  obj 6: PASS — task id 4 reported

[sweep] run 3/3: fwkb40-n3 (replay flow fwkb40, no orchestrator)
[reset] kanboard: deleted 1 leftover bench task(s)
[sweep] fwkb40-n3: 1 drift ticket(s) → fwkb40-n3-drift.json

fwkb40-n3: objectives passed 6/6
  obj 1: PASS — all 4 column names reported (Backlog | Ready | Work in progress | Done)
  obj 2: PASS — description includes runid=true
  obj 3: PASS — column=Work in progress
  obj 4: PASS — 1 comment(s), 1 carrying the runid
  obj 5: PASS — date_due=2026-12-31, want 2026-12-31
  obj 6: PASS — task id 4 reported

Learning sweep fwkb40 (K=3)
┌─────────┬───┬─────────────┬──────────┬─────────────┬───────┬──────┬───────────┬─────┬──────────────┬────────┐
│ (index) │ n │ runid       │ verified │ stop        │ turns │ cmds │ total_usd │ A_n │ replayed     │ wall_s │
├─────────┼───┼─────────────┼──────────┼─────────────┼───────┼──────┼───────────┼─────┼──────────────┼────────┤
│ 0       │ 1 │ 'fwkb40-n1' │ '6/6'    │ 'completed' │ 5     │ 4    │ 0.0376    │ 0   │ '0/4'        │ 146    │
│ 1       │ 2 │ 'fwkb40-n2' │ '6/6'    │ 'partial'   │ 0     │ 4    │ 0         │ 1   │ '3/4 (flow)' │ 21     │
│ 2       │ 3 │ 'fwkb40-n3' │ '6/6'    │ 'partial'   │ 0     │ 4    │ 0         │ 1   │ '3/4 (flow)' │ 21     │
└─────────┴───┴─────────────┴──────────┴─────────────┴───────┴──────┴───────────┴─────┴──────────────┴────────┘
http://127.0.0.1:8085
  s_049a1c  validated    5 steps  3/3 (100%)
           On the Kanboard '{{v1}}' board (signed in as admin), move the task titled '{{v2}}' (task #4) so that it sits i…
  s_654062  validated   16 steps  3/3 (100%)
           On the Kanboard '{{v1}}' project board (already signed in as admin), create a new task titled exactly '{{v3}}'…
  s_9fd901  validated   21 steps  3/3 (100%)
           Sign in to Kanboard at {{v1}} with username {{v2}} and password typed exactly as {{v3}} (the text will be fill…
  s_a3f839  provisional 11 steps  1/3 (33%)
           On the Kanboard task page for task #4 '{{v1}}' (signed in as admin, project '{{v3}}'): add a comment whose tex…
store: /home/user/sitelooper/bench/results/fwkb40-skills

summary: /home/user/sitelooper/bench/results/fwkb40-sweep.json
