
[sweep] run 1/3: fwkb42-n1 (store: /home/user/sitelooper/bench/results/fwkb42-skills)
[harness] kanboard: defaulting APP_URL
[harness] kanboard: defaulting APP_EMAIL
[harness] kanboard: defaulting APP_PASSWORD
[reset] kanboard: no leftover bench tasks
[harness] kanboard responded 302 at http://127.0.0.1:8085/
stopped: fwkb42-n1
  flow "fwkb42" saved: 5 step(s), vars runid → /home/user/sitelooper/bench/results/flows/fwkb42.json
  warning: note: 02-create no longer publishes card_data_due_date_epoch — no replay reads it from the page and the recording showed no line to read
  warning: note: 03-add no longer publishes task_id, comment_author, comment_created_at, comment_count_on_page — no replay reads them from the page and the recording showed no line to read
  warning: note: 04-change no longer publishes backlog_task_count — no replay reads it from the page and the recording showed no line to read
  warning: warning: 05-open's instruction asks to report task_id, and no replay can publish it: nothing in its procedure reads it from the page, so export dropped it — re-record the step so the value is read, not only reported
  warning: note: 05-open no longer publishes task_status_and_swimlane, task_page_column_field_label — no replay reads them from the page and the recording showed no line to read
  warning: warning: 49 other value(s) the run saw survived unslotted, judged by shape only (usually page copy; non-fatal):
  flow.steps[0].instruction: "Bench Board" (output) in "Open http://127.0.0.1:8085/ and sign in with username admin and password {{env:APP_PASSWORD}} (type the password text exactly as {{env:APP_PASSWORD}}). Then nav"
  flow.steps[0].instruction: "admin" (output) in "Open http://127.0.0.1:8085/ and sign in with username admin and password {{env:APP_PASSWORD}} (type the password text exactly as {{env:APP_PASSWORD}}). Then nav"
  flow.steps[0].params.v2: "admin" (output) in "admin"
  flow.steps[1].instruction: "Bench Board" (output) in "On the Kanboard project 'Bench Board', create a new task with title exactly '{{runid}} Bench Task' and a description that includes the text '{{runid}}' (e.g. 'B"
  flow.steps[1].instruction: "2026-12-31" (output) in "On the Kanboard project 'Bench Board', create a new task with title exactly '{{runid}} Bench Task' and a description that includes the text '{{runid}}' (e.g. 'B"
  warning: {{02-create.task_url}} (used by 03-add) can only be re-observed by model recovery — consider re-recording so the value is read from the page.
  warning: 02-create reports task_url, but no segment of the procedure it pins (s_be660e, with any later segment of its chain) re-reads it from the page — a replay without the model will succeed without that value; re-record so a read for it lands in that procedure's last segment.
arm=sitelooper model=z-ai/glm-5.3 runid=fwkb42-n1 stop=completed
turns=6 wall=180.8s
commands=5 cmdTime=144.8s cmdBytes=6118 timeouts=0
orchestrator in=9804 cw=0 cr=13120 out=1992
inner prompt=1016925 cached=929536 completion=12876
spend=$0.0496 maxUsd=3
learn: A_n=0 replayed=0/5 full=0 repaired=0 compiled=5 variants=0
-> /home/user/sitelooper/bench/results/fwkb42-n1-sitelooper-result.json

fwkb42-n1: objectives passed 6/6
  obj 1: PASS — all 4 column names reported (Backlog | Ready | Work in progress | Done)
  obj 2: PASS — description includes runid=true
  obj 3: PASS — column=Work in progress
  obj 4: PASS — 1 comment(s), 1 carrying the runid
  obj 5: PASS — date_due=2026-12-31, want 2026-12-31
  obj 6: PASS — task id 4 reported

[sweep] run 2/3: fwkb42-n2 (replay flow fwkb42, no orchestrator)
[reset] kanboard: deleted 1 leftover bench task(s)
[sweep] fwkb42-n2: 1 drift ticket(s) → fwkb42-n2-drift.json

fwkb42-n2: objectives passed 6/6
  obj 1: PASS — all 4 column names reported (Backlog | Ready | Work in progress | Done)
  obj 2: PASS — description includes runid=true
  obj 3: PASS — column=Work in progress
  obj 4: PASS — 1 comment(s), 1 carrying the runid
  obj 5: PASS — date_due=2026-12-31, want 2026-12-31
  obj 6: PASS — task id 4 reported

[sweep] run 3/3: fwkb42-n3 (replay flow fwkb42, no orchestrator)
[reset] kanboard: deleted 1 leftover bench task(s)
[sweep] fwkb42-n3: 1 drift ticket(s) → fwkb42-n3-drift.json

fwkb42-n3: objectives passed 6/6
  obj 1: PASS — all 4 column names reported (Backlog | Ready | Work in progress | Done)
  obj 2: PASS — description includes runid=true
  obj 3: PASS — column=Work in progress
  obj 4: PASS — 1 comment(s), 1 carrying the runid
  obj 5: PASS — date_due=2026-12-31, want 2026-12-31
  obj 6: PASS — task id 4 reported

Learning sweep fwkb42 (K=3)
┌─────────┬───┬─────────────┬──────────┬─────────────┬───────┬──────┬───────────┬─────┬──────────────┬────────┐
│ (index) │ n │ runid       │ verified │ stop        │ turns │ cmds │ total_usd │ A_n │ replayed     │ wall_s │
├─────────┼───┼─────────────┼──────────┼─────────────┼───────┼──────┼───────────┼─────┼──────────────┼────────┤
│ 0       │ 1 │ 'fwkb42-n1' │ '6/6'    │ 'completed' │ 6     │ 5    │ 0.0496    │ 0   │ '0/5'        │ 181    │
│ 1       │ 2 │ 'fwkb42-n2' │ '6/6'    │ 'success'   │ 0     │ 5    │ 0         │ 1   │ '5/5 (flow)' │ 17     │
│ 2       │ 3 │ 'fwkb42-n3' │ '6/6'    │ 'success'   │ 0     │ 5    │ 0         │ 1   │ '5/5 (flow)' │ 17     │
└─────────┴───┴─────────────┴──────────┴─────────────┴───────┴──────┴───────────┴─────┴──────────────┴────────┘
http://127.0.0.1:8085
  s_1e9d00  validated   11 steps  3/3 (100%)
           On the Kanboard board for the project '{{v1}}', move the task card titled '{{v2}}' (task #4) from the '{{v4}}'…
  s_554664  validated   13 steps  3/3 (100%)
           Verification only, no changes: open the Kanboard task page for task #4 '{{v1}}' ({{v3}}) and report exactly wh…
  s_be660e  validated   16 steps  3/3 (100%)
           On the Kanboard project '{{v1}}', create a new task with title exactly '{{v3}}' and a description that include…
  s_cc232c  validated   15 steps  3/3 (100%)
           Open {{v1}} and sign in with username {{v2}} and password {{env:APP_PASSWORD}} (type the password text exactly…
  s_fab897  validated    7 steps  3/3 (100%)
           On the Kanboard task page for task #4 titled '{{v1}}' (URL {{v3}}), add a comment whose text includes the runi…
store: /home/user/sitelooper/bench/results/fwkb42-skills

summary: /home/user/sitelooper/bench/results/fwkb42-sweep.json
