
[sweep] run 1/3: fwkb30-n1 (store: /home/user/sitelooper/bench/results/fwkb30-skills)
[harness] kanboard: defaulting APP_URL
[harness] kanboard: defaulting APP_EMAIL
[harness] kanboard: defaulting APP_PASSWORD
[reset] kanboard: no leftover bench tasks
[harness] kanboard responded 302 at http://127.0.0.1:8085/
stopped: fwkb30-n1
  flow "fwkb30" saved: 6 step(s), vars runid → /home/user/sitelooper/bench/results/flows/fwkb30.json
  warning: warning: ignored 16 entries from an earlier take in session 'fwkb30-n1' — this flow covers only what this daemon recorded
  warning: note: 01-open no longer publishes columns_left_to_right — no replay reads it from the page and the recording showed no line to read
  warning: note: 02-create no longer publishes created, creator, project_id, task_url — no replay reads them from the page and the recording showed no line to read
  warning: note: 03-verify no longer publishes task_id — no replay reads it from the page and the recording showed no line to read
  warning: note: 04-add no longer publishes comment_author, comment_created_at — no replay reads them from the page and the recording showed no line to read
  warning: note: 05-set no longer publishes field_value_read_back_before_save — no replay reads it from the page and the recording showed no line to read
  warning: note: 06-open no longer publishes assignee, creator, modified, moved, comment_author_and_time — no replay reads them from the page and the recording showed no line to read
  warning: note: 01-open: added a read for column_3 to s_0b86c6 (page.getByRole('link', { name: 'Work in progress', exact: true }); seen on the next instruction's start page)
  warning: note: 01-open: added a read for column_1 to s_0b86c6 (page.getByRole('link', { name: 'Backlog', exact: true }); seen on the next instruction's start page)
  warning: note: 01-open: added a read for column_2 to s_0b86c6 (page.getByRole('link', { name: 'Ready', exact: true }); seen on the next instruction's start page)
  warning: note: 01-open: added a read for column_4 to s_0b86c6 (page.getByRole('link', { name: 'Done', exact: true }); seen on the next instruction's start page)
  warning: warning: 101 other value(s) the run saw survived unslotted, judged by shape only (usually page copy; non-fatal):
  flow.steps[0].instruction: "Bench Board" (output) in "Open http://127.0.0.1:8085/ and sign in with username admin and password admin. Then navigate to the project named 'Bench Board' and open its board view. Report"
  flow.steps[0].instruction: "admin" (output) in "Open http://127.0.0.1:8085/ and sign in with username admin and password admin. Then navigate to the project named 'Bench Board' and open its board view. Report"
  flow.steps[0].instruction: "open" (output) in "Open http://127.0.0.1:8085/ and sign in with username admin and password admin. Then navigate to the project named 'Bench Board' and open its board view. Report"
  flow.steps[1].instruction: "Bench Board" (output) in "On the Kanboard project 'Bench Board' (project_id=1), create a new task with the exact title '{{runid}} Bench Task' and a description that includes the text '{{"
  flow.steps[2].instruction: "Bench Board" (output) in "On the Kanboard 'Bench Board' project board ({{01-open.url}}), move the task card titled '{{runid}} Bench Task' (task #4) into the '{{01-open.column_3}}' column"
arm=sitelooper model=z-ai/glm-5.3 runid=fwkb30-n1 stop=completed
turns=7 wall=184.7s
commands=6 cmdTime=166.5s cmdBytes=10442 timeouts=0
orchestrator in=4351 cw=0 cr=27562 out=2066
inner prompt=907057 cached=819328 completion=11719
spend=$0.045 maxUsd=3
learn: A_n=0 replayed=0/6 full=0 repaired=0 compiled=6 variants=0
-> /home/user/sitelooper/bench/results/fwkb30-n1-sitelooper-result.json

fwkb30-n1: objectives passed 6/6
  obj 1: PASS — all 4 column names reported (Backlog | Ready | Work in progress | Done)
  obj 2: PASS — description includes runid=true
  obj 3: PASS — column=Work in progress
  obj 4: PASS — 1 comment(s), 1 carrying the runid
  obj 5: PASS — date_due=2026-12-31, want 2026-12-31
  obj 6: PASS — task id 4 reported

[sweep] run 2/3: fwkb30-n2 (replay flow fwkb30, no orchestrator)
[reset] kanboard: deleted 1 leftover bench task(s)
[sweep] fwkb30-n2: 1 drift ticket(s) → fwkb30-n2-drift.json

fwkb30-n2: objectives passed 6/6
  obj 1: PASS — all 4 column names reported (Backlog | Ready | Work in progress | Done)
  obj 2: PASS — description includes runid=true
  obj 3: PASS — column=Work in progress
  obj 4: PASS — 1 comment(s), 1 carrying the runid
  obj 5: PASS — date_due=2026-12-31, want 2026-12-31
  obj 6: PASS — task id 4 reported

[sweep] run 3/3: fwkb30-n3 (replay flow fwkb30, no orchestrator)
[reset] kanboard: deleted 1 leftover bench task(s)

fwkb30-n3: objectives passed 6/6
  obj 1: PASS — all 4 column names reported (Backlog | Ready | Work in progress | Done)
  obj 2: PASS — description includes runid=true
  obj 3: PASS — column=Work in progress
  obj 4: PASS — 1 comment(s), 1 carrying the runid
  obj 5: PASS — date_due=2026-12-31, want 2026-12-31
  obj 6: PASS — task id 4 reported

Learning sweep fwkb30 (K=3)
┌─────────┬───┬─────────────┬──────────┬─────────────┬───────┬──────┬───────────┬──────┬──────────────┬────────┐
│ (index) │ n │ runid       │ verified │ stop        │ turns │ cmds │ total_usd │ A_n  │ replayed     │ wall_s │
├─────────┼───┼─────────────┼──────────┼─────────────┼───────┼──────┼───────────┼──────┼──────────────┼────────┤
│ 0       │ 1 │ 'fwkb30-n1' │ '6/6'    │ 'completed' │ 7     │ 6    │ 0.045     │ 0    │ '0/6'        │ 185    │
│ 1       │ 2 │ 'fwkb30-n2' │ '6/6'    │ 'success'   │ 9     │ 6    │ 0.0024    │ 0.83 │ '6/6 (flow)' │ 34     │
│ 2       │ 3 │ 'fwkb30-n3' │ '6/6'    │ 'success'   │ 0     │ 6    │ 0         │ 1    │ '6/6 (flow)' │ 17     │
└─────────┴───┴─────────────┴──────────┴─────────────┴───────┴──────┴───────────┴──────┴──────────────┴────────┘
http://127.0.0.1:8085
  s_23708c  validated    4 steps  3/3 (100%)
           On the Kanboard '{{v1}}' project board ({{v5}}), move the task card titled '{{v2}}' (task #4) into the '{{v4}}…
  s_371949  validated   14 steps  3/3 (100%)
           On the Kanboard project 'Bench Board' (project_id=1), create a new task with the exact title '{{v2}}' and a de…
  s_556529  validated    8 steps  3/3 (100%)
           On the Kanboard task page for task #4 titled '{{v1}}' ({{v3}}), set the task's due date to 2026-12-31 (Decembe…
  s_74f35a  validated    8 steps  3/3 (100%)
           On the Kanboard task page for task #4 titled '{{v1}}' ({{v3}}), add a comment whose text includes '{{v2}}' (fo…
  s_f54e02  validated   10 steps  3/3 (100%)
           Final verification: {{v1}} the Kanboard task page for task #4 ({{v2}}) and report these facts exactly as displ…
  s_0b86c6  demoted      8 steps  1/2 (50%)
           Open {{v1}} and sign in with username admin and password admin. Then navigate to the project named 'Bench Boar…
  s_14b4b8  validated   11 steps  2/2 (100%)  variant of s_0b86c6
           Open {{v1}} and sign in with username admin and password admin. Then navigate to the project named 'Bench Boar…
store: /home/user/sitelooper/bench/results/fwkb30-skills

summary: /home/user/sitelooper/bench/results/fwkb30-sweep.json
