
[sweep] run 1/3: fwkb29-n1 (store: /home/user/sitelooper/bench/results/fwkb29-skills)
[harness] kanboard: defaulting APP_URL
[harness] kanboard: defaulting APP_EMAIL
[harness] kanboard: defaulting APP_PASSWORD
[reset] kanboard: no leftover bench tasks
[harness] kanboard responded 302 at http://127.0.0.1:8085/
stopped: fwkb29-n1
  flow "fwkb29" saved: 5 step(s), vars runid → /home/user/sitelooper/bench/results/flows/fwkb29.json
  warning: note: dropped 1 locator candidate(s) carrying a value this run minted (known only by export time)
  warning: note: 01-open no longer publishes columns_left_to_right, board_column_cells_selector — no replay reads them from the page and the recording showed no line to read
  warning: note: 02-create no longer publishes column_left_in, task_numeric_id, backlog_column_selector — no replay reads them from the page and the recording showed no line to read
  warning: note: 03-verify no longer publishes columns_left_to_right, work_in_progress_column_selector — no replay reads them from the page and the recording showed no line to read
  warning: note: 04-open no longer publishes comment_author, due_date_field_value_before_save, task_id — no replay reads them from the page and the recording showed no line to read
  warning: note: 05-change no longer publishes columns_left_to_right, task4_column_on_board, task_page_url, other_task_fields_status, other_task_fields_priority, other_task_fields_swimlane, other_task_fields_assignee, other_task_fields_created, other_task_fields_modified, other_task_fields_moved, backlog_column_selector, ready_column_selector — no replay reads them from the page and the recording showed no line to read
  warning: note: 03-verify: added a read for from_column to s_fa5264 (page.getByRole('link', { name: 'Backlog', exact: true }); seen on the next instruction's start page)
  warning: note: 03-verify: added a read for to_column_verified to s_fa5264 (page.getByRole('link', { name: 'Work in progress', exact: true }); seen on the next instruction's start page)
  warning: note: 05-change: added a read for task4_column_field to s_b656c1 (page.getByRole('link', { name: 'Work in progress', exact: true }); seen on the instruction's own page)
  warning: warning: 165 other value(s) the run saw survived unslotted, judged by shape only (usually page copy; non-fatal):
  flow.steps[0].instruction: "Bench Board" (output) in "Open http://127.0.0.1:8085/ in the browser. If a login page appears, sign in with username 'admin' and password 'admin'. Then navigate to the project named 'Ben"
  flow.steps[0].instruction: "admin" (output) in "Open http://127.0.0.1:8085/ in the browser. If a login page appears, sign in with username 'admin' and password 'admin'. Then navigate to the project named 'Ben"
  flow.steps[0].instruction: "open" (output) in "Open http://127.0.0.1:8085/ in the browser. If a login page appears, sign in with username 'admin' and password 'admin'. Then navigate to the project named 'Ben"
  flow.steps[1].instruction: "Bench Board" (output) in "In the Kanboard app (already signed in as admin), in the project 'Bench Board', create a new task with title exactly '{{runid}} Bench Task' and a description th"
  flow.steps[1].instruction: "admin" (output) in "In the Kanboard app (already signed in as admin), in the project 'Bench Board', create a new task with title exactly '{{runid}} Bench Task' and a description th"
  warning: {{02-create.task_id}} (used by 03-verify) can only be re-observed by model recovery — consider re-recording so the value is read from the page.
  warning: 02-create reports task_id, but no segment of the procedure it pins (s_1c5008, with any later segment of its chain) re-reads it from the page — a replay without the model will succeed without that value; re-record so a read for it lands in that procedure's last segment.
arm=sitelooper model=z-ai/glm-5.3 runid=fwkb29-n1 stop=completed
turns=6 wall=259.6s
commands=5 cmdTime=195.0s cmdBytes=9956 timeouts=0
orchestrator in=6239 cw=0 cr=19136 out=2886
inner prompt=976903 cached=876544 completion=18444
spend=$0.0552 maxUsd=3
learn: A_n=0 replayed=0/5 full=0 repaired=0 compiled=5 variants=0
-> /home/user/sitelooper/bench/results/fwkb29-n1-sitelooper-result.json

fwkb29-n1: objectives passed 6/6
  obj 1: PASS — all 4 column names reported (Backlog | Ready | Work in progress | Done)
  obj 2: PASS — description includes runid=true
  obj 3: PASS — column=Work in progress
  obj 4: PASS — 1 comment(s), 1 carrying the runid
  obj 5: PASS — date_due=2026-12-31, want 2026-12-31
  obj 6: PASS — task id 4 reported

[sweep] run 2/3: fwkb29-n2 (replay flow fwkb29, no orchestrator)
[reset] kanboard: deleted 1 leftover bench task(s)

fwkb29-n2: objectives passed 6/6
  obj 1: PASS — all 4 column names reported (Backlog | Ready | Work in progress | Done)
  obj 2: PASS — description includes runid=true
  obj 3: PASS — column=Work in progress
  obj 4: PASS — 1 comment(s), 1 carrying the runid
  obj 5: PASS — date_due=2026-12-31, want 2026-12-31
  obj 6: PASS — task id 4 reported

[sweep] run 3/3: fwkb29-n3 (replay flow fwkb29, no orchestrator)
[reset] kanboard: deleted 1 leftover bench task(s)

fwkb29-n3: objectives passed 6/6
  obj 1: PASS — all 4 column names reported (Backlog | Ready | Work in progress | Done)
  obj 2: PASS — description includes runid=true
  obj 3: PASS — column=Work in progress
  obj 4: PASS — 1 comment(s), 1 carrying the runid
  obj 5: PASS — date_due=2026-12-31, want 2026-12-31
  obj 6: PASS — task id 4 reported

Learning sweep fwkb29 (K=3)
┌─────────┬───┬─────────────┬──────────┬─────────────┬───────┬──────┬───────────┬─────┬──────────────┬────────┐
│ (index) │ n │ runid       │ verified │ stop        │ turns │ cmds │ total_usd │ A_n │ replayed     │ wall_s │
├─────────┼───┼─────────────┼──────────┼─────────────┼───────┼──────┼───────────┼─────┼──────────────┼────────┤
│ 0       │ 1 │ 'fwkb29-n1' │ '6/6'    │ 'completed' │ 6     │ 5    │ 0.0552    │ 0   │ '0/5'        │ 260    │
│ 1       │ 2 │ 'fwkb29-n2' │ '6/6'    │ 'success'   │ 0     │ 5    │ 0         │ 1   │ '5/5 (flow)' │ 16     │
│ 2       │ 3 │ 'fwkb29-n3' │ '6/6'    │ 'success'   │ 0     │ 5    │ 0         │ 1   │ '5/5 (flow)' │ 16     │
└─────────┴───┴─────────────┴──────────┴─────────────┴───────┴──────┴───────────┴─────┴──────────────┴────────┘
http://127.0.0.1:8085
  s_1c5008  validated   11 steps  3/3 (100%)
           In the Kanboard app (already signed in as admin), in the project '{{v1}}', create a new task with title exactl…
  s_6a7c09  validated   10 steps  3/3 (100%)
           Open {{v1}} in the browser. If a login page appears, sign in with username 'admin' and password 'admin'. Then …
  s_6e40ac  validated   15 steps  3/3 (100%)
           In the Kanboard app (already signed in as admin), open task #4 titled '{{v1}}' in the '{{v3}}' project. Do two…
  s_b656c1  validated    7 steps  3/3 (100%)
           Verification only, do not change anything: In the Kanboard app (already signed in as {{v1}}), open the '{{v2}}…
  s_fa5264  validated    7 steps  3/3 (100%)
           In the Kanboard app (already signed in as admin), on the '{{v1}}' project board, move the task card titled '{{…
store: /home/user/sitelooper/bench/results/fwkb29-skills

summary: /home/user/sitelooper/bench/results/fwkb29-sweep.json
