
Running 1 test using 1 worker

[sitelooper step] 01-open
[sitelooper step] 02-create
  ✘  1 fwkb8.spec.ts:9:1 › fwkb8 (23.1s)


  1) fwkb8.spec.ts:9:1 › fwkb8 › 03-change: On the Kanboard app at http://127.0.0.1:8085/ (already signed in as admin), move the task titled '{{runid}} Bench Task' (task #4 in the 'Bench Board' project) so that it sits in the '{{01-open.column_3_name}}' column of the board. You may use the task page's move/change-column action or drag the card on the board, whichever works. Then verify on the board (or the task page) that the task's column is now '{{01-open.column_3_name}}' (not {{01-open.column_1_name}}) and report the column name you see. Do not move or modify the seed tasks (#1, #2, #3). 

    Error: 03-change needs {{01-open.column_3_name}}, and this run never published it. The step that publishes 01-open.column_3_name read nothing — look above for its `[sitelooper skip] … read target not found` line, which is where this run diverged. Stopping here instead of passing an empty value into 03-change: blank, a record-scoped locator matches every record and a known slot loses its identity, so the step would do its work to the wrong one. Everything earlier steps did stands; nothing of 03-change has run.

       at fwkb8.flow.ts:8058

      8056 |   const value = outputs[ref as keyof Outputs];
      8057 |   if (value === undefined || value === '') {
    > 8058 |     throw new Error(
           |           ^
      8059 |       `${by} needs {{${ref}}}, and this run never published it` +
      8060 |         (value === '' ? ' (it was published empty)' : '') +
      8061 |         `. The step that publishes ${ref} read nothing — look above for its` +
        at need (/home/user/sitelooper/bench/results/fwkb8-spec-spec-tmp/fwkb8.flow.ts:8058:11)
        at /home/user/sitelooper/bench/results/fwkb8-spec-spec-tmp/fwkb8.flow.ts:10884:111
        at runFlow (/home/user/sitelooper/bench/results/fwkb8-spec-spec-tmp/fwkb8.flow.ts:10883:5)
        at /home/user/sitelooper/bench/results/fwkb8-spec-spec-tmp/fwkb8.spec.ts:14:21

    attachment #1: sitelooper-drift (text/plain) ───────────────────────────────────────────────────
    
    ────────────────────────────────────────────────────────────────────────────────────────────────

    Error Context: ../../../test-results/fwkb8-fwkb8/error-context.md

  1 failed
    fwkb8.spec.ts:9:1 › fwkb8 ──────────────────────────────────────────────────────────────────────
[sitelooper warn] 01-open s_66361f/24: read 'project_name' returned a value the skill itself set/selected ('Bench Board') — confirms the control, not persistence; dropped from the report's confident values
[sitelooper warn] 02-create s_72c3a7/7: read 'due_date_typed_value' returned a value the skill itself set/selected ('12/31/2026') — confirms the control, not persistence; dropped from the report's confident values
[sitelooper warn] 02-create s_72c3a7/11: read 'task_description' returned a value the skill itself set/selected ('Bench task for run fwkb8-spec | ') — confirms the control, not persistence; dropped from the report's confident values
[sitelooper warn] 02-create s_72c3a7/12: read 'task_title' returned a value the skill itself set/selected ('fwkb8-spec Bench Task') — confirms the control, not persistence; dropped from the report's confident values
[sitelooper warn] 02-create s_72c3a7/13: read 'task_description' returned a value the skill itself set/selected ('Bench task for run fwkb8-spec') — confirms the control, not persistence; dropped from the report's confident values
