
[sweep] run 1/3: fwkb39-n1 (store: /home/user/sitelooper/bench/results/fwkb39-skills)
[harness] kanboard: defaulting APP_URL
[harness] kanboard: defaulting APP_EMAIL
[harness] kanboard: defaulting APP_PASSWORD
[reset] kanboard: no leftover bench tasks
[harness] kanboard responded 302 at http://127.0.0.1:8085/
stopped: fwkb39-n1
  flow "fwkb39" saved: 4 step(s), vars runid → /home/user/sitelooper/bench/results/flows/fwkb39.json
  warning: note: 01-open no longer publishes board_columns_left_to_right — no replay reads it from the page and the recording showed no line to read
  warning: note: 02-create no longer publishes position, task_page_url — no replay reads them from the page and the recording showed no line to read
  warning: note: 04-open no longer publishes card_column_id, Backlog_task_count, Ready_task_count, Done_task_count — no replay reads them from the page and the recording showed no line to read
  warning: warning: 65 other value(s) the run saw survived unslotted, judged by shape only (usually page copy; non-fatal):
  flow.steps[0].instruction: "Bench Board" (output) in "Open http://127.0.0.1:8085/ and sign in with username admin and password {{env:APP_PASSWORD}} (type the password into the field exactly as written here, charact"
  flow.steps[1].instruction: "Bench Board" (output) in "On the Bench Board project, create a new task titled '{{runid}} Bench Task' with a description containing the text '{{runid}}'. Place it initially in the {{01-o"
  flow.steps[1].params.v1: "Bench Board" (output) in "Bench Board"
  flow.steps[2].instruction: "Bench Board" (output) in "Working on task #4 titled '{{runid}} Bench Task' in the Bench Board project: (1) move this task to the '{{01-open.column_3}}' column of the board (use the task "
  flow.steps[2].instruction: "2026-12-31" (output) in "Working on task #4 titled '{{runid}} Bench Task' in the Bench Board project: (1) move this task to the '{{01-open.column_3}}' column of the board (use the task "
arm=sitelooper model=z-ai/glm-5.3 runid=fwkb39-n1 stop=completed
turns=5 wall=174.1s
commands=4 cmdTime=136.3s cmdBytes=3998 timeouts=0
orchestrator in=7039 cw=0 cr=10176 out=2656
inner prompt=821989 cached=754816 completion=9715
spend=$0.0424 maxUsd=3
learn: A_n=0 replayed=0/4 full=0 repaired=0 compiled=4 variants=0
-> /home/user/sitelooper/bench/results/fwkb39-n1-sitelooper-result.json

fwkb39-n1: objectives passed 6/6
  obj 1: PASS — all 4 column names reported (Backlog | Ready | Work in progress | Done)
  obj 2: PASS — description includes runid=true
  obj 3: PASS — column=Work in progress
  obj 4: PASS — 1 comment(s), 1 carrying the runid
  obj 5: PASS — date_due=2026-12-31, want 2026-12-31
  obj 6: PASS — task id 4 reported

[sweep] run 2/3: fwkb39-n2 (replay flow fwkb39, no orchestrator)
[reset] kanboard: deleted 1 leftover bench task(s)
[sweep] fwkb39-n2: 1 drift ticket(s) → fwkb39-n2-drift.json

fwkb39-n2: objectives passed 6/6
  obj 1: PASS — all 4 column names reported (Backlog | Ready | Work in progress | Done)
  obj 2: PASS — description includes runid=true
  obj 3: PASS — column=Work in progress
  obj 4: PASS — 1 comment(s), 1 carrying the runid
  obj 5: PASS — date_due=2026-12-31, want 2026-12-31
  obj 6: PASS — task id 4 reported

[sweep] run 3/3: fwkb39-n3 (replay flow fwkb39, no orchestrator)
[reset] kanboard: deleted 1 leftover bench task(s)

fwkb39-n3: objectives passed 6/6
  obj 1: PASS — all 4 column names reported (Backlog | Ready | Work in progress | Done)
  obj 2: PASS — description includes runid=true
  obj 3: PASS — column=Work in progress
  obj 4: PASS — 1 comment(s), 1 carrying the runid
  obj 5: PASS — date_due=2026-12-31, want 2026-12-31
  obj 6: PASS — task id 4 reported

Learning sweep fwkb39 (K=3)
┌─────────┬───┬─────────────┬──────────┬─────────────┬───────┬──────┬───────────┬──────┬──────────────┬────────┐
│ (index) │ n │ runid       │ verified │ stop        │ turns │ cmds │ total_usd │ A_n  │ replayed     │ wall_s │
├─────────┼───┼─────────────┼──────────┼─────────────┼───────┼──────┼───────────┼──────┼──────────────┼────────┤
│ 0       │ 1 │ 'fwkb39-n1' │ '6/6'    │ 'completed' │ 5     │ 4    │ 0.0424    │ 0    │ '0/4'        │ 174    │
│ 1       │ 2 │ 'fwkb39-n2' │ '6/6'    │ 'success'   │ 6     │ 4    │ 0.0028    │ 0.75 │ '4/4 (flow)' │ 40     │
│ 2       │ 3 │ 'fwkb39-n3' │ '6/6'    │ 'success'   │ 0     │ 4    │ 0         │ 1    │ '4/4 (flow)' │ 18     │
└─────────┴───┴─────────────┴──────────┴─────────────┴───────┴──────┴───────────┴──────┴──────────────┴────────┘
http://127.0.0.1:8085
  s_036736  validated   15 steps  3/3 (100%)
           Open {{v1}} and sign in with username {{v2}} and password {{v3}} (type the password into the field exactly as …
  s_822969  validated   18 steps  3/3 (100%)
           Working on task #4 titled '{{v1}}' in the {{v3}} project: (1) move this task to the '{{v4}}' column of the boa…
  s_dcfbba  validated   16 steps  3/3 (100%)
           On the {{v1}} project, create a new task titled '{{v4}}' with a description containing the text '{{v2}}'. Plac…
  s_7b440d  provisional 10 steps  1/2 (50%)
           Open the {{v1}} project board view and confirm the card titled '{{v2}}' appears inside the '{{v4}}' column (no…
  s_eeb29f  validated    7 steps  2/2 (100%)  variant of s_7b440d
           Open the Bench Board project board view and confirm the card titled '{{v1}}' appears inside the '{{v3}} ' colu…
store: /home/user/sitelooper/bench/results/fwkb39-skills

summary: /home/user/sitelooper/bench/results/fwkb39-sweep.json
