
[sweep] run 1/3: fwkb32-n1 (store: /home/user/sitelooper/bench/results/fwkb32-skills)
[harness] kanboard: defaulting APP_URL
[harness] kanboard: defaulting APP_EMAIL
[harness] kanboard: defaulting APP_PASSWORD
[reset] kanboard: no leftover bench tasks
[harness] kanboard responded 302 at http://127.0.0.1:8085/
stopped: fwkb32-n1
  flow "fwkb32" saved: 3 step(s), vars runid → /home/user/sitelooper/bench/results/flows/fwkb32.json
  warning: note: 01-signin no longer publishes columns_left_to_right — no replay reads it from the page and the recording showed no line to read
  warning: note: 02-create no longer publishes final_column_id, column_index_0based, backlog_task_count_after — no replay reads them from the page and the recording showed no line to read
  warning: note: 03-open no longer publishes comment_author — no replay reads it from the page and the recording showed no line to read
  warning: note: 01-signin: added a read for column_header_work_in_progress to s_63e210 (page.getByRole('link', { name: 'Work in progress', exact: true }); seen on the next instruction's start page)
  warning: note: 01-signin: added a read for column_header_ready to s_63e210 (page.getByRole('link', { name: 'Ready', exact: true }); seen on the next instruction's start page)
  warning: note: 01-signin: added a read for column_header_done to s_63e210 (page.getByRole('link', { name: 'Done', exact: true }); seen on the next instruction's start page)
  warning: warning: 41 other value(s) the run saw survived unslotted, judged by shape only (usually page copy; non-fatal):
  flow.steps[0].instruction: "Bench Board" (output) in "Sign in at http://127.0.0.1:8085/ with username admin and password admin. Then open the board of the project named 'Bench Board' and report the names of the boa"
  flow.steps[0].instruction: "admin" (output) in "Sign in at http://127.0.0.1:8085/ with username admin and password admin. Then open the board of the project named 'Bench Board' and report the names of the boa"
  flow.steps[1].instruction: "Bench Board" (output) in "On the Bench Board project, create a new task in the Backlog column titled '{{runid}} Bench Task' with description 'Task for run {{runid}}'. Then move/drag that"
  flow.steps[1].params.v1: "Bench Board" (output) in "Bench Board"
  flow.steps[2].instruction: "Bench Board" (output) in "Open task {{02-create.task_id_on_card}} ('{{runid}} Bench Task') in the Bench Board project. On its task page: set the due date to 2026-12-31, and add a comment"
arm=sitelooper model=z-ai/glm-5.3 runid=fwkb32-n1 stop=completed
turns=4 wall=246.2s
commands=3 cmdTime=236.3s cmdBytes=3589 timeouts=0
orchestrator in=5804 cw=0 cr=6592 out=535
inner prompt=893825 cached=819200 completion=13277
spend=$0.0338 maxUsd=3
learn: A_n=0 replayed=0/3 full=0 repaired=0 compiled=3 variants=0
-> /home/user/sitelooper/bench/results/fwkb32-n1-sitelooper-result.json

fwkb32-n1: objectives passed 6/6
  obj 1: PASS — all 4 column names reported (Backlog | Ready | Work in progress | Done)
  obj 2: PASS — description includes runid=true
  obj 3: PASS — column=Work in progress
  obj 4: PASS — 1 comment(s), 1 carrying the runid
  obj 5: PASS — date_due=2026-12-31, want 2026-12-31
  obj 6: PASS — task id 4 reported

[sweep] run 2/3: fwkb32-n2 (replay flow fwkb32, no orchestrator)
[reset] kanboard: deleted 1 leftover bench task(s)

fwkb32-n2: objectives passed 6/6
  obj 1: PASS — all 4 column names reported (Backlog | Ready | Work in progress | Done)
  obj 2: PASS — description includes runid=true
  obj 3: PASS — column=Work in progress
  obj 4: PASS — 1 comment(s), 1 carrying the runid
  obj 5: PASS — date_due=2026-12-31, want 2026-12-31
  obj 6: PASS — task id 4 reported

[sweep] run 3/3: fwkb32-n3 (replay flow fwkb32, no orchestrator)
[reset] kanboard: deleted 1 leftover bench task(s)

fwkb32-n3: objectives passed 6/6
  obj 1: PASS — all 4 column names reported (Backlog | Ready | Work in progress | Done)
  obj 2: PASS — description includes runid=true
  obj 3: PASS — column=Work in progress
  obj 4: PASS — 1 comment(s), 1 carrying the runid
  obj 5: PASS — date_due=2026-12-31, want 2026-12-31
  obj 6: PASS — task id 4 reported

Learning sweep fwkb32 (K=3)
┌─────────┬───┬─────────────┬──────────┬─────────────┬───────┬──────┬───────────┬─────┬──────────────┬────────┐
│ (index) │ n │ runid       │ verified │ stop        │ turns │ cmds │ total_usd │ A_n │ replayed     │ wall_s │
├─────────┼───┼─────────────┼──────────┼─────────────┼───────┼──────┼───────────┼─────┼──────────────┼────────┤
│ 0       │ 1 │ 'fwkb32-n1' │ '6/6'    │ 'completed' │ 4     │ 3    │ 0.0338    │ 0   │ '0/3'        │ 246    │
│ 1       │ 2 │ 'fwkb32-n2' │ '6/6'    │ 'success'   │ 0     │ 3    │ 0         │ 1   │ '3/3 (flow)' │ 35     │
│ 2       │ 3 │ 'fwkb32-n3' │ '6/6'    │ 'success'   │ 0     │ 3    │ 0         │ 1   │ '3/3 (flow)' │ 35     │
└─────────┴───┴─────────────┴──────────┴─────────────┴───────┴──────┴───────────┴─────┴──────────────┴────────┘
http://127.0.0.1:8085
  s_43dddd  validated   18 steps  3/3 (100%)
           Open task {{v4}} ('{{v1}}') in the {{v3}} project. On its task page: set the due date to {{v5}}, and add a com…
  s_63e210  validated   12 steps  3/3 (100%)
           Sign in at {{v1}} with username admin and password admin. Then open the board of the project named 'Bench Boar…
  s_aed16c  validated   11 steps  3/3 (100%)
           On the {{v1}} project, create a new task in the Backlog column titled '{{v4}}' with description '{{v5}}'. Then…
store: /home/user/sitelooper/bench/results/fwkb32-skills

summary: /home/user/sitelooper/bench/results/fwkb32-sweep.json
