
[sweep] run 1/3: fwkb9-n1 (store: /home/user/sitelooper/bench/results/fwkb9-skills)
[harness] kanboard: defaulting APP_URL
[harness] kanboard: defaulting APP_EMAIL
[harness] kanboard: defaulting APP_PASSWORD
[reset] kanboard: no leftover bench tasks
[harness] kanboard responded 302 at http://127.0.0.1:8085/
stopped: fwkb9-n1
  flow "fwkb9" saved: 6 step(s), vars runid → /home/user/sitelooper/bench/results/flows/fwkb9.json
  warning: warning: noop-step: 03-verify changed nothing: its instruction asks to move, the recording's 1 state-changing action left the page unchanged, and the page already showed 'Work in progress' before it ran. The step may be redundant.
  warning: warning: 100 other value(s) the run saw survived unslotted, judged by shape only (usually page copy; non-fatal):
  flow.steps[0].instruction: "Bench Board" (output) in "Open http://127.0.0.1:8085/ and sign in with username admin and password admin. Then navigate to the project named 'Bench Board' and open its board view. Report"
  flow.steps[0].instruction: "admin" (output) in "Open http://127.0.0.1:8085/ and sign in with username admin and password admin. Then navigate to the project named 'Bench Board' and open its board view. Report"
  flow.steps[1].instruction: "Bench Board" (output) in "In the Kanboard project 'Bench Board', create a new task titled exactly '{{runid}} Bench Task' with a description that includes the text '{{runid}}' (e.g. 'Benc"
  flow.steps[1].params.v1: "Bench Board" (output) in "Bench Board"
  flow.steps[2].instruction: "Bench Board" (output) in "In the Kanboard project 'Bench Board', move the task titled '{{runid}} Bench Task' (task {{02-create.task_id_display}}) so that it sits in the '{{01-open.column"
  warning: 01-open reports columns_left_to_right, but s_d85c50 re-reads none of it from the page — a replay without the model will succeed without that value; re-record so it is read.
  warning: 02-create reports column, swimlane, position, project_id, column_task_count, but s_a3f8be re-reads none of them from the page — a replay without the model will succeed without those values; re-record so they are read.
  warning: 03-verify reports Work_in_progress_task_count, but s_3db086 re-reads none of it from the page — a replay without the model will succeed without that value; re-record so it is read.
  warning: 04-open reports comment_author, comment_count, comment_created_at, but s_84ad0f re-reads none of them from the page — a replay without the model will succeed without those values; re-record so they are read.
  warning: 05-set reports server_response_due_date_span, date_component_matches_request, but s_1137c0 re-reads none of them from the page — a replay without the model will succeed without those values; re-record so they are read.
  warning: 06-open reports columns_left_to_right, comment_count, due_date_displayed, task_page_url, but s_842049 re-reads none of them from the page — a replay without the model will succeed without those values; re-record so they are read.
arm=sitelooper model=z-ai/glm-5.3 runid=fwkb9-n1 stop=completed
turns=7 wall=241.6s
commands=6 cmdTime=206.4s cmdBytes=5964 timeouts=0
orchestrator in=8970 cw=0 cr=17728 out=2762
inner prompt=1084636 cached=977536 completion=17554
spend=$0.0589 maxUsd=3
learn: A_n=0 replayed=0/6 full=0 repaired=0 compiled=6 variants=0
-> /home/user/sitelooper/bench/results/fwkb9-n1-sitelooper-result.json

fwkb9-n1: objectives passed 6/6
  obj 1: PASS — all 4 column names reported (Backlog | Ready | Work in progress | Done)
  obj 2: PASS — description includes runid=true
  obj 3: PASS — column=Work in progress
  obj 4: PASS — 1 comment(s), 1 carrying the runid
  obj 5: PASS — date_due=2026-12-31, want 2026-12-31
  obj 6: PASS — task id 4 reported

[sweep] run 2/3: fwkb9-n2 (replay flow fwkb9, no orchestrator)
[reset] kanboard: deleted 1 leftover bench task(s)

fwkb9-n2: objectives passed 6/6
  obj 1: PASS — all 4 column names reported (Backlog | Ready | Work in progress | Done)
  obj 2: PASS — description includes runid=true
  obj 3: PASS — column=Work in progress
  obj 4: PASS — 1 comment(s), 1 carrying the runid
  obj 5: PASS — date_due=2026-12-31, want 2026-12-31
  obj 6: PASS — task id 4 reported

[sweep] run 3/3: fwkb9-n3 (replay flow fwkb9, no orchestrator)
[reset] kanboard: deleted 1 leftover bench task(s)

fwkb9-n3: objectives passed 6/6
  obj 1: PASS — all 4 column names reported (Backlog | Ready | Work in progress | Done)
  obj 2: PASS — description includes runid=true
  obj 3: PASS — column=Work in progress
  obj 4: PASS — 1 comment(s), 1 carrying the runid
  obj 5: PASS — date_due=2026-12-31, want 2026-12-31
  obj 6: PASS — task id 4 reported

Learning sweep fwkb9 (K=3)
┌─────────┬───┬────────────┬──────────┬─────────────┬───────┬──────┬───────────┬─────┬──────────────┬────────┐
│ (index) │ n │ runid      │ verified │ stop        │ turns │ cmds │ total_usd │ A_n │ replayed     │ wall_s │
├─────────┼───┼────────────┼──────────┼─────────────┼───────┼──────┼───────────┼─────┼──────────────┼────────┤
│ 0       │ 1 │ 'fwkb9-n1' │ '6/6'    │ 'completed' │ 7     │ 6    │ 0.0589    │ 0   │ '0/6'        │ 242    │
│ 1       │ 2 │ 'fwkb9-n2' │ '6/6'    │ 'success'   │ 0     │ 6    │ 0         │ 1   │ '6/6 (flow)' │ 17     │
│ 2       │ 3 │ 'fwkb9-n3' │ '6/6'    │ 'success'   │ 0     │ 6    │ 0         │ 1   │ '6/6 (flow)' │ 16     │
└─────────┴───┴────────────┴──────────┴─────────────┴───────┴──────┴───────────┴─────┴──────────────┴────────┘
http://127.0.0.1:8085
  s_1137c0  validated   11 steps  3/3 (100%)
           In Kanboard, on the task page for task #4 titled '{{v1}}' in project '{{v3}}', set the task's due date to 2026…
  s_3db086  validated    1 steps  3/3 (100%)
           In the Kanboard project '{{v1}}', move the task titled '{{v2}}' (task #4) so that it sits in the '{{v4}}' colu…
  s_842049  validated    4 steps  3/3 (100%)
           Verification only, do not modify anything: In Kanboard project '{{v1}}', open the board and the task page for …
  s_84ad0f  validated    7 steps  3/3 (100%)
           In Kanboard, open the task page for task #4 titled '{{v1}}' in project '{{v3}}' and add a comment whose text i…
  s_a3f8be  validated   12 steps  3/3 (100%)
           In the Kanboard project '{{v1}}', create a new task titled exactly '{{v3}}' with a description that includes t…
  s_d85c50  validated   15 steps  3/3 (100%)
           Open {{v1}} and sign in with username admin and password admin. Then navigate to the project named 'Bench Boar…
store: /home/user/sitelooper/bench/results/fwkb9-skills

summary: /home/user/sitelooper/bench/results/fwkb9-sweep.json
