
[sweep] run 1/3: fwkb33-n1 (store: /home/user/sitelooper/bench/results/fwkb33-skills)
[harness] kanboard: defaulting APP_URL
[harness] kanboard: defaulting APP_EMAIL
[harness] kanboard: defaulting APP_PASSWORD
[reset] kanboard: no leftover bench tasks
[harness] kanboard responded 302 at http://127.0.0.1:8085/
stopped: fwkb33-n1
  flow "fwkb33" saved: 6 step(s), vars runid → /home/user/sitelooper/bench/results/flows/fwkb33.json
  warning: note: 01-open no longer publishes columns_left_to_right, column_header_count — no replay reads them from the page and the recording showed no line to read
  warning: note: 02-create no longer publishes position, assignee, creator, created, modified, moved, board_task_count_backlog_after — no replay reads them from the page and the recording showed no line to read
  warning: note: 03-verify no longer publishes moved_timestamp, modified_timestamp, board_backlog_titles — no replay reads them from the page and the recording showed no line to read
  warning: note: 04-open no longer publishes comment_created — no replay reads it from the page and the recording showed no line to read
  warning: note: 05-open no longer publishes due_date_date_part, due_date_format_hint_placeholder — no replay reads them from the page and the recording showed no line to read
  warning: note: 06-open no longer publishes comment_visibility, comment_created, due_date_date_part, created, modified, moved, backlog_task_count — no replay reads them from the page and the recording showed no line to read
  warning: note: 01-open: added a read for column_work_in_progress to s_5355e7 (page.getByRole('link', { name: 'Work in progress', exact: true }); seen on the next instruction's start page)
  warning: note: 01-open: added a read for column_ready to s_5355e7 (page.getByRole('link', { name: 'Ready', exact: true }); seen on the next instruction's start page)
  warning: note: 01-open: added a read for column_done to s_5355e7 (page.getByRole('link', { name: 'Done', exact: true }); seen on the next instruction's start page)
  warning: note: 06-open: added a read for column to s_4774cb (page.getByRole('link', { name: 'Work in progress', exact: true }); seen on the instruction's own page)
  warning: warning: 125 other value(s) the run saw survived unslotted, judged by shape only (usually page copy; non-fatal):
  flow.steps[0].instruction: "Bench Board" (output) in "Open http://127.0.0.1:8085/ and sign in with username admin and password admin. Then navigate to the project named 'Bench Board' and open its board. Report the "
  flow.steps[0].instruction: "admin" (output) in "Open http://127.0.0.1:8085/ and sign in with username admin and password admin. Then navigate to the project named 'Bench Board' and open its board. Report the "
  flow.steps[0].instruction: "open" (output) in "Open http://127.0.0.1:8085/ and sign in with username admin and password admin. Then navigate to the project named 'Bench Board' and open its board. Report the "
  flow.steps[1].instruction: "Bench Board" (output) in "In the Kanboard app (already signed in as admin, on the Bench Board project board), create a new task in the 'Bench Board' project with title exactly '{{runid}}"
  flow.steps[1].instruction: "Backlog" (output) in "In the Kanboard app (already signed in as admin, on the Bench Board project board), create a new task in the 'Bench Board' project with title exactly '{{runid}}"
  warning: {{02-create.task_card_label}} (used by 03-verify) can only be re-observed by model recovery — consider re-recording so the value is read from the page.
  warning: 02-create reports task_card_label, but no segment of the procedure it pins (s_771969, with any later segment of its chain) re-reads it from the page — a replay without the model will succeed without that value; re-record so a read for it lands in that procedure's last segment.
arm=sitelooper model=z-ai/glm-5.3 runid=fwkb33-n1 stop=completed
turns=7 wall=320.3s
commands=6 cmdTime=292.9s cmdBytes=10283 timeouts=0
orchestrator in=16608 cw=0 cr=13248 out=1903
inner prompt=1534162 cached=1402752 completion=19040
spend=$0.0704 maxUsd=3
learn: A_n=0 replayed=0/6 full=0 repaired=0 compiled=6 variants=0
-> /home/user/sitelooper/bench/results/fwkb33-n1-sitelooper-result.json

fwkb33-n1: objectives passed 6/6
  obj 1: PASS — all 4 column names reported (Backlog | Ready | Work in progress | Done)
  obj 2: PASS — description includes runid=true
  obj 3: PASS — column=Work in progress
  obj 4: PASS — 1 comment(s), 1 carrying the runid
  obj 5: PASS — date_due=2026-12-31, want 2026-12-31
  obj 6: PASS — task id 4 reported

[sweep] run 2/3: fwkb33-n2 (replay flow fwkb33, no orchestrator)
[reset] kanboard: deleted 1 leftover bench task(s)

fwkb33-n2: objectives passed 6/6
  obj 1: PASS — all 4 column names reported (Backlog | Ready | Work in progress | Done)
  obj 2: PASS — description includes runid=true
  obj 3: PASS — column=Work in progress
  obj 4: PASS — 1 comment(s), 1 carrying the runid
  obj 5: PASS — date_due=2026-12-31, want 2026-12-31
  obj 6: PASS — task id 4 reported

[sweep] run 3/3: fwkb33-n3 (replay flow fwkb33, no orchestrator)
[reset] kanboard: deleted 1 leftover bench task(s)

fwkb33-n3: objectives passed 6/6
  obj 1: PASS — all 4 column names reported (Backlog | Ready | Work in progress | Done)
  obj 2: PASS — description includes runid=true
  obj 3: PASS — column=Work in progress
  obj 4: PASS — 1 comment(s), 1 carrying the runid
  obj 5: PASS — date_due=2026-12-31, want 2026-12-31
  obj 6: PASS — task id 4 reported

Learning sweep fwkb33 (K=3)
┌─────────┬───┬─────────────┬──────────┬─────────────┬───────┬──────┬───────────┬─────┬──────────────┬────────┐
│ (index) │ n │ runid       │ verified │ stop        │ turns │ cmds │ total_usd │ A_n │ replayed     │ wall_s │
├─────────┼───┼─────────────┼──────────┼─────────────┼───────┼──────┼───────────┼─────┼──────────────┼────────┤
│ 0       │ 1 │ 'fwkb33-n1' │ '6/6'    │ 'completed' │ 7     │ 6    │ 0.0704    │ 0   │ '0/6'        │ 320    │
│ 1       │ 2 │ 'fwkb33-n2' │ '6/6'    │ 'success'   │ 0     │ 6    │ 0         │ 1   │ '6/6 (flow)' │ 28     │
│ 2       │ 3 │ 'fwkb33-n3' │ '6/6'    │ 'success'   │ 0     │ 6    │ 0         │ 1   │ '6/6 (flow)' │ 28     │
└─────────┴───┴─────────────┴──────────┴─────────────┴───────┴──────┴───────────┴─────┴──────────────┴────────┘
http://127.0.0.1:8085
  s_4774cb  validated    8 steps  3/3 (100%)
           In the Kanboard app (signed in as {{v1}}), do a final read-only verification of task #4 '{{v2}}' in the {{v4}}…
  s_5355e7  validated   10 steps  3/3 (100%)
           Open {{v1}} and sign in with username admin and password admin. Then navigate to the project named 'Bench Boar…
  s_60b303  validated   13 steps  3/3 (100%)
           In the Kanboard app (signed in as {{v1}}), {{v2}} the task page for task #4 titled '{{v3}}' in the {{v5}} proj…
  s_771969  validated   13 steps  3/3 (100%)
           In the Kanboard app (already signed in as admin, on the {{v1}} project board), create a new task in the '{{v1}…
  s_c34a98  validated    8 steps  3/3 (100%)
           In the Kanboard app (signed in as {{v1}}), move the task titled '{{v2}}' (task #4) from the '{{v4}}' column to…
  s_f483c3  validated   12 steps  3/3 (100%)
           In the Kanboard app (signed in as {{v1}}), {{v2}} the task page for task #4 titled '{{v3}}' in the {{v5}} proj…
store: /home/user/sitelooper/bench/results/fwkb33-skills

summary: /home/user/sitelooper/bench/results/fwkb33-sweep.json
