
[sweep] run 1/3: fwkb16-n1 (store: /home/user/sitelooper/bench/results/fwkb16-skills)
[harness] kanboard: defaulting APP_URL
[harness] kanboard: defaulting APP_EMAIL
[harness] kanboard: defaulting APP_PASSWORD
[reset] kanboard: no leftover bench tasks
[harness] kanboard responded 302 at http://127.0.0.1:8085/
stopped: fwkb16-n1
  flow "fwkb16" saved: 6 step(s), vars runid → /home/user/sitelooper/bench/results/flows/fwkb16.json
  warning: note: 01-open no longer publishes columns_left_to_right, column_headers_with_task_counts — no replay reads them from the page and the recording showed no line to read
  warning: note: 02-create no longer publishes task_id, column — no replay reads them from the page and the recording showed no line to read
  warning: note: 03-verify no longer publishes task_id, work_in_progress_task_count, seed_tasks_untouched — no replay reads them from the page and the recording showed no line to read
  warning: note: 04-open no longer publishes task_id, author, created_at — no replay reads them from the page and the recording showed no line to read
  warning: note: 05-set no longer publishes task_id, due_date_field_format — no replay reads them from the page and the recording showed no line to read
  warning: note: 06-report no longer publishes columns_left_to_right, ready_contents, work_in_progress_task_count, done_contents, task_page_id_displayed, due_date_displayed, task_status — no replay reads them from the page and the recording showed no line to read
  warning: warning: noop-step: 06-report changed nothing: its instruction asks to confirm, the recording made no state-changing action, and the page already showed 'fwkb16-n1 Bench Task' before it ran. The step may be redundant.
  warning: warning: 1 value(s) KNOWN to be this run's survived unslotted — a replay will act on or wait for the recording's value (non-fatal outside locators):
  flow.warnings[0]: "fwkb16-n1" (var) in "noop-step: 06-report changed nothing: its instruction asks to confirm, the recording made no state-changing action, and the page already showed 'fwkb16-n1 Bench"
  warning: warning: 94 other value(s) the run saw survived unslotted, judged by shape only (usually page copy; non-fatal):
  flow.steps[0].instruction: "Bench Board" (output) in "Open http://127.0.0.1:8085/ and sign in with username admin and password admin. Then navigate to the project named 'Bench Board' and view its board. Report the "
  flow.steps[0].instruction: "admin" (output) in "Open http://127.0.0.1:8085/ and sign in with username admin and password admin. Then navigate to the project named 'Bench Board' and view its board. Report the "
  flow.steps[1].instruction: "Bench Board" (output) in "On the project 'Bench Board' board, create a new task with title exactly '{{runid}} Bench Task' and a description that includes the text '{{runid}}' (e.g. 'Benc"
  flow.steps[1].params.v1: "Bench Board" (output) in "Bench Board"
  flow.steps[2].instruction: "Bench Board" (output) in "Move the task titled '{{runid}} Bench Task' (task {{02-create.task_number_displayed}}) in the project 'Bench Board' so that it sits in the '{{01-open.column_3_n"
  warning: {{02-create.task_number_displayed}} (used by 03-verify) can only be re-observed by model recovery — consider re-recording so the value is read from the page.
  warning: 02-create reports task_number_displayed, but s_55eea7 re-reads none of it from the page — a replay without the model will succeed without that value; re-record so it is read.
arm=sitelooper model=z-ai/glm-5.3 runid=fwkb16-n1 stop=completed
turns=7 wall=237.4s
commands=6 cmdTime=208.2s cmdBytes=5449 timeouts=0
orchestrator in=4402 cw=0 cr=21504 out=2537
inner prompt=848889 cached=764416 completion=11071
spend=$0.0445 maxUsd=3
learn: A_n=0 replayed=0/6 full=0 repaired=0 compiled=6 variants=0
-> /home/user/sitelooper/bench/results/fwkb16-n1-sitelooper-result.json

fwkb16-n1: objectives passed 6/6
  obj 1: PASS — all 4 column names reported (Backlog | Ready | Work in progress | Done)
  obj 2: PASS — description includes runid=true
  obj 3: PASS — column=Work in progress
  obj 4: PASS — 1 comment(s), 1 carrying the runid
  obj 5: PASS — date_due=2026-12-31, want 2026-12-31
  obj 6: PASS — task id 4 reported

[sweep] run 2/3: fwkb16-n2 (replay flow fwkb16, no orchestrator)
[reset] kanboard: deleted 1 leftover bench task(s)
[sweep] fwkb16-n2: 1 drift ticket(s) → fwkb16-n2-drift.json

fwkb16-n2: objectives passed 6/6
  obj 1: PASS — all 4 column names reported (Backlog | Ready | Work in progress | Done)
  obj 2: PASS — description includes runid=true
  obj 3: PASS — column=Work in progress
  obj 4: PASS — 1 comment(s), 1 carrying the runid
  obj 5: PASS — date_due=2026-12-31, want 2026-12-31
  obj 6: PASS — task id 4 reported

[sweep] run 3/3: fwkb16-n3 (replay flow fwkb16, no orchestrator)
[reset] kanboard: deleted 1 leftover bench task(s)
[sweep] fwkb16-n3: 1 drift ticket(s) → fwkb16-n3-drift.json

fwkb16-n3: objectives passed 6/6
  obj 1: PASS — all 4 column names reported (Backlog | Ready | Work in progress | Done)
  obj 2: PASS — description includes runid=true
  obj 3: PASS — column=Work in progress
  obj 4: PASS — 1 comment(s), 1 carrying the runid
  obj 5: PASS — date_due=2026-12-31, want 2026-12-31
  obj 6: PASS — task id 4 reported

Learning sweep fwkb16 (K=3)
┌─────────┬───┬─────────────┬──────────┬─────────────┬───────┬──────┬───────────┬─────┬──────────────┬────────┐
│ (index) │ n │ runid       │ verified │ stop        │ turns │ cmds │ total_usd │ A_n │ replayed     │ wall_s │
├─────────┼───┼─────────────┼──────────┼─────────────┼───────┼──────┼───────────┼─────┼──────────────┼────────┤
│ 0       │ 1 │ 'fwkb16-n1' │ '6/6'    │ 'completed' │ 7     │ 6    │ 0.0445    │ 0   │ '0/6'        │ 237    │
│ 1       │ 2 │ 'fwkb16-n2' │ '6/6'    │ 'success'   │ 0     │ 6    │ 0         │ 1   │ '6/6 (flow)' │ 18     │
│ 2       │ 3 │ 'fwkb16-n3' │ '6/6'    │ 'success'   │ 0     │ 6    │ 0         │ 1   │ '6/6 (flow)' │ 18     │
└─────────┴───┴─────────────┴──────────┴─────────────┴───────┴──────┴───────────┴─────┴──────────────┴────────┘
http://127.0.0.1:8085
  s_22521b  validated    5 steps  3/3 (100%)
           Move the task titled '{{v1}}' (task #4) in the project '{{v3}}' so that it sits in the '{{v4}}' column of the …
  s_535a78  validated    7 steps  3/3 (100%)
           Open the task page for task #4 titled '{{v1}}' in the '{{v3}}' project, and add a comment whose text includes …
  s_55eea7  validated    8 steps  3/3 (100%)
           On the project '{{v1}}' board, create a new task with title exactly '{{v3}}' and a description that includes t…
  s_a3bc3f  validated    8 steps  3/3 (100%)
           On the task page for task #4 titled '{{v1}}' in the '{{v3}}' project, set the task's due date to 2026-12-31. U…
  s_b49059  validated   10 steps  3/3 (100%)
           Open {{v1}} and sign in with username admin and password admin. Then navigate to the project named 'Bench Boar…
  s_efe2a2  validated    4 steps  3/3 (100%)
           Final verification on the Kanboard app: 1) View the board of the project '{{v1}}' and report the column names …
store: /home/user/sitelooper/bench/results/fwkb16-skills

summary: /home/user/sitelooper/bench/results/fwkb16-sweep.json
