[spec-replay] resetting kanboard
[reset] kanboard: deleted 1 leftover bench task(s)
[spec-replay] compiling: /opt/node22/bin/node /home/user/sitelooper/bin/sitelooper.js compile bench/results/flows/fwkb45.json --out /home/user/sitelooper/bench/results/fwkb45-spec-spec-tmp --overwrite-spec
flow: /home/user/sitelooper/bench/results/fwkb45-spec-spec-tmp/fwkb45.flow.ts
spec: /home/user/sitelooper/bench/results/fwkb45-spec-spec-tmp/fwkb45.spec.ts
warning 06-change: reads what={{v6}}, which a standalone spec has no form for (label d_description)
  why: The recording does not say what to read off the element, so the generated file cannot take it; this label would be left empty and any step consuming it would run on a blank.
  fix: write the read for what={{v6}} by hand in the generated file, or re-record the step as a text read
warning 06-change: reads what={{v6}}, which a standalone spec has no form for (label e_comment)
  why: The recording does not say what to read off the element, so the generated file cannot take it; this label would be left empty and any step consuming it would run on a blank.
  fix: write the read for what={{v6}} by hand in the generated file, or re-record the step as a text read
warning 06-change: reads what={{v6}}, which a standalone spec has no form for (label wip_column_cards)
  why: The recording does not say what to read off the element, so the generated file cannot take it; this label would be left empty and any step consuming it would run on a blank.
  fix: write the read for what={{v6}} by hand in the generated file, or re-record the step as a text read
warning 06-change: reads what={{v6}}, which a standalone spec has no form for (label c_task_title)
  why: The recording does not say what to read off the element, so the generated file cannot take it; this label would be left empty and any step consuming it would run on a blank.
  fix: write the read for what={{v6}} by hand in the generated file, or re-record the step as a text read
warning 06-change: reads what={{v6}}, which a standalone spec has no form for (label a_columns_left_to_right_1)
  why: The recording does not say what to read off the element, so the generated file cannot take it; this label would be left empty and any step consuming it would run on a blank.
  fix: write the read for what={{v6}} by hand in the generated file, or re-record the step as a text read
warning 06-change: reads what={{v6}}, which a standalone spec has no form for (label a_columns_left_to_right_2)
  why: The recording does not say what to read off the element, so the generated file cannot take it; this label would be left empty and any step consuming it would run on a blank.
  fix: write the read for what={{v6}} by hand in the generated file, or re-record the step as a text read
warning 06-change: reads what={{v6}}, which a standalone spec has no form for (label a_columns_left_to_right_3)
  why: The recording does not say what to read off the element, so the generated file cannot take it; this label would be left empty and any step consuming it would run on a blank.
  fix: write the read for what={{v6}} by hand in the generated file, or re-record the step as a text read
warning 06-change: reads what={{v6}}, which a standalone spec has no form for (label a_columns_left_to_right_4)
  why: The recording does not say what to read off the element, so the generated file cannot take it; this label would be left empty and any step consuming it would run on a blank.
  fix: write the read for what={{v6}} by hand in the generated file, or re-record the step as a text read
warning 06-change: reads what={{v6}}, which a standalone spec has no form for (label f_due_date_displayed)
  why: The recording does not say what to read off the element, so the generated file cannot take it; this label would be left empty and any step consuming it would run on a blank.
  fix: write the read for what={{v6}} by hand in the generated file, or re-record the step as a text read
warning 06-change: reads what={{v6}}, which a standalone spec has no form for (label backlog_cards_1)
  why: The recording does not say what to read off the element, so the generated file cannot take it; this label would be left empty and any step consuming it would run on a blank.
  fix: write the read for what={{v6}} by hand in the generated file, or re-record the step as a text read
warning 06-change: reads what={{v6}}, which a standalone spec has no form for (label backlog_cards_2)
  why: The recording does not say what to read off the element, so the generated file cannot take it; this label would be left empty and any step consuming it would run on a blank.
  fix: write the read for what={{v6}} by hand in the generated file, or re-record the step as a text read
warning 06-change: reads what={{v6}}, which a standalone spec has no form for (label backlog_cards_3)
  why: The recording does not say what to read off the element, so the generated file cannot take it; this label would be left empty and any step consuming it would run on a blank.
  fix: write the read for what={{v6}} by hand in the generated file, or re-record the step as a text read
warning 06-change: reads what={{v6}}, which a standalone spec has no form for (label backlog_cards_4)
  why: The recording does not say what to read off the element, so the generated file cannot take it; this label would be left empty and any step consuming it would run on a blank.
  fix: write the read for what={{v6}} by hand in the generated file, or re-record the step as a text read
warning 06-change: reads what={{v6}}, which a standalone spec has no form for (label backlog_cards_5)
  why: The recording does not say what to read off the element, so the generated file cannot take it; this label would be left empty and any step consuming it would run on a blank.
  fix: write the read for what={{v6}} by hand in the generated file, or re-record the step as a text read
warning 06-change: reads what={{v6}}, which a standalone spec has no form for (label backlog_cards_6)
  why: The recording does not say what to read off the element, so the generated file cannot take it; this label would be left empty and any step consuming it would run on a blank.
  fix: write the read for what={{v6}} by hand in the generated file, or re-record the step as a text read
warning 06-change: reads what={{v6}}, which a standalone spec has no form for (label b_column_of_task_4)
  why: The recording does not say what to read off the element, so the generated file cannot take it; this label would be left empty and any step consuming it would run on a blank.
  fix: write the read for what={{v6}} by hand in the generated file, or re-record the step as a text read
warning 06-change: reads what={{v6}}, which a standalone spec has no form for (label ref)
  why: The recording does not say what to read off the element, so the generated file cannot take it; this label would be left empty and any step consuming it would run on a blank.
  fix: write the read for what={{v6}} by hand in the generated file, or re-record the step as a text read

sitelooper: not compilable: TODO: read what={{v6}} has no Tier 2 form (label d_description).; TODO: read what={{v6}} has no Tier 2 form (label e_comment).; TODO: read what={{v6}} has no Tier 2 form (label wip_column_cards).; TODO: read what={{v6}} has no Tier 2 form (label c_task_title).; TODO: read what={{v6}} has no Tier 2 form (label a_columns_left_to_right_1).; TODO: read what={{v6}} has no Tier 2 form (label a_columns_left_to_right_2).; TODO: read what={{v6}} has no Tier 2 form (label a_columns_left_to_right_3).; TODO: read what={{v6}} has no Tier 2 form (label a_columns_left_to_right_4).; TODO: read what={{v6}} has no Tier 2 form (label f_due_date_displayed).; TODO: read what={{v6}} has no Tier 2 form (label backlog_cards_1).; TODO: read what={{v6}} has no Tier 2 form (label backlog_cards_2).; TODO: read what={{v6}} has no Tier 2 form (label backlog_cards_3).; TODO: read what={{v6}} has no Tier 2 form (label backlog_cards_4).; TODO: read what={{v6}} has no Tier 2 form (label backlog_cards_5).; TODO: read what={{v6}} has no Tier 2 form (label backlog_cards_6).; TODO: read what={{v6}} has no Tier 2 form (label b_column_of_task_4).; TODO: read what={{v6}} has no Tier 2 form (label ref).
[spec-replay] fwkb45-spec: not compilable — result written (exit 2)
