
[sweep] run 1/3: fwkb8-n1 (store: /home/user/sitelooper/bench/results/fwkb8-skills)
[harness] kanboard: defaulting APP_URL
[harness] kanboard: defaulting APP_EMAIL
[harness] kanboard: defaulting APP_PASSWORD
[reset] kanboard: no leftover bench tasks
[harness] kanboard responded 302 at http://127.0.0.1:8085/
stopped: fwkb8-n1
  flow "fwkb8" saved: 5 step(s), vars runid → /home/user/sitelooper/bench/results/flows/fwkb8.json
  warning: warning: noop-step: 05-open changed nothing: its instruction asks to confirm, the recording made no state-changing action, and the page already showed 'fwkb8-n1 Bench Task' before it ran. The step may be redundant.
  warning: warning: 1 value(s) KNOWN to be this run's survived unslotted — a replay will act on or wait for the recording's value (non-fatal outside locators):
  flow.warnings[0]: "fwkb8-n1" (var) in "noop-step: 05-open changed nothing: its instruction asks to confirm, the recording made no state-changing action, and the page already showed 'fwkb8-n1 Bench Ta"
  warning: warning: 184 other value(s) the run saw survived unslotted, judged by shape only (usually page copy; non-fatal):
  flow.steps[0].instruction: "Bench Board" (output) in "Open http://127.0.0.1:8085/ and sign in with username 'admin' and password 'admin'. Then navigate to the project named 'Bench Board' and open its board. Report:"
  flow.steps[0].instruction: "admin" (output) in "Open http://127.0.0.1:8085/ and sign in with username 'admin' and password 'admin'. Then navigate to the project named 'Bench Board' and open its board. Report:"
  flow.steps[0].instruction: "open" (output) in "Open http://127.0.0.1:8085/ and sign in with username 'admin' and password 'admin'. Then navigate to the project named 'Bench Board' and open its board. Report:"
  flow.steps[1].instruction: "Bench Board" (output) in "On the Kanboard app at http://127.0.0.1:8085/ (already signed in as admin, on the 'Bench Board' project board), create a new task titled '{{runid}} Bench Task' "
  flow.steps[1].instruction: "2026-12-31" (output) in "On the Kanboard app at http://127.0.0.1:8085/ (already signed in as admin, on the 'Bench Board' project board), create a new task titled '{{runid}} Bench Task' "
  warning: {{01-open.column_3_name}} (used by 03-change) can only be re-observed by model recovery — consider re-recording so the value is read from the page.
  warning: {{01-open.task_card_fwkb8_n1_exists}} (used by 05-open) can only be re-observed by model recovery — consider re-recording so the value is read from the page.
  warning: 01-open reports board_columns_left_to_right, task_card_fwkb8_n1_exists, backlog_task_count, existing_task_titles, project_id, column_2_name, column_3_name, column_4_name, but s_66361f re-reads none of them from the page — a replay without the model will succeed without those values; re-record so they are read.
  warning: 02-create reports task_id, due_date_calendar, but s_72c3a7 re-reads none of them from the page — a replay without the model will succeed without those values; re-record so they are read.
  warning: 03-change reports task_id, but s_3f8e3d re-reads none of it from the page — a replay without the model will succeed without that value; re-record so it is read.
  warning: 04-open reports task_id, comment_author, comment_created_at, comment_updated_at, contains_fwkb8_n1, comment_count, but s_2dd555 re-reads none of them from the page — a replay without the model will succeed without those values; re-record so they are read.
  warning: 05-open reports task_id, priority, swimlane, column_on_board, position, assignee, has_at_least_one_comment, backlog_task_count, work_in_progress_task_count, ready_cards, done_cards, seed_tasks_all_in_backlog, but s_f26935 re-reads none of them from the page — a replay without the model will succeed without those values; re-record so they are read.
arm=sitelooper model=z-ai/glm-5.3 runid=fwkb8-n1 stop=completed
turns=6 wall=359.2s
commands=5 cmdTime=289.0s cmdBytes=8936 timeouts=0
orchestrator in=5568 cw=0 cr=19840 out=2404
inner prompt=1472003 cached=1347712 completion=23308
spend=$0.0602 maxUsd=3
learn: A_n=0 replayed=0/5 full=0 repaired=0 compiled=5 variants=0
-> /home/user/sitelooper/bench/results/fwkb8-n1-sitelooper-result.json

fwkb8-n1: objectives passed 6/6
  obj 1: PASS — all 4 column names reported (Backlog | Ready | Work in progress | Done)
  obj 2: PASS — description includes runid=true
  obj 3: PASS — column=Work in progress
  obj 4: PASS — 1 comment(s), 1 carrying the runid
  obj 5: PASS — date_due=2026-12-31, want 2026-12-31
  obj 6: PASS — task id 4 reported

[sweep] run 2/3: fwkb8-n2 (replay flow fwkb8, no orchestrator)
[reset] kanboard: deleted 1 leftover bench task(s)

fwkb8-n2: objectives passed 4/6
  obj 1: PASS — all 4 column names reported (Backlog | Ready | Work in progress | Done)
  obj 2: PASS — description includes runid=true
  obj 3: FAIL — column=Backlog
  obj 4: FAIL — 0 comment(s), 0 carrying the runid
  obj 5: PASS — date_due=2026-12-31, want 2026-12-31
  obj 6: PASS — task id 4 reported
[sweep] z-ai/glm-5.3 was served by Together, Modal — priced at one rate, so total_usd is approximate

[sweep] run 3/3: fwkb8-n3 (replay flow fwkb8, no orchestrator)
[reset] kanboard: deleted 1 leftover bench task(s)

fwkb8-n3: objectives passed 4/6
  obj 1: PASS — all 4 column names reported (Backlog | Ready | Work in progress | Done)
  obj 2: PASS — description includes runid=true
  obj 3: FAIL — column=Backlog
  obj 4: FAIL — 0 comment(s), 0 carrying the runid
  obj 5: PASS — date_due=2026-12-31, want 2026-12-31
  obj 6: PASS — task id 4 reported

Learning sweep fwkb8 (K=3)
┌─────────┬───┬────────────┬──────────┬─────────────┬───────┬──────┬───────────┬──────┬──────────────┬────────┐
│ (index) │ n │ runid      │ verified │ stop        │ turns │ cmds │ total_usd │ A_n  │ replayed     │ wall_s │
├─────────┼───┼────────────┼──────────┼─────────────┼───────┼──────┼───────────┼──────┼──────────────┼────────┤
│ 0       │ 1 │ 'fwkb8-n1' │ '6/6'    │ 'completed' │ 6     │ 5    │ 0.0602    │ 0    │ '0/5'        │ 359    │
│ 1       │ 2 │ 'fwkb8-n2' │ '4/6'    │ 'halted'    │ 15    │ 5    │ 0.1237    │ 0.67 │ '2/5 (flow)' │ 191    │
│ 2       │ 3 │ 'fwkb8-n3' │ '4/6'    │ 'halted'    │ 25    │ 5    │ 0.1617    │ 0.67 │ '2/5 (flow)' │ 279    │
└─────────┴───┴────────────┴──────────┴─────────────┴───────┴──────┴───────────┴──────┴──────────────┴────────┘
http://127.0.0.1:8085
  s_66361f  validated   27 steps  3/3 (100%)
           Open {{v2}} and sign in with username 'admin' and password 'admin'. Then navigate to the project named 'Bench …
  s_72c3a7  validated   18 steps  3/3 (100%)
           On the Kanboard app at http://127.0.0.1:8085/ (already signed in as admin, on the '{{v1}}' project board), cre…
  s_2dd555  provisional  8 steps  1/1 (100%)
           On the Kanboard app at http://127.0.0.1:8085/ (already signed in as admin), {{v1}} the task page for task #4 t…
  s_3f8e3d  provisional  9 steps  1/1 (100%)
           On the Kanboard app at http://127.0.0.1:8085/ (already signed in as admin), move the task titled '{{v1}}' (tas…
  s_f26935  provisional 11 steps  1/1 (100%)
           Verification only, no modifications: On the Kanboard app at http://127.0.0.1:8085/ (signed in as {{v1}}), {{v2…
store: /home/user/sitelooper/bench/results/fwkb8-skills

summary: /home/user/sitelooper/bench/results/fwkb8-sweep.json
