
[sweep] run 1/3: fwkb28-n1 (store: /home/user/sitelooper/bench/results/fwkb28-skills)
[harness] kanboard: defaulting APP_URL
[harness] kanboard: defaulting APP_EMAIL
[harness] kanboard: defaulting APP_PASSWORD
[reset] kanboard: no leftover bench tasks
[harness] kanboard responded 302 at http://127.0.0.1:8085/
stopped: fwkb28-n1
  flow "fwkb28" saved: 6 step(s), vars runid → /home/user/sitelooper/bench/results/flows/fwkb28.json
  warning: note: dropped 2 locator candidate(s) carrying a value this run minted (known only by export time)
  warning: note: 01-open no longer publishes columns_left_to_right, backlog_task_count — no replay reads them from the page and the recording showed no line to read
  warning: note: 02-create no longer publishes created, creator, modified, moved, task_id_displayed, task_numeric_id — no replay reads them from the page and the recording showed no line to read
  warning: note: 04-open no longer publishes comment_author, comment_page_selector, comment_id — no replay reads them from the page and the recording showed no line to read
  warning: note: 06-open no longer publishes a_task_id_heading, e_due_date_shown, task_page_url, board_backlog_column_count, board_work_in_progress_count, extra_task_details_priority, extra_task_details_swimlane, extra_task_details_assignee, extra_task_details_started — no replay reads them from the page and the recording showed no line to read
  warning: note: 01-open: added a read for work_in_progress_column_header to s_16b35b (page.getByRole('link', { name: 'Work in progress', exact: true }); seen on the next instruction's start page)
  warning: note: 01-open: added a read for ready_column_header to s_16b35b (page.getByRole('link', { name: 'Ready', exact: true }); seen on the next instruction's start page)
  warning: note: 01-open: added a read for done_column_header to s_16b35b (page.getByRole('link', { name: 'Done', exact: true }); seen on the next instruction's start page)
  warning: note: 06-open: added a read for d_column to s_d753b0 (page.getByRole('link', { name: 'Work in progress', exact: true }); seen on the instruction's own page)
  warning: warning: 127 other value(s) the run saw survived unslotted, judged by shape only (usually page copy; non-fatal):
  flow.steps[0].instruction: "Bench Board" (output) in "Open http://127.0.0.1:8085/ and sign in with username admin and password admin. Then navigate to the project named 'Bench Board' and open its board view. Report"
  flow.steps[0].instruction: "admin" (output) in "Open http://127.0.0.1:8085/ and sign in with username admin and password admin. Then navigate to the project named 'Bench Board' and open its board view. Report"
  flow.steps[0].instruction: "open" (output) in "Open http://127.0.0.1:8085/ and sign in with username admin and password admin. Then navigate to the project named 'Bench Board' and open its board view. Report"
  flow.steps[1].instruction: "Bench Board" (output) in "On the Bench Board project board, create a new task titled exactly '{{runid}} Bench Task' with a description that includes the text '{{runid}}' (e.g. 'Bench tas"
  flow.steps[1].params.v1: "Bench Board" (output) in "Bench Board"
  warning: {{02-create.task_card_reference}} (used by 03-verify) can only be re-observed by model recovery — consider re-recording so the value is read from the page.
  warning: 02-create reports task_card_reference, but no segment of the procedure it pins (s_a21eff, with any later segment of its chain) re-reads it from the page — a replay without the model will succeed without that value; re-record so a read for it lands in that procedure's last segment.
arm=sitelooper model=z-ai/glm-5.3 runid=fwkb28-n1 stop=completed
turns=7 wall=274.9s
commands=6 cmdTime=221.2s cmdBytes=6269 timeouts=0
orchestrator in=13549 cw=0 cr=12672 out=1750
inner prompt=1378746 cached=1263104 completion=17701
spend=$0.0617 maxUsd=3
learn: A_n=0 replayed=0/6 full=0 repaired=0 compiled=6 variants=0
-> /home/user/sitelooper/bench/results/fwkb28-n1-sitelooper-result.json

fwkb28-n1: objectives passed 6/6
  obj 1: PASS — all 4 column names reported (Backlog | Ready | Work in progress | Done)
  obj 2: PASS — description includes runid=true
  obj 3: PASS — column=Work in progress
  obj 4: PASS — 1 comment(s), 1 carrying the runid
  obj 5: PASS — date_due=2026-12-31, want 2026-12-31
  obj 6: PASS — task id 4 reported

[sweep] run 2/3: fwkb28-n2 (replay flow fwkb28, no orchestrator)
[reset] kanboard: deleted 1 leftover bench task(s)
[sweep] fwkb28-n2: 1 drift ticket(s) → fwkb28-n2-drift.json

fwkb28-n2: objectives passed 6/6
  obj 1: PASS — all 4 column names reported (Backlog | Ready | Work in progress | Done)
  obj 2: PASS — description includes runid=true
  obj 3: PASS — column=Work in progress
  obj 4: PASS — 1 comment(s), 1 carrying the runid
  obj 5: PASS — date_due=2026-12-31, want 2026-12-31
  obj 6: PASS — task id 4 reported

[sweep] run 3/3: fwkb28-n3 (replay flow fwkb28, no orchestrator)
[reset] kanboard: deleted 1 leftover bench task(s)
[sweep] fwkb28-n3: 1 drift ticket(s) → fwkb28-n3-drift.json

fwkb28-n3: objectives passed 6/6
  obj 1: PASS — all 4 column names reported (Backlog | Ready | Work in progress | Done)
  obj 2: PASS — description includes runid=true
  obj 3: PASS — column=Work in progress
  obj 4: PASS — 1 comment(s), 1 carrying the runid
  obj 5: PASS — date_due=2026-12-31, want 2026-12-31
  obj 6: PASS — task id 4 reported

Learning sweep fwkb28 (K=3)
┌─────────┬───┬─────────────┬──────────┬─────────────┬───────┬──────┬───────────┬─────┬──────────────┬────────┐
│ (index) │ n │ runid       │ verified │ stop        │ turns │ cmds │ total_usd │ A_n │ replayed     │ wall_s │
├─────────┼───┼─────────────┼──────────┼─────────────┼───────┼──────┼───────────┼─────┼──────────────┼────────┤
│ 0       │ 1 │ 'fwkb28-n1' │ '6/6'    │ 'completed' │ 7     │ 6    │ 0.0617    │ 0   │ '0/6'        │ 275    │
│ 1       │ 2 │ 'fwkb28-n2' │ '6/6'    │ 'success'   │ 0     │ 6    │ 0         │ 1   │ '6/6 (flow)' │ 20     │
│ 2       │ 3 │ 'fwkb28-n3' │ '6/6'    │ 'success'   │ 0     │ 6    │ 0         │ 1   │ '6/6 (flow)' │ 20     │
└─────────┴───┴─────────────┴──────────┴─────────────┴───────┴──────┴───────────┴─────┴──────────────┴────────┘
http://127.0.0.1:8085
  s_16b35b  validated   12 steps  3/3 (100%)
           Open {{v1}} and sign in with username admin and password admin. Then navigate to the project named 'Bench Boar…
  s_7a1166  validated    9 steps  3/3 (100%)
           On the task page for task #4 titled '{{v1}}' on the {{v3}} project, set the task's due date to 2026-12-31 (Dec…
  s_a21eff  validated   14 steps  3/3 (100%)
           On the {{v1}} project board, create a new task titled exactly '{{v3}}' with a description that includes the te…
  s_a41756  validated    6 steps  3/3 (100%)
           Open the task page for task #4 titled '{{v1}}' on the {{v3}} project, and add a comment whose text includes '{…
  s_c4be87  validated    4 steps  3/3 (100%)
           On the {{v1}} project board, move the task card titled '{{v2}}' (task #4) from the {{v4}} column into the '{{v…
  s_d753b0  validated    6 steps  3/3 (100%)
           Final verification: {{v1}} the task page for task #4 titled '{{v2}}' on the {{v4}} project, and report from th…
store: /home/user/sitelooper/bench/results/fwkb28-skills

summary: /home/user/sitelooper/bench/results/fwkb28-sweep.json
