
[sweep] run 1/3: fwkb43-n1 (store: /home/user/sitelooper/bench/results/fwkb43-skills)
[harness] kanboard: defaulting APP_URL
[harness] kanboard: defaulting APP_EMAIL
[harness] kanboard: defaulting APP_PASSWORD
[reset] kanboard: no leftover bench tasks
[harness] kanboard responded 302 at http://127.0.0.1:8085/
stopped: fwkb43-n1
  flow "fwkb43" saved: 6 step(s), vars runid → /home/user/sitelooper/bench/results/flows/fwkb43.json
  warning: note: dropped 1 locator candidate(s) carrying a value this run minted (known only by export time)
  warning: note: 01-open no longer publishes backlog_task_count — no replay reads it from the page and the recording showed no line to read
  warning: warning: 02-open's instruction asks to report task_id, and no replay can publish it: nothing in its procedure reads it from the page, so export dropped it — re-record the step so the value is read, not only reported
  warning: note: 02-open no longer publishes backlog_task_count, task_detail_url, column_css_class, column_cell_css_class — no replay reads them from the page and the recording showed no line to read
  warning: note: 03-change no longer publishes task_4_column_css_class, column_counts_backlog, column_counts_ready, column_counts_done — no replay reads them from the page and the recording showed no line to read
  warning: warning: 04-open's instruction asks to report comment_author, and no replay can publish it: nothing in its procedure reads it from the page, so export dropped it — re-record the step so the value is read, not only reported
  warning: note: 05-set no longer publishes task_id — no replay reads it from the page and the recording showed no line to read
  warning: note: 06-change no longer publishes task_page_heading, task_page_url, card_4_column_class, column_task_counts_backlog, column_task_counts_ready, column_task_counts_done, column_cell_css_class — no replay reads them from the page and the recording showed no line to read
  warning: note: 06-change: added a read for card_4_column to s_bd54f0 (page.getByRole('link', { name: 'Work in progress', exact: true }); seen on the instruction's own page)
  warning: warning: 104 other value(s) the run saw survived unslotted, judged by shape only (usually page copy; non-fatal):
  flow.steps[0].instruction: "Bench Board" (output) in "Open http://127.0.0.1:8085/ in the browser. If a login page appears, sign in with username admin and password exactly the literal text {{env:APP_PASSWORD}} — ty"
  flow.steps[0].instruction: "admin" (output) in "Open http://127.0.0.1:8085/ in the browser. If a login page appears, sign in with username admin and password exactly the literal text {{env:APP_PASSWORD}} — ty"
  flow.steps[0].params.v2: "admin" (output) in "admin"
  flow.steps[1].instruction: "Bench Board" (output) in "On the Bench Board project board (already open at /?controller=BoardViewController&action=show&project_id=1), create a new task with the exact title '{{runid}} "
  flow.steps[1].params.v1: "Bench Board" (output) in "Bench Board"
arm=sitelooper model=z-ai/glm-5.3 runid=fwkb43-n1 stop=completed
turns=7 wall=269.0s
commands=6 cmdTime=247.9s cmdBytes=9683 timeouts=0
orchestrator in=9085 cw=0 cr=22272 out=2928
inner prompt=1588337 cached=1467392 completion=20837
spend=$0.0665 maxUsd=3
learn: A_n=0 replayed=0/6 full=0 repaired=0 compiled=6 variants=0
-> /home/user/sitelooper/bench/results/fwkb43-n1-sitelooper-result.json

fwkb43-n1: objectives passed 6/6
  obj 1: PASS — all 4 column names reported (Backlog | Ready | Work in progress | Done)
  obj 2: PASS — description includes runid=true
  obj 3: PASS — column=Work in progress
  obj 4: PASS — 1 comment(s), 1 carrying the runid
  obj 5: PASS — date_due=2026-12-31, want 2026-12-31
  obj 6: PASS — task id 4 reported

[sweep] run 2/3: fwkb43-n2 (replay flow fwkb43, no orchestrator)
[reset] kanboard: deleted 1 leftover bench task(s)
[sweep] fwkb43-n2: 1 drift ticket(s) → fwkb43-n2-drift.json

fwkb43-n2: objectives passed 6/6
  obj 1: PASS — all 4 column names reported (Backlog | Ready | Work in progress | Done)
  obj 2: PASS — description includes runid=true
  obj 3: PASS — column=Work in progress
  obj 4: PASS — 1 comment(s), 1 carrying the runid
  obj 5: PASS — date_due=2026-12-31, want 2026-12-31
  obj 6: PASS — task id 4 reported

[sweep] run 3/3: fwkb43-n3 (replay flow fwkb43, no orchestrator)
[reset] kanboard: deleted 1 leftover bench task(s)
[sweep] fwkb43-n3: 2 drift ticket(s) → fwkb43-n3-drift.json

fwkb43-n3: objectives passed 6/6
  obj 1: PASS — all 4 column names reported (Backlog | Ready | Work in progress | Done)
  obj 2: PASS — description includes runid=true
  obj 3: PASS — column=Work in progress
  obj 4: PASS — 1 comment(s), 1 carrying the runid
  obj 5: PASS — date_due=2026-12-31, want 2026-12-31
  obj 6: PASS — task id 4 reported

Learning sweep fwkb43 (K=3)
┌─────────┬───┬─────────────┬──────────┬─────────────┬───────┬──────┬───────────┬─────┬──────────────┬────────┐
│ (index) │ n │ runid       │ verified │ stop        │ turns │ cmds │ total_usd │ A_n │ replayed     │ wall_s │
├─────────┼───┼─────────────┼──────────┼─────────────┼───────┼──────┼───────────┼─────┼──────────────┼────────┤
│ 0       │ 1 │ 'fwkb43-n1' │ '6/6'    │ 'completed' │ 7     │ 6    │ 0.0665    │ 0   │ '0/6'        │ 269    │
│ 1       │ 2 │ 'fwkb43-n2' │ '6/6'    │ 'success'   │ 0     │ 6    │ 0         │ 1   │ '6/6 (flow)' │ 37     │
│ 2       │ 3 │ 'fwkb43-n3' │ '6/6'    │ 'success'   │ 0     │ 6    │ 0         │ 1   │ '6/6 (flow)' │ 41     │
└─────────┴───┴─────────────┴──────────┴─────────────┴───────┴──────┴───────────┴─────┴──────────────┴────────┘
http://127.0.0.1:8085
  s_58438e  validated   10 steps  3/3 (100%)
           On the task page for task #4 '{{v1}}' in the {{v3}} project (URL /?controller=TaskViewController&action=show&t…
  s_797238  validated   15 steps  3/3 (100%)
           On the {{v1}} kanban board, move the task card titled '{{v2}}' (task #4) from the {{v4}} column into the '{{v5…
  s_80215e  validated   15 steps  3/3 (100%)
           On the {{v1}} project board (already open at /?controller=BoardViewController&action=show&project_id=1), creat…
  s_99e4a1  validated   17 steps  3/3 (100%)
           Open {{v1}} in the browser. If a login page appears, sign in with username {{v2}} and password exactly the lit…
  s_bd54f0  validated   15 steps  3/3 (100%)
           Final verification, read-only — do not change anything. Open the task page for task #4 '{{v1}}' in the {{v3}} …
  s_f2433b  validated   11 steps  3/3 (100%)
           Open the task page for task #4 titled '{{v1}}' in the {{v3}} project (URL /?controller=TaskViewController&acti…
store: /home/user/sitelooper/bench/results/fwkb43-skills

summary: /home/user/sitelooper/bench/results/fwkb43-sweep.json
