
[sweep] run 1/3: fwkb36-n1 (store: /home/user/sitelooper/bench/results/fwkb36-skills)
[harness] kanboard: defaulting APP_URL
[harness] kanboard: defaulting APP_EMAIL
[harness] kanboard: defaulting APP_PASSWORD
[reset] kanboard: no leftover bench tasks
[harness] kanboard responded 302 at http://127.0.0.1:8085/
stopped: fwkb36-n1
  flow "fwkb36" saved: 6 step(s), vars runid → /home/user/sitelooper/bench/results/flows/fwkb36.json
  warning: note: 01-signin no longer publishes columns_left_to_right — no replay reads it from the page and the recording showed no line to read
  warning: note: 02-create no longer publishes board_url, seed_task_1_title, seed_task_2_title, seed_task_3_title — no replay reads them from the page and the recording showed no line to read
  warning: note: 03-report no longer publishes ready_contents, done_contents — no replay reads them from the page and the recording showed no line to read
  warning: note: 04-open no longer publishes comment_author, comment_created_at — no replay reads them from the page and the recording showed no line to read
  warning: note: 06-change no longer publishes board_url, task_4_column, task_id, due_date_displayed, comment_created_at — no replay reads them from the page and the recording showed no line to read
  warning: warning: 131 other value(s) the run saw survived unslotted, judged by shape only (usually page copy; non-fatal):
  flow.steps[0].instruction: "Bench Board" (output) in "Sign in with username 'admin' and password 'admin'. Then navigate to the project named 'Bench Board' and open its board view. Report the names of the board's co"
  flow.steps[0].instruction: "admin" (output) in "Sign in with username 'admin' and password 'admin'. Then navigate to the project named 'Bench Board' and open its board view. Report the names of the board's co"
  flow.steps[1].instruction: "Bench Board" (output) in "On the 'Bench Board' project board, create a new task with title exactly '{{runid}} Bench Task' and a description that includes the text '{{runid}}' (e.g. 'Benc"
  flow.steps[1].params.v1: "Bench Board" (output) in "Bench Board"
  flow.steps[2].instruction: "Bench Board" (output) in "On the 'Bench Board' project board, move the task card titled '{{runid}} Bench Task' (task #4) from the {{02-create.task_column_on_task_page}} column into the '"
arm=sitelooper model=z-ai/glm-5.3 runid=fwkb36-n1 stop=completed
turns=30 wall=411.8s
commands=29 cmdTime=289.8s cmdBytes=34417 timeouts=0
orchestrator in=57556 cw=0 cr=193920 out=9911
inner prompt=1989037 cached=1845504 completion=24105
spend=$0.2163 maxUsd=3
learn: A_n=0 replayed=0/6 full=0 repaired=0 compiled=6 variants=0
-> /home/user/sitelooper/bench/results/fwkb36-n1-sitelooper-result.json

fwkb36-n1: objectives passed 6/6
  obj 1: PASS — all 4 column names reported (Backlog | Ready | Work in progress | Done)
  obj 2: PASS — description includes runid=true
  obj 3: PASS — column=Work in progress
  obj 4: PASS — 1 comment(s), 1 carrying the runid
  obj 5: PASS — date_due=2026-12-31, want 2026-12-31
  obj 6: PASS — task id 4 reported

[sweep] run 2/3: fwkb36-n2 (replay flow fwkb36, no orchestrator)
[reset] kanboard: deleted 1 leftover bench task(s)

fwkb36-n2: objectives passed 6/6
  obj 1: PASS — all 4 column names reported (Backlog | Ready | Work in progress | Done)
  obj 2: PASS — description includes runid=true
  obj 3: PASS — column=Work in progress
  obj 4: PASS — 1 comment(s), 1 carrying the runid
  obj 5: PASS — date_due=2026-12-31, want 2026-12-31
  obj 6: PASS — task id 4 reported

[sweep] run 3/3: fwkb36-n3 (replay flow fwkb36, no orchestrator)
[reset] kanboard: deleted 1 leftover bench task(s)

fwkb36-n3: objectives passed 6/6
  obj 1: PASS — all 4 column names reported (Backlog | Ready | Work in progress | Done)
  obj 2: PASS — description includes runid=true
  obj 3: PASS — column=Work in progress
  obj 4: PASS — 1 comment(s), 1 carrying the runid
  obj 5: PASS — date_due=2026-12-31, want 2026-12-31
  obj 6: PASS — task id 4 reported

Learning sweep fwkb36 (K=3)
┌─────────┬───┬─────────────┬──────────┬─────────────┬───────┬──────┬───────────┬─────┬──────────────┬────────┐
│ (index) │ n │ runid       │ verified │ stop        │ turns │ cmds │ total_usd │ A_n │ replayed     │ wall_s │
├─────────┼───┼─────────────┼──────────┼─────────────┼───────┼──────┼───────────┼─────┼──────────────┼────────┤
│ 0       │ 1 │ 'fwkb36-n1' │ '6/6'    │ 'completed' │ 30    │ 29   │ 0.2163    │ 0   │ '0/6'        │ 412    │
│ 1       │ 2 │ 'fwkb36-n2' │ '6/6'    │ 'success'   │ 0     │ 6    │ 0         │ 1   │ '6/6 (flow)' │ 43     │
│ 2       │ 3 │ 'fwkb36-n3' │ '6/6'    │ 'success'   │ 0     │ 6    │ 0         │ 1   │ '6/6 (flow)' │ 43     │
└─────────┴───┴─────────────┴──────────┴─────────────┴───────┴──────┴───────────┴─────┴──────────────┴────────┘
http://127.0.0.1:8085
  s_09204d  validated   11 steps  3/3 (100%)
           On the '{{v1}}' project board, create a new task with title exactly '{{v3}}' and a description that includes t…
  s_28298a  validated   11 steps  3/3 (100%)
           Final verification, read-only (do not change anything): Open the '{{v1}}' project board and the task page for …
  s_500f31  validated   10 steps  3/3 (100%)
           On the task page for task #4 titled '{{v1}}' on the '{{v3}}' project, set the task's due date to 2026-12-31. U…
  s_977c5e  validated    9 steps  3/3 (100%)
           Sign in with username 'admin' and password 'admin'. Then navigate to the project named 'Bench Board' and open …
  s_e6b5f8  validated    5 steps  3/3 (100%)
           On the '{{v1}}' project board, move the task card titled '{{v2}}' (task #4) from the {{v4}} column into the '{…
  s_f129c3  validated    8 steps  3/3 (100%)
           Open the task page for task #4 titled '{{v1}}' on the '{{v3}}' project, and add a comment whose text includes …
store: /home/user/sitelooper/bench/results/fwkb36-skills

summary: /home/user/sitelooper/bench/results/fwkb36-sweep.json
