
[sweep] run 1/3: fwkb7-n1 (store: /home/user/sitelooper/bench/results/fwkb7-skills)
[harness] kanboard: defaulting APP_URL
[harness] kanboard: defaulting APP_EMAIL
[harness] kanboard: defaulting APP_PASSWORD
[reset] kanboard: no leftover bench tasks
[harness] kanboard responded 302 at http://127.0.0.1:8085/
stopped: fwkb7-n1
  flow "fwkb7" saved: 8 step(s), vars runid → /home/user/sitelooper/bench/results/flows/fwkb7.json
  warning: note: dropped 4 locator candidate(s) carrying a value this run minted (known only by export time)
  warning: warning: 241 other value(s) the run saw survived unslotted, judged by shape only (usually page copy; non-fatal):
  flow.startUrl: "http://127.0.0.1:8085/" (output) in "http://127.0.0.1:8085/"
  flow.steps[0].instruction: "http://127.0.0.1:8085/" (output) in "Open http://127.0.0.1:8085/ and sign in with username 'admin' and password 'admin'. Report which page you land on after login and any visible navigation items."
  flow.steps[0].instruction: "admin" (output) in "Open http://127.0.0.1:8085/ and sign in with username 'admin' and password 'admin'. Report which page you land on after login and any visible navigation items."
  flow.steps[0].params.v1: "http://127.0.0.1:8085/" (output) in "http://127.0.0.1:8085/"
  flow.steps[0].route: "http://127.0.0.1:8085/" (output) in "http://127.0.0.1:8085/"
  warning: {{02-open.table_th_2}} (used by 04-verify) can only be re-observed by model recovery — consider re-recording so the value is read from the page.
  warning: 01-open reports nav_items, but s_3e4c5a re-reads none of it from the page — a replay without the model will succeed without that value; re-record so it is read.
  warning: 02-open reports board_columns_left_to_right, Ready_cards, Work_in_progress_cards, Done_cards, backlog_task_count, table_th_2, board_column_header_done, but s_af8f21 re-reads none of them from the page — a replay without the model will succeed without those values; re-record so they are read.
  warning: 03-create reports task_numeric_id, backlog_count_after, confirmation, but s_1f0197 re-reads none of them from the page — a replay without the model will succeed without those values; re-record so they are read.
  warning: 04-verify reports new_column_id, Backlog_cards, Ready_cards, Done_cards, work_in_progress_task_count, backlog_task_count, board_column_header_done, work_in_progress_column_selector, but s_833805 re-reads none of them from the page — a replay without the model will succeed without those values; re-record so they are read.
  warning: 05-open reports comment_count, comment_author, comment_element_id, but s_99b75b re-reads none of them from the page — a replay without the model will succeed without those values; re-record so they are read.
  warning: 07-edit reports task_page_url, but s_d9182f re-reads none of it from the page — a replay without the model will succeed without that value; re-record so it is read.
  warning: 08-report reports columns_left_to_right, Backlog_cards, Ready_cards, Done_cards, task4_column, task4_numeric_id, task4_due_date, task4_comment_count, task_page_url, task4_created, task4_modified, work_in_progress_column_id, but s_8b1f85 re-reads none of them from the page — a replay without the model will succeed without those values; re-record so they are read.
arm=sitelooper model=z-ai/glm-5.3 runid=fwkb7-n1 stop=completed
turns=9 wall=678.0s
commands=8 cmdTime=519.0s cmdBytes=9341 timeouts=0
orchestrator in=8865 cw=0 cr=29504 out=2713
inner prompt=2385379 cached=2211712 completion=27854
spend=$0.0814 maxUsd=3
learn: A_n=0 replayed=0/8 full=0 repaired=0 compiled=8 variants=0
-> /home/user/sitelooper/bench/results/fwkb7-n1-sitelooper-result.json

fwkb7-n1: objectives passed 6/6
  obj 1: PASS — all 4 column names reported (Backlog | Ready | Work in progress | Done)
  obj 2: PASS — description includes runid=true
  obj 3: PASS — column=Work in progress
  obj 4: PASS — 1 comment(s), 1 carrying the runid
  obj 5: PASS — date_due=2026-12-31, want 2026-12-31
  obj 6: PASS — task id 4 reported

[sweep] run 2/3: fwkb7-n2 (replay flow fwkb7, no orchestrator)
[reset] kanboard: deleted 1 leftover bench task(s)

fwkb7-n2: objectives passed 6/6
  obj 1: PASS — all 4 column names reported (Backlog | Ready | Work in progress | Done)
  obj 2: PASS — description includes runid=true
  obj 3: PASS — column=Work in progress
  obj 4: PASS — 1 comment(s), 1 carrying the runid
  obj 5: PASS — date_due=2026-12-31, want 2026-12-31
  obj 6: PASS — task id 4 reported

[sweep] run 3/3: fwkb7-n3 (replay flow fwkb7, no orchestrator)
[reset] kanboard: deleted 1 leftover bench task(s)

fwkb7-n3: objectives passed 6/6
  obj 1: PASS — all 4 column names reported (Backlog | Ready | Work in progress | Done)
  obj 2: PASS — description includes runid=true
  obj 3: PASS — column=Work in progress
  obj 4: PASS — 1 comment(s), 1 carrying the runid
  obj 5: PASS — date_due=2026-12-31, want 2026-12-31
  obj 6: PASS — task id 4 reported

Learning sweep fwkb7 (K=3)
┌─────────┬───┬────────────┬──────────┬─────────────┬───────┬──────┬───────────┬─────┬──────────────┬────────┐
│ (index) │ n │ runid      │ verified │ stop        │ turns │ cmds │ total_usd │ A_n │ replayed     │ wall_s │
├─────────┼───┼────────────┼──────────┼─────────────┼───────┼──────┼───────────┼─────┼──────────────┼────────┤
│ 0       │ 1 │ 'fwkb7-n1' │ '6/6'    │ 'completed' │ 9     │ 8    │ 0.0814    │ 0   │ '0/8'        │ 678    │
│ 1       │ 2 │ 'fwkb7-n2' │ '6/6'    │ 'success'   │ 0     │ 8    │ 0         │ 1   │ '8/8 (flow)' │ 25     │
│ 2       │ 3 │ 'fwkb7-n3' │ '6/6'    │ 'success'   │ 0     │ 8    │ 0         │ 1   │ '8/8 (flow)' │ 25     │
└─────────┴───┴────────────┴──────────┴─────────────┴───────┴──────┴───────────┴─────┴──────────────┴────────┘
http://127.0.0.1:8085
  s_1f0197  validated    9 steps  3/3 (100%)
           On the 'Bench Board' project board, create a new task titled '{{v2}}' with a description that includes the tex…
  s_37024a  validated    8 steps  3/3 (100%)
           On the task page for task #4 ('{{v1}}'), set the task's due date to 2026-12-31 (use the task's Actions menu or…
  s_3e4c5a  validated   16 steps  3/3 (100%)
           Open {{v1}} and sign in with username 'admin' and password 'admin'. Report which page you land on after login …
  s_833805  validated    6 steps  3/3 (100%)
           On the 'Bench Board' board, move the task card '{{v1}}' from the {{v4}} column into the '{{v5}}' column (drag …
  s_8b1f85  validated    2 steps  3/3 (100%)
           Final verification, read-only. Go to the 'Bench Board' project board and report: (1) the board column names le…
  s_99b75b  validated    7 steps  3/3 (100%)
           Open the task page for task #4 ('{{v1}}') on the 'Bench Board' project and add a comment whose text includes '…
  s_af8f21  validated    8 steps  3/3 (100%)
           Navigate to the project named 'Bench Board' and open its board view. Report the names of the board's columns i…
  s_d9182f  validated   27 steps  3/3 (100%)
           On task #4 ('{{v1}}'), edit the task again and change the 'Date due' so that the time component is 00:00 (i.e.…
store: /home/user/sitelooper/bench/results/fwkb7-skills

summary: /home/user/sitelooper/bench/results/fwkb7-sweep.json
