
[sweep] run 1/3: fwkb37-n1 (store: /home/user/sitelooper/bench/results/fwkb37-skills)
[harness] kanboard: defaulting APP_URL
[harness] kanboard: defaulting APP_EMAIL
[harness] kanboard: defaulting APP_PASSWORD
[reset] kanboard: no leftover bench tasks
[harness] kanboard responded 302 at http://127.0.0.1:8085/
stopped: fwkb37-n1
  flow "fwkb37" saved: 6 step(s), vars runid → /home/user/sitelooper/bench/results/flows/fwkb37.json
  warning: note: 01-signin no longer publishes columns_left_to_right, project — no replay reads them from the page and the recording showed no line to read
  warning: note: 02-create no longer publishes project, seed_task_1, seed_task_2, seed_task_3 — no replay reads them from the page and the recording showed no line to read
  warning: note: 03-verify no longer publishes ready_column, done_column — no replay reads them from the page and the recording showed no line to read
  warning: note: 04-open no longer publishes comment_author, comment_created — no replay reads them from the page and the recording showed no line to read
  warning: note: 05-set no longer publishes save_endpoint, form_action_field, form_task_id_field, form_date_due_field — no replay reads them from the page and the recording showed no line to read
  warning: note: 06-open no longer publishes ready_and_done_columns, task_page_url, board_url — no replay reads them from the page and the recording showed no line to read
  warning: warning: noop-step: 06-open changed nothing: its instruction asks to confirm, the recording made no state-changing action, and the page already showed 'fwkb37-n1 Bench Task' before it ran. The step may be redundant.
  warning: warning: 1 value(s) KNOWN to be this run's survived unslotted — a replay will act on or wait for the recording's value (non-fatal outside locators):
  flow.warnings[0]: "fwkb37-n1" (var) in "noop-step: 06-open changed nothing: its instruction asks to confirm, the recording made no state-changing action, and the page already showed 'fwkb37-n1 Bench T"
  warning: warning: 144 other value(s) the run saw survived unslotted, judged by shape only (usually page copy; non-fatal):
  flow.steps[0].instruction: "admin" (output) in "Sign in with username admin and password admin, then navigate to the project named 'Bench Board' and open its board view. Report the names of the board's column"
  flow.steps[1].outputs[0]: "task_id" (output) in "task_id"
  flow.steps[2].instruction: "Backlog" (output) in "On the Bench Board board, move the task card '{{02-create.task_display_id}} {{runid}} Bench Task' from the Backlog column into the '{{01-signin.column_header_wo"
  flow.steps[2].params.v4: "Backlog" (output) in "Backlog"
  flow.steps[5].instruction: "Backlog" (output) in "Final verification on the Bench Board project: open the board and confirm (a) the column names left to right, (b) that the card '{{02-create.task_display_id}} {"
  warning: {{02-create.task_display_id}} (used by 03-verify) can only be re-observed by model recovery — consider re-recording so the value is read from the page.
  warning: 02-create reports task_display_id, but no segment of the procedure it pins (s_caecc9, with any later segment of its chain) re-reads it from the page — a replay without the model will succeed without that value; re-record so a read for it lands in that procedure's last segment.
arm=sitelooper model=z-ai/glm-5.3 runid=fwkb37-n1 stop=completed
turns=8 wall=176.4s
commands=7 cmdTime=158.3s cmdBytes=7429 timeouts=0
orchestrator in=9827 cw=0 cr=20096 out=1547
inner prompt=988715 cached=901376 completion=13761
spend=$0.0501 maxUsd=3
learn: A_n=0 replayed=0/6 full=0 repaired=0 compiled=6 variants=0
-> /home/user/sitelooper/bench/results/fwkb37-n1-sitelooper-result.json

fwkb37-n1: objectives passed 6/6
  obj 1: PASS — all 4 column names reported (Backlog | Ready | Work in progress | Done)
  obj 2: PASS — description includes runid=true
  obj 3: PASS — column=Work in progress
  obj 4: PASS — 1 comment(s), 1 carrying the runid
  obj 5: PASS — date_due=2026-12-31, want 2026-12-31
  obj 6: PASS — task id 4 reported

[sweep] run 2/3: fwkb37-n2 (replay flow fwkb37, no orchestrator)
[reset] kanboard: deleted 1 leftover bench task(s)

fwkb37-n2: objectives passed 6/6
  obj 1: PASS — all 4 column names reported (Backlog | Ready | Work in progress | Done)
  obj 2: PASS — description includes runid=true
  obj 3: PASS — column=Work in progress
  obj 4: PASS — 1 comment(s), 1 carrying the runid
  obj 5: PASS — date_due=2026-12-31, want 2026-12-31
  obj 6: PASS — task id 4 reported

[sweep] run 3/3: fwkb37-n3 (replay flow fwkb37, no orchestrator)
[reset] kanboard: deleted 1 leftover bench task(s)

fwkb37-n3: objectives passed 6/6
  obj 1: PASS — all 4 column names reported (Backlog | Ready | Work in progress | Done)
  obj 2: PASS — description includes runid=true
  obj 3: PASS — column=Work in progress
  obj 4: PASS — 1 comment(s), 1 carrying the runid
  obj 5: PASS — date_due=2026-12-31, want 2026-12-31
  obj 6: PASS — task id 4 reported

Learning sweep fwkb37 (K=3)
┌─────────┬───┬─────────────┬──────────┬─────────────┬───────┬──────┬───────────┬─────┬──────────────┬────────┐
│ (index) │ n │ runid       │ verified │ stop        │ turns │ cmds │ total_usd │ A_n │ replayed     │ wall_s │
├─────────┼───┼─────────────┼──────────┼─────────────┼───────┼──────┼───────────┼─────┼──────────────┼────────┤
│ 0       │ 1 │ 'fwkb37-n1' │ '6/6'    │ 'completed' │ 8     │ 7    │ 0.0501    │ 0   │ '0/6'        │ 176    │
│ 1       │ 2 │ 'fwkb37-n2' │ '6/6'    │ 'success'   │ 0     │ 6    │ 0         │ 1   │ '6/6 (flow)' │ 17     │
│ 2       │ 3 │ 'fwkb37-n3' │ '6/6'    │ 'success'   │ 0     │ 6    │ 0         │ 1   │ '6/6 (flow)' │ 17     │
└─────────┴───┴─────────────┴──────────┴─────────────┴───────┴──────┴───────────┴─────┴──────────────┴────────┘
http://127.0.0.1:8085
  s_18c252  validated    6 steps  3/3 (100%)
           Open the task page for task #4 '{{v1}}' in the Bench Board project and add a comment whose text includes '{{v2…
  s_6f94b2  validated    6 steps  3/3 (100%)
           Final verification on the Bench Board project: open the board and confirm (a) the column names left to right, …
  s_9aaebf  validated    6 steps  3/3 (100%)
           On the task page for task #4 '{{v1}}' in the Bench Board project, set the task's due date to 2026-12-31 (Decem…
  s_a0a064  validated    6 steps  3/3 (100%)
           On the Bench Board board, move the task card '{{v1}}' from the {{v4}} column into the '{{v5}}' column. You may…
  s_caecc9  validated   10 steps  3/3 (100%)
           On the Bench Board project board, create a new task titled exactly '{{v2}}' with a description that includes t…
  s_ecf4e0  validated    8 steps  3/3 (100%)
           Sign in with username admin and password admin, then navigate to the project named 'Bench Board' and open its …
store: /home/user/sitelooper/bench/results/fwkb37-skills

summary: /home/user/sitelooper/bench/results/fwkb37-sweep.json
