
[sweep] run 1/3: fwkb27-n1 (store: /home/user/sitelooper/bench/results/fwkb27-skills)
[harness] kanboard: defaulting APP_URL
[harness] kanboard: defaulting APP_EMAIL
[harness] kanboard: defaulting APP_PASSWORD
[reset] kanboard: no leftover bench tasks
[harness] kanboard responded 302 at http://127.0.0.1:8085/
stopped: fwkb27-n1
  flow "fwkb27" saved: 5 step(s), vars runid → /home/user/sitelooper/bench/results/flows/fwkb27.json
  warning: note: 01-open no longer publishes columns_left_to_right — no replay reads it from the page and the recording showed no line to read
  warning: note: 03-verify no longer publishes column_counts_after_backlog — no replay reads it from the page and the recording showed no line to read
  warning: note: 04-open no longer publishes comment_author, due_date_date_component — no replay reads them from the page and the recording showed no line to read
  warning: note: 05-open no longer publishes due_date_field_type — no replay reads it from the page and the recording showed no line to read
  warning: note: 01-open: added a read for first_column_header to s_51336e (page.getByRole('link', { name: 'Backlog', exact: true }); seen on the next instruction's start page)
  warning: note: 01-open: added a read for third_column_header to s_51336e (page.getByRole('link', { name: 'Work in progress', exact: true }); seen on the next instruction's start page)
  warning: note: 01-open: added a read for second_column_header to s_51336e (page.getByRole('link', { name: 'Ready', exact: true }); seen on the next instruction's start page)
  warning: note: 01-open: added a read for fourth_column_header to s_51336e (page.getByRole('link', { name: 'Done', exact: true }); seen on the next instruction's start page)
  warning: note: 04-open: added a read for sidebar_menu_add_a_comment to s_28c0b3 (page.getByRole('heading', { name: 'Add a comment', exact: true }), page.getByRole('link', { name: 'Add a comment', exact: true }); seen on the instruction's own page)
  warning: warning: 155 other value(s) the run saw survived unslotted, judged by shape only (usually page copy; non-fatal):
  flow.steps[0].instruction: "Bench Board" (output) in "Open http://127.0.0.1:8085/ and sign in with username admin and password admin. Then navigate to the project named 'Bench Board' and open its board view. Report"
  flow.steps[0].instruction: "admin" (output) in "Open http://127.0.0.1:8085/ and sign in with username admin and password admin. Then navigate to the project named 'Bench Board' and open its board view. Report"
  flow.steps[0].instruction: "Board" (output) in "Open http://127.0.0.1:8085/ and sign in with username admin and password admin. Then navigate to the project named 'Bench Board' and open its board view. Report"
  flow.steps[0].instruction: "open" (output) in "Open http://127.0.0.1:8085/ and sign in with username admin and password admin. Then navigate to the project named 'Bench Board' and open its board view. Report"
  flow.steps[1].instruction: "Bench Board" (output) in "In the Kanboard project 'Bench Board', create a new task with title exactly '{{runid}} Bench Task' and a description that includes the text '{{runid}}' (e.g. 'B"
  warning: {{04-open.due_date_field_name}} (used by 05-open) can only be re-observed by model recovery — consider re-recording so the value is read from the page.
  warning: 04-open reports due_date_field_name, but no segment of the procedure it pins (s_28c0b3, with any later segment of its chain) re-reads it from the page — a replay without the model will succeed without that value; re-record so a read for it lands in that procedure's last segment.
arm=sitelooper model=z-ai/glm-5.3 runid=fwkb27-n1 stop=completed
turns=6 wall=291.6s
commands=5 cmdTime=267.7s cmdBytes=5247 timeouts=0
orchestrator in=5568 cw=0 cr=15616 out=2745
inner prompt=1552162 cached=1409408 completion=31044
spend=$0.0682 maxUsd=3
learn: A_n=0 replayed=0/5 full=0 repaired=0 compiled=5 variants=0
-> /home/user/sitelooper/bench/results/fwkb27-n1-sitelooper-result.json

fwkb27-n1: objectives passed 6/6
  obj 1: PASS — all 4 column names reported (Backlog | Ready | Work in progress | Done)
  obj 2: PASS — description includes runid=true
  obj 3: PASS — column=Work in progress
  obj 4: PASS — 1 comment(s), 1 carrying the runid
  obj 5: PASS — date_due=2026-12-31, want 2026-12-31
  obj 6: PASS — task id 4 reported

[sweep] run 2/3: fwkb27-n2 (replay flow fwkb27, no orchestrator)
[reset] kanboard: deleted 1 leftover bench task(s)
[sweep] fwkb27-n2: 2 drift ticket(s) → fwkb27-n2-drift.json

fwkb27-n2: objectives passed 6/6
  obj 1: PASS — all 4 column names reported (Backlog | Ready | Work in progress | Done)
  obj 2: PASS — description includes runid=true
  obj 3: PASS — column=Work in progress
  obj 4: PASS — 1 comment(s), 1 carrying the runid
  obj 5: PASS — date_due=2026-12-31, want 2026-12-31
  obj 6: PASS — task id 4 reported

[sweep] run 3/3: fwkb27-n3 (replay flow fwkb27, no orchestrator)
[reset] kanboard: deleted 1 leftover bench task(s)
[sweep] fwkb27-n3: 3 drift ticket(s) → fwkb27-n3-drift.json

fwkb27-n3: objectives passed 6/6
  obj 1: PASS — all 4 column names reported (Backlog | Ready | Work in progress | Done)
  obj 2: PASS — description includes runid=true
  obj 3: PASS — column=Work in progress
  obj 4: PASS — 1 comment(s), 1 carrying the runid
  obj 5: PASS — date_due=2026-12-31, want 2026-12-31
  obj 6: PASS — task id 4 reported

Learning sweep fwkb27 (K=3)
┌─────────┬───┬─────────────┬──────────┬─────────────┬───────┬──────┬───────────┬─────┬──────────────┬────────┐
│ (index) │ n │ runid       │ verified │ stop        │ turns │ cmds │ total_usd │ A_n │ replayed     │ wall_s │
├─────────┼───┼─────────────┼──────────┼─────────────┼───────┼──────┼───────────┼─────┼──────────────┼────────┤
│ 0       │ 1 │ 'fwkb27-n1' │ '6/6'    │ 'completed' │ 6     │ 5    │ 0.0682    │ 0   │ '0/5'        │ 292    │
│ 1       │ 2 │ 'fwkb27-n2' │ '6/6'    │ 'success'   │ 2     │ 5    │ 0.0017    │ 0.8 │ '5/5 (flow)' │ 29     │
│ 2       │ 3 │ 'fwkb27-n3' │ '6/6'    │ 'success'   │ 9     │ 5    │ 0.0054    │ 0.8 │ '5/5 (flow)' │ 55     │
└─────────┴───┴─────────────┴──────────┴─────────────┴───────┴──────┴───────────┴─────┴──────────────┴────────┘
http://127.0.0.1:8085
  s_28c0b3  validated   19 steps  3/3 (100%)
           Open the task page for task #4 titled '{{v1}}' in the Kanboard project '{{v3}}'. On that task page: (1) add a …
  s_51336e  validated   11 steps  3/3 (100%)
           Open {{v1}} and sign in with username admin and password admin. Then navigate to the project named 'Bench Boar…
  s_8853e1  validated    6 steps  3/3 (100%)
           In the Kanboard project '{{v1}}', move the task titled '{{v2}}' (task #4) so that it sits in the '{{v4}}' colu…
  s_a02f65  validated   11 steps  3/3 (100%)
           Verification only, no changes: In the Kanboard project '{{v1}}', {{v3}} the task page for task #4 '{{v4}}'. Th…
  s_d26dda  validated   13 steps  3/3 (100%)
           In the Kanboard project '{{v1}}', create a new task with title exactly '{{v4}}' and a description that include…
store: /home/user/sitelooper/bench/results/fwkb27-skills

summary: /home/user/sitelooper/bench/results/fwkb27-sweep.json
