
[sweep] run 1/3: fwkb24-n1 (store: /home/user/sitelooper/bench/results/fwkb24-skills)
[harness] kanboard: defaulting APP_URL
[harness] kanboard: defaulting APP_EMAIL
[harness] kanboard: defaulting APP_PASSWORD
[reset] kanboard: no leftover bench tasks
[harness] kanboard responded 302 at http://127.0.0.1:8085/
stopped: fwkb24-n1
  flow "fwkb24" saved: 5 step(s), vars runid → /home/user/sitelooper/bench/results/flows/fwkb24.json
  warning: note: 01-signin no longer publishes board_columns_left_to_right — no replay reads it from the page and the recording showed no line to read
  warning: note: 02-create no longer publishes creator — no replay reads it from the page and the recording showed no line to read
  warning: note: 03-verify no longer publishes task_id, column_header_counts_after_move_backlog, column_header_counts_after_move_ready, column_header_counts_after_move_done — no replay reads them from the page and the recording showed no line to read
  warning: note: 04-open no longer publishes comment_author, comment_created_at — no replay reads them from the page and the recording showed no line to read
  warning: note: 01-signin: added a read for column_header_work_in_progress to s_2e7b8b (page.getByRole('link', { name: 'Work in progress', exact: true }); seen on the next instruction's start page)
  warning: note: 01-signin: added a read for column_header_ready to s_2e7b8b (page.getByRole('link', { name: 'Ready', exact: true }); seen on the next instruction's start page)
  warning: note: 01-signin: added a read for column_header_done to s_2e7b8b (page.getByRole('link', { name: 'Done', exact: true }); seen on the next instruction's start page)
  warning: warning: 87 other value(s) the run saw survived unslotted, judged by shape only (usually page copy; non-fatal):
  flow.steps[0].instruction: "Bench Board" (output) in "Sign in to Kanboard with username 'admin' and password 'admin'. Then navigate to the project named 'Bench Board' and open its board. Report the names of the boa"
  flow.steps[0].instruction: "admin" (output) in "Sign in to Kanboard with username 'admin' and password 'admin'. Then navigate to the project named 'Bench Board' and open its board. Report the names of the boa"
  flow.steps[1].instruction: "Bench Board" (output) in "On the 'Bench Board' project board, create a new task with title exactly '{{runid}} Bench Task' and a description that includes the text '{{runid}}' (e.g. 'Benc"
  flow.steps[1].params.v1: "Bench Board" (output) in "Bench Board"
  flow.steps[2].instruction: "Bench Board" (output) in "Move the task titled '{{runid}} Bench Task' (task {{02-create.task_reference}}) into the '{{01-signin.column_header_work_in_progress}}' column of the 'Bench Boa"
  warning: {{02-create.task_reference}} (used by 03-verify) can only be re-observed by model recovery — consider re-recording so the value is read from the page.
  warning: 02-create reports task_reference, but no segment of the procedure it pins (s_7ac8f1, with any later segment of its chain) re-reads it from the page — a replay without the model will succeed without that value; re-record so a read for it lands in that procedure's last segment.
arm=sitelooper model=z-ai/glm-5.3 runid=fwkb24-n1 stop=completed
turns=7 wall=140.7s
commands=6 cmdTime=114.5s cmdBytes=4583 timeouts=0
orchestrator in=12153 cw=0 cr=11456 out=1730
inner prompt=658548 cached=578560 completion=10466
spend=$0.0476 maxUsd=3
learn: A_n=0 replayed=0/5 full=0 repaired=0 compiled=5 variants=0
-> /home/user/sitelooper/bench/results/fwkb24-n1-sitelooper-result.json

fwkb24-n1: objectives passed 6/6
  obj 1: PASS — all 4 column names reported (Backlog | Ready | Work in progress | Done)
  obj 2: PASS — description includes runid=true
  obj 3: PASS — column=Work in progress
  obj 4: PASS — 1 comment(s), 1 carrying the runid
  obj 5: PASS — date_due=2026-12-31, want 2026-12-31
  obj 6: PASS — task id 4 reported

[sweep] run 2/3: fwkb24-n2 (replay flow fwkb24, no orchestrator)
[reset] kanboard: deleted 1 leftover bench task(s)
[sweep] fwkb24-n2: 3 drift ticket(s) → fwkb24-n2-drift.json

fwkb24-n2: objectives passed 5/6
  obj 1: FAIL — column(s) not in report: Ready, Done
  obj 2: PASS — description includes runid=true
  obj 3: PASS — column=Work in progress
  obj 4: PASS — 1 comment(s), 1 carrying the runid
  obj 5: PASS — date_due=2026-12-31, want 2026-12-31
  obj 6: PASS — task id 4 reported

[sweep] run 3/3: fwkb24-n3 (replay flow fwkb24, no orchestrator)
[reset] kanboard: deleted 1 leftover bench task(s)
[sweep] fwkb24-n3: 3 drift ticket(s) → fwkb24-n3-drift.json

fwkb24-n3: objectives passed 5/6
  obj 1: FAIL — column(s) not in report: Ready, Done
  obj 2: PASS — description includes runid=true
  obj 3: PASS — column=Work in progress
  obj 4: PASS — 1 comment(s), 1 carrying the runid
  obj 5: PASS — date_due=2026-12-31, want 2026-12-31
  obj 6: PASS — task id 4 reported

Learning sweep fwkb24 (K=3)
┌─────────┬───┬─────────────┬──────────┬─────────────┬───────┬──────┬───────────┬─────┬──────────────┬────────┐
│ (index) │ n │ runid       │ verified │ stop        │ turns │ cmds │ total_usd │ A_n │ replayed     │ wall_s │
├─────────┼───┼─────────────┼──────────┼─────────────┼───────┼──────┼───────────┼─────┼──────────────┼────────┤
│ 0       │ 1 │ 'fwkb24-n1' │ '6/6'    │ 'completed' │ 7     │ 6    │ 0.0476    │ 0   │ '0/5'        │ 141    │
│ 1       │ 2 │ 'fwkb24-n2' │ '5/6'    │ 'success'   │ 0     │ 5    │ 0         │ 1   │ '5/5 (flow)' │ 23     │
│ 2       │ 3 │ 'fwkb24-n3' │ '5/6'    │ 'success'   │ 0     │ 5    │ 0         │ 1   │ '5/5 (flow)' │ 23     │
└─────────┴───┴─────────────┴──────────┴─────────────┴───────┴──────┴───────────┴─────┴──────────────┴────────┘
http://127.0.0.1:8085
  s_2e7b8b  validated    9 steps  3/3 (100%)
           Sign in to Kanboard with username 'admin' and password 'admin'. Then navigate to the project named 'Bench Boar…
  s_45b5fc  validated   11 steps  3/3 (100%)
           Set the due date of task #4 ('{{v1}}') to 2026-12-31. Edit it from the task page (or via the task's edit/detai…
  s_7ac8f1  validated    9 steps  3/3 (100%)
           On the '{{v1}}' project board, create a new task with title exactly '{{v3}}' and a description that includes t…
  s_908821  validated    6 steps  3/3 (100%)
           Move the task titled '{{v1}}' (task #4) into the '{{v3}}' column of the '{{v4}}' board. Use the board's drag-a…
  s_fc7aa0  validated    9 steps  3/3 (100%)
           Open task #4 ('{{v1}}') in the '{{v3}}' project and add a comment whose text includes '{{v2}}' (e.g. '{{v4}}')…
store: /home/user/sitelooper/bench/results/fwkb24-skills

summary: /home/user/sitelooper/bench/results/fwkb24-sweep.json
