
[sweep] run 1/3: fwod72-n1 (store: /home/user/sitelooper/bench/results/fwod72-skills)
[harness] odoo: defaulting APP_URL
[harness] odoo: defaulting APP_EMAIL
[harness] odoo: defaulting APP_PASSWORD
[reset] odoo: no leftover bench customers
[harness] odoo responded 303 at http://127.0.0.1:8069/
stopped: fwod72-n1
  flow "fwod72" saved: 6 step(s), vars runid → /home/user/sitelooper/bench/results/flows/fwod72.json
  warning: note: dropped 4 locator candidate(s) carrying a value this run minted (known only by export time)
  warning: note: 10 goal/report value(s) carrying a value this run made were slotted or dropped:
  s_0e80b8.reportTemplate.values.order_id dropped (recorded literal of a value this run made)
  s_0e80b8.reportTemplate.summary dropped (narrates a value this run made)
  s_38c8da.reportTemplate.values.order_id dropped (recorded literal of a value this run made)
  s_56e906.reportTemplate.values.order_id dropped (recorded literal of a value this run made)
  s_c8ee20.reportTemplate.values.order_id dropped (recorded literal of a value this run made)
  s_c8ee20.reportTemplate.summary dropped (narrates a value this run made)
  s_d44bcc.reportTemplate.values.partner_id dropped (recorded literal of a value this run made)
  s_d44bcc.reportTemplate.summary dropped (narrates a value this run made)
  s_feeaae.reportTemplate.values.order_id dropped (recorded literal of a value this run made)
  s_feeaae.reportTemplate.summary dropped (narrates a value this run made)
  warning: note: 01-open no longer publishes partner_id, username_used — no replay reads them from the page and the recording showed no line to read
  warning: note: 02-create no longer publishes order_id, order_line_product, order_line_subtotal_tax_excl, order_state, untaxed_amount, order_line_subtotal_amount, untaxed_amount_footer, total_footer, product_ref — no replay reads them from the page and the recording showed no line to read
  warning: note: 03-open no longer publishes first_line, new_line_product, new_line_tax, order_id, untaxed_amount_footer, total_footer, new_line_product_ref, first_line_product_ref — no replay reads them from the page and the recording showed no line to read
  warning: note: 04-open no longer publishes line1_product, line2_product, order_id, untaxed_amount_footer, total_footer, first_line_product_ref — no replay reads them from the page and the recording showed no line to read
  warning: note: 05-open no longer publishes order_id, status_before_confirm, status_after_confirm, confirm_button_present_after, dialogs_captured — no replay reads them from the page and the recording showed no line to read
  warning: note: 06-open no longer publishes order_id, status_after, status_bar_quotation — no replay reads them from the page and the recording showed no line to read
  warning: warning: 182 other value(s) the run saw survived unslotted, judged by shape only (usually page copy; non-fatal):
  flow.startUrl: "http://127.0.0.1:8069/" (output) in "http://127.0.0.1:8069/"
  flow.steps[0].instruction: "http://127.0.0.1:8069/" (output) in "Open http://127.0.0.1:8069/ and log in with username 'admin' and password 'admin'. Then go to the Contacts app and create a new contact named '{{runid}} Bench C"
  flow.steps[0].instruction: "Benchville" (output) in "Open http://127.0.0.1:8069/ and log in with username 'admin' and password 'admin'. Then go to the Contacts app and create a new contact named '{{runid}} Bench C"
  flow.steps[0].instruction: "admin" (output) in "Open http://127.0.0.1:8069/ and log in with username 'admin' and password 'admin'. Then go to the Contacts app and create a new contact named '{{runid}} Bench C"
  flow.steps[0].params.v2: "http://127.0.0.1:8069/" (output) in "http://127.0.0.1:8069/"
arm=sitelooper model=z-ai/glm-5.3 runid=fwod72-n1 stop=completed
turns=7 wall=533.6s
commands=6 cmdTime=399.4s cmdBytes=7271 timeouts=0
orchestrator in=19630 cw=0 cr=10176 out=4878
inner prompt=2712066 cached=2526848 completion=34084
spend=$0.1074 maxUsd=3
learn: A_n=0 replayed=0/6 full=0 repaired=0 compiled=6 variants=0
-> /home/user/sitelooper/bench/results/fwod72-n1-sitelooper-result.json

fwod72-n1: objectives passed 6/6
  obj 1: PASS — city="Benchville"
  obj 2: PASS — orders for customer: 1, lines: 2
  obj 3: PASS — 2 lines, 2 distinct products
  obj 4: PASS — quantities: 5, 2
  obj 5: PASS — state tracking shows confirmation
  obj 6: PASS — final state=cancel, ref=S00021

[sweep] run 2/3: fwod72-n2 (replay flow fwod72, no orchestrator)
[reset] odoo: deleted 1 leftover bench order(s)
[reset] odoo: deleted 1 leftover bench customer(s)

fwod72-n2: objectives passed 6/6
  obj 1: PASS — city="Benchville"
  obj 2: PASS — orders for customer: 1, lines: 2
  obj 3: PASS — 2 lines, 2 distinct products
  obj 4: PASS — quantities: 5, 2
  obj 5: PASS — state tracking shows confirmation
  obj 6: PASS — final state=cancel, ref=S00022

[sweep] run 3/3: fwod72-n3 (replay flow fwod72, no orchestrator)
[reset] odoo: deleted 1 leftover bench order(s)
[reset] odoo: deleted 1 leftover bench customer(s)

fwod72-n3: objectives passed 6/6
  obj 1: PASS — city="Benchville"
  obj 2: PASS — orders for customer: 1, lines: 2
  obj 3: PASS — 2 lines, 2 distinct products
  obj 4: PASS — quantities: 5, 2
  obj 5: PASS — state tracking shows confirmation
  obj 6: PASS — final state=cancel, ref=S00023

Learning sweep fwod72 (K=3)
┌─────────┬───┬─────────────┬──────────┬─────────────┬───────┬──────┬───────────┬─────┬──────────────┬────────┐
│ (index) │ n │ runid       │ verified │ stop        │ turns │ cmds │ total_usd │ A_n │ replayed     │ wall_s │
├─────────┼───┼─────────────┼──────────┼─────────────┼───────┼──────┼───────────┼─────┼──────────────┼────────┤
│ 0       │ 1 │ 'fwod72-n1' │ '6/6'    │ 'completed' │ 7     │ 6    │ 0.1074    │ 0   │ '0/6'        │ 534    │
│ 1       │ 2 │ 'fwod72-n2' │ '6/6'    │ 'success'   │ 0     │ 6    │ 0         │ 1   │ '6/6 (flow)' │ 43     │
│ 2       │ 3 │ 'fwod72-n3' │ '6/6'    │ 'success'   │ 0     │ 6    │ 0         │ 1   │ '6/6 (flow)' │ 43     │
└─────────┴───┴─────────────┴──────────┴─────────────┴───────┴──────┴───────────┴─────┴──────────────┴────────┘
http://127.0.0.1:8069
  s_0e80b8  validated   15 steps  3/3 (100%)
           In Odoo, open the existing quotation {{v1}} (for customer '{{v2}}') in the Sales app and add a SECOND order li…
  s_229f81  validated    4 steps  3/3 (100%)
           Open {{v2}} and log in with username 'admin' and password 'admin'. Then go to the Contacts app and create a ne…
  s_38c8da  validated   14 steps  3/3 (100%)
           In Odoo, open the existing quotation {{v1}} (for customer '{{v2}}') in the Sales app. It has two order lines: …
  s_5646fa  validated    1 steps  3/3 (100%)
           Open {{v2}} and log in with username 'admin' and password 'admin'. Then go to the Contacts app and create a ne…
  s_56e906  validated   10 steps  3/3 (100%)
           In Odoo, open the sales order {{v1}} (for customer '{{v2}}') in the Sales app — it is currently confirmed with…
  s_5da566  validated    2 steps  3/3 (100%)
           In Odoo, go to the Sales app and create a new quotation for the customer '{{v1}}' (select the customer via the…
  s_631b93  validated    2 steps  3/3 (100%)
           Open {{v2}} and log in with username 'admin' and password 'admin'. Then go to the Contacts app and create a ne…
  s_67e2a1  validated    7 steps  3/3 (100%)
           In Odoo, go to the Sales app and create a new quotation for the customer '{{v1}}' (select the customer via the…
  s_929a5b  validated    3 steps  3/3 (100%)
           Open {{v2}} and log in with username 'admin' and password 'admin'. Then go to the Contacts app and create a ne…
  s_c8115f  validated    1 steps  3/3 (100%)
           In Odoo, go to the Sales app and create a new quotation for the customer '{{v1}}' (select the customer via the…
  s_c8ee20  validated    9 steps  3/3 (100%)
           In Odoo, go to the Sales app and create a new quotation for the customer '{{v1}}' (select the customer via the…
  s_d44bcc  validated    3 steps  3/3 (100%)
           Open {{v2}} and log in with username 'admin' and password 'admin'. Then go to the Contacts app and create a ne…
  s_f29a48  validated    2 steps  3/3 (100%)
           Open {{v2}} and log in with username 'admin' and password 'admin'. Then go to the Contacts app and create a ne…
  s_feeaae  validated    5 steps  3/3 (100%)
           In Odoo, open the existing quotation {{v1}} (for customer '{{v2}}') in the Sales app and confirm it so it beco…
store: /home/user/sitelooper/bench/results/fwod72-skills

summary: /home/user/sitelooper/bench/results/fwod72-sweep.json
