[spec-replay] resetting odoo
[reset] odoo: deleted 1 leftover bench order(s)
[reset] odoo: deleted 2 leftover bench customer(s)
[spec-replay] compiling: /opt/node22/bin/node /home/user/sitelooper/bin/sitelooper.js compile bench/results/flows/fwod56.json --out /home/user/sitelooper/bench/results/fwod56-spec-spec-tmp --overwrite-spec
warning 04-open: it has no converged procedure, so the compiled spec throws here
  why: nothing in the store resolves to a recorded procedure for this step; the emitted body is a throw, not a silent skip.
  fix: sitelooper rerecord bench/results/flows/fwod56.json 04-open
warning 05-open: it has no converged procedure, so the compiled spec throws here
  why: nothing in the store resolves to a recorded procedure for this step; the emitted body is a throw, not a silent skip.
  fix: sitelooper rerecord bench/results/flows/fwod56.json 05-open
error 06-open: slot v1 is bound to {{05-open.quotation_reference}}, and nothing has ever published quotation_reference
  why: nothing in 05-open's procedure reads quotation_reference from the page, and no report value derives it from a parameter, so no run can publish it. The recording's own value is not a substitute: passing it would make every replay work run 1's record. 06-open types or locates by v1, so the artifact would stop here on every run, part-way through the flow and with everything earlier already done.
  fix: re-record 05-open so it reads quotation_reference from an element (`sitelooper rerecord <flow file> 05-open`), or take {{05-open.quotation_reference}} out of 06-open's v1
error 07-change: slot v1 is bound to {{05-open.quotation_reference}}, and nothing has ever published quotation_reference
  why: nothing in 05-open's procedure reads quotation_reference from the page, and no report value derives it from a parameter, so no run can publish it. The recording's own value is not a substitute: passing it would make every replay work run 1's record. 07-change types or locates by v1, so the artifact would stop here on every run, part-way through the flow and with everything earlier already done.
  fix: re-record 05-open so it reads quotation_reference from an element (`sitelooper rerecord <flow file> 05-open`), or take {{05-open.quotation_reference}} out of 07-change's v1
error 08-report: slot v1 is bound to {{05-open.quotation_reference}}, and nothing has ever published quotation_reference
  why: nothing in 05-open's procedure reads quotation_reference from the page, and no report value derives it from a parameter, so no run can publish it. The recording's own value is not a substitute: passing it would make every replay work run 1's record. 08-report types or locates by v1, so the artifact would stop here on every run, part-way through the flow and with everything earlier already done.
  fix: re-record 05-open so it reads quotation_reference from an element (`sitelooper rerecord <flow file> 05-open`), or take {{05-open.quotation_reference}} out of 08-report's v1
error 09-report: slot v1 is bound to {{05-open.quotation_reference}}, and nothing has ever published quotation_reference
  why: nothing in 05-open's procedure reads quotation_reference from the page, and no report value derives it from a parameter, so no run can publish it. The recording's own value is not a substitute: passing it would make every replay work run 1's record. 09-report types or locates by v1, so the artifact would stop here on every run, part-way through the flow and with everything earlier already done.
  fix: re-record 05-open so it reads quotation_reference from an element (`sitelooper rerecord <flow file> 05-open`), or take {{05-open.quotation_reference}} out of 09-report's v1
error 10-verify: slot v4 is bound to {{05-open.quotation_reference}}, and nothing has ever published quotation_reference
  why: nothing in 05-open's procedure reads quotation_reference from the page, and no report value derives it from a parameter, so no run can publish it. The recording's own value is not a substitute: passing it would make every replay work run 1's record. 10-verify types or locates by v4, so the artifact would stop here on every run, part-way through the flow and with everything earlier already done.
  fix: re-record 05-open so it reads quotation_reference from an element (`sitelooper rerecord <flow file> 05-open`), or take {{05-open.quotation_reference}} out of 10-verify's v4

nothing written: the error(s) above are about the RECORDING, not the app — a compiled spec would fail at a locator and read as drift.
re-record the step(s) with the fix command above.
  warning: 03-create: step 15 (read untaxed_amount_row) has no locator left — it publishes nothing, as replay skips it
  warning: 03-create: step 16 (read total_row) has no locator left — it publishes nothing, as replay skips it
  warning: 06-open: step 12 (read untaxed_amount_row) has no locator left — it publishes nothing, as replay skips it
  warning: 06-open: step 13 (read total_row) has no locator left — it publishes nothing, as replay skips it
  warning: 07-change: step 12 (read untaxed_amount_row) has no locator left — it publishes nothing, as replay skips it
  warning: 07-change: step 13 (read total_row) has no locator left — it publishes nothing, as replay skips it
  warning: 08-report: step 13 (read untaxed_amount_row) has no locator left — it publishes nothing, as replay skips it
  warning: 08-report: step 14 (read total_row) has no locator left — it publishes nothing, as replay skips it
  warning: 09-report: step 15 (read untaxed_amount_row) has no locator left — it publishes nothing, as replay skips it
  warning: 09-report: step 16 (read total_row) has no locator left — it publishes nothing, as replay skips it
sitelooper: refused: unsourced-ref — see the diagnostics above
[spec-replay] fwod56-spec: not compilable — result written (exit 2)
