
[sweep] run 1/3: fwod89-n1 (store: /home/user/sitelooper/bench/results/fwod89-skills)
[harness] odoo: defaulting APP_URL
[harness] odoo: defaulting APP_EMAIL
[harness] odoo: defaulting APP_PASSWORD
[reset] odoo: no leftover bench customers
[harness] odoo responded 303 at http://127.0.0.1:8069/
stopped: fwod89-n1
  flow "fwod89" saved: 7 step(s), vars runid → /home/user/sitelooper/bench/results/flows/fwod89.json
  warning: note: 14 goal/report value(s) carrying a value this run made were slotted or dropped:
  s_1883a1.reportTemplate.values.quotation_id dropped (recorded literal of a value this run made)
  s_1883a1.reportTemplate.values.quotation_url dropped (recorded literal of a value this run made)
  s_1883a1.reportTemplate.summary dropped (narrates a value this run made)
  s_255cb1.reportTemplate.summary dropped (narrates a value this run made)
  s_8780e0.reportTemplate.values.order_id dropped (recorded literal of a value this run made)
  s_8780e0.reportTemplate.values.confirm_button dropped (recorded literal of a value this run made)
  s_8780e0.reportTemplate.values.order_url dropped (recorded literal of a value this run made)
  s_8780e0.reportTemplate.values.statusbar_button_4 dropped (recorded literal of a value this run made)
  s_8780e0.reportTemplate.summary dropped (narrates a value this run made)
  s_cb8566.reportTemplate.values.quotation_url dropped (recorded literal of a value this run made)
  s_cb8566.reportTemplate.summary dropped (narrates a value this run made)
  s_e12582.reportTemplate.values.order_id dropped (recorded literal of a value this run made)
  s_e12582.reportTemplate.values.order_url dropped (recorded literal of a value this run made)
  s_e12582.reportTemplate.summary dropped (narrates a value this run made)
  warning: note: 01-open no longer publishes landing_page — no replay reads it from the page and the recording showed no line to read
  warning: note: 02-create no longer publishes record_model, company_type, contacts_search_result_count — no replay reads them from the page and the recording showed no line to read
  warning: warning: 03-create's instruction asks to report untaxed_amount, and no replay can publish it: nothing in its procedure reads it from the page, so export dropped it — re-record the step so the value is read, not only reported
  warning: note: 03-create no longer publishes status, order_line_row_text, ref_2 — no replay reads them from the page and the recording showed no line to read
  warning: note: 04-open no longer publishes status_after_save, second_line_subtotal, ref, ref_2 — no replay reads them from the page and the recording showed no line to read
  warning: note: 05-open no longer publishes quotation_id, ref, ref_2 — no replay reads them from the page and the recording showed no line to read
  warning: note: 06-open no longer publishes order_id, status_shown, confirm_button, statusbar_button_5 — no replay reads them from the page and the recording showed no line to read
  warning: note: 07-open no longer publishes order_id, status_after_cancel, statusbar_stage_1 — no replay reads them from the page and the recording showed no line to read
  warning: warning: 244 other value(s) the run saw survived unslotted, judged by shape only (usually page copy; non-fatal):
  flow.steps[1].instruction: "Benchville" (output) in "Create a new customer contact in Odoo named exactly '{{runid}} Bench Customer' with the City field set to 'Benchville'. Use the Contacts app (or Sales app's Cus"
  flow.steps[1].route: "res.partner" (output) in "http://127.0.0.1:8069/web#action=:id&cids=:id&id=:id&menu_id=:id&model=res.partner&view_type=form"
  flow.steps[3].instruction: "Quotation" (output) in "Open the existing draft quotation {{03-create.quotation_reference}} (customer {{runid}} Bench Customer) in the Odoo Sales app. It currently has one order line: "
  flow.steps[4].instruction: "Quotation" (output) in "Open the existing draft quotation {{03-create.quotation_reference}} in the Odoo Sales app. It has two order lines: line 1 = {{03-create.product_name}} quantity "
  flow.steps[4].params.v6: "Quotation" (output) in "Quotation"
arm=sitelooper model=z-ai/glm-5.3 runid=fwod89-n1 stop=completed
turns=8 wall=364.2s
commands=7 cmdTime=334.8s cmdBytes=12730 timeouts=0
orchestrator in=7094 cw=0 cr=34048 out=4947
inner prompt=2363541 cached=2193536 completion=25123
spend=$0.0883 maxUsd=3
learn: A_n=0 replayed=0/7 full=0 repaired=0 compiled=7 variants=0
-> /home/user/sitelooper/bench/results/fwod89-n1-sitelooper-result.json

fwod89-n1: objectives passed 6/6
  obj 1: PASS — city="Benchville"
  obj 2: PASS — orders for customer: 1, lines: 2
  obj 3: PASS — 2 lines, 2 distinct products
  obj 4: PASS — quantities: 5, 2
  obj 5: PASS — state tracking shows confirmation
  obj 6: PASS — final state=cancel, ref=S00021

[sweep] run 2/3: fwod89-n2 (replay flow fwod89, no orchestrator)
[reset] odoo: deleted 1 leftover bench order(s)
[reset] odoo: deleted 1 leftover bench customer(s)
[sweep] fwod89-n2: 1 drift ticket(s) → fwod89-n2-drift.json

fwod89-n2: objectives passed 6/6
  obj 1: PASS — city="Benchville"
  obj 2: PASS — orders for customer: 1, lines: 2
  obj 3: PASS — 2 lines, 2 distinct products
  obj 4: PASS — quantities: 5, 2
  obj 5: PASS — state tracking shows confirmation
  obj 6: PASS — final state=cancel, ref=S00022

[sweep] run 3/3: fwod89-n3 (replay flow fwod89, no orchestrator)
[reset] odoo: deleted 1 leftover bench order(s)
[reset] odoo: deleted 1 leftover bench customer(s)
[sweep] fwod89-n3: 1 drift ticket(s) → fwod89-n3-drift.json

fwod89-n3: objectives passed 6/6
  obj 1: PASS — city="Benchville"
  obj 2: PASS — orders for customer: 1, lines: 2
  obj 3: PASS — 2 lines, 2 distinct products
  obj 4: PASS — quantities: 5, 2
  obj 5: PASS — state tracking shows confirmation
  obj 6: PASS — final state=cancel, ref=S00023

Learning sweep fwod89 (K=3)
┌─────────┬───┬─────────────┬──────────┬─────────────┬───────┬──────┬───────────┬─────┬──────────────┬────────┐
│ (index) │ n │ runid       │ verified │ stop        │ turns │ cmds │ total_usd │ A_n │ replayed     │ wall_s │
├─────────┼───┼─────────────┼──────────┼─────────────┼───────┼──────┼───────────┼─────┼──────────────┼────────┤
│ 0       │ 1 │ 'fwod89-n1' │ '6/6'    │ 'completed' │ 8     │ 7    │ 0.0883    │ 0   │ '0/7'        │ 364    │
│ 1       │ 2 │ 'fwod89-n2' │ '6/6'    │ 'success'   │ 0     │ 7    │ 0         │ 1   │ '7/7 (flow)' │ 128    │
│ 2       │ 3 │ 'fwod89-n3' │ '6/6'    │ 'success'   │ 0     │ 7    │ 0         │ 1   │ '7/7 (flow)' │ 128    │
└─────────┴───┴─────────────┴──────────┴─────────────┴───────┴──────┴───────────┴─────┴──────────────┴────────┘
http://127.0.0.1:8069
  s_1883a1  validated   21 steps  3/3 (100%)
           Open the existing draft quotation {{v1}} in the Odoo Sales app. It has two order lines: line 1 = {{v2}} quanti…
  s_18e401  validated    1 steps  3/3 (100%)
           Open {{v1}} in the browser. If the Odoo login page appears, sign in with username {{v2}} and password {{v3}} -…
  s_255cb1  validated    4 steps  3/3 (100%)
           Create a new customer contact in Odoo named exactly '{{v1}} Bench Customer' with the City field set to 'Benchv…
  s_3b6704  validated    1 steps  3/3 (100%)
           In the Odoo Sales app, create a new quotation. Set the Customer field to '{{v1}}' - this is an autocomplete dr…
  s_536e00  validated    6 steps  3/3 (100%)
           Open {{v1}} in the browser. If the Odoo login page appears, sign in with username {{v2}} and password {{v3}} -…
  s_6645d0  validated    1 steps  3/3 (100%)
           Create a new customer contact in Odoo named exactly '{{v1}} Bench Customer' with the City field set to 'Benchv…
  s_6f16dc  validated    7 steps  3/3 (100%)
           In the Odoo Sales app, create a new quotation. Set the Customer field to '{{v1}}' - this is an autocomplete dr…
  s_7150a1  validated    3 steps  3/3 (100%)
           Open {{v1}} in the browser. If the Odoo login page appears, sign in with username {{v2}} and password {{v3}} -…
  s_8780e0  validated   21 steps  3/3 (100%)
           Open the existing draft quotation {{v1}} in the Odoo Sales app (customer {{v2}}, two order lines: Acoustic Blo…
  s_8adbb7  validated    2 steps  3/3 (100%)
           In the Odoo Sales app, create a new quotation. Set the Customer field to '{{v1}}' - this is an autocomplete dr…
  s_8d3b47  validated    1 steps  3/3 (100%)
           Create a new customer contact in Odoo named exactly '{{v1}} Bench Customer' with the City field set to 'Benchv…
  s_c59ac6  validated    3 steps  3/3 (100%)
           Create a new customer contact in Odoo named exactly '{{v1}} Bench Customer' with the City field set to 'Benchv…
  s_cb8566  validated   24 steps  3/3 (100%)
           Open the existing draft quotation {{v1}} (customer {{v2}}) in the Odoo Sales app. It currently has one order l…
  s_cc0228  validated    4 steps  3/3 (100%)
           Create a new customer contact in Odoo named exactly '{{v1}} Bench Customer' with the City field set to 'Benchv…
  s_e12582  validated   31 steps  3/3 (100%)
           Open the confirmed sales order {{v1}} in the Odoo Sales app (customer {{v2}}, status {{v4}}). {{v5}} the order…
  s_f05183  validated    3 steps  3/3 (100%)
           Create a new customer contact in Odoo named exactly '{{v1}} Bench Customer' with the City field set to 'Benchv…
  s_f9d900  validated   13 steps  3/3 (100%)
           In the Odoo Sales app, create a new quotation. Set the Customer field to '{{v1}}' - this is an autocomplete dr…
store: /home/user/sitelooper/bench/results/fwod89-skills

summary: /home/user/sitelooper/bench/results/fwod89-sweep.json
SWEEP_EXIT:0
