[converge] from fwod88: 9 step(s), store copied to /home/user/sitelooper/bench/results/fwod88-cv2-skills, flow /home/user/sitelooper/bench/results/flows/fwod88-cv2.json
[converge] round 1 compile: /opt/node22/bin/node /home/user/sitelooper/bin/sitelooper.js compile /home/user/sitelooper/bench/results/flows/fwod88-cv2.json --out /home/user/sitelooper/bench/results/fwod88-cv2-c1-compile --overwrite-spec --json
[converge] round 1 compile: exit 2
[converge] round 1: compile refused (unsourced-ref@04-open, unsourced-ref@05-open, unsourced-ref@06-open, unsourced-ref@07-open, unsourced-ref@08-open, unsourced-ref@09-report); rerecord steps: 03-create, 08-open
[converge] round 1 rerecord 03-create (compile refusal; also named: 08-open): /opt/node22/bin/node /home/user/sitelooper/bin/sitelooper.js rerecord /home/user/sitelooper/bench/results/flows/fwod88-cv2.json 03-create --var runid=fwod88-cv2-r1n{n} --runs 2 --reset-cmd "\"/opt/node22/bin/node\" \"/home/user/sitelooper/bench/reset-app.mjs\" --target odoo" --json
[converge] round 1 rerecord 03-create (compile refusal; also named: 08-open): exit 1
[converge] round 2 compile: /opt/node22/bin/node /home/user/sitelooper/bin/sitelooper.js compile /home/user/sitelooper/bench/results/flows/fwod88-cv2.json --out /home/user/sitelooper/bench/results/fwod88-cv2-c2-compile --overwrite-spec --json
[converge] round 2 compile: exit 2
[converge] round 2: compile refused (unsourced-ref@04-open, unsourced-ref@05-open, unsourced-ref@06-open, unsourced-ref@07-open, unsourced-ref@08-open, unsourced-ref@09-report); rerecord steps: 03-create, 08-open
[converge] round 2 rerecord 03-create (compile refusal; also named: 08-open): /opt/node22/bin/node /home/user/sitelooper/bin/sitelooper.js rerecord /home/user/sitelooper/bench/results/flows/fwod88-cv2.json 03-create --var runid=fwod88-cv2-r2n{n} --runs 2 --reset-cmd "\"/opt/node22/bin/node\" \"/home/user/sitelooper/bench/reset-app.mjs\" --target odoo" --json
[converge] round 2 rerecord 03-create (compile refusal; also named: 08-open): exit 0
[converge] round 3 compile: /opt/node22/bin/node /home/user/sitelooper/bin/sitelooper.js compile /home/user/sitelooper/bench/results/flows/fwod88-cv2.json --out /home/user/sitelooper/bench/results/fwod88-cv2-c3-compile --overwrite-spec --json
[converge] round 3 compile: exit 2
[converge] round 3: compile refused (unsourced-ref@04-open, unsourced-ref@05-open, unsourced-ref@06-open, unsourced-ref@07-open, unsourced-ref@08-open, unsourced-ref@09-report); rerecord steps: 03-create, 08-open
[converge] round 3 rerecord 03-create (compile refusal; also named: 08-open): /opt/node22/bin/node /home/user/sitelooper/bin/sitelooper.js rerecord /home/user/sitelooper/bench/results/flows/fwod88-cv2.json 03-create --var runid=fwod88-cv2-r3n{n} --runs 2 --reset-cmd "\"/opt/node22/bin/node\" \"/home/user/sitelooper/bench/reset-app.mjs\" --target odoo" --json
[converge] round 3 rerecord 03-create (compile refusal; also named: 08-open): exit 1
[converge] round 4 compile: /opt/node22/bin/node /home/user/sitelooper/bin/sitelooper.js compile /home/user/sitelooper/bench/results/flows/fwod88-cv2.json --out /home/user/sitelooper/bench/results/fwod88-cv2-c4-compile --overwrite-spec --json
[converge] round 4 compile: exit 2
[converge] round 4: compile refused (unsourced-ref@04-open, unsourced-ref@05-open, unsourced-ref@06-open, unsourced-ref@07-open, unsourced-ref@08-open, unsourced-ref@09-report); rerecord steps: 03-create, 08-open
[converge] round 4 rerecord 03-create (compile refusal; also named: 08-open): /opt/node22/bin/node /home/user/sitelooper/bin/sitelooper.js rerecord /home/user/sitelooper/bench/results/flows/fwod88-cv2.json 03-create --var runid=fwod88-cv2-r4n{n} --runs 2 --reset-cmd "\"/opt/node22/bin/node\" \"/home/user/sitelooper/bench/reset-app.mjs\" --target odoo" --json
[converge] round 4 rerecord 03-create (compile refusal; also named: 08-open): exit 1
[converge] fwod88-cv2: exhausted — 4 round(s) without a passing artifact; rounds 4, flow runs 8, model turns 218
fwod88-cv2: exhausted — 4 round(s) without a passing artifact; rounds 4, flow runs 8, model turns 218
