
[sweep] run 1/3: fwod70-n1 (store: /home/user/sitelooper/bench/results/fwod70-skills)
[harness] odoo: defaulting APP_URL
[harness] odoo: defaulting APP_EMAIL
[harness] odoo: defaulting APP_PASSWORD
[reset] odoo: no leftover bench customers
[harness] odoo responded 303 at http://127.0.0.1:8069/
stopped: fwod70-n1
  flow "fwod70" saved: 8 step(s), vars runid → /home/user/sitelooper/bench/results/flows/fwod70.json
  warning: note: 4 goal/report value(s) carrying a value this run made were slotted or dropped:
  s_1d65d5.reportTemplate.values.record_id dropped (recorded literal of a value this run made)
  s_1d65d5.reportTemplate.summary dropped (narrates a value this run made)
  s_241e21.goal.requireText[2] slotted "21" → {{v5}}
  s_241e21.reportTemplate.values.quotation_url slotted "21" → {{v5}}
  warning: note: 02-create no longer publishes record_id, model — no replay reads them from the page and the recording showed no line to read
  warning: note: 04-find no longer publishes model, line_count, untaxed_amount, status, persisted_after_reload, first_line_total, untaxed_amount_footer — no replay reads them from the page and the recording showed no line to read
  warning: note: 05-open no longer publishes line_count, status, persisted_after_reload — no replay reads them from the page and the recording showed no line to read
  warning: note: 06-open no longer publishes line_count, status, persisted_after_reload, first_line_taxes — no replay reads them from the page and the recording showed no line to read
  warning: note: 07-open no longer publishes untaxed_amount, persisted_after_reload, confirm_button, sales_order_status, quotation_status — no replay reads them from the page and the recording showed no line to read
  warning: note: 08-open no longer publishes persisted_after_reload, cancel_button, quotation_status — no replay reads them from the page and the recording showed no line to read
  warning: note: 1 step(s) adopted from non-success instruction(s) whose work the session continued from (03-create) — they replay model-first with doubled budget, and a non-success there does not halt the flow
  warning: warning: 284 other value(s) the run saw survived unslotted, judged by shape only (usually page copy; non-fatal):
  flow.steps[1].instruction: "Benchville" (output) in "Navigate to the Contacts app in Odoo. Create a new contact (individual/company) with the Name exactly '{{runid}} Bench Customer' and the City field set to 'Benc"
  flow.steps[1].params.v2: "Benchville" (output) in "Benchville"
  flow.steps[1].route: "res.partner" (output) in "http://127.0.0.1:8069/web#action=:id&cids=:id&id=:id&menu_id=:id&model=res.partner&view_type=form"
  flow.steps[2].instruction: "Quotation" (output) in "In Odoo, go to the Sales app and create a new Quotation. Set the Customer to '{{runid}} Bench Customer' — this is an autocomplete dropdown field, so you must se"
  flow.steps[2].route: "sale.order" (output) in "http://127.0.0.1:8069/web#action=:id&cids=:id&id=:id&menu_id=:id&model=sale.order&view_type=form"
  warning: {{03-create.quotation_reference}} (used by 04-find) can only be re-observed by model recovery, and 04-find's procedure types or locates by it — so `sitelooper spec` will REFUSE to compile this flow (unsourced-ref) until 03-create reads quotation_reference from an element. Re-record 03-create now, while this session is still open.
  warning: {{03-create.product_name}} (used by 04-find) can only be re-observed by model recovery — consider re-recording so the value is read from the page.
arm=sitelooper model=z-ai/glm-5.3 runid=fwod70-n1 stop=completed
turns=9 wall=679.1s
commands=8 cmdTime=603.6s cmdBytes=11772 timeouts=0
orchestrator in=15384 cw=0 cr=28608 out=4494
inner prompt=2868053 cached=2659328 completion=37594
spend=$0.1106 maxUsd=3
learn: A_n=0 replayed=0/8 full=0 repaired=0 compiled=7 variants=0
-> /home/user/sitelooper/bench/results/fwod70-n1-sitelooper-result.json

fwod70-n1: objectives passed 6/6
  obj 1: PASS — city="Benchville"
  obj 2: PASS — orders for customer: 1, lines: 2
  obj 3: PASS — 2 lines, 2 distinct products
  obj 4: PASS — quantities: 5, 2
  obj 5: PASS — state tracking shows confirmation
  obj 6: PASS — final state=cancel, ref=S00021

[sweep] run 2/3: fwod70-n2 (replay flow fwod70, no orchestrator)
[reset] odoo: deleted 1 leftover bench order(s)
[reset] odoo: deleted 1 leftover bench customer(s)
[sweep] fwod70-n2: 1 drift ticket(s) → fwod70-n2-drift.json

fwod70-n2: objectives passed 6/6
  obj 1: PASS — city="Benchville"
  obj 2: PASS — orders for customer: 1, lines: 2
  obj 3: PASS — 2 lines, 2 distinct products
  obj 4: PASS — quantities: 5, 2
  obj 5: PASS — state tracking shows confirmation
  obj 6: PASS — final state=cancel, ref=S00022
[sweep] fwod70-n2: 03-create has no pinned skill — 43 model turn(s), on every replay

[sweep] run 3/3: fwod70-n3 (replay flow fwod70, no orchestrator)
[reset] odoo: deleted 1 leftover bench order(s)
[reset] odoo: deleted 1 leftover bench customer(s)
[sweep] fwod70-n3: 2 drift ticket(s) → fwod70-n3-drift.json

fwod70-n3: objectives passed 6/6
  obj 1: PASS — city="Benchville"
  obj 2: PASS — orders for customer: 1, lines: 2
  obj 3: PASS — 2 lines, 2 distinct products
  obj 4: PASS — quantities: 5, 2
  obj 5: PASS — state tracking shows confirmation
  obj 6: PASS — final state=cancel, ref=S00023

Learning sweep fwod70 (K=3)
┌─────────┬───┬─────────────┬──────────┬─────────────┬───────┬──────┬───────────┬──────┬──────────────┬────────┐
│ (index) │ n │ runid       │ verified │ stop        │ turns │ cmds │ total_usd │ A_n  │ replayed     │ wall_s │
├─────────┼───┼─────────────┼──────────┼─────────────┼───────┼──────┼───────────┼──────┼──────────────┼────────┤
│ 0       │ 1 │ 'fwod70-n1' │ '6/6'    │ 'completed' │ 9     │ 8    │ 0.1106    │ 0    │ '0/8'        │ 679    │
│ 1       │ 2 │ 'fwod70-n2' │ '6/6'    │ 'success'   │ 43    │ 8    │ 0.0227    │ 0.88 │ '8/8 (flow)' │ 286    │
│ 2       │ 3 │ 'fwod70-n3' │ '6/6'    │ 'success'   │ 0     │ 8    │ 0         │ 1    │ '8/8 (flow)' │ 120    │
└─────────┴───┴─────────────┴──────────┴─────────────┴───────┴──────┴───────────┴──────┴──────────────┴────────┘
http://127.0.0.1:8069
  s_1d65d5  validated    3 steps  3/3 (100%)
           Navigate to the Contacts app in Odoo. Create a new contact (individual/company) with the Name exactly '{{v1}} …
  s_241e21  validated   15 steps  3/3 (100%)
           In Odoo's Sales app, find the quotation for customer '{{v1}}' (reference {{v3}} if it exists). Check its curre…
  s_2b70e3  validated    3 steps  3/3 (100%)
           Navigate to the Contacts app in Odoo. Create a new contact (individual/company) with the Name exactly '{{v1}} …
  s_32ad28  validated    3 steps  3/3 (100%)
           Open {{v1}} in the browser and log in with username 'admin' and password 'admin'. After logging in, report whi…
  s_88f89e  validated   18 steps  3/3 (100%)
           In Odoo's Sales app, open the confirmed sales order {{v1}} (customer '{{v2}}', status '{{v4}}'). Cancel it: us…
  s_907042  validated    5 steps  3/3 (100%)
           Open {{v1}} in the browser and log in with username 'admin' and password 'admin'. After logging in, report whi…
  s_944952  validated    1 steps  3/3 (100%)
           Navigate to the Contacts app in Odoo. Create a new contact (individual/company) with the Name exactly '{{v1}} …
  s_a34a69  validated    1 steps  3/3 (100%)
           In Odoo's Sales app, open the saved quotation {{v1}} (customer '{{v2}}'). Edit it and add a SECOND order line …
  s_b07129  validated   17 steps  3/3 (100%)
           In Odoo's Sales app, open the saved quotation {{v1}} (customer '{{v2}}'). Confirm it so it becomes a Sales Ord…
  s_b5548a  validated    3 steps  3/3 (100%)
           In Odoo's Sales app, open the saved quotation {{v1}} (customer '{{v2}}'). Edit it and add a SECOND order line …
  s_c27302  validated   27 steps  3/3 (100%)
           In Odoo's Sales app, open the saved quotation {{v1}} (customer '{{v2}}'). Edit it and add a SECOND order line …
  s_e233a8  validated    3 steps  3/3 (100%)
           Navigate to the Contacts app in Odoo. Create a new contact (individual/company) with the Name exactly '{{v1}} …
  s_e29ca7  validated    1 steps  3/3 (100%)
           Navigate to the Contacts app in Odoo. Create a new contact (individual/company) with the Name exactly '{{v1}} …
  s_e3e389  validated    1 steps  3/3 (100%)
           Open {{v1}} in the browser and log in with username 'admin' and password 'admin'. After logging in, report whi…
  s_e62a29  validated    2 steps  3/3 (100%)
           Navigate to the Contacts app in Odoo. Create a new contact (individual/company) with the Name exactly '{{v1}} …
  s_ff92d1  validated   25 steps  3/3 (100%)
           In Odoo's Sales app, open the saved quotation {{v1}} (customer '{{v2}}'). Edit it and change the Quantity of t…
  s_2f0ccf  validated   25 steps  2/2 (100%)
           In Odoo, go to the Sales app and create a new Quotation. Set the Customer to '{{v1}}' — this is an autocomplet…
  s_a3270b  validated   16 steps  2/2 (100%)
           In Odoo, go to the Sales app and create a new Quotation. Set the Customer to '{{v1}}' — this is an autocomplet…
  s_c061a3  validated    2 steps  2/2 (100%)
           In Odoo, go to the Sales app and create a new Quotation. Set the Customer to '{{v1}}' — this is an autocomplet…
  s_d064e7  validated    1 steps  2/2 (100%)
           In Odoo, go to the Sales app and create a new Quotation. Set the Customer to '{{v1}}' — this is an autocomplet…
store: /home/user/sitelooper/bench/results/fwod70-skills

summary: /home/user/sitelooper/bench/results/fwod70-sweep.json
