
[sweep] run 1/3: fwod71-n1 (store: /home/user/sitelooper/bench/results/fwod71-skills)
[harness] odoo: defaulting APP_URL
[harness] odoo: defaulting APP_EMAIL
[harness] odoo: defaulting APP_PASSWORD
[reset] odoo: no leftover bench customers
[harness] odoo responded 303 at http://127.0.0.1:8069/
stopped: fwod71-n1
  flow "fwod71" saved: 9 step(s), vars runid → /home/user/sitelooper/bench/results/flows/fwod71.json
  warning: note: dropped 6 locator candidate(s) carrying a value this run minted (known only by export time)
  warning: note: 19 goal/report value(s) carrying a value this run made were slotted or dropped:
  s_3c592f.reportTemplate.values.partner_id dropped (recorded literal of a value this run made)
  s_3c592f.reportTemplate.summary dropped (narrates a value this run made)
  s_4bd7f7.reportTemplate.values.record_id dropped (recorded literal of a value this run made)
  s_4bd7f7.reportTemplate.summary dropped (narrates a value this run made)
  s_570595.reportTemplate.values.record_id dropped (recorded literal of a value this run made)
  s_570595.reportTemplate.values.final_url dropped (recorded literal of a value this run made)
  s_570595.reportTemplate.summary dropped (narrates a value this run made)
  s_8a9d4d.reportTemplate.values.record_id dropped (recorded literal of a value this run made)
  s_8a9d4d.reportTemplate.values.final_url dropped (recorded literal of a value this run made)
  s_8a9d4d.reportTemplate.summary dropped (narrates a value this run made)
  s_ad27fc.reportTemplate.values.final_url dropped (recorded literal of a value this run made)
  s_ad27fc.reportTemplate.summary dropped (narrates a value this run made)
  s_d93268.reportTemplate.values.sales_order_record_id dropped (recorded literal of a value this run made)
  s_d93268.reportTemplate.values.sales_order_url dropped (recorded literal of a value this run made)
  s_d93268.reportTemplate.values.contact_url slotted "44" → {{v6}}
  s_d93268.reportTemplate.summary slotted "44" → {{v6}}
  s_ef9942.reportTemplate.values.record_id dropped (recorded literal of a value this run made)
  s_ef9942.reportTemplate.values.final_url dropped (recorded literal of a value this run made)
  s_ef9942.reportTemplate.summary dropped (narrates a value this run made)
  warning: note: 01-signin no longer publishes username, post_login_url, apps_menu_entries — no replay reads them from the page and the recording showed no line to read
  warning: note: 02-create no longer publishes partner_id, model — no replay reads them from the page and the recording showed no line to read
  warning: note: 04-open no longer publishes quotation_reference, record_id, line_amount, untaxed_amount, status, model, pre_save_state, untaxed_amount_row, total_row, product_reference — no replay reads them from the page and the recording showed no line to read
  warning: note: 05-open no longer publishes status, order_lines_count, untaxed_amount_row, total_row, second_line_product_reference — no replay reads them from the page and the recording showed no line to read
  warning: note: 06-open no longer publishes record_id, status, untaxed_amount_row, total_row — no replay reads them from the page and the recording showed no line to read
  warning: note: 07-open no longer publishes record_id, untaxed_amount_row, total_row, line1_product_reference, line2_product_reference — no replay reads them from the page and the recording showed no line to read
  warning: note: 08-open no longer publishes record_id, untaxed_amount_row, total_row — no replay reads them from the page and the recording showed no line to read
  warning: note: 09-open no longer publishes sales_order_record_id, sales_order_status, sales_order_untaxed_amount, sales_order_total_read_earlier, sales_order_url — no replay reads them from the page and the recording showed no line to read
  warning: note: 01-signin: added a read for landed_app to s_7edf27 (page.getByRole('menuitem', { name: 'Discuss', exact: true }); seen on the instruction's own page)
  warning: note: 1 step(s) adopted from non-success instruction(s) whose work the session continued from (03-create) — they replay model-first with doubled budget, and a non-success there does not halt the flow
  warning: warning: contradicted-step: 06-open read untaxed_amount "£ 2,375.00" right after 05-open reported "£ 1,785.00"; 05-open's change may not have landed and a later step may be retrying it. Re-record 05-open.
  warning: warning: 209 other value(s) the run saw survived unslotted, judged by shape only (usually page copy; non-fatal):
  flow.steps[0].instruction: "admin" (output) in "Sign in to this Odoo app with username 'admin' and password 'admin' (submit the login form). Verify you land on the main Odoo backend (e.g. the apps menu / home"
  flow.steps[1].instruction: "Benchville" (output) in "In this Odoo backend, create a new contact/customer named exactly '{{runid}} Bench Customer' with the City field set to 'Benchville'. Go through the Contacts ap"
  flow.steps[1].instruction: "Contacts" (output) in "In this Odoo backend, create a new contact/customer named exactly '{{runid}} Bench Customer' with the City field set to 'Benchville'. Go through the Contacts ap"
  flow.steps[1].params.v3: "Benchville" (output) in "Benchville"
  flow.steps[1].route: "res.partner" (output) in "http://127.0.0.1:8069/web#action=:id&cids=:id&id=:id&menu_id=:id&model=res.partner&view_type=form"
  warning: {{03-create.product_name}} (used by 04-open) can only be re-observed by model recovery, and 04-open's procedure types or locates by it — so `sitelooper spec` will REFUSE to compile this flow (unsourced-ref) until 03-create reads product_name from an element. Re-record 03-create now, while this session is still open.
  warning: {{03-create.unit_price}} (used by 05-open) can only be re-observed by model recovery — consider re-recording so the value is read from the page.
  warning: {{03-create.quantity}} (used by 06-open) can only be re-observed by model recovery, and 06-open's procedure types or locates by it — so `sitelooper spec` will REFUSE to compile this flow (unsourced-ref) until 03-create reads quantity from an element. Re-record 03-create now, while this session is still open.
arm=sitelooper model=z-ai/glm-5.3 runid=fwod71-n1 stop=completed
turns=11 wall=602.8s
commands=11 cmdTime=546.8s cmdBytes=14666 timeouts=0
orchestrator in=10878 cw=0 cr=49792 out=7417
inner prompt=2546396 cached=2346752 completion=27367
spend=$0.1142 maxUsd=3
learn: A_n=0 replayed=0/9 full=0 repaired=0 compiled=8 variants=0
-> /home/user/sitelooper/bench/results/fwod71-n1-sitelooper-result.json

fwod71-n1: objectives passed 6/6
  obj 1: PASS — city="Benchville"
  obj 2: PASS — orders for customer: 1, lines: 2
  obj 3: PASS — 2 lines, 2 distinct products
  obj 4: PASS — quantities: 5, 2
  obj 5: PASS — state tracking shows confirmation
  obj 6: PASS — final state=cancel, ref=S00021

[sweep] run 2/3: fwod71-n2 (replay flow fwod71, no orchestrator)
[reset] odoo: deleted 1 leftover bench order(s)
[reset] odoo: deleted 1 leftover bench customer(s)
[sweep] fwod71-n2: 4 drift ticket(s) → fwod71-n2-drift.json

fwod71-n2: objectives passed 6/6
  obj 1: PASS — city="Benchville"
  obj 2: PASS — orders for customer: 1, lines: 2
  obj 3: PASS — 2 lines, 2 distinct products
  obj 4: PASS — quantities: 5, 2
  obj 5: PASS — state tracking shows confirmation
  obj 6: PASS — final state=cancel, ref=S00022
[sweep] fwod71-n2: 03-create has no pinned skill — 25 model turn(s), on every replay

[sweep] run 3/3: fwod71-n3 (replay flow fwod71, no orchestrator)
[reset] odoo: deleted 1 leftover bench order(s)
[reset] odoo: deleted 1 leftover bench customer(s)
[sweep] fwod71-n3: 1 drift ticket(s) → fwod71-n3-drift.json

fwod71-n3: objectives passed 6/6
  obj 1: PASS — city="Benchville"
  obj 2: PASS — orders for customer: 1, lines: 2
  obj 3: PASS — 2 lines, 2 distinct products
  obj 4: PASS — quantities: 5, 2
  obj 5: PASS — state tracking shows confirmation
  obj 6: PASS — final state=cancel, ref=S00023

Learning sweep fwod71 (K=3)
┌─────────┬───┬─────────────┬──────────┬─────────────┬───────┬──────┬───────────┬──────┬──────────────┬────────┐
│ (index) │ n │ runid       │ verified │ stop        │ turns │ cmds │ total_usd │ A_n  │ replayed     │ wall_s │
├─────────┼───┼─────────────┼──────────┼─────────────┼───────┼──────┼───────────┼──────┼──────────────┼────────┤
│ 0       │ 1 │ 'fwod71-n1' │ '6/6'    │ 'completed' │ 11    │ 11   │ 0.1142    │ 0    │ '0/9'        │ 603    │
│ 1       │ 2 │ 'fwod71-n2' │ '6/6'    │ 'success'   │ 51    │ 9    │ 0.0245    │ 0.56 │ '9/9 (flow)' │ 210    │
│ 2       │ 3 │ 'fwod71-n3' │ '6/6'    │ 'success'   │ 22    │ 9    │ 0.0124    │ 0.78 │ '9/9 (flow)' │ 136    │
└─────────┴───┴─────────────┴──────────┴─────────────┴───────┴──────┴───────────┴──────┴──────────────┴────────┘
http://127.0.0.1:8069
  s_30faf5  validated    3 steps  3/3 (100%)
           Sign in to this Odoo app with username 'admin' and password 'admin' (submit the login form). Verify you land o…
  s_3c592f  validated    4 steps  3/3 (100%)
           In this Odoo backend, create a new contact/customer named exactly '{{v2}}' with the City field set to '{{v3}}'…
  s_4bd7f7  validated   12 steps  3/3 (100%)
           The Odoo quotation {{v1}} is open in the browser (customer '{{v2}}', two lines: Acoustic Bloc Screens qty 5 @ …
  s_5968b8  validated    3 steps  3/3 (100%)
           In this Odoo backend, create a new contact/customer named exactly '{{v2}}' with the City field set to '{{v3}}'…
  s_7a6fbd  validated    1 steps  3/3 (100%)
           In this Odoo backend, create a new contact/customer named exactly '{{v2}}' with the City field set to '{{v3}}'…
  s_7edf27  validated    3 steps  3/3 (100%)
           Sign in to this Odoo app with username 'admin' and password 'admin' (submit the login form). Verify you land o…
  s_8a86a7  validated    1 steps  3/3 (100%)
           In this Odoo backend, create a new contact/customer named exactly '{{v2}}' with the City field set to '{{v3}}'…
  s_ad27fc  validated   16 steps  3/3 (100%)
           The Odoo quotation {{v1}} (customer '{{v2}}') is currently open in the browser with one order line: '{{v4}}' q…
  s_d93268  validated    4 steps  3/3 (100%)
           Final verification read-only check in this Odoo backend, two things: (1) Open the contact record '{{v1}}' (sea…
  s_f63988  validated    4 steps  3/3 (100%)
           Final verification read-only check in this Odoo backend, two things: (1) Open the contact record '{{v1}}' (sea…
  s_078c43  validated   14 steps  2/2 (100%)  variant of s_570595
           The Odoo sales order {{v1}} is open in the browser, currently in confirmed 'Sales Order' state (customer '{{v2…
  s_570595  provisional 12 steps  1/2 (50%)
           The Odoo sales order {{v1}} is open in the browser, currently in confirmed 'Sales Order' state (customer '{{v2…
  s_76d5ba  validated   10 steps  2/2 (100%)
           In this Odoo backend, create a new quotation (Sales app > Quotations > New) for the customer '{{v1}}' (choose …
  s_8177de  validated    7 steps  2/2 (100%)
           In this Odoo backend, create a new quotation (Sales app > Quotations > New) for the customer '{{v1}}' (choose …
  s_834b65  validated    2 steps  2/2 (100%)
           In this Odoo backend, create a new quotation (Sales app > Quotations > New) for the customer '{{v1}}' (choose …
  s_a5e57c  validated    2 steps  2/2 (100%)
           In this Odoo backend, create a new quotation (Sales app > Quotations > New) for the customer '{{v1}}' (choose …
  s_da87e1  provisional  2 steps  1/2 (50%)
           The Odoo quotation form is currently open in the browser, filled with customer '{{v1}}' and one order line for…
  s_ef9942  provisional 13 steps  1/2 (50%)
           The Odoo quotation {{v1}} is open in the browser with two order lines: line 1 '{{v2}}' qty {{v4}} @ {{v5}} = £…
  s_6c22d1  provisional 16 steps  1/1 (100%)
           The Odoo quotation {{v1}} is open in the browser with two order lines: line 1 '{{v2}}' (recorded when this flo…
  s_72643a  provisional 12 steps  1/1 (100%)
           The Odoo quotation form is currently open in the browser, filled with customer '{{v1}}' and one order line for…
  s_7fd471  provisional 12 steps  1/1 (100%)  variant of s_da87e1
           The Odoo quotation form is currently open in the browser, filled with customer '{{v1}}' and one order line for…
  s_8a9d4d  provisional 12 steps  1/1 (100%)
           The Odoo quotation form is currently open in the browser, filled with customer '{{v1}}' and one order line for…
  s_caaddd  provisional 24 steps  1/1 (100%)  variant of s_ef9942
           The Odoo quotation {{v1}} is open in the browser with two order lines: line 1 '{{v2}}' qty 3 @ {{v4}} = £885.0…
store: /home/user/sitelooper/bench/results/fwod71-skills

summary: /home/user/sitelooper/bench/results/fwod71-sweep.json
