
[sweep] run 1/3: fwod101-n1 (store: /home/user/sitelooper/bench/results/fwod101-skills)
[harness] odoo: defaulting APP_URL
[harness] odoo: defaulting APP_EMAIL
[harness] odoo: defaulting APP_PASSWORD
[reset] odoo: no leftover bench customers
[harness] odoo responded 303 at http://127.0.0.1:8069/
stopped: fwod101-n1
  flow "fwod101" saved: 8 step(s), vars runid → /home/user/sitelooper/bench/results/flows/fwod101.json
  warning: note: 9 goal/report value(s) carrying a value this run made were slotted or dropped:
  s_07c4dc.reportTemplate.summary slotted "21" → {{v12}}
  s_10c63d.reportTemplate.summary dropped (narrates a value this run made)
  s_59105b.goal.requireText[0] dropped (names a value this run made, with no slot to bind it)
  s_59105b.reportTemplate.values.sale_order_id dropped (recorded literal of a value this run made)
  s_59105b.reportTemplate.values.header_buttons_after_confirm_1 dropped (recorded literal of a value this run made)
  s_59105b.reportTemplate.summary dropped (narrates a value this run made)
  s_a94ee2.reportTemplate.values.sale_order_id dropped (recorded literal of a value this run made)
  s_a94ee2.reportTemplate.summary dropped (narrates a value this run made)
  s_c71df7.reportTemplate.summary dropped (narrates a value this run made)
  warning: note: 01-signin no longer publishes top_bar_nav_text — no replay reads it from the page and the recording showed no line to read
  warning: note: 02-open no longer publishes model — no replay reads it from the page and the recording showed no line to read
  warning: warning: 03-open's instruction asks to report untaxed_amount, and no replay can publish it: nothing in its procedure reads it from the page, so export dropped it — re-record the step so the value is read, not only reported
  warning: note: 03-open no longer publishes order_status, product_code — no replay reads them from the page and the recording showed no line to read
  warning: note: 04-edit no longer publishes sale_order_id, line2_tax, status, orders_list_total, unit_price_after_change, second_row_text, product_code — no replay reads them from the page and the recording showed no line to read
  warning: note: 05-edit no longer publishes product_code — no replay reads it from the page and the recording showed no line to read
  warning: note: 06-change no longer publishes sale_order_id, statusbar_state, ref — no replay reads them from the page and the recording showed no line to read
  warning: note: 07-create no longer publishes status_after_cancel, statusbar_after_cancel, record_still_exists — no replay reads them from the page and the recording showed no line to read
  warning: note: 08-open no longer publishes order_total_in_list, orders_list_row — no replay reads them from the page and the recording showed no line to read
  warning: warning: 276 other value(s) the run saw survived unslotted, judged by shape only (usually page copy; non-fatal):
  flow.steps[1].instruction: "Benchville" (output) in "Open the {{01-signin.app_menu_contacts}} app (via the apps menu in the top-left). Create a new contact/company record: an individual customer named exactly '{{r"
  flow.steps[1].route: "res.partner" (output) in "http://127.0.0.1:8069/web#action=:id&cids=:id&id=:id&menu_id=:id&model=res.partner&view_type=form"
  flow.steps[5].instruction: "Sales Order" (output) in "You are on the saved quotation {{03-open.order_reference}} in the Odoo {{01-signin.app_menu_sales}} app (customer {{runid}} Bench Customer), status Quotation, w"
  flow.steps[5].instruction: "Quotation" (output) in "You are on the saved quotation {{03-open.order_reference}} in the Odoo {{01-signin.app_menu_sales}} app (customer {{runid}} Bench Customer), status Quotation, w"
  flow.steps[5].instruction: "Sales" (output) in "You are on the saved quotation {{03-open.order_reference}} in the Odoo {{01-signin.app_menu_sales}} app (customer {{runid}} Bench Customer), status Quotation, w"
arm=sitelooper model=z-ai/glm-5.3 runid=fwod101-n1 stop=completed
turns=10 wall=487.9s
commands=9 cmdTime=417.4s cmdBytes=11460 timeouts=0
orchestrator in=9658 cw=0 cr=39808 out=13370
inner prompt=2663875 cached=2474368 completion=28142
spend=$0.1359 maxUsd=3
learn: A_n=0 replayed=0/8 full=0 repaired=0 compiled=8 variants=0
-> /home/user/sitelooper/bench/results/fwod101-n1-sitelooper-result.json

fwod101-n1: objectives passed 6/6
  obj 1: PASS — city="Benchville"
  obj 2: PASS — orders for customer: 1, lines: 2
  obj 3: PASS — 2 lines, 2 distinct products
  obj 4: PASS — quantities: 5, 2
  obj 5: PASS — state tracking shows confirmation
  obj 6: PASS — final state=cancel, ref=S00021

[sweep] run 2/3: fwod101-n2 (replay flow fwod101, no orchestrator)
[reset] odoo: deleted 1 leftover bench order(s)
[reset] odoo: deleted 1 leftover bench customer(s)
[sweep] fwod101-n2: 1 drift ticket(s) → fwod101-n2-drift.json

fwod101-n2: objectives passed 6/6
  obj 1: PASS — city="Benchville"
  obj 2: PASS — orders for customer: 1, lines: 2
  obj 3: PASS — 2 lines, 2 distinct products
  obj 4: PASS — quantities: 5, 2
  obj 5: PASS — state tracking shows confirmation
  obj 6: PASS — final state=cancel, ref=S00022

[sweep] run 3/3: fwod101-n3 (replay flow fwod101, no orchestrator)
[reset] odoo: deleted 1 leftover bench order(s)
[reset] odoo: deleted 1 leftover bench customer(s)
[sweep] fwod101-n3: 1 drift ticket(s) → fwod101-n3-drift.json

fwod101-n3: objectives passed 6/6
  obj 1: PASS — city="Benchville"
  obj 2: PASS — orders for customer: 1, lines: 2
  obj 3: PASS — 2 lines, 2 distinct products
  obj 4: PASS — quantities: 5, 2
  obj 5: PASS — state tracking shows confirmation
  obj 6: PASS — final state=cancel, ref=S00023

Learning sweep fwod101 (K=3)
┌─────────┬───┬──────────────┬──────────┬─────────────┬───────┬──────┬───────────┬─────┬──────────────┬────────┐
│ (index) │ n │ runid        │ verified │ stop        │ turns │ cmds │ total_usd │ A_n │ replayed     │ wall_s │
├─────────┼───┼──────────────┼──────────┼─────────────┼───────┼──────┼───────────┼─────┼──────────────┼────────┤
│ 0       │ 1 │ 'fwod101-n1' │ '6/6'    │ 'completed' │ 10    │ 9    │ 0.1359    │ 0   │ '0/8'        │ 488    │
│ 1       │ 2 │ 'fwod101-n2' │ '6/6'    │ 'success'   │ 0     │ 8    │ 0         │ 1   │ '8/8 (flow)' │ 213    │
│ 2       │ 3 │ 'fwod101-n3' │ '6/6'    │ 'success'   │ 0     │ 8    │ 0         │ 1   │ '8/8 (flow)' │ 214    │
└─────────┴───┴──────────────┴──────────┴─────────────┴───────┴──────┴───────────┴─────┴──────────────┴────────┘
http://127.0.0.1:8069
  s_04f040  validated    4 steps  3/3 (100%)
           Open the {{v1}} app (via the apps menu in the top-left). Create a new contact/company record: an individual cu…
  s_07c4dc  validated   20 steps  3/3 (100%)
           You are on the saved quotation {{v1}} in the Odoo {{v2}} app (customer {{v3}}), which has two order lines: lin…
  s_0e0ae2  validated    7 steps  3/3 (100%)
           Open the {{v1}} app (via the apps menu top-left). Create a new quotation: click New. In the Customer field, ty…
  s_0fa110  validated   16 steps  3/3 (100%)
           You are on the confirmed sales order {{v1}} in the Odoo {{v2}} app (customer {{v3}}), status '{{v5}}', with he…
  s_107aa1  validated    3 steps  3/3 (100%)
           Sign in to Odoo: fill the Email field with the text {{v1}}, fill the Password field with the exact text {{v2}}…
  s_10c63d  validated    6 steps  3/3 (100%)
           Open the {{v1}} app (via the apps menu in the top-left). Create a new contact/company record: an individual cu…
  s_1e991b  validated    1 steps  3/3 (100%)
           Open the {{v1}} app (via the apps menu top-left). Create a new quotation: click New. In the Customer field, ty…
  s_4e2b53  validated    3 steps  3/3 (100%)
           Final verification, read-only, do not modify anything: (1) Open the {{v1}} app, find the contact named '{{v2}}…
  s_588395  validated   18 steps  3/3 (100%)
           You are on the saved quotation {{v1}} in the Odoo {{v2}} app (customer {{v3}}). Edit it and add a SECOND order…
  s_58b0ea  validated    1 steps  3/3 (100%)
           Open the {{v1}} app (via the apps menu in the top-left). Create a new contact/company record: an individual cu…
  s_59105b  validated   12 steps  3/3 (100%)
           You are on the saved quotation {{v1}} in the Odoo {{v2}} app (customer {{v3}}), status {{v5}}, with two lines:…
  s_7a7301  validated   19 steps  3/3 (100%)
           Sign in to Odoo: fill the Email field with the text {{v1}}, fill the Password field with the exact text {{v2}}…
  s_a1b4ea  validated    2 steps  3/3 (100%)
           Final verification, read-only, do not modify anything: (1) Open the {{v1}} app, find the contact named '{{v2}}…
  s_a94ee2  validated   14 steps  3/3 (100%)
           You are on the saved quotation {{v1}} in the Odoo {{v2}} app (customer {{v3}}). Edit it and add a SECOND order…
  s_ad442a  validated    1 steps  3/3 (100%)
           Final verification, read-only, do not modify anything: (1) Open the {{v1}} app, find the contact named '{{v2}}…
  s_be2bdb  validated    2 steps  3/3 (100%)
           Final verification, read-only, do not modify anything: (1) Open the {{v1}} app, find the contact named '{{v2}}…
  s_c06791  validated    1 steps  3/3 (100%)
           Open the {{v1}} app (via the apps menu in the top-left). Create a new contact/company record: an individual cu…
  s_c0a0bd  validated    1 steps  3/3 (100%)
           You are on the saved quotation {{v1}} in the Odoo {{v2}} app (customer {{v3}}). Edit it and add a SECOND order…
  s_c71df7  validated   15 steps  3/3 (100%)
           Open the {{v1}} app (via the apps menu top-left). Create a new quotation: click New. In the Customer field, ty…
  s_de329f  validated    5 steps  3/3 (100%)
           Final verification, read-only, do not modify anything: (1) Open the {{v1}} app, find the contact named '{{v2}}…
  s_f76c94  validated    2 steps  3/3 (100%)
           Open the {{v1}} app (via the apps menu top-left). Create a new quotation: click New. In the Customer field, ty…
store: /home/user/sitelooper/bench/results/fwod101-skills

summary: /home/user/sitelooper/bench/results/fwod101-sweep.json
