
[sweep] run 1/3: fwod67-n1 (store: /home/user/sitelooper/bench/results/fwod67-skills)
[harness] odoo: defaulting APP_URL
[harness] odoo: defaulting APP_EMAIL
[harness] odoo: defaulting APP_PASSWORD
[reset] odoo: no leftover bench customers
[harness] odoo responded 303 at http://127.0.0.1:8069/
stopped: fwod67-n1
  flow "fwod67" saved: 7 step(s), vars runid → /home/user/sitelooper/bench/results/flows/fwod67.json
  warning: note: dropped 3 locator candidate(s) carrying a value this run minted (known only by export time)
  warning: note: 5 goal/report value(s) carrying a value this run made were slotted or dropped:
  s_033569.reportTemplate.summary dropped (narrates a value this run made)
  s_2e8e57.reportTemplate.values.contact_id dropped (recorded literal of a value this run made)
  s_2e8e57.reportTemplate.summary dropped (narrates a value this run made)
  s_acdaf7.reportTemplate.values.record_id dropped (recorded literal of a value this run made)
  s_acdaf7.reportTemplate.summary dropped (narrates a value this run made)
  warning: note: 01-open no longer publishes record_id — no replay reads it from the page and the recording showed no line to read
  warning: note: 02-create no longer publishes unit_price, tax_amount, total_amount, document_status, status, taxes, ref_2 — no replay reads them from the page and the recording showed no line to read
  warning: note: 03-open no longer publishes document_status, table_o_list_table_tbody, total_footer_row — no replay reads them from the page and the recording showed no line to read
  warning: note: 04-open no longer publishes document_status, total_footer_row — no replay reads them from the page and the recording showed no line to read
  warning: note: 05-open no longer publishes o_statusbar_status_butto, total_footer_row — no replay reads them from the page and the recording showed no line to read
  warning: note: 06-open no longer publishes status_in_statusbar_after_cancel, untaxed_amount_on_cancelled_order, tax_20, total, cancel_button_in_wizard, statusbar_state_quotation_sent, statusbar_state_quotation, untaxed_amount_footer_row, tax_20_footer_row, total_footer_row — no replay reads them from the page and the recording showed no line to read
  warning: note: 07-report no longer publishes contact_id, company_type, order_statusbar_current_state, order_statusbar_all_states_listed, order_untaxed_amount, order_tax_20, order_total, sales_orders_list_rows_with_S00021, sales_orders_list_default_row_count, search_facet_status_cancelled, tax_20_footer_row, total_footer_row — no replay reads them from the page and the recording showed no line to read
  warning: warning: contradicted-step: 03-open read total "£ 1,398.00" right after 02-create reported "£ 1,062.00"; 02-create's change may not have landed and a later step may be retrying it. Re-record 02-create.
  warning: warning: contradicted-step: 07-report read nocontent_helper_when_filtered_status_cancelled "Create a new quotation, the first step of a new sale!" right after 06-open reported "Cancelled"; 06-open's change may not have landed and a later step may be retrying it. Re-record 06-open.
  warning: warning: 210 other value(s) the run saw survived unslotted, judged by shape only (usually page copy; non-fatal):
  flow.steps[0].instruction: "Benchville" (output) in "Open http://127.0.0.1:8069/ and sign in with login 'admin' and password 'admin'. Then in Odoo 17, create a new customer contact named exactly '{{runid}} Bench C"
  flow.steps[0].instruction: "Individual" (output) in "Open http://127.0.0.1:8069/ and sign in with login 'admin' and password 'admin'. Then in Odoo 17, create a new customer contact named exactly '{{runid}} Bench C"
  flow.steps[0].params.v4: "Benchville" (output) in "Benchville"
  flow.steps[4].instruction: "Sales Order" (output) in "In Odoo 17 (already signed in as admin), open the existing draft quotation {{02-create.order_reference}} for customer '{{runid}} Bench Customer' (Sales app, fin"
  flow.steps[5].instruction: "Sales Order" (output) in "In Odoo 17 (already signed in as admin), open the confirmed sales order {{02-create.order_reference}} for customer '{{runid}} Bench Customer' (Sales app, find o"
  warning: {{02-create.product_name}} (used by 03-open) can only be re-observed by model recovery — consider re-recording so the value is read from the page.
  warning: {{02-create.untaxed_amount}} (used by 03-open) can only be re-observed by model recovery — consider re-recording so the value is read from the page.
  warning: {{03-open.line2_product}} (used by 04-open) can only be re-observed by model recovery — consider re-recording so the value is read from the page.
  warning: {{03-open.line2_subtotal}} (used by 04-open) can only be re-observed by model recovery — consider re-recording so the value is read from the page.
  warning: 02-create reports product_name, untaxed_amount, but no segment of the procedure it pins (s_18902e, through its last segment s_033569) re-reads them from the page — a replay without the model will succeed without those values; re-record so a read for them lands in s_033569.
  warning: 03-open reports line2_product, line2_subtotal, but no segment of the procedure it pins (s_02b6c2, with any later segment of its chain) re-reads them from the page — a replay without the model will succeed without those values; re-record so a read for them lands in that procedure's last segment.
arm=sitelooper model=z-ai/glm-5.3 runid=fwod67-n1 stop=completed
turns=9 wall=789.3s
commands=9 cmdTime=552.6s cmdBytes=10901 timeouts=0
orchestrator in=25516 cw=0 cr=19328 out=23382
inner prompt=4187603 cached=3945984 completion=43311
spend=$0.2177 maxUsd=3
learn: A_n=0 replayed=0/7 full=0 repaired=0 compiled=7 variants=0
-> /home/user/sitelooper/bench/results/fwod67-n1-sitelooper-result.json

fwod67-n1: objectives passed 6/6
  obj 1: PASS — city="Benchville"
  obj 2: PASS — orders for customer: 1, lines: 2
  obj 3: PASS — 2 lines, 2 distinct products
  obj 4: PASS — quantities: 5, 2
  obj 5: PASS — state tracking shows confirmation
  obj 6: PASS — final state=cancel, ref=S00021

[sweep] run 2/3: fwod67-n2 (replay flow fwod67, no orchestrator)
[reset] odoo: deleted 1 leftover bench order(s)
[reset] odoo: deleted 1 leftover bench customer(s)
[sweep] fwod67-n2: 2 drift ticket(s) → fwod67-n2-drift.json

fwod67-n2: objectives passed 6/6
  obj 1: PASS — city="Benchville"
  obj 2: PASS — orders for customer: 1, lines: 2
  obj 3: PASS — 2 lines, 2 distinct products
  obj 4: PASS — quantities: 5, 2
  obj 5: PASS — state tracking shows confirmation
  obj 6: PASS — final state=cancel, ref=S00022
[sweep] z-ai/glm-5.3 was served by Alibaba, Modal — priced at one rate, so total_usd is approximate

[sweep] run 3/3: fwod67-n3 (replay flow fwod67, no orchestrator)
[reset] odoo: deleted 1 leftover bench order(s)
[reset] odoo: deleted 1 leftover bench customer(s)
[sweep] fwod67-n3: 1 drift ticket(s) → fwod67-n3-drift.json

fwod67-n3: objectives passed 6/6
  obj 1: PASS — city="Benchville"
  obj 2: PASS — orders for customer: 1, lines: 2
  obj 3: PASS — 2 lines, 2 distinct products
  obj 4: PASS — quantities: 5, 2
  obj 5: PASS — state tracking shows confirmation
  obj 6: PASS — final state=cancel, ref=S00023

Learning sweep fwod67 (K=3)
┌─────────┬───┬─────────────┬──────────┬─────────────┬───────┬──────┬───────────┬──────┬──────────────┬────────┐
│ (index) │ n │ runid       │ verified │ stop        │ turns │ cmds │ total_usd │ A_n  │ replayed     │ wall_s │
├─────────┼───┼─────────────┼──────────┼─────────────┼───────┼──────┼───────────┼──────┼──────────────┼────────┤
│ 0       │ 1 │ 'fwod67-n1' │ '6/6'    │ 'completed' │ 9     │ 9    │ 0.2177    │ 0    │ '0/7'        │ 789    │
│ 1       │ 2 │ 'fwod67-n2' │ '6/6'    │ 'success'   │ 59    │ 7    │ 0.2673    │ 0.86 │ '7/7 (flow)' │ 388    │
│ 2       │ 3 │ 'fwod67-n3' │ '6/6'    │ 'success'   │ 0     │ 7    │ 0         │ 1    │ '7/7 (flow)' │ 101    │
└─────────┴───┴─────────────┴──────────┴─────────────┴───────┴──────┴───────────┴──────┴──────────────┴────────┘
http://127.0.0.1:8069
  s_02b6c2  validated   16 steps  3/3 (100%)
           In Odoo 17 (already signed in as admin), open the existing draft quotation {{v1}} for customer '{{v2}}' (go to…
  s_033569  validated    7 steps  3/3 (100%)
           In Odoo 17 (already signed in as admin), go to the Sales app and create a new quotation. Set the Customer fiel…
  s_04ef67  validated    2 steps  3/3 (100%)
           Open {{v2}} and sign in with login 'admin' and password 'admin'. Then in Odoo 17, create a new customer contac…
  s_0a6a67  validated   16 steps  3/3 (100%)
           In Odoo 17 (already signed in as admin), open the confirmed sales order {{v1}} for customer '{{v2}}' (Sales ap…
  s_0c30de  validated   15 steps  3/3 (100%)
           In Odoo 17 (already signed in as admin), open the existing draft quotation {{v1}} for customer '{{v2}}' (Sales…
  s_1817eb  validated   10 steps  3/3 (100%)
           In Odoo 17 (already signed in as admin), open the existing draft quotation {{v1}} for customer '{{v2}}' (Sales…
  s_18902e  validated    2 steps  3/3 (100%)
           In Odoo 17 (already signed in as admin), go to the Sales app and create a new quotation. Set the Customer fiel…
  s_4ac960  validated    1 steps  3/3 (100%)
           Open {{v2}} and sign in with login 'admin' and password 'admin'. Then in Odoo 17, create a new customer contac…
  s_4e9314  validated    3 steps  3/3 (100%)
           In Odoo 17 (already signed in as admin), open the confirmed sales order {{v1}} for customer '{{v2}}' (Sales ap…
  s_acdaf7  validated    3 steps  3/3 (100%)
           Open {{v2}} and sign in with login 'admin' and password 'admin'. Then in Odoo 17, create a new customer contac…
  s_b1211e  validated    7 steps  3/3 (100%)
           In Odoo 17 (already signed in as admin), go to the Sales app and create a new quotation. Set the Customer fiel…
  s_b938db  validated    5 steps  3/3 (100%)
           Open {{v2}} and sign in with login 'admin' and password 'admin'. Then in Odoo 17, create a new customer contac…
  s_bdd234  validated    1 steps  3/3 (100%)
           In Odoo 17 (already signed in as admin), go to the Sales app and create a new quotation. Set the Customer fiel…
  s_df1a36  validated    1 steps  3/3 (100%)
           Open {{v2}} and sign in with login 'admin' and password 'admin'. Then in Odoo 17, create a new customer contac…
  s_f34b05  validated    3 steps  3/3 (100%)
           Open {{v2}} and sign in with login 'admin' and password 'admin'. Then in Odoo 17, create a new customer contac…
  s_f5760b  validated    3 steps  3/3 (100%)
           Open {{v2}} and sign in with login 'admin' and password 'admin'. Then in Odoo 17, create a new customer contac…
  s_fa14f2  validated    2 steps  3/3 (100%)
           Open {{v2}} and sign in with login 'admin' and password 'admin'. Then in Odoo 17, create a new customer contac…
  s_0f956d  demoted     11 steps  1/2 (50%)
           Final verification in Odoo 17 (already signed in as admin). Two checks, report both: (1) In the Contacts app, …
  s_39f30b  validated    7 steps  2/2 (100%)  variant of s_0f956d
           Final verification in Odoo 17 (already signed in as admin). Two checks, report both: (1) In the Contacts app, …
  s_81fab5  validated   28 steps  2/2 (100%)  variant of s_0f956d
           Final verification in Odoo 17 (already signed in as admin). Two checks, report both: (1) In the Contacts app, …
  s_2e8e57  provisional  2 steps  1/1 (100%)
           Final verification in Odoo 17 (already signed in as admin). Two checks, report both: (1) In the Contacts app, …
  s_62fa82  provisional  4 steps  1/1 (100%)
           Final verification in Odoo 17 (already signed in as admin). Two checks, report both: (1) In the Contacts app, …
  s_d564c5  provisional  4 steps  1/1 (100%)
           Final verification in Odoo 17 (already signed in as admin). Two checks, report both: (1) In the Contacts app, …
store: /home/user/sitelooper/bench/results/fwod67-skills

summary: /home/user/sitelooper/bench/results/fwod67-sweep.json
SWEEP_EXIT=0
