[sweep] reusing fwod39's recording: 7 step(s), store from /home/user/sitelooper/bench/results/fwod39-skills

[sweep] run 2/3: fwod41-n2 (replay flow fwod41, no orchestrator)
[reset] odoo: no leftover bench customers
[sweep] fwod41-n2: 2 drift ticket(s) → fwod41-n2-drift.json

fwod41-n2: objectives passed 6/6
  obj 1: PASS — city="Benchville"
  obj 2: PASS — orders for customer: 1, lines: 2
  obj 3: PASS — 2 lines, 2 distinct products
  obj 4: PASS — quantities: 5, 2
  obj 5: PASS — state tracking shows confirmation
  obj 6: PASS — final state=cancel, ref=S00021

[sweep] run 3/3: fwod41-n3 (replay flow fwod41, no orchestrator)
[reset] odoo: deleted 1 leftover bench order(s)
[reset] odoo: deleted 1 leftover bench customer(s)
[sweep] fwod41-n3: 1 drift ticket(s) → fwod41-n3-drift.json

fwod41-n3: objectives passed 6/6
  obj 1: PASS — city="Benchville"
  obj 2: PASS — orders for customer: 1, lines: 2
  obj 3: PASS — 2 lines, 2 distinct products
  obj 4: PASS — quantities: 5, 2
  obj 5: PASS — state tracking shows confirmation
  obj 6: PASS — final state=cancel, ref=S00022

Learning sweep fwod41 (K=3)
┌─────────┬───┬─────────────┬──────────┬───────────┬───────┬──────┬───────────┬─────┬──────────────┬────────┐
│ (index) │ n │ runid       │ verified │ stop      │ turns │ cmds │ total_usd │ A_n │ replayed     │ wall_s │
├─────────┼───┼─────────────┼──────────┼───────────┼───────┼──────┼───────────┼─────┼──────────────┼────────┤
│ 0       │ 2 │ 'fwod41-n2' │ '6/6'    │ 'success' │ 0     │ 7    │ 0         │ 1   │ '7/7 (flow)' │ 93     │
│ 1       │ 3 │ 'fwod41-n3' │ '6/6'    │ 'success' │ 0     │ 7    │ 0         │ 1   │ '7/7 (flow)' │ 90     │
└─────────┴───┴─────────────┴──────────┴───────────┴───────┴──────┴───────────┴─────┴──────────────┴────────┘
http://127.0.0.1:8069
  s_2df8c9  validated   10 steps  5/5 (100%)
           In Odoo, go to the Sales app and create a new quotation (RFQ) for the customer '{{v1}}' (the customer field is…
  s_328733  validated    2 steps  5/5 (100%)
           Open {{v2}} and sign in with username 'admin' and password 'admin' (submit the login form). Then in Odoo, crea…
  s_68489f  validated   23 steps  5/5 (100%)
           In Odoo, open the existing draft quotation {{v1}} (customer '{{v2}}'). It has two order lines: line 1 = '{{v4}…
  s_68b9c4  validated    1 steps  5/5 (100%)
           Open {{v2}} and sign in with username 'admin' and password 'admin' (submit the login form). Then in Odoo, crea…
  s_7706a0  validated    1 steps  5/5 (100%)
           In Odoo, go to the Sales app and create a new quotation (RFQ) for the customer '{{v1}}' (the customer field is…
  s_770a99  validated    2 steps  5/5 (100%)
           In Odoo, go to the Sales app and create a new quotation (RFQ) for the customer '{{v1}}' (the customer field is…
  s_8e280f  validated    3 steps  5/5 (100%)
           Final verification in Odoo (read-only, do not change anything): (1) Open the customer contact '{{v1}}' in Cont…
  s_9f8f8f  validated    3 steps  5/5 (100%)
           Open {{v2}} and sign in with username 'admin' and password 'admin' (submit the login form). Then in Odoo, crea…
  s_a02866  validated    2 steps  5/5 (100%)
           Open {{v2}} and sign in with username 'admin' and password 'admin' (submit the login form). Then in Odoo, crea…
  s_b27f5a  validated   10 steps  5/5 (100%)
           In Odoo, open the confirmed sales order {{v1}} (customer '{{v2}}', status '{{v4}}'). Cancel this sales order s…
  s_d2260d  validated    4 steps  5/5 (100%)
           Final verification in Odoo (read-only, do not change anything): (1) Open the customer contact '{{v1}}' in Cont…
  s_e77eb0  validated   14 steps  5/5 (100%)
           In Odoo, go to the Sales app and create a new quotation (RFQ) for the customer '{{v1}}' (the customer field is…
  s_ee6f09  validated    8 steps  5/5 (100%)
           In Odoo, open the existing draft quotation {{v1}} (customer '{{v2}}', two lines: Desk Combination qty 5, Offic…
  s_f24f03  validated    2 steps  5/5 (100%)
           Open {{v2}} and sign in with username 'admin' and password 'admin' (submit the login form). Then in Odoo, crea…
  s_f3b77a  validated    3 steps  5/5 (100%)
           Open {{v2}} and sign in with username 'admin' and password 'admin' (submit the login form). Then in Odoo, crea…
  s_f95701  validated   19 steps  5/5 (100%)
           In Odoo, open the existing draft quotation with reference {{v1}} (customer '{{v2}}', currently one line: '{{v4…
store: /home/user/sitelooper/bench/results/fwod41-skills

summary: /home/user/sitelooper/bench/results/fwod41-sweep.json
