
[sweep] run 1/3: fwod65-n1 (store: /home/user/sitelooper/bench/results/fwod65-skills)
[harness] odoo: defaulting APP_URL
[harness] odoo: defaulting APP_EMAIL
[harness] odoo: defaulting APP_PASSWORD
[reset] odoo: no leftover bench customers
[harness] odoo responded 303 at http://127.0.0.1:8069/
stopped: fwod65-n1
  flow "fwod65" saved: 6 step(s), vars runid → /home/user/sitelooper/bench/results/flows/fwod65.json
  warning: note: dropped 7 locator candidate(s) carrying a value this run minted (known only by export time)
  warning: note: 5 goal/report value(s) carrying a value this run made were slotted or dropped:
  s_216391.goal.requireText[2] dropped (names a value this run made, with no slot to bind it)
  s_216391.reportTemplate.values.form_url dropped (recorded literal of a value this run made)
  s_b04a93.reportTemplate.values.record_id dropped (recorded literal of a value this run made)
  s_b04a93.reportTemplate.values.contact_url dropped (recorded literal of a value this run made)
  s_b04a93.reportTemplate.summary dropped (narrates a value this run made)
  warning: note: 01-signin no longer publishes record_id — no replay reads it from the page and the recording showed no line to read
  warning: note: 02-create no longer publishes untaxed_amount, state, untaxed_amount_cell, ref_2 — no replay reads them from the page and the recording showed no line to read
  warning: note: 03-open no longer publishes state, total_row, table_o_list_table_tbody_4, ref_2 — no replay reads them from the page and the recording showed no line to read
  warning: note: 04-open no longer publishes state, table_o_list_table_tbody_3 — no replay reads them from the page and the recording showed no line to read
  warning: note: 05-open no longer publishes statusbar_current_stage, statusbar_stages, statusbar_stage_sales_order, statusbar_stage_quotation — no replay reads them from the page and the recording showed no line to read
  warning: note: 06-open no longer publishes table_o_list_table_tbody, table_o_list_table_tbody_4, ref, ref_2 — no replay reads them from the page and the recording showed no line to read
  warning: warning: 229 other value(s) the run saw survived unslotted, judged by shape only (usually page copy; non-fatal):
  flow.steps[0].instruction: "Benchville" (output) in "Go to http://127.0.0.1:8069/ and sign in with login admin and password admin. Then create a new customer contact named '{{runid}} Bench Customer' with the City "
  flow.steps[0].params.v4: "Benchville" (output) in "Benchville"
  flow.steps[1].instruction: "Untaxed Amount" (output) in "In Odoo, go to the Sales app and create a new quotation. Set the Customer field to '{{runid}} Bench Customer' — it is an autocomplete dropdown, so type the name"
  flow.steps[2].instruction: "Untaxed Amount" (output) in "In Odoo, open the existing draft quotation {{02-create.quotation_reference}} (customer '{{runid}} Bench Customer', currently one order line: '{{02-create.produc"
  flow.steps[2].instruction: "Quotation" (output) in "In Odoo, open the existing draft quotation {{02-create.quotation_reference}} (customer '{{runid}} Bench Customer', currently one order line: '{{02-create.produc"
  warning: {{02-create.product_name}} (used by 03-open) can only be re-observed by model recovery — consider re-recording so the value is read from the page.
  warning: {{03-open.second_product_name}} (used by 04-open) can only be re-observed by model recovery — consider re-recording so the value is read from the page.
  warning: 02-create reports product_name, but no segment of the procedure it pins (s_bcf2fd, through its last segment s_09d30f) re-reads it from the page — a replay without the model will succeed without that value; re-record so a read for it lands in s_09d30f.
  warning: 03-open reports second_product_name, but no segment of the procedure it pins (s_0943b2, with any later segment of its chain) re-reads it from the page — a replay without the model will succeed without that value; re-record so a read for it lands in that procedure's last segment.
arm=sitelooper model=z-ai/glm-5.3 runid=fwod65-n1 stop=completed
turns=7 wall=400.8s
commands=6 cmdTime=372.0s cmdBytes=9121 timeouts=0
orchestrator in=6558 cw=0 cr=24768 out=3773
inner prompt=1913070 cached=1771904 completion=24059
spend=$0.0731 maxUsd=3
learn: A_n=0 replayed=0/6 full=0 repaired=0 compiled=6 variants=0
-> /home/user/sitelooper/bench/results/fwod65-n1-sitelooper-result.json

fwod65-n1: objectives passed 6/6
  obj 1: PASS — city="Benchville"
  obj 2: PASS — orders for customer: 1, lines: 2
  obj 3: PASS — 2 lines, 2 distinct products
  obj 4: PASS — quantities: 5, 2
  obj 5: PASS — state tracking shows confirmation
  obj 6: PASS — final state=cancel, ref=S00021

[sweep] run 2/3: fwod65-n2 (replay flow fwod65, no orchestrator)
[reset] odoo: deleted 1 leftover bench order(s)
[reset] odoo: deleted 1 leftover bench customer(s)

fwod65-n2: objectives passed 6/6
  obj 1: PASS — city="Benchville"
  obj 2: PASS — orders for customer: 1, lines: 2
  obj 3: PASS — 2 lines, 2 distinct products
  obj 4: PASS — quantities: 5, 2
  obj 5: PASS — state tracking shows confirmation
  obj 6: PASS — final state=cancel, ref=S00022

[sweep] run 3/3: fwod65-n3 (replay flow fwod65, no orchestrator)
[reset] odoo: deleted 1 leftover bench order(s)
[reset] odoo: deleted 1 leftover bench customer(s)

fwod65-n3: objectives passed 6/6
  obj 1: PASS — city="Benchville"
  obj 2: PASS — orders for customer: 1, lines: 2
  obj 3: PASS — 2 lines, 2 distinct products
  obj 4: PASS — quantities: 5, 2
  obj 5: PASS — state tracking shows confirmation
  obj 6: PASS — final state=cancel, ref=S00023

Learning sweep fwod65 (K=3)
┌─────────┬───┬─────────────┬──────────┬─────────────┬───────┬──────┬───────────┬─────┬──────────────┬────────┐
│ (index) │ n │ runid       │ verified │ stop        │ turns │ cmds │ total_usd │ A_n │ replayed     │ wall_s │
├─────────┼───┼─────────────┼──────────┼─────────────┼───────┼──────┼───────────┼─────┼──────────────┼────────┤
│ 0       │ 1 │ 'fwod65-n1' │ '6/6'    │ 'completed' │ 7     │ 6    │ 0.0731    │ 0   │ '0/6'        │ 401    │
│ 1       │ 2 │ 'fwod65-n2' │ '6/6'    │ 'success'   │ 0     │ 6    │ 0         │ 1   │ '6/6 (flow)' │ 35     │
│ 2       │ 3 │ 'fwod65-n3' │ '6/6'    │ 'success'   │ 0     │ 6    │ 0         │ 1   │ '6/6 (flow)' │ 35     │
└─────────┴───┴─────────────┴──────────┴─────────────┴───────┴──────┴───────────┴─────┴──────────────┴────────┘
http://127.0.0.1:8069
  s_092f0a  validated   15 steps  3/3 (100%)
           In Odoo, open the confirmed sales order {{v1}} (customer '{{v2}}', status '{{v4}}'). {{v5}} this sales order u…
  s_0943b2  validated   19 steps  3/3 (100%)
           In Odoo, open the existing draft quotation {{v1}} (customer '{{v2}}', currently one order line: '{{v4}}' quant…
  s_09d30f  validated    6 steps  3/3 (100%)
           In Odoo, go to the Sales app and create a new quotation. Set the Customer field to '{{v1}}' — it is an autocom…
  s_142f3a  validated    1 steps  3/3 (100%)
           Go to {{v2}} and sign in with login admin and password admin. Then create a new customer contact named '{{v3}}…
  s_216391  validated   14 steps  3/3 (100%)
           In Odoo, open the existing draft quotation {{v1}} (customer '{{v2}}', two order lines: '{{v4}}' qty 5 and '{{v…
  s_31a952  validated   15 steps  3/3 (100%)
           In Odoo, open the existing draft quotation {{v1}} (customer '{{v2}}'). It has two order lines: line 1 is '{{v4…
  s_569baa  validated    3 steps  3/3 (100%)
           Go to {{v2}} and sign in with login admin and password admin. Then create a new customer contact named '{{v3}}…
  s_60c8ee  validated    1 steps  3/3 (100%)
           Go to {{v2}} and sign in with login admin and password admin. Then create a new customer contact named '{{v3}}…
  s_61ac46  validated    3 steps  3/3 (100%)
           Go to {{v2}} and sign in with login admin and password admin. Then create a new customer contact named '{{v3}}…
  s_99c032  validated    1 steps  3/3 (100%)
           In Odoo, go to the Sales app and create a new quotation. Set the Customer field to '{{v1}}' — it is an autocom…
  s_ac13e5  validated    7 steps  3/3 (100%)
           In Odoo, go to the Sales app and create a new quotation. Set the Customer field to '{{v1}}' — it is an autocom…
  s_b04a93  validated    3 steps  3/3 (100%)
           Go to {{v2}} and sign in with login admin and password admin. Then create a new customer contact named '{{v3}}…
  s_bcf2fd  validated    2 steps  3/3 (100%)
           In Odoo, go to the Sales app and create a new quotation. Set the Customer field to '{{v1}}' — it is an autocom…
  s_f9ffc5  validated    2 steps  3/3 (100%)
           Go to {{v2}} and sign in with login admin and password admin. Then create a new customer contact named '{{v3}}…
store: /home/user/sitelooper/bench/results/fwod65-skills

summary: /home/user/sitelooper/bench/results/fwod65-sweep.json
