
[sweep] run 1/3: fwod79-n1 (store: /home/user/sitelooper/bench/results/fwod79-skills)
[harness] odoo: defaulting APP_URL
[harness] odoo: defaulting APP_EMAIL
[harness] odoo: defaulting APP_PASSWORD
[reset] odoo: no leftover bench customers
[harness] odoo responded 303 at http://127.0.0.1:8069/
stopped: fwod79-n1
  flow "fwod79" saved: 8 step(s), vars runid → /home/user/sitelooper/bench/results/flows/fwod79.json
  warning: note: dropped 1 locator candidate(s) carrying a value this run minted (known only by export time)
  warning: note: 4 goal/report value(s) carrying a value this run made were slotted or dropped:
  s_59986c.reportTemplate.values.partner_id dropped (recorded literal of a value this run made)
  s_59986c.reportTemplate.summary dropped (narrates a value this run made)
  s_5df90d.reportTemplate.summary dropped (narrates a value this run made)
  s_a276e9.reportTemplate.values.sale_order_id dropped (recorded literal of a value this run made)
  warning: note: 01-open no longer publishes landing_page — no replay reads it from the page and the recording showed no line to read
  warning: note: 02-create no longer publishes partner_id — no replay reads it from the page and the recording showed no line to read
  warning: note: 03-create no longer publishes product_name, untaxed_amount, taxes, sale_order_id, status, ref_2 — no replay reads them from the page and the recording showed no line to read
  warning: note: 04-open no longer publishes second_product_name, first_line, status, first_line_product, first_line_tax_rate, ref_2 — no replay reads them from the page and the recording showed no line to read
  warning: note: 05-open no longer publishes first_line, second_line, status, ref_2 — no replay reads them from the page and the recording showed no line to read
  warning: note: 06-open no longer publishes status — no replay reads it from the page and the recording showed no line to read
  warning: note: 07-open no longer publishes status_after_cancel, statusbar_options, cancel_wizard_buttons — no replay reads them from the page and the recording showed no line to read
  warning: note: 08-open no longer publishes so_status, order_line_1, order_line_2, ref_2 — no replay reads them from the page and the recording showed no line to read
  warning: warning: 166 other value(s) the run saw survived unslotted, judged by shape only (usually page copy; non-fatal):
  flow.steps[1].instruction: "Benchville" (output) in "In Odoo, create a new contact (customer) with the Name exactly '{{runid}} Bench Customer' and City set to 'Benchville'. Use the Contacts app (or Sales app's Cus"
  s_032cfa.template: "Benchville" (output) in "In Odoo, create a new contact (customer) with the Name exactly '{{v1}} Bench Customer' and City set to 'Benchville'. Use the Contacts app (or Sales app's Custom"
  s_032cfa.steps[1].args.value: "Benchville" (output) in "Benchville"
  s_0543cd.goal.requireText[0]: "[E-COM11] Cabinet with Doors" (output) in "[E-COM11] Cabinet with Doors"
  s_0543cd.goal.requireText[1]: "TAX 20% £ 1,316.00" (output) in "TAX 20% £ 1,316.00"
arm=sitelooper model=z-ai/glm-5.3 runid=fwod79-n1 stop=completed
turns=10 wall=432.1s
commands=9 cmdTime=298.0s cmdBytes=9376 timeouts=0
orchestrator in=15233 cw=0 cr=29568 out=5912
inner prompt=1718003 cached=1564928 completion=22956
spend=$0.097 maxUsd=3
learn: A_n=0 replayed=0/8 full=0 repaired=0 compiled=8 variants=0
-> /home/user/sitelooper/bench/results/fwod79-n1-sitelooper-result.json

fwod79-n1: objectives passed 6/6
  obj 1: PASS — city="Benchville"
  obj 2: PASS — orders for customer: 1, lines: 2
  obj 3: PASS — 2 lines, 2 distinct products
  obj 4: PASS — quantities: 5, 2
  obj 5: PASS — state tracking shows confirmation
  obj 6: PASS — final state=cancel, ref=S00021

[sweep] run 2/3: fwod79-n2 (replay flow fwod79, no orchestrator)
[reset] odoo: deleted 1 leftover bench order(s)
[reset] odoo: deleted 1 leftover bench customer(s)

fwod79-n2: objectives passed 6/6
  obj 1: PASS — city="Benchville"
  obj 2: PASS — orders for customer: 1, lines: 2
  obj 3: PASS — 2 lines, 2 distinct products
  obj 4: PASS — quantities: 5, 2
  obj 5: PASS — state tracking shows confirmation
  obj 6: PASS — final state=cancel, ref=S00022

[sweep] run 3/3: fwod79-n3 (replay flow fwod79, no orchestrator)
[reset] odoo: deleted 1 leftover bench order(s)
[reset] odoo: deleted 1 leftover bench customer(s)

fwod79-n3: objectives passed 6/6
  obj 1: PASS — city="Benchville"
  obj 2: PASS — orders for customer: 1, lines: 2
  obj 3: PASS — 2 lines, 2 distinct products
  obj 4: PASS — quantities: 5, 2
  obj 5: PASS — state tracking shows confirmation
  obj 6: PASS — final state=cancel, ref=S00023

Learning sweep fwod79 (K=3)
┌─────────┬───┬─────────────┬──────────┬─────────────┬───────┬──────┬───────────┬─────┬──────────────┬────────┐
│ (index) │ n │ runid       │ verified │ stop        │ turns │ cmds │ total_usd │ A_n │ replayed     │ wall_s │
├─────────┼───┼─────────────┼──────────┼─────────────┼───────┼──────┼───────────┼─────┼──────────────┼────────┤
│ 0       │ 1 │ 'fwod79-n1' │ '6/6'    │ 'completed' │ 10    │ 9    │ 0.097     │ 0   │ '0/8'        │ 432    │
│ 1       │ 2 │ 'fwod79-n2' │ '6/6'    │ 'success'   │ 0     │ 8    │ 0         │ 1   │ '8/8 (flow)' │ 79     │
│ 2       │ 3 │ 'fwod79-n3' │ '6/6'    │ 'success'   │ 0     │ 8    │ 0         │ 1   │ '8/8 (flow)' │ 79     │
└─────────┴───┴─────────────┴──────────┴─────────────┴───────┴──────┴───────────┴─────┴──────────────┴────────┘
http://127.0.0.1:8069
  s_032cfa  validated    3 steps  3/3 (100%)
           In Odoo, create a new contact (customer) with the Name exactly '{{v1}} Bench Customer' and City set to 'Benchv…
  s_0543cd  validated   16 steps  3/3 (100%)
           Open the existing draft quotation {{v1}} (customer '{{v2}}') in Odoo Sales. In the Order Lines table, add a SE…
  s_08f060  validated    1 steps  3/3 (100%)
           Open {{v1}} in the browser and sign in to Odoo with username 'admin' and password 'admin'. Wait for the Odoo h…
  s_1d7d83  validated    1 steps  3/3 (100%)
           In Odoo, create a new contact (customer) with the Name exactly '{{v1}} Bench Customer' and City set to 'Benchv…
  s_33d88a  validated    2 steps  3/3 (100%)
           In Odoo's Sales app, create a new quotation (New Quotation). Set the Customer to '{{v1}}' — this is an autocom…
  s_4609cd  validated    3 steps  3/3 (100%)
           In Odoo, create a new contact (customer) with the Name exactly '{{v1}} Bench Customer' and City set to 'Benchv…
  s_59986c  validated    3 steps  3/3 (100%)
           In Odoo, create a new contact (customer) with the Name exactly '{{v1}} Bench Customer' and City set to 'Benchv…
  s_5df90d  validated   12 steps  3/3 (100%)
           Verification pass in Odoo: (1) Open the contact '{{v1}}' in the Contacts app and confirm its Name and City fie…
  s_71c809  validated    1 steps  3/3 (100%)
           Verification pass in Odoo: (1) Open the contact '{{v1}}' in the Contacts app and confirm its Name and City fie…
  s_a276e9  validated    7 steps  3/3 (100%)
           In Odoo's Sales app, create a new quotation (New Quotation). Set the Customer to '{{v1}}' — this is an autocom…
  s_a410c3  validated   10 steps  3/3 (100%)
           In Odoo's Sales app, create a new quotation (New Quotation). Set the Customer to '{{v1}}' — this is an autocom…
  s_a90304  validated    3 steps  3/3 (100%)
           Verification pass in Odoo: (1) Open the contact '{{v1}}' in the Contacts app and confirm its Name and City fie…
  s_b7e9b1  validated    3 steps  3/3 (100%)
           Open {{v1}} in the browser and sign in to Odoo with username 'admin' and password 'admin'. Wait for the Odoo h…
  s_bb1ccc  validated   14 steps  3/3 (100%)
           Open the confirmed sales order {{v1}} (customer '{{v2}}') in Odoo Sales and CANCEL it. Use the 'Cancel' action…
  s_d4e284  validated    1 steps  3/3 (100%)
           In Odoo's Sales app, create a new quotation (New Quotation). Set the Customer to '{{v1}}' — this is an autocom…
  s_dafa87  validated   14 steps  3/3 (100%)
           Open the existing draft quotation {{v1}} (customer '{{v2}}') in Odoo Sales. In the Order Lines table, change t…
  s_e5db8a  validated    6 steps  3/3 (100%)
           Open {{v1}} in the browser and sign in to Odoo with username 'admin' and password 'admin'. Wait for the Odoo h…
  s_fe24cb  validated   13 steps  3/3 (100%)
           Open the existing draft quotation {{v1}} (customer '{{v2}}') in Odoo Sales and CONFIRM it by clicking the 'Con…
store: /home/user/sitelooper/bench/results/fwod79-skills

summary: /home/user/sitelooper/bench/results/fwod79-sweep.json
EXIT:0
