
Running 1 test using 1 worker

[sitelooper warn] 01-signin: report value contact_name is only what this run typed: no click's own diff showed it outside its control and no read returned it — withheld from the report (still given to a later step)
[sitelooper step] 01-signin
  ✘  1 fwod94.spec.ts:9:1 › fwod94 (25.4s)


  1) fwod94.spec.ts:9:1 › fwod94 › 02-open: In Odoo, open the Sales app and create a new quotation for customer '{{runid}} Bench Customer' (choose them from the autocomplete dropdown). Add ONE order line: pick any product from the catalogue via the product autocomplete dropdown, quantity 3. Save. Report the product name you chose, the unit price the app filled in, and the untaxed amount shown on the quotation. 

    Error: none of 5 recorded locators resolved at 02-open s_2a1251/2 target (page is at http://127.0.0.1:8069/web#cids=1&menu_id=194&action=316&model=sale.order&view_type=form): locator('role=option[name="fwod94-spec Bench Customer"]') | getByRole('option', { name: /^[\s\p{Co}\p{So}\p{Cf}]*fwod94-spec\s+Bench\s+Customer[\s\p{Co}\p{So}\p{Cf}]*$/u }) | locator('#autocomplete_0_0')

       at fwod94.flow.ts:14730

      14728 | /** The stop for a chain that resolved nothing, shared by `pick` and `pickOrNavigate`. */
      14729 | function pickMiss(page: Page, candidates: CandidateObservation[], where: string, note?: string): Error {
    > 14730 |   return new Error(
            |          ^
      14731 |     // The url and the recorded step are half the answer whenever a chain
      14732 |     // misses wholesale: a locator that named the control on the day it was
      14733 |     // recorded usually misses because the page is not the page the step
        at pickMiss (/home/user/sitelooper/bench/results/fwod94-spec-spec-tmp/fwod94.flow.ts:14730:10)
        at pickOrNavigate (/home/user/sitelooper/bench/results/fwod94-spec-spec-tmp/fwod94.flow.ts:14780:9)
        at Object.act (/home/user/sitelooper/bench/results/fwod94-spec-spec-tmp/fwod94.flow.ts:16489:26)
        at runStepLifecycle (/home/user/sitelooper/bench/results/fwod94-spec-spec-tmp/fwod94.flow.ts:10422:18)
        at Object.02-open (/home/user/sitelooper/bench/results/fwod94-spec-spec-tmp/fwod94.flow.ts:16480:9)
        at /home/user/sitelooper/bench/results/fwod94-spec-spec-tmp/fwod94.flow.ts:19664:7
        at runFlow (/home/user/sitelooper/bench/results/fwod94-spec-spec-tmp/fwod94.flow.ts:19663:5)
        at /home/user/sitelooper/bench/results/fwod94-spec-spec-tmp/fwod94.spec.ts:14:21

    attachment #1: sitelooper-drift (text/plain) ───────────────────────────────────────────────────
    
    ────────────────────────────────────────────────────────────────────────────────────────────────

    attachment #2: screenshot (image/png) ──────────────────────────────────────────────────────────
    test-results/fwod94-fwod94/test-failed-1.png
    ────────────────────────────────────────────────────────────────────────────────────────────────

    Error Context: test-results/fwod94-fwod94/error-context.md

  1 failed
    fwod94.spec.ts:9:1 › fwod94 ────────────────────────────────────────────────────────────────────
