
Running 1 test using 1 worker

[sitelooper warn] 01-signin s_dcfed9/5: read 'preferences_menu' returned a value the skill itself set/selected ('Preferences') — confirms the control, not persistence; dropped from the report's confident values
[sitelooper skip] 01-signin s_dcfed9/6 target: no locator recorded — value left empty
[sitelooper step] 01-signin
[sitelooper warn] 02-create s_e7f58a/1: read 'contact_name' returned a value the skill itself set/selected ('fwod104-luna-spec Bench Customer') — confirms the control, not persistence; dropped from the report's confident values
[sitelooper warn] 02-create s_e7f58a/2: read 'city' returned a value the skill itself set/selected ('Benchville') — confirms the control, not persistence; dropped from the report's confident values
[sitelooper warn] 02-create s_4c0753/1: read 'ref' returned a value the skill itself set/selected ('fwod104-luna-spec') — confirms the control, not persistence; dropped from the report's confident values
[sitelooper warn] 02-create: report value verified_row is only what this run typed: no click's own diff showed it outside its control and no read returned it — withheld from the report (still given to a later step)
[sitelooper warn] 02-create: report value saved_contact_name is only what this run typed: no click's own diff showed it outside its control and no read returned it — withheld from the report (still given to a later step)
[sitelooper warn] 02-create: report value saved_city is only what this run typed: no click's own diff showed it outside its control and no read returned it — withheld from the report (still given to a later step)
[sitelooper step] 02-create
[sitelooper warn] 03-create: report value ref is only what this run typed: no click's own diff showed it outside its control and no read returned it — withheld from the report (still given to a later step)
[sitelooper step] 03-create
[sitelooper warn] 04-add s_3877b7/7: the field already held the value this type enters (restored after the recording saw it emptied), so it was cleared first rather than typed onto
[sitelooper step] 04-add
[sitelooper step] 05-change
[sitelooper step] 06-verify
[sitelooper step] 07-verify
  ✓  1 fwod104-luna.spec.ts:9:1 › fwod104-luna (2.3m)

  1 passed (2.3m)
