
[sweep] run 1/3: fwod84-n1 (store: /home/user/sitelooper/bench/results/fwod84-skills)
[harness] odoo: defaulting APP_URL
[harness] odoo: defaulting APP_EMAIL
[harness] odoo: defaulting APP_PASSWORD
[reset] odoo: no leftover bench customers
[harness] odoo responded 303 at http://127.0.0.1:8069/
stopped: fwod84-n1
  flow "fwod84" saved: 6 step(s), vars runid → /home/user/sitelooper/bench/results/flows/fwod84.json
  warning: note: dropped 8 locator candidate(s) carrying a value this run minted (known only by export time)
  warning: note: 7 goal/report value(s) carrying a value this run made were slotted or dropped:
  s_2745fb.reportTemplate.values.sale_order_id dropped (recorded literal of a value this run made)
  s_446fac.reportTemplate.values.sale_order_id dropped (recorded literal of a value this run made)
  s_68ce74.reportTemplate.summary dropped (narrates a value this run made)
  s_70b5b8.reportTemplate.values.sale_order_id dropped (recorded literal of a value this run made)
  s_ae80c5.reportTemplate.summary dropped (narrates a value this run made)
  s_cdd6d9.reportTemplate.values.sale_order_id dropped (recorded literal of a value this run made)
  s_cdd6d9.reportTemplate.summary dropped (narrates a value this run made)
  warning: note: 01-signin no longer publishes model — no replay reads it from the page and the recording showed no line to read
  warning: warning: 02-create's instruction asks to report untaxed_amount, and no replay can publish it: nothing in its procedure reads it from the page, so export dropped it — re-record the step so the value is read, not only reported
  warning: note: 02-create no longer publishes line_amount, line1_amount_raw, ref_2 — no replay reads them from the page and the recording showed no line to read
  warning: note: 03-open no longer publishes sale_order_id, ref_2 — no replay reads them from the page and the recording showed no line to read
  warning: note: 04-open no longer publishes sale_order_id, line1_tax_rate_raw, ref — no replay reads them from the page and the recording showed no line to read
  warning: note: 05-report no longer publishes sale_order_id — no replay reads it from the page and the recording showed no line to read
  warning: note: 06-report no longer publishes statusbar_states, sale_order_id — no replay reads them from the page and the recording showed no line to read
  warning: warning: 138 other value(s) the run saw survived unslotted, judged by shape only (usually page copy; non-fatal):
  flow.steps[0].instruction: "Benchville" (output) in "Sign in to Odoo 17 at http://127.0.0.1:8069/ with login admin and password {{env:APP_PASSWORD}} (type that literal text). Then in Contacts, create a new custome"
  flow.steps[0].params.v6: "Benchville" (output) in "Benchville"
  flow.steps[0].route: "res.partner" (output) in "http://127.0.0.1:8069/web#action=:id&cids=:id&id=:id&menu_id=:id&model=res.partner&view_type=form"
  s_2745fb.goal.requireText[0]: "£ 1,615.00" (output) in "Untaxed Amount £ 1,615.00"
  s_2745fb.goal.requireText[1]: "£ 1,938.00" (output) in "Total £ 1,938.00"
arm=sitelooper model=z-ai/glm-5.3 runid=fwod84-n1 stop=completed
turns=7 wall=230.8s
commands=6 cmdTime=210.2s cmdBytes=6199 timeouts=0
orchestrator in=4269 cw=0 cr=23104 out=727
inner prompt=1136926 cached=1024896 completion=14925
spend=$0.0445 maxUsd=3
learn: A_n=0 replayed=0/6 full=0 repaired=0 compiled=6 variants=0
-> /home/user/sitelooper/bench/results/fwod84-n1-sitelooper-result.json

fwod84-n1: objectives passed 6/6
  obj 1: PASS — city="Benchville"
  obj 2: PASS — orders for customer: 1, lines: 2
  obj 3: PASS — 2 lines, 2 distinct products
  obj 4: PASS — quantities: 5, 2
  obj 5: PASS — state tracking shows confirmation
  obj 6: PASS — final state=cancel, ref=S00021

[sweep] run 2/3: fwod84-n2 (replay flow fwod84, no orchestrator)
[reset] odoo: deleted 1 leftover bench order(s)
[reset] odoo: deleted 1 leftover bench customer(s)
[sweep] fwod84-n2: 1 drift ticket(s) → fwod84-n2-drift.json

fwod84-n2: objectives passed 6/6
  obj 1: PASS — city="Benchville"
  obj 2: PASS — orders for customer: 1, lines: 2
  obj 3: PASS — 2 lines, 2 distinct products
  obj 4: PASS — quantities: 5, 2
  obj 5: PASS — state tracking shows confirmation
  obj 6: PASS — final state=cancel, ref=S00022

[sweep] run 3/3: fwod84-n3 (replay flow fwod84, no orchestrator)
[reset] odoo: deleted 1 leftover bench order(s)
[reset] odoo: deleted 1 leftover bench customer(s)

fwod84-n3: objectives passed 6/6
  obj 1: PASS — city="Benchville"
  obj 2: PASS — orders for customer: 1, lines: 2
  obj 3: PASS — 2 lines, 2 distinct products
  obj 4: PASS — quantities: 5, 2
  obj 5: PASS — state tracking shows confirmation
  obj 6: PASS — final state=cancel, ref=S00023

Learning sweep fwod84 (K=3)
┌─────────┬───┬─────────────┬──────────┬─────────────┬───────┬──────┬───────────┬──────┬──────────────┬────────┐
│ (index) │ n │ runid       │ verified │ stop        │ turns │ cmds │ total_usd │ A_n  │ replayed     │ wall_s │
├─────────┼───┼─────────────┼──────────┼─────────────┼───────┼──────┼───────────┼──────┼──────────────┼────────┤
│ 0       │ 1 │ 'fwod84-n1' │ '6/6'    │ 'completed' │ 7     │ 6    │ 0.0445    │ 0    │ '0/6'        │ 231    │
│ 1       │ 2 │ 'fwod84-n2' │ '6/6'    │ 'success'   │ 7     │ 6    │ 0.004     │ 0.83 │ '6/6 (flow)' │ 64     │
│ 2       │ 3 │ 'fwod84-n3' │ '6/6'    │ 'success'   │ 0     │ 6    │ 0         │ 1    │ '6/6 (flow)' │ 37     │
└─────────┴───┴─────────────┴──────────┴─────────────┴───────┴──────┴───────────┴──────┴──────────────┴────────┘
http://127.0.0.1:8069
  s_2745fb  validated   19 steps  3/3 (100%)
           Open quotation {{v1}} in Odoo Sales and change the FIRST line's (Acoustic Bloc Screens) quantity from 3 to 5. …
  s_436dcd  validated    6 steps  3/3 (100%)
           In Odoo Sales, create a new quotation for customer '{{v1}}' (choose from the customer autocomplete dropdown). …
  s_446fac  validated    6 steps  3/3 (100%)
           Confirm quotation {{v1}} in Odoo Sales so it becomes a sales order. Report the order reference (name) and the …
  s_68ce74  validated   15 steps  3/3 (100%)
           In Odoo Sales, create a new quotation for customer '{{v1}}' (choose from the customer autocomplete dropdown). …
  s_70b5b8  validated   13 steps  3/3 (100%)
           Cancel sales order {{v1}} in Odoo Sales (use the Cancel action). Report the status the form shows after cancel…
  s_970e15  validated    4 steps  3/3 (100%)
           Sign in to Odoo 17 at {{v2}} with login {{v3}} and password {{v4}} (type that literal text). Then in Contacts,…
  s_98a8fa  validated    2 steps  3/3 (100%)
           Sign in to Odoo 17 at {{v2}} with login {{v3}} and password {{v4}} (type that literal text). Then in Contacts,…
  s_a238d2  validated    3 steps  3/3 (100%)
           Sign in to Odoo 17 at {{v2}} with login {{v3}} and password {{v4}} (type that literal text). Then in Contacts,…
  s_a7d0c1  validated    1 steps  3/3 (100%)
           In Odoo Sales, create a new quotation for customer '{{v1}}' (choose from the customer autocomplete dropdown). …
  s_ae80c5  validated    3 steps  3/3 (100%)
           Sign in to Odoo 17 at {{v2}} with login {{v3}} and password {{v4}} (type that literal text). Then in Contacts,…
  s_d0d89f  validated    2 steps  3/3 (100%)
           Sign in to Odoo 17 at {{v2}} with login {{v3}} and password {{v4}} (type that literal text). Then in Contacts,…
  s_d2f829  validated    1 steps  3/3 (100%)
           Sign in to Odoo 17 at {{v2}} with login {{v3}} and password {{v4}} (type that literal text). Then in Contacts,…
  s_e5dac1  validated    2 steps  3/3 (100%)
           In Odoo Sales, create a new quotation for customer '{{v1}}' (choose from the customer autocomplete dropdown). …
  s_cce266  validated   19 steps  2/2 (100%)  variant of s_cdd6d9
           Open the quotation {{v1}} in Odoo Sales (the one for {{v2}}). Add a SECOND order line with a DIFFERENT product…
  s_cdd6d9  demoted     21 steps  1/2 (50%)
           Open the quotation {{v1}} in Odoo Sales (the one for {{v2}}). Add a SECOND order line with a DIFFERENT product…
store: /home/user/sitelooper/bench/results/fwod84-skills

summary: /home/user/sitelooper/bench/results/fwod84-sweep.json
