
[sweep] run 1/3: fwod75-n1 (store: /home/user/sitelooper/bench/results/fwod75-skills)
[harness] odoo: defaulting APP_URL
[harness] odoo: defaulting APP_EMAIL
[harness] odoo: defaulting APP_PASSWORD
[reset] odoo: no leftover bench customers
[harness] odoo responded 303 at http://127.0.0.1:8069/
stopped: fwod75-n1
  flow "fwod75" saved: 8 step(s), vars runid → /home/user/sitelooper/bench/results/flows/fwod75.json
  warning: note: dropped 2 locator candidate(s) carrying a value this run minted (known only by export time)
  warning: note: 17 goal/report value(s) carrying a value this run made were slotted or dropped:
  s_1bd630.reportTemplate.values.quotation_id dropped (recorded literal of a value this run made)
  s_1bd630.reportTemplate.values.record_url dropped (recorded literal of a value this run made)
  s_1bd630.reportTemplate.summary dropped (narrates a value this run made)
  s_35b590.reportTemplate.values.order_id dropped (recorded literal of a value this run made)
  s_35b590.reportTemplate.values.order_url dropped (recorded literal of a value this run made)
  s_35b590.reportTemplate.summary dropped (narrates a value this run made)
  s_46c331.reportTemplate.values.quotation_url dropped (recorded literal of a value this run made)
  s_46c331.reportTemplate.summary dropped (narrates a value this run made)
  s_5de8cb.reportTemplate.values.record_id dropped (recorded literal of a value this run made)
  s_5de8cb.reportTemplate.values.record_url dropped (recorded literal of a value this run made)
  s_5de8cb.reportTemplate.summary dropped (narrates a value this run made)
  s_61820e.reportTemplate.values.quotation_id dropped (recorded literal of a value this run made)
  s_61820e.reportTemplate.summary dropped (narrates a value this run made)
  s_749697.reportTemplate.values.contact_record_url dropped (recorded literal of a value this run made)
  s_749697.reportTemplate.values.contact_id dropped (recorded literal of a value this run made)
  s_749697.reportTemplate.summary dropped (narrates a value this run made)
  s_be1879.reportTemplate.values.order_id dropped (recorded literal of a value this run made)
  warning: note: 01-signin no longer publishes logged_in_user_email — no replay reads it from the page and the recording showed no line to read
  warning: note: 02-create no longer publishes record_id — no replay reads it from the page and the recording showed no line to read
  warning: note: 03-create no longer publishes quotation_id, unit_price, line_1_subtotal, untaxed_amount, order_line_count, record_url, product_code — no replay reads them from the page and the recording showed no line to read
  warning: note: 04-open no longer publishes order_line_count — no replay reads it from the page and the recording showed no line to read
  warning: note: 05-open no longer publishes quotation_id — no replay reads it from the page and the recording showed no line to read
  warning: note: 06-open no longer publishes order_id, new_buttons_after_confirm — no replay reads them from the page and the recording showed no line to read
  warning: note: 07-open no longer publishes order_id, cancelled_stage_selected — no replay reads them from the page and the recording showed no line to read
  warning: note: 08-open no longer publishes contact_id, order_statusbar — no replay reads them from the page and the recording showed no line to read
  warning: note: 01-signin: added a read for logged_in_user to s_1af67f (page.getByRole('heading', { name: 'Mitchell Admin', exact: true }); seen on the instruction's own page)
  warning: note: 01-signin: added a read for top_menu_item to s_1af67f (page.getByRole('menuitem', { name: 'Discuss', exact: true }); seen on the next instruction's start page)
  warning: warning: 162 other value(s) the run saw survived unslotted, judged by shape only (usually page copy; non-fatal):
  flow.steps[1].instruction: "Benchville" (output) in "In Odoo, create a new customer (contact) named exactly '{{runid}} Bench Customer' with the City field set to 'Benchville'. Use the Contacts app (or Sales app's "
  flow.steps[1].params.v3: "Benchville" (output) in "Benchville"
  flow.steps[5].instruction: "Sales Order" (output) in "In Odoo, open the quotation {{03-create.quotation_reference}} (Sales → Orders → Quotations, search {{03-create.quotation_reference}}; customer '{{runid}} Bench "
  flow.steps[6].instruction: "Sales Order" (output) in "In Odoo, open the sales order {{03-create.quotation_reference}} (Sales → Orders → Orders, search {{03-create.quotation_reference}}; customer '{{runid}} Bench Cu"
  flow.steps[6].params.v4: "Sales Order" (output) in "Sales Order"
  warning: {{03-create.product}} (used by 04-open) can only be re-observed by model recovery — consider re-recording so the value is read from the page.
  warning: {{04-open.new_product}} (used by 05-open) can only be re-observed by model recovery — consider re-recording so the value is read from the page.
  warning: 03-create reports product, but no segment of the procedure it pins (s_920796, through its last segment s_1bd630) re-reads it from the page — a replay without the model will succeed without that value; re-record so a read for it lands in s_1bd630.
  warning: 04-open reports new_product, but no segment of the procedure it pins (s_46c331, with any later segment of its chain) re-reads it from the page — a replay without the model will succeed without that value; re-record so a read for it lands in that procedure's last segment.
arm=sitelooper model=z-ai/glm-5.3 runid=fwod75-n1 stop=completed
turns=9 wall=375.4s
commands=8 cmdTime=332.0s cmdBytes=11217 timeouts=0
orchestrator in=21337 cw=0 cr=22592 out=4013
inner prompt=2578229 cached=2394240 completion=27836
spend=$0.1055 maxUsd=3
learn: A_n=0 replayed=0/8 full=0 repaired=0 compiled=8 variants=0
-> /home/user/sitelooper/bench/results/fwod75-n1-sitelooper-result.json

fwod75-n1: objectives passed 6/6
  obj 1: PASS — city="Benchville"
  obj 2: PASS — orders for customer: 1, lines: 2
  obj 3: PASS — 2 lines, 2 distinct products
  obj 4: PASS — quantities: 5, 2
  obj 5: PASS — state tracking shows confirmation
  obj 6: PASS — final state=cancel, ref=S00021

[sweep] run 2/3: fwod75-n2 (replay flow fwod75, no orchestrator)
[reset] odoo: deleted 1 leftover bench order(s)
[reset] odoo: deleted 1 leftover bench customer(s)
[sweep] fwod75-n2: 1 drift ticket(s) → fwod75-n2-drift.json

fwod75-n2: objectives passed 6/6
  obj 1: PASS — city="Benchville"
  obj 2: PASS — orders for customer: 1, lines: 2
  obj 3: PASS — 2 lines, 2 distinct products
  obj 4: PASS — quantities: 5, 2
  obj 5: PASS — state tracking shows confirmation
  obj 6: PASS — final state=cancel, ref=S00022

[sweep] run 3/3: fwod75-n3 (replay flow fwod75, no orchestrator)
[reset] odoo: deleted 1 leftover bench order(s)
[reset] odoo: deleted 1 leftover bench customer(s)
[sweep] fwod75-n3: 1 drift ticket(s) → fwod75-n3-drift.json

fwod75-n3: objectives passed 6/6
  obj 1: PASS — city="Benchville"
  obj 2: PASS — orders for customer: 1, lines: 2
  obj 3: PASS — 2 lines, 2 distinct products
  obj 4: PASS — quantities: 5, 2
  obj 5: PASS — state tracking shows confirmation
  obj 6: PASS — final state=cancel, ref=S00023

Learning sweep fwod75 (K=3)
┌─────────┬───┬─────────────┬──────────┬─────────────┬───────┬──────┬───────────┬─────┬──────────────┬────────┐
│ (index) │ n │ runid       │ verified │ stop        │ turns │ cmds │ total_usd │ A_n │ replayed     │ wall_s │
├─────────┼───┼─────────────┼──────────┼─────────────┼───────┼──────┼───────────┼─────┼──────────────┼────────┤
│ 0       │ 1 │ 'fwod75-n1' │ '6/6'    │ 'completed' │ 9     │ 8    │ 0.1055    │ 0   │ '0/8'        │ 375    │
│ 1       │ 2 │ 'fwod75-n2' │ '6/6'    │ 'success'   │ 0     │ 8    │ 0         │ 1   │ '8/8 (flow)' │ 70     │
│ 2       │ 3 │ 'fwod75-n3' │ '6/6'    │ 'success'   │ 0     │ 8    │ 0         │ 1   │ '8/8 (flow)' │ 70     │
└─────────┴───┴─────────────┴──────────┴─────────────┴───────┴──────┴───────────┴─────┴──────────────┴────────┘
http://127.0.0.1:8069
  s_0ab637  validated    2 steps  3/3 (100%)
           In Odoo, create a new customer (contact) named exactly '{{v2}}' with the City field set to '{{v3}}'. Use the C…
  s_1af67f  validated   12 steps  3/3 (100%)
           Navigate to {{v1}} and sign in with login 'admin' and password 'admin'. Do not wait for network idle (the app …
  s_1bd630  validated   10 steps  3/3 (100%)
           In Odoo, create a new quotation in the Sales app (Sales → Orders → Quotations → New). Set the Customer to '{{v…
  s_2c9683  validated    1 steps  3/3 (100%)
           In Odoo, create a new quotation in the Sales app (Sales → Orders → Quotations → New). Set the Customer to '{{v…
  s_343ff5  validated   10 steps  3/3 (100%)
           Final verification, read-only (do not modify anything): In Odoo, (1) open the contact '{{v1}}' in the Contacts…
  s_35b590  validated   11 steps  3/3 (100%)
           In Odoo, open the sales order {{v1}} (Sales → Orders → Orders, search {{v1}}; customer '{{v2}}', status '{{v4}…
  s_39c17f  validated    3 steps  3/3 (100%)
           In Odoo, create a new customer (contact) named exactly '{{v2}}' with the City field set to '{{v3}}'. Use the C…
  s_39fd67  validated    1 steps  3/3 (100%)
           Navigate to {{v1}} and sign in with login 'admin' and password 'admin'. Do not wait for network idle (the app …
  s_46c331  validated   18 steps  3/3 (100%)
           In Odoo, open the existing quotation {{v1}} (Sales → Orders → Quotations, search for {{v1}}, open it; it is fo…
  s_5de8cb  validated    8 steps  3/3 (100%)
           In Odoo, create a new customer (contact) named exactly '{{v2}}' with the City field set to '{{v3}}'. Use the C…
  s_61820e  validated   16 steps  3/3 (100%)
           In Odoo, open the quotation {{v1}} (Sales → Orders → Quotations, search {{v1}}; customer '{{v2}}', two order l…
  s_692a0e  validated    5 steps  3/3 (100%)
           Final verification, read-only (do not modify anything): In Odoo, (1) open the contact '{{v1}}' in the Contacts…
  s_6c09a9  validated    3 steps  3/3 (100%)
           In Odoo, create a new customer (contact) named exactly '{{v2}}' with the City field set to '{{v3}}'. Use the C…
  s_6d2860  validated    3 steps  3/3 (100%)
           Navigate to {{v1}} and sign in with login 'admin' and password 'admin'. Do not wait for network idle (the app …
  s_6e90d3  validated    7 steps  3/3 (100%)
           In Odoo, create a new quotation in the Sales app (Sales → Orders → Quotations → New). Set the Customer to '{{v…
  s_749697  validated    8 steps  3/3 (100%)
           Final verification, read-only (do not modify anything): In Odoo, (1) open the contact '{{v1}}' in the Contacts…
  s_8d62ae  validated    3 steps  3/3 (100%)
           Final verification, read-only (do not modify anything): In Odoo, (1) open the contact '{{v1}}' in the Contacts…
  s_920796  validated    2 steps  3/3 (100%)
           In Odoo, create a new quotation in the Sales app (Sales → Orders → Quotations → New). Set the Customer to '{{v…
  s_9a5c72  validated    1 steps  3/3 (100%)
           In Odoo, create a new customer (contact) named exactly '{{v2}}' with the City field set to '{{v3}}'. Use the C…
  s_a7c3d9  validated    6 steps  3/3 (100%)
           Final verification, read-only (do not modify anything): In Odoo, (1) open the contact '{{v1}}' in the Contacts…
  s_be1879  validated    9 steps  3/3 (100%)
           In Odoo, open the quotation {{v1}} (Sales → Orders → Quotations, search {{v1}}; customer '{{v3}}', status {{v2…
  s_c25886  validated    3 steps  3/3 (100%)
           Final verification, read-only (do not modify anything): In Odoo, (1) open the contact '{{v1}}' in the Contacts…
  s_fcbe5f  validated    2 steps  3/3 (100%)
           In Odoo, create a new customer (contact) named exactly '{{v2}}' with the City field set to '{{v3}}'. Use the C…
store: /home/user/sitelooper/bench/results/fwod75-skills

summary: /home/user/sitelooper/bench/results/fwod75-sweep.json
