[converge] from fwod88: 9 step(s), store copied to /home/user/sitelooper/bench/results/fwod88-cv-skills, flow /home/user/sitelooper/bench/results/flows/fwod88-cv.json
[converge] round 1 compile: /opt/node22/bin/node /home/user/sitelooper/bin/sitelooper.js compile /home/user/sitelooper/bench/results/flows/fwod88-cv.json --out /home/user/sitelooper/bench/results/fwod88-cv-c1-compile --overwrite-spec --json
[converge] round 1 compile: exit 2
[converge] round 1: compile refused (unsourced-ref@04-open, unsourced-ref@05-open, unsourced-ref@06-open, unsourced-ref@07-open, unsourced-ref@08-open, unsourced-ref@09-report); rerecord steps: 03-create, 08-open
[converge] round 1 rerecord 03-create (compile refusal; also named: 08-open): /opt/node22/bin/node /home/user/sitelooper/bin/sitelooper.js rerecord /home/user/sitelooper/bench/results/flows/fwod88-cv.json 03-create --var runid=fwod88-cv-r1n{n} --runs 2 --reset-cmd "\"/opt/node22/bin/node\" \"/home/user/sitelooper/bench/reset-app.mjs\" --target odoo" --json
[converge] round 1 rerecord 03-create (compile refusal; also named: 08-open): exit 1
[converge] round 2 compile: /opt/node22/bin/node /home/user/sitelooper/bin/sitelooper.js compile /home/user/sitelooper/bench/results/flows/fwod88-cv.json --out /home/user/sitelooper/bench/results/fwod88-cv-c2-compile --overwrite-spec --json
[converge] round 2 compile: exit 2
[converge] round 2: compile refused (unsourced-ref@04-open, unsourced-ref@05-open, unsourced-ref@06-open, unsourced-ref@07-open, unsourced-ref@08-open, unsourced-ref@09-report); rerecord steps: 03-create, 08-open
[converge] round 2 rerecord 03-create (compile refusal; also named: 08-open): /opt/node22/bin/node /home/user/sitelooper/bin/sitelooper.js rerecord /home/user/sitelooper/bench/results/flows/fwod88-cv.json 03-create --var runid=fwod88-cv-r2n{n} --runs 2 --reset-cmd "\"/opt/node22/bin/node\" \"/home/user/sitelooper/bench/reset-app.mjs\" --target odoo" --json
[converge] round 2 rerecord 03-create (compile refusal; also named: 08-open): exit 1
[converge] round 3 compile: /opt/node22/bin/node /home/user/sitelooper/bin/sitelooper.js compile /home/user/sitelooper/bench/results/flows/fwod88-cv.json --out /home/user/sitelooper/bench/results/fwod88-cv-c3-compile --overwrite-spec --json
[converge] round 3 compile: exit 0
[converge] round 3 artifact: /opt/node22/bin/node /home/user/sitelooper/bench/spec-replay.mjs --flow /home/user/sitelooper/bench/results/flows/fwod88-cv.json --skills /home/user/sitelooper/bench/results/fwod88-cv-skills --tag fwod88-cv-c3 --target odoo --reset --out /home/user/sitelooper/bench/results
[converge] round 3 artifact: exit 1
[converge] round 3: artifact failed (exit 1, verified 0/6); anchors none
[converge] round 3 repair: /opt/node22/bin/node /home/user/sitelooper/bin/sitelooper.js repair /home/user/sitelooper/bench/results/fwod88-cv-c3-compile/fwod88-cv.flow.ts --var runid=fwod88-cv-p3n{n} --converge 1 --reset-cmd "\"/opt/node22/bin/node\" \"/home/user/sitelooper/bench/reset-app.mjs\" --target odoo" --out /home/user/sitelooper/bench/results/fwod88-cv-c3-compile/fwod88-cv.repaired.flow.ts --json
[converge] round 3 repair: exit 2
[converge] fwod88-cv: stuck — artifact failed, repair did not converge, and no step to re-record was named; rounds 3, flow runs 6, model turns 75
fwod88-cv: stuck — artifact failed, repair did not converge, and no step to re-record was named; rounds 3, flow runs 6, model turns 75
