
[sweep] run 1/3: fwod80-n1 (store: /home/user/sitelooper/bench/results/fwod80-skills)
[harness] odoo: defaulting APP_URL
[harness] odoo: defaulting APP_EMAIL
[harness] odoo: defaulting APP_PASSWORD
[reset] odoo: no leftover bench customers
[harness] odoo responded 303 at http://127.0.0.1:8069/
stopped: fwod80-n1
  flow "fwod80" saved: 7 step(s), vars runid → /home/user/sitelooper/bench/results/flows/fwod80.json
  warning: note: dropped 4 locator candidate(s) carrying a value this run minted (known only by export time)
  warning: note: 8 goal/report value(s) carrying a value this run made were slotted or dropped:
  s_1ea017.reportTemplate.values.record_id dropped (recorded literal of a value this run made)
  s_1ea017.reportTemplate.summary dropped (narrates a value this run made)
  s_621e9a.reportTemplate.summary slotted "44" → {{v4}}
  s_93ce88.reportTemplate.values.ref_2 dropped (recorded literal of a value this run made)
  s_93ce88.reportTemplate.summary dropped (narrates a value this run made)
  s_cc634b.reportTemplate.values.order_id dropped (recorded literal of a value this run made)
  s_cc634b.reportTemplate.summary dropped (narrates a value this run made)
  s_e5897d.reportTemplate.summary slotted "21" → {{v4}}
  warning: note: 01-login no longer publishes record_id, model — no replay reads them from the page and the recording showed no line to read
  warning: note: 02-create no longer publishes untaxed_amount, order_lines_count, order_id, ref_2 — no replay reads them from the page and the recording showed no line to read
  warning: note: 03-open no longer publishes second_line_tax, ref_3 — no replay reads them from the page and the recording showed no line to read
  warning: note: 04-open no longer publishes second_line_product, ref_2, ref_3 — no replay reads them from the page and the recording showed no line to read
  warning: note: 05-open no longer publishes ref_2, ref_3 — no replay reads them from the page and the recording showed no line to read
  warning: warning: contradicted-step: 07-verify read s00021_status "Cancelled" right after 06-open reported "Sales Order"; 06-open's change may not have landed and a later step may be retrying it. Re-record 06-open.
  warning: warning: 142 other value(s) the run saw survived unslotted, judged by shape only (usually page copy; non-fatal):
  flow.steps[0].instruction: "Benchville" (output) in "Go to http://127.0.0.1:8069/ and log in with username admin and password {{env:APP_PASSWORD}} (enter the password text exactly as provided). Then create a new c"
  flow.steps[0].params.v6: "Benchville" (output) in "Benchville"
  flow.steps[0].route: "res.partner" (output) in "http://127.0.0.1:8069/web#action=:id&cids=:id&id=:id&menu_id=:id&model=res.partner&view_type=form"
  flow.steps[6].route: "res.partner" (output) in "http://127.0.0.1:8069/web#action=:id&cids=:id&id=:id&menu_id=:id&model=res.partner&view_type=form"
  s_1ea017.preconditions.urlPattern: "res.partner" (output) in "http://127.0.0.1:8069/web#action={{d4}}&cids={{d2}}&id={{d6}}&menu_id={{d5}}&model=res.partner&view_type=form"
arm=sitelooper model=z-ai/glm-5.3 runid=fwod80-n1 stop=completed
turns=8 wall=451.9s
commands=7 cmdTime=416.4s cmdBytes=9478 timeouts=0
orchestrator in=20528 cw=0 cr=16960 out=3569
inner prompt=2800928 cached=2608128 completion=33225
spend=$0.1061 maxUsd=3
learn: A_n=0 replayed=0/7 full=0 repaired=0 compiled=7 variants=0
-> /home/user/sitelooper/bench/results/fwod80-n1-sitelooper-result.json

fwod80-n1: objectives passed 6/6
  obj 1: PASS — city="Benchville"
  obj 2: PASS — orders for customer: 1, lines: 2
  obj 3: PASS — 2 lines, 2 distinct products
  obj 4: PASS — quantities: 5, 2
  obj 5: PASS — state tracking shows confirmation
  obj 6: PASS — final state=cancel, ref=S00021

[sweep] run 2/3: fwod80-n2 (replay flow fwod80, no orchestrator)
[reset] odoo: deleted 1 leftover bench order(s)
[reset] odoo: deleted 1 leftover bench customer(s)

fwod80-n2: objectives passed 6/6
  obj 1: PASS — city="Benchville"
  obj 2: PASS — orders for customer: 1, lines: 2
  obj 3: PASS — 2 lines, 2 distinct products
  obj 4: PASS — quantities: 5, 2
  obj 5: PASS — state tracking shows confirmation
  obj 6: PASS — final state=cancel, ref=S00022

[sweep] run 3/3: fwod80-n3 (replay flow fwod80, no orchestrator)
[reset] odoo: deleted 1 leftover bench order(s)
[reset] odoo: deleted 1 leftover bench customer(s)

fwod80-n3: objectives passed 6/6
  obj 1: PASS — city="Benchville"
  obj 2: PASS — orders for customer: 1, lines: 2
  obj 3: PASS — 2 lines, 2 distinct products
  obj 4: PASS — quantities: 5, 2
  obj 5: PASS — state tracking shows confirmation
  obj 6: PASS — final state=cancel, ref=S00023

Learning sweep fwod80 (K=3)
┌─────────┬───┬─────────────┬──────────┬─────────────┬───────┬──────┬───────────┬─────┬──────────────┬────────┐
│ (index) │ n │ runid       │ verified │ stop        │ turns │ cmds │ total_usd │ A_n │ replayed     │ wall_s │
├─────────┼───┼─────────────┼──────────┼─────────────┼───────┼──────┼───────────┼─────┼──────────────┼────────┤
│ 0       │ 1 │ 'fwod80-n1' │ '6/6'    │ 'completed' │ 8     │ 7    │ 0.1061    │ 0   │ '0/7'        │ 452    │
│ 1       │ 2 │ 'fwod80-n2' │ '6/6'    │ 'success'   │ 0     │ 7    │ 0         │ 1   │ '7/7 (flow)' │ 101    │
│ 2       │ 3 │ 'fwod80-n3' │ '6/6'    │ 'success'   │ 0     │ 7    │ 0         │ 1   │ '7/7 (flow)' │ 101    │
└─────────┴───┴─────────────┴──────────┴─────────────┴───────┴──────┴───────────┴─────┴──────────────┴────────┘
http://127.0.0.1:8069
  s_1ea017  validated    3 steps  3/3 (100%)
           Go to {{v2}} and log in with username {{v3}} and password {{v4}} (enter the password text exactly as provided)…
  s_1f7b2b  validated   12 steps  3/3 (100%)
           In Odoo, create a new quotation (Sales app > New, or Sales > Orders > Quotations > New). Set the Customer to '…
  s_29d0a5  validated    2 steps  3/3 (100%)
           Go to {{v2}} and log in with username {{v3}} and password {{v4}} (enter the password text exactly as provided)…
  s_31762e  validated    2 steps  3/3 (100%)
           In Odoo, create a new quotation (Sales app > New, or Sales > Orders > Quotations > New). Set the Customer to '…
  s_42758d  validated    4 steps  3/3 (100%)
           Open the existing quotation {{v1}} in Odoo Sales (customer '{{v2}}', two lines: Acoustic Bloc Screens qty 5, O…
  s_621e9a  validated    3 steps  3/3 (100%)
           Verify two records in Odoo and report their current state: (1) the contact '{{v1}}' — report its name and City…
  s_63e7a1  validated    3 steps  3/3 (100%)
           Go to {{v2}} and log in with username {{v3}} and password {{v4}} (enter the password text exactly as provided)…
  s_6f711a  validated    3 steps  3/3 (100%)
           Go to {{v2}} and log in with username {{v3}} and password {{v4}} (enter the password text exactly as provided)…
  s_7125b2  validated    5 steps  3/3 (100%)
           Verify two records in Odoo and report their current state: (1) the contact '{{v1}}' — report its name and City…
  s_93ce88  validated   27 steps  3/3 (100%)
           Open the existing quotation {{v1}} in Odoo Sales (it has two lines: 'Acoustic Bloc Screens' qty 3 and 'Office …
  s_9ee7a6  validated    3 steps  3/3 (100%)
           Go to {{v2}} and log in with username {{v3}} and password {{v4}} (enter the password text exactly as provided)…
  s_a907ce  validated    9 steps  3/3 (100%)
           Open the confirmed sales order {{v1}} in Odoo Sales (customer '{{v2}}'). Cancel the order using the Cancel but…
  s_cc634b  validated   12 steps  3/3 (100%)
           In Odoo, create a new quotation (Sales app > New, or Sales > Orders > Quotations > New). Set the Customer to '…
  s_e5897d  validated   30 steps  3/3 (100%)
           Open the existing quotation {{v1}} (for customer '{{v2}}') in Odoo Sales. Add a SECOND order line to it: choos…
  s_efa547  validated    1 steps  3/3 (100%)
           In Odoo, create a new quotation (Sales app > New, or Sales > Orders > Quotations > New). Set the Customer to '…
  s_fc4b66  validated    1 steps  3/3 (100%)
           Go to {{v2}} and log in with username {{v3}} and password {{v4}} (enter the password text exactly as provided)…
store: /home/user/sitelooper/bench/results/fwod80-skills

summary: /home/user/sitelooper/bench/results/fwod80-sweep.json
