
[sweep] run 1/3: fwod59-n1 (store: /home/user/sitelooper/bench/results/fwod59-skills)
[harness] odoo: defaulting APP_URL
[harness] odoo: defaulting APP_EMAIL
[harness] odoo: defaulting APP_PASSWORD
[reset] odoo: no leftover bench customers
[harness] odoo responded 303 at http://127.0.0.1:8069/
stopped: fwod59-n1
  flow "fwod59" saved: 6 step(s), vars runid → /home/user/sitelooper/bench/results/flows/fwod59.json
  warning: note: dropped 2 locator candidate(s) carrying a value this run minted (known only by export time)
  warning: note: 11 goal/report value(s) carrying a value this run made were slotted or dropped:
  s_47928c.reportTemplate.values.record_id dropped (recorded literal of a value this run made)
  s_69752c.reportTemplate.values.record_id dropped (recorded literal of a value this run made)
  s_69752c.reportTemplate.summary dropped (narrates a value this run made)
  s_948cdc.reportTemplate.values.record_id dropped (recorded literal of a value this run made)
  s_dfccc6.goal.requireText[0] dropped (names a value this run made, with no slot to bind it)
  s_dfccc6.reportTemplate.values.customer_name dropped (recorded literal of a value this run made)
  s_dfccc6.reportTemplate.values.screenshot dropped (recorded literal of a value this run made)
  s_f57470.reportTemplate.values.sale_order_id dropped (recorded literal of a value this run made)
  s_f7950f.goal.requireText[1] dropped (names a value this run made, with no slot to bind it)
  s_f7950f.reportTemplate.values.sale_order_id dropped (recorded literal of a value this run made)
  s_f7950f.reportTemplate.values.quotation_url dropped (recorded literal of a value this run made)
  warning: note: 01-open no longer publishes record_id — no replay reads it from the page and the recording showed no line to read
  warning: note: 02-open no longer publishes sale_order_id, product_name, line_subtotal, untaxed_amount, currency, tax, tax_amount_value, product_code — no replay reads them from the page and the recording showed no line to read
  warning: note: 03-open no longer publishes second_line_product, product_name, new_untaxed_amount, currency, sale_order_id, first_line_product, tax_rate, product_code — no replay reads them from the page and the recording showed no line to read
  warning: note: 04-change no longer publishes first_line_product, second_line_product, new_untaxed_amount, currency, ref, ref_2 — no replay reads them from the page and the recording showed no line to read
  warning: note: 05-report no longer publishes status_shown, statusbar_current, statusbar_all, record_id, new_buttons_present, statusbar_quotation — no replay reads them from the page and the recording showed no line to read
  warning: note: 06-report no longer publishes statusbar_read, statusbar_current — no replay reads them from the page and the recording showed no line to read
  warning: warning: 213 other value(s) the run saw survived unslotted, judged by shape only (usually page copy; non-fatal):
  flow.steps[0].instruction: "Benchville" (output) in "Open http://127.0.0.1:8069/ and sign in with login 'admin' and password 'admin'. Then open the Contacts app and create a new contact named '{{runid}} Bench Cust"
  flow.steps[0].params.v4: "Benchville" (output) in "Benchville"
  flow.steps[2].skill: "s_f7950f" (output) in "s_f7950f"
  flow.steps[4].instruction: "Sales Order" (output) in "In Odoo Sales, on quotation {{02-open.quotation_reference}}, click Confirm to confirm the quotation so it becomes a sales order. Report the order reference (nam"
  flow.steps[5].instruction: "Cancelled" (output) in "In Odoo Sales, on the confirmed sales order {{02-open.quotation_reference}}, cancel the order (use the Cancel button and confirm any dialog that appears). Repor"
arm=sitelooper model=z-ai/glm-5.3 runid=fwod59-n1 stop=completed
turns=7 wall=524.1s
commands=6 cmdTime=486.7s cmdBytes=8541 timeouts=0
orchestrator in=8141 cw=0 cr=21696 out=2834
inner prompt=2042787 cached=1888512 completion=31237
spend=$0.0771 maxUsd=3
learn: A_n=0 replayed=0/6 full=0 repaired=0 compiled=6 variants=0
-> /home/user/sitelooper/bench/results/fwod59-n1-sitelooper-result.json

fwod59-n1: objectives passed 6/6
  obj 1: PASS — city="Benchville"
  obj 2: PASS — orders for customer: 1, lines: 2
  obj 3: PASS — 2 lines, 2 distinct products
  obj 4: PASS — quantities: 5, 2
  obj 5: PASS — state tracking shows confirmation
  obj 6: PASS — final state=cancel, ref=S00021

[sweep] run 2/3: fwod59-n2 (replay flow fwod59, no orchestrator)
[reset] odoo: deleted 1 leftover bench order(s)
[reset] odoo: deleted 1 leftover bench customer(s)

fwod59-n2: objectives passed 6/6
  obj 1: PASS — city="Benchville"
  obj 2: PASS — orders for customer: 1, lines: 2
  obj 3: PASS — 2 lines, 2 distinct products
  obj 4: PASS — quantities: 5, 2
  obj 5: PASS — state tracking shows confirmation
  obj 6: PASS — final state=cancel, ref=S00022

[sweep] run 3/3: fwod59-n3 (replay flow fwod59, no orchestrator)
[reset] odoo: deleted 1 leftover bench order(s)
[reset] odoo: deleted 1 leftover bench customer(s)

fwod59-n3: objectives passed 6/6
  obj 1: PASS — city="Benchville"
  obj 2: PASS — orders for customer: 1, lines: 2
  obj 3: PASS — 2 lines, 2 distinct products
  obj 4: PASS — quantities: 5, 2
  obj 5: PASS — state tracking shows confirmation
  obj 6: PASS — final state=cancel, ref=S00023

Learning sweep fwod59 (K=3)
┌─────────┬───┬─────────────┬──────────┬─────────────┬───────┬──────┬───────────┬─────┬──────────────┬────────┐
│ (index) │ n │ runid       │ verified │ stop        │ turns │ cmds │ total_usd │ A_n │ replayed     │ wall_s │
├─────────┼───┼─────────────┼──────────┼─────────────┼───────┼──────┼───────────┼─────┼──────────────┼────────┤
│ 0       │ 1 │ 'fwod59-n1' │ '6/6'    │ 'completed' │ 7     │ 6    │ 0.0771    │ 0   │ '0/6'        │ 524    │
│ 1       │ 2 │ 'fwod59-n2' │ '6/6'    │ 'success'   │ 0     │ 6    │ 0         │ 1   │ '6/6 (flow)' │ 48     │
│ 2       │ 3 │ 'fwod59-n3' │ '6/6'    │ 'success'   │ 0     │ 6    │ 0         │ 1   │ '6/6 (flow)' │ 48     │
└─────────┴───┴─────────────┴──────────┴─────────────┴───────┴──────┴───────────┴─────┴──────────────┴────────┘
http://127.0.0.1:8069
  s_40a00e  validated    1 steps  3/3 (100%)
           In Odoo (already signed in as admin), open the Sales app and create a new quotation for customer '{{v1}}' (use…
  s_44126e  validated    1 steps  3/3 (100%)
           Open {{v2}} and sign in with login 'admin' and password 'admin'. Then open the Contacts app and create a new c…
  s_47928c  validated    3 steps  3/3 (100%)
           In Odoo Sales, on quotation {{v1}}, click Confirm to confirm the quotation so it becomes a sales order. Report…
  s_69752c  validated    2 steps  3/3 (100%)
           Open {{v2}} and sign in with login 'admin' and password 'admin'. Then open the Contacts app and create a new c…
  s_820892  validated    2 steps  3/3 (100%)
           In Odoo (already signed in as admin), open the Sales app and create a new quotation for customer '{{v1}}' (use…
  s_9346b1  validated    4 steps  3/3 (100%)
           Open {{v2}} and sign in with login 'admin' and password 'admin'. Then open the Contacts app and create a new c…
  s_948cdc  validated    9 steps  3/3 (100%)
           In Odoo Sales, on the confirmed sales order {{v1}}, cancel the order (use the Cancel button and confirm any di…
  s_dfccc6  validated   21 steps  3/3 (100%)
           In Odoo Sales, on the quotation {{v1}} (currently two lines: Acoustic Bloc Screens qty 3 @ {{v2}}, Cabinet wit…
  s_e9f650  validated    2 steps  3/3 (100%)
           Open {{v2}} and sign in with login 'admin' and password 'admin'. Then open the Contacts app and create a new c…
  s_eb6124  validated    3 steps  3/3 (100%)
           Open {{v2}} and sign in with login 'admin' and password 'admin'. Then open the Contacts app and create a new c…
  s_f4663d  validated    1 steps  3/3 (100%)
           Open {{v2}} and sign in with login 'admin' and password 'admin'. Then open the Contacts app and create a new c…
  s_f57470  validated    9 steps  3/3 (100%)
           In Odoo (already signed in as admin), open the Sales app and create a new quotation for customer '{{v1}}' (use…
  s_f7950f  validated   25 steps  3/3 (100%)
           In Odoo Sales, open the existing quotation {{v1}} for customer '{{v2}}' (find it via the Sales orders list or …
  s_f976c7  validated    8 steps  3/3 (100%)
           In Odoo (already signed in as admin), open the Sales app and create a new quotation for customer '{{v1}}' (use…
store: /home/user/sitelooper/bench/results/fwod59-skills

summary: /home/user/sitelooper/bench/results/fwod59-sweep.json
