
[sweep] run 1/3: fwod37-n1 (store: /home/user/sitelooper/bench/results/fwod37-skills)
[harness] odoo: defaulting APP_URL
[harness] odoo: defaulting APP_EMAIL
[harness] odoo: defaulting APP_PASSWORD
[reset] odoo: no leftover bench customers
[harness] odoo responded 303 at http://127.0.0.1:8069/
stopped: fwod37-n1
  flow "fwod37" saved: 8 step(s), vars runid → /home/user/sitelooper/bench/results/flows/fwod37.json
  warning: note: dropped 7 locator candidate(s) carrying a value this run minted (known only by export time)
  warning: note: 1 step(s) adopted from non-success instruction(s) whose work the session continued from (02-create) — they replay model-first with doubled budget, and a non-success there does not halt the flow
  warning: warning: contradicted-step: 08-open read breadcrumb "Contacts > fwod37-n1 Bench Customer" right after 07-open reported "Quotations > S00021"; 07-open's change may not have landed and a later step may be retrying it. Re-record 07-open.
  warning: warning: 12 value(s) KNOWN to be this run's survived unslotted — a replay will act on or wait for the recording's value (non-fatal outside locators):
  flow.warnings[0]: "fwod37-n1" (var) in "contradicted-step: 08-open read breadcrumb \"Contacts > fwod37-n1 Bench Customer\" right after 07-open reported \"Quotations > S00021\"; 07-open's change may not ha"
  s_95c714.reportTemplate.summary: "44" (url) in "From the Contacts app I searched the 'Search...' box for '{{v1}}' and clicked the 'Search Name for: {{v1}}' filter, which returned exactly one record. Opening i"
  s_95c714.reportTemplate.values.record_id: "44" (url) in "44"
  s_95c714.reportTemplate.values.contact_record_url: "44" (url) in "http://127.0.0.1:8069/web#id=44&cids=1&menu_id=109&action=156&model=res.partner&view_type=form"
  s_9b86be.reportTemplate.summary: "21" (url) in "The previously unsaved Odoo Sales quotation form was already intact (no modal was blocking it on inspection), so I simply clicked Save manually. The save succee"
  s_9b86be.reportTemplate.values.record_id: "21" (url) in "21"
  s_c7016c.reportTemplate.summary: "44" (url) in "Signed in to the Odoo instance at {{v2}} as admin, opened the Contacts app, and created a new contact with the name exactly '{{v1}} Bench Customer' and Address "
  s_c7016c.reportTemplate.values.record_id: "44" (url) in "44"
  s_c7016c.reportTemplate.values.record_url: "44" (url) in "http://127.0.0.1:8069/web#cids=1&menu_id=109&action=156&model=res.partner&view_type=form&id=44"
  s_e689c1.goal.requireText[0]: "21" (url) in "http://127.0.0.1:8069/web#cids=1&menu_id=194&action=316&model=sale.order&view_type=form&id=21"
  s_e689c1.reportTemplate.summary: "21" (url) in "On the saved quotation {{v1}} I entered edit mode on the first order line, changed the quantity of {{v2}} from 3 to 5, and saved manually. The save persisted: t"
  s_e689c1.reportTemplate.values.record_url: "21" (url) in "http://127.0.0.1:8069/web#cids=1&menu_id=194&action=316&model=sale.order&view_type=form&id=21"
  warning: warning: 239 other value(s) the run saw survived unslotted, judged by shape only (usually page copy; non-fatal):
  flow.steps[0].instruction: "Benchville" (output) in "Open http://127.0.0.1:8069/ and sign in with username admin and password admin. Then create a new customer (contact) named exactly '{{runid}} Bench Customer' wi"
  flow.steps[0].route: "res.partner" (output) in "http://127.0.0.1:8069/web#action=:id&cids=:id&id=:id&menu_id=:id&model=res.partner&view_type=form"
  flow.steps[5].instruction: "Sales Order" (output) in "On the open Odoo sales quotation {{03-open.quotation_reference}}, click the 'Confirm' button so the quotation becomes a sales order. Wait for the record to be c"
  flow.steps[5].instruction: "Quotation" (output) in "On the open Odoo sales quotation {{03-open.quotation_reference}}, click the 'Confirm' button so the quotation becomes a sales order. Wait for the record to be c"
  flow.steps[6].instruction: "Sales Order" (output) in "On the open Odoo sales order {{03-open.quotation_reference}} (currently confirmed, status 'Sales Order'), cancel the order: click the 'Cancel' button and confir"
  warning: {{02-create.product_name}} (used by 03-open) can only be re-observed by model recovery — consider re-recording so the value is read from the page.
  warning: {{02-create.unit_price}} (used by 03-open) can only be re-observed by model recovery — consider re-recording so the value is read from the page.
arm=sitelooper model=z-ai/glm-5.3 runid=fwod37-n1 stop=completed
turns=9 wall=696.7s
commands=8 cmdTime=631.5s cmdBytes=14319 timeouts=0
orchestrator in=10340 cw=0 cr=39616 out=3052
inner prompt=3023369 cached=2814208 completion=35376
spend=$0.0992 maxUsd=3
learn: A_n=0 replayed=0/8 full=0 repaired=0 compiled=7 variants=0
-> /home/user/sitelooper/bench/results/fwod37-n1-sitelooper-result.json

fwod37-n1: objectives passed 6/6
  obj 1: PASS — city="Benchville"
  obj 2: PASS — orders for customer: 1, lines: 2
  obj 3: PASS — 2 lines, 2 distinct products
  obj 4: PASS — quantities: 5, 2
  obj 5: PASS — state tracking shows confirmation
  obj 6: PASS — final state=cancel, ref=S00021

[sweep] run 2/3: fwod37-n2 (replay flow fwod37, no orchestrator)
[reset] odoo: deleted 1 leftover bench order(s)
[reset] odoo: deleted 1 leftover bench customer(s)
[sweep] fwod37-n2: 2 drift ticket(s) → fwod37-n2-drift.json

fwod37-n2: objectives passed 6/6
  obj 1: PASS — city="Benchville"
  obj 2: PASS — orders for customer: 1, lines: 2
  obj 3: PASS — 2 lines, 2 distinct products
  obj 4: PASS — quantities: 5, 2
  obj 5: PASS — state tracking shows confirmation
  obj 6: PASS — final state=cancel, ref=S00022

[sweep] run 3/3: fwod37-n3 (replay flow fwod37, no orchestrator)
[reset] odoo: deleted 1 leftover bench order(s)
[reset] odoo: deleted 1 leftover bench customer(s)
[sweep] fwod37-n3: 3 drift ticket(s) → fwod37-n3-drift.json

fwod37-n3: objectives passed 6/6
  obj 1: PASS — city="Benchville"
  obj 2: PASS — orders for customer: 1, lines: 2
  obj 3: PASS — 2 lines, 2 distinct products
  obj 4: PASS — quantities: 5, 2
  obj 5: PASS — state tracking shows confirmation
  obj 6: PASS — final state=cancel, ref=S00023

Learning sweep fwod37 (K=3)
┌─────────┬───┬─────────────┬──────────┬─────────────┬───────┬──────┬───────────┬─────┬──────────────┬────────┐
│ (index) │ n │ runid       │ verified │ stop        │ turns │ cmds │ total_usd │ A_n │ replayed     │ wall_s │
├─────────┼───┼─────────────┼──────────┼─────────────┼───────┼──────┼───────────┼─────┼──────────────┼────────┤
│ 0       │ 1 │ 'fwod37-n1' │ '6/6'    │ 'completed' │ 9     │ 8    │ 0.0992    │ 0   │ '0/8'        │ 697    │
│ 1       │ 2 │ 'fwod37-n2' │ '6/6'    │ 'success'   │ 59    │ 8    │ 0.0187    │ 1   │ '7/8 (flow)' │ 379    │
│ 2       │ 3 │ 'fwod37-n3' │ '6/6'    │ 'success'   │ 60    │ 8    │ 0.0261    │ 1   │ '8/8 (flow)' │ 517    │
└─────────┴───┴─────────────┴──────────┴─────────────┴───────┴──────┴───────────┴─────┴──────────────┴────────┘
http://127.0.0.1:8069
  s_01d40e  validated    1 steps  3/3 (100%)
           Open {{v2}} and sign in with username admin and password admin. Then create a new customer (contact) named exa…
  s_0756b6  validated    2 steps  3/3 (100%)
           In Odoo, open the contact record for '{{v1}}' (find it via the Contacts app search) and report the exact Name …
  s_0c6491  validated    2 steps  3/3 (100%)
           Open {{v2}} and sign in with username admin and password admin. Then create a new customer (contact) named exa…
  s_16bfa1  validated    1 steps  3/3 (100%)
           The Odoo Sales quotation form for customer '{{v1}}' with one order line ({{v3}}, quantity 3, unit price {{v4}}…
  s_2c3798  validated    3 steps  3/3 (100%)
           Open {{v2}} and sign in with username admin and password admin. Then create a new customer (contact) named exa…
  s_4149ef  validated    3 steps  3/3 (100%)
           In Odoo, open the contact record for '{{v1}}' (find it via the Contacts app search) and report the exact Name …
  s_478e23  validated   29 steps  3/3 (100%)
           On the open Odoo sales quotation {{v1}} (customer '{{v2}}'), add a SECOND order line: use the 'Add a line' / a…
  s_5cf03d  validated    2 steps  3/3 (100%)
           Open {{v2}} and sign in with username admin and password admin. Then create a new customer (contact) named exa…
  s_95c714  validated    4 steps  3/3 (100%)
           In Odoo, open the contact record for '{{v1}}' (find it via the Contacts app search) and report the exact Name …
  s_9a0599  validated   14 steps  3/3 (100%)
           On the open Odoo sales order {{v1}} (currently confirmed, status '{{v2}}'), cancel the order: click the 'Cance…
  s_9b86be  validated    8 steps  3/3 (100%)
           The Odoo Sales quotation form for customer '{{v1}}' with one order line ({{v3}}, quantity 3, unit price {{v4}}…
  s_c7016c  validated    5 steps  3/3 (100%)
           Open {{v2}} and sign in with username admin and password admin. Then create a new customer (contact) named exa…
  s_ce58a8  validated    2 steps  3/3 (100%)
           Open {{v2}} and sign in with username admin and password admin. Then create a new customer (contact) named exa…
  s_cf1b8a  validated    6 steps  3/3 (100%)
           On the open Odoo sales quotation {{v1}}, click the 'Confirm' button so the quotation becomes a sales order. Wa…
  s_e689c1  validated   24 steps  3/3 (100%)
           On the open Odoo sales quotation {{v1}}, change the QUANTITY of the FIRST order line (product {{v2}}) from 3 t…
  s_47bf64  provisional  1 steps  1/1 (100%)
           In Odoo, go to the Sales app and create a new quotation for the customer '{{v2}}' (the customer field is an au…
  s_4f492f  provisional 33 steps  1/1 (100%)
           In Odoo, go to the Sales app and create a new quotation for the customer '{{v2}}' (the customer field is an au…
  s_779381  provisional  6 steps  1/1 (100%)
           In Odoo, go to the Sales app and create a new quotation for the customer '{{v2}}' (the customer field is an au…
  s_c5a40a  provisional  2 steps  1/1 (100%)
           In Odoo, go to the Sales app and create a new quotation for the customer '{{v2}}' (the customer field is an au…
store: /home/user/sitelooper/bench/results/fwod37-skills

summary: /home/user/sitelooper/bench/results/fwod37-sweep.json
