
[sweep] run 1/3: fwod77-n1 (store: /home/user/sitelooper/bench/results/fwod77-skills)
[harness] odoo: defaulting APP_URL
[harness] odoo: defaulting APP_EMAIL
[harness] odoo: defaulting APP_PASSWORD
[reset] odoo: no leftover bench customers
[harness] odoo responded 303 at http://127.0.0.1:8069/
stopped: fwod77-n1
  flow "fwod77" saved: 7 step(s), vars runid → /home/user/sitelooper/bench/results/flows/fwod77.json
  warning: note: dropped 3 locator candidate(s) carrying a value this run minted (known only by export time)
  warning: note: 16 goal/report value(s) carrying a value this run made were slotted or dropped:
  s_4e2f47.reportTemplate.values.quotation_url slotted "21" → {{v6}}
  s_61a1cf.reportTemplate.values.quotation_id dropped (recorded literal of a value this run made)
  s_61a1cf.reportTemplate.values.quotation_url dropped (recorded literal of a value this run made)
  s_61a1cf.reportTemplate.summary dropped (narrates a value this run made)
  s_796f4c.reportTemplate.values.customer_id dropped (recorded literal of a value this run made)
  s_796f4c.reportTemplate.values.customer_url dropped (recorded literal of a value this run made)
  s_796f4c.reportTemplate.summary dropped (narrates a value this run made)
  s_8e953e.reportTemplate.values.quotation_url slotted "21" → {{v5}}
  s_8e953e.reportTemplate.summary slotted "21" → {{v5}}
  s_bd5df9.reportTemplate.values.record_id dropped (recorded literal of a value this run made)
  s_bd5df9.reportTemplate.values.record_url dropped (recorded literal of a value this run made)
  s_bd5df9.reportTemplate.summary dropped (narrates a value this run made)
  s_c97f0b.reportTemplate.values.order_id dropped (recorded literal of a value this run made)
  s_c97f0b.reportTemplate.values.order_url dropped (recorded literal of a value this run made)
  s_c97f0b.reportTemplate.summary dropped (narrates a value this run made)
  s_cea196.reportTemplate.values.order_url slotted "21" → {{v4}}
  warning: note: 01-open no longer publishes record_id — no replay reads it from the page and the recording showed no line to read
  warning: note: 02-create no longer publishes product_display, untaxed_amount, quotation_id, status, untaxed_amount_column — no replay reads them from the page and the recording showed no line to read
  warning: note: 03-open no longer publishes status, new_line2_product, line2_product_internal_reference, line1_product_internal_reference — no replay reads them from the page and the recording showed no line to read
  warning: note: 04-open no longer publishes status, first_line_quantity, first_line_unit_price, first_line_subtotal, second_line_product, second_line_quantity, second_line_unit_price, second_line_subtotal, new_untaxed_amount, list_view_total_after_save, line2_product_internal_reference — no replay reads them from the page and the recording showed no line to read
  warning: note: 05-open no longer publishes statusbar_steps, order_id, line1_product_internal_reference, line2_product_internal_reference — no replay reads them from the page and the recording showed no line to read
  warning: note: 06-open no longer publishes statusbar_labels — no replay reads it from the page and the recording showed no line to read
  warning: note: 07-open no longer publishes customer_id, sales_order_status, sales_order_untaxed_amount, sales_order_total_with_tax, list_view_status, list_view_total, customer_url — no replay reads them from the page and the recording showed no line to read
  warning: warning: 152 other value(s) the run saw survived unslotted, judged by shape only (usually page copy; non-fatal):
  flow.steps[0].instruction: "Benchville" (output) in "Open http://127.0.0.1:8069/ and sign in with login 'admin' and password 'admin' (skip the database selector screen if one appears by choosing the default/only d"
  flow.steps[0].params.v4: "Benchville" (output) in "Benchville"
  s_497cff.steps[3].expect.addedContains[2]: "[FURN_6666] Acoustic Bloc Screens" (output) in "- option \"[FURN_6666] Acoustic Bloc Screens\""
  s_497cff.steps[3].expect.addedContains[2]: "Acoustic Bloc Screens" (output) in "- option \"[FURN_6666] Acoustic Bloc Screens\""
  s_497cff.steps[3].expect.addedContains[2]: "FURN_6666" (output) in "- option \"[FURN_6666] Acoustic Bloc Screens\""
  warning: {{02-create.product_name}} (used by 03-open) can only be re-observed by model recovery — consider re-recording so the value is read from the page.
  warning: {{02-create.product_internal_reference}} (used by 04-open) can only be re-observed by model recovery — consider re-recording so the value is read from the page.
  warning: 02-create reports product_name, product_internal_reference, but no segment of the procedure it pins (s_81c2c2, through its last segment s_61a1cf) re-reads them from the page — a replay without the model will succeed without those values; re-record so a read for them lands in s_61a1cf.
arm=sitelooper model=z-ai/glm-5.3 runid=fwod77-n1 stop=completed
turns=8 wall=503.7s
commands=7 cmdTime=462.3s cmdBytes=9348 timeouts=0
orchestrator in=15990 cw=0 cr=19840 out=3055
inner prompt=3333175 cached=3109760 completion=45820
spend=$0.1117 maxUsd=3
learn: A_n=0 replayed=0/7 full=0 repaired=0 compiled=7 variants=0
-> /home/user/sitelooper/bench/results/fwod77-n1-sitelooper-result.json

fwod77-n1: objectives passed 6/6
  obj 1: PASS — city="Benchville"
  obj 2: PASS — orders for customer: 1, lines: 2
  obj 3: PASS — 2 lines, 2 distinct products
  obj 4: PASS — quantities: 5, 2
  obj 5: PASS — state tracking shows confirmation
  obj 6: PASS — final state=cancel, ref=S00021

[sweep] run 2/3: fwod77-n2 (replay flow fwod77, no orchestrator)
[reset] odoo: deleted 1 leftover bench order(s)
[reset] odoo: deleted 1 leftover bench customer(s)

fwod77-n2: objectives passed 6/6
  obj 1: PASS — city="Benchville"
  obj 2: PASS — orders for customer: 1, lines: 2
  obj 3: PASS — 2 lines, 2 distinct products
  obj 4: PASS — quantities: 5, 2
  obj 5: PASS — state tracking shows confirmation
  obj 6: PASS — final state=cancel, ref=S00022

[sweep] run 3/3: fwod77-n3 (replay flow fwod77, no orchestrator)
[reset] odoo: deleted 1 leftover bench order(s)
[reset] odoo: deleted 1 leftover bench customer(s)

fwod77-n3: objectives passed 6/6
  obj 1: PASS — city="Benchville"
  obj 2: PASS — orders for customer: 1, lines: 2
  obj 3: PASS — 2 lines, 2 distinct products
  obj 4: PASS — quantities: 5, 2
  obj 5: PASS — state tracking shows confirmation
  obj 6: PASS — final state=cancel, ref=S00023

Learning sweep fwod77 (K=3)
┌─────────┬───┬─────────────┬──────────┬─────────────┬───────┬──────┬───────────┬─────┬──────────────┬────────┐
│ (index) │ n │ runid       │ verified │ stop        │ turns │ cmds │ total_usd │ A_n │ replayed     │ wall_s │
├─────────┼───┼─────────────┼──────────┼─────────────┼───────┼──────┼───────────┼─────┼──────────────┼────────┤
│ 0       │ 1 │ 'fwod77-n1' │ '6/6'    │ 'completed' │ 8     │ 7    │ 0.1117    │ 0   │ '0/7'        │ 504    │
│ 1       │ 2 │ 'fwod77-n2' │ '6/6'    │ 'success'   │ 0     │ 7    │ 0         │ 1   │ '7/7 (flow)' │ 93     │
│ 2       │ 3 │ 'fwod77-n3' │ '6/6'    │ 'success'   │ 0     │ 7    │ 0         │ 1   │ '7/7 (flow)' │ 93     │
└─────────┴───┴─────────────┴──────────┴─────────────┴───────┴──────┴───────────┴─────┴──────────────┴────────┘
http://127.0.0.1:8069
  s_2bd85f  validated    1 steps  3/3 (100%)
           In the Odoo Sales app, create a new quotation (Sales > Orders > Quotations > New) for the customer '{{v1}}' — …
  s_32c6ea  validated    1 steps  3/3 (100%)
           Final verification, read-only (do not modify anything): (1) Open the contact '{{v1}}' in Odoo and report its C…
  s_497cff  validated    7 steps  3/3 (100%)
           In the Odoo Sales app, create a new quotation (Sales > Orders > Quotations > New) for the customer '{{v1}}' — …
  s_4e2f47  validated    2 steps  3/3 (100%)
           Open the existing draft quotation {{v1}} (customer '{{v2}}') in the Odoo Sales app. Change the FIRST order lin…
  s_53757f  validated    1 steps  3/3 (100%)
           Open the existing draft quotation {{v1}} (customer '{{v2}}') in the Odoo Sales app. First verify the order lin…
  s_6091e5  validated   14 steps  3/3 (100%)
           Open the confirmed sales order {{v1}} (customer '{{v2}}') in the Odoo Sales app. Cancel the order using the Ca…
  s_61a1cf  validated    8 steps  3/3 (100%)
           In the Odoo Sales app, create a new quotation (Sales > Orders > Quotations > New) for the customer '{{v1}}' — …
  s_796f4c  validated    4 steps  3/3 (100%)
           Final verification, read-only (do not modify anything): (1) Open the contact '{{v1}}' in Odoo and report its C…
  s_7ba513  validated    1 steps  3/3 (100%)
           Final verification, read-only (do not modify anything): (1) Open the contact '{{v1}}' in Odoo and report its C…
  s_7fd57d  validated    1 steps  3/3 (100%)
           Open {{v2}} and sign in with login 'admin' and password 'admin' (skip the database selector screen if one appe…
  s_81c2c2  validated    2 steps  3/3 (100%)
           In the Odoo Sales app, create a new quotation (Sales > Orders > Quotations > New) for the customer '{{v1}}' — …
  s_8e953e  validated   20 steps  3/3 (100%)
           Open the existing draft quotation {{v1}} (customer '{{v2}}') in the Odoo Sales app. Add a SECOND order line be…
  s_977dc1  validated    1 steps  3/3 (100%)
           Open the existing draft quotation {{v1}} (customer '{{v2}}') in the Odoo Sales app. Change the FIRST order lin…
  s_b06646  validated    3 steps  3/3 (100%)
           Open {{v2}} and sign in with login 'admin' and password 'admin' (skip the database selector screen if one appe…
  s_b44223  validated    5 steps  3/3 (100%)
           Open {{v2}} and sign in with login 'admin' and password 'admin' (skip the database selector screen if one appe…
  s_b5058c  validated   11 steps  3/3 (100%)
           Open the existing draft quotation {{v1}} (customer '{{v2}}') in the Odoo Sales app. Change the FIRST order lin…
  s_bd5df9  validated    4 steps  3/3 (100%)
           Open {{v2}} and sign in with login 'admin' and password 'admin' (skip the database selector screen if one appe…
  s_be3910  validated    5 steps  3/3 (100%)
           Open the existing draft quotation {{v1}} (customer '{{v2}}') in the Odoo Sales app. Change the FIRST order lin…
  s_c97f0b  validated    8 steps  3/3 (100%)
           Open the existing draft quotation {{v1}} (customer '{{v2}}') in the Odoo Sales app. First verify the order lin…
  s_cea196  validated    4 steps  3/3 (100%)
           Open the confirmed sales order {{v1}} (customer '{{v2}}') in the Odoo Sales app. Cancel the order using the Ca…
  s_ecb4d0  validated    1 steps  3/3 (100%)
           Open {{v2}} and sign in with login 'admin' and password 'admin' (skip the database selector screen if one appe…
  s_f221b1  validated    2 steps  3/3 (100%)
           Open {{v2}} and sign in with login 'admin' and password 'admin' (skip the database selector screen if one appe…
store: /home/user/sitelooper/bench/results/fwod77-skills

summary: /home/user/sitelooper/bench/results/fwod77-sweep.json
