
[sweep] run 1/3: fwod99-n1 (store: /home/user/sitelooper/bench/results/fwod99-skills)
[harness] odoo: defaulting APP_URL
[harness] odoo: defaulting APP_EMAIL
[harness] odoo: defaulting APP_PASSWORD
[reset] odoo: no leftover bench customers
[harness] odoo responded 303 at http://127.0.0.1:8069/
stopped: fwod99-n1
  flow "fwod99" saved: 6 step(s), vars runid → /home/user/sitelooper/bench/results/flows/fwod99.json
  warning: note: 10 goal/report value(s) carrying a value this run made were slotted or dropped:
  s_02010f.reportTemplate.values.sale_order_id dropped (recorded literal of a value this run made)
  s_139188.reportTemplate.summary dropped (narrates a value this run made)
  s_3f16ef.reportTemplate.values.sale_order_id dropped (recorded literal of a value this run made)
  s_3f16ef.reportTemplate.summary dropped (narrates a value this run made)
  s_422a41.reportTemplate.values.sale_order_id dropped (recorded literal of a value this run made)
  s_422a41.reportTemplate.summary dropped (narrates a value this run made)
  s_6bfbe1.reportTemplate.values.sale_order_id dropped (recorded literal of a value this run made)
  s_6bfbe1.reportTemplate.values.customer dropped (recorded literal of a value this run made)
  s_6bfbe1.reportTemplate.summary dropped (narrates a value this run made)
  s_d4b91a.reportTemplate.summary dropped (narrates a value this run made)
  warning: note: 01-signin no longer publishes model — no replay reads it from the page and the recording showed no line to read
  warning: warning: 02-create's instruction asks to report untaxed_amount, and no replay can publish it: nothing in its procedure reads it from the page, so export dropped it — re-record the step so the value is read, not only reported
  warning: note: 02-create no longer publishes currency, line_count, line1_subtotal_cell, product_internal_ref — no replay reads them from the page and the recording showed no line to read
  warning: note: 03-open no longer publishes sale_order_id, order_line_count, currency, line_taxes_label_cell, ref — no replay reads them from the page and the recording showed no line to read
  warning: note: 04-change no longer publishes sale_order_id, line1_qty_old, ref — no replay reads them from the page and the recording showed no line to read
  warning: note: 05-report no longer publishes sale_order_id, status_shown, statusbar_buttons, statusbar_current_class, newly_visible_controls, confirm_button_present, div_o_statusbar_status_b_2 — no replay reads them from the page and the recording showed no line to read
  warning: note: 06-report no longer publishes sale_order_id, statusbar_states_in_order, newly_visible_controls_after_cancel, confirm_dialog_action_button, confirm_dialog_cancel_button — no replay reads them from the page and the recording showed no line to read
  warning: warning: 184 other value(s) the run saw survived unslotted, judged by shape only (usually page copy; non-fatal):
  flow.steps[0].instruction: "Benchville" (output) in "Sign in to Odoo 17 at http://127.0.0.1:8069/ as user admin with password {{env:APP_PASSWORD}} (type the password text exactly as '{{env:APP_PASSWORD}}'), then c"
  flow.steps[0].params.v5: "Benchville" (output) in "Benchville"
  flow.steps[0].route: "res.partner" (output) in "http://127.0.0.1:8069/web#action=:id&cids=:id&id=:id&menu_id=:id&model=res.partner&view_type=form"
  flow.steps[4].instruction: "Sales Order" (output) in "Confirm quotation {{02-create.quotation_number}} in Odoo Sales so it becomes a sales order (use the Confirm button, accept any confirmation dialog). Then report"
  flow.steps[5].instruction: "Cancelled" (output) in "Cancel the confirmed sales order {{02-create.quotation_number}} in Odoo Sales so nothing stays active (use the Cancel button or the Action menu's Cancel option;"
arm=sitelooper model=z-ai/glm-5.3 runid=fwod99-n1 stop=completed
turns=7 wall=352.6s
commands=6 cmdTime=307.5s cmdBytes=8448 timeouts=0
orchestrator in=12934 cw=0 cr=16576 out=1100
inner prompt=1779865 cached=1646848 completion=23237
spend=$0.0665 maxUsd=3
learn: A_n=0 replayed=0/6 full=0 repaired=0 compiled=6 variants=0
-> /home/user/sitelooper/bench/results/fwod99-n1-sitelooper-result.json

fwod99-n1: objectives passed 6/6
  obj 1: PASS — city="Benchville"
  obj 2: PASS — orders for customer: 1, lines: 2
  obj 3: PASS — 2 lines, 2 distinct products
  obj 4: PASS — quantities: 5, 2
  obj 5: PASS — state tracking shows confirmation
  obj 6: PASS — final state=cancel, ref=S00021

[sweep] run 2/3: fwod99-n2 (replay flow fwod99, no orchestrator)
[reset] odoo: deleted 1 leftover bench order(s)
[reset] odoo: deleted 1 leftover bench customer(s)

fwod99-n2: objectives passed 6/6
  obj 1: PASS — city="Benchville"
  obj 2: PASS — orders for customer: 1, lines: 2
  obj 3: PASS — 2 lines, 2 distinct products
  obj 4: PASS — quantities: 5, 2
  obj 5: PASS — state tracking shows confirmation
  obj 6: PASS — final state=cancel, ref=S00022

[sweep] run 3/3: fwod99-n3 (replay flow fwod99, no orchestrator)
[reset] odoo: deleted 1 leftover bench order(s)
[reset] odoo: deleted 1 leftover bench customer(s)

fwod99-n3: objectives passed 6/6
  obj 1: PASS — city="Benchville"
  obj 2: PASS — orders for customer: 1, lines: 2
  obj 3: PASS — 2 lines, 2 distinct products
  obj 4: PASS — quantities: 5, 2
  obj 5: PASS — state tracking shows confirmation
  obj 6: PASS — final state=cancel, ref=S00023

Learning sweep fwod99 (K=3)
┌─────────┬───┬─────────────┬──────────┬─────────────┬───────┬──────┬───────────┬─────┬──────────────┬────────┐
│ (index) │ n │ runid       │ verified │ stop        │ turns │ cmds │ total_usd │ A_n │ replayed     │ wall_s │
├─────────┼───┼─────────────┼──────────┼─────────────┼───────┼──────┼───────────┼─────┼──────────────┼────────┤
│ 0       │ 1 │ 'fwod99-n1' │ '6/6'    │ 'completed' │ 7     │ 6    │ 0.0665    │ 0   │ '0/6'        │ 353    │
│ 1       │ 2 │ 'fwod99-n2' │ '6/6'    │ 'success'   │ 0     │ 6    │ 0         │ 1   │ '6/6 (flow)' │ 111    │
│ 2       │ 3 │ 'fwod99-n3' │ '6/6'    │ 'success'   │ 0     │ 6    │ 0         │ 1   │ '6/6 (flow)' │ 110    │
└─────────┴───┴─────────────┴──────────┴─────────────┴───────┴──────┴───────────┴─────┴──────────────┴────────┘
http://127.0.0.1:8069
  s_02010f  validated   19 steps  3/3 (100%)
           Cancel the confirmed sales order {{v1}} in Odoo Sales so nothing stays active (use the Cancel button or the Ac…
  s_09ed2b  validated   10 steps  3/3 (100%)
           In Odoo 17, create a new quotation in the Sales app for customer '{{v1}}' (choose from the customer autocomple…
  s_139188  validated   14 steps  3/3 (100%)
           In Odoo 17, create a new quotation in the Sales app for customer '{{v1}}' (choose from the customer autocomple…
  s_1427fc  validated    1 steps  3/3 (100%)
           In Odoo 17, create a new quotation in the Sales app for customer '{{v1}}' (choose from the customer autocomple…
  s_2641b6  validated    3 steps  3/3 (100%)
           Sign in to Odoo 17 at {{v2}} as user {{v3}} with password {{env:APP_PASSWORD}} (type the password text exactly…
  s_3f16ef  validated    6 steps  3/3 (100%)
           Confirm quotation {{v1}} in Odoo Sales so it becomes a sales order (use the Confirm button, accept any confirm…
  s_422a41  validated   25 steps  3/3 (100%)
           On quotation {{v1}} in Odoo Sales, change the quantity of the FIRST order line (Acoustic Bloc Screens) from 3 …
  s_6bfbe1  validated   27 steps  3/3 (100%)
           Open quotation {{v1}} in Odoo Sales and add a SECOND order line with a DIFFERENT product than 'Acoustic Bloc S…
  s_a4ccba  validated    1 steps  3/3 (100%)
           Sign in to Odoo 17 at {{v2}} as user {{v3}} with password {{env:APP_PASSWORD}} (type the password text exactly…
  s_c23553  validated    2 steps  3/3 (100%)
           In Odoo 17, create a new quotation in the Sales app for customer '{{v1}}' (choose from the customer autocomple…
  s_cd6b0c  validated    3 steps  3/3 (100%)
           Sign in to Odoo 17 at {{v2}} as user {{v3}} with password {{env:APP_PASSWORD}} (type the password text exactly…
  s_d43261  validated    1 steps  3/3 (100%)
           Sign in to Odoo 17 at {{v2}} as user {{v3}} with password {{env:APP_PASSWORD}} (type the password text exactly…
  s_d4b91a  validated    5 steps  3/3 (100%)
           Sign in to Odoo 17 at {{v2}} as user {{v3}} with password {{env:APP_PASSWORD}} (type the password text exactly…
  s_f401c7  validated    2 steps  3/3 (100%)
           Sign in to Odoo 17 at {{v2}} as user {{v3}} with password {{env:APP_PASSWORD}} (type the password text exactly…
store: /home/user/sitelooper/bench/results/fwod99-skills

summary: /home/user/sitelooper/bench/results/fwod99-sweep.json
