[converge] from fwod88: 9 step(s), store copied to /home/user/sitelooper/bench/results/fwod88-cv3-skills, flow /home/user/sitelooper/bench/results/flows/fwod88-cv3.json
[converge] round 1 compile: /opt/node22/bin/node /home/user/sitelooper/bin/sitelooper.js compile /home/user/sitelooper/bench/results/flows/fwod88-cv3.json --out /home/user/sitelooper/bench/results/fwod88-cv3-c1-compile --overwrite-spec --json
[converge] round 1 compile: exit 2
[converge] round 1: compile refused (unsourced-ref@04-open, unsourced-ref@05-open, unsourced-ref@06-open, unsourced-ref@07-open, unsourced-ref@08-open, unsourced-ref@09-report); rerecord steps: 03-create, 08-open
[converge] round 1 rerecord 03-create (compile refusal; also named: 08-open) — asked to read quotation_reference: /opt/node22/bin/node /home/user/sitelooper/bin/sitelooper.js rerecord /home/user/sitelooper/bench/results/flows/fwod88-cv3.json 03-create --var runid=fwod88-cv3-r1n{n} --runs 2 --reset-cmd "\"/opt/node22/bin/node\" \"/home/user/sitelooper/bench/reset-app.mjs\" --target odoo" --instruction-file /home/user/sitelooper/bench/results/fwod88-cv3-03-create-instruction.txt --json
[converge] round 1 rerecord 03-create (compile refusal; also named: 08-open) — asked to read quotation_reference: exit 0
[converge] round 2 compile: /opt/node22/bin/node /home/user/sitelooper/bin/sitelooper.js compile /home/user/sitelooper/bench/results/flows/fwod88-cv3.json --out /home/user/sitelooper/bench/results/fwod88-cv3-c2-compile --overwrite-spec --json
[converge] round 2 compile: exit 0
[converge] round 2 artifact: /opt/node22/bin/node /home/user/sitelooper/bench/spec-replay.mjs --flow /home/user/sitelooper/bench/results/flows/fwod88-cv3.json --skills /home/user/sitelooper/bench/results/fwod88-cv3-skills --tag fwod88-cv3-c2 --target odoo --reset --out /home/user/sitelooper/bench/results
[converge] round 2 artifact: exit 1
[converge] round 2: artifact failed (exit 1, verified 0/6); anchors 01-signin
[converge] round 2 repair: /opt/node22/bin/node /home/user/sitelooper/bin/sitelooper.js repair /home/user/sitelooper/bench/results/fwod88-cv3-c2-compile/fwod88-cv3.flow.ts --var runid=fwod88-cv3-p2n{n} --converge 1 --reset-cmd "\"/opt/node22/bin/node\" \"/home/user/sitelooper/bench/reset-app.mjs\" --target odoo" --json
[converge] round 2 repair: exit 4
[converge] round 2 rerecord 01-signin (artifact failed at this step): /opt/node22/bin/node /home/user/sitelooper/bin/sitelooper.js rerecord /home/user/sitelooper/bench/results/flows/fwod88-cv3.json 01-signin --var runid=fwod88-cv3-r2n{n} --runs 2 --reset-cmd "\"/opt/node22/bin/node\" \"/home/user/sitelooper/bench/reset-app.mjs\" --target odoo" --json
[converge] round 2 rerecord 01-signin (artifact failed at this step): exit 1
[converge] round 3 compile: /opt/node22/bin/node /home/user/sitelooper/bin/sitelooper.js compile /home/user/sitelooper/bench/results/flows/fwod88-cv3.json --out /home/user/sitelooper/bench/results/fwod88-cv3-c3-compile --overwrite-spec --json
[converge] round 3 compile: exit 2
[converge] round 3: compile refused (blocked); rerecord steps: 01-signin, 08-open
[converge] round 3 rerecord 01-signin (compile refusal; also named: 08-open): /opt/node22/bin/node /home/user/sitelooper/bin/sitelooper.js rerecord /home/user/sitelooper/bench/results/flows/fwod88-cv3.json 01-signin --var runid=fwod88-cv3-r3n{n} --runs 2 --reset-cmd "\"/opt/node22/bin/node\" \"/home/user/sitelooper/bench/reset-app.mjs\" --target odoo" --json
[converge] round 3 rerecord 01-signin (compile refusal; also named: 08-open): exit 1
[converge] round 4 compile: /opt/node22/bin/node /home/user/sitelooper/bin/sitelooper.js compile /home/user/sitelooper/bench/results/flows/fwod88-cv3.json --out /home/user/sitelooper/bench/results/fwod88-cv3-c4-compile --overwrite-spec --json
[converge] round 4 compile: exit 2
[converge] round 4: compile refused (blocked); rerecord steps: 01-signin, 08-open
[converge] round 4 rerecord 01-signin (compile refusal; also named: 08-open): /opt/node22/bin/node /home/user/sitelooper/bin/sitelooper.js rerecord /home/user/sitelooper/bench/results/flows/fwod88-cv3.json 01-signin --var runid=fwod88-cv3-r4n{n} --runs 2 --reset-cmd "\"/opt/node22/bin/node\" \"/home/user/sitelooper/bench/reset-app.mjs\" --target odoo" --json
[converge] round 4 rerecord 01-signin (compile refusal; also named: 08-open): exit 0
[converge] fwod88-cv3: exhausted — 4 round(s) without a passing artifact; rounds 4, flow runs 11, model turns 74
fwod88-cv3: exhausted — 4 round(s) without a passing artifact; rounds 4, flow runs 11, model turns 74
