
[sweep] run 1/3: fwod62-n1 (store: /home/user/sitelooper/bench/results/fwod62-skills)
[harness] odoo: defaulting APP_URL
[harness] odoo: defaulting APP_EMAIL
[harness] odoo: defaulting APP_PASSWORD
[reset] odoo: no leftover bench customers
[harness] odoo responded 303 at http://127.0.0.1:8069/
stopped: fwod62-n1
  flow "fwod62" saved: 9 step(s), vars runid → /home/user/sitelooper/bench/results/flows/fwod62.json
  warning: note: 16 goal/report value(s) carrying a value this run made were slotted or dropped:
  s_1eded2.reportTemplate.values.contact_id dropped (recorded literal of a value this run made)
  s_1eded2.reportTemplate.values.contact_url dropped (recorded literal of a value this run made)
  s_1eded2.reportTemplate.summary dropped (narrates a value this run made)
  s_22a4d6.reportTemplate.values.record_id dropped (recorded literal of a value this run made)
  s_22a4d6.reportTemplate.summary dropped (narrates a value this run made)
  s_282ddd.reportTemplate.values.record_id dropped (recorded literal of a value this run made)
  s_282ddd.reportTemplate.summary dropped (narrates a value this run made)
  s_329b27.reportTemplate.values.partner_id dropped (recorded literal of a value this run made)
  s_329b27.reportTemplate.values.saved_contact_url dropped (recorded literal of a value this run made)
  s_329b27.reportTemplate.summary dropped (narrates a value this run made)
  s_69266c.goal.requireText[2] slotted "21" → {{v5}}
  s_69266c.reportTemplate.values.cancelled_url slotted "21" → {{v5}}
  s_69266c.reportTemplate.summary slotted "21" → {{v5}}
  s_d605ad.reportTemplate.values.record_id dropped (recorded literal of a value this run made)
  s_d605ad.reportTemplate.summary dropped (narrates a value this run made)
  s_f45028.reportTemplate.summary dropped (narrates a value this run made)
  warning: note: 01-signin no longer publishes app_switcher_entries — no replay reads it from the page and the recording showed no line to read
  warning: note: 02-create no longer publishes partner_id — no replay reads it from the page and the recording showed no line to read
  warning: note: 04-open no longer publishes page_title, record_id, untaxed_amount, statusbar_stage, product_reference — no replay reads them from the page and the recording showed no line to read
  warning: note: 05-add no longer publishes record_id, form_dirty_after_save — no replay reads them from the page and the recording showed no line to read
  warning: note: 06-change no longer publishes record_id — no replay reads it from the page and the recording showed no line to read
  warning: note: 07-report no longer publishes statusbar, confirm_button_present — no replay reads them from the page and the recording showed no line to read
  warning: note: 08-report no longer publishes statusbar_state — no replay reads it from the page and the recording showed no line to read
  warning: note: 09-create no longer publishes contact_id, contact_url, order_statusbar, order_tax — no replay reads them from the page and the recording showed no line to read
  warning: note: 1 step(s) adopted from non-success instruction(s) whose work the session continued from (03-create) — they replay model-first with doubled budget, and a non-success there does not halt the flow
  warning: warning: contradicted-step: 07-report read screenshot "/home/user/sitelooper/S00021_confirmed_sales_order.png" right after 06-change reported "/home/user/sitelooper/quotation_S00021_qty5.png"; 06-change's change may not have landed and a later step may be retrying it. Re-record 06-change.
  warning: warning: 132 other value(s) the run saw survived unslotted, judged by shape only (usually page copy; non-fatal):
  flow.steps[0].route: "ir.module.module" (url) in "http://127.0.0.1:8069/web#action=:id&cids=:id&menu_id=:id&model=ir.module.module&view_type=kanban"
  flow.steps[1].instruction: "Benchville" (output) in "Create a new customer contact in Odoo: go to the Contacts app, click Create, and fill in the Name field with exactly '{{runid}} Bench Customer' and the City fie"
  flow.steps[2].instruction: "Quotations" (output) in "In the Odoo Sales app, create a new quotation: click Sales > Quotations (Orders), click New/Create, and in the Customer field type '{{runid}} Bench Customer' an"
  flow.steps[3].instruction: "Quotations" (output) in "There should be an open, unsaved Odoo quotation form in the browser (breadcrumb 'Quotations / New', customer '{{runid}} Bench Customer', one order line for prod"
  flow.steps[7].instruction: "Cancelled" (output) in "On the confirmed Odoo sales order {{04-open.quotation_reference}} (customer '{{runid}} Bench Customer', status 'Sales Order', Untaxed Amount £644.00), CANCEL th"
  warning: {{03-create.product_name_selected}} (used by 04-open) can only be re-observed by model recovery, and 04-open's procedure types or locates by it — so `sitelooper spec` will REFUSE to compile this flow (unsourced-ref) until 03-create reads product_name_selected from an element. Re-record 03-create now, while this session is still open.
  warning: {{03-create.unit_price_observed}} (used by 05-add) can only be re-observed by model recovery — consider re-recording so the value is read from the page.
arm=sitelooper model=z-ai/glm-5.3 runid=fwod62-n1 stop=completed
turns=11 wall=657.9s
commands=10 cmdTime=540.1s cmdBytes=14985 timeouts=0
orchestrator in=19388 cw=0 cr=40832 out=5378
inner prompt=3918062 cached=3669120 completion=40037
spend=$0.1338 maxUsd=3
learn: A_n=0 replayed=0/9 full=0 repaired=0 compiled=8 variants=0
-> /home/user/sitelooper/bench/results/fwod62-n1-sitelooper-result.json

fwod62-n1: objectives passed 6/6
  obj 1: PASS — city="Benchville"
  obj 2: PASS — orders for customer: 1, lines: 2
  obj 3: PASS — 2 lines, 2 distinct products
  obj 4: PASS — quantities: 5, 2
  obj 5: PASS — state tracking shows confirmation
  obj 6: PASS — final state=cancel, ref=S00021

[sweep] run 2/3: fwod62-n2 (replay flow fwod62, no orchestrator)
[reset] odoo: deleted 1 leftover bench order(s)
[reset] odoo: deleted 1 leftover bench customer(s)
[sweep] fwod62-n2: 1 drift ticket(s) → fwod62-n2-drift.json

fwod62-n2: objectives passed 6/6
  obj 1: PASS — city="Benchville"
  obj 2: PASS — orders for customer: 1, lines: 2
  obj 3: PASS — 2 lines, 2 distinct products
  obj 4: PASS — quantities: 5, 2
  obj 5: PASS — state tracking shows confirmation
  obj 6: PASS — final state=cancel, ref=S00022
[sweep] fwod62-n2: 03-create has no pinned skill — 28 model turn(s), on every replay

[sweep] run 3/3: fwod62-n3 (replay flow fwod62, no orchestrator)
[reset] odoo: deleted 1 leftover bench order(s)
[reset] odoo: deleted 1 leftover bench customer(s)

fwod62-n3: objectives passed 6/6
  obj 1: PASS — city="Benchville"
  obj 2: PASS — orders for customer: 1, lines: 2
  obj 3: PASS — 2 lines, 2 distinct products
  obj 4: PASS — quantities: 5, 2
  obj 5: PASS — state tracking shows confirmation
  obj 6: PASS — final state=cancel, ref=S00023

Learning sweep fwod62 (K=3)
┌─────────┬───┬─────────────┬──────────┬─────────────┬───────┬──────┬───────────┬──────┬──────────────┬────────┐
│ (index) │ n │ runid       │ verified │ stop        │ turns │ cmds │ total_usd │ A_n  │ replayed     │ wall_s │
├─────────┼───┼─────────────┼──────────┼─────────────┼───────┼──────┼───────────┼──────┼──────────────┼────────┤
│ 0       │ 1 │ 'fwod62-n1' │ '6/6'    │ 'completed' │ 11    │ 10   │ 0.1338    │ 0    │ '0/9'        │ 658    │
│ 1       │ 2 │ 'fwod62-n2' │ '6/6'    │ 'success'   │ 32    │ 9    │ 0.0174    │ 0.78 │ '9/9 (flow)' │ 204    │
│ 2       │ 3 │ 'fwod62-n3' │ '6/6'    │ 'success'   │ 0     │ 9    │ 0         │ 1    │ '9/9 (flow)' │ 86     │
└─────────┴───┴─────────────┴──────────┴─────────────┴───────┴──────┴───────────┴──────┴──────────────┴────────┘
http://127.0.0.1:8069
  s_1eded2  validated    9 steps  3/3 (100%)
           Final verification, read-only (do not create or edit anything): (1) Open the contact record for '{{v1}}' (sear…
  s_282ddd  validated   16 steps  3/3 (100%)
           On the saved Odoo quotation {{v1}} (customer '{{v2}}'), which currently has two order lines — line 1: '{{v4}}'…
  s_2e348a  validated    1 steps  3/3 (100%)
           Create a new customer contact in Odoo: go to the Contacts app, click Create, and fill in the Name field with e…
  s_329b27  validated    3 steps  3/3 (100%)
           Create a new customer contact in Odoo: go to the Contacts app, click Create, and fill in the Name field with e…
  s_51b8db  validated    1 steps  3/3 (100%)
           Final verification, read-only (do not create or edit anything): (1) Open the contact record for '{{v1}}' (sear…
  s_5b3d4d  validated    4 steps  3/3 (100%)
           Final verification, read-only (do not create or edit anything): (1) Open the contact record for '{{v1}}' (sear…
  s_69266c  validated   16 steps  3/3 (100%)
           On the confirmed Odoo sales order {{v1}} (customer '{{v2}}', status 'Sales Order', Untaxed Amount £644.00), CA…
  s_772690  validated    4 steps  3/3 (100%)
           Sign in to Odoo with login 'admin' and password 'admin' (email field = admin, password field = admin), submit …
  s_8f8951  validated    3 steps  3/3 (100%)
           Sign in to Odoo with login 'admin' and password 'admin' (email field = admin, password field = admin), submit …
  s_a0faf4  validated    3 steps  3/3 (100%)
           Sign in to Odoo with login 'admin' and password 'admin' (email field = admin, password field = admin), submit …
  s_c91383  validated    1 steps  3/3 (100%)
           Final verification, read-only (do not create or edit anything): (1) Open the contact record for '{{v1}}' (sear…
  s_d605ad  validated   15 steps  3/3 (100%)
           On the saved Odoo quotation {{v1}} (customer '{{v2}}', currently one order line: '{{v4}}', qty 3, unit price {…
  s_dd0cd9  validated    2 steps  3/3 (100%)
           Create a new customer contact in Odoo: go to the Contacts app, click Create, and fill in the Name field with e…
  s_f45028  validated   13 steps  3/3 (100%)
           On the saved Odoo quotation {{v1}} (customer '{{v2}}', two order lines: Office Chair qty 5 @ {{v4}}, Corner De…
  s_feedb0  validated    3 steps  3/3 (100%)
           Create a new customer contact in Odoo: go to the Contacts app, click Create, and fill in the Name field with e…
  s_1239db  validated   12 steps  2/2 (100%)  variant of s_512d43
           There should be an open, unsaved Odoo quotation form in the browser (breadcrumb 'Quotations / New', customer '…
  s_512d43  provisional  1 steps  1/2 (50%)
           There should be an open, unsaved Odoo quotation form in the browser (breadcrumb 'Quotations / New', customer '…
  s_5ccec4  validated    2 steps  2/2 (100%)
           In the Odoo Sales app, create a new quotation: click Sales > Quotations (Orders), click New/Create, and in the…
  s_b07b8f  validated    1 steps  2/2 (100%)
           In the Odoo Sales app, create a new quotation: click Sales > Quotations (Orders), click New/Create, and in the…
  s_d96075  validated   10 steps  2/2 (100%)
           In the Odoo Sales app, create a new quotation: click Sales > Quotations (Orders), click New/Create, and in the…
  s_f6e9c8  validated   15 steps  2/2 (100%)
           In the Odoo Sales app, create a new quotation: click Sales > Quotations (Orders), click New/Create, and in the…
  s_22a4d6  provisional  8 steps  1/1 (100%)
           There should be an open, unsaved Odoo quotation form in the browser (breadcrumb 'Quotations / New', customer '…
store: /home/user/sitelooper/bench/results/fwod62-skills

summary: /home/user/sitelooper/bench/results/fwod62-sweep.json
