
[sweep] run 1/3: fwod68-n1 (store: /home/user/sitelooper/bench/results/fwod68-skills)
[harness] odoo: defaulting APP_URL
[harness] odoo: defaulting APP_EMAIL
[harness] odoo: defaulting APP_PASSWORD
[reset] odoo: no leftover bench customers
[harness] odoo responded 303 at http://127.0.0.1:8069/
stopped: fwod68-n1
  flow "fwod68" saved: 8 step(s), vars runid → /home/user/sitelooper/bench/results/flows/fwod68.json
  warning: note: dropped 4 locator candidate(s) carrying a value this run minted (known only by export time)
  warning: note: 19 goal/report value(s) carrying a value this run made were slotted or dropped:
  s_482305.reportTemplate.values.record_id dropped (recorded literal of a value this run made)
  s_482305.reportTemplate.summary dropped (narrates a value this run made)
  s_57b3f1.reportTemplate.summary slotted "21" → {{v15}}
  s_5e3ea7.reportTemplate.values.record_id dropped (recorded literal of a value this run made)
  s_5e3ea7.reportTemplate.values.record_url dropped (recorded literal of a value this run made)
  s_5e3ea7.reportTemplate.summary dropped (narrates a value this run made)
  s_78ed96.reportTemplate.summary slotted "21" → {{v8}}
  s_c0b913.reportTemplate.values.contact_id dropped (recorded literal of a value this run made)
  s_c0b913.reportTemplate.values.contact_record_url dropped (recorded literal of a value this run made)
  s_c0b913.reportTemplate.values.order_id dropped (recorded literal of a value this run made)
  s_c0b913.reportTemplate.values.order_url dropped (recorded literal of a value this run made)
  s_c0b913.reportTemplate.summary dropped (narrates a value this run made)
  s_c490bd.goal.requireText[0] dropped (names a value this run made, with no slot to bind it)
  s_c490bd.reportTemplate.values.record_id dropped (recorded literal of a value this run made)
  s_c490bd.reportTemplate.values.order_url dropped (recorded literal of a value this run made)
  s_c490bd.reportTemplate.summary dropped (narrates a value this run made)
  s_e615cc.reportTemplate.values.record_id dropped (recorded literal of a value this run made)
  s_e615cc.reportTemplate.values.order_url dropped (recorded literal of a value this run made)
  s_e615cc.reportTemplate.summary dropped (narrates a value this run made)
  warning: note: 01-signin no longer publishes record_model, record_id — no replay reads them from the page and the recording showed no line to read
  warning: note: 03-open no longer publishes record_id, untaxed_amount, order_line_count, statusbar, product_ref — no replay reads them from the page and the recording showed no line to read
  warning: note: 04-open no longer publishes order_line_count, statusbar, line_2_product_ref — no replay reads them from the page and the recording showed no line to read
  warning: note: 06-open no longer publishes record_id — no replay reads it from the page and the recording showed no line to read
  warning: note: 07-open no longer publishes record_id — no replay reads it from the page and the recording showed no line to read
  warning: note: 08-report no longer publishes contact_id, contact_type, order_id, order_status, order_untaxed_amount, order_tax_20_percent, order_total, order_line_1, order_url, read_only, line_1_product_ref, line_2_product_ref — no replay reads them from the page and the recording showed no line to read
  warning: note: 1 step(s) adopted from non-success instruction(s) whose work the session continued from (02-create) — they replay model-first with doubled budget, and a non-success there does not halt the flow
  warning: warning: 144 other value(s) the run saw survived unslotted, judged by shape only (usually page copy; non-fatal):
  flow.steps[0].instruction: "Benchville" (output) in "Sign in to Odoo at http://127.0.0.1:8069/ with login 'admin' and password 'admin' (use the login form at /web/login). Then create a new customer contact named e"
  flow.steps[0].params.v3: "Benchville" (output) in "Benchville"
  flow.steps[0].route: "res.partner" (output) in "http://127.0.0.1:8069/web#action=:id&cids=:id&id=:id&menu_id=:id&model=res.partner&view_type=form"
  flow.steps[5].instruction: "Sales Order" (output) in "In Odoo Sales (already signed in as admin), open the saved quotation {{03-open.quotation_reference}} for customer '{{runid}} Bench Customer' (two lines: {{02-cr"
  flow.steps[6].instruction: "Sales Order" (output) in "In Odoo Sales (already signed in as admin), open the confirmed sales order {{03-open.quotation_reference}} for customer '{{runid}} Bench Customer' (statusbar cu"
  warning: {{02-create.product_name}} (used by 04-open) can only be re-observed by model recovery — consider re-recording so the value is read from the page.
  warning: {{02-create.unit_price}} (used by 04-open) can only be re-observed by model recovery — consider re-recording so the value is read from the page.
  warning: {{02-create.line_subtotal}} (used by 04-open) can only be re-observed by model recovery — consider re-recording so the value is read from the page.
  warning: {{02-create.quantity}} (used by 05-open) can only be re-observed by model recovery, and 05-open's procedure types or locates by it — so `sitelooper spec` will REFUSE to compile this flow (unsourced-ref) until 02-create reads quantity from an element. Re-record 02-create now, while this session is still open.
  warning: {{04-open.line_2_product}} (used by 05-open) can only be re-observed by model recovery — consider re-recording so the value is read from the page.
  warning: {{05-open.statusbar}} (used by 06-open) can only be re-observed by model recovery — consider re-recording so the value is read from the page.
  warning: 04-open reports line_2_product, but no segment of the procedure it pins (s_78ed96, with any later segment of its chain) re-reads it from the page — a replay without the model will succeed without that value; re-record so a read for it lands in that procedure's last segment.
  warning: 05-open reports statusbar, but no segment of the procedure it pins (s_57b3f1, with any later segment of its chain) re-reads it from the page — a replay without the model will succeed without that value; re-record so a read for it lands in that procedure's last segment.
arm=sitelooper model=z-ai/glm-5.3 runid=fwod68-n1 stop=completed
turns=10 wall=742.6s
commands=9 cmdTime=668.1s cmdBytes=11792 timeouts=0
orchestrator in=22489 cw=0 cr=26560 out=5235
inner prompt=4597357 cached=4306560 completion=51300
spend=$0.1487 maxUsd=3
learn: A_n=0 replayed=0/8 full=0 repaired=0 compiled=7 variants=0
-> /home/user/sitelooper/bench/results/fwod68-n1-sitelooper-result.json

fwod68-n1: objectives passed 6/6
  obj 1: PASS — city="Benchville"
  obj 2: PASS — orders for customer: 1, lines: 2
  obj 3: PASS — 2 lines, 2 distinct products
  obj 4: PASS — quantities: 5, 2
  obj 5: PASS — state tracking shows confirmation
  obj 6: PASS — final state=cancel, ref=S00021

[sweep] run 2/3: fwod68-n2 (replay flow fwod68, no orchestrator)
[reset] odoo: deleted 1 leftover bench order(s)
[reset] odoo: deleted 1 leftover bench customer(s)

fwod68-n2: objectives passed 6/6
  obj 1: PASS — city="Benchville"
  obj 2: PASS — orders for customer: 1, lines: 2
  obj 3: PASS — 2 lines, 2 distinct products
  obj 4: PASS — quantities: 5, 2
  obj 5: PASS — state tracking shows confirmation
  obj 6: PASS — final state=cancel, ref=S00022
[sweep] fwod68-n2: 02-create has no pinned skill — 59 model turn(s), on every replay

[sweep] run 3/3: fwod68-n3 (replay flow fwod68, no orchestrator)
[reset] odoo: deleted 1 leftover bench order(s)
[reset] odoo: deleted 1 leftover bench customer(s)

fwod68-n3: objectives passed 6/6
  obj 1: PASS — city="Benchville"
  obj 2: PASS — orders for customer: 1, lines: 2
  obj 3: PASS — 2 lines, 2 distinct products
  obj 4: PASS — quantities: 5, 2
  obj 5: PASS — state tracking shows confirmation
  obj 6: PASS — final state=cancel, ref=S00023

Learning sweep fwod68 (K=3)
┌─────────┬───┬─────────────┬──────────┬─────────────┬───────┬──────┬───────────┬──────┬──────────────┬────────┐
│ (index) │ n │ runid       │ verified │ stop        │ turns │ cmds │ total_usd │ A_n  │ replayed     │ wall_s │
├─────────┼───┼─────────────┼──────────┼─────────────┼───────┼──────┼───────────┼──────┼──────────────┼────────┤
│ 0       │ 1 │ 'fwod68-n1' │ '6/6'    │ 'completed' │ 10    │ 9    │ 0.1487    │ 0    │ '0/8'        │ 743    │
│ 1       │ 2 │ 'fwod68-n2' │ '6/6'    │ 'success'   │ 65    │ 8    │ 0.0258    │ 0.75 │ '8/8 (flow)' │ 299    │
│ 2       │ 3 │ 'fwod68-n3' │ '6/6'    │ 'success'   │ 0     │ 8    │ 0         │ 1    │ '8/8 (flow)' │ 79     │
└─────────┴───┴─────────────┴──────────┴─────────────┴───────┴──────┴───────────┴──────┴──────────────┴────────┘
http://127.0.0.1:8069
  s_136d7a  validated    1 steps  3/3 (100%)
           In Odoo (already signed in as admin), do a final verification of two records and report what you see: (1) open…
  s_57b3f1  validated   15 steps  3/3 (100%)
           In Odoo Sales (already signed in as admin), open the saved quotation {{v1}} for customer '{{v2}}'. It currentl…
  s_5e3ea7  validated    3 steps  3/3 (100%)
           Sign in to Odoo at http://127.0.0.1:8069/ with login 'admin' and password 'admin' (use the login form at /web/…
  s_656db4  validated    2 steps  3/3 (100%)
           Sign in to Odoo at http://127.0.0.1:8069/ with login 'admin' and password 'admin' (use the login form at /web/…
  s_78ed96  validated   21 steps  3/3 (100%)
           In Odoo Sales (already signed in as admin), open the saved quotation {{v1}} for customer '{{v2}}' (it currentl…
  s_a074f2  validated    3 steps  3/3 (100%)
           Sign in to Odoo at http://127.0.0.1:8069/ with login 'admin' and password 'admin' (use the login form at /web/…
  s_c0b913  validated    4 steps  3/3 (100%)
           In Odoo (already signed in as admin), do a final verification of two records and report what you see: (1) open…
  s_c490bd  validated    6 steps  3/3 (100%)
           In Odoo Sales (already signed in as admin), open the saved quotation {{v1}} for customer '{{v2}}' (two lines: …
  s_c8ce70  validated    1 steps  3/3 (100%)
           Sign in to Odoo at http://127.0.0.1:8069/ with login 'admin' and password 'admin' (use the login form at /web/…
  s_db32c8  validated    3 steps  3/3 (100%)
           Sign in to Odoo at http://127.0.0.1:8069/ with login 'admin' and password 'admin' (use the login form at /web/…
  s_e615cc  validated    8 steps  3/3 (100%)
           In Odoo Sales (already signed in as admin), open the confirmed sales order {{v1}} for customer '{{v2}}' (statu…
  s_1f843c  validated   10 steps  2/2 (100%)
           In Odoo (already signed in as admin), go to the Sales app and create a new quotation for the customer '{{v1}}'…
  s_3c26ef  validated   22 steps  2/2 (100%)
           In Odoo (already signed in as admin), go to the Sales app and create a new quotation for the customer '{{v1}}'…
  s_b74ee0  validated    1 steps  2/2 (100%)
           In Odoo (already signed in as admin), go to the Sales app and create a new quotation for the customer '{{v1}}'…
  s_c24e9a  validated   13 steps  2/2 (100%)
           In Odoo Sales (already signed in as admin), there is an unsaved new quotation form for customer '{{v1}}' with …
  s_fd9af1  validated    2 steps  2/2 (100%)
           In Odoo (already signed in as admin), go to the Sales app and create a new quotation for the customer '{{v1}}'…
  s_482305  provisional  9 steps  1/1 (100%)
           In Odoo Sales (already signed in as admin), there is an unsaved new quotation form for customer '{{v1}}' with …
  s_53e05b  provisional  8 steps  1/1 (100%)
           In Odoo Sales (already signed in as admin), there is an unsaved new quotation form for customer '{{v1}}' with …
store: /home/user/sitelooper/bench/results/fwod68-skills

summary: /home/user/sitelooper/bench/results/fwod68-sweep.json
