
[sweep] run 1/3: fwod82-n1 (store: /home/user/sitelooper/bench/results/fwod82-skills)
[harness] odoo: defaulting APP_URL
[harness] odoo: defaulting APP_EMAIL
[harness] odoo: defaulting APP_PASSWORD
[reset] odoo: no leftover bench customers
[harness] odoo responded 303 at http://127.0.0.1:8069/
stopped: fwod82-n1
  flow "fwod82" saved: 6 step(s), vars runid → /home/user/sitelooper/bench/results/flows/fwod82.json
  warning: note: dropped 12 locator candidate(s) carrying a value this run minted (known only by export time)
  warning: note: 4 goal/report value(s) carrying a value this run made were slotted or dropped:
  s_25b80c.reportTemplate.summary dropped (narrates a value this run made)
  s_62ea08.reportTemplate.summary dropped (narrates a value this run made)
  s_c77575.reportTemplate.values.sale_order_id dropped (recorded literal of a value this run made)
  s_f5ac52.reportTemplate.values.sale_order_id dropped (recorded literal of a value this run made)
  warning: note: 01-signin no longer publishes verified_in — no replay reads it from the page and the recording showed no line to read
  warning: note: 02-create no longer publishes untaxed_amount, total, product_code — no replay reads them from the page and the recording showed no line to read
  warning: note: 03-add no longer publishes second_product, second_line_subtotal, order_line_count, new_untaxed_amount, taxes, total, tax_rate, product_code — no replay reads them from the page and the recording showed no line to read
  warning: note: 04-change no longer publishes line1_subtotal, line2_product, new_untaxed_amount, taxes, total, verified_after_reload, product_code, second_product_code — no replay reads them from the page and the recording showed no line to read
  warning: note: 05-report no longer publishes sale_order_id — no replay reads it from the page and the recording showed no line to read
  warning: note: 06-report no longer publishes sale_order_id — no replay reads it from the page and the recording showed no line to read
  warning: warning: 124 other value(s) the run saw survived unslotted, judged by shape only (usually page copy; non-fatal):
  flow.steps[0].instruction: "Benchville" (output) in "Sign in at http://127.0.0.1:8069/ with login admin and password {{env:APP_PASSWORD}} (type it exactly as that placeholder text). Then go to Sales app and create"
  flow.steps[0].params.v6: "Benchville" (output) in "Benchville"
  s_039f0a.steps[1].expect.addedContains[1]: "Total" (output) in "- row \"Number Order Date Customer Salesperson Activities Company Total Invoice Status\""
  s_1dc29d.steps[0].expect.addedContains[0]: "20%" (output) in "- row \"20% £ 255.00\""
  s_1dc29d.steps[1].expect.addedContains[0]: "20%" (output) in "- row \"20% £ 425.00\""
  warning: {{02-create.product}} (used by 04-change) can only be re-observed by model recovery, and 04-change's procedure types or locates by it — so `sitelooper spec` will REFUSE to compile this flow (unsourced-ref) until 02-create reads product from an element. Re-record 02-create now, while this session is still open.
  warning: 02-create reports product, but no segment of the procedure it pins (s_039f0a, through its last segment s_62ea08) re-reads it from the page — a replay without the model will succeed without that value; re-record so a read for it lands in s_62ea08.
arm=sitelooper model=z-ai/glm-5.3 runid=fwod82-n1 stop=completed
turns=7 wall=309.1s
commands=6 cmdTime=292.0s cmdBytes=5067 timeouts=0
orchestrator in=3916 cw=0 cr=22464 out=662
inner prompt=1958059 cached=1809664 completion=17760
spend=$0.0531 maxUsd=3
learn: A_n=0 replayed=0/6 full=0 repaired=0 compiled=6 variants=0
-> /home/user/sitelooper/bench/results/fwod82-n1-sitelooper-result.json

fwod82-n1: objectives passed 6/6
  obj 1: PASS — city="Benchville"
  obj 2: PASS — orders for customer: 1, lines: 2
  obj 3: PASS — 2 lines, 2 distinct products
  obj 4: PASS — quantities: 5, 2
  obj 5: PASS — state tracking shows confirmation
  obj 6: PASS — final state=cancel, ref=S00021

[sweep] run 2/3: fwod82-n2 (replay flow fwod82, no orchestrator)
[reset] odoo: deleted 1 leftover bench order(s)
[reset] odoo: deleted 1 leftover bench customer(s)
[sweep] fwod82-n2: 2 drift ticket(s) → fwod82-n2-drift.json

fwod82-n2: objectives passed 6/6
  obj 1: PASS — city="Benchville"
  obj 2: PASS — orders for customer: 1, lines: 2
  obj 3: PASS — 2 lines, 2 distinct products
  obj 4: PASS — quantities: 5, 2
  obj 5: PASS — state tracking shows confirmation
  obj 6: PASS — final state=cancel, ref=S00022

[sweep] run 3/3: fwod82-n3 (replay flow fwod82, no orchestrator)
[reset] odoo: deleted 1 leftover bench order(s)
[reset] odoo: deleted 1 leftover bench customer(s)
[sweep] fwod82-n3: 2 drift ticket(s) → fwod82-n3-drift.json

fwod82-n3: objectives passed 6/6
  obj 1: PASS — city="Benchville"
  obj 2: PASS — orders for customer: 1, lines: 2
  obj 3: PASS — 2 lines, 2 distinct products
  obj 4: PASS — quantities: 5, 2
  obj 5: PASS — state tracking shows confirmation
  obj 6: PASS — final state=cancel, ref=S00023

Learning sweep fwod82 (K=3)
┌─────────┬───┬─────────────┬──────────┬─────────────┬───────┬──────┬───────────┬──────┬──────────────┬────────┐
│ (index) │ n │ runid       │ verified │ stop        │ turns │ cmds │ total_usd │ A_n  │ replayed     │ wall_s │
├─────────┼───┼─────────────┼──────────┼─────────────┼───────┼──────┼───────────┼──────┼──────────────┼────────┤
│ 0       │ 1 │ 'fwod82-n1' │ '6/6'    │ 'completed' │ 7     │ 6    │ 0.0531    │ 0    │ '0/6'        │ 309    │
│ 1       │ 2 │ 'fwod82-n2' │ '6/6'    │ 'success'   │ 3     │ 6    │ 0.0025    │ 0.83 │ '6/6 (flow)' │ 68     │
│ 2       │ 3 │ 'fwod82-n3' │ '6/6'    │ 'success'   │ 3     │ 6    │ 0.0025    │ 0.83 │ '6/6 (flow)' │ 68     │
└─────────┴───┴─────────────┴──────────┴─────────────┴───────┴──────┴───────────┴──────┴──────────────┴────────┘
http://127.0.0.1:8069
  s_039f0a  validated    2 steps  3/3 (100%)
           In Odoo Sales, create a new quotation for customer '{{v1}}' with exactly ONE order line: pick any product from…
  s_08a4ec  validated    1 steps  3/3 (100%)
           Sign in at {{v2}} with login {{v3}} and password {{v4}} (type it exactly as that placeholder text). Then go to…
  s_1dc29d  validated   12 steps  3/3 (100%)
           On quotation {{v1}}, change the quantity of the FIRST order line ({{v2}}) from 3 to 5. Save and report the unt…
  s_23a06e  validated    1 steps  3/3 (100%)
           Sign in at {{v2}} with login {{v3}} and password {{v4}} (type it exactly as that placeholder text). Then go to…
  s_25b80c  validated    3 steps  3/3 (100%)
           Sign in at {{v2}} with login {{v3}} and password {{v4}} (type it exactly as that placeholder text). Then go to…
  s_435c68  validated   17 steps  3/3 (100%)
           On quotation {{v1}}, add a SECOND order line with a DIFFERENT product (chosen from the autocomplete dropdown),…
  s_48def7  validated    2 steps  3/3 (100%)
           Sign in at {{v2}} with login {{v3}} and password {{v4}} (type it exactly as that placeholder text). Then go to…
  s_4db89b  validated    2 steps  3/3 (100%)
           Sign in at {{v2}} with login {{v3}} and password {{v4}} (type it exactly as that placeholder text). Then go to…
  s_55d815  validated    8 steps  3/3 (100%)
           In Odoo Sales, create a new quotation for customer '{{v1}}' with exactly ONE order line: pick any product from…
  s_5e5c46  validated    3 steps  3/3 (100%)
           Sign in at {{v2}} with login {{v3}} and password {{v4}} (type it exactly as that placeholder text). Then go to…
  s_62ea08  validated    7 steps  3/3 (100%)
           In Odoo Sales, create a new quotation for customer '{{v1}}' with exactly ONE order line: pick any product from…
  s_6ebd46  validated    3 steps  3/3 (100%)
           Sign in at {{v2}} with login {{v3}} and password {{v4}} (type it exactly as that placeholder text). Then go to…
  s_a1b2fd  validated    1 steps  3/3 (100%)
           In Odoo Sales, create a new quotation for customer '{{v1}}' with exactly ONE order line: pick any product from…
  s_b6cfff  validated    1 steps  3/3 (100%)
           Sign in at {{v2}} with login {{v3}} and password {{v4}} (type it exactly as that placeholder text). Then go to…
  s_c77575  validated   10 steps  3/3 (100%)
           Cancel the confirmed sales order {{v1}}. Report the status the app shows after cancelling.
  s_f5ac52  validated    6 steps  3/3 (100%)
           Confirm quotation {{v1}} so it becomes a sales order. Report the order reference and the status the app now sh…
store: /home/user/sitelooper/bench/results/fwod82-skills

summary: /home/user/sitelooper/bench/results/fwod82-sweep.json
