
[sweep] run 1/3: fwod47-n1 (store: /home/user/sitelooper/bench/results/fwod47-skills)
[harness] odoo: defaulting APP_URL
[harness] odoo: defaulting APP_EMAIL
[harness] odoo: defaulting APP_PASSWORD
[reset] odoo: no leftover bench customers
[harness] odoo responded 303 at http://127.0.0.1:8069/
stopped: fwod47-n1
  flow "fwod47" saved: 8 step(s), vars runid → /home/user/sitelooper/bench/results/flows/fwod47.json
  warning: note: dropped 3 locator candidate(s) carrying a value this run minted (known only by export time)
  warning: note: 1 step(s) adopted from non-success instruction(s) whose work the session continued from (03-add) — they replay model-first with doubled budget, and a non-success there does not halt the flow
  warning: warning: contradicted-step: 08-create read order_status "Cancelled (current checked state in the status bar; Sales Order, Quotation Sent and Quotation are unchecked and disabled)" right after 07-open reported "Cancelled (status bar radio "Cancelled" is the checked state; all other states disabled)"; 07-open's change may not have landed and a later step may be retrying it. Re-record 07-open.
  warning: warning: 9 value(s) KNOWN to be this run's survived unslotted — a replay will act on or wait for the recording's value (non-fatal outside locators):
  s_010d93.goal.requireText[1]: "21" (url) in "http://127.0.0.1:8069/web#cids=1&menu_id=197&action=315&model=sale.order&view_type=form&id=21"
  s_010d93.reportTemplate.values.url_after_cancel: "21" (url) in "http://127.0.0.1:8069/web#cids=1&menu_id=197&action=315&model=sale.order&view_type=form&id=21"
  s_55a5e1.reportTemplate.summary: "44" (url) in "Signed in to Odoo as admin (login form submitted, landed in the web client), opened the Sales app's Customers view, clicked New, created a contact named exactly"
  s_55a5e1.reportTemplate.values.customer_record_id: "44" (url) in "44"
  s_55a5e1.reportTemplate.values.customer_record_url: "44" (url) in "http://127.0.0.1:8069/web#cids=1&menu_id=199&action=288&model=res.partner&view_type=form&id=44"
  s_7dbdeb.reportTemplate.summary: "44" (url) in "Read-only verification, nothing modified. (1) Customer record (res.partner id {{v4}}, /web#...model=res.partner&view_type=form&id=44): the Name field shows \"{{v"
  s_7dbdeb.reportTemplate.summary: "21" (url) in "Read-only verification, nothing modified. (1) Customer record (res.partner id {{v4}}, /web#...model=res.partner&view_type=form&id=44): the Name field shows \"{{v"
  s_7dbdeb.reportTemplate.values.customer_record_url: "44" (url) in "http://127.0.0.1:8069/web#cids=1&menu_id=199&action=288&model=res.partner&view_type=form&id=44"
  s_7dbdeb.reportTemplate.values.order_record_url: "21" (url) in "http://127.0.0.1:8069/web#cids=1&menu_id=197&action=315&model=sale.order&view_type=form&id=21"
  warning: warning: 215 other value(s) the run saw survived unslotted, judged by shape only (usually page copy; non-fatal):
  flow.steps[0].instruction: "Benchville" (output) in "Sign in to Odoo with username 'admin' and password 'admin' (submit the login form). Then, in the Sales app, create a new customer/contact named exactly '{{runid"
  flow.steps[0].params.v3: "Benchville" (output) in "Benchville"
  flow.steps[3].instruction: "2.00" (output) in "In the Odoo browser tab there is an open, UNSAVED quotation form for reference {{02-create.quotation_reference}} (customer {{runid}} Bench Customer) with two or"
  flow.steps[4].instruction: "2.00" (output) in "On the saved Odoo quotation {{02-create.quotation_reference}} (customer {{runid}} Bench Customer), which currently has two order lines: line 1 = Acoustic Bloc S"
  flow.steps[4].instruction: "5.00" (output) in "On the saved Odoo quotation {{02-create.quotation_reference}} (customer {{runid}} Bench Customer), which currently has two order lines: line 1 = Acoustic Bloc S"
  warning: {{03-add.second_product_unit_price}} (used by 04-open) can only be re-observed by model recovery — consider re-recording so the value is read from the page.
  warning: 01-signin reports customer_record_id, but s_c760e8 re-reads none of it from the page — a replay without the model will succeed without that value; re-record so it is read.
  warning: 02-create reports line_subtotal, untaxed_amount, product_line_label, product_internal_ref, but s_51edfa re-reads none of them from the page — a replay without the model will succeed without those values; re-record so they are read.
  warning: 04-open reports ref, but s_233304 re-reads none of it from the page — a replay without the model will succeed without that value; re-record so it is read.
  warning: 05-change reports first_line_product, tax_20_percent_amount, total_amount, but s_e78840 re-reads none of them from the page — a replay without the model will succeed without those values; re-record so they are read.
  warning: 06-report reports quotation_status_button, but s_72389c re-reads none of it from the page — a replay without the model will succeed without that value; re-record so it is read.
  warning: 08-create reports customer_record_url, order_customer_city, untaxed_amount, tax_20_percent, total, order_record_url, sales_order_untaxed_amount, but s_e7cae4 re-reads none of them from the page — a replay without the model will succeed without those values; re-record so they are read.
arm=sitelooper model=z-ai/glm-5.3 runid=fwod47-n1 stop=completed
turns=10 wall=874.5s
commands=9 cmdTime=793.3s cmdBytes=12162 timeouts=0
orchestrator in=14521 cw=0 cr=34944 out=3467
inner prompt=3902089 cached=3663616 completion=43405
spend=$0.1175 maxUsd=3
learn: A_n=0 replayed=0/8 full=0 repaired=0 compiled=7 variants=0
-> /home/user/sitelooper/bench/results/fwod47-n1-sitelooper-result.json

fwod47-n1: objectives passed 6/6
  obj 1: PASS — city="Benchville"
  obj 2: PASS — orders for customer: 1, lines: 2
  obj 3: PASS — 2 lines, 2 distinct products
  obj 4: PASS — quantities: 5, 2
  obj 5: PASS — state tracking shows confirmation
  obj 6: PASS — final state=cancel, ref=S00021

[sweep] run 2/3: fwod47-n2 (replay flow fwod47, no orchestrator)
[reset] odoo: deleted 1 leftover bench order(s)
[reset] odoo: deleted 1 leftover bench customer(s)

fwod47-n2: objectives passed 6/6
  obj 1: PASS — city="Benchville"
  obj 2: PASS — orders for customer: 1, lines: 2
  obj 3: PASS — 2 lines, 2 distinct products
  obj 4: PASS — quantities: 5, 2
  obj 5: PASS — state tracking shows confirmation
  obj 6: PASS — final state=cancel, ref=S00022
[sweep] fwod47-n2: 03-add has no pinned skill — 24 model turn(s), on every replay

[sweep] run 3/3: fwod47-n3 (replay flow fwod47, no orchestrator)
[reset] odoo: deleted 1 leftover bench order(s)
[reset] odoo: deleted 1 leftover bench customer(s)
[sweep] fwod47-n3: 1 drift ticket(s) → fwod47-n3-drift.json

fwod47-n3: objectives passed 6/6
  obj 1: PASS — city="Benchville"
  obj 2: PASS — orders for customer: 1, lines: 2
  obj 3: PASS — 2 lines, 2 distinct products
  obj 4: PASS — quantities: 5, 2
  obj 5: PASS — state tracking shows confirmation
  obj 6: PASS — final state=cancel, ref=S00023
[sweep] fwod47-n3: 03-add has no pinned skill — 59 model turn(s), on every replay

Learning sweep fwod47 (K=3)
┌─────────┬───┬─────────────┬──────────┬─────────────┬───────┬──────┬───────────┬──────┬──────────────┬────────┐
│ (index) │ n │ runid       │ verified │ stop        │ turns │ cmds │ total_usd │ A_n  │ replayed     │ wall_s │
├─────────┼───┼─────────────┼──────────┼─────────────┼───────┼──────┼───────────┼──────┼──────────────┼────────┤
│ 0       │ 1 │ 'fwod47-n1' │ '6/6'    │ 'completed' │ 10    │ 9    │ 0.1175    │ 0    │ '0/8'        │ 874    │
│ 1       │ 2 │ 'fwod47-n2' │ '6/6'    │ 'success'   │ 44    │ 8    │ 0.0244    │ 0.75 │ '8/8 (flow)' │ 201    │
│ 2       │ 3 │ 'fwod47-n3' │ '6/6'    │ 'success'   │ 66    │ 8    │ 0.0451    │ 0.75 │ '7/8 (flow)' │ 492    │
└─────────┴───┴─────────────┴──────────┴─────────────┴───────┴──────┴───────────┴──────┴──────────────┴────────┘
http://127.0.0.1:8069
  s_010d93  validated   16 steps  3/3 (100%)
           On the confirmed Odoo sales order {{v1}} (customer {{v2}}, status '{{v4}}', Untaxed Amount 1,645.00), cancel t…
  s_0bff26  validated    6 steps  3/3 (100%)
           In the Odoo Sales app, create a new quotation for the customer '{{v1}}' (choose the customer from the autocomp…
  s_51edfa  validated    2 steps  3/3 (100%)
           In the Odoo Sales app, create a new quotation for the customer '{{v1}}' (choose the customer from the autocomp…
  s_55a5e1  validated    5 steps  3/3 (100%)
           Sign in to Odoo with username 'admin' and password 'admin' (submit the login form). Then, in the Sales app, cr…
  s_72389c  validated   11 steps  3/3 (100%)
           On the saved Odoo quotation {{v1}} (customer {{v2}}, two lines: Acoustic Bloc Screens qty {{v4}} @ {{v5}}, Cor…
  s_7b181a  validated    3 steps  3/3 (100%)
           Sign in to Odoo with username 'admin' and password 'admin' (submit the login form). Then, in the Sales app, cr…
  s_7dbdeb  validated    5 steps  3/3 (100%)
           Final verification, read-only (do not create or modify anything): In Odoo, (1) open the customer record '{{v1}…
  s_a260dd  validated    1 steps  3/3 (100%)
           Sign in to Odoo with username 'admin' and password 'admin' (submit the login form). Then, in the Sales app, cr…
  s_b09baf  validated    2 steps  3/3 (100%)
           Sign in to Odoo with username 'admin' and password 'admin' (submit the login form). Then, in the Sales app, cr…
  s_b75379  validated    1 steps  3/3 (100%)
           In the Odoo Sales app, create a new quotation for the customer '{{v1}}' (choose the customer from the autocomp…
  s_c760e8  validated    3 steps  3/3 (100%)
           Sign in to Odoo with username 'admin' and password 'admin' (submit the login form). Then, in the Sales app, cr…
  s_d5acb1  validated    2 steps  3/3 (100%)
           Sign in to Odoo with username 'admin' and password 'admin' (submit the login form). Then, in the Sales app, cr…
  s_dbff80  validated    8 steps  3/3 (100%)
           In the Odoo Sales app, create a new quotation for the customer '{{v1}}' (choose the customer from the autocomp…
  s_e78840  validated   22 steps  3/3 (100%)
           On the saved Odoo quotation {{v1}} (customer {{v2}}), which currently has two order lines: line 1 = Acoustic B…
  s_e7cae4  validated    3 steps  3/3 (100%)
           Final verification, read-only (do not create or modify anything): In Odoo, (1) open the customer record '{{v1}…
  s_233304  provisional 22 steps  1/2 (50%)
           In the Odoo browser tab there is an open, UNSAVED quotation form for reference {{v1}} (customer {{v2}}) with t…
  s_8a1471  provisional 22 steps  1/2 (50%)
           In the Odoo browser tab there is an open, UNSAVED quotation form for reference {{v1}} (customer {{v2}} Bench C…
  s_8f8761  provisional 25 steps  1/1 (100%)
           On the existing Odoo quotation {{v1}} (for customer '{{v2}} Bench Customer', currently with one line: Acoustic…
  s_c69890  provisional  4 steps  1/1 (100%)  variant of s_8a1471
           In the Odoo browser tab there is an open, UNSAVED quotation form for reference {{v1}} (customer {{v2}} Bench C…
store: /home/user/sitelooper/bench/results/fwod47-skills

summary: /home/user/sitelooper/bench/results/fwod47-sweep.json
