
[sweep] run 1/3: fwod69-n1 (store: /home/user/sitelooper/bench/results/fwod69-skills)
[harness] odoo: defaulting APP_URL
[harness] odoo: defaulting APP_EMAIL
[harness] odoo: defaulting APP_PASSWORD
[reset] odoo: no leftover bench customers
[harness] odoo responded 303 at http://127.0.0.1:8069/
stopped: fwod69-n1
  flow "fwod69" saved: 8 step(s), vars runid → /home/user/sitelooper/bench/results/flows/fwod69.json
  warning: note: dropped 8 locator candidate(s) carrying a value this run minted (known only by export time)
  warning: note: 7 goal/report value(s) carrying a value this run made were slotted or dropped:
  s_463c80.reportTemplate.values.order_id dropped (recorded literal of a value this run made)
  s_47b8c7.reportTemplate.values.contact_id dropped (recorded literal of a value this run made)
  s_494f93.reportTemplate.values.partner_id dropped (recorded literal of a value this run made)
  s_494f93.reportTemplate.summary dropped (narrates a value this run made)
  s_af0c33.reportTemplate.values.order_id dropped (recorded literal of a value this run made)
  s_be4dd7.reportTemplate.values.order_id dropped (recorded literal of a value this run made)
  s_be4dd7.reportTemplate.summary dropped (narrates a value this run made)
  warning: note: 01-signin no longer publishes partner_id — no replay reads it from the page and the recording showed no line to read
  warning: note: 03-open no longer publishes order_id, status, untaxed_amount, order_line_count — no replay reads them from the page and the recording showed no line to read
  warning: note: 04-open no longer publishes second_product_tax, order_line_count, second_product_internal_ref — no replay reads them from the page and the recording showed no line to read
  warning: note: 05-open no longer publishes order_line_count — no replay reads it from the page and the recording showed no line to read
  warning: note: 06-open no longer publishes order_id — no replay reads it from the page and the recording showed no line to read
  warning: note: 07-open no longer publishes order_id, status_text, total_amount — no replay reads them from the page and the recording showed no line to read
  warning: note: 08-open no longer publishes contact_id, untaxed_amount, tax_20, total — no replay reads them from the page and the recording showed no line to read
  warning: note: 1 step(s) adopted from non-success instruction(s) whose work the session continued from (02-create) — they replay model-first with doubled budget, and a non-success there does not halt the flow
  warning: warning: contradicted-step: 05-open read untaxed_amount "£ 840.00" right after 04-open reported "£ 560.00"; 04-open's change may not have landed and a later step may be retrying it. Re-record 04-open.
  warning: warning: 193 other value(s) the run saw survived unslotted, judged by shape only (usually page copy; non-fatal):
  flow.steps[0].instruction: "Benchville" (output) in "Sign in to Odoo at http://127.0.0.1:8069/ with login 'admin' and password 'admin' (use the login form at /web/login). After signing in, navigate to the Contacts"
  flow.steps[0].params.v3: "Benchville" (output) in "Benchville"
  flow.steps[1].instruction: "Untaxed Amount" (output) in "In the Odoo Sales app, create a new quotation (Sales > Orders > Quotations > New). Set the Customer field to '{{runid}} Bench Customer' by typing the name and p"
  flow.steps[2].instruction: "Untaxed Amount" (output) in "On the currently open Odoo quotation form (unsaved, title 'New', customer '{{runid}} Bench Customer'), there is a blocking 'Configure your product' dialog/modal"
  flow.steps[2].instruction: "Quotation" (output) in "On the currently open Odoo quotation form (unsaved, title 'New', customer '{{runid}} Bench Customer'), there is a blocking 'Configure your product' dialog/modal"
  warning: {{02-create.product_name}} (used by 03-open) can only be re-observed by model recovery, and 03-open's procedure types or locates by it — so `sitelooper spec` will REFUSE to compile this flow (unsourced-ref) until 02-create reads product_name from an element. Re-record 02-create now, while this session is still open.
  warning: {{02-create.quantity}} (used by 03-open) can only be re-observed by model recovery, and 03-open's procedure types or locates by it — so `sitelooper spec` will REFUSE to compile this flow (unsourced-ref) until 02-create reads quantity from an element. Re-record 02-create now, while this session is still open.
  warning: {{02-create.unit_price}} (used by 03-open) can only be re-observed by model recovery — consider re-recording so the value is read from the page.
  warning: {{02-create.untaxed_amount}} (used by 04-open) can only be re-observed by model recovery — consider re-recording so the value is read from the page.
  warning: {{04-open.second_product_name}} (used by 05-open) can only be re-observed by model recovery — consider re-recording so the value is read from the page.
  warning: 04-open reports second_product_name, but no segment of the procedure it pins (s_dca73b, with any later segment of its chain) re-reads it from the page — a replay without the model will succeed without that value; re-record so a read for it lands in that procedure's last segment.
arm=sitelooper model=z-ai/glm-5.3 runid=fwod69-n1 stop=completed
turns=10 wall=1005.6s
commands=10 cmdTime=900.4s cmdBytes=13461 timeouts=0
orchestrator in=22363 cw=0 cr=28864 out=8717
inner prompt=5069775 cached=4785920 completion=48274
spend=$0.1631 maxUsd=3
learn: A_n=0 replayed=0/8 full=0 repaired=0 compiled=7 variants=0
-> /home/user/sitelooper/bench/results/fwod69-n1-sitelooper-result.json

fwod69-n1: objectives passed 6/6
  obj 1: PASS — city="Benchville"
  obj 2: PASS — orders for customer: 1, lines: 2
  obj 3: PASS — 2 lines, 2 distinct products
  obj 4: PASS — quantities: 5, 2
  obj 5: PASS — state tracking shows confirmation
  obj 6: PASS — final state=cancel, ref=S00021

[sweep] run 2/3: fwod69-n2 (replay flow fwod69, no orchestrator)
[reset] odoo: deleted 1 leftover bench order(s)
[reset] odoo: deleted 1 leftover bench customer(s)

fwod69-n2: objectives passed 5/6
  obj 1: PASS — city="Benchville"
  obj 2: PASS — orders for customer: 1, lines: 2
  obj 3: FAIL — 2 lines, 1 distinct products
  obj 4: PASS — quantities: 5, 2
  obj 5: PASS — state tracking shows confirmation
  obj 6: PASS — final state=cancel, ref=S00022
[sweep] fwod69-n2: 02-create has no pinned skill — 57 model turn(s), on every replay

[sweep] run 3/3: fwod69-n3 (replay flow fwod69, no orchestrator)
[reset] odoo: deleted 1 leftover bench order(s)
[reset] odoo: deleted 1 leftover bench customer(s)

fwod69-n3: objectives passed 5/6
  obj 1: PASS — city="Benchville"
  obj 2: PASS — orders for customer: 1, lines: 2
  obj 3: FAIL — 2 lines, 1 distinct products
  obj 4: PASS — quantities: 5, 2
  obj 5: PASS — state tracking shows confirmation
  obj 6: PASS — final state=cancel, ref=S00023

Learning sweep fwod69 (K=3)
┌─────────┬───┬─────────────┬──────────┬─────────────┬───────┬──────┬───────────┬──────┬──────────────┬────────┐
│ (index) │ n │ runid       │ verified │ stop        │ turns │ cmds │ total_usd │ A_n  │ replayed     │ wall_s │
├─────────┼───┼─────────────┼──────────┼─────────────┼───────┼──────┼───────────┼──────┼──────────────┼────────┤
│ 0       │ 1 │ 'fwod69-n1' │ '6/6'    │ 'completed' │ 10    │ 10   │ 0.1631    │ 0    │ '0/8'        │ 1006   │
│ 1       │ 2 │ 'fwod69-n2' │ '5/6'    │ 'success'   │ 70    │ 8    │ 0.032     │ 0.75 │ '8/8 (flow)' │ 348    │
│ 2       │ 3 │ 'fwod69-n3' │ '5/6'    │ 'success'   │ 0     │ 8    │ 0         │ 1    │ '8/8 (flow)' │ 109    │
└─────────┴───┴─────────────┴──────────┴─────────────┴───────┴──────┴───────────┴──────┴──────────────┴────────┘
http://127.0.0.1:8069
  s_402c44  validated    3 steps  3/3 (100%)
           Sign in to Odoo at http://127.0.0.1:8069/ with login 'admin' and password 'admin' (use the login form at /web/…
  s_463c80  validated    8 steps  3/3 (100%)
           Open the existing Odoo sales order {{v1}} (customer '{{v2}}', status '{{v4}}', two lines, Untaxed Amount {{v5}…
  s_47b8c7  validated    2 steps  3/3 (100%)
           Final verification, read-only (do not modify anything): (1) Open the contact record '{{v1}}' in the Odoo Conta…
  s_494f93  validated    3 steps  3/3 (100%)
           Sign in to Odoo at http://127.0.0.1:8069/ with login 'admin' and password 'admin' (use the login form at /web/…
  s_5411c6  validated    1 steps  3/3 (100%)
           Sign in to Odoo at http://127.0.0.1:8069/ with login 'admin' and password 'admin' (use the login form at /web/…
  s_599398  validated    1 steps  3/3 (100%)
           Open the existing Odoo sales order {{v1}} (customer '{{v2}}', status '{{v4}}', two lines, Untaxed Amount {{v5}…
  s_5c0bfb  validated    7 steps  3/3 (100%)
           Open the existing Odoo quotation {{v1}} (customer '{{v2}}', status {{v4}}, two lines: line 1 = {{v5}} qty {{v6…
  s_654b46  validated    4 steps  3/3 (100%)
           Final verification, read-only (do not modify anything): (1) Open the contact record '{{v1}}' in the Odoo Conta…
  s_6c5869  validated   11 steps  3/3 (100%)
           Open the existing Odoo quotation {{v1}} (customer '{{v2}}', status {{v4}}, two lines: line 1 = {{v5}} qty {{v6…
  s_79977e  validated    2 steps  3/3 (100%)
           Sign in to Odoo at http://127.0.0.1:8069/ with login 'admin' and password 'admin' (use the login form at /web/…
  s_822e08  validated    1 steps  3/3 (100%)
           Open the existing Odoo quotation {{v1}} (customer '{{v2}}', status {{v4}}, two lines: line 1 = {{v5}} qty {{v6…
  s_a29b4f  validated    3 steps  3/3 (100%)
           Sign in to Odoo at http://127.0.0.1:8069/ with login 'admin' and password 'admin' (use the login form at /web/…
  s_af0c33  validated    8 steps  3/3 (100%)
           Open the existing Odoo quotation {{v1}} (customer '{{v2}}', status {{v4}}, two lines: {{v5}} qty {{v6}} @ {{v7…
  s_b3e9b6  validated    4 steps  3/3 (100%)
           Sign in to Odoo at http://127.0.0.1:8069/ with login 'admin' and password 'admin' (use the login form at /web/…
  s_c18103  validated    5 steps  3/3 (100%)
           Open the existing Odoo sales order {{v1}} (customer '{{v2}}', status '{{v4}}', two lines, Untaxed Amount {{v5}…
  s_d0caed  validated    5 steps  3/3 (100%)
           Final verification, read-only (do not modify anything): (1) Open the contact record '{{v1}}' in the Odoo Conta…
  s_dca73b  validated   24 steps  3/3 (100%)
           Open the existing Odoo quotation {{v1}} (customer '{{v2}}', currently in {{v4}} status, with one line: {{v5}},…
  s_f75529  validated    1 steps  3/3 (100%)
           Sign in to Odoo at http://127.0.0.1:8069/ with login 'admin' and password 'admin' (use the login form at /web/…
  s_2caa4f  validated   17 steps  2/2 (100%)
           In the Odoo Sales app, create a new quotation (Sales > Orders > Quotations > New). Set the Customer field to '…
  s_54336d  validated    2 steps  2/2 (100%)
           In the Odoo Sales app, create a new quotation (Sales > Orders > Quotations > New). Set the Customer field to '…
  s_7db24f  validated   16 steps  2/2 (100%)
           In the Odoo Sales app, create a new quotation (Sales > Orders > Quotations > New). Set the Customer field to '…
  s_826633  validated   10 steps  2/2 (100%)
           On the currently open Odoo quotation form (unsaved, title 'New', customer '{{v1}}'), there is a blocking 'Conf…
  s_eb315d  validated    1 steps  2/2 (100%)
           In the Odoo Sales app, create a new quotation (Sales > Orders > Quotations > New). Set the Customer field to '…
  s_9b8881  provisional  6 steps  1/1 (100%)
           On the currently open Odoo quotation form (unsaved, title 'New', customer '{{v1}}'), there is a blocking 'Conf…
  s_be4dd7  provisional  7 steps  1/1 (100%)
           On the currently open Odoo quotation form (unsaved, title 'New', customer '{{v1}}'), there is a blocking 'Conf…
store: /home/user/sitelooper/bench/results/fwod69-skills

summary: /home/user/sitelooper/bench/results/fwod69-sweep.json
