
[sweep] run 1/3: fwod51-n1 (store: /home/user/sitelooper/bench/results/fwod51-skills)
[harness] odoo: defaulting APP_URL
[harness] odoo: defaulting APP_EMAIL
[harness] odoo: defaulting APP_PASSWORD
[reset] odoo: no leftover bench customers
[harness] odoo responded 303 at http://127.0.0.1:8069/
stopped: fwod51-n1
  flow "fwod51" saved: 7 step(s), vars runid → /home/user/sitelooper/bench/results/flows/fwod51.json
  warning: note: dropped 2 locator candidate(s) carrying a value this run minted (known only by export time)
  warning: note: 15 goal/report value(s) carrying a value this run made were slotted or dropped:
  s_23e532.reportTemplate.values.contact_record_id dropped (recorded literal of a value this run made)
  s_23e532.reportTemplate.values.record_url dropped (recorded literal of a value this run made)
  s_23e532.reportTemplate.summary dropped (narrates a value this run made)
  s_766e5d.goal.requireText[1] dropped (names a value this run made, with no slot to bind it)
  s_766e5d.reportTemplate.values.sale_order_id dropped (recorded literal of a value this run made)
  s_766e5d.reportTemplate.values.order_url dropped (recorded literal of a value this run made)
  s_766e5d.reportTemplate.summary dropped (narrates a value this run made)
  s_892a8b.reportTemplate.values.contact_id dropped (recorded literal of a value this run made)
  s_892a8b.reportTemplate.values.contact_url dropped (recorded literal of a value this run made)
  s_892a8b.reportTemplate.values.s00021_url dropped (recorded literal of a value this run made)
  s_892a8b.reportTemplate.summary dropped (narrates a value this run made)
  s_e263d4.reportTemplate.values.sale_order_id dropped (recorded literal of a value this run made)
  s_e263d4.reportTemplate.summary dropped (narrates a value this run made)
  s_ed8e63.reportTemplate.values.sale_order_id dropped (recorded literal of a value this run made)
  s_ed8e63.reportTemplate.values.order_url dropped (recorded literal of a value this run made)
  warning: note: 01-open no longer publishes contact_record_id, model — no replay reads them from the page and the recording showed no line to read
  warning: note: 02-create no longer publishes sale_order_id, unit_price, line_tax_excl, untaxed_amount, taxes, total, first_line_tax_excl_amount, first_product_ref — no replay reads them from the page and the recording showed no line to read
  warning: note: 03-open no longer publishes second_product, second_product_unit_price, second_line_subtotal, first_product, first_line_subtotal, new_untaxed_amount, taxes, total — no replay reads them from the page and the recording showed no line to read
  warning: note: 04-open no longer publishes first_line_unit_price, first_line_subtotal, new_untaxed_amount, taxes, total, first_product_ref — no replay reads them from the page and the recording showed no line to read
  warning: note: 05-open no longer publishes sale_order_id — no replay reads it from the page and the recording showed no line to read
  warning: note: 06-open no longer publishes sale_order_id, still_sales_order, statusbar_button_quotation — no replay reads them from the page and the recording showed no line to read
  warning: note: 07-verify no longer publishes contact_id — no replay reads it from the page and the recording showed no line to read
  warning: note: 02-create: added a read for total_footer to s_e263d4 (page.getByRole('row', { name: 'Total £ 1,062.00', exact: true }); seen on the next instruction's start page)
  warning: warning: 162 other value(s) the run saw survived unslotted, judged by shape only (usually page copy; non-fatal):
  flow.steps[0].instruction: "Benchville" (output) in "Open http://127.0.0.1:8069/ and sign in with username admin and password admin. Then create a new customer contact named '{{runid}} Bench Customer' with the Cit"
  flow.steps[0].params.v4: "Benchville" (output) in "Benchville"
  flow.steps[0].route: "res.partner" (output) in "http://127.0.0.1:8069/web#action=:id&cids=:id&id=:id&menu_id=:id&model=res.partner&view_type=form"
  flow.steps[6].route: "res.partner" (output) in "http://127.0.0.1:8069/web#action=:id&cids=:id&id=:id&menu_id=:id&model=res.partner&view_type=form"
  s_23e532.preconditions.urlPattern: "res.partner" (output) in "http://127.0.0.1:8069/web#action={{d4}}&cids={{d2}}&id={{d6}}&menu_id={{d5}}&model=res.partner&view_type=form"
arm=sitelooper model=z-ai/glm-5.3 runid=fwod51-n1 stop=completed
turns=9 wall=394.9s
commands=7 cmdTime=365.3s cmdBytes=8355 timeouts=0
orchestrator in=10752 cw=0 cr=28288 out=3045
inner prompt=1938468 cached=1787776 completion=22455
spend=$0.0772 maxUsd=3
learn: A_n=0 replayed=0/7 full=0 repaired=0 compiled=7 variants=0
-> /home/user/sitelooper/bench/results/fwod51-n1-sitelooper-result.json

fwod51-n1: objectives passed 6/6
  obj 1: PASS — city="Benchville"
  obj 2: PASS — orders for customer: 1, lines: 2
  obj 3: PASS — 2 lines, 2 distinct products
  obj 4: PASS — quantities: 5, 2
  obj 5: PASS — state tracking shows confirmation
  obj 6: PASS — final state=cancel, ref=S00021

[sweep] run 2/3: fwod51-n2 (replay flow fwod51, no orchestrator)
[reset] odoo: deleted 1 leftover bench order(s)
[reset] odoo: deleted 1 leftover bench customer(s)
[sweep] fwod51-n2: 3 drift ticket(s) → fwod51-n2-drift.json

fwod51-n2: objectives passed 6/6
  obj 1: PASS — city="Benchville"
  obj 2: PASS — orders for customer: 1, lines: 2
  obj 3: PASS — 2 lines, 2 distinct products
  obj 4: PASS — quantities: 5, 2
  obj 5: PASS — state tracking shows confirmation
  obj 6: PASS — final state=cancel, ref=S00022

[sweep] run 3/3: fwod51-n3 (replay flow fwod51, no orchestrator)
[reset] odoo: deleted 1 leftover bench order(s)
[reset] odoo: deleted 1 leftover bench customer(s)
[sweep] fwod51-n3: 3 drift ticket(s) → fwod51-n3-drift.json

fwod51-n3: objectives passed 6/6
  obj 1: PASS — city="Benchville"
  obj 2: PASS — orders for customer: 1, lines: 2
  obj 3: PASS — 2 lines, 2 distinct products
  obj 4: PASS — quantities: 5, 2
  obj 5: PASS — state tracking shows confirmation
  obj 6: PASS — final state=cancel, ref=S00023

Learning sweep fwod51 (K=3)
┌─────────┬───┬─────────────┬──────────┬─────────────┬───────┬──────┬───────────┬──────┬──────────────┬────────┐
│ (index) │ n │ runid       │ verified │ stop        │ turns │ cmds │ total_usd │ A_n  │ replayed     │ wall_s │
├─────────┼───┼─────────────┼──────────┼─────────────┼───────┼──────┼───────────┼──────┼──────────────┼────────┤
│ 0       │ 1 │ 'fwod51-n1' │ '6/6'    │ 'completed' │ 9     │ 7    │ 0.0772    │ 0    │ '0/7'        │ 395    │
│ 1       │ 2 │ 'fwod51-n2' │ '6/6'    │ 'success'   │ 12    │ 7    │ 0.0043    │ 0.86 │ '7/7 (flow)' │ 91     │
│ 2       │ 3 │ 'fwod51-n3' │ '6/6'    │ 'success'   │ 17    │ 7    │ 0.006     │ 0.86 │ '7/7 (flow)' │ 104    │
└─────────┴───┴─────────────┴──────────┴─────────────┴───────┴──────┴───────────┴──────┴──────────────┴────────┘
http://127.0.0.1:8069
  s_0a08dd  validated    1 steps  3/3 (100%)
           In the Odoo Sales app, create a new quotation for the customer '{{v1}}' (choose the customer from the autocomp…
  s_22743b  validated    1 steps  3/3 (100%)
           Open {{v2}} and sign in with username admin and password admin. Then create a new customer contact named '{{v3…
  s_23e532  validated    3 steps  3/3 (100%)
           Open {{v2}} and sign in with username admin and password admin. Then create a new customer contact named '{{v3…
  s_283c9d  validated    1 steps  3/3 (100%)
           Open {{v2}} and sign in with username admin and password admin. Then create a new customer contact named '{{v3…
  s_31147b  validated    7 steps  3/3 (100%)
           Open the existing quotation {{v1}} (for customer '{{v2}}') in the Odoo Sales app. Add a SECOND order line to i…
  s_36941f  demoted      3 steps  1/3 (33%)
           Verify two things in Odoo and report them: (1) open the contact named '{{v1}}' in the Contacts app and report …
  s_39d981  validated    3 steps  3/3 (100%)
           Open {{v2}} and sign in with username admin and password admin. Then create a new customer contact named '{{v3…
  s_766e5d  validated    6 steps  3/3 (100%)
           In the Odoo Sales app, open the existing quotation {{v1}} (for customer '{{v2}}') and confirm it so it becomes…
  s_7a25f5  validated    8 steps  3/3 (100%)
           Open the existing quotation {{v1}} (for customer '{{v2}}') in the Odoo Sales app. Change the quantity of the F…
  s_7c3e0d  validated    2 steps  3/3 (100%)
           Open {{v2}} and sign in with username admin and password admin. Then create a new customer contact named '{{v3…
  s_9df10a  validated    3 steps  3/3 (100%)
           Open {{v2}} and sign in with username admin and password admin. Then create a new customer contact named '{{v3…
  s_b36ef1  validated    5 steps  3/3 (100%)
           Verify two things in Odoo and report them: (1) open the contact named '{{v1}}' in the Contacts app and report …
  s_d75dfc  validated    2 steps  3/3 (100%)
           In the Odoo Sales app, create a new quotation for the customer '{{v1}}' (choose the customer from the autocomp…
  s_e263d4  validated    8 steps  3/3 (100%)
           In the Odoo Sales app, create a new quotation for the customer '{{v1}}' (choose the customer from the autocomp…
  s_ea7647  validated    9 steps  3/3 (100%)
           In the Odoo Sales app, create a new quotation for the customer '{{v1}}' (choose the customer from the autocomp…
  s_ed8e63  validated   14 steps  3/3 (100%)
           In the Odoo Sales app, open the sales order {{v1}} (for customer '{{v2}}') and cancel it using the Cancel acti…
  s_19dac8  provisional  1 steps  1/1 (100%)  variant of s_36941f
           Verify two things in Odoo and report them: (1) open the contact named '{{v1}}' in the Contacts app and report …
  s_19f6d2  provisional  1 steps  1/1 (100%)  variant of s_36941f
           Verify two things in Odoo and report them: (1) open the contact named '{{v1}}' in the Contacts app and report …
  s_35d6a7  provisional  2 steps  1/1 (100%)  variant of s_36941f
           Verify two things in Odoo and report them: (1) open the contact named '{{v1}}' in the Contacts app and report …
  s_36131d  provisional  3 steps  1/1 (100%)  variant of s_36941f
           Verify two things in Odoo and report them: (1) open the contact named '{{v1}}' in the Contacts app and report …
  s_3b1171  provisional  1 steps  1/1 (100%)  variant of s_36941f
           Verify two things in Odoo and report them: (1) open the contact named '{{v1}}' in the Contacts app and report …
  s_4f864b  provisional  2 steps  1/1 (100%)  variant of s_36941f
           Verify two things in Odoo and report them: (1) open the contact named '{{v1}}' in the Contacts app and report …
  s_509773  provisional  3 steps  1/1 (100%)  variant of s_36941f
           Verify two things in Odoo and report them: (1) open the contact named '{{v1}}' in the Contacts app and report …
  s_638b44  provisional  2 steps  1/1 (100%)  variant of s_36941f
           Verify two things in Odoo and report them: (1) open the contact named '{{v1}}' in the Contacts app and report …
  s_6a83b0  provisional  2 steps  1/1 (100%)  variant of s_36941f
           Verify two things in Odoo and report them: (1) open the contact named '{{v1}}' in the Contacts app and report …
  s_796ae3  provisional  1 steps  1/1 (100%)  variant of s_36941f
           Verify two things in Odoo and report them: (1) open the contact named '{{v1}}' in the Contacts app and report …
  s_892a8b  provisional  3 steps  1/1 (100%)
           Verify two things in Odoo and report them: (1) open the contact named '{{v1}}' in the Contacts app and report …
  s_a5c543  provisional  3 steps  1/1 (100%)  variant of s_36941f
           Verify two things in Odoo and report them: (1) open the contact named '{{v1}}' in the Contacts app and report …
  s_ac36ea  provisional  2 steps  1/1 (100%)  variant of s_36941f
           Verify two things in Odoo and report them: (1) open the contact named '{{v1}}' in the Contacts app and report …
  s_da146f  provisional  1 steps  1/1 (100%)  variant of s_36941f
           Verify two things in Odoo and report them: (1) open the contact named '{{v1}}' in the Contacts app and report …
  s_e96ba3  provisional  2 steps  1/1 (100%)  variant of s_36941f
           Verify two things in Odoo and report them: (1) open the contact named '{{v1}}' in the Contacts app and report …
store: /home/user/sitelooper/bench/results/fwod51-skills

summary: /home/user/sitelooper/bench/results/fwod51-sweep.json
