
[sweep] run 1/3: fwod87-n1 (store: /home/user/sitelooper/bench/results/fwod87-skills)
[harness] odoo: defaulting APP_URL
[harness] odoo: defaulting APP_EMAIL
[harness] odoo: defaulting APP_PASSWORD
[reset] odoo: no leftover bench customers
[harness] odoo responded 303 at http://127.0.0.1:8069/
stopped: fwod87-n1
  flow "fwod87" saved: 6 step(s), vars runid → /home/user/sitelooper/bench/results/flows/fwod87.json
  warning: note: 4 goal/report value(s) carrying a value this run made were slotted or dropped:
  s_881871.reportTemplate.values.final_url dropped (recorded literal of a value this run made)
  s_d55e37.reportTemplate.summary dropped (narrates a value this run made)
  s_eeb059.reportTemplate.summary dropped (narrates a value this run made)
  s_f98f5d.reportTemplate.values.final_url dropped (recorded literal of a value this run made)
  warning: note: 01-signin no longer publishes model — no replay reads it from the page and the recording showed no line to read
  warning: warning: 02-create's instruction asks to report untaxed_amount, and no replay can publish it: nothing in its procedure reads it from the page, so export dropped it — re-record the step so the value is read, not only reported
  warning: note: 02-create no longer publishes order_lines_count, ref_2 — no replay reads them from the page and the recording showed no line to read
  warning: note: 03-open no longer publishes ref_3 — no replay reads it from the page and the recording showed no line to read
  warning: note: 04-change no longer publishes ref_2 — no replay reads it from the page and the recording showed no line to read
  warning: note: 06-report no longer publishes dialog_button_cancel, dialog_action_cancel — no replay reads them from the page and the recording showed no line to read
  warning: note: 06-report: added a read for dialog_button_send_and_cancel to s_f98f5d (page.getByRole('button', { name: 'Send and cancel', exact: true }); seen on the instruction's own page)
  warning: warning: 91 other value(s) the run saw survived unslotted, judged by shape only (usually page copy; non-fatal):
  flow.steps[0].instruction: "Benchville" (output) in "Sign in to Odoo at http://127.0.0.1:8069/ with login admin and password {{env:APP_PASSWORD}}, then in Sales, create a new customer named '{{runid}} Bench Custom"
  flow.steps[0].params.v6: "Benchville" (output) in "Benchville"
  flow.steps[0].route: "res.partner" (output) in "http://127.0.0.1:8069/web#action=:id&cids=:id&id=:id&menu_id=:id&model=res.partner&view_type=form"
  flow.steps[4].instruction: "Sales Order" (output) in "In Odoo Sales, on quotation {{02-create.quotation_number}}, confirm the quotation (click Confirm) so it becomes a sales order. Report the order reference (its n"
  flow.steps[5].instruction: "Cancel" (output) in "On sales order {{02-create.quotation_number}}, cancel it (click Cancel and confirm any dialog that appears). Report the status the app shows after cancelling."
arm=sitelooper model=z-ai/glm-5.3 runid=fwod87-n1 stop=completed
turns=7 wall=308.0s
commands=6 cmdTime=285.6s cmdBytes=5198 timeouts=0
orchestrator in=3827 cw=0 cr=21760 out=744
inner prompt=1675525 cached=1540224 completion=25708
spend=$0.0549 maxUsd=3
learn: A_n=0 replayed=0/6 full=0 repaired=0 compiled=6 variants=0
-> /home/user/sitelooper/bench/results/fwod87-n1-sitelooper-result.json

fwod87-n1: objectives passed 6/6
  obj 1: PASS — city="Benchville"
  obj 2: PASS — orders for customer: 1, lines: 2
  obj 3: PASS — 2 lines, 2 distinct products
  obj 4: PASS — quantities: 5, 2
  obj 5: PASS — state tracking shows confirmation
  obj 6: PASS — final state=cancel, ref=S00021

[sweep] run 2/3: fwod87-n2 (replay flow fwod87, no orchestrator)
[reset] odoo: deleted 1 leftover bench order(s)
[reset] odoo: deleted 1 leftover bench customer(s)
[sweep] fwod87-n2: 1 drift ticket(s) → fwod87-n2-drift.json

fwod87-n2: objectives passed 6/6
  obj 1: PASS — city="Benchville"
  obj 2: PASS — orders for customer: 1, lines: 2
  obj 3: PASS — 2 lines, 2 distinct products
  obj 4: PASS — quantities: 5, 2
  obj 5: PASS — state tracking shows confirmation
  obj 6: PASS — final state=cancel, ref=S00022

[sweep] run 3/3: fwod87-n3 (replay flow fwod87, no orchestrator)
[reset] odoo: deleted 1 leftover bench order(s)
[reset] odoo: deleted 1 leftover bench customer(s)
[sweep] fwod87-n3: 1 drift ticket(s) → fwod87-n3-drift.json

fwod87-n3: objectives passed 6/6
  obj 1: PASS — city="Benchville"
  obj 2: PASS — orders for customer: 1, lines: 2
  obj 3: PASS — 2 lines, 2 distinct products
  obj 4: PASS — quantities: 5, 2
  obj 5: PASS — state tracking shows confirmation
  obj 6: PASS — final state=cancel, ref=S00023

Learning sweep fwod87 (K=3)
┌─────────┬───┬─────────────┬──────────┬─────────────┬───────┬──────┬───────────┬─────┬──────────────┬────────┐
│ (index) │ n │ runid       │ verified │ stop        │ turns │ cmds │ total_usd │ A_n │ replayed     │ wall_s │
├─────────┼───┼─────────────┼──────────┼─────────────┼───────┼──────┼───────────┼─────┼──────────────┼────────┤
│ 0       │ 1 │ 'fwod87-n1' │ '6/6'    │ 'completed' │ 7     │ 6    │ 0.0549    │ 0   │ '0/6'        │ 308    │
│ 1       │ 2 │ 'fwod87-n2' │ '6/6'    │ 'success'   │ 0     │ 6    │ 0         │ 1   │ '6/6 (flow)' │ 65     │
│ 2       │ 3 │ 'fwod87-n3' │ '6/6'    │ 'success'   │ 0     │ 6    │ 0         │ 1   │ '6/6 (flow)' │ 64     │
└─────────┴───┴─────────────┴──────────┴─────────────┴───────┴──────┴───────────┴─────┴──────────────┴────────┘
http://127.0.0.1:8069
  s_09ee5c  validated    1 steps  3/3 (100%)
           Sign in to Odoo at {{v2}} with login {{v3}} and password {{v4}}, then in Sales, create a new customer named '{…
  s_4107a3  validated    3 steps  3/3 (100%)
           Sign in to Odoo at {{v2}} with login {{v3}} and password {{v4}}, then in Sales, create a new customer named '{…
  s_725424  validated    3 steps  3/3 (100%)
           Sign in to Odoo at {{v2}} with login {{v3}} and password {{v4}}, then in Sales, create a new customer named '{…
  s_80661a  validated    1 steps  3/3 (100%)
           In Odoo Sales, create a new quotation for customer '{{v1}}' (choose from the autocomplete dropdown). Add exact…
  s_881871  validated    6 steps  3/3 (100%)
           In Odoo Sales, on quotation {{v1}}, confirm the quotation (click Confirm) so it becomes a sales order. Report …
  s_946859  validated    3 steps  3/3 (100%)
           Sign in to Odoo at {{v2}} with login {{v3}} and password {{v4}}, then in Sales, create a new customer named '{…
  s_a5fc53  validated    1 steps  3/3 (100%)
           Sign in to Odoo at {{v2}} with login {{v3}} and password {{v4}}, then in Sales, create a new customer named '{…
  s_d392c0  validated    7 steps  3/3 (100%)
           In Odoo Sales, create a new quotation for customer '{{v1}}' (choose from the autocomplete dropdown). Add exact…
  s_d3a412  validated    7 steps  3/3 (100%)
           In Odoo Sales, open quotation {{v1}} for '{{v2}}' and add a SECOND order line: a different product (not Acoust…
  s_d4f53f  validated    2 steps  3/3 (100%)
           In Odoo Sales, create a new quotation for customer '{{v1}}' (choose from the autocomplete dropdown). Add exact…
  s_d55e37  validated    3 steps  3/3 (100%)
           Sign in to Odoo at {{v2}} with login {{v3}} and password {{v4}}, then in Sales, create a new customer named '{…
  s_dd0f40  validated    9 steps  3/3 (100%)
           In Odoo Sales, on quotation {{v1}}, change the quantity of the first order line ({{v2}}) from 3 to 5. Save and…
  s_eeb059  validated    8 steps  3/3 (100%)
           In Odoo Sales, create a new quotation for customer '{{v1}}' (choose from the autocomplete dropdown). Add exact…
  s_f4e896  validated    2 steps  3/3 (100%)
           Sign in to Odoo at {{v2}} with login {{v3}} and password {{v4}}, then in Sales, create a new customer named '{…
  s_f98f5d  validated   10 steps  3/3 (100%)
           On sales order {{v1}}, cancel it (click Cancel and confirm any dialog that appears). Report the status the app…
store: /home/user/sitelooper/bench/results/fwod87-skills

summary: /home/user/sitelooper/bench/results/fwod87-sweep.json
