
[sweep] run 1/3: fwod60-n1 (store: /home/user/sitelooper/bench/results/fwod60-skills)
[harness] odoo: defaulting APP_URL
[harness] odoo: defaulting APP_EMAIL
[harness] odoo: defaulting APP_PASSWORD
[reset] odoo: no leftover bench customers
[harness] odoo responded 303 at http://127.0.0.1:8069/
stopped: fwod60-n1
  flow "fwod60" saved: 7 step(s), vars runid → /home/user/sitelooper/bench/results/flows/fwod60.json
  warning: note: dropped 1 locator candidate(s) carrying a value this run minted (known only by export time)
  warning: note: 13 goal/report value(s) carrying a value this run made were slotted or dropped:
  s_04b714.reportTemplate.values.odoo_record_id dropped (recorded literal of a value this run made)
  s_04b714.reportTemplate.values.record_url dropped (recorded literal of a value this run made)
  s_04b714.reportTemplate.summary dropped (narrates a value this run made)
  s_24e37d.reportTemplate.values.saved_url dropped (recorded literal of a value this run made)
  s_24e37d.reportTemplate.summary dropped (narrates a value this run made)
  s_292da2.reportTemplate.values.saved_url dropped (recorded literal of a value this run made)
  s_292da2.reportTemplate.summary dropped (narrates a value this run made)
  s_2ef332.reportTemplate.values.saved_record_url dropped (recorded literal of a value this run made)
  s_2ef332.reportTemplate.summary dropped (narrates a value this run made)
  s_7e3698.reportTemplate.values.saved_url dropped (recorded literal of a value this run made)
  s_7e3698.reportTemplate.summary dropped (narrates a value this run made)
  s_93edaf.reportTemplate.values.saved_url dropped (recorded literal of a value this run made)
  s_93edaf.reportTemplate.summary dropped (narrates a value this run made)
  warning: note: 01-login no longer publishes odoo_record_id, model, contact_type — no replay reads them from the page and the recording showed no line to read
  warning: note: 03-create no longer publishes product_reference — no replay reads it from the page and the recording showed no line to read
  warning: note: 04-open no longer publishes second_line_tax, modals_remaining — no replay reads them from the page and the recording showed no line to read
  warning: note: 06-open no longer publishes statusbar_stages, state_field_value, modals_remaining — no replay reads them from the page and the recording showed no line to read
  warning: note: 07-open no longer publishes status_after_cancel, statusbar_checked_stage, status_field_text, modals_remaining — no replay reads them from the page and the recording showed no line to read
  warning: note: 03-create: added a read for heading to s_2ef332 (page.getByRole('button', { name: 'New', exact: true }); seen on the next instruction's start page)
  warning: note: 1 step(s) adopted from non-success instruction(s) whose work the session continued from (02-create) — they replay model-first with doubled budget, and a non-success there does not halt the flow
  warning: warning: 17 value(s) KNOWN to be this run's survived unslotted — a replay will act on or wait for the recording's value (non-fatal outside locators):
  s_24e37d.template: "21" (url) in "In Odoo Sales, open the confirmed sales order {{v1}} (id=21, status {{v3}}) and CANCEL it: click the '{{v4}}' button, and if a confirmation dialog appears, acce"
  s_24e37d.steps[1].expect.urlPattern: "21" (url) in "http://127.0.0.1:8069/web#action=:id&cids=:id&id=21&menu_id=:id&model=sale.order&view_type=form"
  s_24e37d.steps[2].expect.urlPattern: "21" (url) in "http://127.0.0.1:8069/web#action=:id&cids=:id&id=21&menu_id=:id&model=sale.order&view_type=form"
  s_24e37d.steps[3].expect.urlPattern: "21" (url) in "http://127.0.0.1:8069/web#action=:id&cids=:id&id=21&menu_id=:id&model=sale.order&view_type=form"
  s_292da2.template: "21" (url) in "In Odoo Sales, open the existing quotation {{v1}} (customer {{v3}}, one line: {{v5}} qty {{v7}}). Add a SECOND order line with a DIFFERENT product (any other pr"
  s_292da2.steps[0].expect.urlPattern: "21" (url) in "http://127.0.0.1:8069/web#action=:id&cids=:id&id=21&menu_id=:id&model=sale.order&view_type=form"
  s_292da2.steps[1].expect.urlPattern: "21" (url) in "http://127.0.0.1:8069/web#action=:id&cids=:id&id=21&menu_id=:id&model=sale.order&view_type=form"
  s_292da2.steps[2].expect.urlPattern: "21" (url) in "http://127.0.0.1:8069/web#action=:id&cids=:id&id=21&menu_id=:id&model=sale.order&view_type=form"
  s_292da2.steps[3].expect.urlPattern: "21" (url) in "http://127.0.0.1:8069/web#action=:id&cids=:id&id=21&menu_id=:id&model=sale.order&view_type=form"
  s_292da2.steps[4].expect.urlPattern: "21" (url) in "http://127.0.0.1:8069/web#action=:id&cids=:id&id=21&menu_id=:id&model=sale.order&view_type=form"
  s_7e3698.template: "21" (url) in "In Odoo Sales, open quotation {{v1}} (id=21) and edit the FIRST order line's quantity: change it from {{v3}} to 5 (the first line is {{v4}}, unit price {{v6}}; "
  s_7e3698.steps[0].expect.urlPattern: "21" (url) in "http://127.0.0.1:8069/web#action=:id&cids=:id&id=21&menu_id=:id&model=sale.order&view_type=form"
  s_7e3698.steps[1].expect.urlPattern: "21" (url) in "http://127.0.0.1:8069/web#action=:id&cids=:id&id=21&menu_id=:id&model=sale.order&view_type=form"
  s_7e3698.steps[2].expect.urlPattern: "21" (url) in "http://127.0.0.1:8069/web#action=:id&cids=:id&id=21&menu_id=:id&model=sale.order&view_type=form"
  s_7e3698.steps[3].expect.urlPattern: "21" (url) in "http://127.0.0.1:8069/web#action=:id&cids=:id&id=21&menu_id=:id&model=sale.order&view_type=form"
  s_93edaf.template: "21" (url) in "In Odoo Sales, open quotation {{v1}} (id=21, customer {{v3}}, first line {{v5}} qty 5.00, second line {{v7}} qty {{v8}}, {{v9}} £449.00) and CONFIRM it: click t"
  s_93edaf.steps[0].expect.urlPattern: "21" (url) in "http://127.0.0.1:8069/web#action=:id&cids=:id&id=21&menu_id=:id&model=sale.order&view_type=form"
  warning: warning: 193 other value(s) the run saw survived unslotted, judged by shape only (usually page copy; non-fatal):
  flow.steps[0].instruction: "Benchville" (output) in "Log in to Odoo at http://127.0.0.1:8069/ with username admin and password admin (use the login form fields, then submit). Then create a new customer (contact) n"
  flow.steps[0].instruction: "New" (output) in "Log in to Odoo at http://127.0.0.1:8069/ with username admin and password admin (use the login form fields, then submit). Then create a new customer (contact) n"
  flow.steps[0].route: "res.partner" (output) in "http://127.0.0.1:8069/web#action=:id&cids=:id&id=:id&menu_id=:id&model=res.partner&view_type=form"
  flow.steps[2].instruction: "New" (output) in "In Odoo Sales, the previous attempt to create a quotation failed because a leftover 'Configure your product' modal (class 'modal d-block o_technical_modal') is "
  flow.steps[3].instruction: "Cancel" (output) in "In Odoo Sales, open the existing quotation {{03-create.quotation_reference}} (customer {{runid}} Bench Customer, one line: {{02-create.product_name}} qty {{02-c"
  warning: {{02-create.product_name}} (used by 03-create) can only be re-observed by model recovery — consider re-recording so the value is read from the page.
  warning: {{02-create.quantity}} (used by 03-create) can only be re-observed by model recovery — consider re-recording so the value is read from the page.
  warning: {{02-create.unit_price}} (used by 05-open) can only be re-observed by model recovery — consider re-recording so the value is read from the page.
arm=sitelooper model=z-ai/glm-5.3 runid=fwod60-n1 stop=completed
turns=9 wall=729.9s
commands=9 cmdTime=608.7s cmdBytes=11163 timeouts=0
orchestrator in=12142 cw=0 cr=29632 out=11062
inner prompt=3142592 cached=2925824 completion=44110
spend=$0.1411 maxUsd=3
learn: A_n=0 replayed=0/7 full=0 repaired=0 compiled=6 variants=0
-> /home/user/sitelooper/bench/results/fwod60-n1-sitelooper-result.json

fwod60-n1: objectives passed 6/6
  obj 1: PASS — city="Benchville"
  obj 2: PASS — orders for customer: 1, lines: 2
  obj 3: PASS — 2 lines, 2 distinct products
  obj 4: PASS — quantities: 5, 2
  obj 5: PASS — state tracking shows confirmation
  obj 6: PASS — final state=cancel, ref=S00021

[sweep] run 2/3: fwod60-n2 (replay flow fwod60, no orchestrator)
[reset] odoo: deleted 1 leftover bench order(s)
[reset] odoo: deleted 1 leftover bench customer(s)
[sweep] fwod60-n2: 2 drift ticket(s) → fwod60-n2-drift.json

fwod60-n2: objectives passed 6/6
  obj 1: PASS — city="Benchville"
  obj 2: PASS — orders for customer: 1, lines: 2
  obj 3: PASS — 2 lines, 2 distinct products
  obj 4: PASS — quantities: 5, 2
  obj 5: PASS — state tracking shows confirmation
  obj 6: PASS — final state=cancel, ref=S00022
[sweep] fwod60-n2: 02-create has no pinned skill — 52 model turn(s), on every replay

[sweep] run 3/3: fwod60-n3 (replay flow fwod60, no orchestrator)
[reset] odoo: deleted 1 leftover bench order(s)
[reset] odoo: deleted 1 leftover bench customer(s)
[sweep] fwod60-n3: 4 drift ticket(s) → fwod60-n3-drift.json

fwod60-n3: objectives passed 6/6
  obj 1: PASS — city="Benchville"
  obj 2: PASS — orders for customer: 1, lines: 2
  obj 3: PASS — 2 lines, 2 distinct products
  obj 4: PASS — quantities: 5, 2
  obj 5: PASS — state tracking shows confirmation
  obj 6: PASS — final state=cancel, ref=S00023

Learning sweep fwod60 (K=3)
┌─────────┬───┬─────────────┬──────────┬─────────────┬───────┬──────┬───────────┬──────┬──────────────┬────────┐
│ (index) │ n │ runid       │ verified │ stop        │ turns │ cmds │ total_usd │ A_n  │ replayed     │ wall_s │
├─────────┼───┼─────────────┼──────────┼─────────────┼───────┼──────┼───────────┼──────┼──────────────┼────────┤
│ 0       │ 1 │ 'fwod60-n1' │ '6/6'    │ 'completed' │ 9     │ 9    │ 0.1411    │ 0    │ '0/7'        │ 730    │
│ 1       │ 2 │ 'fwod60-n2' │ '6/6'    │ 'success'   │ 76    │ 7    │ 0.0397    │ 0.43 │ '7/7 (flow)' │ 440    │
│ 2       │ 3 │ 'fwod60-n3' │ '6/6'    │ 'success'   │ 21    │ 7    │ 0.0156    │ 0.57 │ '7/7 (flow)' │ 157    │
└─────────┴───┴─────────────┴──────────┴─────────────┴───────┴──────┴───────────┴──────┴──────────────┴────────┘
http://127.0.0.1:8069
  s_04b714  validated    3 steps  3/3 (100%)
           Log in to Odoo at http://127.0.0.1:8069/ with username admin and password admin (use the login form fields, th…
  s_08d87d  validated    1 steps  3/3 (100%)
           Log in to Odoo at http://127.0.0.1:8069/ with username admin and password admin (use the login form fields, th…
  s_232636  validated    3 steps  3/3 (100%)
           Log in to Odoo at http://127.0.0.1:8069/ with username admin and password admin (use the login form fields, th…
  s_24e37d  validated    8 steps  3/3 (100%)
           In Odoo Sales, open the confirmed sales order {{v1}} (id=21, status {{v3}}) and CANCEL it: click the '{{v4}}' …
  s_292da2  demoted     21 steps  1/3 (33%)
           In Odoo Sales, open the existing quotation {{v1}} (customer {{v3}}, one line: {{v5}} qty {{v7}}). Add a SECOND…
  s_4073e7  validated    2 steps  3/3 (100%)
           Log in to Odoo at http://127.0.0.1:8069/ with username admin and password admin (use the login form fields, th…
  s_93edaf  validated   15 steps  3/3 (100%)
           In Odoo Sales, open quotation {{v1}} (id=21, customer {{v3}}, first line {{v5}} qty 5.00, second line {{v7}} q…
  s_ce61bb  validated    3 steps  3/3 (100%)
           Log in to Odoo at http://127.0.0.1:8069/ with username admin and password admin (use the login form fields, th…
  s_2815e0  validated   19 steps  2/2 (100%)  variant of s_7e3698
           In Odoo Sales, open quotation {{v1}} (id=22) and edit the FIRST order line's quantity: change it from {{v3}} t…
  s_47ef3b  validated   28 steps  2/2 (100%)
           In Odoo (already logged in as admin), go to the Sales app and create a new quotation for the customer '{{v1}}'…
  s_7e3698  provisional 12 steps  1/2 (50%)
           In Odoo Sales, open quotation {{v1}} (id=21) and edit the FIRST order line's quantity: change it from {{v3}} t…
  s_a10f3a  provisional 15 steps  1/2 (50%)
           In Odoo Sales, the previous attempt to create a quotation failed because a leftover 'Configure your product' m…
  s_a9b124  validated    1 steps  2/2 (100%)
           In Odoo (already logged in as admin), go to the Sales app and create a new quotation for the customer '{{v1}}'…
  s_c85836  validated   16 steps  2/2 (100%)
           In Odoo (already logged in as admin), go to the Sales app and create a new quotation for the customer '{{v1}}'…
  s_c99052  validated    2 steps  2/2 (100%)
           In Odoo (already logged in as admin), go to the Sales app and create a new quotation for the customer '{{v1}}'…
  s_2ef332  provisional 11 steps  1/1 (100%)
           In Odoo Sales, the previous attempt to create a quotation failed because a leftover 'Configure your product' m…
  s_5a5d0d  provisional 22 steps  1/1 (100%)  variant of s_292da2
           In Odoo Sales, open the existing quotation {{v1}} (customer {{v3}}, one line: {{v5}} qty {{v6}}). Add a SECOND…
  s_b6f7fe  provisional 23 steps  1/1 (100%)  variant of s_292da2
           In Odoo Sales, open the existing quotation {{v1}} (customer {{v3}}, one line: {{02-create.product_name}} qty {…
  s_ba9433  provisional 12 steps  1/1 (100%)
           In Odoo Sales, the previous attempt to create a quotation failed because a leftover 'Configure your product' m…
  s_efdd23  provisional 14 steps  1/1 (100%)
           In Odoo Sales, the previous attempt to create a quotation failed because a leftover 'Configure your product' m…
store: /home/user/sitelooper/bench/results/fwod60-skills

summary: /home/user/sitelooper/bench/results/fwod60-sweep.json
