
[sweep] run 1/3: fwod44-n1 (store: /home/user/sitelooper/bench/results/fwod44-skills)
[harness] odoo: defaulting APP_URL
[harness] odoo: defaulting APP_EMAIL
[harness] odoo: defaulting APP_PASSWORD
[reset] odoo: no leftover bench customers
[harness] odoo responded 303 at http://127.0.0.1:8069/
stopped: fwod44-n1
  flow "fwod44" saved: 7 step(s), vars runid → /home/user/sitelooper/bench/results/flows/fwod44.json
  warning: note: dropped 4 locator candidate(s) carrying a value this run minted (known only by export time)
  warning: warning: contradicted-step: 07-open read statusbar_button_1 "true" right after 06-open reported "..."; 06-open's change may not have landed and a later step may be retrying it. Re-record 06-open.
  warning: warning: 11 value(s) KNOWN to be this run's survived unslotted — a replay will act on or wait for the recording's value (non-fatal outside locators):
  s_01388d.reportTemplate.summary: "34" (url) in "Opened quotation {{v1}} (customer '{{v2}}', Quotation status), clicked \"Add a product\" and in the new empty line row typed \"chair\" in the product field and sele"
  s_013da2.reportTemplate.values.record_id: "34" (url) in "34"
  s_4036de.reportTemplate.summary: "34" (url) in "Opened quotation {{v1}}, clicked into the first order line's Quantity cell (which put the row in edit mode) and changed the Acoustic Bloc Screens quantity from "
  s_6b146d.reportTemplate.summary: "68" (url) in "Signed in to Odoo as admin/admin (login form submitted), opened the Contacts app, created a new contact '{{v2}}' with City '{{v3}}' and Company Type set to Indi"
  s_6b146d.reportTemplate.values.contact_record_id: "68" (url) in "68"
  s_6b146d.reportTemplate.values.record_url: "68" (url) in "http://127.0.0.1:8069/web#id=68&cids=1&menu_id=109&action=156&model=res.partner&view_type=form"
  s_6b146d.reportTemplate.values.contact_screenshot: "68" (url) in "contact_68_verified.png"
  s_ab5cee.reportTemplate.summary: "34" (url) in "Opened sales order {{v1}} and clicked Cancel; the app opened the \"Cancel Sales Order\" confirmation wizard, in which I clicked the primary \"Cancel\" button (actio"
  s_e69346.reportTemplate.summary: "68" (url) in "Read-only verification: (1) Opened the contact record /web#id=68...&model=res.partner&view_type=form — its Name field shows \"{{v1}}\" and City shows \"Benchville\""
  s_f1eaf9.reportTemplate.summary: "34" (url) in "Opened the Sales app, clicked New to create a quotation, typed \"{{v1}}\" in the Customer field and selected the matching autocomplete option (dropdown closed, cu"
  s_f1eaf9.reportTemplate.values.quotation_record_id: "34" (url) in "34"
  warning: warning: 283 other value(s) the run saw survived unslotted, judged by shape only (usually page copy; non-fatal):
  flow.steps[0].instruction: "Benchville" (output) in "Sign in to Odoo with username 'admin' and password 'admin' and submit the login form. Then navigate to the Sales app (or Contacts app) and create a new customer"
  flow.steps[0].instruction: "Individual" (output) in "Sign in to Odoo with username 'admin' and password 'admin' and submit the login form. Then navigate to the Sales app (or Contacts app) and create a new customer"
  flow.steps[0].params.v3: "Benchville" (output) in "Benchville"
  flow.steps[1].instruction: "Untaxed Amount" (output) in "In Odoo, open the Sales app and create a new quotation (New). Set the Customer field to '{{runid}} Bench Customer' by typing the name and choosing the matching "
  flow.steps[2].instruction: "Untaxed Amount" (output) in "In Odoo, open the existing quotation {{02-open.quotation_reference}} (customer '{{runid}} Bench Customer', currently in Quotation status, with one order line: {"
arm=sitelooper model=z-ai/glm-5.3 runid=fwod44-n1 stop=completed
turns=9 wall=735.3s
commands=8 cmdTime=653.5s cmdBytes=11749 timeouts=0
orchestrator in=22008 cw=0 cr=21056 out=4005
inner prompt=3292645 cached=3054336 completion=49382
spend=$0.1284 maxUsd=3
learn: A_n=0 replayed=0/7 full=0 repaired=0 compiled=7 variants=0
-> /home/user/sitelooper/bench/results/fwod44-n1-sitelooper-result.json

fwod44-n1: objectives passed 6/6
  obj 1: PASS — city="Benchville"
  obj 2: PASS — orders for customer: 1, lines: 2
  obj 3: PASS — 2 lines, 2 distinct products
  obj 4: PASS — quantities: 5, 2
  obj 5: PASS — state tracking shows confirmation
  obj 6: PASS — final state=cancel, ref=S00034

[sweep] run 2/3: fwod44-n2 (replay flow fwod44, no orchestrator)
[reset] odoo: deleted 1 leftover bench order(s)
[reset] odoo: deleted 1 leftover bench customer(s)
[sweep] fwod44-n2: 1 drift ticket(s) → fwod44-n2-drift.json

fwod44-n2: objectives passed 6/6
  obj 1: PASS — city="Benchville"
  obj 2: PASS — orders for customer: 1, lines: 2
  obj 3: PASS — 2 lines, 2 distinct products
  obj 4: PASS — quantities: 5, 2
  obj 5: PASS — state tracking shows confirmation
  obj 6: PASS — final state=cancel, ref=S00035

[sweep] run 3/3: fwod44-n3 (replay flow fwod44, no orchestrator)
[reset] odoo: deleted 1 leftover bench order(s)
[reset] odoo: deleted 1 leftover bench customer(s)

fwod44-n3: objectives passed 6/6
  obj 1: PASS — city="Benchville"
  obj 2: PASS — orders for customer: 1, lines: 2
  obj 3: PASS — 2 lines, 2 distinct products
  obj 4: PASS — quantities: 5, 2
  obj 5: PASS — state tracking shows confirmation
  obj 6: PASS — final state=cancel, ref=S00036

Learning sweep fwod44 (K=3)
┌─────────┬───┬─────────────┬──────────┬─────────────┬───────┬──────┬───────────┬──────┬──────────────┬────────┐
│ (index) │ n │ runid       │ verified │ stop        │ turns │ cmds │ total_usd │ A_n  │ replayed     │ wall_s │
├─────────┼───┼─────────────┼──────────┼─────────────┼───────┼──────┼───────────┼──────┼──────────────┼────────┤
│ 0       │ 1 │ 'fwod44-n1' │ '6/6'    │ 'completed' │ 9     │ 8    │ 0.1284    │ 0    │ '0/7'        │ 735    │
│ 1       │ 2 │ 'fwod44-n2' │ '6/6'    │ 'success'   │ 5     │ 7    │ 0.0043    │ 0.86 │ '7/7 (flow)' │ 92     │
│ 2       │ 3 │ 'fwod44-n3' │ '6/6'    │ 'success'   │ 0     │ 7    │ 0         │ 1    │ '7/7 (flow)' │ 72     │
└─────────┴───┴─────────────┴──────────┴─────────────┴───────┴──────┴───────────┴──────┴──────────────┴────────┘
http://127.0.0.1:8069
  s_01388d  validated   25 steps  3/3 (100%)
           In Odoo, open the existing quotation {{v1}} (customer '{{v2}}', currently in Quotation status, with one order …
  s_013da2  validated    5 steps  3/3 (100%)
           In Odoo, open the existing quotation {{v1}} (customer '{{v2}}', currently in Quotation status, two order lines…
  s_146323  validated    2 steps  3/3 (100%)
           In Odoo, open the Sales app and create a new quotation (New). Set the Customer field to '{{v1}}' by typing the…
  s_1bd971  validated    1 steps  3/3 (100%)
           In Odoo, open the Sales app and create a new quotation (New). Set the Customer field to '{{v1}}' by typing the…
  s_32e77e  validated    3 steps  3/3 (100%)
           Sign in to Odoo with username 'admin' and password 'admin' and submit the login form. Then navigate to the Sal…
  s_4036de  validated   18 steps  3/3 (100%)
           In Odoo, open the existing quotation {{v1}} (customer '{{v2}}', Quotation status, two order lines: {{v4}} qty …
  s_54b027  validated    4 steps  3/3 (100%)
           Sign in to Odoo with username 'admin' and password 'admin' and submit the login form. Then navigate to the Sal…
  s_6b146d  validated    7 steps  3/3 (100%)
           Sign in to Odoo with username 'admin' and password 'admin' and submit the login form. Then navigate to the Sal…
  s_6ecd88  validated    7 steps  3/3 (100%)
           In Odoo, open the Sales app and create a new quotation (New). Set the Customer field to '{{v1}}' by typing the…
  s_7cd073  validated    1 steps  3/3 (100%)
           Sign in to Odoo with username 'admin' and password 'admin' and submit the login form. Then navigate to the Sal…
  s_8e5062  validated    1 steps  3/3 (100%)
           Sign in to Odoo with username 'admin' and password 'admin' and submit the login form. Then navigate to the Sal…
  s_8f8f9f  validated    1 steps  3/3 (100%)
           Sign in to Odoo with username 'admin' and password 'admin' and submit the login form. Then navigate to the Sal…
  s_b88ab2  validated    1 steps  3/3 (100%)
           Sign in to Odoo with username 'admin' and password 'admin' and submit the login form. Then navigate to the Sal…
  s_d3e6cb  validated    8 steps  3/3 (100%)
           Sign in to Odoo with username 'admin' and password 'admin' and submit the login form. Then navigate to the Sal…
  s_e69346  validated    8 steps  3/3 (100%)
           Final verification in Odoo: (1) Open the contact '{{v1}}' and report its Name and City as shown on the saved r…
  s_f1eaf9  validated   17 steps  3/3 (100%)
           In Odoo, open the Sales app and create a new quotation (New). Set the Customer field to '{{v1}}' by typing the…
  s_fc94d4  validated    2 steps  3/3 (100%)
           Sign in to Odoo with username 'admin' and password 'admin' and submit the login form. Then navigate to the Sal…
  s_4e6a8f  validated   15 steps  2/2 (100%)  variant of s_ab5cee
           In Odoo, open the existing sales order {{v1}} (customer '{{v2}} Bench Customer', currently in 'Sales Order' st…
  s_ab5cee  demoted     14 steps  1/2 (50%)
           In Odoo, open the existing sales order {{v1}} (customer '{{v2}}', currently in 'Sales Order' status, two order…
store: /home/user/sitelooper/bench/results/fwod44-skills

summary: /home/user/sitelooper/bench/results/fwod44-sweep.json
