
[sweep] run 1/3: fwod94-n1 (store: /home/user/sitelooper/bench/results/fwod94-skills)
[harness] odoo: defaulting APP_URL
[harness] odoo: defaulting APP_EMAIL
[harness] odoo: defaulting APP_PASSWORD
[reset] odoo: no leftover bench customers
[harness] odoo responded 303 at http://127.0.0.1:8069/
stopped: fwod94-n1
  flow "fwod94" saved: 6 step(s), vars runid → /home/user/sitelooper/bench/results/flows/fwod94.json
  warning: note: 2 goal/report value(s) carrying a value this run made were slotted or dropped:
  s_2cc07c.reportTemplate.summary dropped (narrates a value this run made)
  s_6d73b6.reportTemplate.summary dropped (narrates a value this run made)
  warning: warning: 02-open's instruction asks to report untaxed_amount, and no replay can publish it: nothing in its procedure reads it from the page, so export dropped it — re-record the step so the value is read, not only reported
  warning: note: 02-open no longer publishes product_internal_reference — no replay reads it from the page and the recording showed no line to read
  warning: note: 06-open no longer publishes modal_modal_body_modal_m_2 — no replay reads it from the page and the recording showed no line to read
  warning: note: 06-open: added a read for modal_modal_body_modal_m to s_1d8c6a (page.getByRole('button', { name: 'Send and cancel', exact: true }); seen on the instruction's own page)
  warning: warning: 2 value(s) KNOWN to be this run's survived unslotted — a replay will act on or wait for the recording's value (non-fatal outside locators):
  s_2a1251.steps[0].args.text: "fwod94-n1" (var) in "fwod94-n1 Bench"
  s_2a1251.steps[0].expect.addedContains[0]: "fwod94-n1" (var) in "- combobox \"Type to find a customer...\": fwod94-n1 Bench"
  warning: warning: 81 other value(s) the run saw survived unslotted, judged by shape only (usually page copy; non-fatal):
  flow.steps[0].instruction: "Benchville" (output) in "Sign in to Odoo at http://127.0.0.1:8069/ with login admin and password {{env:APP_PASSWORD}} (type the password text exactly as {{env:APP_PASSWORD}}). Then crea"
  flow.steps[0].params.v5: "Benchville" (output) in "Benchville"
  flow.steps[5].instruction: "Cancel" (output) in "In Odoo, open the confirmed sales order {{02-open.quotation_reference}} and cancel it (use the Cancel button; accept any confirmation dialog if shown). Report t"
  s_1d8c6a.template: "Cancel" (output) in "In Odoo, open the confirmed sales order {{v1}} and cancel it (use the Cancel button; accept any confirmation dialog if shown). Report the status the app shows a"
  s_1d8c6a.goal.requireText[0]: "Cancelled" (output) in "Cancelled"
arm=sitelooper model=z-ai/glm-5.3 runid=fwod94-n1 stop=completed
turns=7 wall=277.9s
commands=6 cmdTime=261.0s cmdBytes=4930 timeouts=0
orchestrator in=8080 cw=0 cr=17600 out=830
inner prompt=1540758 cached=1416320 completion=17539
spend=$0.0532 maxUsd=3
learn: A_n=0 replayed=0/6 full=0 repaired=0 compiled=6 variants=0
-> /home/user/sitelooper/bench/results/fwod94-n1-sitelooper-result.json

fwod94-n1: objectives passed 6/6
  obj 1: PASS — city="Benchville"
  obj 2: PASS — orders for customer: 1, lines: 2
  obj 3: PASS — 2 lines, 2 distinct products
  obj 4: PASS — quantities: 5, 2
  obj 5: PASS — state tracking shows confirmation
  obj 6: PASS — final state=cancel, ref=S00021

[sweep] run 2/3: fwod94-n2 (replay flow fwod94, no orchestrator)
[reset] odoo: deleted 1 leftover bench order(s)
[reset] odoo: deleted 1 leftover bench customer(s)
[sweep] fwod94-n2: 4 drift ticket(s) → fwod94-n2-drift.json

fwod94-n2: objectives passed 1/6
  obj 1: PASS — city="Benchville"
  obj 2: FAIL — orders for customer: 0
  obj 3: FAIL — no single order to check
  obj 4: FAIL — no single order to check
  obj 5: FAIL — no order
  obj 6: FAIL — no order

[sweep] run 3/3: fwod94-n3 (replay flow fwod94, no orchestrator)
[reset] odoo: deleted 1 leftover bench customer(s)
[sweep] fwod94-n3: 3 drift ticket(s) → fwod94-n3-drift.json

fwod94-n3: objectives passed 1/6
  obj 1: PASS — city="Benchville"
  obj 2: FAIL — orders for customer: 0
  obj 3: FAIL — no single order to check
  obj 4: FAIL — no single order to check
  obj 5: FAIL — no order
  obj 6: FAIL — no order

Learning sweep fwod94 (K=3)
┌─────────┬───┬─────────────┬──────────┬─────────────┬───────┬──────┬───────────┬──────┬──────────────┬────────┐
│ (index) │ n │ runid       │ verified │ stop        │ turns │ cmds │ total_usd │ A_n  │ replayed     │ wall_s │
├─────────┼───┼─────────────┼──────────┼─────────────┼───────┼──────┼───────────┼──────┼──────────────┼────────┤
│ 0       │ 1 │ 'fwod94-n1' │ '6/6'    │ 'completed' │ 7     │ 6    │ 0.0532    │ 0    │ '0/6'        │ 278    │
│ 1       │ 2 │ 'fwod94-n2' │ '1/6'    │ 'success'   │ 10    │ 6    │ 0.0142    │ 0.83 │ '6/6 (flow)' │ 176    │
│ 2       │ 3 │ 'fwod94-n3' │ '1/6'    │ 'success'   │ 0     │ 6    │ 0         │ 1    │ '6/6 (flow)' │ 107    │
└─────────┴───┴─────────────┴──────────┴─────────────┴───────┴──────┴───────────┴──────┴──────────────┴────────┘
http://127.0.0.1:8069
  s_024c69  validated    1 steps  3/3 (100%)
           Sign in to Odoo at {{v2}} with login {{v3}} and password {{env:APP_PASSWORD}} (type the password text exactly …
  s_1d8c6a  validated   11 steps  3/3 (100%)
           In Odoo, open the confirmed sales order {{v1}} and cancel it (use the Cancel button; accept any confirmation d…
  s_2a1251  validated    9 steps  3/3 (100%)
           In Odoo, open the Sales app and create a new quotation for customer '{{v1}}' (choose them from the autocomplet…
  s_2cc07c  validated    9 steps  3/3 (100%)
           In Odoo, open the Sales app and create a new quotation for customer '{{v1}}' (choose them from the autocomplet…
  s_370c3f  validated    2 steps  3/3 (100%)
           In Odoo, open the Sales app and create a new quotation for customer '{{v1}}' (choose them from the autocomplet…
  s_4aab00  validated    1 steps  3/3 (100%)
           In Odoo, open the Sales app and create a new quotation for customer '{{v1}}' (choose them from the autocomplet…
  s_5a7798  validated    3 steps  3/3 (100%)
           Sign in to Odoo at {{v2}} with login {{v3}} and password {{env:APP_PASSWORD}} (type the password text exactly …
  s_69fd9a  validated   11 steps  3/3 (100%)
           In Odoo, open quotation {{v1}} (the one for customer '{{v2}}'). Add a SECOND order line with a DIFFERENT produ…
  s_6d73b6  validated    4 steps  3/3 (100%)
           Sign in to Odoo at {{v2}} with login {{v3}} and password {{env:APP_PASSWORD}} (type the password text exactly …
  s_783a54  validated    5 steps  3/3 (100%)
           Sign in to Odoo at {{v2}} with login {{v3}} and password {{env:APP_PASSWORD}} (type the password text exactly …
  s_aac39e  validated    1 steps  3/3 (100%)
           Sign in to Odoo at {{v2}} with login {{v3}} and password {{env:APP_PASSWORD}} (type the password text exactly …
  s_b856a8  validated    2 steps  3/3 (100%)
           Sign in to Odoo at {{v2}} with login {{v3}} and password {{env:APP_PASSWORD}} (type the password text exactly …
  s_b968fc  validated   11 steps  3/3 (100%)
           In Odoo, open quotation {{v1}} for customer '{{v2}}'. Change the first order line's (Acoustic Bloc Screens) qu…
  s_d2307c  validated    1 steps  3/3 (100%)
           Sign in to Odoo at {{v2}} with login {{v3}} and password {{env:APP_PASSWORD}} (type the password text exactly …
  s_3e2872  validated    4 steps  2/2 (100%)  variant of s_dbfc72
           In Odoo, open quotation {{v1}} for customer '{{v2}} Bench Customer' and confirm it (click Confirm) so it becom…
  s_58b54c  validated    7 steps  2/2 (100%)  variant of s_dbfc72
           In Odoo, open quotation {{v1}} for customer '{{v2}} Bench Customer' and confirm it (click Confirm) so it becom…
  s_7bdf2e  validated    2 steps  2/2 (100%)  variant of s_dbfc72
           In Odoo, open quotation {{v1}} for customer '{{v2}} Bench Customer' and confirm it (click Confirm) so it becom…
  s_a152d9  validated    9 steps  2/2 (100%)  variant of s_dbfc72
           In Odoo, open quotation {{v1}} for customer '{{v2}} Bench Customer' and confirm it (click Confirm) so it becom…
  s_dbfc72  provisional  4 steps  1/2 (50%)
           In Odoo, open quotation {{v1}} for customer '{{v2}}' and confirm it (click Confirm) so it becomes a sales orde…
store: /home/user/sitelooper/bench/results/fwod94-skills

summary: /home/user/sitelooper/bench/results/fwod94-sweep.json
