
[sweep] run 1/3: fwod100-n1 (store: /home/user/sitelooper/bench/results/fwod100-skills)
[harness] odoo: defaulting APP_URL
[harness] odoo: defaulting APP_EMAIL
[harness] odoo: defaulting APP_PASSWORD
[reset] odoo: no leftover bench customers
[harness] odoo responded 303 at http://127.0.0.1:8069/
stopped: fwod100-n1
  flow "fwod100" saved: 6 step(s), vars runid → /home/user/sitelooper/bench/results/flows/fwod100.json
  warning: note: 7 goal/report value(s) carrying a value this run made were slotted or dropped:
  s_55e5ba.reportTemplate.values.sale_order_id dropped (recorded literal of a value this run made)
  s_55e5ba.reportTemplate.values.ref dropped (recorded literal of a value this run made)
  s_55e5ba.reportTemplate.summary dropped (narrates a value this run made)
  s_b57480.reportTemplate.values.sale_order_id dropped (recorded literal of a value this run made)
  s_b57480.reportTemplate.summary dropped (narrates a value this run made)
  s_c51e93.reportTemplate.values.sale_order_id dropped (recorded literal of a value this run made)
  s_f70d64.reportTemplate.summary dropped (narrates a value this run made)
  warning: note: 01-login no longer publishes list_count — no replay reads it from the page and the recording showed no line to read
  warning: warning: 02-create's instruction asks to report untaxed_amount, and no replay can publish it: nothing in its procedure reads it from the page, so export dropped it — re-record the step so the value is read, not only reported
  warning: note: 02-create no longer publishes line_subtotal_tax_excl, line_product_cell_3, line_quantity_cell, line_unit_price_cell, line_subtotal_cell, ref_2 — no replay reads them from the page and the recording showed no line to read
  warning: note: 03-open no longer publishes ref — no replay reads it from the page and the recording showed no line to read
  warning: note: 04-open no longer publishes sale_order_id, status, line1_tax, ref — no replay reads them from the page and the recording showed no line to read
  warning: note: 05-open no longer publishes sale_order_id, statusbar_status, statusbar_options — no replay reads them from the page and the recording showed no line to read
  warning: note: 06-report no longer publishes statusbar_after_cancel, wizard_buttons, o_form_statusbar_o_statu, o_form_statusbar_o_statu_3, o_form_statusbar_o_statu_6 — no replay reads them from the page and the recording showed no line to read
  warning: note: 06-report: added a read for o_form_statusbar_o_statu_4 to s_dde0de (page.getByRole('heading', { name: 'Cancel Sales Order', exact: true }); seen on the instruction's own page)
  warning: warning: 168 other value(s) the run saw survived unslotted, judged by shape only (usually page copy; non-fatal):
  flow.steps[0].instruction: "Benchville" (output) in "Log in to Odoo 17 at http://127.0.0.1:8069/ with login admin and password {{env:APP_PASSWORD}}. Then go to Sales app, create a new customer contact named '{{run"
  flow.steps[0].params.v6: "Benchville" (output) in "Benchville"
  s_076e73.steps[0].expect.addedContains[1]: "Quotations" (output) in "- menu \"Quotations Orders Sales Teams Customers\""
  s_076e73.steps[0].expect.addedContains[2]: "Quotations" (output) in "- menuitem \"Quotations\""
  s_1358e2.reportTemplate.values.list_count: "1-3 of 3 customers shown" (output) in "1-3 of 3 customers shown"
arm=sitelooper model=z-ai/glm-5.3 runid=fwod100-n1 stop=completed
turns=7 wall=454.4s
commands=6 cmdTime=435.4s cmdBytes=8893 timeouts=0
orchestrator in=5580 cw=0 cr=24192 out=795
inner prompt=2357197 cached=2167424 completion=28895
spend=$0.1363 maxUsd=3
learn: A_n=0 replayed=0/6 full=0 repaired=0 compiled=6 variants=0
-> /home/user/sitelooper/bench/results/fwod100-n1-sitelooper-result.json

fwod100-n1: objectives passed 6/6
  obj 1: PASS — city="Benchville"
  obj 2: PASS — orders for customer: 1, lines: 2
  obj 3: PASS — 2 lines, 2 distinct products
  obj 4: PASS — quantities: 5, 2
  obj 5: PASS — state tracking shows confirmation
  obj 6: PASS — final state=cancel, ref=S00021

[sweep] run 2/3: fwod100-n2 (replay flow fwod100, no orchestrator)
[reset] odoo: deleted 1 leftover bench order(s)
[reset] odoo: deleted 1 leftover bench customer(s)
[sweep] fwod100-n2: 2 drift ticket(s) → fwod100-n2-drift.json

fwod100-n2: objectives passed 6/6
  obj 1: PASS — city="Benchville"
  obj 2: PASS — orders for customer: 1, lines: 2
  obj 3: PASS — 2 lines, 2 distinct products
  obj 4: PASS — quantities: 5, 2
  obj 5: PASS — state tracking shows confirmation
  obj 6: PASS — final state=cancel, ref=S00022

[sweep] run 3/3: fwod100-n3 (replay flow fwod100, no orchestrator)
[reset] odoo: deleted 1 leftover bench order(s)
[reset] odoo: deleted 1 leftover bench customer(s)
[sweep] fwod100-n3: 2 drift ticket(s) → fwod100-n3-drift.json

fwod100-n3: objectives passed 6/6
  obj 1: PASS — city="Benchville"
  obj 2: PASS — orders for customer: 1, lines: 2
  obj 3: PASS — 2 lines, 2 distinct products
  obj 4: PASS — quantities: 5, 2
  obj 5: PASS — state tracking shows confirmation
  obj 6: PASS — final state=cancel, ref=S00023

Learning sweep fwod100 (K=3)
┌─────────┬───┬──────────────┬──────────┬─────────────┬───────┬──────┬───────────┬─────┬──────────────┬────────┐
│ (index) │ n │ runid        │ verified │ stop        │ turns │ cmds │ total_usd │ A_n │ replayed     │ wall_s │
├─────────┼───┼──────────────┼──────────┼─────────────┼───────┼──────┼───────────┼─────┼──────────────┼────────┤
│ 0       │ 1 │ 'fwod100-n1' │ '6/6'    │ 'completed' │ 7     │ 6    │ 0.1363    │ 0   │ '0/6'        │ 454    │
│ 1       │ 2 │ 'fwod100-n2' │ '6/6'    │ 'success'   │ 0     │ 6    │ 0         │ 1   │ '6/6 (flow)' │ 215    │
│ 2       │ 3 │ 'fwod100-n3' │ '6/6'    │ 'success'   │ 0     │ 6    │ 0         │ 1   │ '6/6 (flow)' │ 216    │
└─────────┴───┴──────────────┴──────────┴─────────────┴───────┴──────┴───────────┴─────┴──────────────┴────────┘
http://127.0.0.1:8069
  s_076e73  validated    2 steps  3/3 (100%)
           Log in to Odoo 17 at {{v2}} with login {{v3}} and password {{v4}}. Then go to Sales app, create a new customer…
  s_0d05d6  validated    3 steps  3/3 (100%)
           Log in to Odoo 17 at {{v2}} with login {{v3}} and password {{v4}}. Then go to Sales app, create a new customer…
  s_1358e2  validated    3 steps  3/3 (100%)
           Log in to Odoo 17 at {{v2}} with login {{v3}} and password {{v4}}. Then go to Sales app, create a new customer…
  s_139db3  validated    2 steps  3/3 (100%)
           Log in to Odoo 17 at {{v2}} with login {{v3}} and password {{v4}}. Then go to Sales app, create a new customer…
  s_37c57e  validated    1 steps  3/3 (100%)
           Log in to Odoo 17 at {{v2}} with login {{v3}} and password {{v4}}. Then go to Sales app, create a new customer…
  s_55e5ba  validated   40 steps  3/3 (100%)
           In Odoo Sales, open quotation {{v1}} and add a SECOND order line below the existing 'Acoustic Bloc Screens' li…
  s_70fd4c  validated    7 steps  3/3 (100%)
           In Odoo Sales, create a new quotation for customer '{{v1}}' (choose the customer from the autocomplete dropdow…
  s_a1aea7  validated    1 steps  3/3 (100%)
           Log in to Odoo 17 at {{v2}} with login {{v3}} and password {{v4}}. Then go to Sales app, create a new customer…
  s_a57f6b  validated    3 steps  3/3 (100%)
           Log in to Odoo 17 at {{v2}} with login {{v3}} and password {{v4}}. Then go to Sales app, create a new customer…
  s_b57480  validated   10 steps  3/3 (100%)
           In Odoo Sales, open quotation {{v1}}, click Confirm to confirm it as a sales order, and report the order refer…
  s_b7eb6f  validated    2 steps  3/3 (100%)
           In Odoo Sales, create a new quotation for customer '{{v1}}' (choose the customer from the autocomplete dropdow…
  s_c51e93  validated   19 steps  3/3 (100%)
           In Odoo Sales, open quotation {{v1}} and change the FIRST order line's quantity from 3 to 5 (the Acoustic Bloc…
  s_dde0de  validated   23 steps  3/3 (100%)
           In Odoo Sales, on sales order {{v1}}, cancel the order (confirm any dialog that appears), and report the statu…
  s_ed9421  validated    2 steps  3/3 (100%)
           In Odoo Sales, create a new quotation for customer '{{v1}}' (choose the customer from the autocomplete dropdow…
  s_f495cd  validated    1 steps  3/3 (100%)
           Log in to Odoo 17 at {{v2}} with login {{v3}} and password {{v4}}. Then go to Sales app, create a new customer…
  s_f70d64  validated   17 steps  3/3 (100%)
           In Odoo Sales, create a new quotation for customer '{{v1}}' (choose the customer from the autocomplete dropdow…
store: /home/user/sitelooper/bench/results/fwod100-skills

summary: /home/user/sitelooper/bench/results/fwod100-sweep.json
