
[sweep] run 1/3: fwod61-n1 (store: /home/user/sitelooper/bench/results/fwod61-skills)
[harness] odoo: defaulting APP_URL
[harness] odoo: defaulting APP_EMAIL
[harness] odoo: defaulting APP_PASSWORD
[reset] odoo: no leftover bench customers
[harness] odoo responded 303 at http://127.0.0.1:8069/
stopped: fwod61-n1
  flow "fwod61" saved: 8 step(s), vars runid → /home/user/sitelooper/bench/results/flows/fwod61.json
  warning: note: dropped 5 locator candidate(s) carrying a value this run minted (known only by export time)
  warning: note: 14 goal/report value(s) carrying a value this run made were slotted or dropped:
  s_602a6f.goal.requireText[1] dropped (names a value this run made, with no slot to bind it)
  s_602a6f.reportTemplate.values.sale_order_id dropped (recorded literal of a value this run made)
  s_602a6f.reportTemplate.values.screenshot dropped (recorded literal of a value this run made)
  s_602a6f.reportTemplate.summary dropped (narrates a value this run made)
  s_7481d2.reportTemplate.values.partner_id dropped (recorded literal of a value this run made)
  s_7481d2.reportTemplate.values.record_url dropped (recorded literal of a value this run made)
  s_7481d2.reportTemplate.summary dropped (narrates a value this run made)
  s_acfa9d.reportTemplate.values.sale_order_id dropped (recorded literal of a value this run made)
  s_acfa9d.reportTemplate.summary dropped (narrates a value this run made)
  s_c07390.reportTemplate.values.sale_order_id dropped (recorded literal of a value this run made)
  s_c07390.reportTemplate.summary dropped (narrates a value this run made)
  s_d527d1.goal.requireText[0] slotted "21" → {{v4}}
  s_d527d1.reportTemplate.values.record_url slotted "21" → {{v4}}
  s_ee5614.reportTemplate.values.sale_order_id dropped (recorded literal of a value this run made)
  warning: note: 02-create no longer publishes partner_id, model, contact_type — no replay reads them from the page and the recording showed no line to read
  warning: note: 04-set no longer publishes sale_order_id, state, page_title, configurator_modal — no replay reads them from the page and the recording showed no line to read
  warning: note: 05-add no longer publishes sale_order_id, state, product_default_code — no replay reads them from the page and the recording showed no line to read
  warning: note: 06-change no longer publishes sale_order_id, state, line_count, product_default_code — no replay reads them from the page and the recording showed no line to read
  warning: note: 07-report no longer publishes sale_order_id, confirmed_at — no replay reads them from the page and the recording showed no line to read
  warning: note: 08-report no longer publishes status_after_cancel, header_buttons_after_cancel — no replay reads them from the page and the recording showed no line to read
  warning: note: 1 step(s) adopted from non-success instruction(s) whose work the session continued from (03-create) — they replay model-first with doubled budget, and a non-success there does not halt the flow
  warning: warning: 142 other value(s) the run saw survived unslotted, judged by shape only (usually page copy; non-fatal):
  flow.steps[1].instruction: "Benchville" (output) in "In this Odoo 17 app, create a new customer (contact) named '{{runid}} Bench Customer' with City set to 'Benchville'. Go to the Sales app > Customers (or Contact"
  flow.steps[1].params.v3: "Benchville" (output) in "Benchville"
  flow.steps[1].route: "res.partner" (output) in "http://127.0.0.1:8069/web#action=:id&cids=:id&id=:id&menu_id=:id&model=res.partner&view_type=form"
  s_3f9e3e.steps[3].expect.addedContains[2]: "Cancel" (output) in "- button \"Cancel\""
  s_602a6f.goal.requireText[0]: "live DOM eval on the saved form after clicking Save" (output) in "live DOM eval on the saved form after clicking Save"
  warning: {{03-create.save_blocked_by_modal}} (used by 04-set) can only be re-observed by model recovery — consider re-recording so the value is read from the page.
arm=sitelooper model=z-ai/glm-5.3 runid=fwod61-n1 stop=completed
turns=10 wall=607.5s
commands=9 cmdTime=538.6s cmdBytes=11457 timeouts=0
orchestrator in=11591 cw=0 cr=33408 out=4303
inner prompt=2859717 cached=2667520 completion=33639
spend=$0.1009 maxUsd=3
learn: A_n=0 replayed=0/8 full=0 repaired=0 compiled=7 variants=0
-> /home/user/sitelooper/bench/results/fwod61-n1-sitelooper-result.json

fwod61-n1: objectives passed 6/6
  obj 1: PASS — city="Benchville"
  obj 2: PASS — orders for customer: 1, lines: 2
  obj 3: PASS — 2 lines, 2 distinct products
  obj 4: PASS — quantities: 5, 2
  obj 5: PASS — state tracking shows confirmation
  obj 6: PASS — final state=cancel, ref=S00021

[sweep] run 2/3: fwod61-n2 (replay flow fwod61, no orchestrator)
[reset] odoo: deleted 1 leftover bench order(s)
[reset] odoo: deleted 1 leftover bench customer(s)
  *** DUPLICATE WORK *** 2 orders exist for this customer (S00023, S00022) — the run created the record more than once, so objectives 3-6 cannot be attributed to any single order.

fwod61-n2: objectives passed 1/6
  obj 1: PASS — city="Benchville"
  obj 2: FAIL — orders for customer: 2
  obj 3: FAIL — no single order to check
  obj 4: FAIL — no single order to check
  obj 5: FAIL — no order
  obj 6: FAIL — no order
[sweep] fwod61-n2: 03-create has no pinned skill — 40 model turn(s), on every replay

[sweep] run 3/3: fwod61-n3 (replay flow fwod61, no orchestrator)
[reset] odoo: action_cancel refused (Expected singleton: sale.order(23, 22)) — cancelling by state instead
[reset] odoo: force-cancelled 1 order(s) the Cancel action left uncancelled
[reset] odoo: deleted 2 leftover bench order(s)
[reset] odoo: deleted 1 leftover bench customer(s)
[sweep] fwod61-n3: 4 drift ticket(s) → fwod61-n3-drift.json
  *** DUPLICATE WORK *** 2 orders exist for this customer (S00025, S00024) — the run created the record more than once, so objectives 3-6 cannot be attributed to any single order.

fwod61-n3: objectives passed 1/6
  obj 1: PASS — city="Benchville"
  obj 2: FAIL — orders for customer: 2
  obj 3: FAIL — no single order to check
  obj 4: FAIL — no single order to check
  obj 5: FAIL — no order
  obj 6: FAIL — no order
[sweep] fwod61-n3: 03-create has no pinned skill — 40 model turn(s), on every replay

Learning sweep fwod61 (K=3)
┌─────────┬───┬─────────────┬──────────┬─────────────┬───────┬──────┬───────────┬──────┬──────────────┬────────┐
│ (index) │ n │ runid       │ verified │ stop        │ turns │ cmds │ total_usd │ A_n  │ replayed     │ wall_s │
├─────────┼───┼─────────────┼──────────┼─────────────┼───────┼──────┼───────────┼──────┼──────────────┼────────┤
│ 0       │ 1 │ 'fwod61-n1' │ '6/6'    │ 'completed' │ 10    │ 9    │ 0.1009    │ 0    │ '0/8'        │ 607    │
│ 1       │ 2 │ 'fwod61-n2' │ '1/6'    │ 'success'   │ 63    │ 8    │ 0.0292    │ 0.75 │ '8/8 (flow)' │ 403    │
│ 2       │ 3 │ 'fwod61-n3' │ '1/6'    │ 'success'   │ 40    │ 8    │ 0.0167    │ 0.88 │ '8/8 (flow)' │ 282    │
└─────────┴───┴─────────────┴──────────┴─────────────┴───────┴──────┴───────────┴──────┴──────────────┴────────┘
http://127.0.0.1:8069
  s_602a6f  validated   14 steps  3/3 (100%)
           On the saved Odoo quotation {{v1}}, change the FIRST order line's quantity ({{v2}}) from 3 to 5, then Save. Re…
  s_6bd323  validated    1 steps  3/3 (100%)
           In this Odoo 17 app, create a new customer (contact) named '{{v2}}' with City set to '{{v3}}'. Go to the Sales…
  s_7481d2  validated    6 steps  3/3 (100%)
           In this Odoo 17 app, create a new customer (contact) named '{{v2}}' with City set to '{{v3}}'. Go to the Sales…
  s_c04fb6  validated    4 steps  3/3 (100%)
           In this Odoo 17 app, create a new customer (contact) named '{{v2}}' with City set to '{{v3}}'. Go to the Sales…
  s_c07390  validated   11 steps  3/3 (100%)
           On the saved Odoo quotation {{v1}}, confirm it so it becomes a sales order (click the 'Confirm' / 'Confirm Sal…
  s_d527d1  validated   17 steps  3/3 (100%)
           On the confirmed sales order {{v1}}, cancel it (use the '{{v2}}' button; if a confirmation dialog appears, con…
  s_da4180  validated    3 steps  3/3 (100%)
           Sign in to this Odoo app with login 'admin' and password 'admin' (submit the login form). Wait for the apps/ho…
  s_de5881  validated    3 steps  3/3 (100%)
           Sign in to this Odoo app with login 'admin' and password 'admin' (submit the login form). Wait for the apps/ho…
  s_ee5614  validated   18 steps  3/3 (100%)
           On the saved Odoo quotation {{v1}} (customer {{v2}}), add a SECOND order line with a different product than '{…
  s_f7e65e  validated    2 steps  3/3 (100%)
           In this Odoo 17 app, create a new customer (contact) named '{{v2}}' with City set to '{{v3}}'. Go to the Sales…
  s_240e09  validated   22 steps  2/2 (100%)
           You are on a new Odoo quotation form with Customer '{{v1}}' already set and an empty order line. Pick a NON-CO…
  s_3f9e3e  provisional  4 steps  1/2 (50%)
           You are on a new Odoo quotation form with Customer '{{v1}}' already set and an empty order line. Pick a NON-CO…
  s_56d56f  validated    1 steps  2/2 (100%)
           You are on a new Odoo quotation form with Customer '{{v1}}' already set and an empty order line. Pick a NON-CO…
  s_94a113  validated    2 steps  2/2 (100%)
           In this Odoo 17 app, create a new sales quotation: go to the Sales app > Orders > Quotations, click {{v1}}, an…
  s_a0f0d4  validated    1 steps  2/2 (100%)
           You are on a new Odoo quotation form with Customer '{{v1}}' already set and an empty order line. Pick a NON-CO…
  s_487619  provisional 19 steps  1/1 (100%)
           In this Odoo 17 app, create a new sales quotation: go to the Sales app > Orders > Quotations, click {{v1}}, an…
  s_7d9233  provisional  1 steps  1/1 (100%)
           In this Odoo 17 app, create a new sales quotation: go to the Sales app > Orders > Quotations, click {{v1}}, an…
  s_acfa9d  provisional  9 steps  1/1 (100%)
           You are on a new Odoo quotation form with Customer '{{v1}}' already set and an empty order line. Pick a NON-CO…
  s_eff259  provisional 12 steps  1/1 (100%)
           In this Odoo 17 app, create a new sales quotation: go to the Sales app > Orders > Quotations, click {{v1}}, an…
store: /home/user/sitelooper/bench/results/fwod61-skills

summary: /home/user/sitelooper/bench/results/fwod61-sweep.json
