
[sweep] run 1/3: fwod81-n1 (store: /home/user/sitelooper/bench/results/fwod81-skills)
[harness] odoo: defaulting APP_URL
[harness] odoo: defaulting APP_EMAIL
[harness] odoo: defaulting APP_PASSWORD
[reset] odoo: no leftover bench customers
[harness] odoo responded 303 at http://127.0.0.1:8069/
stopped: fwod81-n1
  flow "fwod81" saved: 5 step(s), vars runid → /home/user/sitelooper/bench/results/flows/fwod81.json
  warning: note: dropped 3 locator candidate(s) carrying a value this run minted (known only by export time)
  warning: note: 10 goal/report value(s) carrying a value this run made were slotted or dropped:
  s_12edd7.reportTemplate.values.order_id dropped (recorded literal of a value this run made)
  s_12edd7.reportTemplate.values.url dropped (recorded literal of a value this run made)
  s_522d40.reportTemplate.values.sale_order_id dropped (recorded literal of a value this run made)
  s_522d40.reportTemplate.values.url dropped (recorded literal of a value this run made)
  s_522d40.reportTemplate.summary dropped (narrates a value this run made)
  s_57e957.reportTemplate.summary dropped (narrates a value this run made)
  s_a2f642.reportTemplate.values.customer dropped (recorded literal of a value this run made)
  s_def67a.reportTemplate.values.contact_id dropped (recorded literal of a value this run made)
  s_def67a.reportTemplate.values.contact_url dropped (recorded literal of a value this run made)
  s_def67a.reportTemplate.summary dropped (narrates a value this run made)
  warning: note: 01-signin no longer publishes contact_id, model — no replay reads them from the page and the recording showed no line to read
  warning: note: 02-create no longer publishes product_name, sale_order_id, product_catalog_dropdown_options, product_reference — no replay reads them from the page and the recording showed no line to read
  warning: note: 03-open no longer publishes second_line_product, first_line_product, order_lines_after_save, tax — no replay reads them from the page and the recording showed no line to read
  warning: note: 04-open no longer publishes line1_product, line2_product, product_reference — no replay reads them from the page and the recording showed no line to read
  warning: note: 05-report no longer publishes statusbar_text_after_cancel, order_id — no replay reads them from the page and the recording showed no line to read
  warning: warning: 168 other value(s) the run saw survived unslotted, judged by shape only (usually page copy; non-fatal):
  flow.startUrl: "http://127.0.0.1:8069/" (output) in "http://127.0.0.1:8069/"
  flow.steps[0].instruction: "http://127.0.0.1:8069/" (output) in "Sign in to Odoo 17 at http://127.0.0.1:8069/ with login admin and password {{env:APP_PASSWORD}} (type that literal text), then in Contacts create a new customer"
  flow.steps[0].instruction: "Benchville" (output) in "Sign in to Odoo 17 at http://127.0.0.1:8069/ with login admin and password {{env:APP_PASSWORD}} (type that literal text), then in Contacts create a new customer"
  flow.steps[0].params.v2: "http://127.0.0.1:8069/" (output) in "http://127.0.0.1:8069/"
  flow.steps[0].params.v6: "Benchville" (output) in "Benchville"
arm=sitelooper model=z-ai/glm-5.3 runid=fwod81-n1 stop=completed
turns=6 wall=365.9s
commands=5 cmdTime=339.3s cmdBytes=7795 timeouts=0
orchestrator in=9161 cw=0 cr=15040 out=734
inner prompt=1652312 cached=1504000 completion=24799
spend=$0.062 maxUsd=3
learn: A_n=0 replayed=0/5 full=0 repaired=0 compiled=5 variants=0
-> /home/user/sitelooper/bench/results/fwod81-n1-sitelooper-result.json

fwod81-n1: objectives passed 6/6
  obj 1: PASS — city="Benchville"
  obj 2: PASS — orders for customer: 1, lines: 2
  obj 3: PASS — 2 lines, 2 distinct products
  obj 4: PASS — quantities: 5, 2
  obj 5: PASS — state tracking shows confirmation
  obj 6: PASS — final state=cancel, ref=S00021

[sweep] run 2/3: fwod81-n2 (replay flow fwod81, no orchestrator)
[reset] odoo: deleted 1 leftover bench order(s)
[reset] odoo: deleted 1 leftover bench customer(s)
[sweep] fwod81-n2: 1 drift ticket(s) → fwod81-n2-drift.json

fwod81-n2: objectives passed 6/6
  obj 1: PASS — city="Benchville"
  obj 2: PASS — orders for customer: 1, lines: 2
  obj 3: PASS — 2 lines, 2 distinct products
  obj 4: PASS — quantities: 5, 2
  obj 5: PASS — state tracking shows confirmation
  obj 6: PASS — final state=cancel, ref=S00022

[sweep] run 3/3: fwod81-n3 (replay flow fwod81, no orchestrator)
[reset] odoo: deleted 1 leftover bench order(s)
[reset] odoo: deleted 1 leftover bench customer(s)

fwod81-n3: objectives passed 6/6
  obj 1: PASS — city="Benchville"
  obj 2: PASS — orders for customer: 1, lines: 2
  obj 3: PASS — 2 lines, 2 distinct products
  obj 4: PASS — quantities: 5, 2
  obj 5: PASS — state tracking shows confirmation
  obj 6: PASS — final state=cancel, ref=S00023

Learning sweep fwod81 (K=3)
┌─────────┬───┬─────────────┬──────────┬─────────────┬───────┬──────┬───────────┬─────┬──────────────┬────────┐
│ (index) │ n │ runid       │ verified │ stop        │ turns │ cmds │ total_usd │ A_n │ replayed     │ wall_s │
├─────────┼───┼─────────────┼──────────┼─────────────┼───────┼──────┼───────────┼─────┼──────────────┼────────┤
│ 0       │ 1 │ 'fwod81-n1' │ '6/6'    │ 'completed' │ 6     │ 5    │ 0.062     │ 0   │ '0/5'        │ 366    │
│ 1       │ 2 │ 'fwod81-n2' │ '6/6'    │ 'success'   │ 7     │ 5    │ 0.0047    │ 0.8 │ '5/5 (flow)' │ 114    │
│ 2       │ 3 │ 'fwod81-n3' │ '6/6'    │ 'success'   │ 0     │ 5    │ 0         │ 1   │ '5/5 (flow)' │ 89     │
└─────────┴───┴─────────────┴──────────┴─────────────┴───────┴──────┴───────────┴─────┴──────────────┴────────┘
http://127.0.0.1:8069
  s_12edd7  validated    8 steps  3/3 (100%)
           In Odoo, confirm quotation {{v1}} so it becomes a sales order. Report the order reference (e.g. {{v1}}) and th…
  s_21ff86  validated    3 steps  3/3 (100%)
           Sign in to Odoo 17 at {{v2}} with login {{v3}} and password {{v4}} (type that literal text), then in Contacts …
  s_3e5305  validated   24 steps  3/3 (100%)
           In Odoo, go to Sales and create a new quotation for customer '{{v1}}' (choose from the autocomplete dropdown).…
  s_463c10  validated    2 steps  3/3 (100%)
           Sign in to Odoo 17 at {{v2}} with login {{v3}} and password {{v4}} (type that literal text), then in Contacts …
  s_522d40  validated    8 steps  3/3 (100%)
           In Odoo, go to Sales and create a new quotation for customer '{{v1}}' (choose from the autocomplete dropdown).…
  s_a2f642  validated   16 steps  3/3 (100%)
           In Odoo, open quotation {{v1}} and change the first order line's (Acoustic Bloc Screens) quantity from 3 to 5.…
  s_b9b31e  validated    2 steps  3/3 (100%)
           Sign in to Odoo 17 at {{v2}} with login {{v3}} and password {{v4}} (type that literal text), then in Contacts …
  s_c3bd5e  validated    1 steps  3/3 (100%)
           In Odoo, go to Sales and create a new quotation for customer '{{v1}}' (choose from the autocomplete dropdown).…
  s_c7163f  validated    3 steps  3/3 (100%)
           Sign in to Odoo 17 at {{v2}} with login {{v3}} and password {{v4}} (type that literal text), then in Contacts …
  s_def67a  validated    5 steps  3/3 (100%)
           Sign in to Odoo 17 at {{v2}} with login {{v3}} and password {{v4}} (type that literal text), then in Contacts …
  s_eae12d  validated    2 steps  3/3 (100%)
           Sign in to Odoo 17 at {{v2}} with login {{v3}} and password {{v4}} (type that literal text), then in Contacts …
  s_f96c04  validated    2 steps  3/3 (100%)
           In Odoo, go to Sales and create a new quotation for customer '{{v1}}' (choose from the autocomplete dropdown).…
  s_15fe78  validated   30 steps  2/2 (100%)  variant of s_57e957
           In Odoo, open quotation {{v1}} for customer {{v2}} and add a SECOND order line: a product DIFFERENT from Acous…
  s_57e957  demoted     21 steps  1/2 (50%)
           In Odoo, open quotation {{v1}} for customer {{v2}} and add a SECOND order line: a product DIFFERENT from Acous…
store: /home/user/sitelooper/bench/results/fwod81-skills

summary: /home/user/sitelooper/bench/results/fwod81-sweep.json
SWEEP_EXIT:0
