
Running 1 test using 1 worker

[sitelooper step] 01-signin
[sitelooper warn] 02-create s_e259b1/1: read 'saved_contact_city' returned a value the skill itself set/selected ('Benchville') — confirms the control, not persistence; dropped from the report's confident values
[sitelooper warn] 02-create s_e259b1/2: read 'saved_contact_name' returned a value the skill itself set/selected ('fwod88-cv4-c2 Bench Customer') — confirms the control, not persistence; dropped from the report's confident values
[sitelooper drift] 02-create s_e259b1/6 target: primary getByText('fwod88-cv4-c2', { exact: true }) missed; used #2 getByText('fwod88-cv4-c2 Bench Customer', { exact: true }) (#1 absent)
[sitelooper step] 02-create
[sitelooper warn] 03-create s_8605a5/8: read 'product_field_value' returned a value the skill itself set/selected ('[E-COM11] Cabinet with Doors') — confirms the control, not persistence; dropped from the report's confident values
[sitelooper warn] 03-create s_8605a5/9: the field already held the value this type enters (restored after the recording saw it emptied), so it was cleared first rather than typed onto
[sitelooper warn] 03-create s_8605a5/12: read 'product_name' returned a value the skill itself set/selected ('[E-COM11] Cabinet with Doors') — confirms the control, not persistence; dropped from the report's confident values
[sitelooper warn] 03-create s_8605a5/13: read 'quantity' returned '3.00' from a control this step set, and nothing committed it since — it shows the control, however the app formats it, not what the app stored; dropped from the report's confident values
[sitelooper warn] 03-create s_29baa0/9: read 'customer' returned a value the skill itself set/selected ('fwod88-cv4-c2 Bench Customer') — confirms the control, not persistence; dropped from the report's confident values
[sitelooper step] 03-create
[sitelooper warn] 04-open s_14a5cf/13: read 'stray_product_name' returned a value the skill itself set/selected ('Customizable Desk') — confirms the control, not persistence; dropped from the report's confident values
[sitelooper warn] 04-open s_14a5cf/18: read 'line2_product' returned '[E-COM11] Cabinet with Doors' from a control this step set, and nothing committed it since — it shows the control, however the app formats it, not what the app stored; dropped from the report's confident values
[sitelooper warn] 04-open s_14a5cf/19: read 'line2_quantity' returned '2.00' from a control this step set, and nothing committed it since — it shows the control, however the app formats it, not what the app stored; dropped from the report's confident values
[sitelooper warn] 04-open s_14a5cf/22: read 'line2_product' returned '[E-COM11] Cabinet with Doors' from a control this step set, and nothing committed it since — it shows the control, however the app formats it, not what the app stored; dropped from the report's confident values
[sitelooper warn] 04-open s_14a5cf/23: read 'line2_quantity' returned '2.00' from a control this step set, and nothing committed it since — it shows the control, however the app formats it, not what the app stored; dropped from the report's confident values
[sitelooper warn] 04-open: report value sale_order_id is given, not observed: it is built only from the step's own parameters, and neither this run's page nor any of its reads shows it — withheld
[sitelooper step] 04-open
[sitelooper drift] 05-open s_3735c5/1 target: primary getByText('S00023', { exact: true }) missed; used #2 locator('div:nth-of-type(1) > div:nth-of-type(2) > div:nth-of-type(1) > h1 > div > span') (#1 ambiguous)
[sitelooper skip] 05-open s_3735c5/16 target: read errored (the element no longer shows the value where the recording saw it ("[{{=}}] Acoustic Bloc Screens")) — value left empty
[sitelooper step] 05-open
[sitelooper skip] 06-open s_435d85/24 target: read errored (the element no longer shows the value where the recording saw it ("{{=}},106.00")) — value left empty
[sitelooper skip] 06-open s_435d85/25 target: read errored (the element no longer shows the value where the recording saw it ("£ 2,{{=}}")) — value left empty
[sitelooper step] 06-open
[sitelooper step] 07-open
[sitelooper warn] 08-open: report value modal_content_footer_but is given, not observed: it is built only from the step's own parameters, and neither this run's page nor any of its reads shows it — withheld
[sitelooper step] 08-open
[sitelooper step] 09-report
  ✓  1 fwod88-cv4.spec.ts:9:1 › fwod88-cv4 (4.3m)

  1 passed (4.4m)
