
[sweep] run 1/3: fwod83-n1 (store: /home/user/sitelooper/bench/results/fwod83-skills)
[harness] odoo: defaulting APP_URL
[harness] odoo: defaulting APP_EMAIL
[harness] odoo: defaulting APP_PASSWORD
[reset] odoo: no leftover bench customers
[harness] odoo responded 303 at http://127.0.0.1:8069/
stopped: fwod83-n1
  flow "fwod83" saved: 6 step(s), vars runid → /home/user/sitelooper/bench/results/flows/fwod83.json
  warning: note: dropped 2 locator candidate(s) carrying a value this run minted (known only by export time)
  warning: note: 6 goal/report value(s) carrying a value this run made were slotted or dropped:
  s_39031d.reportTemplate.values.order_id dropped (recorded literal of a value this run made)
  s_39031d.reportTemplate.summary dropped (narrates a value this run made)
  s_4bffff.reportTemplate.values.order_id dropped (recorded literal of a value this run made)
  s_4bffff.reportTemplate.summary dropped (narrates a value this run made)
  s_7aa258.reportTemplate.summary slotted "21" → {{v4}}
  s_d565e0.reportTemplate.values.order_id dropped (recorded literal of a value this run made)
  warning: note: 01-open no longer publishes model — no replay reads it from the page and the recording showed no line to read
  warning: warning: 02-open's instruction asks to report untaxed_amount, and no replay can publish it: nothing in its procedure reads it from the page, so export dropped it — re-record the step so the value is read, not only reported
  warning: note: 02-open no longer publishes order_line_readback, totals_readback, product_code — no replay reads them from the page and the recording showed no line to read
  warning: note: 03-open no longer publishes order_id, line2_text_readback, product_code — no replay reads them from the page and the recording showed no line to read
  warning: note: 04-open no longer publishes order_id, status, product_code — no replay reads them from the page and the recording showed no line to read
  warning: note: 05-open no longer publishes order_id, statusbar_current_class, statusbar_radio_checked — no replay reads them from the page and the recording showed no line to read
  warning: note: 06-open no longer publishes statusbar_radio_state, controls_after_cancel, dialog_close_button, dialog_send_and_cancel_button, dialog_cancel_button, dialog_edit_button — no replay reads them from the page and the recording showed no line to read
  warning: warning: 188 other value(s) the run saw survived unslotted, judged by shape only (usually page copy; non-fatal):
  flow.steps[0].instruction: "Benchville" (output) in "Open http://127.0.0.1:8069/ in the browser. If a login page appears, log in with username 'admin' and password '{{env:APP_PASSWORD}}' (type that password text e"
  flow.steps[0].params.v6: "Benchville" (output) in "Benchville"
  flow.steps[0].route: "res.partner" (output) in "http://127.0.0.1:8069/web#action=:id&cids=:id&id=:id&menu_id=:id&model=res.partner&view_type=form"
  flow.steps[5].instruction: "Cancel" (output) in "In Odoo, open the Sales app and find the confirmed sales order with reference {{02-open.order_reference}} for customer '{{runid}} Bench Customer'. Cancel it so "
  s_1e8239.preconditions.urlPattern: "res.partner" (output) in "http://127.0.0.1:8069/web#action={{d4}}&cids={{d2}}&menu_id={{d5}}&model=res.partner&view_type=kanban"
arm=sitelooper model=z-ai/glm-5.3 runid=fwod83-n1 stop=completed
turns=7 wall=494.5s
commands=6 cmdTime=445.9s cmdBytes=8851 timeouts=0
orchestrator in=5604 cw=0 cr=25792 out=5427
inner prompt=2666410 cached=2488320 completion=32674
spend=$0.0926 maxUsd=3
learn: A_n=0 replayed=0/6 full=0 repaired=0 compiled=6 variants=0
-> /home/user/sitelooper/bench/results/fwod83-n1-sitelooper-result.json

fwod83-n1: objectives passed 6/6
  obj 1: PASS — city="Benchville"
  obj 2: PASS — orders for customer: 1, lines: 2
  obj 3: PASS — 2 lines, 2 distinct products
  obj 4: PASS — quantities: 5, 2
  obj 5: PASS — state tracking shows confirmation
  obj 6: PASS — final state=cancel, ref=S00021

[sweep] run 2/3: fwod83-n2 (replay flow fwod83, no orchestrator)
[reset] odoo: deleted 1 leftover bench order(s)
[reset] odoo: deleted 1 leftover bench customer(s)

fwod83-n2: objectives passed 6/6
  obj 1: PASS — city="Benchville"
  obj 2: PASS — orders for customer: 1, lines: 2
  obj 3: PASS — 2 lines, 2 distinct products
  obj 4: PASS — quantities: 5, 2
  obj 5: PASS — state tracking shows confirmation
  obj 6: PASS — final state=cancel, ref=S00022

[sweep] run 3/3: fwod83-n3 (replay flow fwod83, no orchestrator)
[reset] odoo: deleted 1 leftover bench order(s)
[reset] odoo: deleted 1 leftover bench customer(s)

fwod83-n3: objectives passed 6/6
  obj 1: PASS — city="Benchville"
  obj 2: PASS — orders for customer: 1, lines: 2
  obj 3: PASS — 2 lines, 2 distinct products
  obj 4: PASS — quantities: 5, 2
  obj 5: PASS — state tracking shows confirmation
  obj 6: PASS — final state=cancel, ref=S00023

Learning sweep fwod83 (K=3)
┌─────────┬───┬─────────────┬──────────┬─────────────┬───────┬──────┬───────────┬─────┬──────────────┬────────┐
│ (index) │ n │ runid       │ verified │ stop        │ turns │ cmds │ total_usd │ A_n │ replayed     │ wall_s │
├─────────┼───┼─────────────┼──────────┼─────────────┼───────┼──────┼───────────┼─────┼──────────────┼────────┤
│ 0       │ 1 │ 'fwod83-n1' │ '6/6'    │ 'completed' │ 7     │ 6    │ 0.0926    │ 0   │ '0/6'        │ 494    │
│ 1       │ 2 │ 'fwod83-n2' │ '6/6'    │ 'success'   │ 0     │ 6    │ 0         │ 1   │ '6/6 (flow)' │ 109    │
│ 2       │ 3 │ 'fwod83-n3' │ '6/6'    │ 'success'   │ 0     │ 6    │ 0         │ 1   │ '6/6 (flow)' │ 109    │
└─────────┴───┴─────────────┴──────────┴─────────────┴───────┴──────┴───────────┴─────┴──────────────┴────────┘
http://127.0.0.1:8069
  s_18c13e  validated    1 steps  3/3 (100%)
           Open {{v2}} in the browser. If a login page appears, log in with username '{{v3}}' and password '{{v4}}' (type…
  s_1e8239  validated    1 steps  3/3 (100%)
           Open {{v2}} in the browser. If a login page appears, log in with username '{{v3}}' and password '{{v4}}' (type…
  s_20e98b  validated    2 steps  3/3 (100%)
           Open {{v2}} in the browser. If a login page appears, log in with username '{{v3}}' and password '{{v4}}' (type…
  s_39031d  validated   27 steps  3/3 (100%)
           In Odoo, open the Sales app and find the existing draft quotation with reference {{v1}} for customer '{{v2}}'.…
  s_4bffff  validated   27 steps  3/3 (100%)
           In Odoo, open the Sales app and find the existing draft quotation with reference {{v1}} for customer '{{v2}}'.…
  s_5b8d3d  validated    3 steps  3/3 (100%)
           Open {{v2}} in the browser. If a login page appears, log in with username '{{v3}}' and password '{{v4}}' (type…
  s_78c0d8  validated    3 steps  3/3 (100%)
           Open {{v2}} in the browser. If a login page appears, log in with username '{{v3}}' and password '{{v4}}' (type…
  s_79ac9b  validated   11 steps  3/3 (100%)
           In Odoo, open the Sales app and create a new quotation. Set the Customer field to '{{v1}}' — it is an autocomp…
  s_7aa258  validated   20 steps  3/3 (100%)
           In Odoo, open the Sales app and find the confirmed sales order with reference {{v1}} for customer '{{v2}}'. Ca…
  s_7dc11c  validated    2 steps  3/3 (100%)
           In Odoo, open the Sales app and create a new quotation. Set the Customer field to '{{v1}}' — it is an autocomp…
  s_7e503d  validated    3 steps  3/3 (100%)
           Open {{v2}} in the browser. If a login page appears, log in with username '{{v3}}' and password '{{v4}}' (type…
  s_945667  validated    1 steps  3/3 (100%)
           In Odoo, open the Sales app and create a new quotation. Set the Customer field to '{{v1}}' — it is an autocomp…
  s_d565e0  validated    6 steps  3/3 (100%)
           In Odoo, open the Sales app and find the existing draft quotation with reference {{v1}} for customer '{{v2}}'.…
  s_e8078c  validated    9 steps  3/3 (100%)
           In Odoo, open the Sales app and create a new quotation. Set the Customer field to '{{v1}}' — it is an autocomp…
store: /home/user/sitelooper/bench/results/fwod83-skills

summary: /home/user/sitelooper/bench/results/fwod83-sweep.json
SWEEP_EXIT_CODE=0
