
[sweep] run 1/3: fwod74-n1 (store: /home/user/sitelooper/bench/results/fwod74-skills)
[harness] odoo: defaulting APP_URL
[harness] odoo: defaulting APP_EMAIL
[harness] odoo: defaulting APP_PASSWORD
[reset] odoo: no leftover bench customers
[harness] odoo responded 303 at http://127.0.0.1:8069/
stopped: fwod74-n1
  flow "fwod74" saved: 9 step(s), vars runid → /home/user/sitelooper/bench/results/flows/fwod74.json
  warning: note: dropped 14 locator candidate(s) carrying a value this run minted (known only by export time)
  warning: note: 11 goal/report value(s) carrying a value this run made were slotted or dropped:
  s_06f7ac.reportTemplate.values.order_id dropped (recorded literal of a value this run made)
  s_06f7ac.reportTemplate.values.saved dropped (recorded literal of a value this run made)
  s_06f7ac.reportTemplate.values.final_url dropped (recorded literal of a value this run made)
  s_06f7ac.reportTemplate.summary dropped (narrates a value this run made)
  s_18733d.reportTemplate.values.order_id dropped (recorded literal of a value this run made)
  s_18733d.reportTemplate.summary dropped (narrates a value this run made)
  s_68a1de.reportTemplate.values.contact_id dropped (recorded literal of a value this run made)
  s_68a1de.reportTemplate.summary dropped (narrates a value this run made)
  s_7eb4f1.reportTemplate.values.order_id dropped (recorded literal of a value this run made)
  s_b24095.reportTemplate.values.order_id dropped (recorded literal of a value this run made)
  s_d5f8a0.reportTemplate.values.order_id dropped (recorded literal of a value this run made)
  warning: note: 01-signin no longer publishes login_page_url, post_login_url, apps_menu_entries — no replay reads them from the page and the recording showed no line to read
  warning: note: 02-create no longer publishes contact_id, model — no replay reads them from the page and the recording showed no line to read
  warning: note: 04-open no longer publishes quotation_name, order_id, product_code, untaxed_amount, status — no replay reads them from the page and the recording showed no line to read
  warning: note: 05-open no longer publishes order_id, line_count, status, ref — no replay reads them from the page and the recording showed no line to read
  warning: note: 06-open no longer publishes order_id, status — no replay reads them from the page and the recording showed no line to read
  warning: note: 07-open no longer publishes order_id, statusbar_checked_option, confirmation_dialog, line_1_product, line_2_product, statusbar_options, confirm_button_state — no replay reads them from the page and the recording showed no line to read
  warning: note: 08-open no longer publishes order_id, status_after_cancel, statusbar_checked_option — no replay reads them from the page and the recording showed no line to read
  warning: note: 1 step(s) adopted from non-success instruction(s) whose work the session continued from (03-create) — they replay model-first with doubled budget, and a non-success there does not halt the flow
  warning: warning: 217 other value(s) the run saw survived unslotted, judged by shape only (usually page copy; non-fatal):
  flow.steps[1].instruction: "Benchville" (output) in "Create a new contact in Odoo: open the Contacts app and create a new contact (individual/company) with Name exactly '{{runid}} Bench Customer' and City 'Benchvi"
  flow.steps[1].params.v3: "Benchville" (output) in "Benchville"
  flow.steps[1].route: "res.partner" (output) in "http://127.0.0.1:8069/web#action=:id&cids=:id&id=:id&menu_id=:id&model=res.partner&view_type=form"
  flow.steps[2].instruction: "Untaxed Amount" (output) in "In Odoo's Sales app, create a new quotation for the customer '{{runid}} Bench Customer' (choose them from the customer autocomplete dropdown — typing alone does"
  flow.steps[3].instruction: "Untaxed Amount" (output) in "In Odoo Sales there is currently an UNSAVED draft quotation form open (breadcrumb '{{03-create.breadcrumb_before_save}}', customer '{{runid}} Bench Customer', o"
  warning: {{03-create.breadcrumb_before_save}} (used by 04-open) can only be re-observed by model recovery — consider re-recording so the value is read from the page.
  warning: {{03-create.product_option_chosen}} (used by 04-open) can only be re-observed by model recovery — consider re-recording so the value is read from the page.
arm=sitelooper model=z-ai/glm-5.3 runid=fwod74-n1 stop=completed
turns=11 wall=517.3s
commands=10 cmdTime=465.6s cmdBytes=16249 timeouts=0
orchestrator in=15748 cw=0 cr=42752 out=4871
inner prompt=3338305 cached=3109376 completion=42290
spend=$0.1243 maxUsd=3
learn: A_n=0 replayed=0/9 full=0 repaired=0 compiled=8 variants=0
-> /home/user/sitelooper/bench/results/fwod74-n1-sitelooper-result.json

fwod74-n1: objectives passed 6/6
  obj 1: PASS — city="Benchville"
  obj 2: PASS — orders for customer: 1, lines: 2
  obj 3: PASS — 2 lines, 2 distinct products
  obj 4: PASS — quantities: 5, 2
  obj 5: PASS — state tracking shows confirmation
  obj 6: PASS — final state=cancel, ref=S00021

[sweep] run 2/3: fwod74-n2 (replay flow fwod74, no orchestrator)
[reset] odoo: deleted 1 leftover bench order(s)
[reset] odoo: deleted 1 leftover bench customer(s)
[sweep] fwod74-n2: 9 drift ticket(s) → fwod74-n2-drift.json
  *** DUPLICATE WORK *** 2 orders exist for this customer (S00023, S00022) — the run created the record more than once, so objectives 3-6 cannot be attributed to any single order.

fwod74-n2: objectives passed 1/6
  obj 1: PASS — city="Benchville"
  obj 2: FAIL — orders for customer: 2
  obj 3: FAIL — no single order to check
  obj 4: FAIL — no single order to check
  obj 5: FAIL — no order
  obj 6: FAIL — no order
[sweep] fwod74-n2: 03-create has no pinned skill — 50 model turn(s), on every replay

[sweep] run 3/3: fwod74-n3 (replay flow fwod74, no orchestrator)
[reset] odoo: action_cancel refused (Expected singleton: sale.order(23, 22)) — cancelling by state instead
[reset] odoo: deleted 2 leftover bench order(s)
[reset] odoo: deleted 1 leftover bench customer(s)
[sweep] fwod74-n3: 8 drift ticket(s) → fwod74-n3-drift.json
  *** DUPLICATE WORK *** 2 orders exist for this customer (S00025, S00024) — the run created the record more than once, so objectives 3-6 cannot be attributed to any single order.

fwod74-n3: objectives passed 1/6
  obj 1: PASS — city="Benchville"
  obj 2: FAIL — orders for customer: 2
  obj 3: FAIL — no single order to check
  obj 4: FAIL — no single order to check
  obj 5: FAIL — no order
  obj 6: FAIL — no order

Learning sweep fwod74 (K=3)
┌─────────┬───┬─────────────┬──────────┬─────────────┬───────┬──────┬───────────┬──────┬──────────────┬────────┐
│ (index) │ n │ runid       │ verified │ stop        │ turns │ cmds │ total_usd │ A_n  │ replayed     │ wall_s │
├─────────┼───┼─────────────┼──────────┼─────────────┼───────┼──────┼───────────┼──────┼──────────────┼────────┤
│ 0       │ 1 │ 'fwod74-n1' │ '6/6'    │ 'completed' │ 11    │ 10   │ 0.1243    │ 0    │ '0/9'        │ 517    │
│ 1       │ 2 │ 'fwod74-n2' │ '1/6'    │ 'success'   │ 69    │ 9    │ 0.0337    │ 0.78 │ '9/9 (flow)' │ 327    │
│ 2       │ 3 │ 'fwod74-n3' │ '1/6'    │ 'success'   │ 0     │ 9    │ 0         │ 1    │ '9/9 (flow)' │ 124    │
└─────────┴───┴─────────────┴──────────┴─────────────┴───────┴──────┴───────────┴──────┴──────────────┴────────┘
http://127.0.0.1:8069
  s_0c4281  validated    3 steps  3/3 (100%)
           Sign in to Odoo at the login page with username 'admin' and password 'admin', then confirm you are logged in (…
  s_2ea201  validated    1 steps  3/3 (100%)
           Create a new contact in Odoo: open the Contacts app and create a new contact (individual/company) with Name ex…
  s_456bc1  validated    3 steps  3/3 (100%)
           Create a new contact in Odoo: open the Contacts app and create a new contact (individual/company) with Name ex…
  s_5473c3  validated   13 steps  3/3 (100%)
           Verify the final state in Odoo Sales: open the order {{v1}} and confirm (a) its status is '{{v2}}', (b) its cu…
  s_68a1de  validated    5 steps  3/3 (100%)
           Create a new contact in Odoo: open the Contacts app and create a new contact (individual/company) with Name ex…
  s_7eb4f1  validated   16 steps  3/3 (100%)
           In Odoo Sales, the sales order {{v1}} (status '{{v2}}', customer '{{v3}}') is currently open. Cancel this sale…
  s_b24095  validated   20 steps  3/3 (100%)
           In Odoo Sales, open the saved quotation {{v1}} (status 'Quotation', two lines: Large Cabinet qty {{v2}} @ {{v3…
  s_d17c32  validated    5 steps  3/3 (100%)
           Sign in to Odoo at the login page with username 'admin' and password 'admin', then confirm you are logged in (…
  s_d5f8a0  validated   19 steps  3/3 (100%)
           In Odoo Sales, open the saved quotation {{v1}} (two lines: {{v2}} qty {{v4}} @ {{v5}}, and {{v6}} qty {{v8}} @…
  s_dba7cd  validated    1 steps  3/3 (100%)
           Create a new contact in Odoo: open the Contacts app and create a new contact (individual/company) with Name ex…
  s_1acd1d  validated   29 steps  2/2 (100%)  variant of s_f74dbc
           In Odoo Sales there is currently an UNSAVED draft quotation form open (breadcrumb '{{v1}}', customer '{{v2}}',…
  s_35f6cc  validated   31 steps  2/2 (100%)
           In Odoo's Sales app, create a new quotation for the customer '{{v1}}' (choose them from the customer autocompl…
  s_58edeb  validated    1 steps  2/2 (100%)  variant of s_f74dbc
           In Odoo Sales there is currently an UNSAVED draft quotation form open (breadcrumb '{{v1}}', customer '{{v2}}',…
  s_8ab3f3  validated   12 steps  2/2 (100%)
           In Odoo's Sales app, create a new quotation for the customer '{{v1}}' (choose them from the customer autocompl…
  s_aa9242  validated    1 steps  2/2 (100%)
           In Odoo's Sales app, create a new quotation for the customer '{{v1}}' (choose them from the customer autocompl…
  s_af9536  validated    2 steps  2/2 (100%)
           In Odoo's Sales app, create a new quotation for the customer '{{v1}}' (choose them from the customer autocompl…
  s_f09f36  validated    3 steps  2/2 (100%)  variant of s_f74dbc
           In Odoo Sales there is currently an UNSAVED draft quotation form open (breadcrumb '{{v1}}', customer '{{v2}}',…
  s_f74dbc  provisional  2 steps  1/2 (50%)
           In Odoo Sales there is currently an UNSAVED draft quotation form open (breadcrumb '{{v1}}', customer '{{v2}}',…
  s_06f7ac  provisional 18 steps  1/1 (100%)
           In Odoo Sales there is currently an UNSAVED draft quotation form open (breadcrumb '{{v1}}', customer '{{v2}}',…
  s_18733d  provisional 15 steps  1/1 (100%)
           In Odoo Sales, open the saved quotation {{v1}} (customer '{{v2}}', one line {{v4}} qty 3). Edit the quotation …
  s_1f7c79  provisional  7 steps  1/1 (100%)
           In Odoo Sales there is currently an UNSAVED draft quotation form open (breadcrumb '{{v1}}', customer '{{v2}}',…
  s_8b97fe  provisional  1 steps  1/1 (100%)
           In Odoo Sales there is currently an UNSAVED draft quotation form open (breadcrumb '{{v1}}', customer '{{v2}}',…
store: /home/user/sitelooper/bench/results/fwod74-skills

summary: /home/user/sitelooper/bench/results/fwod74-sweep.json
