
[sweep] run 1/3: fwod64-n1 (store: /home/user/sitelooper/bench/results/fwod64-skills)
[harness] odoo: defaulting APP_URL
[harness] odoo: defaulting APP_EMAIL
[harness] odoo: defaulting APP_PASSWORD
[reset] odoo: no leftover bench customers
[harness] odoo responded 303 at http://127.0.0.1:8069/
stopped: fwod64-n1
  flow "fwod64" saved: 6 step(s), vars runid → /home/user/sitelooper/bench/results/flows/fwod64.json
  warning: note: dropped 8 locator candidate(s) carrying a value this run minted (known only by export time)
  warning: note: 7 goal/report value(s) carrying a value this run made were slotted or dropped:
  s_7ab2d2.reportTemplate.values.sale_order_id dropped (recorded literal of a value this run made)
  s_7ab2d2.reportTemplate.summary dropped (narrates a value this run made)
  s_92f719.reportTemplate.values.partner_id dropped (recorded literal of a value this run made)
  s_92f719.reportTemplate.summary dropped (narrates a value this run made)
  s_afb31b.reportTemplate.values.sale_order_id dropped (recorded literal of a value this run made)
  s_afb31b.reportTemplate.values.record_url dropped (recorded literal of a value this run made)
  s_e3f7c2.reportTemplate.values.sale_order_id dropped (recorded literal of a value this run made)
  warning: note: 01-open no longer publishes partner_id, company_type — no replay reads them from the page and the recording showed no line to read
  warning: note: 02-open no longer publishes unit_price, untaxed_amount, sale_order_id, status, untaxed_amount_value, product_code — no replay reads them from the page and the recording showed no line to read
  warning: note: 03-open no longer publishes sale_order_id, new_line_tax, status, new_line_product_code — no replay reads them from the page and the recording showed no line to read
  warning: note: 04-open no longer publishes list_view_total, status, total_label_and_value — no replay reads them from the page and the recording showed no line to read
  warning: note: 05-open no longer publishes status_after_confirm, status_before_confirm — no replay reads them from the page and the recording showed no line to read
  warning: note: 06-open no longer publishes sale_order_id, status_after_cancel, button_after_cancel, record_url — no replay reads them from the page and the recording showed no line to read
  warning: warning: contradicted-step: 03-open read untaxed_amount "£ 1,025.00" right after 02-open reported "£ 885.00"; 02-open's change may not have landed and a later step may be retrying it. Re-record 02-open.
  warning: warning: 220 other value(s) the run saw survived unslotted, judged by shape only (usually page copy; non-fatal):
  flow.steps[0].instruction: "Benchville" (output) in "Open http://127.0.0.1:8069/ in the browser and sign in with login 'admin' and password 'admin' (if a login page appears). Then open the Contacts app and create "
  flow.steps[0].params.v4: "Benchville" (output) in "Benchville"
  flow.steps[1].instruction: "Untaxed Amount" (output) in "In the Odoo app at http://127.0.0.1:8069/ (already signed in as admin), open the Sales app and create a new Quotation. In the Customer field, type '{{runid}} Be"
  flow.steps[1].instruction: "Quotation" (output) in "In the Odoo app at http://127.0.0.1:8069/ (already signed in as admin), open the Sales app and create a new Quotation. In the Customer field, type '{{runid}} Be"
  flow.steps[2].instruction: "Untaxed Amount" (output) in "In the Odoo app at http://127.0.0.1:8069/ (already signed in as admin), open the Sales app and find the existing quotation with reference {{02-open.quotation_re"
  warning: {{02-open.product_name}} (used by 03-open) can only be re-observed by model recovery — consider re-recording so the value is read from the page.
  warning: {{03-open.new_line_product}} (used by 04-open) can only be re-observed by model recovery — consider re-recording so the value is read from the page.
  warning: 02-open reports product_name, but no segment of the procedure it pins (s_929861, through its last segment s_7ab2d2) re-reads it from the page — a replay without the model will succeed without that value; re-record so a read for it lands in s_7ab2d2.
  warning: 03-open reports new_line_product, but no segment of the procedure it pins (s_e3f7c2, with any later segment of its chain) re-reads it from the page — a replay without the model will succeed without that value; re-record so a read for it lands in that procedure's last segment.
arm=sitelooper model=z-ai/glm-5.3 runid=fwod64-n1 stop=completed
turns=7 wall=498.5s
commands=6 cmdTime=378.7s cmdBytes=12304 timeouts=0
orchestrator in=6674 cw=0 cr=28160 out=3446
inner prompt=2411708 cached=2233728 completion=30582
spend=$0.0836 maxUsd=3
learn: A_n=0 replayed=0/6 full=0 repaired=0 compiled=6 variants=0
-> /home/user/sitelooper/bench/results/fwod64-n1-sitelooper-result.json

fwod64-n1: objectives passed 6/6
  obj 1: PASS — city="Benchville"
  obj 2: PASS — orders for customer: 1, lines: 2
  obj 3: PASS — 2 lines, 2 distinct products
  obj 4: PASS — quantities: 5, 2
  obj 5: PASS — state tracking shows confirmation
  obj 6: PASS — final state=cancel, ref=S00021

[sweep] run 2/3: fwod64-n2 (replay flow fwod64, no orchestrator)
[reset] odoo: deleted 1 leftover bench order(s)
[reset] odoo: deleted 1 leftover bench customer(s)

fwod64-n2: objectives passed 6/6
  obj 1: PASS — city="Benchville"
  obj 2: PASS — orders for customer: 1, lines: 2
  obj 3: PASS — 2 lines, 2 distinct products
  obj 4: PASS — quantities: 5, 2
  obj 5: PASS — state tracking shows confirmation
  obj 6: PASS — final state=cancel, ref=S00022

[sweep] run 3/3: fwod64-n3 (replay flow fwod64, no orchestrator)
[reset] odoo: deleted 1 leftover bench order(s)
[reset] odoo: deleted 1 leftover bench customer(s)

fwod64-n3: objectives passed 6/6
  obj 1: PASS — city="Benchville"
  obj 2: PASS — orders for customer: 1, lines: 2
  obj 3: PASS — 2 lines, 2 distinct products
  obj 4: PASS — quantities: 5, 2
  obj 5: PASS — state tracking shows confirmation
  obj 6: PASS — final state=cancel, ref=S00023

Learning sweep fwod64 (K=3)
┌─────────┬───┬─────────────┬──────────┬─────────────┬───────┬──────┬───────────┬─────┬──────────────┬────────┐
│ (index) │ n │ runid       │ verified │ stop        │ turns │ cmds │ total_usd │ A_n │ replayed     │ wall_s │
├─────────┼───┼─────────────┼──────────┼─────────────┼───────┼──────┼───────────┼─────┼──────────────┼────────┤
│ 0       │ 1 │ 'fwod64-n1' │ '6/6'    │ 'completed' │ 7     │ 6    │ 0.0836    │ 0   │ '0/6'        │ 499    │
│ 1       │ 2 │ 'fwod64-n2' │ '6/6'    │ 'success'   │ 0     │ 6    │ 0         │ 1   │ '6/6 (flow)' │ 52     │
│ 2       │ 3 │ 'fwod64-n3' │ '6/6'    │ 'success'   │ 0     │ 6    │ 0         │ 1   │ '6/6 (flow)' │ 52     │
└─────────┴───┴─────────────┴──────────┴─────────────┴───────┴──────┴───────────┴─────┴──────────────┴────────┘
http://127.0.0.1:8069
  s_009dcb  validated    7 steps  3/3 (100%)
           In the Odoo app at http://127.0.0.1:8069/ (already signed in as admin), open the Sales app and find the confir…
  s_0f2444  validated    1 steps  3/3 (100%)
           Open {{v2}} in the browser and sign in with login 'admin' and password 'admin' (if a login page appears). Then…
  s_2ab778  validated    6 steps  3/3 (100%)
           In the Odoo app at http://127.0.0.1:8069/ (already signed in as admin), open the Sales app and find the existi…
  s_434b2e  validated    1 steps  3/3 (100%)
           In the Odoo app at http://127.0.0.1:8069/ (already signed in as admin), open the Sales app and create a new Qu…
  s_535e48  validated   13 steps  3/3 (100%)
           In the Odoo app at http://127.0.0.1:8069/ (already signed in as admin), open the Sales app and find the existi…
  s_7ab2d2  validated   15 steps  3/3 (100%)
           In the Odoo app at http://127.0.0.1:8069/ (already signed in as admin), open the Sales app and create a new Qu…
  s_929861  validated    2 steps  3/3 (100%)
           In the Odoo app at http://127.0.0.1:8069/ (already signed in as admin), open the Sales app and create a new Qu…
  s_92f719  validated    3 steps  3/3 (100%)
           Open {{v2}} in the browser and sign in with login 'admin' and password 'admin' (if a login page appears). Then…
  s_ab37cf  validated    7 steps  3/3 (100%)
           In the Odoo app at http://127.0.0.1:8069/ (already signed in as admin), open the Sales app and create a new Qu…
  s_afb31b  validated    4 steps  3/3 (100%)
           In the Odoo app at http://127.0.0.1:8069/ (already signed in as admin), open the Sales app and find the confir…
  s_da53d6  validated    1 steps  3/3 (100%)
           In the Odoo app at http://127.0.0.1:8069/ (already signed in as admin), open the Sales app and find the existi…
  s_dcfc6d  validated   17 steps  3/3 (100%)
           In the Odoo app at http://127.0.0.1:8069/ (already signed in as admin), open the Sales app and find the existi…
  s_e3f7c2  validated   21 steps  3/3 (100%)
           In the Odoo app at http://127.0.0.1:8069/ (already signed in as admin), open the Sales app and find the existi…
  s_eaadf2  validated    2 steps  3/3 (100%)
           Open {{v2}} in the browser and sign in with login 'admin' and password 'admin' (if a login page appears). Then…
  s_eb7e3e  validated    4 steps  3/3 (100%)
           Open {{v2}} in the browser and sign in with login 'admin' and password 'admin' (if a login page appears). Then…
  s_f2ccbf  validated    1 steps  3/3 (100%)
           Open {{v2}} in the browser and sign in with login 'admin' and password 'admin' (if a login page appears). Then…
  s_f39ea8  validated    3 steps  3/3 (100%)
           Open {{v2}} in the browser and sign in with login 'admin' and password 'admin' (if a login page appears). Then…
store: /home/user/sitelooper/bench/results/fwod64-skills

summary: /home/user/sitelooper/bench/results/fwod64-sweep.json
