
[sweep] run 1/3: fwod56-n1 (store: /home/user/sitelooper/bench/results/fwod56-skills)
[harness] odoo: defaulting APP_URL
[harness] odoo: defaulting APP_EMAIL
[harness] odoo: defaulting APP_PASSWORD
[reset] odoo: no leftover bench customers
[harness] odoo responded 303 at http://127.0.0.1:8069/
stopped: fwod56-n1
  flow "fwod56" saved: 10 step(s), vars runid → /home/user/sitelooper/bench/results/flows/fwod56.json
  warning: note: dropped 2 locator candidate(s) carrying a value this run minted (known only by export time)
  warning: note: 7 goal/report value(s) carrying a value this run made were slotted or dropped:
  s_2c3cbc.goal.requireText[1] dropped (names a value this run made, with no slot to bind it)
  s_2c3cbc.reportTemplate.values.record_url dropped (recorded literal of a value this run made)
  s_81f0c8.reportTemplate.values.partner_id dropped (recorded literal of a value this run made)
  s_81f0c8.reportTemplate.values.record_url dropped (recorded literal of a value this run made)
  s_81f0c8.reportTemplate.summary dropped (narrates a value this run made)
  s_d22389.reportTemplate.values.contact_id dropped (recorded literal of a value this run made)
  s_d22389.reportTemplate.values.contact_url dropped (recorded literal of a value this run made)
  warning: note: 02-create no longer publishes partner_id, contact_type — no replay reads them from the page and the recording showed no line to read
  warning: note: 03-create no longer publishes totals_footer_rows, product_code — no replay reads them from the page and the recording showed no line to read
  warning: note: 06-open no longer publishes statusbar, tax_row, product_code_line2 — no replay reads them from the page and the recording showed no line to read
  warning: note: 07-change no longer publishes statusbar, tax_row — no replay reads them from the page and the recording showed no line to read
  warning: note: 08-report no longer publishes statusbar_options, tax_row — no replay reads them from the page and the recording showed no line to read
  warning: note: 09-report no longer publishes statusbar_after_cancel, tax_row, statusbar_option_quotation — no replay reads them from the page and the recording showed no line to read
  warning: note: 10-verify no longer publishes contact_id, contact_url, s00023_statusbar, s00023_line2, untaxed_amount_row, tax_row, total_row — no replay reads them from the page and the recording showed no line to read
  warning: note: 03-create: added a read for untaxed_amount_row to s_2df673 (page.getByRole('row', { name: 'Untaxed Amount £ 885.00', exact: true }); seen on the next instruction's start page)
  warning: note: 03-create: added a read for total_row to s_2df673 (page.getByRole('row', { name: 'Total £ 1,062.00', exact: true }); seen on the next instruction's start page)
  warning: note: 06-open: added a read for untaxed_amount_row to s_d59afe (page.getByRole('row', { name: 'Untaxed Amount £ 5,585.00', exact: true }); seen on the next instruction's start page)
  warning: note: 06-open: added a read for total_row to s_d59afe (page.getByRole('row', { name: 'Total £ 6,702.00', exact: true }); seen on the next instruction's start page)
  warning: note: 07-change: added a read for untaxed_amount_row to s_a83d9f (page.getByRole('row', { name: 'Untaxed Amount £ 6,175.00', exact: true }); seen on the next instruction's start page)
  warning: note: 07-change: added a read for total_row to s_a83d9f (page.getByRole('row', { name: 'Total £ 7,410.00', exact: true }); seen on the next instruction's start page)
  warning: note: 08-report: added a read for untaxed_amount_row to s_2c3cbc (page.getByRole('row', { name: 'Untaxed Amount £ 6,175.00', exact: true }); seen on the next instruction's start page)
  warning: note: 08-report: added a read for total_row to s_2c3cbc (page.getByRole('row', { name: 'Total £ 7,410.00', exact: true }); seen on the next instruction's start page)
  warning: note: 09-report: added a read for untaxed_amount_row to s_5f802b (page.getByRole('row', { name: 'Untaxed Amount £ 6,175.00', exact: true }); seen on the next instruction's start page)
  warning: note: 09-report: added a read for total_row to s_5f802b (page.getByRole('row', { name: 'Total £ 7,410.00', exact: true }); seen on the next instruction's start page)
  warning: note: 2 step(s) adopted from non-success instruction(s) whose work the session continued from (04-open, 05-open) — they replay model-first with doubled budget, and a non-success there does not halt the flow
  warning: warning: 285 other value(s) the run saw survived unslotted, judged by shape only (usually page copy; non-fatal):
  flow.steps[1].instruction: "Benchville" (output) in "In Odoo, create a new customer (contact) named exactly '{{runid}} Bench Customer' with the City field set to 'Benchville'. Navigate via the apps menu to Contact"
  flow.steps[1].instruction: "New" (output) in "In Odoo, create a new customer (contact) named exactly '{{runid}} Bench Customer' with the City field set to 'Benchville'. Navigate via the apps menu to Contact"
  flow.steps[5].instruction: "Quotation" (output) in "In Odoo, on the currently open draft quotation {{05-open.quotation_reference}} (customer '{{runid}} Bench Customer', statusbar 'Quotation'). The Order Lines tab"
  flow.steps[6].instruction: "Quotation" (output) in "In Odoo, on the draft quotation {{05-open.quotation_reference}} (customer '{{runid}} Bench Customer', statusbar 'Quotation', two order lines: line 1 = {{03-crea"
  flow.steps[6].instruction: "5.00" (output) in "In Odoo, on the draft quotation {{05-open.quotation_reference}} (customer '{{runid}} Bench Customer', statusbar 'Quotation', two order lines: line 1 = {{03-crea"
  warning: {{03-create.product_name}} (used by 04-open) can only be re-observed by model recovery — consider re-recording so the value is read from the page.
  warning: {{03-create.untaxed_amount}} (used by 05-open) can only be re-observed by model recovery — consider re-recording so the value is read from the page.
  warning: {{04-open.line2_unit_price}} (used by 05-open) can only be re-observed by model recovery — consider re-recording so the value is read from the page.
  warning: {{05-open.quotation_reference}} (used by 06-open) can only be re-observed by model recovery — consider re-recording so the value is read from the page.
  warning: {{05-open.line2_product}} (used by 06-open) can only be re-observed by model recovery — consider re-recording so the value is read from the page.
  warning: 03-create reports product_name, untaxed_amount, but s_d401a3 re-reads none of them from the page — a replay without the model will succeed without those values; re-record so they are read.
arm=sitelooper model=z-ai/glm-5.3 runid=fwod56-n1 stop=completed
turns=12 wall=1056.2s
commands=11 cmdTime=886.6s cmdBytes=18232 timeouts=0
orchestrator in=33599 cw=0 cr=39488 out=11064
inner prompt=6242562 cached=5855488 completion=67159
spend=$0.2219 maxUsd=3
learn: A_n=0 replayed=0/10 full=0 repaired=0 compiled=8 variants=0
-> /home/user/sitelooper/bench/results/fwod56-n1-sitelooper-result.json

fwod56-n1: objectives passed 6/6
  obj 1: PASS — city="Benchville"
  obj 2: PASS — orders for customer: 1, lines: 2
  obj 3: PASS — 2 lines, 2 distinct products
  obj 4: PASS — quantities: 5, 2
  obj 5: PASS — state tracking shows confirmation
  obj 6: PASS — final state=cancel, ref=S00023

[sweep] run 2/3: fwod56-n2 (replay flow fwod56, no orchestrator)
[reset] odoo: deleted 1 leftover bench order(s)
[reset] odoo: deleted 1 leftover bench customer(s)
[sweep] fwod56-n2: 8 drift ticket(s) → fwod56-n2-drift.json

fwod56-n2: objectives passed 1/6
  obj 1: PASS — city="Benchville"
  obj 2: FAIL — orders for customer: 0
  obj 3: FAIL — no single order to check
  obj 4: FAIL — no single order to check
  obj 5: FAIL — no order
  obj 6: FAIL — no order

[sweep] run 3/3: fwod56-n3 (replay flow fwod56, no orchestrator)
[reset] odoo: deleted 1 leftover bench order(s)
[reset] odoo: deleted 2 leftover bench customer(s)
[sweep] fwod56-n3: 8 drift ticket(s) → fwod56-n3-drift.json

fwod56-n3: objectives passed 1/6
  obj 1: PASS — city="Benchville"
  obj 2: FAIL — orders for customer: 0
  obj 3: FAIL — no single order to check
  obj 4: FAIL — no single order to check
  obj 5: FAIL — no order
  obj 6: FAIL — no order

Learning sweep fwod56 (K=3)
┌─────────┬───┬─────────────┬──────────┬─────────────┬───────┬──────┬───────────┬─────┬────────────────┬────────┐
│ (index) │ n │ runid       │ verified │ stop        │ turns │ cmds │ total_usd │ A_n │ replayed       │ wall_s │
├─────────┼───┼─────────────┼──────────┼─────────────┼───────┼──────┼───────────┼─────┼────────────────┼────────┤
│ 0       │ 1 │ 'fwod56-n1' │ '6/6'    │ 'completed' │ 12    │ 11   │ 0.2219    │ 0   │ '0/10'         │ 1056   │
│ 1       │ 2 │ 'fwod56-n2' │ '1/6'    │ 'success'   │ 37    │ 10   │ 0.0233    │ 0.7 │ '10/10 (flow)' │ 243    │
│ 2       │ 3 │ 'fwod56-n3' │ '1/6'    │ 'success'   │ 29    │ 10   │ 0.0182    │ 0.8 │ '10/10 (flow)' │ 259    │
└─────────┴───┴─────────────┴──────────┴─────────────┴───────┴──────┴───────────┴─────┴────────────────┴────────┘
http://127.0.0.1:8069
  s_81f0c8  validated    5 steps  5/5 (100%)
           In Odoo, create a new customer (contact) named exactly '{{v1}} Bench Customer' with the City field set to 'Ben…
  s_af47a9  validated    1 steps  5/5 (100%)
           In Odoo, create a new customer (contact) named exactly '{{v1}} Bench Customer' with the City field set to 'Ben…
  s_c17343  validated    2 steps  5/5 (100%)
           In Odoo, create a new customer (contact) named exactly '{{v1}} Bench Customer' with the City field set to 'Ben…
  s_d1db0f  validated    3 steps  5/5 (100%)
           In Odoo, create a new customer (contact) named exactly '{{v1}} Bench Customer' with the City field set to 'Ben…
  s_2c3cbc  validated   14 steps  3/3 (100%)
           In Odoo, on the draft quotation {{v1}} (customer '{{v2}}', statusbar 'Quotation', line 1 = {{v4}} qty {{v6}} s…
  s_2df673  validated   16 steps  3/3 (100%)
           In Odoo, go to the Sales app and create a new quotation. Set the Customer field to '{{v1}}' — this is an autoc…
  s_413056  validated    1 steps  3/3 (100%)
           In Odoo, go to the Sales app and create a new quotation. Set the Customer field to '{{v1}}' — this is an autoc…
  s_490673  validated    3 steps  3/3 (100%)
           Sign in to Odoo with login 'admin' and password 'admin' on the login page at http://127.0.0.1:8069/web/login. …
  s_5f802b  validated   16 steps  3/3 (100%)
           In Odoo, on the confirmed sales order {{v1}} (customer '{{v2}}', statusbar '{{v4}}', Untaxed Amount £6,175.00,…
  s_a83d9f  validated   13 steps  3/3 (100%)
           In Odoo, on the draft quotation {{v1}} (customer '{{v2}}', statusbar 'Quotation', two order lines: line 1 = {{…
  s_bd20ff  validated    1 steps  3/3 (100%)
           In Odoo, on the draft quotation {{v1}} (customer '{{v2}}', statusbar 'Quotation', two order lines: line 1 = {{…
  s_ca542d  validated    5 steps  3/3 (100%)
           In Odoo, on the draft quotation {{v1}} (customer '{{v2}}', statusbar 'Quotation', two order lines: line 1 = {{…
  s_d401a3  validated    2 steps  3/3 (100%)
           In Odoo, go to the Sales app and create a new quotation. Set the Customer field to '{{v1}}' — this is an autoc…
  s_e40a17  validated    2 steps  3/3 (100%)
           Sign in to Odoo with login 'admin' and password 'admin' on the login page at http://127.0.0.1:8069/web/login. …
  s_6288a2  provisional  4 steps  1/2 (50%)
           In Odoo, on the currently open draft quotation {{v1}} (customer '{{v2}}', statusbar 'Quotation'). The Order Li…
  s_e030d3  validated   15 steps  2/2 (100%)
           In Odoo, on the currently open draft quotation {{v1}} (customer '{{v2}}', statusbar '{{v4}}'). The Order Lines…
  s_3196ba  provisional 12 steps  1/1 (100%)
           In Odoo, on the currently open draft quotation form for customer '{{v1}}' (unsaved, one order line: '{{v3}}' (…
  s_35025c  provisional  3 steps  1/1 (100%)
           In Odoo, verify two things and report them: (1) Open the Contacts app and find the customer named '{{v1}}' (se…
  s_4404a9  provisional  3 steps  1/1 (100%)
           In Odoo, verify two things and report them: (1) Open the Contacts app and find the customer named '{{v1}}' (se…
  s_73bb71  provisional  2 steps  1/1 (100%)
           In Odoo, verify two things and report them: (1) Open the Contacts app and find the customer named '{{v1}}' (se…
  s_9b9299  provisional  1 steps  1/1 (100%)
           In Odoo, on the currently open draft quotation {{v1}} (customer '{{v2}}', statusbar 'Quotation'). The Order Li…
  s_b29ff9  provisional 21 steps  1/1 (100%)
           In Odoo, on the currently open draft quotation form (customer '{{v1}}', one order line for '{{v3}}' (recorded …
  s_bbc786  provisional  1 steps  1/1 (100%)
           In Odoo, on the currently open draft quotation form for customer '{{v1}}' (unsaved, one order line: '{{v3}}' (…
  s_bfe288  provisional  5 steps  1/1 (100%)
           In Odoo, verify two things and report them: (1) Open the Contacts app and find the customer named '{{v1}}' (se…
  s_c77392  provisional 13 steps  1/1 (100%)
           In Odoo, on the currently open draft quotation form for customer '{{v1}}' (unsaved, one order line: '{{v3}}' (…
  s_d22389  provisional  4 steps  1/1 (100%)
           In Odoo, verify two things and report them: (1) Open the Contacts app and find the customer named '{{v1}}' (se…
  s_d59afe  provisional 13 steps  1/1 (100%)
           In Odoo, on the currently open draft quotation {{v1}} (customer '{{v2}}', statusbar 'Quotation'). The Order Li…
  s_dc8997  provisional  1 steps  1/1 (100%)
           In Odoo, on the currently open draft quotation form for customer '{{v1}}' (unsaved, one order line: '{{v3}}' (…
  s_ed07b7  provisional 19 steps  1/1 (100%)
           In Odoo, on the currently open draft quotation form (customer '{{v1}}', one order line for '{{v3}}' (recorded …
store: /home/user/sitelooper/bench/results/fwod56-skills

summary: /home/user/sitelooper/bench/results/fwod56-sweep.json
