
[sweep] run 1/3: fwod63-n1 (store: /home/user/sitelooper/bench/results/fwod63-skills)
[harness] odoo: defaulting APP_URL
[harness] odoo: defaulting APP_EMAIL
[harness] odoo: defaulting APP_PASSWORD
[reset] odoo: no leftover bench customers
[harness] odoo responded 303 at http://127.0.0.1:8069/
stopped: fwod63-n1
  flow "fwod63" saved: 5 step(s), vars runid → /home/user/sitelooper/bench/results/flows/fwod63.json
  warning: note: dropped 2 locator candidate(s) carrying a value this run minted (known only by export time)
  warning: note: 3 goal/report value(s) carrying a value this run made were slotted or dropped:
  s_17c878.reportTemplate.values.customer_id dropped (recorded literal of a value this run made)
  s_17c878.reportTemplate.values.quotation_id dropped (recorded literal of a value this run made)
  s_17c878.reportTemplate.summary dropped (narrates a value this run made)
  warning: note: 01-login no longer publishes customer_id, quotation_id, quotation_state, product_chosen, line_tax_excl, untaxed_amount, product_code — no replay reads them from the page and the recording showed no line to read
  warning: note: 03-change no longer publishes product_code — no replay reads it from the page and the recording showed no line to read
  warning: warning: 39 other value(s) the run saw survived unslotted, judged by shape only (usually page copy; non-fatal):
  flow.steps[0].instruction: "Benchville" (output) in "In Odoo 17 at http://127.0.0.1:8069/, log in with admin/admin. Create a customer named '{{runid}} Bench Customer' with City set to 'Benchville', then create a s"
  flow.steps[0].params.v4: "Benchville" (output) in "Benchville"
  s_17c878.reportTemplate.values.quotation_reference: "S00021" (output) in "S00021"
  s_17c878.reportTemplate.values.quotation_state: "Quotation (draft)" (output) in "Quotation (draft)"
  s_17c878.reportTemplate.values.product_chosen: "[FURN_6666] Acoustic Bloc Screens" (output) in "[FURN_6666] Acoustic Bloc Screens"
arm=sitelooper model=z-ai/glm-5.3 runid=fwod63-n1 stop=completed
turns=6 wall=508.3s
commands=5 cmdTime=491.7s cmdBytes=3982 timeouts=0
orchestrator in=6335 cw=0 cr=14464 out=635
inner prompt=2067150 cached=1916544 completion=30316
spend=$0.062 maxUsd=3
learn: A_n=0 replayed=0/5 full=0 repaired=0 compiled=5 variants=0
-> /home/user/sitelooper/bench/results/fwod63-n1-sitelooper-result.json

fwod63-n1: objectives passed 6/6
  obj 1: PASS — city="Benchville"
  obj 2: PASS — orders for customer: 1, lines: 2
  obj 3: PASS — 2 lines, 2 distinct products
  obj 4: PASS — quantities: 5, 2
  obj 5: PASS — state tracking shows confirmation
  obj 6: PASS — final state=cancel, ref=S00021

[sweep] run 2/3: fwod63-n2 (replay flow fwod63, no orchestrator)
[reset] odoo: deleted 1 leftover bench order(s)
[reset] odoo: deleted 1 leftover bench customer(s)

fwod63-n2: objectives passed 6/6
  obj 1: PASS — city="Benchville"
  obj 2: PASS — orders for customer: 1, lines: 2
  obj 3: PASS — 2 lines, 2 distinct products
  obj 4: PASS — quantities: 5, 2
  obj 5: PASS — state tracking shows confirmation
  obj 6: PASS — final state=cancel, ref=S00022

[sweep] run 3/3: fwod63-n3 (replay flow fwod63, no orchestrator)
[reset] odoo: deleted 1 leftover bench order(s)
[reset] odoo: deleted 1 leftover bench customer(s)

fwod63-n3: objectives passed 6/6
  obj 1: PASS — city="Benchville"
  obj 2: PASS — orders for customer: 1, lines: 2
  obj 3: PASS — 2 lines, 2 distinct products
  obj 4: PASS — quantities: 5, 2
  obj 5: PASS — state tracking shows confirmation
  obj 6: PASS — final state=cancel, ref=S00023

Learning sweep fwod63 (K=3)
┌─────────┬───┬─────────────┬──────────┬─────────────┬───────┬──────┬───────────┬─────┬──────────────┬────────┐
│ (index) │ n │ runid       │ verified │ stop        │ turns │ cmds │ total_usd │ A_n │ replayed     │ wall_s │
├─────────┼───┼─────────────┼──────────┼─────────────┼───────┼──────┼───────────┼─────┼──────────────┼────────┤
│ 0       │ 1 │ 'fwod63-n1' │ '6/6'    │ 'completed' │ 6     │ 5    │ 0.062     │ 0   │ '0/5'        │ 508    │
│ 1       │ 2 │ 'fwod63-n2' │ '6/6'    │ 'success'   │ 0     │ 5    │ 0         │ 1   │ '5/5 (flow)' │ 115    │
│ 2       │ 3 │ 'fwod63-n3' │ '6/6'    │ 'success'   │ 0     │ 5    │ 0         │ 1   │ '5/5 (flow)' │ 115    │
└─────────┴───┴─────────────┴──────────┴─────────────┴───────┴──────┴───────────┴─────┴──────────────┴────────┘
http://127.0.0.1:8069
  s_0d2b26  validated    3 steps  3/3 (100%)
           In Odoo 17 at {{v2}}, log in with admin/admin. Create a customer named '{{v3}}' with City set to '{{v4}}', the…
  s_101049  validated    1 steps  3/3 (100%)
           In Odoo 17 at {{v2}}, log in with admin/admin. Create a customer named '{{v3}}' with City set to '{{v4}}', the…
  s_17c878  validated    7 steps  3/3 (100%)
           In Odoo 17 at {{v2}}, log in with admin/admin. Create a customer named '{{v3}}' with City set to '{{v4}}', the…
  s_2b1f25  validated    3 steps  3/3 (100%)
           In Odoo 17 at {{v2}}, log in with admin/admin. Create a customer named '{{v3}}' with City set to '{{v4}}', the…
  s_3cb86e  validated    9 steps  3/3 (100%)
           Cancel the sales order {{v1}} (acknowledge any confirmation dialog if one appears) and report the status the a…
  s_5b2481  validated    1 steps  3/3 (100%)
           In Odoo 17 at {{v2}}, log in with admin/admin. Create a customer named '{{v3}}' with City set to '{{v4}}', the…
  s_81fa9f  validated    8 steps  3/3 (100%)
           In Odoo 17 at {{v2}}, log in with admin/admin. Create a customer named '{{v3}}' with City set to '{{v4}}', the…
  s_a3ecc8  validated   21 steps  3/3 (100%)
           Open the existing draft quotation {{v1}} (for {{v2}}) and add a SECOND order line with a different product tha…
  s_c422b2  validated    2 steps  3/3 (100%)
           In Odoo 17 at {{v2}}, log in with admin/admin. Create a customer named '{{v3}}' with City set to '{{v4}}', the…
  s_d1a394  validated    1 steps  3/3 (100%)
           In Odoo 17 at {{v2}}, log in with admin/admin. Create a customer named '{{v3}}' with City set to '{{v4}}', the…
  s_d4dcc0  validated    2 steps  3/3 (100%)
           Confirm quotation {{v1}} so it becomes a sales order. Report the order reference/name shown and the status the…
  s_f156f4  validated    2 steps  3/3 (100%)
           In Odoo 17 at {{v2}}, log in with admin/admin. Create a customer named '{{v3}}' with City set to '{{v4}}', the…
  s_fe2e03  validated    2 steps  3/3 (100%)
           In Odoo 17 at {{v2}}, log in with admin/admin. Create a customer named '{{v3}}' with City set to '{{v4}}', the…
  s_ff5c36  validated    5 steps  3/3 (100%)
           In quotation {{v1}}, change the FIRST line's quantity (Acoustic Bloc Screens) from 3 to 5, keep the second lin…
store: /home/user/sitelooper/bench/results/fwod63-skills

summary: /home/user/sitelooper/bench/results/fwod63-sweep.json
SWEEP_EXIT=0
