
Running 1 test using 1 worker

  ✘  1 fwod88-cv3.spec.ts:9:1 › fwod88-cv3 (11.2s)


  1) fwod88-cv3.spec.ts:9:1 › fwod88-cv3 ───────────────────────────────────────────────────────────

    Error: 01-signin s_5fccd8/2: the recorded page change did not appear

    01-signin s_5fccd8/2: the recorded page change did not appear

    expect(received).toBeNull()

    Received: "after step 01-signin s_5fccd8/2 none of the 1 recorded page change(s) appeared (e.g. \"- menu \\\"6 3 YourCompany\\\"\") — the step ran but did not have its recorded effect"

    Call Log:
    - Timeout 5000ms exceeded while waiting on the predicate

       at fwod88-cv3.flow.ts:17092

      17090 |       { timeout: EXPECT_WAIT_MS, message: `${ctx.tag}: the recorded page change did not appear` },
      17091 |     )
    > 17092 |     .toBeNull();
            |      ^
      17093 |   for (const warning of last.warnings) console.log(`[sitelooper warn] ${warning}`);
      17094 |   if (last.unobserved) console.log(`[sitelooper unobserved] ${ctx.tag}: the page could not be captured, or observed in full, after the action`);
      17095 |   return last;
        at expectChanges (/home/user/sitelooper/bench/results/fwod88-cv3-c2-spec-tmp/fwod88-cv3.flow.ts:17092:6)
        at Object.verify (/home/user/sitelooper/bench/results/fwod88-cv3-c2-spec-tmp/fwod88-cv3.flow.ts:17555:32)
        at runStepLifecycle (/home/user/sitelooper/bench/results/fwod88-cv3-c2-spec-tmp/fwod88-cv3.flow.ts:12501:24)
        at Object.01-signin (/home/user/sitelooper/bench/results/fwod88-cv3-c2-spec-tmp/fwod88-cv3.flow.ts:17530:5)
        at /home/user/sitelooper/bench/results/fwod88-cv3-c2-spec-tmp/fwod88-cv3.flow.ts:24897:7
        at runFlow (/home/user/sitelooper/bench/results/fwod88-cv3-c2-spec-tmp/fwod88-cv3.flow.ts:24896:5)
        at /home/user/sitelooper/bench/results/fwod88-cv3-c2-spec-tmp/fwod88-cv3.spec.ts:14:21

    attachment #1: sitelooper-drift (text/plain) ───────────────────────────────────────────────────
    
    ────────────────────────────────────────────────────────────────────────────────────────────────

    attachment #2: screenshot (image/png) ──────────────────────────────────────────────────────────
    test-results/fwod88-cv3-fwod88-cv3/test-failed-1.png
    ────────────────────────────────────────────────────────────────────────────────────────────────

    Error Context: test-results/fwod88-cv3-fwod88-cv3/error-context.md

  1 failed
    fwod88-cv3.spec.ts:9:1 › fwod88-cv3 ────────────────────────────────────────────────────────────
