
[sweep] run 1/3: fwod93-n1 (store: /home/user/sitelooper/bench/results/fwod93-skills)
[harness] odoo: defaulting APP_URL
[harness] odoo: defaulting APP_EMAIL
[harness] odoo: defaulting APP_PASSWORD
[reset] odoo: no leftover bench customers
[harness] odoo responded 303 at http://127.0.0.1:8069/
stopped: fwod93-n1
  flow "fwod93" saved: 7 step(s), vars runid → /home/user/sitelooper/bench/results/flows/fwod93.json
  warning: note: dropped 3 locator candidate(s) carrying a value this run minted (known only by export time)
  warning: note: 12 goal/report value(s) carrying a value this run made were slotted or dropped:
  s_1981a3.reportTemplate.values.sales_order_url dropped (recorded literal of a value this run made)
  s_1981a3.reportTemplate.summary dropped (narrates a value this run made)
  s_261090.reportTemplate.summary dropped (narrates a value this run made)
  s_57437f.reportTemplate.summary dropped (narrates a value this run made)
  s_71ebe6.goal.requireText[0] dropped (names a value this run made, with no slot to bind it)
  s_71ebe6.reportTemplate.values.second_product_name dropped (recorded literal of a value this run made)
  s_71ebe6.reportTemplate.values.url_after_second_save slotted "21" → {{v7}}
  s_71ebe6.reportTemplate.summary dropped (narrates a value this run made)
  s_797213.reportTemplate.values.sale_order_id dropped (recorded literal of a value this run made)
  s_797213.reportTemplate.values.url_after_confirm dropped (recorded literal of a value this run made)
  s_92c276.reportTemplate.values.sale_order_id dropped (recorded literal of a value this run made)
  s_e28f1a.reportTemplate.summary slotted "21" → {{v14}}
  warning: note: 02-open no longer publishes untaxed_amount_cell — no replay reads it from the page and the recording showed no line to read
  warning: note: 03-open no longer publishes first_line — no replay reads it from the page and the recording showed no line to read
  warning: note: 04-open no longer publishes line1_product_code — no replay reads it from the page and the recording showed no line to read
  warning: note: 05-open no longer publishes sale_order_id, confirm_button_present, create_invoice_button_present, current_status — no replay reads them from the page and the recording showed no line to read
  warning: note: 06-open no longer publishes sale_order_id — no replay reads it from the page and the recording showed no line to read
  warning: note: 07-verify no longer publishes sales_order_url, s00021_status — no replay reads them from the page and the recording showed no line to read
  warning: warning: 169 other value(s) the run saw survived unslotted, judged by shape only (usually page copy; non-fatal):
  flow.steps[0].instruction: "Benchville" (output) in "Open http://127.0.0.1:8069/ and sign in with username admin and password {{env:APP_PASSWORD}}. Then create a new contact (customer) named exactly '{{runid}} Ben"
  flow.steps[0].params.v6: "Benchville" (output) in "Benchville"
  flow.steps[4].instruction: "Sales Order" (output) in "In Odoo, open the existing quotation with reference {{02-open.quotation_reference}} (customer '{{runid}} Bench Customer', two lines: Office Chair qty 5 and {{03"
  flow.steps[5].instruction: "Sales Order" (output) in "In Odoo, open the existing sales order with reference {{02-open.quotation_reference}} (customer '{{runid}} Bench Customer', status 'Sales Order'). Cancel the or"
  flow.steps[5].instruction: "Cancelled" (output) in "In Odoo, open the existing sales order with reference {{02-open.quotation_reference}} (customer '{{runid}} Bench Customer', status 'Sales Order'). Cancel the or"
arm=sitelooper model=z-ai/glm-5.3 runid=fwod93-n1 stop=completed
turns=8 wall=580.3s
commands=7 cmdTime=551.0s cmdBytes=11001 timeouts=0
orchestrator in=7192 cw=0 cr=33920 out=2908
inner prompt=2936015 cached=2682560 completion=47945
spend=$0.1991 maxUsd=3
learn: A_n=0 replayed=0/7 full=0 repaired=0 compiled=7 variants=0
-> /home/user/sitelooper/bench/results/fwod93-n1-sitelooper-result.json

fwod93-n1: objectives passed 6/6
  obj 1: PASS — city="Benchville"
  obj 2: PASS — orders for customer: 1, lines: 2
  obj 3: PASS — 2 lines, 2 distinct products
  obj 4: PASS — quantities: 5, 2
  obj 5: PASS — state tracking shows confirmation
  obj 6: PASS — final state=cancel, ref=S00021

[sweep] run 2/3: fwod93-n2 (replay flow fwod93, no orchestrator)
[reset] odoo: deleted 1 leftover bench order(s)
[reset] odoo: deleted 1 leftover bench customer(s)
[sweep] fwod93-n2: 1 drift ticket(s) → fwod93-n2-drift.json

fwod93-n2: objectives passed 6/6
  obj 1: PASS — city="Benchville"
  obj 2: PASS — orders for customer: 1, lines: 2
  obj 3: PASS — 2 lines, 2 distinct products
  obj 4: PASS — quantities: 5, 2
  obj 5: PASS — state tracking shows confirmation
  obj 6: PASS — final state=cancel, ref=S00022

[sweep] run 3/3: fwod93-n3 (replay flow fwod93, no orchestrator)
[reset] odoo: deleted 1 leftover bench order(s)
[reset] odoo: deleted 1 leftover bench customer(s)
[sweep] fwod93-n3: 1 drift ticket(s) → fwod93-n3-drift.json

fwod93-n3: objectives passed 6/6
  obj 1: PASS — city="Benchville"
  obj 2: PASS — orders for customer: 1, lines: 2
  obj 3: PASS — 2 lines, 2 distinct products
  obj 4: PASS — quantities: 5, 2
  obj 5: PASS — state tracking shows confirmation
  obj 6: PASS — final state=cancel, ref=S00023

Learning sweep fwod93 (K=3)
┌─────────┬───┬─────────────┬──────────┬─────────────┬───────┬──────┬───────────┬─────┬──────────────┬────────┐
│ (index) │ n │ runid       │ verified │ stop        │ turns │ cmds │ total_usd │ A_n │ replayed     │ wall_s │
├─────────┼───┼─────────────┼──────────┼─────────────┼───────┼──────┼───────────┼─────┼──────────────┼────────┤
│ 0       │ 1 │ 'fwod93-n1' │ '6/6'    │ 'completed' │ 8     │ 7    │ 0.1991    │ 0   │ '0/7'        │ 580    │
│ 1       │ 2 │ 'fwod93-n2' │ '6/6'    │ 'success'   │ 0     │ 7    │ 0         │ 1   │ '7/7 (flow)' │ 258    │
│ 2       │ 3 │ 'fwod93-n3' │ '6/6'    │ 'success'   │ 0     │ 7    │ 0         │ 1   │ '7/7 (flow)' │ 259    │
└─────────┴───┴─────────────┴──────────┴─────────────┴───────┴──────┴───────────┴─────┴──────────────┴────────┘
http://127.0.0.1:8069
  s_1981a3  validated    5 steps  3/3 (100%)
           In Odoo, verify two things and report them: (1) Open the contact named '{{v1}}' in the Contacts app and report…
  s_239534  validated    1 steps  3/3 (100%)
           Open {{v2}} and sign in with username {{v3}} and password {{v4}}. Then create a new contact (customer) named e…
  s_261090  validated    4 steps  3/3 (100%)
           Open {{v2}} and sign in with username {{v3}} and password {{v4}}. Then create a new contact (customer) named e…
  s_57437f  validated   17 steps  3/3 (100%)
           In Odoo, open the Sales app and create a new quotation (RFQ/sales order) with the customer set to '{{v1}}' — t…
  s_5e474f  validated    1 steps  3/3 (100%)
           In Odoo, open the Sales app and create a new quotation (RFQ/sales order) with the customer set to '{{v1}}' — t…
  s_67f04e  validated    1 steps  3/3 (100%)
           Open {{v2}} and sign in with username {{v3}} and password {{v4}}. Then create a new contact (customer) named e…
  s_71ebe6  validated   42 steps  3/3 (100%)
           In Odoo, open the existing quotation with reference {{v1}} (customer '{{v2}}', currently one line: {{v4}}, qty…
  s_797213  validated    9 steps  3/3 (100%)
           In Odoo, open the existing quotation with reference {{v1}} (customer '{{v2}}', two lines: Office Chair qty 5 a…
  s_8fb6dc  validated   22 steps  3/3 (100%)
           In Odoo, open the Sales app and create a new quotation (RFQ/sales order) with the customer set to '{{v1}}' — t…
  s_92c276  validated    8 steps  3/3 (100%)
           In Odoo, open the existing sales order with reference {{v1}} (customer '{{v2}}', status '{{v4}}'). Cancel the …
  s_9d9420  validated    2 steps  3/3 (100%)
           In Odoo, open the Sales app and create a new quotation (RFQ/sales order) with the customer set to '{{v1}}' — t…
  s_ae917d  validated    3 steps  3/3 (100%)
           Open {{v2}} and sign in with username {{v3}} and password {{v4}}. Then create a new contact (customer) named e…
  s_b43282  validated    2 steps  3/3 (100%)
           In Odoo, verify two things and report them: (1) Open the contact named '{{v1}}' in the Contacts app and report…
  s_e206b4  validated    3 steps  3/3 (100%)
           Open {{v2}} and sign in with username {{v3}} and password {{v4}}. Then create a new contact (customer) named e…
  s_e28f1a  validated   31 steps  3/3 (100%)
           In Odoo, open the existing quotation with reference {{v1}} (customer '{{v2}}'). It has two order lines: line 1…
  s_faae35  validated    2 steps  3/3 (100%)
           Open {{v2}} and sign in with username {{v3}} and password {{v4}}. Then create a new contact (customer) named e…
store: /home/user/sitelooper/bench/results/fwod93-skills

summary: /home/user/sitelooper/bench/results/fwod93-sweep.json
