
Running 1 test using 1 worker

[sitelooper step] 01-signin
[sitelooper step] 02-create
[sitelooper step] 03-create
[sitelooper warn] 04-open s_1acd1d/22: read 'customer' returned a value the skill itself set/selected ('fwod74-spec Bench Customer') — confirms the control, not persistence; dropped from the report's confident values
[sitelooper step] 04-open
[sitelooper satisfied] 05-open — page shows "FURN_6666"; nothing to do
[sitelooper step] 05-open
[sitelooper drift] 06-open s_d5f8a0/5 target: primary locator('.o_field_x2many_list tbody tr.o_data_row:nth-child(2)') missed; used #2 locator('div:nth-of-type(1) > div > div:nth-of-type(2) > table > tbody > tr:nth-of-type(2)') (#1 absent)
[sitelooper drift] 06-open s_d5f8a0/10 target: primary locator('div > div:nth-of-type(2) > table > tbody > tr:nth-of-type(2) > td:nth-of-type(4)') missed; used #2 locator('[data-sitelooper-point="691,482"]') (#1 absent)
[sitelooper drift] 06-open s_d5f8a0/11 target: primary locator('div > div:nth-of-type(2) > table > tbody > tr:nth-of-type(2) > td:nth-of-type(5)') missed; used #2 locator('[data-sitelooper-point="783,482"]') (#1 absent)
[sitelooper drift] 06-open s_d5f8a0/12 target: primary locator('div > div:nth-of-type(2) > table > tbody > tr:nth-of-type(2) > td:nth-of-type(7)') missed; used #2 locator('[data-sitelooper-point="1179,482"]') (#1 absent)
[sitelooper drift] 06-open s_d5f8a0/19 target: primary locator('div > div:nth-of-type(2) > table > tbody > tr:nth-of-type(2) > td:nth-of-type(2)') missed; used #2 locator('[data-sitelooper-point="199,482"]') (#1 implausible)
[sitelooper step] 06-open
[sitelooper drift] 07-open s_b24095/12 target: primary locator('div > div:nth-of-type(2) > table > tbody > tr:nth-of-type(2) > td:nth-of-type(4)') missed; used #2 locator('[data-sitelooper-point="413,509"]') (#1 absent)
[sitelooper drift] 07-open s_b24095/13 target: primary locator('div > div:nth-of-type(2) > table > tbody > tr:nth-of-type(2) > td:nth-of-type(9)') missed; used #2 locator('[data-sitelooper-point="1179,509"]') (#1 absent)
[sitelooper step] 07-open
[sitelooper step] 08-open
[sitelooper skip] 09-verify s_5473c3/13 target: read target not found — value left empty
[sitelooper step] 09-verify
  ✓  1 fwod74.spec.ts:9:1 › fwod74 (1.6m)

  1 passed (1.6m)
