
[sweep] run 1/3: fwod48-n1 (store: /home/user/sitelooper/bench/results/fwod48-skills)
[harness] odoo: defaulting APP_URL
[harness] odoo: defaulting APP_EMAIL
[harness] odoo: defaulting APP_PASSWORD
[reset] odoo: no leftover bench customers
[harness] odoo responded 303 at http://127.0.0.1:8069/
stopped: fwod48-n1
  flow "fwod48" saved: 7 step(s), vars runid → /home/user/sitelooper/bench/results/flows/fwod48.json
  warning: note: dropped 6 locator candidate(s) carrying a value this run minted (known only by export time)
  warning: note: 11 goal/report value(s) carrying a value this run made were slotted or dropped:
  s_60b507.goal.requireText[2] dropped (names a value this run made, with no slot to bind it)
  s_60b507.reportTemplate.values.quotation_url dropped (recorded literal of a value this run made)
  s_620926.reportTemplate.values.url_after_confirm slotted "21" → {{v7}}
  s_6e2ae8.reportTemplate.values.url_after_cancel slotted "21" → {{v5}}
  s_72f702.reportTemplate.values.contact_url_record_id dropped (recorded literal of a value this run made)
  s_72f702.reportTemplate.values.so_url slotted "21" → {{v4}}
  s_72f702.reportTemplate.values.contact_url dropped (recorded literal of a value this run made)
  s_72f702.reportTemplate.summary dropped (narrates a value this run made)
  s_9a8e5b.reportTemplate.values.record_id dropped (recorded literal of a value this run made)
  s_9a8e5b.reportTemplate.summary dropped (narrates a value this run made)
  s_fb51b4.reportTemplate.values.quotation_url slotted "21" → {{v6}}
  warning: note: 01-signin no longer publishes record_id, model — no replay reads them from the page and the recording showed no line to read
  warning: note: 02-open no longer publishes first_line_row_text, untaxed_amount, status, order_lines_count, saved_record_url, sales_order_id — no replay reads them from the page and the recording showed no line to read
  warning: note: 03-open no longer publishes second_line_tax, order_lines_count, second_line_product_code — no replay reads them from the page and the recording showed no line to read
  warning: note: 04-find no longer publishes model, untaxed_before, taxes_before, total_before, total_row_text_before — no replay reads them from the page and the recording showed no line to read
  warning: note: 05-open no longer publishes model, statusbar_state_after, header_buttons_after, taxes_after, tax_20_row_text, statusbar_quotation — no replay reads them from the page and the recording showed no line to read
  warning: note: 06-open no longer publishes model, taxes, dialog_cancel_button, statusbar_quotation — no replay reads them from the page and the recording showed no line to read
  warning: note: 07-report no longer publishes contact_url_record_id, contact_model, so_header_buttons, total_row_text — no replay reads them from the page and the recording showed no line to read
  warning: note: 03-open: added a read for total_row_text to s_60b507 (page.getByRole('row', { name: 'Total £ 697.20', exact: true }); seen on the next instruction's start page)
  warning: note: 04-find: added a read for total_row_text_after to s_fb51b4 (page.getByRole('row', { name: 'Total £ 1,050.00', exact: true }); seen on the next instruction's start page)
  warning: note: 05-open: added a read for total_row_text to s_620926 (page.getByRole('row', { name: 'Total £ 1,050.00', exact: true }); seen on the next instruction's start page)
  warning: note: 06-open: added a read for total_row_text to s_6e2ae8 (page.getByRole('row', { name: 'Total £ 1,050.00', exact: true }); seen on the next instruction's start page)
  warning: warning: contradicted-step: 07-report read so_statusbar "Cancelled [checked]; options Sales Order / Quotation Sent / Quotation all disabled" right after 06-open reported "Sales Order"; 06-open's change may not have landed and a later step may be retrying it. Re-record 06-open.
  warning: warning: 418 other value(s) the run saw survived unslotted, judged by shape only (usually page copy; non-fatal):
  flow.steps[0].instruction: "Benchville" (output) in "Sign in to Odoo at http://127.0.0.1:8069/ with login 'admin' and password 'admin' (skip the onboarding/interstitial screens if any appear). Then create a new cu"
  flow.steps[0].params.v4: "Benchville" (output) in "Benchville"
  flow.steps[0].route: "res.partner" (output) in "http://127.0.0.1:8069/web#action=:id&cids=:id&id=:id&menu_id=:id&model=res.partner&view_type=form"
  flow.steps[1].route: "sale.order" (output) in "http://127.0.0.1:8069/web#action=:id&cids=:id&id=:id&menu_id=:id&model=sale.order&view_type=form"
  flow.steps[2].route: "sale.order" (output) in "http://127.0.0.1:8069/web#action=:id&cids=:id&id=:id&menu_id=:id&model=sale.order&view_type=form"
arm=sitelooper model=z-ai/glm-5.3 runid=fwod48-n1 stop=completed
turns=9 wall=635.8s
commands=8 cmdTime=442.0s cmdBytes=13056 timeouts=0
orchestrator in=39772 cw=0 cr=5120 out=8372
inner prompt=3076170 cached=2859136 completion=37119
spend=$0.1573 maxUsd=3
learn: A_n=0 replayed=0/7 full=0 repaired=0 compiled=7 variants=0
-> /home/user/sitelooper/bench/results/fwod48-n1-sitelooper-result.json

fwod48-n1: objectives passed 6/6
  obj 1: PASS — city="Benchville"
  obj 2: PASS — orders for customer: 1, lines: 2
  obj 3: PASS — 2 lines, 2 distinct products
  obj 4: PASS — quantities: 5, 2
  obj 5: PASS — state tracking shows confirmation
  obj 6: PASS — final state=cancel, ref=S00021

[sweep] run 2/3: fwod48-n2 (replay flow fwod48, no orchestrator)
[reset] odoo: deleted 1 leftover bench order(s)
[reset] odoo: deleted 1 leftover bench customer(s)
[sweep] fwod48-n2: 8 drift ticket(s) → fwod48-n2-drift.json

fwod48-n2: objectives passed 6/6
  obj 1: PASS — city="Benchville"
  obj 2: PASS — orders for customer: 1, lines: 2
  obj 3: PASS — 2 lines, 2 distinct products
  obj 4: PASS — quantities: 5, 2
  obj 5: PASS — state tracking shows confirmation
  obj 6: PASS — final state=cancel, ref=S00022

[sweep] run 3/3: fwod48-n3 (replay flow fwod48, no orchestrator)
[reset] odoo: deleted 1 leftover bench order(s)
[reset] odoo: deleted 1 leftover bench customer(s)
[sweep] fwod48-n3: 1 drift ticket(s) → fwod48-n3-drift.json

fwod48-n3: objectives passed 1/6
  obj 1: PASS — city="Benchville"
  obj 2: FAIL — orders for customer: 0
  obj 3: FAIL — no single order to check
  obj 4: FAIL — no single order to check
  obj 5: FAIL — no order
  obj 6: FAIL — no order

Learning sweep fwod48 (K=3)
┌─────────┬───┬─────────────┬──────────┬─────────────┬───────┬──────┬───────────┬──────┬──────────────┬────────┐
│ (index) │ n │ runid       │ verified │ stop        │ turns │ cmds │ total_usd │ A_n  │ replayed     │ wall_s │
├─────────┼───┼─────────────┼──────────┼─────────────┼───────┼──────┼───────────┼──────┼──────────────┼────────┤
│ 0       │ 1 │ 'fwod48-n1' │ '6/6'    │ 'completed' │ 9     │ 8    │ 0.1573    │ 0    │ '0/7'        │ 636    │
│ 1       │ 2 │ 'fwod48-n2' │ '6/6'    │ 'success'   │ 44    │ 7    │ 0.0219    │ 0.71 │ '7/7 (flow)' │ 353    │
│ 2       │ 3 │ 'fwod48-n3' │ '1/6'    │ 'halted'    │ 29    │ 7    │ 0.0089    │ 0.5  │ '1/7 (flow)' │ 171    │
└─────────┴───┴─────────────┴──────────┴─────────────┴───────┴──────┴───────────┴──────┴──────────────┴────────┘
http://127.0.0.1:8069
  s_1c0e97  validated    2 steps  3/3 (100%)
           Sign in to Odoo at {{v2}} with login 'admin' and password 'admin' (skip the onboarding/interstitial screens if…
  s_35f38a  validated    5 steps  3/3 (100%)
           Sign in to Odoo at {{v2}} with login 'admin' and password 'admin' (skip the onboarding/interstitial screens if…
  s_577a2b  validated    3 steps  3/3 (100%)
           Sign in to Odoo at {{v2}} with login 'admin' and password 'admin' (skip the onboarding/interstitial screens if…
  s_8791fd  validated    2 steps  3/3 (100%)
           Sign in to Odoo at {{v2}} with login 'admin' and password 'admin' (skip the onboarding/interstitial screens if…
  s_9a8e5b  validated    4 steps  3/3 (100%)
           Sign in to Odoo at {{v2}} with login 'admin' and password 'admin' (skip the onboarding/interstitial screens if…
  s_de6a8d  validated    1 steps  3/3 (100%)
           Sign in to Odoo at {{v2}} with login 'admin' and password 'admin' (skip the onboarding/interstitial screens if…
  s_2c668c  provisional  1 steps  1/2 (50%)  variant of s_a935ba
           In Odoo (already signed in as admin), open the Sales app and create a NEW quotation. In the Customer field, ty…
  s_60b507  validated   18 steps  2/2 (100%)
           In Odoo (already signed in as admin), open the existing draft quotation {{v1}} (customer '{{v2}}', one line: {…
  s_620926  validated   13 steps  2/2 (100%)
           In Odoo (already signed in as admin), open the draft quotation {{v1}} (customer '{{v2}}', 2 lines: {{v4}} qty …
  s_6239c1  validated    4 steps  2/2 (100%)
           In Odoo (already signed in as admin), do a final verification pass and report what you find, changing nothing:…
  s_6e2ae8  validated   22 steps  2/2 (100%)
           In Odoo (already signed in as admin), open the confirmed sales order {{v1}} (customer '{{v2}}', status '{{v4}}…
  s_72f702  validated    5 steps  2/2 (100%)
           In Odoo (already signed in as admin), do a final verification pass and report what you find, changing nothing:…
  s_9278c2  validated    1 steps  2/2 (100%)
           In Odoo (already signed in as admin), do a final verification pass and report what you find, changing nothing:…
  s_a935ba  provisional  1 steps  1/2 (50%)
           In Odoo (already signed in as admin), open the Sales app and create a NEW quotation. In the Customer field, ty…
  s_fb51b4  provisional 28 steps  1/2 (50%)
           In Odoo (already signed in as admin), go to Sales > Orders > Quotations and find the DRAFT quotation whose cus…
  s_06cca7  provisional  2 steps  1/1 (100%)  variant of s_a935ba
           In Odoo (already signed in as admin), open the Sales app and create a NEW quotation. In the Customer field, ty…
  s_27102c  provisional 11 steps  1/1 (100%)
           In Odoo (already signed in as admin), open the Sales app and create a NEW quotation. In the Customer field, ty…
  s_33a701  provisional  1 steps  1/1 (100%)
           In Odoo (already signed in as admin), open the Sales app and create a NEW quotation. In the Customer field, ty…
  s_456bfa  provisional  2 steps  1/1 (100%)
           In Odoo (already signed in as admin), open the Sales app and create a NEW quotation. In the Customer field, ty…
  s_4b3790  provisional  1 steps  1/1 (100%)  variant of s_a935ba
           In Odoo (already signed in as admin), open the Sales app and create a NEW quotation. In the Customer field, ty…
  s_77289d  provisional  9 steps  1/1 (100%)  variant of s_a935ba
           In Odoo (already signed in as admin), open the Sales app and create a NEW quotation. In the Customer field, ty…
  s_97a0c9  provisional  9 steps  1/1 (100%)
           In Odoo (already signed in as admin), open the Sales app and create a NEW quotation. In the Customer field, ty…
  s_b8e36d  demoted     26 steps  1/1 (100%)  variant of s_fb51b4
           In Odoo (already signed in as admin), go to Sales > Orders > Quotations and find the DRAFT quotation whose cus…
  s_bb8237  provisional 11 steps  1/1 (100%)  variant of s_a935ba
           In Odoo (already signed in as admin), open the Sales app and create a NEW quotation. In the Customer field, ty…
store: /home/user/sitelooper/bench/results/fwod48-skills

summary: /home/user/sitelooper/bench/results/fwod48-sweep.json
