
[sweep] run 1/3: fwod49-n1 (store: /home/user/sitelooper/bench/results/fwod49-skills)
[harness] odoo: defaulting APP_URL
[harness] odoo: defaulting APP_EMAIL
[harness] odoo: defaulting APP_PASSWORD
[reset] odoo: no leftover bench customers
[harness] odoo responded 303 at http://127.0.0.1:8069/
stopped: fwod49-n1
  flow "fwod49" saved: 6 step(s), vars runid → /home/user/sitelooper/bench/results/flows/fwod49.json
  warning: note: dropped 2 locator candidate(s) carrying a value this run minted (known only by export time)
  warning: note: 6 goal/report value(s) carrying a value this run made were slotted or dropped:
  s_058f98.reportTemplate.values.record_id dropped (recorded literal of a value this run made)
  s_058f98.reportTemplate.values.saved_record_url dropped (recorded literal of a value this run made)
  s_058f98.reportTemplate.summary dropped (narrates a value this run made)
  s_1cf8ec.reportTemplate.values.quotation_id dropped (recorded literal of a value this run made)
  s_98383d.reportTemplate.values.record_id dropped (recorded literal of a value this run made)
  s_df114b.reportTemplate.values.record_id dropped (recorded literal of a value this run made)
  warning: note: 01-open no longer publishes record_id, model — no replay reads them from the page and the recording showed no line to read
  warning: note: 02-open no longer publishes quotation_id, state, untaxed_amount, taxes, product_reference — no replay reads them from the page and the recording showed no line to read
  warning: note: 03-open no longer publishes state, order_line_count, taxes — no replay reads them from the page and the recording showed no line to read
  warning: note: 04-open no longer publishes state, taxes — no replay reads them from the page and the recording showed no line to read
  warning: note: 05-open no longer publishes dialogs_shown, record_id — no replay reads them from the page and the recording showed no line to read
  warning: note: 06-open no longer publishes statusbar_current_button_text, record_id — no replay reads them from the page and the recording showed no line to read
  warning: warning: 119 other value(s) the run saw survived unslotted, judged by shape only (usually page copy; non-fatal):
  flow.steps[0].instruction: "Benchville" (output) in "Open http://127.0.0.1:8069/ in the browser. If a login page appears, sign in with username 'admin' and password 'admin'. Dismiss any onboarding tour or popup th"
  flow.steps[0].params.v4: "Benchville" (output) in "Benchville"
  flow.steps[0].route: "res.partner" (output) in "http://127.0.0.1:8069/web#action=:id&cids=:id&id=:id&menu_id=:id&model=res.partner&view_type=form"
  flow.steps[4].instruction: "Sales Order" (output) in "In Odoo, open the existing draft quotation {{02-open.quotation_reference}} (customer '{{runid}} Bench Customer', two order lines: Acoustic Bloc Screens qty 5, C"
  flow.steps[5].instruction: "Sales Order" (output) in "In Odoo, open the confirmed sales order {{02-open.quotation_reference}} (customer '{{runid}} Bench Customer', status 'Sales Order'). Cancel this sales order so "
  warning: {{02-open.product_name}} (used by 03-open) can only be re-observed by model recovery — consider re-recording so the value is read from the page.
  warning: {{03-open.line_2_product}} (used by 04-open) can only be re-observed by model recovery — consider re-recording so the value is read from the page.
  warning: 02-open reports product_name, but s_1800f6 re-reads none of it from the page — a replay without the model will succeed without that value; re-record so it is read.
  warning: 03-open reports line_2_product, but s_78eaaf re-reads none of it from the page — a replay without the model will succeed without that value; re-record so it is read.
arm=sitelooper model=z-ai/glm-5.3 runid=fwod49-n1 stop=completed
turns=7 wall=474.7s
commands=6 cmdTime=409.3s cmdBytes=6469 timeouts=0
orchestrator in=9823 cw=0 cr=18368 out=4556
inner prompt=1740534 cached=1602048 completion=22669
spend=$0.0778 maxUsd=3
learn: A_n=0 replayed=0/6 full=0 repaired=0 compiled=6 variants=0
-> /home/user/sitelooper/bench/results/fwod49-n1-sitelooper-result.json

fwod49-n1: objectives passed 6/6
  obj 1: PASS — city="Benchville"
  obj 2: PASS — orders for customer: 1, lines: 2
  obj 3: PASS — 2 lines, 2 distinct products
  obj 4: PASS — quantities: 5, 2
  obj 5: PASS — state tracking shows confirmation
  obj 6: PASS — final state=cancel, ref=S00021

[sweep] run 2/3: fwod49-n2 (replay flow fwod49, no orchestrator)
[reset] odoo: deleted 1 leftover bench order(s)
[reset] odoo: deleted 1 leftover bench customer(s)
[sweep] fwod49-n2: 2 drift ticket(s) → fwod49-n2-drift.json

fwod49-n2: objectives passed 6/6
  obj 1: PASS — city="Benchville"
  obj 2: PASS — orders for customer: 1, lines: 2
  obj 3: PASS — 2 lines, 2 distinct products
  obj 4: PASS — quantities: 5, 2
  obj 5: PASS — state tracking shows confirmation
  obj 6: PASS — final state=cancel, ref=S00022

[sweep] run 3/3: fwod49-n3 (replay flow fwod49, no orchestrator)
[reset] odoo: deleted 1 leftover bench order(s)
[reset] odoo: deleted 1 leftover bench customer(s)
[sweep] fwod49-n3: 1 drift ticket(s) → fwod49-n3-drift.json

fwod49-n3: objectives passed 6/6
  obj 1: PASS — city="Benchville"
  obj 2: PASS — orders for customer: 1, lines: 2
  obj 3: PASS — 2 lines, 2 distinct products
  obj 4: PASS — quantities: 5, 2
  obj 5: PASS — state tracking shows confirmation
  obj 6: PASS — final state=cancel, ref=S00023

Learning sweep fwod49 (K=3)
┌─────────┬───┬─────────────┬──────────┬─────────────┬───────┬──────┬───────────┬──────┬──────────────┬────────┐
│ (index) │ n │ runid       │ verified │ stop        │ turns │ cmds │ total_usd │ A_n  │ replayed     │ wall_s │
├─────────┼───┼─────────────┼──────────┼─────────────┼───────┼──────┼───────────┼──────┼──────────────┼────────┤
│ 0       │ 1 │ 'fwod49-n1' │ '6/6'    │ 'completed' │ 7     │ 6    │ 0.0778    │ 0    │ '0/6'        │ 475    │
│ 1       │ 2 │ 'fwod49-n2' │ '6/6'    │ 'success'   │ 30    │ 6    │ 0.0135    │ 0.67 │ '6/6 (flow)' │ 176    │
│ 2       │ 3 │ 'fwod49-n3' │ '6/6'    │ 'success'   │ 23    │ 6    │ 0.0094    │ 0.83 │ '6/6 (flow)' │ 182    │
└─────────┴───┴─────────────┴──────────┴─────────────┴───────┴──────┴───────────┴──────┴──────────────┴────────┘
http://127.0.0.1:8069
  s_058f98  validated    3 steps  3/3 (100%)
           Open {{v2}} in the browser. If a login page appears, sign in with username 'admin' and password 'admin'. Dismi…
  s_1800f6  validated    2 steps  3/3 (100%)
           In Odoo, open the Sales app and create a new quotation. Set the Customer to '{{v1}}' — it is an autocomplete d…
  s_1cf8ec  validated    5 steps  3/3 (100%)
           In Odoo, open the Sales app and create a new quotation. Set the Customer to '{{v1}}' — it is an autocomplete d…
  s_32409f  demoted     12 steps  1/3 (33%)
           In Odoo, open the existing draft quotation {{v1}} (customer '{{v2}}', two order lines: line 1 = {{v4}} qty 3, …
  s_449f02  validated    2 steps  3/3 (100%)
           Open {{v2}} in the browser. If a login page appears, sign in with username 'admin' and password 'admin'. Dismi…
  s_8ccc28  validated    8 steps  3/3 (100%)
           In Odoo, open the Sales app and create a new quotation. Set the Customer to '{{v1}}' — it is an autocomplete d…
  s_98383d  validated   11 steps  3/3 (100%)
           In Odoo, open the confirmed sales order {{v1}} (customer '{{v2}}', status '{{v4}}'). Cancel this sales order s…
  s_c66389  validated    3 steps  3/3 (100%)
           In Odoo, open the Sales app and create a new quotation. Set the Customer to '{{v1}}' — it is an autocomplete d…
  s_cf60ca  validated    1 steps  3/3 (100%)
           Open {{v2}} in the browser. If a login page appears, sign in with username 'admin' and password 'admin'. Dismi…
  s_d12428  validated    3 steps  3/3 (100%)
           Open {{v2}} in the browser. If a login page appears, sign in with username 'admin' and password 'admin'. Dismi…
  s_d9d514  validated    1 steps  3/3 (100%)
           Open {{v2}} in the browser. If a login page appears, sign in with username 'admin' and password 'admin'. Dismi…
  s_df114b  validated    4 steps  3/3 (100%)
           In Odoo, open the existing draft quotation {{v1}} (customer '{{v2}}', two order lines: Acoustic Bloc Screens q…
  s_ef5478  validated    3 steps  3/3 (100%)
           Open {{v2}} in the browser. If a login page appears, sign in with username 'admin' and password 'admin'. Dismi…
  s_78eaaf  demoted     14 steps  1/2 (50%)
           In Odoo, open the existing draft quotation {{v1}} (customer '{{v2}}', currently one order line: {{v4}}, quanti…
  s_f92ff3  validated   14 steps  2/2 (100%)  variant of s_78eaaf
           In Odoo, open the existing draft quotation {{v1}} (customer '{{v2}} Bench Customer', currently one order line:…
  s_33ab77  demoted     18 steps  1/1 (100%)  variant of s_32409f
           In Odoo, open the existing draft quotation {{v1}} (customer '{{v2}} Bench Customer', two order lines: line 1 =…
  s_a62e59  demoted     30 steps  1/1 (100%)  variant of s_32409f
           In Odoo, open the existing draft quotation {{v1}} (customer '{{v2}} Bench Customer', two order lines: line 1 =…
store: /home/user/sitelooper/bench/results/fwod49-skills

summary: /home/user/sitelooper/bench/results/fwod49-sweep.json
