
[sweep] run 1/3: fwop8-n1 (store: /home/user/sitelooper/bench/results/fwop8-skills)
[harness] openproject: defaulting APP_URL
[harness] openproject: defaulting APP_EMAIL
[harness] openproject: defaulting APP_PASSWORD
[reset] openproject: no leftover bench work packages
[harness] openproject responded 302 at http://127.0.0.1:8090/
stopped: fwop8-n1
  flow "fwop8" saved: 5 step(s), vars runid → /home/user/sitelooper/bench/results/flows/fwop8.json
  warning: note: 01-signin no longer publishes work_package_count — no replay reads it from the page and the recording showed no line to read
  warning: note: 02-create no longer publishes type — no replay reads it from the page and the recording showed no line to read
  warning: note: 04-add no longer publishes assignee, assignee_aria_label — no replay reads them from the page and the recording showed no line to read
  warning: note: 05-open no longer publishes type, finish_date, breadcrumb_project_name — no replay reads them from the page and the recording showed no line to read
  warning: note: 02-create: added a read for creation_confirmation to s_dfeb16 (page.getByRole('alert', { name: 'Successful creation.', exact: true }); seen on the instruction's own page)
  warning: warning: 97 other value(s) the run saw survived unslotted, judged by shape only (usually page copy; non-fatal):
  flow.steps[0].instruction: "Bench Project" (output) in "Sign in to OpenProject at http://127.0.0.1:8090/ with username admin and password bench-admin-pass. Then open the project named 'Bench Project' and go to its wo"
  flow.steps[1].instruction: "Bench Project" (output) in "In the OpenProject project 'Bench Project', create a new work package of type 'Task' with subject exactly '{{runid}} Bench Work Package' and a description that "
  flow.steps[2].instruction: "Bench Project" (output) in "On the OpenProject work package {{02-create.work_package_id_display}} ('{{runid}} Bench Work Package') details page in Bench Project, make three edits (fields a"
  flow.steps[2].instruction: "In progress" (output) in "On the OpenProject work package {{02-create.work_package_id_display}} ('{{runid}} Bench Work Package') details page in Bench Project, make three edits (fields a"
  flow.steps[3].instruction: "Bench Project" (output) in "On the OpenProject work package {{02-create.work_package_id_display}} ('{{runid}} Bench Work Package') details page in Bench Project, add a comment whose text i"
arm=sitelooper model=z-ai/glm-5.3 runid=fwop8-n1 stop=completed
turns=6 wall=296.4s
commands=5 cmdTime=267.9s cmdBytes=7094 timeouts=0
orchestrator in=5331 cw=0 cr=17408 out=2284
inner prompt=1821380 cached=1672960 completion=23591
spend=$0.0638 maxUsd=3
learn: A_n=0 replayed=0/5 full=0 repaired=0 compiled=5 variants=0
-> /home/user/sitelooper/bench/results/fwop8-n1-sitelooper-result.json

fwop8-n1: objectives passed 7/7
  obj 1: PASS — all 3 seed subjects reported
  obj 2: PASS — type=Task, description includes runid=true
  obj 3: PASS — assignee=Bench Assignee
  obj 4: PASS — status=In progress
  obj 5: PASS — finish date=2026-12-31, want 2026-12-31
  obj 6: PASS — 1 comment(s), 1 carrying the runid
  obj 7: PASS — work package id 41 reported

[sweep] run 2/3: fwop8-n2 (replay flow fwop8, no orchestrator)
[reset] openproject: deleted 1 leftover bench work package(s)
[sweep] fwop8-n2: 2 drift ticket(s) → fwop8-n2-drift.json

fwop8-n2: objectives passed 7/7
  obj 1: PASS — all 3 seed subjects reported
  obj 2: PASS — type=Task, description includes runid=true
  obj 3: PASS — assignee=Bench Assignee
  obj 4: PASS — status=In progress
  obj 5: PASS — finish date=2026-12-31, want 2026-12-31
  obj 6: PASS — 1 comment(s), 1 carrying the runid
  obj 7: PASS — work package id 42 reported

[sweep] run 3/3: fwop8-n3 (replay flow fwop8, no orchestrator)
[reset] openproject: deleted 1 leftover bench work package(s)
[sweep] fwop8-n3: 2 drift ticket(s) → fwop8-n3-drift.json

fwop8-n3: objectives passed 7/7
  obj 1: PASS — all 3 seed subjects reported
  obj 2: PASS — type=Task, description includes runid=true
  obj 3: PASS — assignee=Bench Assignee
  obj 4: PASS — status=In progress
  obj 5: PASS — finish date=2026-12-31, want 2026-12-31
  obj 6: PASS — 1 comment(s), 1 carrying the runid
  obj 7: PASS — work package id 43 reported

Learning sweep fwop8 (K=3)
┌─────────┬───┬────────────┬──────────┬─────────────┬───────┬──────┬───────────┬─────┬──────────────┬────────┐
│ (index) │ n │ runid      │ verified │ stop        │ turns │ cmds │ total_usd │ A_n │ replayed     │ wall_s │
├─────────┼───┼────────────┼──────────┼─────────────┼───────┼──────┼───────────┼─────┼──────────────┼────────┤
│ 0       │ 1 │ 'fwop8-n1' │ '7/7'    │ 'completed' │ 6     │ 5    │ 0.0638    │ 0   │ '0/5'        │ 296    │
│ 1       │ 2 │ 'fwop8-n2' │ '7/7'    │ 'success'   │ 0     │ 5    │ 0         │ 1   │ '5/5 (flow)' │ 74     │
│ 2       │ 3 │ 'fwop8-n3' │ '7/7'    │ 'success'   │ 0     │ 5    │ 0         │ 1   │ '5/5 (flow)' │ 54     │
└─────────┴───┴────────────┴──────────┴─────────────┴───────┴──────┴───────────┴─────┴──────────────┴────────┘
http://127.0.0.1:8090
  s_0f2f21  validated    1 steps  3/3 (100%)
           Sign in to OpenProject at {{v1}} with username {{v2}} and password {{v3}}. Then open the project named 'Bench …
  s_17b231  validated    2 steps  3/3 (100%)
           In the OpenProject project 'Bench Project', create a new work package of type 'Task' with subject exactly '{{v…
  s_35de69  validated    1 steps  3/3 (100%)
           Open OpenProject work package {{v1}} in Bench Project ({{v3}}) and verify, reading from the live page: the sub…
  s_3a1be4  validated    7 steps  3/3 (100%)
           On the OpenProject work package {{v1}} ('{{v3}}') details page in Bench Project, add a comment whose text incl…
  s_3c4c96  validated    2 steps  3/3 (100%)
           Open OpenProject work package {{v1}} in Bench Project ({{v3}}) and verify, reading from the live page: the sub…
  s_3d3eaa  validated    1 steps  3/3 (100%)
           Sign in to OpenProject at {{v1}} with username {{v2}} and password {{v3}}. Then open the project named 'Bench …
  s_46fc16  validated    4 steps  3/3 (100%)
           In the OpenProject project 'Bench Project', create a new work package of type 'Task' with subject exactly '{{v…
  s_7470b9  validated    4 steps  3/3 (100%)
           On the OpenProject work package {{v1}} ('{{v3}}') details page in Bench Project, add a comment whose text incl…
  s_7e6e39  validated    1 steps  3/3 (100%)
           On the OpenProject work package {{v1}} ('{{v3}}') details page in Bench Project, add a comment whose text incl…
  s_9966ea  validated    2 steps  3/3 (100%)
           Sign in to OpenProject at {{v1}} with username {{v2}} and password {{v3}}. Then open the project named 'Bench …
  s_9b48d4  validated   15 steps  3/3 (100%)
           On the OpenProject work package {{v1}} ('{{v3}}') details page in Bench Project, make three edits (fields are …
  s_ca5287  validated    8 steps  3/3 (100%)
           Sign in to OpenProject at {{v1}} with username {{v2}} and password {{v3}}. Then open the project named 'Bench …
  s_dfeb16  validated    5 steps  3/3 (100%)
           In the OpenProject project 'Bench Project', create a new work package of type 'Task' with subject exactly '{{v…
  s_ee0486  validated    3 steps  3/3 (100%)
           Sign in to OpenProject at {{v1}} with username {{v2}} and password {{v3}}. Then open the project named 'Bench …
store: /home/user/sitelooper/bench/results/fwop8-skills

summary: /home/user/sitelooper/bench/results/fwop8-sweep.json
