
[sweep] run 1/3: fwop2-n1 (store: /home/user/sitelooper/bench/results/fwop2-skills)
[harness] openproject: defaulting APP_URL
[harness] openproject: defaulting APP_EMAIL
[harness] openproject: defaulting APP_PASSWORD
[reset] openproject: no leftover bench work packages
[harness] openproject responded 302 at http://127.0.0.1:8090/
stopped: fwop2-n1
  flow "fwop2" saved: 7 step(s), vars runid → /home/user/sitelooper/bench/results/flows/fwop2.json
  warning: note: dropped 1 locator candidate(s) carrying a value this run minted (known only by export time)
  warning: note: 01-signin no longer publishes project_url, work_packages_url, total_work_packages — no replay reads them from the page and the recording showed no line to read
  warning: note: 02-create no longer publishes wp_type — no replay reads it from the page and the recording showed no line to read
  warning: note: 03-open no longer publishes assignee_email — no replay reads it from the page and the recording showed no line to read
  warning: note: 04-open no longer publishes status_row_41, previous_status, other_rows_status — no replay reads them from the page and the recording showed no line to read
  warning: note: 05-open no longer publishes date_format, finish_date_input_value — no replay reads them from the page and the recording showed no line to read
  warning: note: 06-open no longer publishes comment_entry_aria_label, comment_anchor_id, comment_header_wording_shown — no replay reads them from the page and the recording showed no line to read
  warning: note: 07-open no longer publishes wp_assignee, wp_assignee_aria, wp_finish_date, wp_comment_anchor_id, seed_wp_38, seed_wp_39, seed_wp_40 — no replay reads them from the page and the recording showed no line to read
  warning: note: 01-signin: added a read for bench_project_link_text to s_4cfc2a (page.getByRole('button', { name: 'Bench Project', exact: true }), page.getByRole('link', { name: 'Bench Project', exact: true }); seen on the next instruction's start page)
  warning: note: 02-create: added a read for creation_confirmation to s_b8e345 (page.getByRole('alert', { name: 'Successful creation.', exact: true }); seen on the instruction's own page)
  warning: note: 03-open: added a read for update_confirmation to s_a1b879 (page.getByRole('alert', { name: 'Successful update.', exact: true }); seen on the instruction's own page)
  warning: note: 04-open: added a read for update_confirmation to s_dbdf87 (page.getByRole('alert', { name: 'Successful update.', exact: true }); seen on the instruction's own page)
  warning: note: 05-open: added a read for update_confirmation to s_3a7027 (page.getByRole('alert', { name: 'Successful update.', exact: true }); seen on the instruction's own page)
  warning: warning: 381 other value(s) the run saw survived unslotted, judged by shape only (usually page copy; non-fatal):
  flow.steps[0].instruction: "Bench Project" (output) in "Sign in to OpenProject at http://127.0.0.1:8090/ with username 'admin' and password 'bench-admin-pass'. After signing in, navigate to the project named 'Bench P"
  flow.steps[0].instruction: "Project" (output) in "Sign in to OpenProject at http://127.0.0.1:8090/ with username 'admin' and password 'bench-admin-pass'. After signing in, navigate to the project named 'Bench P"
  flow.steps[0].route: "http://127.0.0.1:8090/projects/bench-project/work_packages" (output) in "http://127.0.0.1:8090/projects/bench-project/work_packages"
  flow.steps[0].route: "http://127.0.0.1:8090/projects/bench-project" (output) in "http://127.0.0.1:8090/projects/bench-project/work_packages"
  flow.steps[0].route: "http://127.0.0.1:8090/projects" (output) in "http://127.0.0.1:8090/projects/bench-project/work_packages"
arm=sitelooper model=z-ai/glm-5.3 runid=fwop2-n1 stop=completed
turns=9 wall=431.3s
commands=8 cmdTime=379.6s cmdBytes=12629 timeouts=0
orchestrator in=17796 cw=0 cr=20864 out=2395
inner prompt=2426933 cached=2273408 completion=29050
spend=$0.0888 maxUsd=3
learn: A_n=0 replayed=0/7 full=0 repaired=0 compiled=7 variants=0
-> /home/user/sitelooper/bench/results/fwop2-n1-sitelooper-result.json

fwop2-n1: objectives passed 7/7
  obj 1: PASS — all 3 seed subjects reported
  obj 2: PASS — type=Task, description includes runid=true
  obj 3: PASS — assignee=Bench Assignee
  obj 4: PASS — status=In progress
  obj 5: PASS — finish date=2026-12-31, want 2026-12-31
  obj 6: PASS — 1 comment(s), 1 carrying the runid
  obj 7: PASS — work package id 41 reported

[sweep] run 2/3: fwop2-n2 (replay flow fwop2, no orchestrator)
[reset] openproject: deleted 1 leftover bench work package(s)
[sweep] fwop2-n2: 6 drift ticket(s) → fwop2-n2-drift.json

fwop2-n2: objectives passed 7/7
  obj 1: PASS — all 3 seed subjects reported
  obj 2: PASS — type=Task, description includes runid=true
  obj 3: PASS — assignee=Bench Assignee
  obj 4: PASS — status=In progress
  obj 5: PASS — finish date=2026-12-31, want 2026-12-31
  obj 6: PASS — 1 comment(s), 1 carrying the runid
  obj 7: PASS — work package id 42 reported

[sweep] run 3/3: fwop2-n3 (replay flow fwop2, no orchestrator)
[reset] openproject: deleted 1 leftover bench work package(s)
[sweep] fwop2-n3: 6 drift ticket(s) → fwop2-n3-drift.json

fwop2-n3: objectives passed 7/7
  obj 1: PASS — all 3 seed subjects reported
  obj 2: PASS — type=Task, description includes runid=true
  obj 3: PASS — assignee=Bench Assignee
  obj 4: PASS — status=In progress
  obj 5: PASS — finish date=2026-12-31, want 2026-12-31
  obj 6: PASS — 1 comment(s), 1 carrying the runid
  obj 7: PASS — work package id 43 reported

Learning sweep fwop2 (K=3)
┌─────────┬───┬────────────┬──────────┬─────────────┬───────┬──────┬───────────┬──────┬──────────────┬────────┐
│ (index) │ n │ runid      │ verified │ stop        │ turns │ cmds │ total_usd │ A_n  │ replayed     │ wall_s │
├─────────┼───┼────────────┼──────────┼─────────────┼───────┼──────┼───────────┼──────┼──────────────┼────────┤
│ 0       │ 1 │ 'fwop2-n1' │ '7/7'    │ 'completed' │ 9     │ 8    │ 0.0888    │ 0    │ '0/7'        │ 431    │
│ 1       │ 2 │ 'fwop2-n2' │ '7/7'    │ 'success'   │ 40    │ 7    │ 0.0199    │ 0.57 │ '7/7 (flow)' │ 188    │
│ 2       │ 3 │ 'fwop2-n3' │ '7/7'    │ 'success'   │ 15    │ 7    │ 0.0086    │ 0.71 │ '7/7 (flow)' │ 130    │
└─────────┴───┴────────────┴──────────┴─────────────┴───────┴──────┴───────────┴──────┴──────────────┴────────┘
http://127.0.0.1:8090
  s_076642  validated    1 steps  3/3 (100%)
           In OpenProject (already signed in as admin), open the work package with ID {{v2}} titled '{{v3}}' in project '…
  s_3a7027  validated    9 steps  3/3 (100%)
           In OpenProject (already signed in as admin), open the work package with ID {{v2}} titled '{{v3}}' in project '…
  s_5ae742  validated    3 steps  3/3 (100%)
           Sign in to OpenProject at http://127.0.0.1:8090/ with username '{{v1}}' and password '{{v2}}'. After signing i…
  s_71f332  provisional 13 steps  1/3 (33%)
           In OpenProject (already signed in as admin), open the work package with ID {{v2}} titled '{{v3}}' in project '…
  s_7d5c3a  validated    2 steps  3/3 (100%)
           Sign in to OpenProject at http://127.0.0.1:8090/ with username '{{v1}}' and password '{{v2}}'. After signing i…
  s_a1b879  validated    8 steps  3/3 (100%)
           In OpenProject (already signed in as admin), open the work package with ID {{v2}} titled '{{v3}}' in project '…
  s_b8e345  validated    7 steps  3/3 (100%)
           In the OpenProject project '{{v2}}' (already signed in as admin), create a new work package of type 'Task' wit…
  s_d44d43  validated    4 steps  3/3 (100%)
           In the OpenProject project '{{v2}}' (already signed in as admin), create a new work package of type 'Task' wit…
  s_daec4a  validated    2 steps  3/3 (100%)
           In the OpenProject project '{{v2}}' (already signed in as admin), create a new work package of type 'Task' wit…
  s_dbdf87  validated    7 steps  3/3 (100%)
           In OpenProject (already signed in as admin), open the work package with ID {{v2}} titled '{{v3}}' in project '…
  s_f4e3b6  demoted      6 steps  1/3 (33%)
           Sign in to OpenProject at http://127.0.0.1:8090/ with username '{{v1}}' and password '{{v2}}'. After signing i…
  s_95ef86  validated    3 steps  2/2 (100%)
           In OpenProject (already signed in as admin), open the work package with ID {{v1}} titled '{{v2}}' in project '…
  s_af59b7  validated    4 steps  2/2 (100%)
           In OpenProject (already signed in as admin), open the work package with ID {{v1}} titled '{{v2}}' in project '…
  s_1b01db  provisional  4 steps  1/1 (100%)
           In OpenProject (already signed in as admin), open the work package with ID {{v2}} titled '{{v3}}' in project '…
  s_1d0de8  provisional  1 steps  1/1 (100%)  variant of s_f4e3b6
           Sign in to OpenProject at http://127.0.0.1:8090/ with username 'admin' and password 'bench-admin-pass'. After …
  s_1e7225  provisional  1 steps  1/1 (100%)  variant of s_71f332
           In OpenProject (already signed in as admin), open the work package with ID {{v1}} titled '{{v2}}' in project '…
  s_40aaa9  provisional  1 steps  1/1 (100%)  variant of s_f4e3b6
           Sign in to OpenProject at http://127.0.0.1:8090/ with username 'admin' and password 'bench-admin-pass'. After …
  s_4cfc2a  provisional  5 steps  1/1 (100%)
           Sign in to OpenProject at http://127.0.0.1:8090/ with username '{{v1}}' and password '{{v2}}'. After signing i…
  s_53fc64  provisional  5 steps  1/1 (100%)  variant of s_71f332
           In OpenProject (already signed in as admin), open the work package with ID {{v1}} titled '{{v2}}' in project '…
  s_592d41  provisional  7 steps  1/1 (100%)  variant of s_71f332
           In OpenProject (already signed in as admin), open the work package with ID {{v1}} titled '{{v2}}' in project '…
  s_68d118  provisional  2 steps  1/1 (100%)  variant of s_71f332
           In OpenProject (already signed in as admin), open the work package with ID {{v1}} titled '{{v2}}' in project '…
  s_6f1e3a  provisional  1 steps  1/1 (100%)  variant of s_f4e3b6
           Sign in to OpenProject at http://127.0.0.1:8090/ with username 'admin' and password 'bench-admin-pass'. After …
  s_7dd3ca  provisional  1 steps  1/1 (100%)  variant of s_71f332
           In OpenProject (already signed in as admin), open the work package with ID {{v1}} titled '{{v2}}' in project '…
  s_839b31  provisional  9 steps  1/1 (100%)
           In OpenProject (already signed in as admin), open the work package with ID {{v2}} titled '{{v3}}' in project '…
  s_8a1f40  provisional  5 steps  1/1 (100%)  variant of s_71f332
           In OpenProject (already signed in as admin), open the work package with ID {{v1}} titled '{{v2}}' in project '…
  s_8c808f  provisional  1 steps  1/1 (100%)  variant of s_f4e3b6
           Sign in to OpenProject at http://127.0.0.1:8090/ with username 'admin' and password 'bench-admin-pass'. After …
  s_91b718  provisional  1 steps  1/1 (100%)  variant of s_f4e3b6
           Sign in to OpenProject at http://127.0.0.1:8090/ with username 'admin' and password 'bench-admin-pass'. After …
  s_c434fb  provisional  3 steps  1/1 (100%)  variant of s_f4e3b6
           Sign in to OpenProject at http://127.0.0.1:8090/ with username 'admin' and password 'bench-admin-pass'. After …
  s_e14429  provisional  5 steps  1/1 (100%)  variant of s_71f332
           In OpenProject (already signed in as admin), open the work package with ID {{v1}} titled '{{v2}}' in project '…
  s_e43a99  provisional  1 steps  1/1 (100%)
           Sign in to OpenProject at http://127.0.0.1:8090/ with username '{{v1}}' and password '{{v2}}'. After signing i…
  s_e5c5fa  provisional  2 steps  1/1 (100%)
           In OpenProject (already signed in as admin), open the work package with ID {{v2}} titled '{{v3}}' in project '…
  s_e60981  provisional  5 steps  1/1 (100%)  variant of s_f4e3b6
           Sign in to OpenProject at http://127.0.0.1:8090/ with username 'admin' and password 'bench-admin-pass'. After …
  s_ea399a  provisional  3 steps  1/1 (100%)
           In OpenProject (already signed in as admin), open the work package with ID {{v2}} titled '{{v3}}' in project '…
  s_f713b1  provisional 11 steps  1/1 (100%)  variant of s_f4e3b6
           Sign in to OpenProject at http://127.0.0.1:8090/ with username 'admin' and password 'bench-admin-pass'. After …
store: /home/user/sitelooper/bench/results/fwop2-skills

summary: /home/user/sitelooper/bench/results/fwop2-sweep.json
SWEEP_EXIT=0
