
Running 1 test using 1 worker

[sitelooper skip] 01-signin s_30d870/1: closes the dialog "Welcome to OpenProject, Bench Admin" with "Close", which is not open — already in effect
[sitelooper step] 01-signin
[sitelooper warn] 02-create s_e362f3/2: the page's alerts could not be observed in full after the action — whether it raised an alert is unknown, not clear
[sitelooper warn] 02-create s_18342c/2: the page's alerts could not be observed in full after the action — whether it raised an alert is unknown, not clear
[sitelooper warn] 02-create s_18342c/3: the page's alerts could not be observed in full after the action — whether it raised an alert is unknown, not clear
[sitelooper recipe] filled via recipe contenteditable/set-value (r_7b1e49); value verified on the component
[sitelooper warn] 02-create s_18342c/4: the page's alerts could not be observed in full after the action — whether it raised an alert is unknown, not clear
[sitelooper warn] 02-create s_18342c/5: read 'subject' returned a value the skill itself set/selected ('fwop26-spec Bench Work Package') — confirms the control, not persistence; dropped from the report's confident values
[sitelooper warn] 02-create s_18342c/6: read 'description' returned a value the skill itself set/selected ('Created for run fwop26-spec') — confirms the control, not persistence; dropped from the report's confident values
[sitelooper warn] step 02-create s_18342c/7: its recorded page change was found only by its full name, which is longer than the 80 characters a look names an element by
[sitelooper skip] 02-create s_e5c577/6 target: no locator recorded — value left empty
[sitelooper step] 02-create
[sitelooper warn] 03-open s_b35109/4: expected alert containing "Successful update."
[sitelooper warn] 03-open s_b35109/7: read 'finish_date_input_value' returned a value the skill itself set/selected ('2026-12-31') — confirms the control, not persistence; dropped from the report's confident values
[sitelooper warn] 03-open s_b35109/8: expected alert containing "Successful update."
[sitelooper skip] 03-open s_b35109/9 target: read target not found — value left empty
[sitelooper warn] 03-open s_b35109/13: read 'status_displayed' returned a value the skill itself set/selected ('In progress') — confirms the control, not persistence; dropped from the report's confident values
[sitelooper warn] 03-open: report value finish_date_typed_text is only what this run typed: no click's own diff showed it outside its control and no read returned it — withheld from the report (still given to a later step)
[sitelooper step] 03-open
[sitelooper recipe] filled via recipe contenteditable/set-value (r_7b1e49); value verified on the component
[sitelooper warn] 04-add s_91efe1/5: read 'comment_text_displayed' returned a value the skill itself set/selected ('Tracking run fwop26-spec.') — confirms the control, not persistence; dropped from the report's confident values
[sitelooper skip] 04-add s_84afcd/11 target: no locator recorded — value left empty
[sitelooper warn] 04-add: report value comment_text_entered is only what this run typed: no click's own diff showed it outside its control and no read returned it — withheld from the report (still given to a later step)
[sitelooper step] 04-add
  ✓  1 fwop26.spec.ts:9:1 › fwop26 (1.4m)

  1 passed (1.5m)
