
Running 1 test using 1 worker

[sitelooper drift] 01-signin s_bb4a93/3 target: primary locator('#spotModalTitle').first() missed; used #3 locator('[data-sitelooper-point="640,342"]') (#1 absent, #2 absent)
[sitelooper step] 01-signin
[sitelooper skip] 02-open s_df6df6/1: closes the dialog "Welcome to OpenProject, Bench Admin" with "Close", which is not open — already in effect
[sitelooper step] 02-open
[sitelooper warn] 03-create s_a592d2/2: the page's alerts could not be observed in full after the action — whether it raised an alert is unknown, not clear
[sitelooper warn] 03-create s_43755e/2: the page's alerts could not be observed in full after the action — whether it raised an alert is unknown, not clear
[sitelooper recipe] filled via recipe contenteditable/set-value (r_7b1e49); value verified on the component
[sitelooper warn] 03-create s_43755e/3: the page's alerts could not be observed in full after the action — whether it raised an alert is unknown, not clear
[sitelooper warn] step 03-create s_43755e/4: its recorded page change was found only by its full name, which is longer than the 80 characters a look names an element by
[sitelooper skip] 03-create s_e07309/9 target: no locator recorded — value left empty
[sitelooper step] 03-create
[sitelooper skip] 04-set s_987930/9 target: no locator recorded — value left empty
[sitelooper step] 04-set
[sitelooper warn] 05-change s_f8b198/7: read 'status_field_shows' returned a value the skill itself set/selected ('In progress') — confirms the control, not persistence; dropped from the report's confident values
[sitelooper skip] 05-change s_f8b198/9 target: no locator recorded — value left empty
[sitelooper skip] 05-change s_f8b198/10 target: no locator recorded — value left empty
[sitelooper step] 05-change
[sitelooper skip] 06-set s_3330ca/7 target: no locator recorded — value left empty
[sitelooper step] 06-set
[sitelooper recipe] filled via recipe contenteditable/set-value (r_7b1e49); value verified on the component
[sitelooper drift] 07-add s_4902e7/6 target: primary locator('#work-packages-activities-tab-journals-item-component-63 > div') missed; used #2 locator('[data-sitelooper-point="1072,434"]') (#1 absent)
[sitelooper warn] 07-add s_4902e7/6: read 'journal_entry_full_text' returned a value the skill itself set/selected ('Comment for run fwop18-spec') — confirms the control, not persistence; dropped from the report's confident values
[sitelooper warn] 07-add s_4902e7/14: read 'activity_tab_label' returned a value the skill itself set/selected ('ACTIVITY') — confirms the control, not persistence; dropped from the report's confident values
[sitelooper warn] 07-add s_4902e7/18: read 'comment_placeholder_text' returned a value the skill itself set/selected ('Add a comment. Type @ to notify people.') — confirms the control, not persistence; dropped from the report's confident values
[sitelooper step] 07-add
[sitelooper step] 08-open
  ✓  1 fwop18.spec.ts:9:1 › fwop18 (1.3m)

  1 passed (1.4m)
