
Running 1 test using 1 worker

[sitelooper skip] 01-open s_cb68f1/1: closes the dialog "Welcome to OpenProject, Bench Admin" with "Close", which is not open — already in effect
[sitelooper skip] 01-open s_cb68f1/5 target: no locator recorded — value left empty
[sitelooper step] 01-open
[sitelooper warn] 02-open s_152705/4: url segment(s) differ from recorded ({"c":["id","subject","type","status","assignee","priority"],"hi":true,"g":"","is":true,"tv":false,"hla":["status","priority","dueDate"],"t":"id:asc","f":[{"n":"status","o":"c","v":[]}],"ts":"PT0S","pp":20,"pa":1}→{"c":["id","subject","type","status","assignee","priority"],"hi":true,"g":"","is":true,"tv":false,"hla":["status","priority","dueDate"],"t":"id:asc","f":[{"n":"status","o":"o","v":[]}],"ts":"PT0S","pp":20,"pa":1}) — treated as volatile
[sitelooper warn] 02-open s_152705/10: read 'select' returned '0: Object' from a control this step set, and nothing committed it since — it shows the control, however the app formats it, not what the app stored; dropped from the report's confident values
[sitelooper step] 02-open
[sitelooper warn] 03-create s_8e5890/2: the page's alerts could not be observed in full after the action — whether it raised an alert is unknown, not clear
[sitelooper warn] 03-create s_41f785/1: the page's alerts could not be observed in full after the action — whether it raised an alert is unknown, not clear
[sitelooper warn] 03-create s_41f785/2: the page's alerts could not be observed in full after the action — whether it raised an alert is unknown, not clear
[sitelooper recipe] filled via recipe contenteditable/set-value (r_7b1e49); value verified on the component
[sitelooper warn] 03-create s_41f785/3: the page's alerts could not be observed in full after the action — whether it raised an alert is unknown, not clear
[sitelooper warn] 03-create s_41f785/4: read 'description_editor_text' returned a value the skill itself set/selected ('Bench work package for run fwop30-spec') — confirms the control, not persistence; dropped from the report's confident values
[sitelooper warn] step 03-create s_41f785/5: its recorded page change was found only by its full name, which is longer than the 80 characters a look names an element by
[sitelooper warn] 03-create: report value wp_description is only what this run typed: no click's own diff showed it outside its control and no read returned it — withheld from the report (still given to a later step)
[sitelooper step] 03-create
[sitelooper step] 04-set
[sitelooper warn] 05-change s_6ce3ce/4: expected alert containing "Successful update."
[sitelooper warn] 05-change s_6ce3ce/5: read 'status_field_value' returned a value the skill itself set/selected ('In progress') — confirms the control, not persistence; dropped from the report's confident values
[sitelooper step] 05-change
[sitelooper warn] 06-set s_5e7b80/3: read 'finish_date_input_value' returned a value the skill itself set/selected ('2026-12-31') — confirms the control, not persistence; dropped from the report's confident values
[sitelooper warn] 06-set s_5e7b80/4: expected alert containing "Successful update."
[sitelooper skip] 06-set s_5e7b80/7 target: no locator recorded — value left empty
[sitelooper step] 06-set
[sitelooper recipe] filled via recipe contenteditable/set-value (r_7b1e49); value verified on the component
[sitelooper warn] 07-add s_995d4f/4: read 'comment_editor_text' returned a value the skill itself set/selected ('Comment for run fwop30-spec') — confirms the control, not persistence; dropped from the report's confident values
[sitelooper warn] 07-add s_995d4f/7: read 'comment_text_displayed' returned a value the skill itself set/selected ('Add a comment. Type @ to notify people.') — confirms the control, not persistence; dropped from the report's confident values
[sitelooper step] 07-add
[sitelooper step] 08-open
  ✓  1 fwop30.spec.ts:9:1 › fwop30 (1.4m)

  1 passed (1.4m)
