
[sweep] run 1/3: fwop20-n1 (store: /home/user/sitelooper/bench/results/fwop20-skills)
[harness] openproject: defaulting APP_URL
[harness] openproject: defaulting APP_EMAIL
[harness] openproject: defaulting APP_PASSWORD
[reset] openproject: no leftover bench work packages
[harness] openproject responded 302 at http://127.0.0.1:8090/
stopped: fwop20-n1
  flow "fwop20" saved: 4 step(s), vars runid → /home/user/sitelooper/bench/results/flows/fwop20.json
  warning: note: 01-open no longer publishes seed_work_package_count, total_work_packages_in_view, bench_project_url — no replay reads them from the page and the recording showed no line to read
  warning: warning: 02-create's instruction asks to report type, and no replay can publish it: nothing in its procedure reads it from the page, so export dropped it — re-record the step so the value is read, not only reported
  warning: note: 02-create no longer publishes save_button_text — no replay reads it from the page and the recording showed no line to read
  warning: warning: 03-open's instruction asks to report type, and no replay can publish it: nothing in its procedure reads it from the page, so export dropped it — re-record the step so the value is read, not only reported
  warning: note: 03-open no longer publishes comment_author — no replay reads it from the page and the recording showed no line to read
  warning: warning: 04-open's instruction asks to report type, assignee, and no replay can publish them: nothing in its procedure reads them from the page, so export dropped them — re-record the step so the value is read, not only reported
  warning: note: 04-open no longer publishes seed_work_package_1, seed_work_package_2, seed_work_package_3, seed_work_packages, page_title_with_id — no replay reads them from the page and the recording showed no line to read
  warning: note: 01-open: added a read for bench_project_link_text to s_c93efd (page.getByRole('button', { name: 'Bench Project', exact: true }), page.getByRole('link', { name: 'Bench Project', exact: true }); seen on the next instruction's start page)
  warning: note: 02-create: added a read for save_alert to s_75aa3e (page.getByRole('alert', { name: 'Successful creation.', exact: true }); seen on the instruction's own page)
  warning: warning: 203 other value(s) the run saw survived unslotted, judged by shape only (usually page copy; non-fatal):
  flow.steps[0].instruction: "Bench Project" (output) in "Open http://127.0.0.1:8090/ and sign in with username admin and password {{env:APP_PASSWORD}} (type the password text exactly as given; it will be filled in aut"
  flow.steps[0].instruction: "Project" (output) in "Open http://127.0.0.1:8090/ and sign in with username admin and password {{env:APP_PASSWORD}} (type the password text exactly as given; it will be filled in aut"
  flow.steps[0].route: "http://127.0.0.1:8090/projects" (output) in "http://127.0.0.1:8090/projects/bench-project/work_packages"
  flow.steps[1].instruction: "Bench Assignee" (output) in "In the project Bench Project, create a new work package of type Task with subject exactly '{{runid}} Bench Work Package'. Set its description to text that inclu"
  flow.steps[1].instruction: "Bench Project" (output) in "In the project Bench Project, create a new work package of type Task with subject exactly '{{runid}} Bench Work Package'. Set its description to text that inclu"
arm=sitelooper model=z-ai/glm-5.3 runid=fwop20-n1 stop=completed
turns=5 wall=361.1s
commands=4 cmdTime=334.0s cmdBytes=7192 timeouts=0
orchestrator in=5586 cw=0 cr=13952 out=2220
inner prompt=1898220 cached=1754368 completion=25927
spend=$0.064 maxUsd=3
learn: A_n=0 replayed=0/4 full=0 repaired=0 compiled=4 variants=0
-> /home/user/sitelooper/bench/results/fwop20-n1-sitelooper-result.json

fwop20-n1: objectives passed 7/7
  obj 1: PASS — all 3 seed subjects reported
  obj 2: PASS — type=Task, description includes runid=true
  obj 3: PASS — assignee=Bench Assignee
  obj 4: PASS — status=In progress
  obj 5: PASS — finish date=2026-12-31, want 2026-12-31
  obj 6: PASS — 1 comment(s), 1 carrying the runid
  obj 7: PASS — work package id 41 reported

[sweep] run 2/3: fwop20-n2 (replay flow fwop20, no orchestrator)
[reset] openproject: deleted 1 leftover bench work package(s)
[sweep] fwop20-n2: 3 drift ticket(s) → fwop20-n2-drift.json

fwop20-n2: objectives passed 7/7
  obj 1: PASS — all 3 seed subjects reported
  obj 2: PASS — type=Task, description includes runid=true
  obj 3: PASS — assignee=Bench Assignee
  obj 4: PASS — status=In progress
  obj 5: PASS — finish date=2026-12-31, want 2026-12-31
  obj 6: PASS — 1 comment(s), 1 carrying the runid
  obj 7: PASS — work package id 42 reported

[sweep] run 3/3: fwop20-n3 (replay flow fwop20, no orchestrator)
[reset] openproject: deleted 1 leftover bench work package(s)
[sweep] fwop20-n3: 3 drift ticket(s) → fwop20-n3-drift.json

fwop20-n3: objectives passed 7/7
  obj 1: PASS — all 3 seed subjects reported
  obj 2: PASS — type=Task, description includes runid=true
  obj 3: PASS — assignee=Bench Assignee
  obj 4: PASS — status=In progress
  obj 5: PASS — finish date=2026-12-31, want 2026-12-31
  obj 6: PASS — 1 comment(s), 1 carrying the runid
  obj 7: PASS — work package id 43 reported

Learning sweep fwop20 (K=3)
┌─────────┬───┬─────────────┬──────────┬─────────────┬───────┬──────┬───────────┬─────┬──────────────┬────────┐
│ (index) │ n │ runid       │ verified │ stop        │ turns │ cmds │ total_usd │ A_n │ replayed     │ wall_s │
├─────────┼───┼─────────────┼──────────┼─────────────┼───────┼──────┼───────────┼─────┼──────────────┼────────┤
│ 0       │ 1 │ 'fwop20-n1' │ '7/7'    │ 'completed' │ 5     │ 4    │ 0.064     │ 0   │ '0/4'        │ 361    │
│ 1       │ 2 │ 'fwop20-n2' │ '7/7'    │ 'success'   │ 0     │ 4    │ 0         │ 1   │ '4/4 (flow)' │ 88     │
│ 2       │ 3 │ 'fwop20-n3' │ '7/7'    │ 'success'   │ 0     │ 4    │ 0         │ 1   │ '4/4 (flow)' │ 88     │
└─────────┴───┴─────────────┴──────────┴─────────────┴───────┴──────┴───────────┴─────┴──────────────┴────────┘
http://127.0.0.1:8090
  s_083ebf  validated    1 steps  3/3 (100%)
           Open the work package with ID {{v1}} in project {{v3}} (subject '{{v5}}') at its details/overview page. First …
  s_11273d  validated    3 steps  3/3 (100%)
           Open {{v1}} and sign in with username {{v2}} and password {{v3}} (type the password text exactly as given; it …
  s_130bdb  validated    1 steps  3/3 (100%)
           Final verification, read-only: In project {{v1}}, open the work packages list and confirm the seed work packag…
  s_33cf9e  validated    2 steps  3/3 (100%)
           In the project {{v1}}, create a new work package of type Task with subject exactly '{{v4}}'. Set its descripti…
  s_4141ec  validated    8 steps  3/3 (100%)
           Open the work package with ID {{v1}} in project {{v3}} (subject '{{v5}}') at its details/overview page. First …
  s_4f3303  validated    9 steps  3/3 (100%)
           Final verification, read-only: In project {{v1}}, open the work packages list and confirm the seed work packag…
  s_52e483  validated    4 steps  3/3 (100%)
           Final verification, read-only: In project {{v1}}, open the work packages list and confirm the seed work packag…
  s_75aa3e  validated    8 steps  3/3 (100%)
           In the project {{v1}}, create a new work package of type Task with subject exactly '{{v4}}'. Set its descripti…
  s_84b7d5  validated   15 steps  3/3 (100%)
           In the project {{v1}}, create a new work package of type Task with subject exactly '{{v4}}'. Set its descripti…
  s_8afc9b  validated    1 steps  3/3 (100%)
           Open {{v1}} and sign in with username {{v2}} and password {{v3}} (type the password text exactly as given; it …
  s_93c1a5  validated    4 steps  3/3 (100%)
           Final verification, read-only: In project {{v1}}, open the work packages list and confirm the seed work packag…
  s_b08a4c  validated    2 steps  3/3 (100%)
           Open {{v1}} and sign in with username {{v2}} and password {{v3}} (type the password text exactly as given; it …
  s_c93efd  validated   11 steps  3/3 (100%)
           Open {{v1}} and sign in with username {{v2}} and password {{v3}} (type the password text exactly as given; it …
  s_d789cc  validated    1 steps  3/3 (100%)
           Open {{v1}} and sign in with username {{v2}} and password {{v3}} (type the password text exactly as given; it …
  s_e621e9  validated    5 steps  3/3 (100%)
           Open the work package with ID {{v1}} in project {{v3}} (subject '{{v5}}') at its details/overview page. First …
  s_e8fe9e  validated    3 steps  3/3 (100%)
           Open {{v1}} and sign in with username {{v2}} and password {{v3}} (type the password text exactly as given; it …
store: /home/user/sitelooper/bench/results/fwop20-skills

summary: /home/user/sitelooper/bench/results/fwop20-sweep.json
