
[sweep] run 1/3: fwop5-n1 (store: /home/user/sitelooper/bench/results/fwop5-skills)
[harness] openproject: defaulting APP_URL
[harness] openproject: defaulting APP_EMAIL
[harness] openproject: defaulting APP_PASSWORD
[reset] openproject: no leftover bench work packages
[harness] openproject responded 302 at http://127.0.0.1:8090/
stopped: fwop5-n1
  flow "fwop5" saved: 5 step(s), vars runid → /home/user/sitelooper/bench/results/flows/fwop5.json
  warning: note: 01-open no longer publishes work_package_count_total, bench_project_url — no replay reads them from the page and the recording showed no line to read
  warning: note: 02-create no longer publishes toolbar_view_name_placeholder — no replay reads it from the page and the recording showed no line to read
  warning: note: 03-open no longer publishes type, update_feedback — no replay reads them from the page and the recording showed no line to read
  warning: note: 04-open no longer publishes comment_author — no replay reads it from the page and the recording showed no line to read
  warning: note: 05-open no longer publishes type, assignee, date_row_displayed, finish_date — no replay reads them from the page and the recording showed no line to read
  warning: note: 01-open: added a read for project to s_3e86cb (page.getByRole('button', { name: 'Bench Project', exact: true }), page.getByRole('link', { name: 'Bench Project', exact: true }); seen on the next instruction's start page)
  warning: note: 02-create: added a read for success_feedback to s_fea0b4 (page.getByRole('alert', { name: 'Successful creation.', exact: true }); seen on the instruction's own page)
  warning: warning: 220 other value(s) the run saw survived unslotted, judged by shape only (usually page copy; non-fatal):
  flow.steps[0].instruction: "Bench Project" (output) in "Open http://127.0.0.1:8090/ and sign in with username 'admin' and password 'bench-admin-pass'. After signing in, navigate to the project named 'Bench Project' a"
  flow.steps[0].instruction: "Project" (output) in "Open http://127.0.0.1:8090/ and sign in with username 'admin' and password 'bench-admin-pass'. After signing in, navigate to the project named 'Bench Project' a"
  flow.steps[0].route: "http://127.0.0.1:8090/projects" (output) in "http://127.0.0.1:8090/projects/bench-project/work_packages"
  flow.steps[1].instruction: "Bench Project" (output) in "In the project 'Bench Project' at http://127.0.0.1:8090, create a new work package of type 'Task' with subject exactly '{{runid}} Bench Work Package' and a desc"
  flow.steps[1].instruction: "Project" (output) in "In the project 'Bench Project' at http://127.0.0.1:8090, create a new work package of type 'Task' with subject exactly '{{runid}} Bench Work Package' and a desc"
arm=sitelooper model=z-ai/glm-5.3 runid=fwop5-n1 stop=completed
turns=6 wall=341.0s
commands=5 cmdTime=322.0s cmdBytes=9350 timeouts=0
orchestrator in=6024 cw=0 cr=18816 out=3083
inner prompt=1937089 cached=1792640 completion=29860
spend=$0.0724 maxUsd=3
learn: A_n=0 replayed=0/5 full=0 repaired=0 compiled=5 variants=0
-> /home/user/sitelooper/bench/results/fwop5-n1-sitelooper-result.json

fwop5-n1: objectives passed 7/7
  obj 1: PASS — all 3 seed subjects reported
  obj 2: PASS — type=Task, description includes runid=true
  obj 3: PASS — assignee=Bench Assignee
  obj 4: PASS — status=In progress
  obj 5: PASS — finish date=2026-12-31, want 2026-12-31
  obj 6: PASS — 1 comment(s), 1 carrying the runid
  obj 7: PASS — work package id 41 reported

[sweep] run 2/3: fwop5-n2 (replay flow fwop5, no orchestrator)
[reset] openproject: deleted 1 leftover bench work package(s)
[sweep] fwop5-n2: 2 drift ticket(s) → fwop5-n2-drift.json

fwop5-n2: objectives passed 7/7
  obj 1: PASS — all 3 seed subjects reported
  obj 2: PASS — type=Task, description includes runid=true
  obj 3: PASS — assignee=Bench Assignee
  obj 4: PASS — status=In progress
  obj 5: PASS — finish date=2026-12-31, want 2026-12-31
  obj 6: PASS — 1 comment(s), 1 carrying the runid
  obj 7: PASS — work package id 42 reported

[sweep] run 3/3: fwop5-n3 (replay flow fwop5, no orchestrator)
[reset] openproject: deleted 1 leftover bench work package(s)
[sweep] fwop5-n3: 3 drift ticket(s) → fwop5-n3-drift.json

fwop5-n3: objectives passed 7/7
  obj 1: PASS — all 3 seed subjects reported
  obj 2: PASS — type=Task, description includes runid=true
  obj 3: PASS — assignee=Bench Assignee
  obj 4: PASS — status=In progress
  obj 5: PASS — finish date=2026-12-31, want 2026-12-31
  obj 6: PASS — 1 comment(s), 1 carrying the runid
  obj 7: PASS — work package id 43 reported

Learning sweep fwop5 (K=3)
┌─────────┬───┬────────────┬──────────┬─────────────┬───────┬──────┬───────────┬─────┬──────────────┬────────┐
│ (index) │ n │ runid      │ verified │ stop        │ turns │ cmds │ total_usd │ A_n │ replayed     │ wall_s │
├─────────┼───┼────────────┼──────────┼─────────────┼───────┼──────┼───────────┼─────┼──────────────┼────────┤
│ 0       │ 1 │ 'fwop5-n1' │ '7/7'    │ 'completed' │ 6     │ 5    │ 0.0724    │ 0   │ '0/5'        │ 341    │
│ 1       │ 2 │ 'fwop5-n2' │ '7/7'    │ 'success'   │ 0     │ 5    │ 0         │ 1   │ '5/5 (flow)' │ 70     │
│ 2       │ 3 │ 'fwop5-n3' │ '7/7'    │ 'success'   │ 0     │ 5    │ 0         │ 1   │ '5/5 (flow)' │ 65     │
└─────────┴───┴────────────┴──────────┴─────────────┴───────┴──────┴───────────┴─────┴──────────────┴────────┘
http://127.0.0.1:8090
  s_0f73bf  validated    1 steps  3/3 (100%)
           Open the work package with ID {{v1}} (subject '{{v3}}') in project '{{v5}}' at http://127.0.0.1:8090. On its d…
  s_329f9c  validated    3 steps  3/3 (100%)
           Open {{v1}} and sign in with username '{{v2}}' and password '{{v3}}'. After signing in, navigate to the projec…
  s_3a6634  validated    3 steps  3/3 (100%)
           Open {{v1}} and sign in with username '{{v2}}' and password '{{v3}}'. After signing in, navigate to the projec…
  s_3d0ba8  validated    1 steps  3/3 (100%)
           Final verification, read-only, do not modify anything. At http://127.0.0.1:8090: 1) Open work package {{v1}} (…
  s_3e86cb  validated   15 steps  3/3 (100%)
           Open {{v1}} and sign in with username '{{v2}}' and password '{{v3}}'. After signing in, navigate to the projec…
  s_54ea98  validated   17 steps  3/3 (100%)
           Open the work package with ID {{v1}} (subject '{{v3}}') in project '{{v5}}' at http://127.0.0.1:8090. On its d…
  s_6a9b78  validated    1 steps  3/3 (100%)
           Final verification, read-only, do not modify anything. At http://127.0.0.1:8090: 1) Open work package {{v1}} (…
  s_6dedc4  validated    5 steps  3/3 (100%)
           Final verification, read-only, do not modify anything. At http://127.0.0.1:8090: 1) Open work package {{v1}} (…
  s_72f85a  validated    6 steps  3/3 (100%)
           In the project '{{v1}}' at http://127.0.0.1:8090, create a new work package of type 'Task' with subject exactl…
  s_73df53  validated    2 steps  3/3 (100%)
           In the project '{{v1}}' at http://127.0.0.1:8090, create a new work package of type 'Task' with subject exactl…
  s_74294d  validated    2 steps  3/3 (100%)
           Open {{v1}} and sign in with username '{{v2}}' and password '{{v3}}'. After signing in, navigate to the projec…
  s_9141d1  validated    1 steps  3/3 (100%)
           Open {{v1}} and sign in with username '{{v2}}' and password '{{v3}}'. After signing in, navigate to the projec…
  s_95a231  validated    1 steps  3/3 (100%)
           Open {{v1}} and sign in with username '{{v2}}' and password '{{v3}}'. After signing in, navigate to the projec…
  s_a23d69  validated    7 steps  3/3 (100%)
           Open the work package with ID {{v1}} (subject '{{v3}}') in project '{{v5}}' at http://127.0.0.1:8090. On its d…
  s_fea0b4  validated   10 steps  3/3 (100%)
           In the project '{{v1}}' at http://127.0.0.1:8090, create a new work package of type 'Task' with subject exactl…
  s_ffbca2  validated    1 steps  3/3 (100%)
           Final verification, read-only, do not modify anything. At http://127.0.0.1:8090: 1) Open work package {{v1}} (…
store: /home/user/sitelooper/bench/results/fwop5-skills

summary: /home/user/sitelooper/bench/results/fwop5-sweep.json
