[spec-replay] resetting openproject
[reset] openproject: no leftover bench work packages
[spec-replay] compiling: /opt/node22/bin/node /home/user/sitelooper/bin/sitelooper.js compile bench/results/flows/fwop24.json --out /home/user/sitelooper/bench/results/fwop24-spec-spec-tmp --overwrite-spec
facts http://127.0.0.1:8090: 33 relied (30 hard), 13 advisory
error 03-create: slot v2 is bound to {{01-signin.admin_first_name}}, and nothing has ever published admin_first_name
  why: nothing in 01-signin's procedure reads admin_first_name from the page, and no report value derives it from a parameter, so no run can publish it. The recording's own value is not a substitute: passing it would make every replay work run 1's record. 03-create types or locates by v2, so the artifact would stop here on every run, part-way through the flow and with everything earlier already done.
  fix: re-record 01-signin so it reads admin_first_name from an element (`sitelooper rerecord <flow file> 01-signin`), or take {{01-signin.admin_first_name}} out of 03-create's v2
error 03-create: slot v5 is bound to {{01-signin.admin_first_name}}, and nothing has ever published admin_first_name
  why: nothing in 01-signin's procedure reads admin_first_name from the page, and no report value derives it from a parameter, so no run can publish it. The recording's own value is not a substitute: passing it would make every replay work run 1's record. 03-create types or locates by v5, so the artifact would stop here on every run, part-way through the flow and with everything earlier already done.
  fix: re-record 01-signin so it reads admin_first_name from an element (`sitelooper rerecord <flow file> 01-signin`), or take {{01-signin.admin_first_name}} out of 03-create's v5
error 03-create: slot v6 is bound to {{01-signin.admin_first_name}}, and nothing has ever published admin_first_name
  why: nothing in 01-signin's procedure reads admin_first_name from the page, and no report value derives it from a parameter, so no run can publish it. The recording's own value is not a substitute: passing it would make every replay work run 1's record. 03-create types or locates by v6, so the artifact would stop here on every run, part-way through the flow and with everything earlier already done.
  fix: re-record 01-signin so it reads admin_first_name from an element (`sitelooper rerecord <flow file> 01-signin`), or take {{01-signin.admin_first_name}} out of 03-create's v6
error 04-open: slot v3 is bound to {{01-signin.admin_first_name}}, and nothing has ever published admin_first_name
  why: nothing in 01-signin's procedure reads admin_first_name from the page, and no report value derives it from a parameter, so no run can publish it. The recording's own value is not a substitute: passing it would make every replay work run 1's record. 04-open types or locates by v3, so the artifact would stop here on every run, part-way through the flow and with everything earlier already done.
  fix: re-record 01-signin so it reads admin_first_name from an element (`sitelooper rerecord <flow file> 01-signin`), or take {{01-signin.admin_first_name}} out of 04-open's v3
error 04-open: slot v5 is bound to {{01-signin.admin_first_name}}, and nothing has ever published admin_first_name
  why: nothing in 01-signin's procedure reads admin_first_name from the page, and no report value derives it from a parameter, so no run can publish it. The recording's own value is not a substitute: passing it would make every replay work run 1's record. 04-open types or locates by v5, so the artifact would stop here on every run, part-way through the flow and with everything earlier already done.
  fix: re-record 01-signin so it reads admin_first_name from an element (`sitelooper rerecord <flow file> 01-signin`), or take {{01-signin.admin_first_name}} out of 04-open's v5
error 05-open: slot v3 is bound to {{01-signin.admin_first_name}}, and nothing has ever published admin_first_name
  why: nothing in 01-signin's procedure reads admin_first_name from the page, and no report value derives it from a parameter, so no run can publish it. The recording's own value is not a substitute: passing it would make every replay work run 1's record. 05-open types or locates by v3, so the artifact would stop here on every run, part-way through the flow and with everything earlier already done.
  fix: re-record 01-signin so it reads admin_first_name from an element (`sitelooper rerecord <flow file> 01-signin`), or take {{01-signin.admin_first_name}} out of 05-open's v3
error 06-open: slot v3 is bound to {{01-signin.admin_first_name}}, and nothing has ever published admin_first_name
  why: nothing in 01-signin's procedure reads admin_first_name from the page, and no report value derives it from a parameter, so no run can publish it. The recording's own value is not a substitute: passing it would make every replay work run 1's record. 06-open types or locates by v3, so the artifact would stop here on every run, part-way through the flow and with everything earlier already done.
  fix: re-record 01-signin so it reads admin_first_name from an element (`sitelooper rerecord <flow file> 01-signin`), or take {{01-signin.admin_first_name}} out of 06-open's v3
error 07-open: slot v3 is bound to {{01-signin.admin_first_name}}, and nothing has ever published admin_first_name
  why: nothing in 01-signin's procedure reads admin_first_name from the page, and no report value derives it from a parameter, so no run can publish it. The recording's own value is not a substitute: passing it would make every replay work run 1's record. 07-open types or locates by v3, so the artifact would stop here on every run, part-way through the flow and with everything earlier already done.
  fix: re-record 01-signin so it reads admin_first_name from an element (`sitelooper rerecord <flow file> 01-signin`), or take {{01-signin.admin_first_name}} out of 07-open's v3
error 07-open: slot v5 is bound to {{01-signin.admin_first_name}}, and nothing has ever published admin_first_name
  why: nothing in 01-signin's procedure reads admin_first_name from the page, and no report value derives it from a parameter, so no run can publish it. The recording's own value is not a substitute: passing it would make every replay work run 1's record. 07-open types or locates by v5, so the artifact would stop here on every run, part-way through the flow and with everything earlier already done.
  fix: re-record 01-signin so it reads admin_first_name from an element (`sitelooper rerecord <flow file> 01-signin`), or take {{01-signin.admin_first_name}} out of 07-open's v5
error 07-open: slot v8 is bound to {{01-signin.admin_first_name}}, and nothing has ever published admin_first_name
  why: nothing in 01-signin's procedure reads admin_first_name from the page, and no report value derives it from a parameter, so no run can publish it. The recording's own value is not a substitute: passing it would make every replay work run 1's record. 07-open types or locates by v8, so the artifact would stop here on every run, part-way through the flow and with everything earlier already done.
  fix: re-record 01-signin so it reads admin_first_name from an element (`sitelooper rerecord <flow file> 01-signin`), or take {{01-signin.admin_first_name}} out of 07-open's v8
error 08-open: slot v3 is bound to {{01-signin.admin_first_name}}, and nothing has ever published admin_first_name
  why: nothing in 01-signin's procedure reads admin_first_name from the page, and no report value derives it from a parameter, so no run can publish it. The recording's own value is not a substitute: passing it would make every replay work run 1's record. 08-open types or locates by v3, so the artifact would stop here on every run, part-way through the flow and with everything earlier already done.
  fix: re-record 01-signin so it reads admin_first_name from an element (`sitelooper rerecord <flow file> 01-signin`), or take {{01-signin.admin_first_name}} out of 08-open's v3

nothing written: the error(s) above are about the RECORDING, not the app — a compiled spec would fail at a locator and read as drift.
re-record the step(s) with the fix command above.
sitelooper: refused: unsourced-ref — see the diagnostics above
[spec-replay] fwop24-spec: not compilable — result written (exit 2)
