
[sweep] run 1/3: fwop26-n1 (store: /home/user/sitelooper/bench/results/fwop26-skills)
[harness] openproject: defaulting APP_URL
[harness] openproject: defaulting APP_EMAIL
[harness] openproject: defaulting APP_PASSWORD
[reset] openproject: no leftover bench work packages
[harness] openproject responded 302 at http://127.0.0.1:8090/
stopped: fwop26-n1
  flow "fwop26" saved: 4 step(s), vars runid → /home/user/sitelooper/bench/results/flows/fwop26.json
  warning: note: 01-signin no longer publishes count_of_seed_work_packages, total_work_packages_in_list, project_url — no replay reads them from the page and the recording showed no line to read
  warning: note: 02-create no longer publishes type — no replay reads it from the page and the recording showed no line to read
  warning: note: 04-add no longer publishes page_title_2 — no replay reads it from the page and the recording showed no line to read
  warning: note: 01-signin: added a read for project_link_text to s_1b28e7 (page.getByRole('button', { name: 'Bench Project', exact: true }), page.getByRole('link', { name: 'Bench Project', exact: true }); seen on the next instruction's start page)
  warning: note: 02-create: added a read for confirmation_alert to s_e5c577 (page.getByRole('alert', { name: 'Successful creation.', exact: true }); seen on the instruction's own page)
  warning: warning: 164 other value(s) the run saw survived unslotted, judged by shape only (usually page copy; non-fatal):
  flow.steps[0].instruction: "Bench Project" (output) in "Sign in to OpenProject at http://127.0.0.1:8090/ with username admin and password typed exactly as the literal text {{env:APP_PASSWORD}} (it auto-fills; do not "
  flow.steps[0].instruction: "Project" (output) in "Sign in to OpenProject at http://127.0.0.1:8090/ with username admin and password typed exactly as the literal text {{env:APP_PASSWORD}} (it auto-fills; do not "
  flow.steps[0].route: "http://127.0.0.1:8090/projects" (output) in "http://127.0.0.1:8090/projects/bench-project/work_packages"
  flow.steps[1].instruction: "Bench Project" (output) in "In project Bench Project, create a new work package of type Task with subject exactly '{{runid}} Bench Work Package' and a description that includes the text {{"
  flow.steps[1].instruction: "Project" (output) in "In project Bench Project, create a new work package of type Task with subject exactly '{{runid}} Bench Work Package' and a description that includes the text {{"
arm=sitelooper model=z-ai/glm-5.3 runid=fwop26-n1 stop=completed
turns=5 wall=331.0s
commands=4 cmdTime=315.7s cmdBytes=7543 timeouts=0
orchestrator in=4211 cw=0 cr=14400 out=694
inner prompt=1656796 cached=1533568 completion=19968
spend=$0.0481 maxUsd=3
learn: A_n=0 replayed=0/4 full=0 repaired=0 compiled=4 variants=0
-> /home/user/sitelooper/bench/results/fwop26-n1-sitelooper-result.json

fwop26-n1: objectives passed 7/7
  obj 1: PASS — all 3 seed subjects reported
  obj 2: PASS — type=Task, description includes runid=true
  obj 3: PASS — assignee=Bench Assignee
  obj 4: PASS — status=In progress
  obj 5: PASS — finish date=2026-12-31, want 2026-12-31
  obj 6: PASS — 1 comment(s), 1 carrying the runid
  obj 7: PASS — work package id 41 reported

[sweep] run 2/3: fwop26-n2 (replay flow fwop26, no orchestrator)
[reset] openproject: deleted 1 leftover bench work package(s)
[sweep] fwop26-n2: 3 drift ticket(s) → fwop26-n2-drift.json

fwop26-n2: objectives passed 7/7
  obj 1: PASS — all 3 seed subjects reported
  obj 2: PASS — type=Task, description includes runid=true
  obj 3: PASS — assignee=Bench Assignee
  obj 4: PASS — status=In progress
  obj 5: PASS — finish date=2026-12-31, want 2026-12-31
  obj 6: PASS — 1 comment(s), 1 carrying the runid
  obj 7: PASS — work package id 42 reported

[sweep] run 3/3: fwop26-n3 (replay flow fwop26, no orchestrator)
[reset] openproject: deleted 1 leftover bench work package(s)
[sweep] fwop26-n3: 4 drift ticket(s) → fwop26-n3-drift.json

fwop26-n3: objectives passed 7/7
  obj 1: PASS — all 3 seed subjects reported
  obj 2: PASS — type=Task, description includes runid=true
  obj 3: PASS — assignee=Bench Assignee
  obj 4: PASS — status=In progress
  obj 5: PASS — finish date=2026-12-31, want 2026-12-31
  obj 6: PASS — 1 comment(s), 1 carrying the runid
  obj 7: PASS — work package id 43 reported

Learning sweep fwop26 (K=3)
┌─────────┬───┬─────────────┬──────────┬─────────────┬───────┬──────┬───────────┬─────┬──────────────┬────────┐
│ (index) │ n │ runid       │ verified │ stop        │ turns │ cmds │ total_usd │ A_n │ replayed     │ wall_s │
├─────────┼───┼─────────────┼──────────┼─────────────┼───────┼──────┼───────────┼─────┼──────────────┼────────┤
│ 0       │ 1 │ 'fwop26-n1' │ '7/7'    │ 'completed' │ 5     │ 4    │ 0.0481    │ 0   │ '0/4'        │ 331    │
│ 1       │ 2 │ 'fwop26-n2' │ '7/7'    │ 'success'   │ 0     │ 4    │ 0         │ 1   │ '4/4 (flow)' │ 104    │
│ 2       │ 3 │ 'fwop26-n3' │ '7/7'    │ 'success'   │ 0     │ 4    │ 0         │ 1   │ '4/4 (flow)' │ 107    │
└─────────┴───┴─────────────┴──────────┴─────────────┴───────┴──────┴───────────┴─────┴──────────────┴────────┘
http://127.0.0.1:8090
  s_18342c  validated    7 steps  3/3 (100%)
           In project {{v1}}, create a new work package of type Task with subject exactly '{{v4}}' and a description that…
  s_1b28e7  validated   11 steps  3/3 (100%)
           Sign in to OpenProject at {{v1}} with username {{v2}} and password typed exactly as the literal text {{v3}} (i…
  s_2f9626  validated    1 steps  3/3 (100%)
           On work package {{v1}} in {{v3}}, add a comment whose text includes '{{v5}}' (e.g. '{{v6}}') and save it. Then…
  s_30d870  validated    2 steps  3/3 (100%)
           Sign in to OpenProject at {{v1}} with username {{v2}} and password typed exactly as the literal text {{v3}} (i…
  s_84afcd  validated   12 steps  3/3 (100%)
           On work package {{v1}} in {{v3}}, add a comment whose text includes '{{v5}}' (e.g. '{{v6}}') and save it. Then…
  s_91efe1  validated    7 steps  3/3 (100%)
           On work package {{v1}} in {{v3}}, add a comment whose text includes '{{v5}}' (e.g. '{{v6}}') and save it. Then…
  s_9d225e  validated    3 steps  3/3 (100%)
           Sign in to OpenProject at {{v1}} with username {{v2}} and password typed exactly as the literal text {{v3}} (i…
  s_a01f0e  validated    1 steps  3/3 (100%)
           Sign in to OpenProject at {{v1}} with username {{v2}} and password typed exactly as the literal text {{v3}} (i…
  s_b35109  validated   15 steps  3/3 (100%)
           Open work package {{v1}} (subject '{{v3}}') in project {{v5}}. Set the assignee to the user 'Bench Assignee' —…
  s_cbf127  validated    1 steps  3/3 (100%)
           Sign in to OpenProject at {{v1}} with username {{v2}} and password typed exactly as the literal text {{v3}} (i…
  s_db0e77  validated    1 steps  3/3 (100%)
           On work package {{v1}} in {{v3}}, add a comment whose text includes '{{v5}}' (e.g. '{{v6}}') and save it. Then…
  s_e362f3  validated    2 steps  3/3 (100%)
           In project {{v1}}, create a new work package of type Task with subject exactly '{{v4}}' and a description that…
  s_e5c577  validated    6 steps  3/3 (100%)
           In project {{v1}}, create a new work package of type Task with subject exactly '{{v4}}' and a description that…
  s_ea3303  validated    2 steps  3/3 (100%)
           Sign in to OpenProject at {{v1}} with username {{v2}} and password typed exactly as the literal text {{v3}} (i…
  s_f50b34  validated    1 steps  3/3 (100%)
           On work package {{v1}} in {{v3}}, add a comment whose text includes '{{v5}}' (e.g. '{{v6}}') and save it. Then…
store: /home/user/sitelooper/bench/results/fwop26-skills

summary: /home/user/sitelooper/bench/results/fwop26-sweep.json
SWEEP_EXIT_CODE:0
