
Running 1 test using 1 worker

[sitelooper skip] 01-signin s_cb6ee4/1: closes the dialog "Welcome to OpenProject, Bench Admin" with "Close", which is not open — already in effect
[sitelooper skip] 01-signin s_cb6ee4/5 target: no locator recorded — value left empty
[sitelooper warn] 01-signin: report value username_used is only what this run typed: no click's own diff showed it outside its control and no read returned it — withheld from the report (still given to a later step)
[sitelooper step] 01-signin
[sitelooper step] 02-find
[sitelooper recipe] filled via recipe contenteditable/set-value (r_7b1e49); value verified on the component
[sitelooper warn] 03-create s_83ad38/3: read 'displayed_description' returned a value the skill itself set/selected ('Created by run fwop35-luna-spec for verification.') — confirms the control, not persistence; dropped from the report's confident values
[sitelooper skip] 03-create s_37e79a/10 target: no locator recorded — value left empty
[sitelooper skip] 03-create s_37e79a/12 target: no locator recorded — value left empty
[sitelooper step] 03-create
[sitelooper step] 04-verify
[sitelooper warn] 05-change s_1521fd/3: read 'status_saved' returned a value the skill itself set/selected ('In progress') — confirms the control, not persistence; dropped from the report's confident values
[sitelooper warn] 05-change s_1521fd/4: read 'status_saved' returned a value the skill itself set/selected ('In progress') — confirms the control, not persistence; dropped from the report's confident values
[sitelooper skip] 05-change s_1521fd/8 target: no locator recorded — value left empty
[sitelooper skip] 05-change s_1521fd/9 target: no locator recorded — value left empty
[sitelooper skip] 05-change s_1521fd/10 target: no locator recorded — value left empty
[sitelooper skip] 05-change s_1521fd/11 target: no locator recorded — value left empty
[sitelooper skip] 05-change s_1521fd/12 target: no locator recorded — value left empty
[sitelooper step] 05-change
[sitelooper warn] 06-set s_6d4ffc/3: read 'finish_date_entered' returned a value the skill itself set/selected ('2026-12-31') — confirms the control, not persistence; dropped from the report's confident values
[sitelooper skip] 06-set s_6d4ffc/10 target: no locator recorded — value left empty
[sitelooper step] 06-set
[sitelooper recipe] filled via recipe contenteditable/set-value (r_7b1e49); value verified on the component
[sitelooper warn] 07-add s_ea9bee/3: read 'comment_submitted' returned a value the skill itself set/selected ('Comment added by run fwop35-luna-spec for verification.') — confirms the control, not persistence; dropped from the report's confident values
[sitelooper warn] 07-add s_ea9bee/5: read 'comment_submitted' returned a value the skill itself set/selected ('Comment added by run fwop35-luna-spec for verification.') — confirms the control, not persistence; dropped from the report's confident values
[sitelooper warn] 07-add s_ea9bee/6: read 'comment_submitted' returned a value the skill itself set/selected ('Comment added by run fwop35-luna-spec for verification.') — confirms the control, not persistence; dropped from the report's confident values
[sitelooper step] 07-add
[sitelooper probe] 03-create: http://127.0.0.1:8090/projects/bench-project/work_packages/details/44/overview?query_props=%7B%22c%22%3A%5B%22id%22%2C%22subject%22%2C%22type%22%2C%22status%22%2C%22assignee%22%2C%22priority%22%5D%2C%22hi%22%3Atrue%2C%22g%22%3A%22%22%2C%22is%22%3Atrue%2C%22tv%22%3Afalse%2C%22hla%22%3A%5B%22status%22%2C%22priority%22%2C%22dueDate%22%5D%2C%22t%22%3A%22id%3Aasc%22%2C%22f%22%3A%5B%5D%2C%22ts%22%3A%22PT0S%22%2C%22pp%22%3A20%2C%22pa%22%3A1%7D still shows what it saved
  ✓  1 fwop35-luna.spec.ts:9:1 › fwop35-luna (1.4m)

  1 passed (1.4m)
