
[sweep] run 1/3: fwop24-n1 (store: /home/user/sitelooper/bench/results/fwop24-skills)
[harness] openproject: defaulting APP_URL
[harness] openproject: defaulting APP_EMAIL
[harness] openproject: defaulting APP_PASSWORD
[reset] openproject: no leftover bench work packages
[harness] openproject responded 302 at http://127.0.0.1:8090/
stopped: fwop24-n1
  flow "fwop24" saved: 8 step(s), vars runid → /home/user/sitelooper/bench/results/flows/fwop24.json
  warning: note: 01-signin no longer publishes landing_page, signed_in_as, admin_rights_visible, account_settings_username_value, admin_last_name, admin_email — no replay reads them from the page and the recording showed no line to read
  warning: note: 03-create no longer publishes wp41_priority, wp41_status_initial — no replay reads them from the page and the recording showed no line to read
  warning: note: 07-open no longer publishes activity_entry_shown — no replay reads it from the page and the recording showed no line to read
  warning: warning: 08-open's instruction asks to report g_finish_date, and no replay can publish it: nothing in its procedure reads it from the page, so export dropped it — re-record the step so the value is read, not only reported
  warning: warning: 146 other value(s) the run saw survived unslotted, judged by shape only (usually page copy; non-fatal):
  flow.steps[0].instruction: "admin" (output) in "Sign in to OpenProject with username 'admin' and password '{{env:APP_PASSWORD}}' (type the password text exactly as given, it will be filled in automatically). "
  flow.steps[1].instruction: "Project" (output) in "Navigate to the project named '{{01-signin.admin_first_name}} Project' in OpenProject and open its work packages list. Find all work packages whose subject star"
  flow.steps[2].instruction: "Project" (output) in "In the OpenProject project '{{01-signin.admin_first_name}} Project', create a new work package of type 'Task' with subject exactly '{{runid}} {{01-signin.admin_"
  flow.steps[2].params.v2: "Project" (output) in "{{01-signin.admin_first_name}} Project"
  flow.steps[3].instruction: "Project" (output) in "Open work package {{03-create.wp41_id}} ('{{runid}} {{01-signin.admin_first_name}} Work Package') in the OpenProject project '{{01-signin.admin_first_name}} Pro"
  warning: {{01-signin.admin_first_name}} (used by 02-open) can only be re-observed by model recovery, and 02-open's procedure types or locates by it — so `sitelooper spec` will REFUSE to compile this flow (unsourced-ref) until 01-signin reads admin_first_name from an element. Re-record 01-signin now, while this session is still open.
  warning: 01-signin reports admin_first_name, but no segment of the procedure it pins (s_9da57d, through its last segment s_57e222) re-reads it from the page — a replay without the model will succeed without that value; re-record so a read for it lands in s_57e222.
arm=sitelooper model=z-ai/glm-5.3 runid=fwop24-n1 stop=completed
turns=11 wall=509.9s
commands=9 cmdTime=474.0s cmdBytes=8521 timeouts=0
orchestrator in=22478 cw=0 cr=23680 out=2452
inner prompt=3287861 cached=3085824 completion=31989
spend=$0.1078 maxUsd=3
learn: A_n=0 replayed=0/8 full=0 repaired=0 compiled=8 variants=0
-> /home/user/sitelooper/bench/results/fwop24-n1-sitelooper-result.json

fwop24-n1: objectives passed 7/7
  obj 1: PASS — all 3 seed subjects reported
  obj 2: PASS — type=Task, description includes runid=true
  obj 3: PASS — assignee=Bench Assignee
  obj 4: PASS — status=In progress
  obj 5: PASS — finish date=2026-12-31, want 2026-12-31
  obj 6: PASS — 1 comment(s), 1 carrying the runid
  obj 7: PASS — work package id 41 reported

[sweep] run 2/3: fwop24-n2 (replay flow fwop24, no orchestrator)
[reset] openproject: deleted 1 leftover bench work package(s)
[sweep] fwop24-n2: 7 drift ticket(s) → fwop24-n2-drift.json

fwop24-n2: objectives passed 1/7
  obj 1: PASS — all 3 seed subjects reported
  obj 2: FAIL — work package not found
  obj 3: FAIL — no work package
  obj 4: FAIL — no work package
  obj 5: FAIL — no work package
  obj 6: FAIL — no work package
  obj 7: FAIL — no work package to report

[sweep] run 3/3: fwop24-n3 (replay flow fwop24, no orchestrator)
[reset] openproject: no leftover bench work packages
[sweep] fwop24-n3: 8 drift ticket(s) → fwop24-n3-drift.json

fwop24-n3: objectives passed 1/7
  obj 1: PASS — all 3 seed subjects reported
  obj 2: FAIL — work package not found
  obj 3: FAIL — no work package
  obj 4: FAIL — no work package
  obj 5: FAIL — no work package
  obj 6: FAIL — no work package
  obj 7: FAIL — no work package to report

Learning sweep fwop24 (K=3)
┌─────────┬───┬─────────────┬──────────┬─────────────┬───────┬──────┬───────────┬──────┬──────────────┬────────┐
│ (index) │ n │ runid       │ verified │ stop        │ turns │ cmds │ total_usd │ A_n  │ replayed     │ wall_s │
├─────────┼───┼─────────────┼──────────┼─────────────┼───────┼──────┼───────────┼──────┼──────────────┼────────┤
│ 0       │ 1 │ 'fwop24-n1' │ '7/7'    │ 'completed' │ 11    │ 9    │ 0.1078    │ 0    │ '0/8'        │ 510    │
│ 1       │ 2 │ 'fwop24-n2' │ '1/7'    │ 'success'   │ 98    │ 8    │ 0.0647    │ 0.13 │ '8/8 (flow)' │ 487    │
│ 2       │ 3 │ 'fwop24-n3' │ '1/7'    │ 'success'   │ 79    │ 8    │ 0.0384    │ 0.13 │ '8/8 (flow)' │ 271    │
└─────────┴───┴─────────────┴──────────┴─────────────┴───────┴──────┴───────────┴──────┴──────────────┴────────┘
http://127.0.0.1:8090
  s_54aff9  validated    3 steps  3/3 (100%)
           Sign in to OpenProject with username 'admin' and password '{{v1}}' (type the password text exactly as given, i…
  s_555597  validated    1 steps  2/3 (67%)
           Open work package {{v1}} ('{{v3}}') in the OpenProject project '{{v7}}' and read back its details page without…
  s_57e222  validated    2 steps  3/3 (100%)
           Sign in to OpenProject with username 'admin' and password '{{v1}}' (type the password text exactly as given, i…
  s_9da57d  validated    3 steps  3/3 (100%)
           Sign in to OpenProject with username 'admin' and password '{{v1}}' (type the password text exactly as given, i…
  s_bb8830  validated    1 steps  3/3 (100%)
           Open work package {{v1}} ('{{v3}}') in the OpenProject project '{{v7}}'. Add a comment to it whose text includ…
  s_ca3976  validated    4 steps  3/3 (100%)
           Open work package {{v1}} ('{{v3}}') in the OpenProject project '{{v7}}'. Set its Finish date to 2026-12-31 usi…
  s_f34ac3  validated    4 steps  3/3 (100%)
           Open work package {{v1}} ('{{v3}}') in the OpenProject project '{{v7}}'. Change its Status to 'In progress' us…
  s_f5c500  validated    5 steps  3/3 (100%)
           Open work package {{v1}} ('{{v3}}') in the OpenProject project '{{v7}}'. Set its Assignee to the user '{{v5}} …
  s_6ccf9f  validated    2 steps  2/2 (100%)  variant of s_b9f244
           Navigate to the project named ''Bench' (recorded when this flow was made; this run's value may differ — check …
  s_b9f244  provisional  9 steps  1/2 (50%)
           Navigate to the project named '{{v1}} Project' in OpenProject and open its work packages list. Find all work p…
  s_bec392  provisional  2 steps  1/2 (50%)
           In the OpenProject project ''Bench' (recorded when this flow was made; this run's value may differ — check the…
  s_0878ee  provisional  1 steps  1/1 (100%)
           Navigate to the project named '{{v1}} Project' in OpenProject and open its work packages list. Find all work p…
  s_0ceaf4  provisional  6 steps  1/1 (100%)
           In the OpenProject project ''Bench' (recorded when this flow was made; this run's value may differ — check the…
  s_16b47e  provisional  2 steps  1/1 (100%)  variant of s_555597
           Open work package {{v1}} ('{{v2}} 'Bench' (recorded when this flow was made; this run's value may differ — che…
  s_1aee0b  provisional  2 steps  1/1 (100%)
           In the OpenProject project '{{v2}}', create a new work package of type 'Task' with subject exactly '{{v5}}' an…
  s_24d84d  provisional  4 steps  1/1 (100%)
           In the OpenProject project ''Bench' (recorded when this flow was made; this run's value may differ — check the…
  s_33c56f  provisional  5 steps  1/1 (100%)
           In the OpenProject project '{{v2}}', create a new work package of type 'Task' with subject exactly '{{v5}}' an…
  s_475cd9  provisional  2 steps  1/1 (100%)  variant of s_555597
           Open work package {{v1}} ('{{v2}} 'Bench' (recorded when this flow was made; this run's value may differ — che…
  s_56f7ce  provisional  1 steps  1/1 (100%)
           Navigate to the project named '{{v1}} Project' in OpenProject and open its work packages list. Find all work p…
  s_6013e1  provisional 13 steps  1/1 (100%)  variant of s_b9f244
           Navigate to the project named ''Bench' (recorded when this flow was made; this run's value may differ — check …
  s_630306  provisional  1 steps  1/1 (100%)  variant of s_b9f244
           Navigate to the project named ''Bench' (recorded when this flow was made; this run's value may differ — check …
  s_67699f  provisional  1 steps  1/1 (100%)  variant of s_555597
           Open work package {{v1}} ('{{v2}} 'Bench' (recorded when this flow was made; this run's value may differ — che…
  s_6c7dd3  provisional  9 steps  1/1 (100%)
           Open work package {{v1}} ('{{v2}} 'Bench' (recorded when this flow was made; this run's value may differ — che…
  s_726a3c  provisional  3 steps  1/1 (100%)
           Navigate to the project named '{{v1}} Project' in OpenProject and open its work packages list. Find all work p…
  s_7517aa  provisional  8 steps  1/1 (100%)
           Open work package {{v1}} ('{{v3}}') in the OpenProject project '{{v7}}' and read back its details page without…
  s_755404  provisional  6 steps  1/1 (100%)
           Open work package {{v1}} ('{{v3}}') in the OpenProject project '{{v7}}'. Add a comment to it whose text includ…
  s_794a63  provisional  1 steps  1/1 (100%)  variant of s_555597
           Open work package {{v1}} ('{{v2}} 'Bench' (recorded when this flow was made; this run's value may differ — che…
  s_9220a4  provisional  1 steps  1/1 (100%)
           Open work package {{v1}} ('{{v2}} 'Bench' (recorded when this flow was made; this run's value may differ — che…
  s_9d244d  provisional  1 steps  1/1 (100%)
           Open work package {{v1}} ('{{v3}}') in the OpenProject project '{{v7}}' and read back its details page without…
  s_a86584  provisional  7 steps  1/1 (100%)
           In the OpenProject project ''Bench' (recorded when this flow was made; this run's value may differ — check the…
  s_a939ba  provisional  7 steps  1/1 (100%)
           In the OpenProject project ''Bench' (recorded when this flow was made; this run's value may differ — check the…
  s_bace11  provisional  2 steps  1/1 (100%)
           In the OpenProject project ''Bench' (recorded when this flow was made; this run's value may differ — check the…
  s_cb182a  provisional  1 steps  1/1 (100%)
           Open work package {{v1}} ('{{v2}} 'Bench' (recorded when this flow was made; this run's value may differ — che…
  s_d62094  provisional  5 steps  1/1 (100%)
           Open work package {{v1}} ('{{v2}} 'Bench' (recorded when this flow was made; this run's value may differ — che…
  s_db2fcc  provisional  1 steps  1/1 (100%)  variant of s_b9f244
           Navigate to the project named ''Bench' (recorded when this flow was made; this run's value may differ — check …
  s_ee6128  provisional  5 steps  1/1 (100%)
           In the OpenProject project '{{v2}}', create a new work package of type 'Task' with subject exactly '{{v5}}' an…
  s_fd5e08  provisional  7 steps  1/1 (100%)  variant of s_555597
           Open work package {{v1}} ('{{v2}} 'Bench' (recorded when this flow was made; this run's value may differ — che…
store: /home/user/sitelooper/bench/results/fwop24-skills

summary: /home/user/sitelooper/bench/results/fwop24-sweep.json
