
Running 1 test using 1 worker

[sitelooper skip] 01-signin s_ec71b3/1: closes the dialog "Welcome to OpenProject, Bench Admin" with "Close", which is not open — already in effect
[sitelooper skip] 01-signin s_ec71b3/5 target: read target not found — value left empty
[sitelooper step] 01-signin
[sitelooper step] 02-open
[sitelooper warn] 03-create s_3259c2/2: the page's alerts could not be observed in full after the action — whether it raised an alert is unknown, not clear
[sitelooper warn] 03-create s_f215c0/1: the page's alerts could not be observed in full after the action — whether it raised an alert is unknown, not clear
[sitelooper warn] 03-create s_f215c0/2: the page's alerts could not be observed in full after the action — whether it raised an alert is unknown, not clear
[sitelooper recipe] filled via recipe contenteditable/set-value (r_7b1e49); value verified on the component
[sitelooper warn] 03-create s_f215c0/3: the page's alerts could not be observed in full after the action — whether it raised an alert is unknown, not clear
[sitelooper warn] 03-create s_f215c0/4: read 'subject' returned a value the skill itself set/selected ('fwop28-spec Bench Work Package') — confirms the control, not persistence; dropped from the report's confident values
[sitelooper warn] 03-create s_f215c0/5: read 'description_verified_on_page' returned a value the skill itself set/selected ('Description for fwop28-spec: created to verify work package …') — confirms the control, not persistence; dropped from the report's confident values
[sitelooper warn] step 03-create s_f215c0/6: its recorded page change was found only by its full name, which is longer than the 80 characters a look names an element by
[sitelooper skip] 03-create s_e8088a/7 target: no locator recorded — value left empty
[sitelooper step] 03-create
[sitelooper drift] 04-set s_9b7332/9 target: primary getByRole('link', { name: /^[\s\p{Co}\p{So}\p{Cf}]*ASSIGNEE[\s\p{Co}\p{So}\p{Cf}]*$/u }) missed; used #2 getByRole('button', { name: /^[\s\p{Co}\p{So}\p{Cf}]*Assignee[\s\p{Co}\p{So}\p{Cf}]*$/u }) (#1 absent)
[sitelooper step] 04-set
[sitelooper warn] 05-change s_c48092/7: read 'status_displayed_value' returned a value the skill itself set/selected ('In progress') — confirms the control, not persistence; dropped from the report's confident values
[sitelooper warn] 05-change s_c48092/8: read 'work_package_id' returned '#44' from a control this step set, and nothing committed it since — it shows the control, however the app formats it, not what the app stored; dropped from the report's confident values
[sitelooper skip] 05-change s_c48092/10 target: no locator recorded — value left empty
[sitelooper step] 05-change
[sitelooper warn] 06-set s_6f109b/3: read 'finish_date_input_value_2' returned a value the skill itself set/selected ('2026-12-31') — confirms the control, not persistence; dropped from the report's confident values
[sitelooper step] 06-set
[sitelooper recipe] filled via recipe contenteditable/set-value (r_7b1e49); value verified on the component
[sitelooper warn] 07-add s_5de665/5: read 'comment_displayed_text' returned a value the skill itself set/selected ('Comment for fwop28-spec: verifying the comment flow.') — confirms the control, not persistence; dropped from the report's confident values
[sitelooper step] 07-add
[sitelooper drift] 08-open s_e9c578/12 target: primary locator('#work-packages-activities-tab-journals-item-component-show-63 > div > div:nth-of-type(1) > div > p') missed; used #2 locator('[data-sitelooper-point="1072,423"]') (#1 absent)
[sitelooper step] 08-open
  ✓  1 fwop28.spec.ts:9:1 › fwop28 (1.3m)

  1 passed (1.3m)
