
[sweep] run 1/3: fwop14-n1 (store: /home/user/sitelooper/bench/results/fwop14-skills)
[harness] openproject: defaulting APP_URL
[harness] openproject: defaulting APP_EMAIL
[harness] openproject: defaulting APP_PASSWORD
[reset] openproject: no leftover bench work packages
[harness] openproject responded 302 at http://127.0.0.1:8090/
stopped: fwop14-n1
  flow "fwop14" saved: 5 step(s), vars runid → /home/user/sitelooper/bench/results/flows/fwop14.json
  warning: note: 01-signin no longer publishes work_package_count — no replay reads it from the page and the recording showed no line to read
  warning: note: 02-create no longer publishes type — no replay reads it from the page and the recording showed no line to read
  warning: warning: 05-open's instruction asks to report type, finish_date, and no replay can publish them: nothing in its procedure reads them from the page, so export dropped them — re-record the step so the value is read, not only reported
  warning: note: 05-open no longer publishes date_field_full, total_work_packages — no replay reads them from the page and the recording showed no line to read
  warning: note: 01-signin: added a read for project to s_1f40f2 (page.getByRole('button', { name: 'Bench Project', exact: true }), page.getByRole('link', { name: 'Bench Project', exact: true }); seen on the next instruction's start page)
  warning: note: 02-create: added a read for creation_alert to s_220c83 (page.getByRole('alert', { name: 'Successful creation.', exact: true }); seen on the instruction's own page)
  warning: warning: 133 other value(s) the run saw survived unslotted, judged by shape only (usually page copy; non-fatal):
  flow.steps[0].instruction: "Bench Project" (output) in "Sign in to OpenProject at http://127.0.0.1:8090/ with username admin and password {{env:APP_PASSWORD}} (type that exact literal text as the password). Then open"
  flow.steps[0].route: "http://127.0.0.1:8090/projects" (output) in "http://127.0.0.1:8090/projects/bench-project/work_packages"
  flow.steps[1].instruction: "Bench Project" (output) in "In the project 'Bench Project', create a new work package of type 'Task' with subject exactly '{{runid}} Bench Work Package' and a description that includes the"
  flow.steps[1].instruction: "Task" (output) in "In the project 'Bench Project', create a new work package of type 'Task' with subject exactly '{{runid}} Bench Work Package' and a description that includes the"
  flow.steps[1].params.v1: "Bench Project" (output) in "Bench Project"
arm=sitelooper model=z-ai/glm-5.3 runid=fwop14-n1 stop=completed
turns=6 wall=326.9s
commands=5 cmdTime=311.2s cmdBytes=7136 timeouts=0
orchestrator in=10114 cw=0 cr=12544 out=1304
inner prompt=1402941 cached=1285248 completion=19533
spend=$0.0568 maxUsd=3
learn: A_n=0 replayed=0/5 full=0 repaired=0 compiled=5 variants=0
-> /home/user/sitelooper/bench/results/fwop14-n1-sitelooper-result.json

fwop14-n1: objectives passed 7/7
  obj 1: PASS — all 3 seed subjects reported
  obj 2: PASS — type=Task, description includes runid=true
  obj 3: PASS — assignee=Bench Assignee
  obj 4: PASS — status=In progress
  obj 5: PASS — finish date=2026-12-31, want 2026-12-31
  obj 6: PASS — 1 comment(s), 1 carrying the runid
  obj 7: PASS — work package id 41 reported

[sweep] run 2/3: fwop14-n2 (replay flow fwop14, no orchestrator)
[reset] openproject: deleted 1 leftover bench work package(s)
[sweep] fwop14-n2: 3 drift ticket(s) → fwop14-n2-drift.json

fwop14-n2: objectives passed 7/7
  obj 1: PASS — all 3 seed subjects reported
  obj 2: PASS — type=Task, description includes runid=true
  obj 3: PASS — assignee=Bench Assignee
  obj 4: PASS — status=In progress
  obj 5: PASS — finish date=2026-12-31, want 2026-12-31
  obj 6: PASS — 1 comment(s), 1 carrying the runid
  obj 7: PASS — work package id 42 reported

[sweep] run 3/3: fwop14-n3 (replay flow fwop14, no orchestrator)
[reset] openproject: deleted 1 leftover bench work package(s)
[sweep] fwop14-n3: 3 drift ticket(s) → fwop14-n3-drift.json

fwop14-n3: objectives passed 7/7
  obj 1: PASS — all 3 seed subjects reported
  obj 2: PASS — type=Task, description includes runid=true
  obj 3: PASS — assignee=Bench Assignee
  obj 4: PASS — status=In progress
  obj 5: PASS — finish date=2026-12-31, want 2026-12-31
  obj 6: PASS — 1 comment(s), 1 carrying the runid
  obj 7: PASS — work package id 43 reported

Learning sweep fwop14 (K=3)
┌─────────┬───┬─────────────┬──────────┬─────────────┬───────┬──────┬───────────┬─────┬──────────────┬────────┐
│ (index) │ n │ runid       │ verified │ stop        │ turns │ cmds │ total_usd │ A_n │ replayed     │ wall_s │
├─────────┼───┼─────────────┼──────────┼─────────────┼───────┼──────┼───────────┼─────┼──────────────┼────────┤
│ 0       │ 1 │ 'fwop14-n1' │ '7/7'    │ 'completed' │ 6     │ 5    │ 0.0568    │ 0   │ '0/5'        │ 327    │
│ 1       │ 2 │ 'fwop14-n2' │ '7/7'    │ 'success'   │ 0     │ 5    │ 0         │ 1   │ '5/5 (flow)' │ 96     │
│ 2       │ 3 │ 'fwop14-n3' │ '7/7'    │ 'success'   │ 0     │ 5    │ 0         │ 1   │ '5/5 (flow)' │ 57     │
└─────────┴───┴─────────────┴──────────┴─────────────┴───────┴──────┴───────────┴─────┴──────────────┴────────┘
http://127.0.0.1:8090
  s_108d52  validated   12 steps  3/3 (100%)
           On the work package page for work package {{v1}} ('{{v3}}') in {{v5}}, edit these fields in place: set the ass…
  s_1f40f2  validated    9 steps  3/3 (100%)
           Sign in to OpenProject at {{v1}} with username {{v2}} and password {{v3}} (type that exact literal text as the…
  s_220c83  validated    5 steps  3/3 (100%)
           In the project '{{v1}}', create a new work package of type 'Task' with subject exactly '{{v3}}' and a descript…
  s_32fd23  validated    1 steps  3/3 (100%)
           Final verification, read-only: open work package {{v1}} ('{{v3}}') in {{v5}} and report exactly what the page …
  s_453496  validated    1 steps  3/3 (100%)
           Sign in to OpenProject at {{v1}} with username {{v2}} and password {{v3}} (type that exact literal text as the…
  s_459e98  validated    3 steps  3/3 (100%)
           In the project '{{v1}}', create a new work package of type 'Task' with subject exactly '{{v3}}' and a descript…
  s_75040c  validated    1 steps  3/3 (100%)
           Sign in to OpenProject at {{v1}} with username {{v2}} and password {{v3}} (type that exact literal text as the…
  s_8ad62b  validated    3 steps  3/3 (100%)
           Sign in to OpenProject at {{v1}} with username {{v2}} and password {{v3}} (type that exact literal text as the…
  s_99aafe  validated    2 steps  3/3 (100%)
           Sign in to OpenProject at {{v1}} with username {{v2}} and password {{v3}} (type that exact literal text as the…
  s_ab959d  validated    4 steps  3/3 (100%)
           On the work package page for work package {{v1}} ('{{v3}}') in {{v5}}, add a comment whose text includes '{{v4…
  s_bbffdf  validated    2 steps  3/3 (100%)
           Sign in to OpenProject at {{v1}} with username {{v2}} and password {{v3}} (type that exact literal text as the…
  s_c96481  validated    1 steps  3/3 (100%)
           Final verification, read-only: open work package {{v1}} ('{{v3}}') in {{v5}} and report exactly what the page …
  s_cf64c4  validated    1 steps  3/3 (100%)
           On the work package page for work package {{v1}} ('{{v3}}') in {{v5}}, add a comment whose text includes '{{v4…
  s_e443ea  validated   10 steps  3/3 (100%)
           Final verification, read-only: open work package {{v1}} ('{{v3}}') in {{v5}} and report exactly what the page …
  s_f6ce38  validated    2 steps  3/3 (100%)
           In the project '{{v1}}', create a new work package of type 'Task' with subject exactly '{{v3}}' and a descript…
store: /home/user/sitelooper/bench/results/fwop14-skills

summary: /home/user/sitelooper/bench/results/fwop14-sweep.json
