[converge] from fwop15: 4 step(s), store copied to /home/user/sitelooper/bench/results/fwop15-cv-skills, flow /home/user/sitelooper/bench/results/flows/fwop15-cv.json
[converge] round 1 compile: /opt/node22/bin/node /home/user/sitelooper/bin/sitelooper.js compile /home/user/sitelooper/bench/results/flows/fwop15-cv.json --out /home/user/sitelooper/bench/results/fwop15-cv-c1-compile --overwrite-spec --json
[converge] round 1 compile: exit 2
[converge] round 1: compile refused (demoted-pin@01-open); rerecord steps: 01-open
[converge] round 1 rerecord 01-open (compile refusal): /opt/node22/bin/node /home/user/sitelooper/bin/sitelooper.js rerecord /home/user/sitelooper/bench/results/flows/fwop15-cv.json 01-open --var runid=fwop15-cv-r1n{n} --runs 2 --reset-cmd "\"/opt/node22/bin/node\" \"/home/user/sitelooper/bench/reset-app.mjs\" --target openproject" --json
[converge] round 1 rerecord 01-open (compile refusal): exit 1
[converge] round 2 compile: /opt/node22/bin/node /home/user/sitelooper/bin/sitelooper.js compile /home/user/sitelooper/bench/results/flows/fwop15-cv.json --out /home/user/sitelooper/bench/results/fwop15-cv-c2-compile --overwrite-spec --json
[converge] round 2 compile: exit 2
[converge] round 2: compile refused (blocked); rerecord steps: 01-open
[converge] round 2 rerecord 01-open (compile refusal): /opt/node22/bin/node /home/user/sitelooper/bin/sitelooper.js rerecord /home/user/sitelooper/bench/results/flows/fwop15-cv.json 01-open --var runid=fwop15-cv-r2n{n} --runs 2 --reset-cmd "\"/opt/node22/bin/node\" \"/home/user/sitelooper/bench/reset-app.mjs\" --target openproject" --json
[converge] round 2 rerecord 01-open (compile refusal): exit 1
[converge] round 3 compile: /opt/node22/bin/node /home/user/sitelooper/bin/sitelooper.js compile /home/user/sitelooper/bench/results/flows/fwop15-cv.json --out /home/user/sitelooper/bench/results/fwop15-cv-c3-compile --overwrite-spec --json
[converge] round 3 compile: exit 2
[converge] round 3: compile refused (blocked); rerecord steps: 01-open
[converge] round 3 rerecord 01-open (compile refusal): /opt/node22/bin/node /home/user/sitelooper/bin/sitelooper.js rerecord /home/user/sitelooper/bench/results/flows/fwop15-cv.json 01-open --var runid=fwop15-cv-r3n{n} --runs 2 --reset-cmd "\"/opt/node22/bin/node\" \"/home/user/sitelooper/bench/reset-app.mjs\" --target openproject" --json
[converge] round 3 rerecord 01-open (compile refusal): exit 1
[converge] round 4 compile: /opt/node22/bin/node /home/user/sitelooper/bin/sitelooper.js compile /home/user/sitelooper/bench/results/flows/fwop15-cv.json --out /home/user/sitelooper/bench/results/fwop15-cv-c4-compile --overwrite-spec --json
[converge] round 4 compile: exit 2
[converge] round 4: compile refused (blocked); rerecord steps: 01-open
[converge] round 4 rerecord 01-open (compile refusal): /opt/node22/bin/node /home/user/sitelooper/bin/sitelooper.js rerecord /home/user/sitelooper/bench/results/flows/fwop15-cv.json 01-open --var runid=fwop15-cv-r4n{n} --runs 2 --reset-cmd "\"/opt/node22/bin/node\" \"/home/user/sitelooper/bench/reset-app.mjs\" --target openproject" --json
[converge] round 4 rerecord 01-open (compile refusal): exit 1
[converge] fwop15-cv: exhausted — 4 round(s) without a passing artifact; rounds 4, flow runs 8, model turns 150
fwop15-cv: exhausted — 4 round(s) without a passing artifact; rounds 4, flow runs 8, model turns 150
