
Running 1 test using 1 worker

[sitelooper skip] 01-signin s_822d8a/1: closes the dialog "Welcome to OpenProject, Bench Admin" with "Close", which is not open — already in effect
[sitelooper skip] 01-signin s_822d8a/5 target: read target not found — value left empty
[sitelooper step] 01-signin
[sitelooper step] 02-open
[sitelooper warn] 03-create s_f91221: start url differs from the recorded pattern in 1 segment(s) ({"c":["id","subject","type","status","assignee","priority"],"hi":true,"g":"","is":true,"tv":false,"hla":["status","priority","dueDate"],"t":"id:asc","f":[{"n":"status","o":"c","v":[]}],"ts":"PT0S","pp":20,"pa":1}→{"c":["id","subject","type","status","assignee","priority"],"hi":true,"g":"","is":true,"tv":false,"hla":["status","priority","dueDate"],"t":"id:asc","f":[{"n":"status","o":"*","v":[]}],"ts":"PT0S","pp":20,"pa":1}) — proceeding optimistically
[sitelooper warn] 03-create s_f91221/2: the page's alerts could not be observed in full after the action — whether it raised an alert is unknown, not clear
[sitelooper warn] 03-create s_e89958/1: the page's alerts could not be observed in full after the action — whether it raised an alert is unknown, not clear
[sitelooper recipe] filled via recipe contenteditable/set-value (r_7b1e49); value verified on the component
[sitelooper warn] 03-create s_e89958/2: the page's alerts could not be observed in full after the action — whether it raised an alert is unknown, not clear
[sitelooper warn] 03-create s_e89958/3: read 'description_as_saved' returned a value the skill itself set/selected ('Created by bench run fwop7-spec') — confirms the control, not persistence; dropped from the report's confident values
[sitelooper skip] 03-create s_8df901/5 target: no locator recorded — value left empty
[sitelooper step] 03-create
[sitelooper step] 04-open
[sitelooper warn] 05-verify s_f0871f/5: expected alert containing ""
[sitelooper warn] 05-verify s_f0871f/8: read 'status_displayed_after_reload' returned a value the skill itself set/selected ('In progress') — confirms the control, not persistence; dropped from the report's confident values
[sitelooper skip] 05-verify s_f0871f/11 target: no locator recorded — value left empty
[sitelooper skip] 05-verify s_f0871f/12 target: no locator recorded — value left empty
[sitelooper step] 05-verify
[sitelooper recipe] filled via recipe contenteditable/set-value (r_7b1e49); value verified on the component
[sitelooper drift] 06-add s_63892d/1 target: primary locator('#work-packages-activities-tab-journals-item-component-show-63 > div > div:nth-of-type(1) > div > p') missed; used #2 locator('[data-sitelooper-point="1072,423"]') (#1 absent)
[sitelooper skip] 06-add s_63892d/3 target: no locator recorded — value left empty
[sitelooper step] 06-add
[sitelooper step] 07-open
[sitelooper step] 08-report
  ✓  1 fwop7.spec.ts:9:1 › fwop7 (1.1m)

  1 passed (1.2m)
