
Running 1 test using 1 worker

[sitelooper skip] 01-signin s_472c8d/1: closes the dialog "Welcome to OpenProject, Bench Admin" with "Close", which is not open — already in effect
[sitelooper step] 01-signin
[sitelooper warn] 02-create s_e77b5f/3: the page's alerts could not be observed in full after the action — whether it raised an alert is unknown, not clear
[sitelooper warn] 02-create s_692a42/1: the page's alerts could not be observed in full after the action — whether it raised an alert is unknown, not clear
[sitelooper warn] 02-create s_692a42/2: the page's alerts could not be observed in full after the action — whether it raised an alert is unknown, not clear
[sitelooper recipe] filled via recipe contenteditable/set-value (r_7b1e49); value verified on the component
[sitelooper warn] 02-create s_692a42/3: the page's alerts could not be observed in full after the action — whether it raised an alert is unknown, not clear
[sitelooper warn] 02-create s_692a42/4: the page's alerts could not be observed in full after the action — whether it raised an alert is unknown, not clear
[sitelooper warn] 02-create s_692a42/5: the page's alerts could not be observed in full after the action — whether it raised an alert is unknown, not clear
[sitelooper warn] 02-create s_692a42/6: the page's alerts could not be observed in full after the action — whether it raised an alert is unknown, not clear
[sitelooper warn] 02-create s_692a42/7: the page's alerts could not be observed in full after the action — whether it raised an alert is unknown, not clear
[sitelooper warn] step 02-create s_692a42/8: none of the 3 expected page change(s) appeared in the step diff (found on the page instead)
[sitelooper warn] 02-create s_692a42/8: the page's alerts could not be observed in full after the action — whether it raised an alert is unknown, not clear
[sitelooper warn] 02-create s_692a42/8: expected alert containing "Successful update." could not be observed in full
[sitelooper warn] 02-create s_692a42/9: the page's alerts could not be observed in full after the action — whether it raised an alert is unknown, not clear
[sitelooper warn] 02-create s_692a42/10: the page's alerts could not be observed in full after the action — whether it raised an alert is unknown, not clear
[sitelooper warn] 02-create s_692a42/11: the page's alerts could not be observed in full after the action — whether it raised an alert is unknown, not clear
[sitelooper skip] 02-create s_80f765/11 target: no locator recorded — value left empty
[sitelooper step] 02-create
[sitelooper recipe] filled via recipe contenteditable/set-value (r_7b1e49); value verified on the component
[sitelooper drift] 03-open s_d0a440/4 target: primary locator('#work-packages-activities-tab-journals-item-component-show-63 > div > div:nth-of-type(1) > div > p') missed; used #2 locator('[data-sitelooper-point="1072,423"]') (#1 absent)
[sitelooper warn] 03-open s_d0a440/4: read 'comment_shown' returned a value the skill itself set/selected ('Comment for run fwop19-spec') — confirms the control, not persistence; dropped from the report's confident values
[sitelooper step] 03-open
[sitelooper drift] 04-open s_b3f600/2 target: primary locator('#work-packages-activities-tab-journals-item-component-show-63 > div > div:nth-of-type(1) > div > p') missed; used #2 locator('[data-sitelooper-point="1072,423"]') (#1 absent)
[sitelooper step] 04-open
  ✓  1 fwop19.spec.ts:9:1 › fwop19 (1.5m)

  1 passed (1.5m)
