
Running 1 test using 1 worker

  ✘  1 fwop15-cv4.spec.ts:9:1 › fwop15-cv4 (15.2s)


  1) fwop15-cv4.spec.ts:9:1 › fwop15-cv4 › 01-open: Open http://127.0.0.1:8090/ and sign in with username admin and password {{env:APP_PASSWORD}} (type the password text exactly as given, it will be filled in automatically). Then navigate to the project named 'Bench Project' and list the subjects of all work packages whose subject starts with 'Seed:' exactly as shown on the page. Report those subjects verbatim. 

    Error: 01-open s_fbd2c0/4: the recorded page change did not appear

    01-open s_fbd2c0/4: the recorded page change did not appear

    expect(received).toBeNull()

    Received: "after step 01-open s_fbd2c0/4 the page did not show \"- dialog \\\"Welcome to OpenProject, Bench Admin\\\"\" as it did when recorded — the step ran but probably acted on the wrong element"

    Call Log:
    - Timeout 5000ms exceeded while waiting on the predicate

       at fwop15-cv4.flow.ts:15782

      15780 |       { timeout: EXPECT_WAIT_MS, message: `${ctx.tag}: the recorded page change did not appear` },
      15781 |     )
    > 15782 |     .toBeNull();
            |      ^
      15783 |   for (const warning of last.warnings) console.log(`[sitelooper warn] ${warning}`);
      15784 |   if (last.unobserved) console.log(`[sitelooper unobserved] ${ctx.tag}: the page could not be captured, or observed in full, after the action`);
      15785 |   return last;
        at expectChanges (/home/user/sitelooper/bench/results/fwop15-cv4-c2-spec-tmp/fwop15-cv4.flow.ts:15782:6)
        at Object.verify (/home/user/sitelooper/bench/results/fwop15-cv4-c2-spec-tmp/fwop15-cv4.flow.ts:16086:36)
        at runStepLifecycle (/home/user/sitelooper/bench/results/fwop15-cv4-c2-spec-tmp/fwop15-cv4.flow.ts:10871:24)
        at Object.01-open (/home/user/sitelooper/bench/results/fwop15-cv4-c2-spec-tmp/fwop15-cv4.flow.ts:16047:9)
        at /home/user/sitelooper/bench/results/fwop15-cv4-c2-spec-tmp/fwop15-cv4.flow.ts:20403:7
        at runFlow (/home/user/sitelooper/bench/results/fwop15-cv4-c2-spec-tmp/fwop15-cv4.flow.ts:20402:5)
        at /home/user/sitelooper/bench/results/fwop15-cv4-c2-spec-tmp/fwop15-cv4.spec.ts:14:21

    attachment #1: sitelooper-drift (text/plain) ───────────────────────────────────────────────────
    
    ────────────────────────────────────────────────────────────────────────────────────────────────

    attachment #2: screenshot (image/png) ──────────────────────────────────────────────────────────
    test-results/fwop15-cv4-fwop15-cv4/test-failed-1.png
    ────────────────────────────────────────────────────────────────────────────────────────────────

    Error Context: test-results/fwop15-cv4-fwop15-cv4/error-context.md

  1 failed
    fwop15-cv4.spec.ts:9:1 › fwop15-cv4 ────────────────────────────────────────────────────────────
