[converge] from fwop17: 9 step(s), store copied to /home/user/sitelooper/bench/results/fwop17-cv-skills, flow /home/user/sitelooper/bench/results/flows/fwop17-cv.json
[converge] round 1 compile: /opt/node22/bin/node /home/user/sitelooper/bin/sitelooper.js compile /home/user/sitelooper/bench/results/flows/fwop17-cv.json --out /home/user/sitelooper/bench/results/fwop17-cv-c1-compile --overwrite-spec --json
[converge] round 1 compile: exit 0
[converge] round 1 artifact: /opt/node22/bin/node /home/user/sitelooper/bench/spec-replay.mjs --flow /home/user/sitelooper/bench/results/flows/fwop17-cv.json --skills /home/user/sitelooper/bench/results/fwop17-cv-skills --tag fwop17-cv-c1 --target openproject --reset --out /home/user/sitelooper/bench/results
[reset] openproject: no leftover bench work packages
[spec-replay] resetting openproject
[spec-replay] compiling: /opt/node22/bin/node /home/user/sitelooper/bin/sitelooper.js compile /home/user/sitelooper/bench/results/flows/fwop17-cv.json --out /home/user/sitelooper/bench/results/fwop17-cv-c1-spec-tmp --overwrite-spec
flow: /home/user/sitelooper/bench/results/fwop17-cv-c1-spec-tmp/fwop17-cv.flow.ts
spec: /home/user/sitelooper/bench/results/fwop17-cv-c1-spec-tmp/fwop17-cv.spec.ts
  warning: 01-open: step 5 (read avatar_initials) has no locator left — it publishes nothing, as replay skips it
  warning: 06-change: step 7 (read status_field_accessible_name) has no locator left — it publishes nothing, as replay skips it
  warning: 06-change: step 8 (read save_confirmation_alert) has no locator left — it publishes nothing, as replay skips it
  warning: 07-set: step 12 (read save_confirmation_alert) has no locator left — it publishes nothing, as replay skips it
[spec-replay] running: npx playwright test --config /home/user/sitelooper/bench/results/fwop17-cv-c1-spec-tmp/playwright.config.mjs
[spec-replay] fwop17-cv-c1: 1/1 passed, exit=0, 85s, 2 drift line(s) — result written
[converge] round 1 artifact: exit 0

fwop17-cv-c1: objectives passed 5/7
  obj 1: UNVERIFIABLE — no result file with finalText found
  obj 2: PASS — type=Task, description includes runid=true
  obj 3: PASS — assignee=Bench Assignee
  obj 4: PASS — status=In progress
  obj 5: PASS — finish date=2026-12-31, want 2026-12-31
  obj 6: PASS — 1 comment(s), 1 carrying the runid
  obj 7: UNVERIFIABLE — no result file with finalText found
[converge] fwop17-cv: converged — round 1: compiled artifact passed (5/5); rounds 1, flow runs 0, model turns 0
