
[sweep] run 1/3: fwop25-n1 (store: /home/user/sitelooper/bench/results/fwop25-skills)
[harness] openproject: defaulting APP_URL
[harness] openproject: defaulting APP_EMAIL
[harness] openproject: defaulting APP_PASSWORD
[reset] openproject: no leftover bench work packages
[harness] openproject responded 302 at http://127.0.0.1:8090/
stopped: fwop25-n1
  flow "fwop25" saved: 4 step(s), vars runid → /home/user/sitelooper/bench/results/flows/fwop25.json
  warning: note: 01-signin no longer publishes work_package_count_in_project, ids, pagination_all — no replay reads them from the page and the recording showed no line to read
  warning: warning: 02-create's instruction asks to report type, and no replay can publish it: nothing in its procedure reads it from the page, so export dropped it — re-record the step so the value is read, not only reported
  warning: note: 02-create no longer publishes work_packages_edit_actio — no replay reads it from the page and the recording showed no line to read
  warning: note: 01-signin: added a read for project_name to s_4368d9 (page.getByRole('button', { name: 'Bench Project', exact: true }), page.getByRole('link', { name: 'Bench Project', exact: true }); seen on the next instruction's start page)
  warning: warning: 71 other value(s) the run saw survived unslotted, judged by shape only (usually page copy; non-fatal):
  flow.steps[0].instruction: "Bench Project" (output) in "Sign in to OpenProject at http://127.0.0.1:8090/ as admin with password {{env:APP_PASSWORD}} (type it exactly as that text). Then open the project named 'Bench "
  flow.steps[1].instruction: "Bench Project" (output) in "In the project 'Bench Project', create a new work package of type Task with subject '{{runid}} Bench Work Package' and a description that includes the text '{{r"
  flow.steps[1].instruction: "Work" (output) in "In the project 'Bench Project', create a new work package of type Task with subject '{{runid}} Bench Work Package' and a description that includes the text '{{r"
  flow.steps[1].params.v1: "Bench Project" (output) in "Bench Project"
  flow.steps[1].params.v3: "Work" (output) in "{{runid}} Bench Work Package"
arm=sitelooper model=z-ai/glm-5.3 runid=fwop25-n1 stop=completed
turns=5 wall=298.6s
commands=4 cmdTime=284.2s cmdBytes=3733 timeouts=0
orchestrator in=6687 cw=0 cr=9920 out=729
inner prompt=1657763 cached=1535488 completion=19506
spend=$0.0501 maxUsd=3
learn: A_n=0 replayed=0/4 full=0 repaired=0 compiled=4 variants=0
-> /home/user/sitelooper/bench/results/fwop25-n1-sitelooper-result.json

fwop25-n1: objectives passed 7/7
  obj 1: PASS — all 3 seed subjects reported
  obj 2: PASS — type=Task, description includes runid=true
  obj 3: PASS — assignee=Bench Assignee
  obj 4: PASS — status=In progress
  obj 5: PASS — finish date=2026-12-31, want 2026-12-31
  obj 6: PASS — 1 comment(s), 1 carrying the runid
  obj 7: PASS — work package id 41 reported

[sweep] run 2/3: fwop25-n2 (replay flow fwop25, no orchestrator)
[reset] openproject: deleted 1 leftover bench work package(s)
[sweep] fwop25-n2: 1 drift ticket(s) → fwop25-n2-drift.json

fwop25-n2: objectives passed 7/7
  obj 1: PASS — all 3 seed subjects reported
  obj 2: PASS — type=Task, description includes runid=true
  obj 3: PASS — assignee=Bench Assignee
  obj 4: PASS — status=In progress
  obj 5: PASS — finish date=2026-12-31, want 2026-12-31
  obj 6: PASS — 1 comment(s), 1 carrying the runid
  obj 7: PASS — work package id 42 reported

[sweep] run 3/3: fwop25-n3 (replay flow fwop25, no orchestrator)
[reset] openproject: deleted 1 leftover bench work package(s)
[sweep] fwop25-n3: 1 drift ticket(s) → fwop25-n3-drift.json

fwop25-n3: objectives passed 7/7
  obj 1: PASS — all 3 seed subjects reported
  obj 2: PASS — type=Task, description includes runid=true
  obj 3: PASS — assignee=Bench Assignee
  obj 4: PASS — status=In progress
  obj 5: PASS — finish date=2026-12-31, want 2026-12-31
  obj 6: PASS — 1 comment(s), 1 carrying the runid
  obj 7: PASS — work package id 43 reported

Learning sweep fwop25 (K=3)
┌─────────┬───┬─────────────┬──────────┬─────────────┬───────┬──────┬───────────┬─────┬──────────────┬────────┐
│ (index) │ n │ runid       │ verified │ stop        │ turns │ cmds │ total_usd │ A_n │ replayed     │ wall_s │
├─────────┼───┼─────────────┼──────────┼─────────────┼───────┼──────┼───────────┼─────┼──────────────┼────────┤
│ 0       │ 1 │ 'fwop25-n1' │ '7/7'    │ 'completed' │ 5     │ 4    │ 0.0501    │ 0   │ '0/4'        │ 299    │
│ 1       │ 2 │ 'fwop25-n2' │ '7/7'    │ 'success'   │ 0     │ 4    │ 0         │ 1   │ '4/4 (flow)' │ 58     │
│ 2       │ 3 │ 'fwop25-n3' │ '7/7'    │ 'success'   │ 0     │ 4    │ 0         │ 1   │ '4/4 (flow)' │ 58     │
└─────────┴───┴─────────────┴──────────┴─────────────┴───────┴──────┴───────────┴─────┴──────────────┴────────┘
http://127.0.0.1:8090
  s_28c83c  validated    1 steps  3/3 (100%)
           On work package #{{v1}} ('{{v2}}'), add a comment whose text includes '{{v3}}' (e.g. '{{v5}}'). Submit it and …
  s_3444dc  validated    2 steps  3/3 (100%)
           In the project '{{v1}}', create a new work package of type Task with subject '{{v3}}' and a description that i…
  s_35af67  validated    4 steps  3/3 (100%)
           In the project '{{v1}}', create a new work package of type Task with subject '{{v3}}' and a description that i…
  s_4368d9  validated    8 steps  3/3 (100%)
           Sign in to OpenProject at {{v1}} as {{v2}} with password {{v3}} (type it exactly as that text). Then open the …
  s_4628a2  validated    3 steps  3/3 (100%)
           Sign in to OpenProject at {{v1}} as {{v2}} with password {{v3}} (type it exactly as that text). Then open the …
  s_4f5ea1  validated    4 steps  3/3 (100%)
           In the project '{{v1}}', create a new work package of type Task with subject '{{v3}}' and a description that i…
  s_6ab20b  validated    2 steps  3/3 (100%)
           Sign in to OpenProject at {{v1}} as {{v2}} with password {{v3}} (type it exactly as that text). Then open the …
  s_74f119  validated    1 steps  3/3 (100%)
           Sign in to OpenProject at {{v1}} as {{v2}} with password {{v3}} (type it exactly as that text). Then open the …
  s_bddc58  validated   11 steps  3/3 (100%)
           On work package #{{v1}} ('{{v2}}') in {{v5}}: 1) set the assignee to the user '{{v6}}' — type it in the assign…
  s_cb8342  validated    1 steps  3/3 (100%)
           Sign in to OpenProject at {{v1}} as {{v2}} with password {{v3}} (type it exactly as that text). Then open the …
  s_d95c36  validated    5 steps  3/3 (100%)
           On work package #{{v1}} ('{{v2}}'), add a comment whose text includes '{{v3}}' (e.g. '{{v5}}'). Submit it and …
  s_e3a81c  validated    1 steps  3/3 (100%)
           Sign in to OpenProject at {{v1}} as {{v2}} with password {{v3}} (type it exactly as that text). Then open the …
store: /home/user/sitelooper/bench/results/fwop25-skills

summary: /home/user/sitelooper/bench/results/fwop25-sweep.json
SWEEP_EXIT_CODE=0
