
[sweep] run 1/3: fwop15-n1 (store: /home/user/sitelooper/bench/results/fwop15-skills)
[harness] openproject: defaulting APP_URL
[harness] openproject: defaulting APP_EMAIL
[harness] openproject: defaulting APP_PASSWORD
[reset] openproject: no leftover bench work packages
[harness] openproject responded 302 at http://127.0.0.1:8090/
stopped: fwop15-n1
  flow "fwop15" saved: 4 step(s), vars runid → /home/user/sitelooper/bench/results/flows/fwop15.json
  warning: warning: 02-create's instruction asks to report assignee, and only a recorded literal backs it: no read in its procedure publishes it, so a replay reports it only if the page it ends on shows that exact text — re-record the step so the value is read where it is shown
  warning: warning: 04-open's instruction asks to report type, status, assignee, and only a recorded literal backs them: no read in its procedure publishes them, so a replay reports them only if the page it ends on shows that exact text — re-record the step so the value is read where it is shown
  warning: note: 01-open no longer publishes total_work_packages — no replay reads it from the page and the recording showed no line to read
  warning: note: 02-create no longer publishes type, assignee_label — no replay reads them from the page and the recording showed no line to read
  warning: note: 03-open no longer publishes comment_anchor, ref_2 — no replay reads them from the page and the recording showed no line to read
  warning: note: 04-open no longer publishes finish_date_displayed, assignee_label — no replay reads them from the page and the recording showed no line to read
  warning: note: 01-open: added a read for project_name to s_0b01d9 (page.getByRole('button', { name: 'Bench Project', exact: true }), page.getByRole('link', { name: 'Bench Project', exact: true }); seen on the next instruction's start page)
  warning: note: 02-create: added a read for success_message to s_c0ce44 (page.getByRole('alert', { name: 'Successful creation.', exact: true }); seen on the instruction's own page)
  warning: note: 02-create: added a read for work_label to s_c0ce44 (page.getByRole('link', { name: 'ASSIGNEE', exact: true }), page.getByRole('button', { name: 'Assignee', exact: true }); seen on the next instruction's start page)
  warning: warning: 248 other value(s) the run saw survived unslotted, judged by shape only (usually page copy; non-fatal):
  flow.steps[0].instruction: "Bench Project" (output) in "Open http://127.0.0.1:8090/ and sign in with username admin and password {{env:APP_PASSWORD}} (type the password text exactly as given, it will be filled in aut"
  flow.steps[0].route: "http://127.0.0.1:8090/projects" (output) in "http://127.0.0.1:8090/projects/bench-project/work_packages"
  flow.steps[1].instruction: "Bench Project" (output) in "In the project 'Bench Project' ({{01-open.project_url}}/bench-project), create a new work package of type Task with subject exactly '{{runid}} Bench Work Packag"
  flow.steps[1].instruction: "In progress" (output) in "In the project 'Bench Project' ({{01-open.project_url}}/bench-project), create a new work package of type Task with subject exactly '{{runid}} Bench Work Packag"
  flow.steps[1].instruction: "2026-12-31" (output) in "In the project 'Bench Project' ({{01-open.project_url}}/bench-project), create a new work package of type Task with subject exactly '{{runid}} Bench Work Packag"
arm=sitelooper model=z-ai/glm-5.3 runid=fwop15-n1 stop=completed
turns=5 wall=546.1s
commands=4 cmdTime=522.2s cmdBytes=8724 timeouts=0
orchestrator in=5188 cw=0 cr=14976 out=2991
inner prompt=3334327 cached=3122560 completion=39292
spend=$0.0895 maxUsd=3
learn: A_n=0 replayed=0/4 full=0 repaired=0 compiled=4 variants=0
-> /home/user/sitelooper/bench/results/fwop15-n1-sitelooper-result.json

fwop15-n1: objectives passed 7/7
  obj 1: PASS — all 3 seed subjects reported
  obj 2: PASS — type=Task, description includes runid=true
  obj 3: PASS — assignee=Bench Assignee
  obj 4: PASS — status=In progress
  obj 5: PASS — finish date=2026-12-31, want 2026-12-31
  obj 6: PASS — 1 comment(s), 1 carrying the runid
  obj 7: PASS — work package id 41 reported

[sweep] run 2/3: fwop15-n2 (replay flow fwop15, no orchestrator)
[reset] openproject: deleted 1 leftover bench work package(s)
[sweep] fwop15-n2: 4 drift ticket(s) → fwop15-n2-drift.json

fwop15-n2: objectives passed 7/7
  obj 1: PASS — all 3 seed subjects reported
  obj 2: PASS — type=Task, description includes runid=true
  obj 3: PASS — assignee=Bench Assignee
  obj 4: PASS — status=In progress
  obj 5: PASS — finish date=2026-12-31, want 2026-12-31
  obj 6: PASS — 1 comment(s), 1 carrying the runid
  obj 7: PASS — work package id 42 reported

[sweep] run 3/3: fwop15-n3 (replay flow fwop15, no orchestrator)
[reset] openproject: deleted 1 leftover bench work package(s)
[sweep] fwop15-n3: 4 drift ticket(s) → fwop15-n3-drift.json

fwop15-n3: objectives passed 7/7
  obj 1: PASS — all 3 seed subjects reported
  obj 2: PASS — type=Task, description includes runid=true
  obj 3: PASS — assignee=Bench Assignee
  obj 4: PASS — status=In progress
  obj 5: PASS — finish date=2026-12-31, want 2026-12-31
  obj 6: PASS — 1 comment(s), 1 carrying the runid
  obj 7: PASS — work package id 43 reported

Learning sweep fwop15 (K=3)
┌─────────┬───┬─────────────┬──────────┬─────────────┬───────┬──────┬───────────┬──────┬──────────────┬────────┐
│ (index) │ n │ runid       │ verified │ stop        │ turns │ cmds │ total_usd │ A_n  │ replayed     │ wall_s │
├─────────┼───┼─────────────┼──────────┼─────────────┼───────┼──────┼───────────┼──────┼──────────────┼────────┤
│ 0       │ 1 │ 'fwop15-n1' │ '7/7'    │ 'completed' │ 5     │ 4    │ 0.0895    │ 0    │ '0/4'        │ 546    │
│ 1       │ 2 │ 'fwop15-n2' │ '7/7'    │ 'success'   │ 20    │ 4    │ 0.0089    │ 0.75 │ '4/4 (flow)' │ 261    │
│ 2       │ 3 │ 'fwop15-n3' │ '7/7'    │ 'success'   │ 24    │ 4    │ 0.0076    │ 0.75 │ '4/4 (flow)' │ 175    │
└─────────┴───┴─────────────┴──────────┴─────────────┴───────┴──────┴───────────┴──────┴──────────────┴────────┘
http://127.0.0.1:8090
  s_01d894  validated    6 steps  3/3 (100%)
           Open work package {{v1}} in project '{{v3}}' (subject '{{v4}}') and read-only verify its current state. Report…
  s_0f9d6a  validated    4 steps  3/3 (100%)
           Open work package {{v1}} in project '{{v3}}' (subject '{{v4}}') and read-only verify its current state. Report…
  s_1dadeb  validated    4 steps  3/3 (100%)
           Open the work package with ID {{v1}} in project '{{v3}}' (subject '{{v4}}'). On its details page: (1) Find the…
  s_36485b  validated    4 steps  3/3 (100%)
           Open work package {{v1}} in project '{{v3}}' (subject '{{v4}}') and read-only verify its current state. Report…
  s_48d1aa  validated    5 steps  3/3 (100%)
           Open the work package with ID {{v1}} in project '{{v3}}' (subject '{{v4}}'). On its details page: (1) Find the…
  s_64c04d  validated    2 steps  3/3 (100%)
           Open work package {{v1}} in project '{{v3}}' (subject '{{v4}}') and read-only verify its current state. Report…
  s_946b96  validated   10 steps  3/3 (100%)
           Open work package {{v1}} in project '{{v3}}' (subject '{{v4}}') and read-only verify its current state. Report…
  s_99ac70  validated   18 steps  3/3 (100%)
           In the project '{{v1}}' ({{v2}}/bench-project), create a new work package of type Task with subject exactly '{…
  s_a01444  validated    2 steps  3/3 (100%)
           Open {{v1}} and sign in with username {{v2}} and password {{v3}} (type the password text exactly as given, it …
  s_a09614  validated    1 steps  3/3 (100%)
           Open {{v1}} and sign in with username {{v2}} and password {{v3}} (type the password text exactly as given, it …
  s_b2bccf  validated    8 steps  3/3 (100%)
           Open the work package with ID {{v1}} in project '{{v3}}' (subject '{{v4}}'). On its details page: (1) Find the…
  s_bab182  demoted      9 steps  1/3 (33%)
           Open {{v1}} and sign in with username {{v2}} and password {{v3}} (type the password text exactly as given, it …
  s_bb7923  validated    3 steps  3/3 (100%)
           Open {{v1}} and sign in with username {{v2}} and password {{v3}} (type the password text exactly as given, it …
  s_c0ce44  validated   10 steps  3/3 (100%)
           In the project '{{v1}}' ({{v2}}/bench-project), create a new work package of type Task with subject exactly '{…
  s_e6255e  validated    2 steps  3/3 (100%)
           In the project '{{v1}}' ({{v2}}/bench-project), create a new work package of type Task with subject exactly '{…
  s_094c9e  provisional  7 steps  1/1 (100%)  variant of s_bab182
           Open http://127.0.0.1:8090/ and sign in with username admin and password {{env:APP_PASSWORD}} (type the passwo…
  s_0b01d9  provisional 12 steps  1/1 (100%)
           Open {{v1}} and sign in with username {{v2}} and password {{v3}} (type the password text exactly as given, it …
  s_0ff0aa  provisional 11 steps  1/1 (100%)
           Open {{v1}} and sign in with username {{v2}} and password {{v3}} (type the password text exactly as given, it …
  s_11a5d8  provisional 11 steps  1/1 (100%)  variant of s_bab182
           Open http://127.0.0.1:8090/ and sign in with username admin and password {{env:APP_PASSWORD}} (type the passwo…
  s_3a4936  provisional  1 steps  1/1 (100%)
           Open {{v1}} and sign in with username {{v2}} and password {{v3}} (type the password text exactly as given, it …
  s_438833  provisional  1 steps  1/1 (100%)  variant of s_bab182
           Open http://127.0.0.1:8090/ and sign in with username admin and password {{env:APP_PASSWORD}} (type the passwo…
  s_50c34d  provisional  7 steps  1/1 (100%)
           Open {{v1}} and sign in with username {{v2}} and password {{v3}} (type the password text exactly as given, it …
  s_53860d  provisional  1 steps  1/1 (100%)
           Open {{v1}} and sign in with username {{v2}} and password {{v3}} (type the password text exactly as given, it …
  s_6555f4  provisional  1 steps  1/1 (100%)
           Open {{v1}} and sign in with username {{v2}} and password {{v3}} (type the password text exactly as given, it …
  s_69b00f  provisional  1 steps  1/1 (100%)
           Open {{v1}} and sign in with username {{v2}} and password {{v3}} (type the password text exactly as given, it …
  s_713d1c  provisional  4 steps  1/1 (100%)
           Open {{v1}} and sign in with username {{v2}} and password {{v3}} (type the password text exactly as given, it …
  s_afdfac  provisional  7 steps  1/1 (100%)
           Open {{v1}} and sign in with username {{v2}} and password {{v3}} (type the password text exactly as given, it …
  s_b638d3  provisional 11 steps  1/1 (100%)
           Open {{v1}} and sign in with username {{v2}} and password {{v3}} (type the password text exactly as given, it …
  s_d20c8a  provisional  1 steps  1/1 (100%)
           Open {{v1}} and sign in with username {{v2}} and password {{v3}} (type the password text exactly as given, it …
  s_db89c3  provisional  7 steps  1/1 (100%)  variant of s_bab182
           Open http://127.0.0.1:8090/ and sign in with username admin and password {{env:APP_PASSWORD}} (type the passwo…
  s_dcbdc9  provisional 11 steps  1/1 (100%)  variant of s_bab182
           Open http://127.0.0.1:8090/ and sign in with username admin and password {{env:APP_PASSWORD}} (type the passwo…
  s_e96ef3  provisional  4 steps  1/1 (100%)
           Open {{v1}} and sign in with username {{v2}} and password {{v3}} (type the password text exactly as given, it …
  s_f08858  provisional  1 steps  1/1 (100%)  variant of s_bab182
           Open http://127.0.0.1:8090/ and sign in with username admin and password {{env:APP_PASSWORD}} (type the passwo…
store: /home/user/sitelooper/bench/results/fwop15-skills

summary: /home/user/sitelooper/bench/results/fwop15-sweep.json
