
Running 1 test using 1 worker

[sitelooper skip] 01-open s_b08a4c/1: closes the dialog "Welcome to OpenProject, Bench Admin" with "Close", which is not open — already in effect
[sitelooper step] 01-open
[sitelooper warn] 02-create s_33cf9e/2: the page's alerts could not be observed in full after the action — whether it raised an alert is unknown, not clear
[sitelooper warn] 02-create s_84b7d5/2: the page's alerts could not be observed in full after the action — whether it raised an alert is unknown, not clear
[sitelooper warn] 02-create s_84b7d5/3: the page's alerts could not be observed in full after the action — whether it raised an alert is unknown, not clear
[sitelooper recipe] filled via recipe contenteditable/set-value (r_7b1e49); value verified on the component
[sitelooper warn] 02-create s_84b7d5/4: the page's alerts could not be observed in full after the action — whether it raised an alert is unknown, not clear
[sitelooper warn] 02-create s_84b7d5/5: the page's alerts could not be observed in full after the action — whether it raised an alert is unknown, not clear
[sitelooper warn] 02-create s_84b7d5/6: the page's alerts could not be observed in full after the action — whether it raised an alert is unknown, not clear
[sitelooper warn] 02-create s_84b7d5/8: the page's alerts could not be observed in full after the action — whether it raised an alert is unknown, not clear
[sitelooper warn] 02-create s_84b7d5/9: the page's alerts could not be observed in full after the action — whether it raised an alert is unknown, not clear
[sitelooper warn] 02-create s_84b7d5/10: the page's alerts could not be observed in full after the action — whether it raised an alert is unknown, not clear
[sitelooper warn] 02-create s_84b7d5/11: the page's alerts could not be observed in full after the action — whether it raised an alert is unknown, not clear
[sitelooper warn] 02-create s_84b7d5/12: the page's alerts could not be observed in full after the action — whether it raised an alert is unknown, not clear
[sitelooper warn] 02-create s_84b7d5/13: the page's alerts could not be observed in full after the action — whether it raised an alert is unknown, not clear
[sitelooper warn] 02-create s_84b7d5/14: the page's alerts could not be observed in full after the action — whether it raised an alert is unknown, not clear
[sitelooper skip] 02-create s_75aa3e/8 target: no locator recorded — value left empty
[sitelooper step] 02-create
[sitelooper recipe] filled via recipe contenteditable/set-value (r_7b1e49); value verified on the component
[sitelooper warn] 03-open s_e621e9/4: read 'comment_text' returned a value the skill itself set/selected ('Comment added for run fwop20-spec') — confirms the control, not persistence; dropped from the report's confident values
[sitelooper warn] 03-open: report value comment_text_in_activity is only what this run typed: no click's own diff showed it outside its control and no read returned it — withheld from the report (still given to a later step)
[sitelooper step] 03-open
[sitelooper drift] 04-open s_93c1a5/4 target: primary locator('#work-packages-activities-tab-journals-item-component-show-63 > div > div:nth-of-type(1) > div > p') missed; used #2 locator('[data-sitelooper-point="1072,423"]') (#1 absent)
[sitelooper step] 04-open
  ✓  1 fwop20.spec.ts:9:1 › fwop20 (1.3m)

  1 passed (1.3m)
