
[sweep] run 1/3: fwop11-n1 (store: /home/user/sitelooper/bench/results/fwop11-skills)
[harness] openproject: defaulting APP_URL
[harness] openproject: defaulting APP_EMAIL
[harness] openproject: defaulting APP_PASSWORD
[reset] openproject: no leftover bench work packages
[harness] openproject responded 302 at http://127.0.0.1:8090/
stopped: fwop11-n1
  flow "fwop11" saved: 3 step(s), vars runid → /home/user/sitelooper/bench/results/flows/fwop11.json
  warning: note: 01-signin no longer publishes work_package_total — no replay reads it from the page and the recording showed no line to read
  warning: note: 02-create no longer publishes type, assignee, page_title — no replay reads them from the page and the recording showed no line to read
  warning: note: 03-open no longer publishes finish_date, comment_author_and_timestamp — no replay reads them from the page and the recording showed no line to read
  warning: note: 01-signin: added a read for bench_project_link to s_b3e25c (page.getByRole('button', { name: 'Bench Project', exact: true }), page.getByRole('link', { name: 'Bench Project', exact: true }); seen on the next instruction's start page)
  warning: note: 02-create: added a read for confirmation_alert to s_3dbf46 (page.getByRole('alert', { name: 'Successful creation.', exact: true }); seen on the instruction's own page)
  warning: warning: 189 other value(s) the run saw survived unslotted, judged by shape only (usually page copy; non-fatal):
  flow.startUrl: "http://127.0.0.1:8090/" (output) in "http://127.0.0.1:8090/"
  flow.steps[0].instruction: "http://127.0.0.1:8090/" (output) in "Sign in to OpenProject at http://127.0.0.1:8090/ as admin with password {{env:APP_PASSWORD}} (type the password text exactly as shown), then open the project 'B"
  flow.steps[0].instruction: "Bench Project" (output) in "Sign in to OpenProject at http://127.0.0.1:8090/ as admin with password {{env:APP_PASSWORD}} (type the password text exactly as shown), then open the project 'B"
  flow.steps[0].instruction: "Project" (output) in "Sign in to OpenProject at http://127.0.0.1:8090/ as admin with password {{env:APP_PASSWORD}} (type the password text exactly as shown), then open the project 'B"
  flow.steps[0].params.v1: "http://127.0.0.1:8090/" (output) in "http://127.0.0.1:8090/"
arm=sitelooper model=z-ai/glm-5.3 runid=fwop11-n1 stop=completed
turns=4 wall=394.0s
commands=3 cmdTime=384.4s cmdBytes=4628 timeouts=0
orchestrator in=3334 cw=0 cr=10240 out=540
inner prompt=1610734 cached=1480448 completion=18383
spend=$0.0449 maxUsd=3
learn: A_n=0 replayed=0/3 full=0 repaired=0 compiled=3 variants=0
-> /home/user/sitelooper/bench/results/fwop11-n1-sitelooper-result.json

fwop11-n1: objectives passed 7/7
  obj 1: PASS — all 3 seed subjects reported
  obj 2: PASS — type=Task, description includes runid=true
  obj 3: PASS — assignee=Bench Assignee
  obj 4: PASS — status=In progress
  obj 5: PASS — finish date=2026-12-31, want 2026-12-31
  obj 6: PASS — 1 comment(s), 1 carrying the runid
  obj 7: PASS — work package id 41 reported

[sweep] run 2/3: fwop11-n2 (replay flow fwop11, no orchestrator)
[reset] openproject: deleted 1 leftover bench work package(s)
[sweep] fwop11-n2: 2 drift ticket(s) → fwop11-n2-drift.json

fwop11-n2: objectives passed 7/7
  obj 1: PASS — all 3 seed subjects reported
  obj 2: PASS — type=Task, description includes runid=true
  obj 3: PASS — assignee=Bench Assignee
  obj 4: PASS — status=In progress
  obj 5: PASS — finish date=2026-12-31, want 2026-12-31
  obj 6: PASS — 1 comment(s), 1 carrying the runid
  obj 7: PASS — work package id 42 reported

[sweep] run 3/3: fwop11-n3 (replay flow fwop11, no orchestrator)
[reset] openproject: deleted 1 leftover bench work package(s)
[sweep] fwop11-n3: 2 drift ticket(s) → fwop11-n3-drift.json

fwop11-n3: objectives passed 7/7
  obj 1: PASS — all 3 seed subjects reported
  obj 2: PASS — type=Task, description includes runid=true
  obj 3: PASS — assignee=Bench Assignee
  obj 4: PASS — status=In progress
  obj 5: PASS — finish date=2026-12-31, want 2026-12-31
  obj 6: PASS — 1 comment(s), 1 carrying the runid
  obj 7: PASS — work package id 43 reported

Learning sweep fwop11 (K=3)
┌─────────┬───┬─────────────┬──────────┬─────────────┬───────┬──────┬───────────┬─────┬──────────────┬────────┐
│ (index) │ n │ runid       │ verified │ stop        │ turns │ cmds │ total_usd │ A_n │ replayed     │ wall_s │
├─────────┼───┼─────────────┼──────────┼─────────────┼───────┼──────┼───────────┼─────┼──────────────┼────────┤
│ 0       │ 1 │ 'fwop11-n1' │ '7/7'    │ 'completed' │ 4     │ 3    │ 0.0449    │ 0   │ '0/3'        │ 394    │
│ 1       │ 2 │ 'fwop11-n2' │ '7/7'    │ 'partial'   │ 0     │ 3    │ 0         │ 1   │ '2/3 (flow)' │ 134    │
│ 2       │ 3 │ 'fwop11-n3' │ '7/7'    │ 'partial'   │ 0     │ 3    │ 0         │ 1   │ '2/3 (flow)' │ 133    │
└─────────┴───┴─────────────┴──────────┴─────────────┴───────┴──────┴───────────┴─────┴──────────────┴────────┘
http://127.0.0.1:8090
  s_1ab100  validated    6 steps  3/3 (100%)
           Open the work package '{{v1}}' ({{v3}}) details page in {{v5}}, add a comment whose text includes '{{v2}}', th…
  s_2d1508  validated    3 steps  3/3 (100%)
           Sign in to OpenProject at {{v1}} as {{v2}} with password {{v3}} (type the password text exactly as shown), the…
  s_336675  validated   16 steps  3/3 (100%)
           In the {{v1}} work packages list, create a new work package of type Task titled '{{v4}}'. In its details, set …
  s_3dbf46  validated    4 steps  3/3 (100%)
           In the {{v1}} work packages list, create a new work package of type Task titled '{{v4}}'. In its details, set …
  s_5461a1  validated    3 steps  3/3 (100%)
           Sign in to OpenProject at {{v1}} as {{v2}} with password {{v3}} (type the password text exactly as shown), the…
  s_5b3e86  provisional  2 steps  1/3 (33%)
           In the {{v1}} work packages list, create a new work package of type Task titled '{{v4}}'. In its details, set …
  s_64d902  validated    5 steps  3/3 (100%)
           Open the work package '{{v1}}' ({{v3}}) details page in {{v5}}, add a comment whose text includes '{{v2}}', th…
  s_884bba  validated    2 steps  3/3 (100%)
           Sign in to OpenProject at {{v1}} as {{v2}} with password {{v3}} (type the password text exactly as shown), the…
  s_95f17d  validated    1 steps  3/3 (100%)
           Sign in to OpenProject at {{v1}} as {{v2}} with password {{v3}} (type the password text exactly as shown), the…
  s_a38e64  validated    1 steps  3/3 (100%)
           Sign in to OpenProject at {{v1}} as {{v2}} with password {{v3}} (type the password text exactly as shown), the…
  s_b3e1d7  validated    1 steps  3/3 (100%)
           Open the work package '{{v1}}' ({{v3}}) details page in {{v5}}, add a comment whose text includes '{{v2}}', th…
  s_b3e25c  validated    9 steps  3/3 (100%)
           Sign in to OpenProject at {{v1}} as {{v2}} with password {{v3}} (type the password text exactly as shown), the…
store: /home/user/sitelooper/bench/results/fwop11-skills

summary: /home/user/sitelooper/bench/results/fwop11-sweep.json
