
Running 1 test using 1 worker

[sitelooper skip] 01-open s_26af63/1: closes the dialog "Welcome to OpenProject, Bench Admin" with "Close", which is not open — already in effect
[sitelooper warn] 01-open s_4b8679/1: recorded url http://127.0.0.1:8090/projects is the page the clicked link left (captured before its navigation committed); the click went where the link points, http://127.0.0.1:8090/projects/bench-project — accepted
[sitelooper drift] 01-open s_4b8679/2 target: none of 3 recorded locators resolved; navigated to the step's recorded destination instead (http://127.0.0.1:8090/projects)
[sitelooper skip] 01-open s_0833dd/8 target: no locator recorded — value left empty
[sitelooper step] 01-open
[sitelooper warn] 02-create s_21a30a/2: the page's alerts could not be observed in full after the action — whether it raised an alert is unknown, not clear
[sitelooper warn] 02-create s_501be6/2: the page's alerts could not be observed in full after the action — whether it raised an alert is unknown, not clear
[sitelooper warn] 02-create s_501be6/3: the page's alerts could not be observed in full after the action — whether it raised an alert is unknown, not clear
[sitelooper recipe] filled via recipe contenteditable/set-value (r_7b1e49); value verified on the component
[sitelooper warn] 02-create s_501be6/4: the page's alerts could not be observed in full after the action — whether it raised an alert is unknown, not clear
[sitelooper step] 02-create
[sitelooper warn] 03-set s_21aeb6/6: read 'assignee_displayed_value' returned a value the skill itself set/selected ('Bench Assignee') — confirms the control, not persistence; dropped from the report's confident values
[sitelooper step] 03-set
[sitelooper warn] 04-change s_903633/2: expected alert containing "Successful update."
[sitelooper warn] 04-change s_903633/3: read 'status_after_displayed' returned a value the skill itself set/selected ('In progress') — confirms the control, not persistence; dropped from the report's confident values
[sitelooper warn] 04-change s_903633/4: read 'status_after_displayed' returned a value the skill itself set/selected ('In progress') — confirms the control, not persistence; dropped from the report's confident values
[sitelooper skip] 04-change s_903633/5 target: no locator recorded — value left empty
[sitelooper skip] 04-change s_903633/6 target: no locator recorded — value left empty
[sitelooper skip] 04-change s_903633/7 target: no locator recorded — value left empty
[sitelooper step] 04-change
[sitelooper warn] 05-set s_8b0573/3: read 'finish_date_input_value_typed' returned a value the skill itself set/selected ('2026-12-31') — confirms the control, not persistence; dropped from the report's confident values
[sitelooper warn] 05-set s_8b0573/4: expected alert containing "Successful update."
[sitelooper step] 05-set
[sitelooper recipe] filled via recipe contenteditable/set-value (r_7b1e49); value verified on the component
[sitelooper drift] 06-add s_80842e/1 target: primary locator('#work-packages-activities-tab-journals-item-component-show-63 > div > div:nth-of-type(1) > div > p') missed; used #2 locator('[data-sitelooper-point="1069,350"]') (#1 absent)
[sitelooper step] 06-add
[sitelooper drift] 07-open s_ce1fcf/9 target: primary locator('#work-packages-activities-tab-journals-item-component-show-63 > div > div:nth-of-type(1) > div > p') missed; used #2 locator('[data-sitelooper-point="1069,350"]') (#1 absent)
[sitelooper step] 07-open
  ✓  1 fwop6.spec.ts:9:1 › fwop6 (1.1m)

  1 passed (1.1m)
