
Running 1 test using 1 worker

[sitelooper skip] 01-open s_02b369/5 target: no locator recorded — value left empty
[sitelooper step] 01-open
[sitelooper warn] 02-open s_1a0f85/4: read 'view' returned a value the skill itself set/selected ('Default: All open') — confirms the control, not persistence; dropped from the report's confident values
[sitelooper step] 02-open
[sitelooper step] 03-change
[sitelooper warn] 04-create s_ff5f38/2: the page's alerts could not be observed in full after the action — whether it raised an alert is unknown, not clear
[sitelooper warn] 04-create s_9e1cdb/1: the page's alerts could not be observed in full after the action — whether it raised an alert is unknown, not clear
[sitelooper warn] 04-create s_9e1cdb/2: read 'work_package_subject' returned a value the skill itself set/selected ('fwop17-cv-c1 Bench Work Package') — confirms the control, not persistence; dropped from the report's confident values
[sitelooper warn] 04-create s_9e1cdb/3: the page's alerts could not be observed in full after the action — whether it raised an alert is unknown, not clear
[sitelooper recipe] filled via recipe contenteditable/set-value (r_7b1e49); value verified on the component
[sitelooper warn] 04-create s_9e1cdb/4: the page's alerts could not be observed in full after the action — whether it raised an alert is unknown, not clear
[sitelooper warn] step 04-create s_9e1cdb/5: its recorded page change was found only by its full name, which is longer than the 80 characters a look names an element by
[sitelooper drift] 04-create s_d9fa8c/1 target: primary getByText('fwop17-cv-c1 Bench Work Package', { exact: true }) missed; used #2 locator('.work-packages--details--subject').first() (#1 ambiguous)
[sitelooper step] 04-create
[sitelooper drift] 05-set s_a7af97/2 target: primary locator('role=option').nth(1) missed; used #2 locator('html > body > ng-dropdown-panel > div:nth-of-type(1) > div:nth-of-type(2) > div') (#1 absent)
[sitelooper step] 05-set
[sitelooper warn] 06-change s_36c6de/5: expected alert containing "Successful update."
[sitelooper warn] 06-change s_36c6de/6: read 'status_field_display_after' returned a value the skill itself set/selected ('In progress') — confirms the control, not persistence; dropped from the report's confident values
[sitelooper skip] 06-change s_36c6de/7 target: no locator recorded — value left empty
[sitelooper skip] 06-change s_36c6de/8 target: no locator recorded — value left empty
[sitelooper step] 06-change
[sitelooper warn] 07-set s_3e24fd/9: read 'finish_date_input_value_on_reopen' returned a value the skill itself set/selected ('2026-12-31') — confirms the control, not persistence; dropped from the report's confident values
[sitelooper skip] 07-set s_3e24fd/12 target: no locator recorded — value left empty
[sitelooper step] 07-set
[sitelooper recipe] filled via recipe contenteditable/set-value (r_7b1e49); value verified on the component
[sitelooper warn] 08-add s_e86a44/4: read 'comment_text_as_displayed' returned a value the skill itself set/selected ('Comment for run fwop17-cv-c1') — confirms the control, not persistence; dropped from the report's confident values
[sitelooper step] 08-add
[sitelooper step] 09-open
  ✓  1 fwop17-cv.spec.ts:9:1 › fwop17-cv (1.3m)

  1 passed (1.4m)
