
[sweep] run 1/3: fwop7-n1 (store: /home/user/sitelooper/bench/results/fwop7-skills)
[harness] openproject: defaulting APP_URL
[harness] openproject: defaulting APP_EMAIL
[harness] openproject: defaulting APP_PASSWORD
[reset] openproject: no leftover bench work packages
[harness] openproject responded 302 at http://127.0.0.1:8090/
stopped: fwop7-n1
  flow "fwop7" saved: 8 step(s), vars runid → /home/user/sitelooper/bench/results/flows/fwop7.json
  warning: note: 1 goal/report value(s) carrying a value this run made were slotted or dropped:
  s_7993c0.reportTemplate.values.other_row dropped (recorded literal of a value this run made)
  warning: note: 02-open no longer publishes seed_subject_1, seed_subject_2, seed_subject_3, work_package_ids — no replay reads them from the page and the recording showed no line to read
  warning: note: 03-create no longer publishes numeric_id, position — no replay reads them from the page and the recording showed no line to read
  warning: note: 04-open no longer publishes assignee_aria_label, assignee_dropdown_option, assignee_after_full_page_reload — no replay reads them from the page and the recording showed no line to read
  warning: note: 06-add no longer publishes comment_entry_aria_label, comment_journal_id, comment_header_full_text — no replay reads them from the page and the recording showed no line to read
  warning: note: 07-open no longer publishes c_type, f_finish_date, other_attributes — no replay reads them from the page and the recording showed no line to read
  warning: note: 08-report no longer publishes total_work_packages_with_all_statuses, other_row — no replay reads them from the page and the recording showed no line to read
  warning: note: 05-verify: added a read for status_before to s_f0871f (page.getByRole('menuitem', { name: 'New', exact: true }); seen on the instruction's own page)
  warning: note: 01-signin: added a read for page_heading_brand to s_822d8a (page.getByRole('heading', { name: 'OpenProject', exact: true }); seen on the next instruction's start page)
  warning: note: 03-create: added a read for alert_on_save to s_8df901 (page.getByRole('alert', { name: 'Successful creation.', exact: true }); seen on the instruction's own page)
  warning: note: 05-verify: added a read for date_field_aria_label to s_f0871f (page.getByRole('button', { name: 'Start date : Edit', exact: true }); seen on the next instruction's start page)
  warning: note: 06-add: added a read for comment_author_avatar to s_63892d (page.getByRole('button', { name: 'BA', exact: true }); seen on the next instruction's start page)
  warning: warning: 178 other value(s) the run saw survived unslotted, judged by shape only (usually page copy; non-fatal):
  flow.steps[0].instruction: "OpenProject" (output) in "Sign in to OpenProject with username 'admin' and password 'bench-admin-pass' and confirm you reach the signed-in home page (report the page title or visible hea"
  flow.steps[2].instruction: "OpenProject" (output) in "In the project 'Bench Project' (http://127.0.0.1:8090/projects/bench-project/work_packages), create a NEW work package of type 'Task' with subject exactly '{{ru"
  flow.steps[2].params.v2: "OpenProject" (output) in "OpenProject"
  flow.steps[3].instruction: "Bench Assignee" (output) in "Open work package #{{03-create.url.p4}} ('{{runid}} Bench Work Package') in project 'Bench Project' (URL http://127.0.0.1:8090/projects/bench-project/work_packa"
  flow.steps[4].instruction: "In progress" (output) in "On work package #{{03-create.url.p4}} ('{{runid}} Bench Work Package') in project 'Bench Project' ({{04-open.url}}), do two things and verify both: (1) set its "
  warning: {{04-open.alert_on_save}} (used by 05-verify) can only be re-observed by model recovery — consider re-recording so the value is read from the page.
  warning: 04-open reports alert_on_save, but no segment of the procedure it pins (s_a1db09, with any later segment of its chain) re-reads it from the page — a replay without the model will succeed without that value; re-record so a read for it lands in that procedure's last segment.
arm=sitelooper model=z-ai/glm-5.3 runid=fwop7-n1 stop=completed
turns=10 wall=543.4s
commands=9 cmdTime=483.7s cmdBytes=14160 timeouts=0
orchestrator in=7573 cw=0 cr=38464 out=2262
inner prompt=2993985 cached=2805120 completion=36220
spend=$0.0894 maxUsd=3
learn: A_n=0 replayed=0/8 full=0 repaired=0 compiled=8 variants=0
-> /home/user/sitelooper/bench/results/fwop7-n1-sitelooper-result.json

fwop7-n1: objectives passed 7/7
  obj 1: PASS — all 3 seed subjects reported
  obj 2: PASS — type=Task, description includes runid=true
  obj 3: PASS — assignee=Bench Assignee
  obj 4: PASS — status=In progress
  obj 5: PASS — finish date=2026-12-31, want 2026-12-31
  obj 6: PASS — 1 comment(s), 1 carrying the runid
  obj 7: PASS — work package id 41 reported

[sweep] run 2/3: fwop7-n2 (replay flow fwop7, no orchestrator)
[reset] openproject: deleted 1 leftover bench work package(s)
[sweep] fwop7-n2: 6 drift ticket(s) → fwop7-n2-drift.json

fwop7-n2: objectives passed 6/7
  obj 1: FAIL — subject(s) not in report: Seed: triage inbox, Seed: order missing parts, Seed: ship repaired device
  obj 2: PASS — type=Task, description includes runid=true
  obj 3: PASS — assignee=Bench Assignee
  obj 4: PASS — status=In progress
  obj 5: PASS — finish date=2026-12-31, want 2026-12-31
  obj 6: PASS — 1 comment(s), 1 carrying the runid
  obj 7: PASS — work package id 42 reported

[sweep] run 3/3: fwop7-n3 (replay flow fwop7, no orchestrator)
[reset] openproject: deleted 1 leftover bench work package(s)
[sweep] fwop7-n3: 7 drift ticket(s) → fwop7-n3-drift.json

fwop7-n3: objectives passed 6/7
  obj 1: FAIL — subject(s) not in report: Seed: triage inbox, Seed: order missing parts, Seed: ship repaired device
  obj 2: PASS — type=Task, description includes runid=true
  obj 3: PASS — assignee=Bench Assignee
  obj 4: PASS — status=In progress
  obj 5: PASS — finish date=2026-12-31, want 2026-12-31
  obj 6: PASS — 1 comment(s), 1 carrying the runid
  obj 7: PASS — work package id 43 reported

Learning sweep fwop7 (K=3)
┌─────────┬───┬────────────┬──────────┬─────────────┬───────┬──────┬───────────┬─────┬──────────────┬────────┐
│ (index) │ n │ runid      │ verified │ stop        │ turns │ cmds │ total_usd │ A_n │ replayed     │ wall_s │
├─────────┼───┼────────────┼──────────┼─────────────┼───────┼──────┼───────────┼─────┼──────────────┼────────┤
│ 0       │ 1 │ 'fwop7-n1' │ '7/7'    │ 'completed' │ 10    │ 9    │ 0.0894    │ 0   │ '0/8'        │ 543    │
│ 1       │ 2 │ 'fwop7-n2' │ '6/7'    │ 'success'   │ 0     │ 8    │ 0         │ 1   │ '8/8 (flow)' │ 88     │
│ 2       │ 3 │ 'fwop7-n3' │ '6/7'    │ 'success'   │ 0     │ 8    │ 0         │ 1   │ '8/8 (flow)' │ 81     │
└─────────┴───┴────────────┴──────────┴─────────────┴───────┴──────┴───────────┴─────┴──────────────┴────────┘
http://127.0.0.1:8090
  s_63892d  validated    3 steps  3/3 (100%)
           On work package #{{v1}} ('{{v2}}') in project 'Bench Project' ({{v4}}), add a comment whose text includes '{{v…
  s_65017d  validated    5 steps  3/3 (100%)
           Navigate to the project named '{{v1}} Project' and open its work packages list. Find all work packages whose s…
  s_7321ec  validated    1 steps  3/3 (100%)
           Final read-only verification of work package #{{v1}} in project 'Bench Project' (http://127.0.0.1:8090/project…
  s_7993c0  validated    3 steps  3/3 (100%)
           Read-only check: in project 'Bench Project' work packages list (http://127.0.0.1:8090/projects/bench-project/w…
  s_822d8a  validated    6 steps  3/3 (100%)
           Sign in to OpenProject with username '{{v1}}' and password '{{v2}}' and confirm you reach the signed-in home p…
  s_846e0f  validated    3 steps  3/3 (100%)
           Sign in to OpenProject with username '{{v1}}' and password '{{v2}}' and confirm you reach the signed-in home p…
  s_8dd3de  validated    1 steps  3/3 (100%)
           Final read-only verification of work package #{{v1}} in project 'Bench Project' (http://127.0.0.1:8090/project…
  s_8df901  validated    5 steps  3/3 (100%)
           In the project 'Bench Project' (http://127.0.0.1:8090/projects/bench-project/work_packages), create a NEW work…
  s_a09e81  validated    1 steps  3/3 (100%)
           On work package #{{v1}} ('{{v2}}') in project 'Bench Project' ({{v4}}), add a comment whose text includes '{{v…
  s_a1db09  validated    5 steps  3/3 (100%)
           Open work package #{{v1}} ('{{v2}}') in project 'Bench Project' (URL {{v4}}). Set its Assignee field to the us…
  s_b26ecd  validated    4 steps  3/3 (100%)
           Final read-only verification of work package #{{v1}} in project 'Bench Project' (http://127.0.0.1:8090/project…
  s_c5e2f3  validated    6 steps  3/3 (100%)
           Navigate to the project named '{{v1}} Project' and open its work packages list. Find all work packages whose s…
  s_e1d6ab  validated    1 steps  3/3 (100%)
           Final read-only verification of work package #{{v1}} in project 'Bench Project' (http://127.0.0.1:8090/project…
  s_e89958  validated    4 steps  3/3 (100%)
           In the project 'Bench Project' (http://127.0.0.1:8090/projects/bench-project/work_packages), create a NEW work…
  s_ef26ec  validated    3 steps  3/3 (100%)
           Navigate to the project named '{{v1}} Project' and open its work packages list. Find all work packages whose s…
  s_ef3ee6  validated    1 steps  3/3 (100%)
           On work package #{{v1}} ('{{v2}}') in project 'Bench Project' ({{v4}}), add a comment whose text includes '{{v…
  s_f0871f  validated   12 steps  3/3 (100%)
           On work package #{{v1}} ('{{v2}}') in project 'Bench Project' ({{v5}}), do two things and verify both: (1) set…
  s_f91221  validated    2 steps  3/3 (100%)
           In the project 'Bench Project' (http://127.0.0.1:8090/projects/bench-project/work_packages), create a NEW work…
  s_f97f9d  validated    4 steps  3/3 (100%)
           On work package #{{v1}} ('{{v2}}') in project 'Bench Project' ({{v4}}), add a comment whose text includes '{{v…
store: /home/user/sitelooper/bench/results/fwop7-skills

summary: /home/user/sitelooper/bench/results/fwop7-sweep.json
