
[sweep] run 1/3: fwop18-n1 (store: /home/user/sitelooper/bench/results/fwop18-skills)
[harness] openproject: defaulting APP_URL
[harness] openproject: defaulting APP_EMAIL
[harness] openproject: defaulting APP_PASSWORD
[reset] openproject: no leftover bench work packages
[harness] openproject responded 302 at http://127.0.0.1:8090/
stopped: fwop18-n1
  flow "fwop18" saved: 8 step(s), vars runid → /home/user/sitelooper/bench/results/flows/fwop18.json
  warning: note: dropped 1 locator candidate(s) carrying a value this run minted (known only by export time)
  warning: note: 01-signin no longer publishes landing_page — no replay reads it from the page and the recording showed no line to read
  warning: note: 02-open no longer publishes project_url, seed_subject_count, seed_subjects — no replay reads them from the page and the recording showed no line to read
  warning: note: 03-create no longer publishes work_package_type, label_2 — no replay reads them from the page and the recording showed no line to read
  warning: note: 04-set no longer publishes assignee_email, assignee_option_selected_from_dropdown, assignee_field_css_classes — no replay reads them from the page and the recording showed no line to read
  warning: note: 05-change no longer publishes status_cell_in_list_updated — no replay reads it from the page and the recording showed no line to read
  warning: note: 06-set no longer publishes other_page_display — no replay reads it from the page and the recording showed no line to read
  warning: warning: 07-add's instruction asks to report comment_author, and no replay can publish it: nothing in its procedure reads it from the page, so export dropped it — re-record the step so the value is read, not only reported
  warning: note: 07-add no longer publishes comment_anchor, comment_reference, journal_entry_selector, comment_anchor_id — no replay reads them from the page and the recording showed no line to read
  warning: warning: 08-open's instruction asks to report 7_finish_date, and no replay can publish it: nothing in its procedure reads it from the page, so export dropped it — re-record the step so the value is read, not only reported
  warning: note: 08-open no longer publishes comment_author, comment_journal_entry_footer — no replay reads them from the page and the recording showed no line to read
  warning: note: 02-open: added a read for project to s_433958 (page.getByRole('button', { name: 'Bench Project', exact: true }), page.getByRole('link', { name: 'Bench Project', exact: true }); seen on the next instruction's start page)
  warning: note: 03-create: added a read for confirmation_alert to s_e07309 (page.getByRole('alert', { name: 'Successful creation.', exact: true }); seen on the instruction's own page)
  warning: note: 04-set: added a read for save_confirmation_alert to s_987930 (page.getByRole('alert', { name: 'Successful update.', exact: true }); seen on the instruction's own page)
  warning: note: 05-change: added a read for confirmation_alert to s_f8b198 (page.getByRole('alert', { name: 'Successful update.', exact: true }); seen on the instruction's own page)
  warning: note: 05-change: added a read for status_before_change to s_f8b198 (page.getByRole('menuitem', { name: 'New', exact: true }); seen on the instruction's own page)
  warning: note: 06-set: added a read for confirmation_alert to s_3330ca (page.getByRole('alert', { name: 'Successful update.', exact: true }); seen on the instruction's own page)
  warning: warning: 484 other value(s) the run saw survived unslotted, judged by shape only (usually page copy; non-fatal):
  flow.steps[1].instruction: "Bench Project" (output) in "Navigate to the project named 'Bench Project' and open its work packages list. Find all work packages in that project whose subject starts with 'Seed:'. Report "
  flow.steps[1].instruction: "Project" (output) in "Navigate to the project named 'Bench Project' and open its work packages list. Find all work packages in that project whose subject starts with 'Seed:'. Report "
  flow.steps[1].route: "http://127.0.0.1:8090/projects/bench-project/work_packages" (output) in "http://127.0.0.1:8090/projects/bench-project/work_packages"
  flow.steps[1].route: "http://127.0.0.1:8090/projects/bench-project" (output) in "http://127.0.0.1:8090/projects/bench-project/work_packages"
  flow.steps[1].route: "http://127.0.0.1:8090/projects" (output) in "http://127.0.0.1:8090/projects/bench-project/work_packages"
arm=sitelooper model=z-ai/glm-5.3 runid=fwop18-n1 stop=completed
turns=10 wall=539.9s
commands=9 cmdTime=519.7s cmdBytes=11054 timeouts=0
orchestrator in=6186 cw=0 cr=36416 out=2519
inner prompt=3236157 cached=3038848 completion=42372
spend=$0.0937 maxUsd=3
learn: A_n=0 replayed=0/8 full=0 repaired=0 compiled=8 variants=0
-> /home/user/sitelooper/bench/results/fwop18-n1-sitelooper-result.json

fwop18-n1: objectives passed 7/7
  obj 1: PASS — all 3 seed subjects reported
  obj 2: PASS — type=Task, description includes runid=true
  obj 3: PASS — assignee=Bench Assignee
  obj 4: PASS — status=In progress
  obj 5: PASS — finish date=2026-12-31, want 2026-12-31
  obj 6: PASS — 1 comment(s), 1 carrying the runid
  obj 7: PASS — work package id 41 reported

[sweep] run 2/3: fwop18-n2 (replay flow fwop18, no orchestrator)
[reset] openproject: deleted 1 leftover bench work package(s)
[sweep] fwop18-n2: 8 drift ticket(s) → fwop18-n2-drift.json

fwop18-n2: objectives passed 6/7
  obj 1: FAIL — subject(s) not in report: Seed: triage inbox, Seed: order missing parts, Seed: ship repaired device
  obj 2: PASS — type=Task, description includes runid=true
  obj 3: PASS — assignee=Bench Assignee
  obj 4: PASS — status=In progress
  obj 5: PASS — finish date=2026-12-31, want 2026-12-31
  obj 6: PASS — 1 comment(s), 1 carrying the runid
  obj 7: PASS — work package id 42 reported

[sweep] run 3/3: fwop18-n3 (replay flow fwop18, no orchestrator)
[reset] openproject: deleted 1 leftover bench work package(s)
[sweep] fwop18-n3: 8 drift ticket(s) → fwop18-n3-drift.json

fwop18-n3: objectives passed 6/7
  obj 1: FAIL — subject(s) not in report: Seed: triage inbox, Seed: order missing parts, Seed: ship repaired device
  obj 2: PASS — type=Task, description includes runid=true
  obj 3: PASS — assignee=Bench Assignee
  obj 4: PASS — status=In progress
  obj 5: PASS — finish date=2026-12-31, want 2026-12-31
  obj 6: PASS — 1 comment(s), 1 carrying the runid
  obj 7: PASS — work package id 43 reported

Learning sweep fwop18 (K=3)
┌─────────┬───┬─────────────┬──────────┬─────────────┬───────┬──────┬───────────┬─────┬──────────────┬────────┐
│ (index) │ n │ runid       │ verified │ stop        │ turns │ cmds │ total_usd │ A_n │ replayed     │ wall_s │
├─────────┼───┼─────────────┼──────────┼─────────────┼───────┼──────┼───────────┼─────┼──────────────┼────────┤
│ 0       │ 1 │ 'fwop18-n1' │ '7/7'    │ 'completed' │ 10    │ 9    │ 0.0937    │ 0   │ '0/8'        │ 540    │
│ 1       │ 2 │ 'fwop18-n2' │ '6/7'    │ 'success'   │ 0     │ 8    │ 0         │ 1   │ '8/8 (flow)' │ 148    │
│ 2       │ 3 │ 'fwop18-n3' │ '6/7'    │ 'success'   │ 0     │ 8    │ 0         │ 1   │ '8/8 (flow)' │ 112    │
└─────────┴───┴─────────────┴──────────┴─────────────┴───────┴──────┴───────────┴─────┴──────────────┴────────┘
http://127.0.0.1:8090
  s_14c3b4  validated    1 steps  3/3 (100%)
           Navigate to the project named 'Bench Project' and open its work packages list. Find all work packages in that …
  s_3330ca  validated    7 steps  3/3 (100%)
           On the work package detail page for work package {{v1}} ('{{v3}}') in {{v6}}, set the Finish date field to 202…
  s_433958  validated    6 steps  3/3 (100%)
           Navigate to the project named 'Bench Project' and open its work packages list. Find all work packages in that …
  s_43755e  validated    4 steps  3/3 (100%)
           In the project '{{v1}}', create a new work package of type 'Task' with the subject '{{v4}}' and a description …
  s_4902e7  validated   19 steps  3/3 (100%)
           On the work package detail page for work package {{v1}} ('{{v3}}') in {{v6}}, add a comment whose text include…
  s_8cbbc7  validated    9 steps  3/3 (100%)
           Open the work package detail page for work package {{v1}} in {{v3}} (subject '{{v5}}'). Read and report the fo…
  s_987930  validated    9 steps  3/3 (100%)
           On the work package detail page for work package {{v1}} ('{{v3}}') in {{v6}}, set the Assignee field to the us…
  s_a592d2  validated    2 steps  3/3 (100%)
           In the project '{{v1}}', create a new work package of type 'Task' with the subject '{{v4}}' and a description …
  s_bb4a93  validated    3 steps  3/3 (100%)
           Sign in to OpenProject with username {{v1}} and password {{env:APP_PASSWORD}} (type the password text exactly …
  s_d01871  validated    3 steps  3/3 (100%)
           Sign in to OpenProject with username {{v1}} and password {{env:APP_PASSWORD}} (type the password text exactly …
  s_d35051  validated    4 steps  3/3 (100%)
           Open the work package detail page for work package {{v1}} in {{v3}} (subject '{{v5}}'). Read and report the fo…
  s_d77f13  validated    4 steps  3/3 (100%)
           Navigate to the project named 'Bench Project' and open its work packages list. Find all work packages in that …
  s_df6df6  validated    2 steps  3/3 (100%)
           Navigate to the project named 'Bench Project' and open its work packages list. Find all work packages in that …
  s_e07309  validated    9 steps  3/3 (100%)
           In the project '{{v1}}', create a new work package of type 'Task' with the subject '{{v4}}' and a description …
  s_ec76c2  validated    1 steps  3/3 (100%)
           On the work package detail page for work package {{v1}} ('{{v3}}') in {{v6}}, add a comment whose text include…
  s_f8b198  validated   10 steps  3/3 (100%)
           On the work package detail page for work package {{v1}} ('{{v3}}') in {{v6}}, change the Status field to 'In p…
store: /home/user/sitelooper/bench/results/fwop18-skills

summary: /home/user/sitelooper/bench/results/fwop18-sweep.json
