
Running 1 test using 1 worker

[sitelooper skip] 01-open s_2315c2/1: closes the dialog "Welcome to OpenProject, Bench Admin" with "Close", which is not open — already in effect
[sitelooper step] 01-open
[sitelooper warn] 02-create s_e6255e/2: the page's alerts could not be observed in full after the action — whether it raised an alert is unknown, not clear
[sitelooper warn] 02-create s_99ac70/1: the page's alerts could not be observed in full after the action — whether it raised an alert is unknown, not clear
[sitelooper warn] 02-create s_99ac70/2: the page's alerts could not be observed in full after the action — whether it raised an alert is unknown, not clear
[sitelooper warn] 02-create s_99ac70/3: the page's alerts could not be observed in full after the action — whether it raised an alert is unknown, not clear
[sitelooper warn] 02-create s_99ac70/4: the page's alerts could not be observed in full after the action — whether it raised an alert is unknown, not clear
[sitelooper warn] 02-create s_99ac70/5: the page's alerts could not be observed in full after the action — whether it raised an alert is unknown, not clear
[sitelooper warn] 02-create s_99ac70/6: read 'create_form_status' returned a value the skill itself set/selected ('Status New: Edit') — confirms the control, not persistence; dropped from the report's confident values
[sitelooper warn] 02-create s_99ac70/7: read 'type_label' returned 'New' from a control this step set, and nothing committed it since — it shows the control, however the app formats it, not what the app stored; dropped from the report's confident values
[sitelooper warn] 02-create s_99ac70/8: the page's alerts could not be observed in full after the action — whether it raised an alert is unknown, not clear
[sitelooper warn] 02-create s_99ac70/9: the page's alerts could not be observed in full after the action — whether it raised an alert is unknown, not clear
[sitelooper warn] 02-create s_99ac70/10: the page's alerts could not be observed in full after the action — whether it raised an alert is unknown, not clear
[sitelooper warn] 02-create s_99ac70/11: the page's alerts could not be observed in full after the action — whether it raised an alert is unknown, not clear
[sitelooper warn] 02-create s_99ac70/12: the page's alerts could not be observed in full after the action — whether it raised an alert is unknown, not clear
[sitelooper warn] 02-create s_99ac70/13: read 'create_form_assignee_dis' returned a value the skill itself set/selected ('Bench Assignee
×') — confirms the control, not persistence; dropped from the report's confident values
[sitelooper warn] 02-create s_99ac70/14: the page's alerts could not be observed in full after the action — whether it raised an alert is unknown, not clear
[sitelooper warn] 02-create s_99ac70/15: the page's alerts could not be observed in full after the action — whether it raised an alert is unknown, not clear
[sitelooper warn] 02-create s_99ac70/16: read 'datepicker_finish_value' returned a value the skill itself set/selected ('2026-12-31') — confirms the control, not persistence; dropped from the report's confident values
[sitelooper warn] 02-create s_99ac70/17: the page's alerts could not be observed in full after the action — whether it raised an alert is unknown, not clear
[sitelooper skip] 02-create s_c0ce44/9 target: no locator recorded — value left empty
[sitelooper drift] 02-create s_c0ce44/10 target: primary getByRole('link', { name: /^[\s\p{Co}\p{So}\p{Cf}]*ASSIGNEE[\s\p{Co}\p{So}\p{Cf}]*$/u }) missed; used #2 getByRole('button', { name: /^[\s\p{Co}\p{So}\p{Cf}]*Assignee[\s\p{Co}\p{So}\p{Cf}]*$/u }) (#1 absent)
[sitelooper step] 02-create
[sitelooper recipe] filled via recipe contenteditable/set-value (r_7b1e49); value verified on the component
[sitelooper warn] 03-open: report value finish_date_picker_value is given, not observed: it is built only from the step's own parameters, and neither this run's page nor any of its reads shows it — withheld
[sitelooper warn] 03-open: report value comment_added is only what this run typed: no click's own diff showed it outside its control and no read returned it — withheld from the report (still given to a later step)
[sitelooper step] 03-open
[sitelooper step] 04-open
  ✓  1 fwop15-cv3.spec.ts:9:1 › fwop15-cv3 (1.9m)

  1 passed (2.0m)
