
[sweep] run 1/3: fwop16-n1 (store: /home/user/sitelooper/bench/results/fwop16-skills)
[harness] openproject: defaulting APP_URL
[harness] openproject: defaulting APP_EMAIL
[harness] openproject: defaulting APP_PASSWORD
[reset] openproject: no leftover bench work packages
[harness] openproject responded 302 at http://127.0.0.1:8090/
stopped: fwop16-n1
  flow "fwop16" saved: 2 step(s), vars runid → /home/user/sitelooper/bench/results/flows/fwop16.json
  warning: note: 01-signin no longer publishes project_url — no replay reads it from the page and the recording showed no line to read
  warning: note: 01-signin: added a read for project to s_8d7682 (page.getByRole('button', { name: 'Bench Project', exact: true }), page.getByRole('link', { name: 'Bench Project', exact: true }); seen on the next instruction's start page)
  warning: warning: 141 other value(s) the run saw survived unslotted, judged by shape only (usually page copy; non-fatal):
  flow.steps[0].instruction: "Bench Project" (output) in "Sign in as admin with password {{env:APP_PASSWORD}} (type it exactly like that). Then find the project Bench Project, go to its work packages, and report the su"
  flow.steps[0].instruction: "Project" (output) in "Sign in as admin with password {{env:APP_PASSWORD}} (type it exactly like that). Then find the project Bench Project, go to its work packages, and report the su"
  flow.steps[0].route: "http://127.0.0.1:8090/projects/bench-project" (output) in "http://127.0.0.1:8090/projects/bench-project/work_packages"
  flow.steps[0].route: "http://127.0.0.1:8090/projects" (output) in "http://127.0.0.1:8090/projects/bench-project/work_packages"
  flow.steps[1].instruction: "Bench Project" (output) in "In project Bench Project, create a new work package of type Task with subject '{{runid}} Bench Work Package' and a description that includes the text {{runid}}."
arm=sitelooper model=z-ai/glm-5.3 runid=fwop16-n1 stop=completed
turns=4 wall=358.4s
commands=3 cmdTime=344.8s cmdBytes=2909 timeouts=0
orchestrator in=2819 cw=0 cr=8896 out=499
inner prompt=1472924 cached=1306752 completion=20388
spend=$0.2159 maxUsd=3
learn: A_n=0 replayed=0/2 full=0 repaired=0 compiled=2 variants=0
-> /home/user/sitelooper/bench/results/fwop16-n1-sitelooper-result.json

fwop16-n1: objectives passed 7/7
  obj 1: PASS — all 3 seed subjects reported
  obj 2: PASS — type=Task, description includes runid=true
  obj 3: PASS — assignee=Bench Assignee
  obj 4: PASS — status=In progress
  obj 5: PASS — finish date=2026-12-31, want 2026-12-31
  obj 6: PASS — 1 comment(s), 1 carrying the runid
  obj 7: PASS — work package id 41 reported

[sweep] run 2/3: fwop16-n2 (replay flow fwop16, no orchestrator)
[reset] openproject: deleted 1 leftover bench work package(s)
[sweep] fwop16-n2: 1 drift ticket(s) → fwop16-n2-drift.json

fwop16-n2: objectives passed 7/7
  obj 1: PASS — all 3 seed subjects reported
  obj 2: PASS — type=Task, description includes runid=true
  obj 3: PASS — assignee=Bench Assignee
  obj 4: PASS — status=In progress
  obj 5: PASS — finish date=2026-12-31, want 2026-12-31
  obj 6: PASS — 1 comment(s), 1 carrying the runid
  obj 7: PASS — work package id 42 reported

[sweep] run 3/3: fwop16-n3 (replay flow fwop16, no orchestrator)
[reset] openproject: deleted 1 leftover bench work package(s)
[sweep] fwop16-n3: 2 drift ticket(s) → fwop16-n3-drift.json

fwop16-n3: objectives passed 7/7
  obj 1: PASS — all 3 seed subjects reported
  obj 2: PASS — type=Task, description includes runid=true
  obj 3: PASS — assignee=Bench Assignee
  obj 4: PASS — status=In progress
  obj 5: PASS — finish date=2026-12-31, want 2026-12-31
  obj 6: PASS — 1 comment(s), 1 carrying the runid
  obj 7: PASS — work package id 43 reported

Learning sweep fwop16 (K=3)
┌─────────┬───┬─────────────┬──────────┬─────────────┬───────┬──────┬───────────┬─────┬──────────────┬────────┐
│ (index) │ n │ runid       │ verified │ stop        │ turns │ cmds │ total_usd │ A_n │ replayed     │ wall_s │
├─────────┼───┼─────────────┼──────────┼─────────────┼───────┼──────┼───────────┼─────┼──────────────┼────────┤
│ 0       │ 1 │ 'fwop16-n1' │ '7/7'    │ 'completed' │ 4     │ 3    │ 0.2159    │ 0   │ '0/2'        │ 358    │
│ 1       │ 2 │ 'fwop16-n2' │ '7/7'    │ 'success'   │ 0     │ 2    │ 0         │ 1   │ '2/2 (flow)' │ 95     │
│ 2       │ 3 │ 'fwop16-n3' │ '7/7'    │ 'success'   │ 0     │ 2    │ 0         │ 1   │ '2/2 (flow)' │ 94     │
└─────────┴───┴─────────────┴──────────┴─────────────┴───────┴──────┴───────────┴─────┴──────────────┴────────┘
http://127.0.0.1:8090
  s_5768e2  validated    2 steps  3/3 (100%)
           Sign in as {{v1}} with password {{v2}} (type it exactly like that). Then find the project Bench Project, go to…
  s_6b4432  validated    5 steps  3/3 (100%)
           In project {{v1}}, create a new work package of type Task with subject '{{v4}}' and a description that include…
  s_6c5af5  validated    4 steps  3/3 (100%)
           Sign in as {{v1}} with password {{v2}} (type it exactly like that). Then find the project Bench Project, go to…
  s_7eb773  validated    3 steps  3/3 (100%)
           Sign in as {{v1}} with password {{v2}} (type it exactly like that). Then find the project Bench Project, go to…
  s_8b689b  validated    3 steps  3/3 (100%)
           In project {{v1}}, create a new work package of type Task with subject '{{v4}}' and a description that include…
  s_8d7682  validated   10 steps  3/3 (100%)
           Sign in as {{v1}} with password {{v2}} (type it exactly like that). Then find the project Bench Project, go to…
  s_961de2  validated    1 steps  3/3 (100%)
           Sign in as {{v1}} with password {{v2}} (type it exactly like that). Then find the project Bench Project, go to…
  s_d65f16  validated    4 steps  3/3 (100%)
           In project {{v1}}, create a new work package of type Task with subject '{{v4}}' and a description that include…
  s_d9c3a3  validated    7 steps  3/3 (100%)
           In project {{v1}}, create a new work package of type Task with subject '{{v4}}' and a description that include…
  s_edd530  validated   10 steps  3/3 (100%)
           In project {{v1}}, create a new work package of type Task with subject '{{v4}}' and a description that include…
store: /home/user/sitelooper/bench/results/fwop16-skills

summary: /home/user/sitelooper/bench/results/fwop16-sweep.json
