[converge] from fwop15: 4 step(s), store copied to /home/user/sitelooper/bench/results/fwop15-cv4-skills, flow /home/user/sitelooper/bench/results/flows/fwop15-cv4.json
[converge] round 1 compile: /opt/node22/bin/node /home/user/sitelooper/bin/sitelooper.js compile /home/user/sitelooper/bench/results/flows/fwop15-cv4.json --out /home/user/sitelooper/bench/results/fwop15-cv4-c1-compile --overwrite-spec --json
[converge] round 1 compile: exit 2
[converge] round 1: compile refused (demoted-pin@01-open); rerecord steps: 01-open
[converge] round 1 rerecord 01-open (compile refusal): /opt/node22/bin/node /home/user/sitelooper/bin/sitelooper.js rerecord /home/user/sitelooper/bench/results/flows/fwop15-cv4.json 01-open --var runid=fwop15-cv4-r1n{n} --runs 2 --reset-cmd "\"/opt/node22/bin/node\" \"/home/user/sitelooper/bench/reset-app.mjs\" --target openproject" --json
[converge] round 1 rerecord 01-open (compile refusal): exit 0
[converge] round 2 compile: /opt/node22/bin/node /home/user/sitelooper/bin/sitelooper.js compile /home/user/sitelooper/bench/results/flows/fwop15-cv4.json --out /home/user/sitelooper/bench/results/fwop15-cv4-c2-compile --overwrite-spec --json
[converge] round 2 compile: exit 0
[converge] round 2 artifact: /opt/node22/bin/node /home/user/sitelooper/bench/spec-replay.mjs --flow /home/user/sitelooper/bench/results/flows/fwop15-cv4.json --skills /home/user/sitelooper/bench/results/fwop15-cv4-skills --tag fwop15-cv4-c2 --target openproject --reset --out /home/user/sitelooper/bench/results
[converge] round 2 artifact: exit 1
[converge] round 2: artifact failed (exit 1, verified 0/5); anchors 01-open
[converge] round 2 repair: /opt/node22/bin/node /home/user/sitelooper/bin/sitelooper.js repair /home/user/sitelooper/bench/results/fwop15-cv4-c2-compile/fwop15-cv4.flow.ts --var runid=fwop15-cv4-p2n{n} --converge 1 --reset-cmd "\"/opt/node22/bin/node\" \"/home/user/sitelooper/bench/reset-app.mjs\" --target openproject" --json
[converge] round 2 repair: exit 1
[converge] round 2 rerecord 01-open (repair: needs-rerecord): /opt/node22/bin/node /home/user/sitelooper/bin/sitelooper.js rerecord /home/user/sitelooper/bench/results/flows/fwop15-cv4.json 01-open --var runid=fwop15-cv4-r2n{n} --runs 2 --reset-cmd "\"/opt/node22/bin/node\" \"/home/user/sitelooper/bench/reset-app.mjs\" --target openproject" --json
[converge] round 2 rerecord 01-open (repair: needs-rerecord): exit 0
[converge] round 3 compile: /opt/node22/bin/node /home/user/sitelooper/bin/sitelooper.js compile /home/user/sitelooper/bench/results/flows/fwop15-cv4.json --out /home/user/sitelooper/bench/results/fwop15-cv4-c3-compile --overwrite-spec --json
[converge] round 3 compile: exit 0
[converge] round 3 artifact: /opt/node22/bin/node /home/user/sitelooper/bench/spec-replay.mjs --flow /home/user/sitelooper/bench/results/flows/fwop15-cv4.json --skills /home/user/sitelooper/bench/results/fwop15-cv4-skills --tag fwop15-cv4-c3 --target openproject --reset --out /home/user/sitelooper/bench/results
[converge] round 3 artifact: exit 1
[converge] round 3: artifact failed (exit 1, verified 4/5); anchors 02-create
[converge] round 3 repair: /opt/node22/bin/node /home/user/sitelooper/bin/sitelooper.js repair /home/user/sitelooper/bench/results/fwop15-cv4-c3-compile/fwop15-cv4.flow.ts --var runid=fwop15-cv4-p3n{n} --converge 1 --reset-cmd "\"/opt/node22/bin/node\" \"/home/user/sitelooper/bench/reset-app.mjs\" --target openproject" --json
[converge] round 3 repair: exit 3
[converge] round 3 rerecord 02-create (repair: needs-rerecord; also named: 03-open, 04-open): /opt/node22/bin/node /home/user/sitelooper/bin/sitelooper.js rerecord /home/user/sitelooper/bench/results/flows/fwop15-cv4.json 02-create --var runid=fwop15-cv4-r3n{n} --runs 2 --reset-cmd "\"/opt/node22/bin/node\" \"/home/user/sitelooper/bench/reset-app.mjs\" --target openproject" --json
[converge] round 3 rerecord 02-create (repair: needs-rerecord; also named: 03-open, 04-open): exit 0
[converge] round 4 compile: /opt/node22/bin/node /home/user/sitelooper/bin/sitelooper.js compile /home/user/sitelooper/bench/results/flows/fwop15-cv4.json --out /home/user/sitelooper/bench/results/fwop15-cv4-c4-compile --overwrite-spec --json
[converge] round 4 compile: exit 0
[converge] round 4 artifact: /opt/node22/bin/node /home/user/sitelooper/bench/spec-replay.mjs --flow /home/user/sitelooper/bench/results/flows/fwop15-cv4.json --skills /home/user/sitelooper/bench/results/fwop15-cv4-skills --tag fwop15-cv4-c4 --target openproject --reset --out /home/user/sitelooper/bench/results
[converge] round 4 artifact: exit 1
[converge] round 4: artifact failed (exit 1, verified 0/5); anchors 02-create
[converge] round 4 repair: /opt/node22/bin/node /home/user/sitelooper/bin/sitelooper.js repair /home/user/sitelooper/bench/results/fwop15-cv4-c4-compile/fwop15-cv4.flow.ts --var runid=fwop15-cv4-p4n{n} --converge 1 --reset-cmd "\"/opt/node22/bin/node\" \"/home/user/sitelooper/bench/reset-app.mjs\" --target openproject" --json
[converge] round 4 repair: exit 3
[converge] round 4 rerecord 02-create (repair: needs-rerecord; also named: 03-open, 04-open): /opt/node22/bin/node /home/user/sitelooper/bin/sitelooper.js rerecord /home/user/sitelooper/bench/results/flows/fwop15-cv4.json 02-create --var runid=fwop15-cv4-r4n{n} --runs 2 --reset-cmd "\"/opt/node22/bin/node\" \"/home/user/sitelooper/bench/reset-app.mjs\" --target openproject" --json
[converge] round 4 rerecord 02-create (repair: needs-rerecord; also named: 03-open, 04-open): exit 1
[converge] fwop15-cv4: exhausted — 4 round(s) without a passing artifact; rounds 4, flow runs 14, model turns 189
fwop15-cv4: exhausted — 4 round(s) without a passing artifact; rounds 4, flow runs 14, model turns 189
