
Running 1 test using 1 worker

[sitelooper skip] 01-open s_6fd6f5/1: closes the dialog "Welcome to OpenProject, Bench Admin" with "Close", which is not open — already in effect
[sitelooper warn] 01-open s_7d0a09/1: recorded url http://127.0.0.1:8090/projects is the page the clicked link left (captured before its navigation committed); the click went where the link points, http://127.0.0.1:8090/projects/bench-project — accepted
[sitelooper drift] 01-open s_7d0a09/3 target: primary getByRole('heading', { name: /^[\s\p{Co}\p{So}\p{Cf}]*Active\s+projects[\s\p{Co}\p{So}\p{Cf}]*$/u }) missed; used #2 locator('h2') (#1 absent)
[sitelooper step] 01-open
[sitelooper warn] 02-create s_c7ec2b/2: the page's alerts could not be observed in full after the action — whether it raised an alert is unknown, not clear
[sitelooper warn] 02-create s_6a404b/1: the page's alerts could not be observed in full after the action — whether it raised an alert is unknown, not clear
[sitelooper recipe] filled via recipe contenteditable/set-value (r_7b1e49); value verified on the component
[sitelooper warn] 02-create s_6a404b/2: the page's alerts could not be observed in full after the action — whether it raised an alert is unknown, not clear
[sitelooper warn] 02-create s_2f6444/5: expected alert containing "Successful update."
[sitelooper warn] 02-create s_2f6444/8: read 'finish_date_input_value' returned a value the skill itself set/selected ('2026-12-31') — confirms the control, not persistence; dropped from the report's confident values
[sitelooper warn] 02-create s_2f6444/9: expected alert containing "Successful update."
[sitelooper warn] 02-create s_2f6444/15: read 'assignee' returned a value the skill itself set/selected ('Bench Assignee') — confirms the control, not persistence; dropped from the report's confident values
[sitelooper warn] 02-create s_2f6444/16: read 'status' returned a value the skill itself set/selected ('In progress') — confirms the control, not persistence; dropped from the report's confident values
[sitelooper step] 02-create
[sitelooper recipe] filled via recipe contenteditable/set-value (r_7b1e49); value verified on the component
[sitelooper step] 03-add
[sitelooper step] 04-open
  ✓  1 fwop9.spec.ts:9:1 › fwop9 (1.1m)

  1 passed (1.1m)
