
[sweep] run 1/3: fwop30-n1 (store: /home/user/sitelooper/bench/results/fwop30-skills)
[harness] openproject: defaulting APP_URL
[harness] openproject: defaulting APP_EMAIL
[harness] openproject: defaulting APP_PASSWORD
[reset] openproject: no leftover bench work packages
[harness] openproject responded 302 at http://127.0.0.1:8090/
stopped: fwop30-n1
  flow "fwop30" saved: 8 step(s), vars runid → /home/user/sitelooper/bench/results/flows/fwop30.json
  warning: note: 01-open no longer publishes landing_page — no replay reads it from the page and the recording showed no line to read
  warning: note: 02-open no longer publishes project, total_seed_work_packages, work_packages_nav_link — no replay reads them from the page and the recording showed no line to read
  warning: note: 06-set no longer publishes date_field_full_display — no replay reads it from the page and the recording showed no line to read
  warning: note: 08-open no longer publishes wp41_type — no replay reads it from the page and the recording showed no line to read
  warning: note: 01-open: added a read for user_avatar_initials to s_cb68f1 (page.getByRole('button', { name: 'BA', exact: true }); seen on the next instruction's start page)
  warning: note: 02-open: added a read for bench_project_nav_link to s_152705 (page.getByRole('button', { name: 'Bench Project', exact: true }), page.getByRole('link', { name: 'Bench Project', exact: true }); seen on the next instruction's start page)
  warning: note: 06-set: added a read for start_date_field_display to s_5e7b80 (page.getByRole('button', { name: 'Start date : Edit', exact: true }); seen on the next instruction's start page)
  warning: warning: 190 other value(s) the run saw survived unslotted, judged by shape only (usually page copy; non-fatal):
  flow.steps[1].instruction: "Bench Project" (output) in "Navigate to the project named 'Bench Project' in OpenProject (e.g. via the Projects menu in the top navigation) and open its work packages list. Find all work p"
  flow.steps[1].instruction: "Projects" (output) in "Navigate to the project named 'Bench Project' in OpenProject (e.g. via the Projects menu in the top navigation) and open its work packages list. Find all work p"
  flow.steps[1].instruction: "Project" (output) in "Navigate to the project named 'Bench Project' in OpenProject (e.g. via the Projects menu in the top navigation) and open its work packages list. Find all work p"
  flow.steps[1].route: "http://127.0.0.1:8090/projects" (output) in "http://127.0.0.1:8090/projects/bench-project/work_packages"
  flow.steps[2].instruction: "Bench Project" (output) in "In the OpenProject project 'Bench Project' ({{02-open.url_after_click}}/bench-project), create a new work package of type 'Task' with subject exactly '{{runid}}"
arm=sitelooper model=z-ai/glm-5.3 runid=fwop30-n1 stop=completed
turns=9 wall=547.5s
commands=8 cmdTime=510.7s cmdBytes=6965 timeouts=0
orchestrator in=5312 cw=0 cr=32576 out=3768
inner prompt=3544455 cached=3342080 completion=37466
spend=$0.0958 maxUsd=3
learn: A_n=0 replayed=0/8 full=0 repaired=0 compiled=8 variants=0
-> /home/user/sitelooper/bench/results/fwop30-n1-sitelooper-result.json

fwop30-n1: objectives passed 7/7
  obj 1: PASS — all 3 seed subjects reported
  obj 2: PASS — type=Task, description includes runid=true
  obj 3: PASS — assignee=Bench Assignee
  obj 4: PASS — status=In progress
  obj 5: PASS — finish date=2026-12-31, want 2026-12-31
  obj 6: PASS — 1 comment(s), 1 carrying the runid
  obj 7: PASS — work package id 41 reported

[sweep] run 2/3: fwop30-n2 (replay flow fwop30, no orchestrator)
[reset] openproject: deleted 1 leftover bench work package(s)
[sweep] fwop30-n2: 2 drift ticket(s) → fwop30-n2-drift.json

fwop30-n2: objectives passed 7/7
  obj 1: PASS — all 3 seed subjects reported
  obj 2: PASS — type=Task, description includes runid=true
  obj 3: PASS — assignee=Bench Assignee
  obj 4: PASS — status=In progress
  obj 5: PASS — finish date=2026-12-31, want 2026-12-31
  obj 6: PASS — 1 comment(s), 1 carrying the runid
  obj 7: PASS — work package id 42 reported

[sweep] run 3/3: fwop30-n3 (replay flow fwop30, no orchestrator)
[reset] openproject: deleted 1 leftover bench work package(s)
[sweep] fwop30-n3: 3 drift ticket(s) → fwop30-n3-drift.json

fwop30-n3: objectives passed 7/7
  obj 1: PASS — all 3 seed subjects reported
  obj 2: PASS — type=Task, description includes runid=true
  obj 3: PASS — assignee=Bench Assignee
  obj 4: PASS — status=In progress
  obj 5: PASS — finish date=2026-12-31, want 2026-12-31
  obj 6: PASS — 1 comment(s), 1 carrying the runid
  obj 7: PASS — work package id 43 reported

Learning sweep fwop30 (K=3)
┌─────────┬───┬─────────────┬──────────┬─────────────┬───────┬──────┬───────────┬─────┬──────────────┬────────┐
│ (index) │ n │ runid       │ verified │ stop        │ turns │ cmds │ total_usd │ A_n │ replayed     │ wall_s │
├─────────┼───┼─────────────┼──────────┼─────────────┼───────┼──────┼───────────┼─────┼──────────────┼────────┤
│ 0       │ 1 │ 'fwop30-n1' │ '7/7'    │ 'completed' │ 9     │ 8    │ 0.0958    │ 0   │ '0/8'        │ 547    │
│ 1       │ 2 │ 'fwop30-n2' │ '7/7'    │ 'success'   │ 0     │ 8    │ 0         │ 1   │ '8/8 (flow)' │ 107    │
│ 2       │ 3 │ 'fwop30-n3' │ '7/7'    │ 'success'   │ 0     │ 8    │ 0         │ 1   │ '8/8 (flow)' │ 109    │
└─────────┴───┴─────────────┴──────────┴─────────────┴───────┴──────┴───────────┴─────┴──────────────┴────────┘
http://127.0.0.1:8090
  s_152705  validated   17 steps  3/3 (100%)
           Navigate to the project named 'Bench Project' in OpenProject (e.g. via the Projects menu in the top navigation…
  s_282380  validated    2 steps  3/3 (100%)
           Navigate to the project named 'Bench Project' in OpenProject (e.g. via the Projects menu in the top navigation…
  s_378e48  validated    6 steps  3/3 (100%)
           Verification only, no changes: open the OpenProject work package detail page for work package #{{v1}} at {{v2}…
  s_41f785  validated    5 steps  3/3 (100%)
           In the OpenProject project '{{v2}}' ({{v3}}/bench-project), create a new work package of type 'Task' with subj…
  s_4e7db3  validated    1 steps  3/3 (100%)
           Open {{v1}} and sign in with username {{v2}} and password {{env:APP_PASSWORD}} — type the password into the pa…
  s_5e7b80  validated    7 steps  3/3 (100%)
           On the OpenProject work package detail page for work package #{{v1}} (subject '{{v2}} Bench Work Package', at …
  s_69b1b6  validated    3 steps  3/3 (100%)
           On the OpenProject work package detail page for work package #{{v1}} (subject '{{v2}} Bench Work Package', at …
  s_6ce3ce  validated    5 steps  3/3 (100%)
           On the OpenProject work package detail page for work package #{{v1}} (subject '{{v2}} Bench Work Package', at …
  s_78a496  validated    3 steps  3/3 (100%)
           Open {{v1}} and sign in with username {{v2}} and password {{env:APP_PASSWORD}} — type the password into the pa…
  s_8b7887  validated    2 steps  3/3 (100%)
           In the OpenProject project '{{v2}}' ({{v3}}/bench-project), create a new work package of type 'Task' with subj…
  s_8e5890  validated    2 steps  3/3 (100%)
           In the OpenProject project '{{v2}}' ({{v3}}/bench-project), create a new work package of type 'Task' with subj…
  s_995d4f  validated    7 steps  3/3 (100%)
           On the OpenProject work package detail page for work package #{{v1}} (subject '{{v2}} Bench Work Package', at …
  s_b70b1c  validated    1 steps  3/3 (100%)
           Verification only, no changes: open the OpenProject work package detail page for work package #{{v1}} at {{v2}…
  s_cb68f1  validated    5 steps  3/3 (100%)
           Open {{v1}} and sign in with username {{v2}} and password {{env:APP_PASSWORD}} — type the password into the pa…
  s_cd1393  validated    1 steps  3/3 (100%)
           On the OpenProject work package detail page for work package #{{v1}} (subject '{{v2}} Bench Work Package', at …
  s_dc4f4a  validated    2 steps  3/3 (100%)
           Navigate to the project named 'Bench Project' in OpenProject (e.g. via the Projects menu in the top navigation…
  s_ddb01e  validated    1 steps  3/3 (100%)
           Navigate to the project named 'Bench Project' in OpenProject (e.g. via the Projects menu in the top navigation…
  s_deaa59  validated    1 steps  3/3 (100%)
           Navigate to the project named 'Bench Project' in OpenProject (e.g. via the Projects menu in the top navigation…
  s_f69fda  validated    2 steps  3/3 (100%)
           Navigate to the project named 'Bench Project' in OpenProject (e.g. via the Projects menu in the top navigation…
store: /home/user/sitelooper/bench/results/fwop30-skills

summary: /home/user/sitelooper/bench/results/fwop30-sweep.json
