
Running 1 test using 1 worker

[sitelooper skip] 01-signin s_f269de/1: closes the dialog "Welcome to OpenProject, Bench Admin" with "Close", which is not open — already in effect
[sitelooper skip] 01-signin s_f269de/4 target: read target not found — value left empty
[sitelooper warn] 01-signin: report value signed_in_user is only what this run typed: no click's own diff showed it outside its control and no read returned it — withheld from the report (still given to a later step)
[sitelooper step] 01-signin
[sitelooper step] 02-report
[sitelooper warn] 03-create s_1df462/2: the page's alerts could not be observed in full after the action — whether it raised an alert is unknown, not clear
[sitelooper warn] 03-create s_2e8b50/1: the page's alerts could not be observed in full after the action — whether it raised an alert is unknown, not clear
[sitelooper warn] 03-create s_2e8b50/2: the page's alerts could not be observed in full after the action — whether it raised an alert is unknown, not clear
[sitelooper recipe] filled via recipe contenteditable/set-value (r_7b1e49); value verified on the component
[sitelooper warn] 03-create s_2e8b50/3: the page's alerts could not be observed in full after the action — whether it raised an alert is unknown, not clear
[sitelooper step] 03-create
[sitelooper step] 04-set
[sitelooper warn] 05-change s_94d757/7: read 'selected_status_option' returned a value the skill itself set/selected ('In progress') — confirms the control, not persistence; dropped from the report's confident values
[sitelooper warn] 05-change s_94d757/8: read 'selected_status_option' returned a value the skill itself set/selected ('In progress') — confirms the control, not persistence; dropped from the report's confident values
[sitelooper warn] 05-change s_94d757/9: read 'list_row_status_cell' returned a value the skill itself set/selected ('In progress') — confirms the control, not persistence; dropped from the report's confident values
[sitelooper skip] 05-change s_94d757/10 target: no locator recorded — value left empty
[sitelooper skip] 05-change s_94d757/11 target: no locator recorded — value left empty
[sitelooper skip] 05-change s_94d757/12 target: no locator recorded — value left empty
[sitelooper step] 05-change
[sitelooper warn] 06-set s_c8f7ee/3: read 'finish_date_value_readback' returned a value the skill itself set/selected ('2026-12-31') — confirms the control, not persistence; dropped from the report's confident values
[sitelooper warn] 06-set s_c8f7ee/6: read 'finish_date_value_readback' returned a value the skill itself set/selected ('2026-12-31') — confirms the control, not persistence; dropped from the report's confident values
[sitelooper step] 06-set
[sitelooper recipe] filled via recipe contenteditable/set-value (r_7b1e49); value verified on the component
[sitelooper skip] 07-add s_9ab1bf/5 target: read target not found — value left empty
[sitelooper warn] 07-add s_9ab1bf/8: read 'comment_composer_placeholder' returned a value the skill itself set/selected ('Add a comment. Type @ to notify people.') — confirms the control, not persistence; dropped from the report's confident values
[sitelooper warn] 07-add: report value run_id is only what this run typed: no click's own diff showed it outside its control and no read returned it — withheld from the report (still given to a later step)
[sitelooper step] 07-add
  ✓  1 fwop33-luna.spec.ts:9:1 › fwop33-luna (1.4m)

  1 passed (1.5m)
