
[sweep] run 1/3: fwop12-n1 (store: /home/user/sitelooper/bench/results/fwop12-skills)
[harness] openproject: defaulting APP_URL
[harness] openproject: defaulting APP_EMAIL
[harness] openproject: defaulting APP_PASSWORD
[reset] openproject: no leftover bench work packages
[harness] openproject responded 302 at http://127.0.0.1:8090/
stopped: fwop12-n1
  flow "fwop12" saved: 6 step(s), vars runid → /home/user/sitelooper/bench/results/flows/fwop12.json
  warning: note: 01-signin no longer publishes signed_in_username, post_login_url_before_profile_nav, welcome_dialog_text — no replay reads them from the page and the recording showed no line to read
  warning: note: 02-open no longer publishes matching_count — no replay reads it from the page and the recording showed no line to read
  warning: warning: 03-change's instruction asks to report total_work_packages_shown, seed_work_packages, and no replay can publish them: nothing in its procedure reads them from the page, so export dropped them — re-record the step so the value is read, not only reported
  warning: note: 03-change no longer publishes status_filter_active_after_change — no replay reads it from the page and the recording showed no line to read
  warning: warning: 04-create's instruction asks to report type, and no replay can publish it: nothing in its procedure reads it from the page, so export dropped it — re-record the step so the value is read, not only reported
  warning: note: 04-create no longer publishes save_button — no replay reads it from the page and the recording showed no line to read
  warning: note: 05-add no longer publishes comment_anchor, comment_timestamp, submit_button_state_after, comment_anchor_id — no replay reads them from the page and the recording showed no line to read
  warning: note: 06-open no longer publishes comment_timestamp, overview_tab_text, comment_author_and_time, priority, position — no replay reads them from the page and the recording showed no line to read
  warning: note: 02-open: added a read for project_name to s_866f41 (page.getByRole('button', { name: 'Bench Project', exact: true }), page.getByRole('link', { name: 'Bench Project', exact: true }); seen on the next instruction's start page)
  warning: note: 04-create: added a read for creation_feedback to s_27a99f (page.getByRole('alert', { name: 'Successful creation.', exact: true }); seen on the instruction's own page)
  warning: warning: 221 other value(s) the run saw survived unslotted, judged by shape only (usually page copy; non-fatal):
  flow.startUrl: "http://127.0.0.1:8090/" (output) in "http://127.0.0.1:8090/"
  flow.steps[0].instruction: "OpenProject" (output) in "Sign in to OpenProject with username 'admin' and password '{{env:APP_PASSWORD}}' (type the password text exactly as given, it will be filled in automatically). "
  flow.steps[0].instruction: "admin" (output) in "Sign in to OpenProject with username 'admin' and password '{{env:APP_PASSWORD}}' (type the password text exactly as given, it will be filled in automatically). "
  flow.steps[1].instruction: "Bench Project" (output) in "Navigate to the project named 'Bench Project' in OpenProject (use the Projects menu or go to the project's work packages page). Then open its Work Packages list"
  flow.steps[1].instruction: "OpenProject" (output) in "Navigate to the project named 'Bench Project' in OpenProject (use the Projects menu or go to the project's work packages page). Then open its Work Packages list"
arm=sitelooper model=z-ai/glm-5.3 runid=fwop12-n1 stop=completed
turns=8 wall=458.1s
commands=7 cmdTime=431.1s cmdBytes=11210 timeouts=0
orchestrator in=8996 cw=0 cr=24064 out=2063
inner prompt=2657875 cached=2479232 completion=30665
spend=$0.0811 maxUsd=3
learn: A_n=0 replayed=0/6 full=0 repaired=0 compiled=6 variants=0
-> /home/user/sitelooper/bench/results/fwop12-n1-sitelooper-result.json

fwop12-n1: objectives passed 7/7
  obj 1: PASS — all 3 seed subjects reported
  obj 2: PASS — type=Task, description includes runid=true
  obj 3: PASS — assignee=Bench Assignee
  obj 4: PASS — status=In progress
  obj 5: PASS — finish date=2026-12-31, want 2026-12-31
  obj 6: PASS — 1 comment(s), 1 carrying the runid
  obj 7: PASS — work package id 41 reported

[sweep] run 2/3: fwop12-n2 (replay flow fwop12, no orchestrator)
[reset] openproject: deleted 1 leftover bench work package(s)
[sweep] fwop12-n2: 2 drift ticket(s) → fwop12-n2-drift.json

fwop12-n2: objectives passed 7/7
  obj 1: PASS — all 3 seed subjects reported
  obj 2: PASS — type=Task, description includes runid=true
  obj 3: PASS — assignee=Bench Assignee
  obj 4: PASS — status=In progress
  obj 5: PASS — finish date=2026-12-31, want 2026-12-31
  obj 6: PASS — 1 comment(s), 1 carrying the runid
  obj 7: PASS — work package id 42 reported

[sweep] run 3/3: fwop12-n3 (replay flow fwop12, no orchestrator)
[reset] openproject: deleted 1 leftover bench work package(s)
[sweep] fwop12-n3: 2 drift ticket(s) → fwop12-n3-drift.json

fwop12-n3: objectives passed 7/7
  obj 1: PASS — all 3 seed subjects reported
  obj 2: PASS — type=Task, description includes runid=true
  obj 3: PASS — assignee=Bench Assignee
  obj 4: PASS — status=In progress
  obj 5: PASS — finish date=2026-12-31, want 2026-12-31
  obj 6: PASS — 1 comment(s), 1 carrying the runid
  obj 7: PASS — work package id 43 reported

Learning sweep fwop12 (K=3)
┌─────────┬───┬─────────────┬──────────┬─────────────┬───────┬──────┬───────────┬─────┬──────────────┬────────┐
│ (index) │ n │ runid       │ verified │ stop        │ turns │ cmds │ total_usd │ A_n │ replayed     │ wall_s │
├─────────┼───┼─────────────┼──────────┼─────────────┼───────┼──────┼───────────┼─────┼──────────────┼────────┤
│ 0       │ 1 │ 'fwop12-n1' │ '7/7'    │ 'completed' │ 8     │ 7    │ 0.0811    │ 0   │ '0/6'        │ 458    │
│ 1       │ 2 │ 'fwop12-n2' │ '7/7'    │ 'success'   │ 0     │ 6    │ 0         │ 1   │ '6/6 (flow)' │ 88     │
│ 2       │ 3 │ 'fwop12-n3' │ '7/7'    │ 'success'   │ 0     │ 6    │ 0         │ 1   │ '6/6 (flow)' │ 87     │
└─────────┴───┴─────────────┴──────────┴─────────────┴───────┴──────┴───────────┴─────┴──────────────┴────────┘
http://127.0.0.1:8090
  s_27a99f  validated   13 steps  3/3 (100%)
           In the {{v1}} project '{{v2}}', create a new work package of type 'Task' with subject exactly '{{v4}}'. Set it…
  s_5a6611  validated    2 steps  3/3 (100%)
           In the {{v1}} project '{{v2}}', create a new work package of type 'Task' with subject exactly '{{v4}}'. Set it…
  s_5ec903  validated    1 steps  3/3 (100%)
           Navigate to the project named 'Bench Project' in {{v1}} (use the Projects menu or go to the project's work pac…
  s_7403aa  validated    8 steps  3/3 (100%)
           On the {{v1}} work package page for work package {{v2}} (subject '{{v4}}' in project '{{v6}}'), add a comment …
  s_82055c  validated    2 steps  3/3 (100%)
           Sign in to OpenProject with username 'admin' and password '{{v1}}' (type the password text exactly as given, i…
  s_866f41  validated   13 steps  3/3 (100%)
           Navigate to the project named 'Bench Project' in {{v1}} (use the Projects menu or go to the project's work pac…
  s_8c4181  validated    1 steps  3/3 (100%)
           On the {{v1}} work package page for work package {{v2}} (subject '{{v4}}' in project '{{v6}}'), add a comment …
  s_93e057  validated    5 steps  3/3 (100%)
           Sign in to OpenProject with username 'admin' and password '{{v1}}' (type the password text exactly as given, i…
  s_b72a1b  validated   18 steps  3/3 (100%)
           In the {{v1}} project '{{v2}}', create a new work package of type 'Task' with subject exactly '{{v4}}'. Set it…
  s_b95af7  validated    3 steps  3/3 (100%)
           Sign in to OpenProject with username 'admin' and password '{{v1}}' (type the password text exactly as given, i…
  s_c4cd5d  validated    2 steps  3/3 (100%)
           Navigate to the project named 'Bench Project' in {{v1}} (use the Projects menu or go to the project's work pac…
  s_c5e9c8  validated    2 steps  3/3 (100%)
           Final verification, read-only. Open work package {{v1}} ('{{v3}}') in project '{{v5}}' in {{v6}} and report fr…
  s_e79f74  validated   14 steps  3/3 (100%)
           Final verification, read-only. Open work package {{v1}} ('{{v3}}') in project '{{v5}}' in {{v6}} and report fr…
  s_f0202d  validated    3 steps  3/3 (100%)
           On the '{{v1}}' work packages list in {{v2}}, change the Status filter so that ALL work packages are shown reg…
store: /home/user/sitelooper/bench/results/fwop12-skills

summary: /home/user/sitelooper/bench/results/fwop12-sweep.json
