
[sweep] run 1/3: fwop6-n1 (store: /home/user/sitelooper/bench/results/fwop6-skills)
[harness] openproject: defaulting APP_URL
[harness] openproject: defaulting APP_EMAIL
[harness] openproject: defaulting APP_PASSWORD
[reset] openproject: no leftover bench work packages
[harness] openproject responded 302 at http://127.0.0.1:8090/
stopped: fwop6-n1
  flow "fwop6" saved: 7 step(s), vars runid → /home/user/sitelooper/bench/results/flows/fwop6.json
  warning: note: 01-open no longer publishes project_url, work_packages_url, work_package_count — no replay reads them from the page and the recording showed no line to read
  warning: note: 02-create no longer publishes type, work_package_url, save_button, type_displayed — no replay reads them from the page and the recording showed no line to read
  warning: note: 03-set no longer publishes assignee_option_chosen — no replay reads it from the page and the recording showed no line to read
  warning: note: 07-open no longer publishes comment_author_and_time — no replay reads it from the page and the recording showed no line to read
  warning: note: 01-open: added a read for project_name to s_0833dd (page.getByRole('button', { name: 'Bench Project', exact: true }), page.getByRole('link', { name: 'Bench Project', exact: true }); seen on the next instruction's start page)
  warning: note: 04-change: added a read for status_before to s_903633 (page.getByRole('menuitem', { name: 'New', exact: true }); seen on the instruction's own page)
  warning: note: 04-change: added a read for detail_header_status_button to s_903633 (page.getByRole('button', { name: 'Status In progress: Edit', exact: true }); seen on the next instruction's start page)
  warning: note: 04-change: added a read for grid_row_41_status_cell to s_903633 (page.getByRole('menuitem', { name: 'In progress', exact: true }); seen on the instruction's own page)
  warning: warning: 282 other value(s) the run saw survived unslotted, judged by shape only (usually page copy; non-fatal):
  flow.steps[0].instruction: "Bench Project" (output) in "Open http://127.0.0.1:8090/ and sign in with username 'admin' and password 'bench-admin-pass'. Then navigate to the project named 'Bench Project' and open its w"
  flow.steps[0].instruction: "Project" (output) in "Open http://127.0.0.1:8090/ and sign in with username 'admin' and password 'bench-admin-pass'. Then navigate to the project named 'Bench Project' and open its w"
  flow.steps[0].route: "http://127.0.0.1:8090/projects/bench-project/work_packages" (output) in "http://127.0.0.1:8090/projects/bench-project/work_packages"
  flow.steps[0].route: "http://127.0.0.1:8090/projects/bench-project" (output) in "http://127.0.0.1:8090/projects/bench-project/work_packages"
  flow.steps[1].instruction: "Bench Project" (output) in "In the 'Bench Project' project, create a new work package of type 'Task' with the subject exactly '{{runid}} Bench Work Package' and a description that includes"
arm=sitelooper model=z-ai/glm-5.3 runid=fwop6-n1 stop=completed
turns=8 wall=409.3s
commands=7 cmdTime=369.7s cmdBytes=8246 timeouts=0
orchestrator in=5169 cw=0 cr=27328 out=2565
inner prompt=2532151 cached=2377984 completion=26770
spend=$0.0723 maxUsd=3
learn: A_n=0 replayed=0/7 full=0 repaired=0 compiled=7 variants=0
-> /home/user/sitelooper/bench/results/fwop6-n1-sitelooper-result.json

fwop6-n1: objectives passed 7/7
  obj 1: PASS — all 3 seed subjects reported
  obj 2: PASS — type=Task, description includes runid=true
  obj 3: PASS — assignee=Bench Assignee
  obj 4: PASS — status=In progress
  obj 5: PASS — finish date=2026-12-31, want 2026-12-31
  obj 6: PASS — 1 comment(s), 1 carrying the runid
  obj 7: PASS — work package id 41 reported

[sweep] run 2/3: fwop6-n2 (replay flow fwop6, no orchestrator)
[reset] openproject: deleted 1 leftover bench work package(s)
[sweep] fwop6-n2: 6 drift ticket(s) → fwop6-n2-drift.json

fwop6-n2: objectives passed 7/7
  obj 1: PASS — all 3 seed subjects reported
  obj 2: PASS — type=Task, description includes runid=true
  obj 3: PASS — assignee=Bench Assignee
  obj 4: PASS — status=In progress
  obj 5: PASS — finish date=2026-12-31, want 2026-12-31
  obj 6: PASS — 1 comment(s), 1 carrying the runid
  obj 7: PASS — work package id 42 reported

[sweep] run 3/3: fwop6-n3 (replay flow fwop6, no orchestrator)
[reset] openproject: deleted 1 leftover bench work package(s)
[sweep] fwop6-n3: 7 drift ticket(s) → fwop6-n3-drift.json

fwop6-n3: objectives passed 7/7
  obj 1: PASS — all 3 seed subjects reported
  obj 2: PASS — type=Task, description includes runid=true
  obj 3: PASS — assignee=Bench Assignee
  obj 4: PASS — status=In progress
  obj 5: PASS — finish date=2026-12-31, want 2026-12-31
  obj 6: PASS — 1 comment(s), 1 carrying the runid
  obj 7: PASS — work package id 43 reported

Learning sweep fwop6 (K=3)
┌─────────┬───┬────────────┬──────────┬─────────────┬───────┬──────┬───────────┬──────┬──────────────┬────────┐
│ (index) │ n │ runid      │ verified │ stop        │ turns │ cmds │ total_usd │ A_n  │ replayed     │ wall_s │
├─────────┼───┼────────────┼──────────┼─────────────┼───────┼──────┼───────────┼──────┼──────────────┼────────┤
│ 0       │ 1 │ 'fwop6-n1' │ '7/7'    │ 'completed' │ 8     │ 7    │ 0.0723    │ 0    │ '0/7'        │ 409    │
│ 1       │ 2 │ 'fwop6-n2' │ '7/7'    │ 'success'   │ 10    │ 7    │ 0.0029    │ 0.86 │ '7/7 (flow)' │ 135    │
│ 2       │ 3 │ 'fwop6-n3' │ '7/7'    │ 'success'   │ 19    │ 7    │ 0.0059    │ 0.86 │ '7/7 (flow)' │ 143    │
└─────────┴───┴────────────┴──────────┴─────────────┴───────┴──────┴───────────┴──────┴──────────────┴────────┘
http://127.0.0.1:8090
  s_21a30a  validated    2 steps  3/3 (100%)
           In the '{{v1}}' project, create a new work package of type 'Task' with the subject exactly '{{v4}}' and a desc…
  s_21aeb6  validated    7 steps  3/3 (100%)
           On the detail page of work package {{v1}} ('{{v3}}') in {{v5}}, set the Assignee field to the user named 'Benc…
  s_26af63  validated    2 steps  3/3 (100%)
           Open {{v1}} and sign in with username '{{v2}}' and password '{{v3}}'. Then navigate to the project named 'Benc…
  s_33f313  validated    6 steps  3/3 (100%)
           On the detail page of work package {{v1}} ('{{v3}}') in {{v5}}, add a comment whose text includes '{{v4}}' (e.…
  s_4b8679  provisional  3 steps  1/3 (33%)
           Open {{v1}} and sign in with username '{{v2}}' and password '{{v3}}'. Then navigate to the project named 'Benc…
  s_501be6  validated    5 steps  3/3 (100%)
           In the '{{v1}}' project, create a new work package of type 'Task' with the subject exactly '{{v4}}' and a desc…
  s_53d82b  validated    1 steps  3/3 (100%)
           Open {{v1}} and sign in with username '{{v2}}' and password '{{v3}}'. Then navigate to the project named 'Benc…
  s_80842e  validated    2 steps  3/3 (100%)
           On the detail page of work package {{v1}} ('{{v3}}') in {{v5}}, add a comment whose text includes '{{v4}}' (e.…
  s_83708b  validated    3 steps  3/3 (100%)
           Open {{v1}} and sign in with username '{{v2}}' and password '{{v3}}'. Then navigate to the project named 'Benc…
  s_8b0573  validated    7 steps  3/3 (100%)
           On the detail page of work package {{v1}} ('{{v3}}') in {{v5}}, set the Finish date field to 2026-12-31. The d…
  s_8d6514  validated    1 steps  3/3 (100%)
           On the detail page of work package {{v1}} ('{{v3}}') in {{v5}}, add a comment whose text includes '{{v4}}' (e.…
  s_903633  validated    7 steps  3/3 (100%)
           On the detail page of work package {{v1}} ('{{v3}}') in {{v5}}, change the Status field to 'In progress'. The …
  s_ce1fcf  validated   11 steps  3/3 (100%)
           Open work package {{v1}} ('{{v3}}') in {{v5}} and verify its current state without changing anything. Report e…
  s_e9ab72  validated    7 steps  3/3 (100%)
           In the '{{v1}}' project, create a new work package of type 'Task' with the subject exactly '{{v4}}' and a desc…
  s_0833dd  provisional  8 steps  1/1 (100%)
           Open {{v1}} and sign in with username '{{v2}}' and password '{{v3}}'. Then navigate to the project named 'Benc…
  s_0af570  provisional  1 steps  1/1 (100%)
           Open {{v1}} and sign in with username '{{v2}}' and password '{{v3}}'. Then navigate to the project named 'Benc…
  s_0e8b7d  provisional  6 steps  1/1 (100%)
           Open {{v1}} and sign in with username '{{v2}}' and password '{{v3}}'. Then navigate to the project named 'Benc…
  s_150ed7  provisional  3 steps  1/1 (100%)
           Open {{v1}} and sign in with username '{{v2}}' and password '{{v3}}'. Then navigate to the project named 'Benc…
  s_201baf  provisional  4 steps  1/1 (100%)
           Open {{v1}} and sign in with username '{{v2}}' and password '{{v3}}'. Then navigate to the project named 'Benc…
  s_26e9ab  provisional  1 steps  1/1 (100%)
           Open {{v1}} and sign in with username '{{v2}}' and password '{{v3}}'. Then navigate to the project named 'Benc…
  s_433dd7  provisional  4 steps  1/1 (100%)
           Open {{v1}} and sign in with username '{{v2}}' and password '{{v3}}'. Then navigate to the project named 'Benc…
  s_495151  provisional  4 steps  1/1 (100%)
           Open {{v1}} and sign in with username '{{v2}}' and password '{{v3}}'. Then navigate to the project named 'Benc…
  s_5123f6  provisional  1 steps  1/1 (100%)  variant of s_4b8679
           Open http://127.0.0.1:8090/ and sign in with username 'admin' and password 'bench-admin-pass'. Then navigate t…
  s_6e7815  provisional  6 steps  1/1 (100%)  variant of s_4b8679
           Open http://127.0.0.1:8090/ and sign in with username 'admin' and password 'bench-admin-pass'. Then navigate t…
  s_7fe551  provisional 12 steps  1/1 (100%)
           Open {{v1}} and sign in with username '{{v2}}' and password '{{v3}}'. Then navigate to the project named 'Benc…
  s_99712e  provisional  1 steps  1/1 (100%)
           Open {{v1}} and sign in with username '{{v2}}' and password '{{v3}}'. Then navigate to the project named 'Benc…
  s_9a2ef6  provisional  1 steps  1/1 (100%)  variant of s_4b8679
           Open http://127.0.0.1:8090/ and sign in with username 'admin' and password 'bench-admin-pass'. Then navigate t…
  s_b04d24  provisional  1 steps  1/1 (100%)
           Open {{v1}} and sign in with username '{{v2}}' and password '{{v3}}'. Then navigate to the project named 'Benc…
  s_b8bd5d  provisional  4 steps  1/1 (100%)  variant of s_4b8679
           Open http://127.0.0.1:8090/ and sign in with username 'admin' and password 'bench-admin-pass'. Then navigate t…
  s_c5b064  provisional 12 steps  1/1 (100%)  variant of s_4b8679
           Open http://127.0.0.1:8090/ and sign in with username 'admin' and password 'bench-admin-pass'. Then navigate t…
  s_d536fb  provisional  1 steps  1/1 (100%)
           Open {{v1}} and sign in with username '{{v2}}' and password '{{v3}}'. Then navigate to the project named 'Benc…
  s_e48239  provisional  3 steps  1/1 (100%)  variant of s_4b8679
           Open http://127.0.0.1:8090/ and sign in with username 'admin' and password 'bench-admin-pass'. Then navigate t…
store: /home/user/sitelooper/bench/results/fwop6-skills

summary: /home/user/sitelooper/bench/results/fwop6-sweep.json
