
Running 1 test using 1 worker

[sitelooper skip] 01-open s_258ea6/1: closes the dialog "Welcome to OpenProject, Bench Admin" with "Close", which is not open — already in effect
[sitelooper step] 01-open
[sitelooper warn] 02-create s_735862/2: the page's alerts could not be observed in full after the action — whether it raised an alert is unknown, not clear
[sitelooper warn] 02-create s_4d58bf/1: the page's alerts could not be observed in full after the action — whether it raised an alert is unknown, not clear
[sitelooper recipe] filled via recipe contenteditable/set-value (r_7b1e49); value verified on the component
[sitelooper warn] 02-create s_4d58bf/2: the page's alerts could not be observed in full after the action — whether it raised an alert is unknown, not clear
[sitelooper warn] 02-create s_4d58bf/3: the page's alerts could not be observed in full after the action — whether it raised an alert is unknown, not clear
[sitelooper warn] 02-create s_4d58bf/4: the page's alerts could not be observed in full after the action — whether it raised an alert is unknown, not clear
[sitelooper warn] 02-create s_4d58bf/5: the page's alerts could not be observed in full after the action — whether it raised an alert is unknown, not clear
[sitelooper warn] 02-create s_4d58bf/6: the page's alerts could not be observed in full after the action — whether it raised an alert is unknown, not clear
[sitelooper warn] 02-create s_4d58bf/7: the page's alerts could not be observed in full after the action — whether it raised an alert is unknown, not clear
[sitelooper warn] 02-create s_4d58bf/8: the page's alerts could not be observed in full after the action — whether it raised an alert is unknown, not clear
[sitelooper warn] 02-create s_4d58bf/9: the page's alerts could not be observed in full after the action — whether it raised an alert is unknown, not clear
[sitelooper warn] 02-create s_4d58bf/10: the page's alerts could not be observed in full after the action — whether it raised an alert is unknown, not clear
[sitelooper recipe] filled via recipe contenteditable/set-value (r_7b1e49); value verified on the component
  ✘  1 fwop10.spec.ts:9:1 › fwop10 (50.1s)


  1) fwop10.spec.ts:9:1 › fwop10 › 02-create: In Bench Project, create a new work package of type Task titled '{{runid}} Bench Work Package' with a description containing the text '{{runid}}'. Set its assignee to the user 'Bench Assignee' — this is an autocomplete: type it and actually select the matching option from the dropdown. Set status to 'In progress'. Set finish date to 2026-12-31. Then add a comment to the work package whose text includes '{{runid}}'. Finally report the work package's numeric ID exactly as the app displays it (as #<number>), and the values shown on the page for assignee, status, and finish date. 

    Error: expect(locator).toContainText(expected) failed

    Locator: locator('li.op-tab-row--tab').filter({ hasText: 'OVERVIEW' }).locator('a').first()
    Expected substring: "OVERVIEW"
    Received string:    "Overview"
    Timeout: 5000ms

    Call log:
      - Expect "toContainText" with timeout 5000ms
      - waiting for locator('li.op-tab-row--tab').filter({ hasText: 'OVERVIEW' }).locator('a').first()
        14 × locator resolved to <a role="tab" title="Overview" aria-selected="false" class="op-tab-row--link" _ngcontent-ng-c3690540114="" uisrefactive="op-tab-row--link_selected" href="/projects/bench-project/work_packages/details/44/overview?query_props=%7B%22c%22%3A%5B%22id%22%2C%22subject%22%2C%22type%22%2C%22status%22%2C%22assignee%22%2C%22priority%22%5D%2C%22hi%22%3Atrue%2C%22g%22%3A%22%22%2C%22is%22%3Atrue%2C%22tv%22%3Afalse%2C%22hla%22%3A%5B%22status%22%2C%22priority%22%2C%22dueDate%22%5D%2C%22t%22%3A%22id%3Aasc%22%2C%2…>…</a>
           - unexpected value "Overview"


       at fwop10.flow.ts:12089

      12087 |         const hit18 = await pick(page, observations18, '02-create s_d1f053/4 target', { allowMultiple: true, stayOnOrigin: originOf(page.url()) ?? undefined, waitMs: RESOLVE_WAIT_MS }, { drift: run.drift });
      12088 |         try {
    > 12089 |           await expect(hit18.locator.first()).toContainText('OVERVIEW');
            |                                               ^
      12090 |         } catch (err) {
      12091 |           await textHeldOrThrow(err, observations18, 'text_contains', 'OVERVIEW', '02-create s_d1f053/4', run.drift);
      12092 |         }
        at Object.act (/home/user/sitelooper/bench/results/fwop10-spec-spec-tmp/fwop10.flow.ts:12089:47)
        at runStepLifecycle (/home/user/sitelooper/bench/results/fwop10-spec-spec-tmp/fwop10.flow.ts:6815:18)
        at Object.02-create (/home/user/sitelooper/bench/results/fwop10-spec-spec-tmp/fwop10.flow.ts:12069:5)
        at /home/user/sitelooper/bench/results/fwop10-spec-spec-tmp/fwop10.flow.ts:12224:7
        at runFlow (/home/user/sitelooper/bench/results/fwop10-spec-spec-tmp/fwop10.flow.ts:12223:5)
        at /home/user/sitelooper/bench/results/fwop10-spec-spec-tmp/fwop10.spec.ts:14:21

    attachment #1: sitelooper-drift (text/plain) ───────────────────────────────────────────────────
    
    ────────────────────────────────────────────────────────────────────────────────────────────────

    attachment #2: screenshot (image/png) ──────────────────────────────────────────────────────────
    test-results/fwop10-fwop10/test-failed-1.png
    ────────────────────────────────────────────────────────────────────────────────────────────────

    Error Context: test-results/fwop10-fwop10/error-context.md

  1 failed
    fwop10.spec.ts:9:1 › fwop10 ────────────────────────────────────────────────────────────────────
