
Running 1 test using 1 worker

[sitelooper skip] 01-signin s_7efbf1/1: closes the dialog "Welcome to OpenProject, Bench Admin" with "Close", which is not open — already in effect
[sitelooper warn] 01-signin s_87ae62/1: recorded url http://127.0.0.1:8090/projects is the page the clicked link left (captured before its navigation committed); the click went where the link points, http://127.0.0.1:8090/projects/bench-project — accepted
[sitelooper step] 01-signin
[sitelooper step] 02-add
[sitelooper warn] 03-create s_5bcfe2/3: the page's alerts could not be observed in full after the action — whether it raised an alert is unknown, not clear
[sitelooper warn] 03-create s_70f911/1: the page's alerts could not be observed in full after the action — whether it raised an alert is unknown, not clear
[sitelooper warn] 03-create s_70f911/2: the page's alerts could not be observed in full after the action — whether it raised an alert is unknown, not clear
[sitelooper recipe] filled via recipe contenteditable/set-value (r_7b1e49); value verified on the component
[sitelooper warn] 03-create s_70f911/3: the page's alerts could not be observed in full after the action — whether it raised an alert is unknown, not clear
[sitelooper skip] 03-create s_55440d/5 target: no locator recorded — value left empty
[sitelooper step] 03-create
[sitelooper warn] 04-edit s_56eefa/5: expected alert containing "Successful update."
[sitelooper warn] 04-edit s_56eefa/8: expected alert containing "Successful update."
[sitelooper warn] 04-edit s_56eefa/9: read 'assignee' returned a value the skill itself set/selected ('Bench Assignee') — confirms the control, not persistence; dropped from the report's confident values
[sitelooper warn] 04-edit s_56eefa/10: read 'status' returned a value the skill itself set/selected ('In progress') — confirms the control, not persistence; dropped from the report's confident values
[sitelooper step] 04-edit
[sitelooper recipe] filled via recipe contenteditable/set-value (r_7b1e49); value verified on the component
[sitelooper recipe] filled via recipe contenteditable/set-value (r_7b1e49); value verified on the component
[sitelooper step] 05-add
[sitelooper step] 06-open
  ✓  1 fwop3.spec.ts:9:1 › fwop3 (1.1m)

  1 passed (1.1m)
