
Running 1 test using 1 worker

[sitelooper skip] 01-signin s_9047db/1: closes the dialog "Welcome to OpenProject, Bench Admin" with "Close", which is not open — already in effect
[sitelooper step] 01-signin
[sitelooper step] 02-report
[sitelooper warn] 03-create s_ea4107/2: the page's alerts could not be observed in full after the action — whether it raised an alert is unknown, not clear
[sitelooper warn] 03-create s_434b14/1: the page's alerts could not be observed in full after the action — whether it raised an alert is unknown, not clear
[sitelooper recipe] filled via recipe contenteditable/set-value (r_7b1e49); value verified on the component
[sitelooper warn] 03-create s_434b14/2: the page's alerts could not be observed in full after the action — whether it raised an alert is unknown, not clear
[sitelooper skip] 03-create s_ccf807/6 target: no locator recorded — value left empty
[sitelooper step] 03-create
[sitelooper skip] 04-set s_1ecb59/8 target: no locator recorded — value left empty
[sitelooper step] 04-set
[sitelooper warn] 05-change s_61e8cd/7: read 'status_option_selected' returned a value the skill itself set/selected ('In progress') — confirms the control, not persistence; dropped from the report's confident values
[sitelooper warn] 05-change s_61e8cd/9: read 'work_package_id' returned '#44' from a control this step set, and nothing committed it since — it shows the control, however the app formats it, not what the app stored; dropped from the report's confident values
[sitelooper skip] 05-change s_61e8cd/11 target: no locator recorded — value left empty
[sitelooper skip] 05-change s_61e8cd/12 target: no locator recorded — value left empty
[sitelooper skip] 05-change s_61e8cd/13 target: no locator recorded — value left empty
[sitelooper skip] 05-change s_61e8cd/14 target: no locator recorded — value left empty
[sitelooper step] 05-change
[sitelooper warn] 06-set s_afae50/3: read 'finish_date_set' returned a value the skill itself set/selected ('2026-12-31') — confirms the control, not persistence; dropped from the report's confident values
[sitelooper warn] 06-set s_afae50/6: read 'combined_date_aria' returned a value the skill itself set/selected ('Start date : Edit') — confirms the control, not persistence; dropped from the report's confident values
[sitelooper skip] 06-set s_afae50/12 target: no locator recorded — value left empty
[sitelooper warn] 06-set: report value finish_date_input_value_after_save is only what this run typed: no click's own diff showed it outside its control and no read returned it — withheld from the report (still given to a later step)
[sitelooper warn] 06-set: report value finish_date_typed_value is only what this run typed: no click's own diff showed it outside its control and no read returned it — withheld from the report (still given to a later step)
[sitelooper step] 06-set
[sitelooper recipe] filled via recipe contenteditable/set-value (r_7b1e49); value verified on the component
[sitelooper warn] 07-add s_eb8650/6: read 'tab_used' returned a value the skill itself set/selected ('ACTIVITY') — confirms the control, not persistence; dropped from the report's confident values
[sitelooper drift] 07-add s_eb8650/7 target: primary locator('#work-packages-activities-tab-journals-item-component-show-63 > div > div:nth-of-type(1) > div > p') missed; used #2 locator('[data-sitelooper-point="1072,622"]') (#1 absent)
[sitelooper drift] 07-add s_eb8650/8 target: primary locator('#work-packages-activities-tab-journals-item-component-show-63 > div > div:nth-of-type(1) > div > p') missed; used #2 locator('[data-sitelooper-point="1072,622"]') (#1 absent)
[sitelooper step] 07-add
  ✓  1 fwop34-luna.spec.ts:9:1 › fwop34-luna (1.1m)

  1 passed (1.1m)
