
[sweep] run 1/3: fwop21-n1 (store: /home/user/sitelooper/bench/results/fwop21-skills)
[harness] openproject: defaulting APP_URL
[harness] openproject: defaulting APP_EMAIL
[harness] openproject: defaulting APP_PASSWORD
[reset] openproject: no leftover bench work packages
[harness] openproject responded 302 at http://127.0.0.1:8090/
stopped: fwop21-n1
  flow "fwop21" saved: 8 step(s), vars runid → /home/user/sitelooper/bench/results/flows/fwop21.json
  warning: note: 01-signin no longer publishes user_menu_items — no replay reads it from the page and the recording showed no line to read
  warning: note: 02-open no longer publishes row_details, pagination_text_all_stat — no replay reads them from the page and the recording showed no line to read
  warning: note: 03-create no longer publishes item_2_value, content_body_button_3, data_field_name — no replay reads them from the page and the recording showed no line to read
  warning: note: 04-open no longer publishes assignee_before, autocomplete_option_selected — no replay reads them from the page and the recording showed no line to read
  warning: note: 05-open no longer publishes status_before, details_panel_status_button, status_button_label — no replay reads them from the page and the recording showed no line to read
  warning: note: 06-open no longer publishes finish_date_before, finish_date_input_after_ — no replay reads them from the page and the recording showed no line to read
  warning: note: 07-open no longer publishes comment_editor_test_selector — no replay reads it from the page and the recording showed no line to read
  warning: note: 08-open no longer publishes other_attributes — no replay reads it from the page and the recording showed no line to read
  warning: note: 01-signin: added a read for user_menu_avatar_initials to s_69f4a1 (page.getByRole('button', { name: 'BA', exact: true }); seen on the next instruction's start page)
  warning: note: 03-create: added a read for success_alert to s_4ed6d3 (page.getByRole('alert', { name: 'Successful creation.', exact: true }); seen on the instruction's own page)
  warning: note: 03-create: added a read for project_name to s_4ed6d3 (page.getByRole('button', { name: 'Bench Project', exact: true }), page.getByRole('link', { name: 'Bench Project', exact: true }); seen on the next instruction's start page)
  warning: note: 04-open: added a read for save_confirmation_alert to s_0b508d (page.getByRole('alert', { name: 'Successful update.', exact: true }); seen on the instruction's own page)
  warning: note: 05-open: added a read for save_confirmation_alert to s_8b649b (page.getByRole('alert', { name: 'Successful update.', exact: true }); seen on the instruction's own page)
  warning: note: 06-open: added a read for save_confirmation_alert to s_9c9088 (page.getByRole('alert', { name: 'Successful update.', exact: true }); seen on the instruction's own page)
  warning: note: 08-open: added a read for item_4 to s_a2287e (page.getByRole('button', { name: 'Assignee', exact: true }); seen on the instruction's own page)
  warning: warning: 418 other value(s) the run saw survived unslotted, judged by shape only (usually page copy; non-fatal):
  flow.steps[0].instruction: "admin" (output) in "Navigate to http://127.0.0.1:8090/ and sign in with username admin and password {{env:APP_PASSWORD}} (type the password text exactly as given, including the bra"
  flow.steps[0].instruction: "type" (output) in "Navigate to http://127.0.0.1:8090/ and sign in with username admin and password {{env:APP_PASSWORD}} (type the password text exactly as given, including the bra"
  flow.steps[0].params.v2: "admin" (output) in "admin"
  flow.steps[1].instruction: "Bench Project" (output) in "In {{01-signin.page_title}}, open the project named 'Bench Project' and go to its work packages list. Find all work packages whose subject starts with the text "
  flow.steps[1].instruction: "subject" (output) in "In {{01-signin.page_title}}, open the project named 'Bench Project' and go to its work packages list. Find all work packages whose subject starts with the text "
arm=sitelooper model=z-ai/glm-5.3 runid=fwop21-n1 stop=completed
turns=9 wall=526.0s
commands=8 cmdTime=495.3s cmdBytes=12019 timeouts=0
orchestrator in=6971 cw=0 cr=34880 out=3273
inner prompt=3263329 cached=3079680 completion=36654
spend=$0.0928 maxUsd=3
learn: A_n=0 replayed=0/8 full=0 repaired=0 compiled=8 variants=0
-> /home/user/sitelooper/bench/results/fwop21-n1-sitelooper-result.json

fwop21-n1: objectives passed 7/7
  obj 1: PASS — all 3 seed subjects reported
  obj 2: PASS — type=Task, description includes runid=true
  obj 3: PASS — assignee=Bench Assignee
  obj 4: PASS — status=In progress
  obj 5: PASS — finish date=2026-12-31, want 2026-12-31
  obj 6: PASS — 1 comment(s), 1 carrying the runid
  obj 7: PASS — work package id 41 reported

[sweep] run 2/3: fwop21-n2 (replay flow fwop21, no orchestrator)
[reset] openproject: deleted 1 leftover bench work package(s)
[sweep] fwop21-n2: 10 drift ticket(s) → fwop21-n2-drift.json

fwop21-n2: objectives passed 7/7
  obj 1: PASS — all 3 seed subjects reported
  obj 2: PASS — type=Task, description includes runid=true
  obj 3: PASS — assignee=Bench Assignee
  obj 4: PASS — status=In progress
  obj 5: PASS — finish date=2026-12-31, want 2026-12-31
  obj 6: PASS — 1 comment(s), 1 carrying the runid
  obj 7: PASS — work package id 42 reported

[sweep] run 3/3: fwop21-n3 (replay flow fwop21, no orchestrator)
[reset] openproject: deleted 1 leftover bench work package(s)
[sweep] fwop21-n3: 12 drift ticket(s) → fwop21-n3-drift.json

fwop21-n3: objectives passed 7/7
  obj 1: PASS — all 3 seed subjects reported
  obj 2: PASS — type=Task, description includes runid=true
  obj 3: PASS — assignee=Bench Assignee
  obj 4: PASS — status=In progress
  obj 5: PASS — finish date=2026-12-31, want 2026-12-31
  obj 6: PASS — 1 comment(s), 1 carrying the runid
  obj 7: PASS — work package id 43 reported

Learning sweep fwop21 (K=3)
┌─────────┬───┬─────────────┬──────────┬─────────────┬───────┬──────┬───────────┬──────┬──────────────┬────────┐
│ (index) │ n │ runid       │ verified │ stop        │ turns │ cmds │ total_usd │ A_n  │ replayed     │ wall_s │
├─────────┼───┼─────────────┼──────────┼─────────────┼───────┼──────┼───────────┼──────┼──────────────┼────────┤
│ 0       │ 1 │ 'fwop21-n1' │ '7/7'    │ 'completed' │ 9     │ 8    │ 0.0928    │ 0    │ '0/8'        │ 526    │
│ 1       │ 2 │ 'fwop21-n2' │ '7/7'    │ 'success'   │ 0     │ 8    │ 0         │ 1    │ '8/8 (flow)' │ 173    │
│ 2       │ 3 │ 'fwop21-n3' │ '7/7'    │ 'success'   │ 10    │ 8    │ 0.0055    │ 0.88 │ '8/8 (flow)' │ 196    │
└─────────┴───┴─────────────┴──────────┴─────────────┴───────┴──────┴───────────┴──────┴──────────────┴────────┘
http://127.0.0.1:8090
  s_0b508d  validated   11 steps  3/3 (100%)
           In {{v1}}, open work package {{v2}} ({{v4}} '{{v5}}') in project '{{v7}}'. Edit the Assignee field in place: c…
  s_159030  validated    1 steps  3/3 (100%)
           In {{v1}}, open work package {{v2}} ({{v4}} '{{v5}}') in project '{{v7}}'. Add a comment to this work package …
  s_297ba3  validated    5 steps  3/3 (100%)
           In {{v1}}, open work package {{v2}} ({{v4}} '{{v5}}') in project '{{v7}}' and verify, reading from the live pa…
  s_36f71c  validated    2 steps  3/3 (100%)
           In {{v1}}, in the project 'Bench Project', create a new work package of type 'Task' with the subject exactly '…
  s_3d6b94  validated    3 steps  3/3 (100%)
           Navigate to {{v1}} and sign in with username {{v2}} and password {{v3}} (type the password text exactly as giv…
  s_4ed6d3  validated   25 steps  3/3 (100%)
           In {{v1}}, in the project 'Bench Project', create a new work package of type 'Task' with the subject exactly '…
  s_69f4a1  validated    6 steps  3/3 (100%)
           Navigate to {{v1}} and sign in with username {{v2}} and password {{v3}} (type the password text exactly as giv…
  s_7f94ff  validated    1 steps  3/3 (100%)
           In {{v1}}, open the project named '{{v2}} Project' and go to its work packages list. Find all work packages wh…
  s_8b649b  validated    8 steps  3/3 (100%)
           In {{v1}}, open work package {{v2}} ({{v4}} '{{v5}}') in project '{{v7}}'. Change its Status to 'In progress' …
  s_9c9088  validated   16 steps  2/3 (67%)
           In {{v1}}, open work package {{v2}} ({{v4}} '{{v5}}') in project '{{v7}}'. Set its Finish date to 2026-12-31 b…
  s_a2287e  validated   17 steps  3/3 (100%)
           In {{v1}}, open work package {{v2}} ({{v4}} '{{v5}}') in project '{{v7}}' and verify, reading from the live pa…
  s_af780f  validated    2 steps  3/3 (100%)
           In {{v1}}, open the project named '{{v2}} Project' and go to its work packages list. Find all work packages wh…
  s_b214b3  validated    1 steps  3/3 (100%)
           Navigate to {{v1}} and sign in with username {{v2}} and password {{v3}} (type the password text exactly as giv…
  s_be5bb7  validated    7 steps  3/3 (100%)
           In {{v1}}, in the project 'Bench Project', create a new work package of type 'Task' with the subject exactly '…
  s_c264b8  validated    7 steps  3/3 (100%)
           In {{v1}}, open the project named '{{v2}} Project' and go to its work packages list. Find all work packages wh…
  s_ea2ebb  validated   15 steps  3/3 (100%)
           In {{v1}}, open work package {{v2}} ({{v4}} '{{v5}}') in project '{{v7}}'. Add a comment to this work package …
  s_f0b16a  validated    6 steps  3/3 (100%)
           In {{v1}}, open the project named '{{v2}} Project' and go to its work packages list. Find all work packages wh…
  s_18ba5e  provisional  7 steps  1/1 (100%)  variant of s_9c9088
           In {{v1}}, open work package {{v2}} (subject '{{v4}}') in project '{{v6}}'. Set its Finish date to 2026-12-31 …
store: /home/user/sitelooper/bench/results/fwop21-skills

summary: /home/user/sitelooper/bench/results/fwop21-sweep.json
