
[sweep] run 1/3: fwop9-n1 (store: /home/user/sitelooper/bench/results/fwop9-skills)
[harness] openproject: defaulting APP_URL
[harness] openproject: defaulting APP_EMAIL
[harness] openproject: defaulting APP_PASSWORD
[reset] openproject: no leftover bench work packages
[harness] openproject responded 302 at http://127.0.0.1:8090/
stopped: fwop9-n1
  flow "fwop9" saved: 4 step(s), vars runid → /home/user/sitelooper/bench/results/flows/fwop9.json
  warning: note: 01-open no longer publishes total_work_packages, pagination_info — no replay reads them from the page and the recording showed no line to read
  warning: note: 02-create no longer publishes type — no replay reads it from the page and the recording showed no line to read
  warning: note: 03-add no longer publishes comment_timestamp, type — no replay reads them from the page and the recording showed no line to read
  warning: note: 04-open no longer publishes type, finish_date — no replay reads them from the page and the recording showed no line to read
  warning: note: 01-open: added a read for project to s_f23872 (page.getByRole('button', { name: 'Bench Project', exact: true }), page.getByRole('link', { name: 'Bench Project', exact: true }); seen on the next instruction's start page)
  warning: warning: 159 other value(s) the run saw survived unslotted, judged by shape only (usually page copy; non-fatal):
  flow.steps[0].instruction: "Bench Project" (output) in "Open http://127.0.0.1:8090/ and sign in with username 'admin' and password 'bench-admin-pass'. Then navigate to the project named 'Bench Project' and open its w"
  flow.steps[0].route: "http://127.0.0.1:8090/projects" (output) in "http://127.0.0.1:8090/projects/bench-project/work_packages"
  flow.steps[1].instruction: "Bench Assignee" (output) in "In the project 'Bench Project' ({{01-open.url}}), create a new work package of type 'Task' with subject exactly '{{runid}} Bench Work Package' and a description"
  flow.steps[1].instruction: "Bench Project" (output) in "In the project 'Bench Project' ({{01-open.url}}), create a new work package of type 'Task' with subject exactly '{{runid}} Bench Work Package' and a description"
  flow.steps[1].instruction: "In progress" (output) in "In the project 'Bench Project' ({{01-open.url}}), create a new work package of type 'Task' with subject exactly '{{runid}} Bench Work Package' and a description"
arm=sitelooper model=z-ai/glm-5.3 runid=fwop9-n1 stop=completed
turns=5 wall=356.4s
commands=4 cmdTime=334.1s cmdBytes=6360 timeouts=0
orchestrator in=9629 cw=0 cr=9280 out=1549
inner prompt=1651121 cached=1519232 completion=19421
spend=$0.0591 maxUsd=3
learn: A_n=0 replayed=0/4 full=0 repaired=0 compiled=4 variants=0
-> /home/user/sitelooper/bench/results/fwop9-n1-sitelooper-result.json

fwop9-n1: objectives passed 7/7
  obj 1: PASS — all 3 seed subjects reported
  obj 2: PASS — type=Task, description includes runid=true
  obj 3: PASS — assignee=Bench Assignee
  obj 4: PASS — status=In progress
  obj 5: PASS — finish date=2026-12-31, want 2026-12-31
  obj 6: PASS — 1 comment(s), 1 carrying the runid
  obj 7: PASS — work package id 41 reported

[sweep] run 2/3: fwop9-n2 (replay flow fwop9, no orchestrator)
[reset] openproject: deleted 1 leftover bench work package(s)
[sweep] fwop9-n2: 2 drift ticket(s) → fwop9-n2-drift.json

fwop9-n2: objectives passed 7/7
  obj 1: PASS — all 3 seed subjects reported
  obj 2: PASS — type=Task, description includes runid=true
  obj 3: PASS — assignee=Bench Assignee
  obj 4: PASS — status=In progress
  obj 5: PASS — finish date=2026-12-31, want 2026-12-31
  obj 6: PASS — 1 comment(s), 1 carrying the runid
  obj 7: PASS — work package id 42 reported

[sweep] run 3/3: fwop9-n3 (replay flow fwop9, no orchestrator)
[reset] openproject: deleted 1 leftover bench work package(s)
[sweep] fwop9-n3: 2 drift ticket(s) → fwop9-n3-drift.json

fwop9-n3: objectives passed 7/7
  obj 1: PASS — all 3 seed subjects reported
  obj 2: PASS — type=Task, description includes runid=true
  obj 3: PASS — assignee=Bench Assignee
  obj 4: PASS — status=In progress
  obj 5: PASS — finish date=2026-12-31, want 2026-12-31
  obj 6: PASS — 1 comment(s), 1 carrying the runid
  obj 7: PASS — work package id 43 reported

Learning sweep fwop9 (K=3)
┌─────────┬───┬────────────┬──────────┬─────────────┬───────┬──────┬───────────┬─────┬──────────────┬────────┐
│ (index) │ n │ runid      │ verified │ stop        │ turns │ cmds │ total_usd │ A_n │ replayed     │ wall_s │
├─────────┼───┼────────────┼──────────┼─────────────┼───────┼──────┼───────────┼─────┼──────────────┼────────┤
│ 0       │ 1 │ 'fwop9-n1' │ '7/7'    │ 'completed' │ 5     │ 4    │ 0.0591    │ 0   │ '0/4'        │ 356    │
│ 1       │ 2 │ 'fwop9-n2' │ '7/7'    │ 'success'   │ 0     │ 4    │ 0         │ 1   │ '4/4 (flow)' │ 99     │
│ 2       │ 3 │ 'fwop9-n3' │ '7/7'    │ 'success'   │ 0     │ 4    │ 0         │ 1   │ '4/4 (flow)' │ 75     │
└─────────┴───┴────────────┴──────────┴─────────────┴───────┴──────┴───────────┴─────┴──────────────┴────────┘
http://127.0.0.1:8090
  s_127dd2  validated    6 steps  3/3 (100%)
           On the work package page for work package {{v1}} in project '{{v3}}' ({{v4}}), add a comment whose text includ…
  s_2f6444  validated   17 steps  3/3 (100%)
           In the project '{{v1}}' ({{v2}}/bench-project/work_packages), create a new work package of type 'Task' with su…
  s_3f14f8  validated    1 steps  3/3 (100%)
           Verification only, do not modify anything. Open work package {{v1}} in project '{{v3}}' ({{v4}}) and report ex…
  s_6a404b  validated    3 steps  3/3 (100%)
           In the project '{{v1}}' ({{v2}}/bench-project/work_packages), create a new work package of type 'Task' with su…
  s_6fd6f5  validated    2 steps  3/3 (100%)
           Open {{v1}} and sign in with username '{{v2}}' and password '{{v3}}'. Then navigate to the project named 'Benc…
  s_7881ce  validated    1 steps  3/3 (100%)
           Open {{v1}} and sign in with username '{{v2}}' and password '{{v3}}'. Then navigate to the project named 'Benc…
  s_7d0a09  validated    5 steps  3/3 (100%)
           Open {{v1}} and sign in with username '{{v2}}' and password '{{v3}}'. Then navigate to the project named 'Benc…
  s_81c355  validated    5 steps  3/3 (100%)
           On the work package page for work package {{v1}} in project '{{v3}}' ({{v4}}), add a comment whose text includ…
  s_8e7445  validated    1 steps  3/3 (100%)
           On the work package page for work package {{v1}} in project '{{v3}}' ({{v4}}), add a comment whose text includ…
  s_ba7d95  validated    3 steps  3/3 (100%)
           Open {{v1}} and sign in with username '{{v2}}' and password '{{v3}}'. Then navigate to the project named 'Benc…
  s_c2a2b7  validated    1 steps  3/3 (100%)
           Open {{v1}} and sign in with username '{{v2}}' and password '{{v3}}'. Then navigate to the project named 'Benc…
  s_c7ec2b  validated    2 steps  3/3 (100%)
           In the project '{{v1}}' ({{v2}}/bench-project/work_packages), create a new work package of type 'Task' with su…
  s_f23872  validated   10 steps  3/3 (100%)
           Open {{v1}} and sign in with username '{{v2}}' and password '{{v3}}'. Then navigate to the project named 'Benc…
  s_f94eab  validated    4 steps  3/3 (100%)
           Verification only, do not modify anything. Open work package {{v1}} in project '{{v3}}' ({{v4}}) and report ex…
  s_fc857d  validated    1 steps  3/3 (100%)
           Verification only, do not modify anything. Open work package {{v1}} in project '{{v3}}' ({{v4}}) and report ex…
store: /home/user/sitelooper/bench/results/fwop9-skills

summary: /home/user/sitelooper/bench/results/fwop9-sweep.json
