
Running 1 test using 1 worker

[sitelooper skip] 01-open s_74294d/1: closes the dialog "Welcome to OpenProject, Bench Admin" with "Close", which is not open — already in effect
[sitelooper warn] 01-open s_329f9c/1: recorded url http://127.0.0.1:8090/projects is the page the clicked link left (captured before its navigation committed); the click went where the link points, http://127.0.0.1:8090/projects/bench-project — accepted
[sitelooper warn] 01-open s_3e86cb/4: url segment(s) differ from recorded ({"c":["id","subject","type","status","assignee","priority"],"hi":true,"g":"","is":true,"tv":false,"hla":["status","priority","dueDate"],"t":"id:asc","f":[{"n":"status","o":"c","v":[]}],"ts":"PT0S","pp":20,"pa":1}→{"c":["id","subject","type","status","assignee","priority"],"hi":true,"g":"","is":true,"tv":false,"hla":["status","priority","dueDate"],"t":"id:asc","f":[{"n":"status","o":"*","v":[]}],"ts":"PT0S","pp":20,"pa":1}) — treated as volatile
[sitelooper step] 01-open
[sitelooper warn] 02-create s_73df53/2: the page's alerts could not be observed in full after the action — whether it raised an alert is unknown, not clear
[sitelooper warn] 02-create s_72f85a/1: the page's alerts could not be observed in full after the action — whether it raised an alert is unknown, not clear
[sitelooper warn] 02-create s_72f85a/2: the page's alerts could not be observed in full after the action — whether it raised an alert is unknown, not clear
[sitelooper recipe] filled via recipe contenteditable/set-value (r_7b1e49); value verified on the component
[sitelooper warn] 02-create s_72f85a/3: the page's alerts could not be observed in full after the action — whether it raised an alert is unknown, not clear
[sitelooper warn] 02-create s_72f85a/4: read 'subject' returned a value the skill itself set/selected ('fwop5-spec Bench Work Package') — confirms the control, not persistence; dropped from the report's confident values
[sitelooper warn] 02-create s_72f85a/5: read 'description' returned a value the skill itself set/selected ('Bench work package for run fwop5-spec') — confirms the control, not persistence; dropped from the report's confident values
[sitelooper skip] 02-create s_fea0b4/10 target: no locator recorded — value left empty
[sitelooper step] 02-create
[sitelooper warn] 03-open s_54ea98/5: expected alert containing "Successful update."
[sitelooper warn] 03-open s_54ea98/8: read 'finish_date_input_value' returned a value the skill itself set/selected ('2026-12-31') — confirms the control, not persistence; dropped from the report's confident values
[sitelooper warn] 03-open s_54ea98/9: expected alert containing "Successful update."
[sitelooper warn] 03-open s_54ea98/14: read 'assignee_after_reload' returned a value the skill itself set/selected ('Bench Assignee') — confirms the control, not persistence; dropped from the report's confident values
[sitelooper warn] 03-open s_54ea98/15: read 'status_after_reload' returned a value the skill itself set/selected ('In progress') — confirms the control, not persistence; dropped from the report's confident values
[sitelooper step] 03-open
[sitelooper recipe] filled via recipe contenteditable/set-value (r_7b1e49); value verified on the component
[sitelooper warn] 04-open s_a23d69/5: read 'comment_displayed_text' returned a value the skill itself set/selected ('Comment for run fwop5-spec') — confirms the control, not persistence; dropped from the report's confident values
[sitelooper skip] 04-open s_a23d69/7 target: no locator recorded — value left empty
[sitelooper step] 04-open
[sitelooper step] 05-open
  ✓  1 fwop5.spec.ts:9:1 › fwop5 (1.1m)

  1 passed (1.1m)
