
Running 1 test using 1 worker

[sitelooper skip] 01-signin s_079cf3/1: closes the dialog "Welcome to OpenProject, Bench Admin" with "Close", which is not open — already in effect
[sitelooper warn] 01-signin s_53b7df/1: recorded url http://127.0.0.1:8090/projects is the page the clicked link left (captured before its navigation committed); the click went where the link points, http://127.0.0.1:8090/projects/bench-project — accepted
[sitelooper drift] 01-signin s_53b7df/3 target: none of 3 recorded locators resolved; navigated to the step's recorded destination instead (http://127.0.0.1:8090/projects)
[sitelooper drift] 01-signin s_53b7df/5 target: used #3 locator('#project-3-action-menu-button') (#2 ambiguous)
[sitelooper drift] 01-signin s_53b7df/6 target: primary getByText('Skip', { exact: true }) missed; used #3 locator('[data-sitelooper-point="777,303"]') (#1 absent, #2 absent)
[sitelooper step] 01-signin
[sitelooper warn] 02-create s_61aafc/2: the page's alerts could not be observed in full after the action — whether it raised an alert is unknown, not clear
[sitelooper warn] 02-create s_814ebe/2: the page's alerts could not be observed in full after the action — whether it raised an alert is unknown, not clear
[sitelooper warn] 02-create s_814ebe/3: the page's alerts could not be observed in full after the action — whether it raised an alert is unknown, not clear
[sitelooper recipe] filled via recipe contenteditable/set-value (r_7b1e49); value verified on the component
[sitelooper warn] 02-create s_814ebe/4: the page's alerts could not be observed in full after the action — whether it raised an alert is unknown, not clear
[sitelooper warn] 02-create s_814ebe/5: read 'work_package_description' returned a value the skill itself set/selected ('fwop29-spec description text') — confirms the control, not persistence; dropped from the report's confident values
[sitelooper warn] 02-create s_814ebe/6: read 'work_package_description' returned a value the skill itself set/selected ('fwop29-spec description text') — confirms the control, not persistence; dropped from the report's confident values
[sitelooper warn] step 02-create s_814ebe/7: its recorded page change was found only by its full name, which is longer than the 80 characters a look names an element by
[sitelooper skip] 02-create s_8fac9d/7 target: no locator recorded — value left empty
[sitelooper step] 02-create
[sitelooper warn] 03-set s_4a964a/4: expected alert containing "Successful update."
[sitelooper warn] 03-set s_4a964a/7: expected alert containing "Successful update."
[sitelooper warn] 03-set s_4a964a/10: read 'status' returned a value the skill itself set/selected ('In progress') — confirms the control, not persistence; dropped from the report's confident values
[sitelooper warn] 03-set s_4a964a/12: read 'work_package_id' returned '#44' from a control this step set, and nothing committed it since — it shows the control, however the app formats it, not what the app stored; dropped from the report's confident values
[sitelooper warn] 03-set: report value finish_date is only what this run typed: no click's own diff showed it outside its control and no read returned it — withheld from the report (still given to a later step)
[sitelooper step] 03-set
[sitelooper recipe] filled via recipe contenteditable/set-value (r_7b1e49); value verified on the component
[sitelooper warn] 04-add s_729448/5: read 'comment_text_displayed' returned a value the skill itself set/selected ('fwop29-spec bench comment') — confirms the control, not persistence; dropped from the report's confident values
[sitelooper warn] 04-add: report value comment_draft_verified_in_field is only what this run typed: no click's own diff showed it outside its control and no read returned it — withheld from the report (still given to a later step)
[sitelooper warn] 04-add: report value comment_draft_text is only what this run typed: no click's own diff showed it outside its control and no read returned it — withheld from the report (still given to a later step)
[sitelooper step] 04-add
  ✓  1 fwop29.spec.ts:9:1 › fwop29 (1.4m)

  1 passed (1.4m)
