
Running 1 test using 1 worker

[sitelooper step] 01-signin
[sitelooper step] 02-open
[sitelooper step] 03-change
[sitelooper warn] 04-create s_5a6611/2: the page's alerts could not be observed in full after the action — whether it raised an alert is unknown, not clear
[sitelooper warn] 04-create s_b72a1b/1: the page's alerts could not be observed in full after the action — whether it raised an alert is unknown, not clear
[sitelooper warn] 04-create s_b72a1b/2: the page's alerts could not be observed in full after the action — whether it raised an alert is unknown, not clear
[sitelooper warn] 04-create s_b72a1b/3: the page's alerts could not be observed in full after the action — whether it raised an alert is unknown, not clear
[sitelooper warn] 04-create s_b72a1b/4: the page's alerts could not be observed in full after the action — whether it raised an alert is unknown, not clear
[sitelooper recipe] filled via recipe contenteditable/set-value (r_7b1e49); value verified on the component
[sitelooper warn] 04-create s_b72a1b/5: the page's alerts could not be observed in full after the action — whether it raised an alert is unknown, not clear
[sitelooper warn] 04-create s_b72a1b/6: the page's alerts could not be observed in full after the action — whether it raised an alert is unknown, not clear
[sitelooper warn] 04-create s_b72a1b/7: the page's alerts could not be observed in full after the action — whether it raised an alert is unknown, not clear
[sitelooper warn] 04-create s_b72a1b/8: the page's alerts could not be observed in full after the action — whether it raised an alert is unknown, not clear
[sitelooper warn] 04-create s_b72a1b/9: the page's alerts could not be observed in full after the action — whether it raised an alert is unknown, not clear
[sitelooper warn] 04-create s_b72a1b/10: the page's alerts could not be observed in full after the action — whether it raised an alert is unknown, not clear
[sitelooper warn] 04-create s_b72a1b/11: the page's alerts could not be observed in full after the action — whether it raised an alert is unknown, not clear
[sitelooper warn] 04-create s_b72a1b/12: read 'finish_date_input' returned a value the skill itself set/selected ('2026-12-31') — confirms the control, not persistence; dropped from the report's confident values
[sitelooper warn] 04-create s_b72a1b/13: the page's alerts could not be observed in full after the action — whether it raised an alert is unknown, not clear
[sitelooper warn] 04-create s_b72a1b/14: the page's alerts could not be observed in full after the action — whether it raised an alert is unknown, not clear
[sitelooper warn] 04-create s_b72a1b/15: the page's alerts could not be observed in full after the action — whether it raised an alert is unknown, not clear
[sitelooper warn] 04-create s_b72a1b/16: the page's alerts could not be observed in full after the action — whether it raised an alert is unknown, not clear
[sitelooper warn] 04-create s_b72a1b/17: read 'assignee_selected_option_text' returned a value the skill itself set/selected ('Bench Assignee
×') — confirms the control, not persistence; dropped from the report's confident values
[sitelooper skip] 04-create s_27a99f/13 target: no locator recorded — value left empty
[sitelooper step] 04-create
[sitelooper recipe] filled via recipe contenteditable/set-value (r_7b1e49); value verified on the component
[sitelooper drift] 05-add s_7403aa/6 target: primary locator('#work-packages-activities-tab-journals-item-component-show-63 > div > div:nth-of-type(1) > div > p') missed; used #2 locator('[data-sitelooper-point="1072,423"]') (#1 absent)
[sitelooper warn] 05-add s_7403aa/6: read 'comment_text_as_displayed' returned a value the skill itself set/selected ('Comment added for run fwop12-spec.') — confirms the control, not persistence; dropped from the report's confident values
[sitelooper step] 05-add
[sitelooper step] 06-open
  ✓  1 fwop12.spec.ts:9:1 › fwop12 (1.1m)

  1 passed (1.2m)
