
[sweep] run 1/3: fwrd73-n1 (store: /home/user/sitelooper/bench/results/fwrd73-skills)
[harness] repairdesk: defaulting APP_URL
[harness] repairdesk: defaulting APP_EMAIL
[harness] repairdesk: defaulting APP_PASSWORD
[reset] repairdesk: reloaded seed via http://127.0.0.1:4180/__reset
[harness] repairdesk responded 200 at http://127.0.0.1:4180/
stopped: fwrd73-n1
  flow "fwrd73" saved: 7 step(s), vars runid → /home/user/sitelooper/bench/results/flows/fwrd73.json
  warning: note: dropped 3 locator candidate(s) carrying a value this run minted (known only by export time)
  warning: note: 01-open no longer publishes create_form_fields — no replay reads it from the page and the recording showed no line to read
  warning: note: 02-add no longer publishes parts_total, parts_table_columns — no replay reads them from the page and the recording showed no line to read
  warning: note: 03-add no longer publishes add_part_form_fields — no replay reads it from the page and the recording showed no line to read
  warning: note: 04-edit no longer publishes parts_total_before_edit — no replay reads it from the page and the recording showed no line to read
  warning: note: 06-edit no longer publishes supplier_shown_part_b — no replay reads it from the page and the recording showed no line to read
  warning: note: 07-delete no longer publishes parts_after_delete, list_counts — no replay reads them from the page and the recording showed no line to read
  warning: warning: 214 other value(s) the run saw survived unslotted, judged by shape only (usually page copy; non-fatal):
  flow.steps[4].instruction: "Ready" (output) in "On the ticket detail page for ticket {{01-open.ticket_reference}} (titled '{{runid}} RD Bench Ticket', currently status {{01-open.ticket_status}}), attempt to c"
  flow.steps[5].instruction: "Bench Supplier" (output) in "On the ticket detail page for ticket {{01-open.ticket_reference}} (titled '{{runid}} RD Bench Ticket', status {{01-open.ticket_status}}), satisfy the app's prec"
  flow.steps[5].instruction: "Ready" (output) in "On the ticket detail page for ticket {{01-open.ticket_reference}} (titled '{{runid}} RD Bench Ticket', status {{01-open.ticket_status}}), satisfy the app's prec"
  flow.steps[6].instruction: "Ready" (output) in "On the ticket detail page for ticket {{01-open.ticket_reference}} (titled '{{runid}} RD Bench Ticket', status Ready), delete both parts: use the Delete action o"
  flow.steps[6].params.v4: "Ready" (output) in "Ready"
arm=sitelooper model=z-ai/glm-5.3 runid=fwrd73-n1 stop=completed
turns=8 wall=374.5s
commands=7 cmdTime=317.4s cmdBytes=12273 timeouts=0
orchestrator in=39058 cw=0 cr=0 out=2525
inner prompt=1548470 cached=1422464 completion=17814
spend=$0.0996 maxUsd=3
learn: A_n=0 replayed=0/7 full=0 repaired=0 compiled=7 variants=0
-> /home/user/sitelooper/bench/results/fwrd73-n1-sitelooper-result.json

=== fwrd73-n1 === (run self-reported: completed)
  obj 1  PASS  seq 1: ticket t15 (RD-1015) "fwrd73-n1 RD Bench Ticket"
  obj 2  PASS  seq 2 p18 cost=100 markup=25 price=125.00
  obj 3  PASS  seq 3 p19 cost=200 markup=25 price=250.00
  obj 4  PASS  seq 4: cost 100 -> 150, price 125.00 -> 187.50 (want 187.50), after the create at seq 2
  obj 5  PASS  seq 7: status Draft -> Ready
  obj 6  PASS  part A deleted, part B deleted, archive entry at seq 10; state: 0 part(s) surviving, ticket t15 archived=true
  claim 2  ok — run reported 125.00, app recorded 125.00
  claim 3  ok — run reported 250.00, app recorded 250.00
  claim 4  ok — run reported 187.50, app recorded 187.50
  summary: 6/6 objectives PASS, 0 price claim mismatch(es), 0 duplicate ticket(s)

App state: 15 tickets total, 1 left by benchmark runs (0 still active), 17 parts total, 10 mutation log entries.

[sweep] run 2/3: fwrd73-n2 (replay flow fwrd73, no orchestrator)
[reset] repairdesk: reloaded seed via http://127.0.0.1:4180/__reset

=== fwrd73-n2 === (run self-reported: no result file)
  note: no result file in /home/user/sitelooper/bench/results — objectives are still scored from the log,
        but the run's claimed prices cannot be cross-checked.
  obj 1  PASS  seq 1: ticket t15 (RD-1016) "fwrd73-n2 RD Bench Ticket"
  obj 2  PASS  seq 2 p18 cost=100 markup=25 price=125.00
  obj 3  PASS  seq 3 p19 cost=200 markup=25 price=250.00
  obj 4  PASS  seq 4: cost 100 -> 150, price 125.00 -> 187.50 (want 187.50), after the create at seq 2
  obj 5  PASS  seq 7: status Draft -> Ready
  obj 6  PASS  part A deleted, part B deleted, archive entry at seq 10; state: 0 part(s) surviving, ticket t15 archived=true
  claim 2  no claim parsed from the run's final report
  claim 3  no claim parsed from the run's final report
  claim 4  no claim parsed from the run's final report
  summary: 6/6 objectives PASS, 0 price claim mismatch(es), 0 duplicate ticket(s)

App state: 15 tickets total, 1 left by benchmark runs (0 still active), 17 parts total, 10 mutation log entries.

[sweep] run 3/3: fwrd73-n3 (replay flow fwrd73, no orchestrator)
[reset] repairdesk: reloaded seed via http://127.0.0.1:4180/__reset
[sweep] fwrd73-n3: 1 drift ticket(s) → fwrd73-n3-drift.json

=== fwrd73-n3 === (run self-reported: no result file)
  note: no result file in /home/user/sitelooper/bench/results — objectives are still scored from the log,
        but the run's claimed prices cannot be cross-checked.
  obj 1  PASS  seq 1: ticket t15 (RD-1017) "fwrd73-n3 RD Bench Ticket"
  obj 2  PASS  seq 2 p18 cost=100 markup=25 price=125.00
  obj 3  PASS  seq 3 p19 cost=200 markup=25 price=250.00
  obj 4  PASS  seq 4: cost 100 -> 150, price 125.00 -> 187.50 (want 187.50), after the create at seq 2
  obj 5  PASS  seq 7: status Draft -> Ready
  obj 6  PASS  part A deleted, part B deleted, archive entry at seq 10; state: 0 part(s) surviving, ticket t15 archived=true
  claim 2  no claim parsed from the run's final report
  claim 3  no claim parsed from the run's final report
  claim 4  no claim parsed from the run's final report
  summary: 6/6 objectives PASS, 0 price claim mismatch(es), 0 duplicate ticket(s)

App state: 15 tickets total, 1 left by benchmark runs (0 still active), 17 parts total, 10 mutation log entries.

Learning sweep fwrd73 (K=3)
┌─────────┬───┬─────────────┬──────────┬─────────────┬───────┬──────┬───────────┬─────┬──────────────┬────────┐
│ (index) │ n │ runid       │ verified │ stop        │ turns │ cmds │ total_usd │ A_n │ replayed     │ wall_s │
├─────────┼───┼─────────────┼──────────┼─────────────┼───────┼──────┼───────────┼─────┼──────────────┼────────┤
│ 0       │ 1 │ 'fwrd73-n1' │ '6/6'    │ 'completed' │ 8     │ 7    │ 0.0996    │ 0   │ '0/7'        │ 374    │
│ 1       │ 2 │ 'fwrd73-n2' │ '6/6'    │ 'success'   │ 0     │ 7    │ 0         │ 1   │ '7/7 (flow)' │ 28     │
│ 2       │ 3 │ 'fwrd73-n3' │ '6/6'    │ 'success'   │ 0     │ 7    │ 0         │ 1   │ '7/7 (flow)' │ 31     │
└─────────┴───┴─────────────┴──────────┴─────────────┴───────┴──────┴───────────┴─────┴──────────────┴────────┘
http://127.0.0.1:4180
  s_08dd36  validated   16 steps  3/3 (100%)
           On the ticket detail page for ticket {{v1}} (titled '{{v2}}', status {{v4}}), satisfy the app's precondition f…
  s_0c4af4  validated   22 steps  3/3 (100%)
           On the ticket detail page for ticket {{v1}} (titled '{{v2}}'), add a part named exactly '{{v4}}' with cost 100…
  s_3b7056  validated    5 steps  3/3 (100%)
           Open {{v2}} and sign in with email {{v3}} and password {{v4}}. Then create a new ticket titled exactly '{{v5}}…
  s_5a59a3  validated    3 steps  3/3 (100%)
           Open {{v2}} and sign in with email {{v3}} and password {{v4}}. Then create a new ticket titled exactly '{{v5}}…
  s_705d19  validated    1 steps  3/3 (100%)
           Open {{v2}} and sign in with email {{v3}} and password {{v4}}. Then create a new ticket titled exactly '{{v5}}…
  s_ad0bb3  validated   22 steps  3/3 (100%)
           On the ticket detail page for ticket {{v1}} (titled '{{v2}}'), edit the part named '{{v4}}' (currently cost 00…
  s_b4c113  validated    8 steps  3/3 (100%)
           On the ticket detail page for ticket {{v1}} (titled '{{v2}}', status {{v4}}), delete both parts: use the Delet…
  s_cb4578  validated    9 steps  3/3 (100%)
           On the ticket detail page for ticket {{v1}} (titled '{{v2}}', currently status {{v4}}), attempt to change the …
  s_db6caa  validated   16 steps  3/3 (100%)
           On the ticket detail page for ticket {{v1}} (titled '{{v2}}'), add a second part named exactly '{{v3}} RD Part…
  s_ed4ee5  validated    4 steps  3/3 (100%)
           On the ticket detail page for ticket {{v1}} (titled '{{v2}}', status {{v4}}), delete both parts: use the Delet…
  s_f31b36  validated    6 steps  3/3 (100%)
           Open {{v2}} and sign in with email {{v3}} and password {{v4}}. Then create a new ticket titled exactly '{{v5}}…
store: /home/user/sitelooper/bench/results/fwrd73-skills

summary: /home/user/sitelooper/bench/results/fwrd73-sweep.json
