
[sweep] run 1/3: fwrd93-n1 (store: /home/user/sitelooper/bench/results/fwrd93-skills)
[harness] repairdesk: defaulting APP_URL
[harness] repairdesk: defaulting APP_EMAIL
[harness] repairdesk: defaulting APP_PASSWORD
[reset] repairdesk: reloaded seed via http://127.0.0.1:4180/__reset
[harness] repairdesk responded 200 at http://127.0.0.1:4180/
stopped: fwrd93-n1
  flow "fwrd93" saved: 12 step(s), vars runid → /home/user/sitelooper/bench/results/flows/fwrd93.json
  warning: note: dropped 7 locator candidate(s) carrying a value this run minted (known only by export time)
  warning: note: 9 goal/report value(s) carrying a value this run made were slotted or dropped:
  s_2b691f.reportTemplate.values.ticket_reference dropped (recorded literal of a value this run made)
  s_2b691f.reportTemplate.summary dropped (narrates a value this run made)
  s_7ba3a2.reportTemplate.summary dropped (narrates a value this run made)
  s_c6b820.reportTemplate.values.buttons_present_after_refusals dropped (recorded literal of a value this run made)
  s_c6b820.reportTemplate.values.probe_ticket_reference dropped (recorded literal of a value this run made)
  s_c6b820.reportTemplate.values.delete_button dropped (recorded literal of a value this run made)
  s_c6b820.reportTemplate.values.probe_part_actions dropped (recorded literal of a value this run made)
  s_c6b820.reportTemplate.summary dropped (narrates a value this run made)
  s_e6ba1c.reportTemplate.summary dropped (narrates a value this run made)
  warning: warning: 05-edit's instruction asks to report parts_total, and only a recorded literal backs it: no read in its procedure publishes it, so a replay reports it only if the page it ends on shows that exact text — re-record the step so the value is read where it is shown
  warning: warning: 12-open's instruction asks to report parts_table, and only a recorded literal backs it: no read in its procedure publishes it, so a replay reports it only if the page it ends on shows that exact text — re-record the step so the value is read where it is shown
  warning: note: 01-signin no longer publishes landing_view — no replay reads it from the page and the recording showed no line to read
  warning: warning: 04-add's instruction asks to report new_part_price, and no replay can publish it: nothing in its procedure reads it from the page, so export dropped it — re-record the step so the value is read, not only reported
  warning: note: 04-add no longer publishes new_part_name, new_part_cost, new_part_markup, new_part_qty, new_part_supplier, existing_part_row, parts_rows_count, table_tr_last_child_td — no replay reads them from the page and the recording showed no line to read
  warning: note: 06-change no longer publishes action_taken, error_or_validation_message — no replay reads them from the page and the recording showed no line to read
  warning: warning: 07-report's instruction asks to report error_or_notice_text, status_related_buttons, and no replay can publish them: nothing in its procedure reads them from the page, so export dropped them — re-record the step so the value is read, not only reported
  warning: note: 08-create no longer publishes buttons_present_after_refusals, distinct_message_count — no replay reads them from the page and the recording showed no line to read
  warning: note: 12-open no longer publishes read_only — no replay reads it from the page and the recording showed no line to read
  warning: warning: contradicted-step: 07-report read status_after_fresh_load "Ready" right after 06-change reported "Draft"; 06-change's change may not have landed and a later step may be retrying it. Re-record 06-change.
  warning: warning: contradicted-step: 12-open read ticket_reference "RD-1015" right after 11-archive reported "RD-1016"; 11-archive's change may not have landed and a later step may be retrying it. Re-record 11-archive.
  warning: warning: 256 other value(s) the run saw survived unslotted, judged by shape only (usually page copy; non-fatal):
  flow.steps[3].instruction: "Add part" (output) in "On the ticket detail page for ticket {{02-create.ticket_reference}} ('{{runid}} RD Bench Ticket'), add a second part named '{{runid}} RD Part B' with cost 200 a"
  flow.steps[4].instruction: "Edit" (output) in "On the ticket detail page for ticket {{02-create.ticket_reference}} ('{{runid}} RD Bench Ticket'), edit the part named '{{runid}} RD Part A' to change its Cost "
  flow.steps[5].instruction: "Ready" (output) in "On the ticket detail page for ticket {{02-create.ticket_reference}} ('{{runid}} RD Bench Ticket'), attempt to change the ticket's status to 'Ready'. The app enf"
  flow.steps[6].instruction: "Status" (output) in "Reload/navigate fresh to the ticket detail page for {{02-create.ticket_reference}} (url {{02-create.url}}) and report the ticket's current Status exactly as dis"
  flow.steps[6].instruction: "Draft" (output) in "Reload/navigate fresh to the ticket detail page for {{02-create.ticket_reference}} (url {{02-create.url}}) and report the ticket's current Status exactly as dis"
arm=sitelooper model=z-ai/glm-5.3 runid=fwrd93-n1 stop=completed
turns=14 wall=297.1s
commands=13 cmdTime=263.0s cmdBytes=15780 timeouts=0
orchestrator in=9218 cw=0 cr=68544 out=4656
inner prompt=2613448 cached=2472704 completion=21312
spend=$0.093 maxUsd=3
learn: A_n=0.15 replayed=1/12 full=1 repaired=0 compiled=11 variants=0
-> /home/user/sitelooper/bench/results/fwrd93-n1-sitelooper-result.json

=== fwrd93-n1 === (run self-reported: completed)
  obj 1  PASS  seq 1: ticket t15 (RD-1015) "fwrd93-n1 RD Bench Ticket"
  obj 2  PASS  seq 2 p18 cost=100 markup=25 price=125.00
  obj 3  PASS  seq 3 p19 cost=200 markup=25 price=250.00
  obj 4  PASS  seq 4: cost 100 -> 150, price 125.00 -> 187.50 (want 187.50), after the create at seq 2
  obj 5  PASS  seq 5: status Draft -> Ready
  obj 6  PASS  part A deleted, part B deleted, archive entry at seq 10; state: 0 part(s) surviving, ticket t15 archived=true
  claim 2  ok — run reported 125.00, app recorded 125.00
  claim 3  ok — run reported 250.00, app recorded 250.00
  claim 4  ok — run reported 187.50, app recorded 187.50
  summary: 6/6 objectives PASS, 0 price claim mismatch(es), 0 duplicate ticket(s)

App state: 16 tickets total, 1 left by benchmark runs (0 still active), 18 parts total, 11 mutation log entries.

[sweep] run 2/3: fwrd93-n2 (replay flow fwrd93, no orchestrator)
[reset] repairdesk: reloaded seed via http://127.0.0.1:4180/__reset

=== fwrd93-n2 === (run self-reported: no result file)
  note: no result file in /home/user/sitelooper/bench/results — objectives are still scored from the log,
        but the run's claimed prices cannot be cross-checked.
  obj 1  PASS  seq 1: ticket t15 (RD-1017) "fwrd93-n2 RD Bench Ticket"
  obj 2  PASS  seq 2 p18 cost=100 markup=25 price=125.00
  obj 3  PASS  seq 3 p19 cost=200 markup=25 price=250.00
  obj 4  PASS  seq 4: cost 100 -> 150, price 125.00 -> 187.50 (want 187.50), after the create at seq 2
  obj 5  PASS  seq 5: status Draft -> Ready
  obj 6  PASS  part A deleted, part B deleted, archive entry at seq 10; state: 0 part(s) surviving, ticket t15 archived=true
  claim 2  no claim parsed from the run's final report
  claim 3  no claim parsed from the run's final report
  claim 4  no claim parsed from the run's final report
  summary: 6/6 objectives PASS, 0 price claim mismatch(es), 0 duplicate ticket(s)

App state: 16 tickets total, 1 left by benchmark runs (0 still active), 18 parts total, 11 mutation log entries.

[sweep] run 3/3: fwrd93-n3 (replay flow fwrd93, no orchestrator)
[reset] repairdesk: reloaded seed via http://127.0.0.1:4180/__reset

=== fwrd93-n3 === (run self-reported: no result file)
  note: no result file in /home/user/sitelooper/bench/results — objectives are still scored from the log,
        but the run's claimed prices cannot be cross-checked.
  obj 1  PASS  seq 1: ticket t15 (RD-1019) "fwrd93-n3 RD Bench Ticket"
  obj 2  PASS  seq 2 p18 cost=100 markup=25 price=125.00
  obj 3  PASS  seq 3 p19 cost=200 markup=25 price=250.00
  obj 4  PASS  seq 4: cost 100 -> 150, price 125.00 -> 187.50 (want 187.50), after the create at seq 2
  obj 5  PASS  seq 5: status Draft -> Ready
  obj 6  PASS  part A deleted, part B deleted, archive entry at seq 10; state: 0 part(s) surviving, ticket t15 archived=true
  claim 2  no claim parsed from the run's final report
  claim 3  no claim parsed from the run's final report
  claim 4  no claim parsed from the run's final report
  summary: 6/6 objectives PASS, 0 price claim mismatch(es), 0 duplicate ticket(s)

App state: 16 tickets total, 1 left by benchmark runs (0 still active), 18 parts total, 11 mutation log entries.

Learning sweep fwrd93 (K=3)
┌─────────┬───┬─────────────┬──────────┬─────────────┬───────┬──────┬───────────┬──────┬────────────────┬────────┐
│ (index) │ n │ runid       │ verified │ stop        │ turns │ cmds │ total_usd │ A_n  │ replayed       │ wall_s │
├─────────┼───┼─────────────┼──────────┼─────────────┼───────┼──────┼───────────┼──────┼────────────────┼────────┤
│ 0       │ 1 │ 'fwrd93-n1' │ '6/6'    │ 'completed' │ 14    │ 13   │ 0.093     │ 0.15 │ '1/12'         │ 297    │
│ 1       │ 2 │ 'fwrd93-n2' │ '6/6'    │ 'success'   │ 0     │ 12   │ 0         │ 1    │ '12/12 (flow)' │ 104    │
│ 2       │ 3 │ 'fwrd93-n3' │ '6/6'    │ 'success'   │ 0     │ 12   │ 0         │ 1    │ '12/12 (flow)' │ 104    │
└─────────┴───┴─────────────┴──────────┴─────────────┴───────┴──────┴───────────┴──────┴────────────────┴────────┘
http://127.0.0.1:4180
  s_e6ba1c  validated   15 steps  6/6 (100%)
           On the ticket detail page for ticket {{v1}} ('{{v2}}'), add a part named '{{v4}}' with cost {{v5}} and markup …
  s_07f88c  validated    1 steps  3/3 (100%)
           Clean up the throwaway probe ticket {{v1}} ('{{v2}}', url {{v4}}): archive it via its '{{v6}}' button (confirm…
  s_0e79f5  validated    3 steps  3/3 (100%)
           Sign in with email {{v1}} and password {{v2}} (type the password text exactly as given, including the braces).…
  s_140581  validated    7 steps  3/3 (100%)
           On the ticket detail page for {{v1}} ('{{v2}}', url {{v4}}), delete BOTH parts: '{{v6}}' and '{{v7}}'. Use eac…
  s_293ce9  validated    1 steps  3/3 (100%)
           On the ticket detail page for {{v1}} ('{{v2}}', url {{v4}}), delete BOTH parts: '{{v6}}' and '{{v7}}'. Use eac…
  s_2b691f  validated    5 steps  3/3 (100%)
           Create a new repair ticket with the title '{{v1}} RD Bench Ticket'. Fill in any required fields the form deman…
  s_3c9f40  validated    6 steps  3/3 (100%)
           Sign in with email {{v1}} and password {{v2}} (type the password text exactly as given, including the braces).…
  s_4eefe8  validated    6 steps  3/3 (100%)
           Reload/navigate fresh to the ticket detail page for {{v1}} (url {{v2}}) and report the ticket's current Status…
  s_5973fc  validated    9 steps  3/3 (100%)
           Final verification: open {{v1}} and report the ticket's title, {{v3}} badge text, whether an '{{v4}}' badge is…
  s_62f777  validated    1 steps  3/3 (100%)
           Investigation task: create a NEW throwaway ticket titled '{{v3}}' (leave Customer empty if allowed). On its de…
  s_729118  validated    1 steps  3/3 (100%)
           Final verification: open {{v1}} and report the ticket's title, {{v3}} badge text, whether an '{{v4}}' badge is…
  s_7ba3a2  validated   16 steps  3/3 (100%)
           On the ticket detail page for ticket {{v1}} ('{{v2}}'), edit the part named '{{v4}}' to change its Cost from 1…
  s_84a56e  validated    3 steps  3/3 (100%)
           On the ticket detail page for {{v1}} ('{{v2}}', url {{v4}}), click '{{v6}}' and confirm any confirmation dialo…
  s_9beb3a  validated   13 steps  3/3 (100%)
           Clean up the throwaway probe ticket {{v1}} ('{{v2}}', url {{v4}}): archive it via its '{{v6}}' button (confirm…
  s_c6b820  validated   33 steps  3/3 (100%)
           Investigation task: create a NEW throwaway ticket titled '{{v3}}' (leave Customer empty if allowed). On its de…
  s_c6d78c  validated    5 steps  3/3 (100%)
           Create a new repair ticket with the title '{{v1}} RD Bench Ticket'. Fill in any required fields the form deman…
  s_e115af  validated    8 steps  3/3 (100%)
           On the ticket detail page for {{v1}} ('{{v2}}', url {{v4}}), click '{{v6}}' and confirm any confirmation dialo…
  s_e99c7c  validated    4 steps  3/3 (100%)
           Investigation task: create a NEW throwaway ticket titled '{{v3}}' (leave Customer empty if allowed). On its de…
  s_f5ceaa  validated    2 steps  3/3 (100%)
           Clean up the throwaway probe ticket {{v1}} ('{{v2}}', url {{v4}}): archive it via its '{{v6}}' button (confirm…
  s_f93fd6  validated    7 steps  3/3 (100%)
           On the ticket detail page for ticket {{v1}} ('{{v2}}'), attempt to change the ticket's status to 'Ready'. The …
store: /home/user/sitelooper/bench/results/fwrd93-skills

summary: /home/user/sitelooper/bench/results/fwrd93-sweep.json
