
[sweep] run 1/3: fwrd49-n1 (store: /home/user/sitelooper/bench/results/fwrd49-skills)
[harness] repairdesk: defaulting APP_URL
[harness] repairdesk: defaulting APP_EMAIL
[harness] repairdesk: defaulting APP_PASSWORD
[reset] repairdesk: reloaded seed via http://127.0.0.1:4180/__reset
[harness] repairdesk responded 200 at http://127.0.0.1:4180/
stopped: fwrd49-n1
  flow "fwrd49" saved: 8 step(s), vars runid → /home/user/sitelooper/bench/results/flows/fwrd49.json
  warning: note: dropped 9 locator candidate(s) carrying a value this run minted (known only by export time)
  warning: warning: 156 other value(s) the run saw survived unslotted, judged by shape only (usually page copy; non-fatal):
  flow.steps[4].instruction: "Ready" (output) in "On the ticket detail page for ticket {{01-open.ticket_reference}} ('{{runid}} RD Bench Ticket'), attempt to set the ticket's status to Ready (there is a 'Mark R"
  flow.steps[5].instruction: "Ready" (output) in "Create a new throwaway ticket titled '{{runid}} RD Probe' with a customer, but do NOT add any parts to it. Then open its detail page and attempt to set its stat"
  flow.steps[5].params.v2: "Ready" (output) in "Ready"
  flow.steps[6].instruction: "Ready" (output) in "On the ticket detail page for ticket {{01-open.ticket_reference}} ('{{runid}} RD Bench Ticket', currently status Ready with two parts: '{{runid}} RD Part A' and"
  flow.steps[6].params.v4: "Ready" (output) in "Ready"
arm=sitelooper model=z-ai/glm-5.3 runid=fwrd49-n1 stop=completed
turns=9 wall=568.4s
commands=8 cmdTime=458.6s cmdBytes=10942 timeouts=0
orchestrator in=7172 cw=0 cr=34432 out=3949
inner prompt=2074786 cached=1922944 completion=23870
spend=$0.0792 maxUsd=3
learn: A_n=0.13 replayed=1/8 full=1 repaired=0 compiled=7 variants=0
-> /home/user/sitelooper/bench/results/fwrd49-n1-sitelooper-result.json

=== fwrd49-n1 === (run self-reported: completed)
  obj 1  PASS  seq 1: ticket t15 (RD-1015) "fwrd49-n1 RD Bench Ticket"
  obj 2  PASS  seq 2 p18 cost=100 markup=25 price=125.00
  obj 3  PASS  seq 3 p19 cost=200 markup=25 price=250.00
  obj 4  PASS  seq 4: cost 100 -> 150, price 125.00 -> 187.50 (want 187.50), after the create at seq 2
  obj 5  PASS  seq 5: status Draft -> Ready
  obj 6  PASS  part A deleted, part B deleted, archive entry at seq 12; state: 0 part(s) surviving, ticket t15 archived=true
  claim 2  ok — run reported 125.00, app recorded 125.00
  claim 3  ok — run reported 250.00, app recorded 250.00
  claim 4  ok — run reported 187.50, app recorded 187.50
  summary: 6/6 objectives PASS, 0 price claim mismatch(es), 0 duplicate ticket(s)

App state: 16 tickets total, 1 left by benchmark runs (0 still active), 18 parts total, 12 mutation log entries.

[sweep] run 2/3: fwrd49-n2 (replay flow fwrd49, no orchestrator)
[reset] repairdesk: reloaded seed via http://127.0.0.1:4180/__reset
[sweep] fwrd49-n2: 7 drift ticket(s) → fwrd49-n2-drift.json

=== fwrd49-n2 === (run self-reported: no result file)
  note: no result file in /home/user/sitelooper/bench/results — objectives are still scored from the log,
        but the run's claimed prices cannot be cross-checked.
  obj 1  PASS  seq 1: ticket t15 (RD-1017) "fwrd49-n2 RD Bench Ticket"
  obj 2  PASS  seq 2 p18 cost=100 markup=25 price=125.00
  obj 3  PASS  seq 3 p19 cost=200 markup=25 price=250.00
  obj 4  PASS  seq 4: cost 100 -> 150, price 125.00 -> 187.50 (want 187.50), after the create at seq 2
  obj 5  PASS  seq 5: status Draft -> Ready
  obj 6  PASS  part A deleted, part B deleted, archive entry at seq 12; state: 0 part(s) surviving, ticket t15 archived=true
  claim 2  no claim parsed from the run's final report
  claim 3  no claim parsed from the run's final report
  claim 4  no claim parsed from the run's final report
  summary: 6/6 objectives PASS, 0 price claim mismatch(es), 0 duplicate ticket(s)

App state: 16 tickets total, 1 left by benchmark runs (0 still active), 18 parts total, 12 mutation log entries.

[sweep] run 3/3: fwrd49-n3 (replay flow fwrd49, no orchestrator)
[reset] repairdesk: reloaded seed via http://127.0.0.1:4180/__reset
[sweep] fwrd49-n3: 7 drift ticket(s) → fwrd49-n3-drift.json

=== fwrd49-n3 === (run self-reported: no result file)
  note: no result file in /home/user/sitelooper/bench/results — objectives are still scored from the log,
        but the run's claimed prices cannot be cross-checked.
  obj 1  PASS  seq 1: ticket t15 (RD-1019) "fwrd49-n3 RD Bench Ticket"
  obj 2  PASS  seq 2 p18 cost=100 markup=25 price=125.00
  obj 3  PASS  seq 3 p19 cost=200 markup=25 price=250.00
  obj 4  PASS  seq 4: cost 100 -> 150, price 125.00 -> 187.50 (want 187.50), after the create at seq 2
  obj 5  PASS  seq 5: status Draft -> Ready
  obj 6  PASS  part A deleted, part B deleted, archive entry at seq 12; state: 0 part(s) surviving, ticket t15 archived=true
  claim 2  no claim parsed from the run's final report
  claim 3  no claim parsed from the run's final report
  claim 4  no claim parsed from the run's final report
  summary: 6/6 objectives PASS, 0 price claim mismatch(es), 0 duplicate ticket(s)

App state: 16 tickets total, 1 left by benchmark runs (0 still active), 18 parts total, 12 mutation log entries.

Learning sweep fwrd49 (K=3)
┌─────────┬───┬─────────────┬──────────┬─────────────┬───────┬──────┬───────────┬──────┬──────────────┬────────┐
│ (index) │ n │ runid       │ verified │ stop        │ turns │ cmds │ total_usd │ A_n  │ replayed     │ wall_s │
├─────────┼───┼─────────────┼──────────┼─────────────┼───────┼──────┼───────────┼──────┼──────────────┼────────┤
│ 0       │ 1 │ 'fwrd49-n1' │ '6/6'    │ 'completed' │ 9     │ 8    │ 0.0792    │ 0.13 │ '1/8'        │ 568    │
│ 1       │ 2 │ 'fwrd49-n2' │ '6/6'    │ 'success'   │ 4     │ 8    │ 0.0021    │ 1    │ '8/8 (flow)' │ 39     │
│ 2       │ 3 │ 'fwrd49-n3' │ '6/6'    │ 'success'   │ 4     │ 8    │ 0.0017    │ 1    │ '8/8 (flow)' │ 36     │
└─────────┴───┴─────────────┴──────────┴─────────────┴───────┴──────┴───────────┴──────┴──────────────┴────────┘
http://127.0.0.1:4180
  s_77aa2c  validated   14 steps  6/6 (100%)
           On the ticket detail page for ticket {{v1}} ('{{v2}}'), add a part named exactly '{{v4}}' with cost {{v5}} and…
  s_0dfbcb  validated    8 steps  3/3 (100%)
           Go to the tickets list view. Verify that no ticket created by this run is left active: check that '{{v1}}' and…
  s_2b7a9b  validated    1 steps  3/3 (100%)
           On the ticket detail page for ticket {{v1}} ('{{v2}}', currently status {{v4}} with two parts: '{{v5}}' and '{…
  s_2beb95  validated    5 steps  3/3 (100%)
           Create a new throwaway ticket titled '{{v3}}' with a customer, but do NOT add any parts to it. Then open its d…
  s_3aed61  validated    2 steps  3/3 (100%)
           Open {{v2}} and sign in with email {{v3}} and password {{v4}}. Then create a new ticket titled exactly '{{v5}}…
  s_4ce6a0  validated    4 steps  3/3 (100%)
           On the ticket detail page for ticket {{v1}} ('{{v2}}'), edit the part named '{{v4}}' so its cost changes from …
  s_4f4359  validated    2 steps  3/3 (100%)
           Open {{v2}} and sign in with email {{v3}} and password {{v4}}. Then create a new ticket titled exactly '{{v5}}…
  s_7755f3  validated    7 steps  3/3 (100%)
           Open {{v2}} and sign in with email {{v3}} and password {{v4}}. Then create a new ticket titled exactly '{{v5}}…
  s_7dc7be  validated    2 steps  3/3 (100%)
           Create a new throwaway ticket titled '{{v3}}' with a customer, but do NOT add any parts to it. Then open its d…
  s_9171bd  validated   14 steps  3/3 (100%)
           Create a new throwaway ticket titled '{{v3}}' with a customer, but do NOT add any parts to it. Then open its d…
  s_a1f0b9  validated    6 steps  3/3 (100%)
           Create a new throwaway ticket titled '{{v3}}' with a customer, but do NOT add any parts to it. Then open its d…
  s_adf564  validated   17 steps  3/3 (100%)
           On the ticket detail page for ticket {{v1}} ('{{v2}}', currently status {{v4}} with two parts: '{{v5}}' and '{…
  s_ed5671  validated    4 steps  3/3 (100%)
           Open {{v2}} and sign in with email {{v3}} and password {{v4}}. Then create a new ticket titled exactly '{{v5}}…
  s_fb5848  validated    5 steps  3/3 (100%)
           On the ticket detail page for ticket {{v1}} ('{{v2}}'), attempt to set the ticket's status to Ready (there is …
store: /home/user/sitelooper/bench/results/fwrd49-skills

summary: /home/user/sitelooper/bench/results/fwrd49-sweep.json
