
[sweep] run 1/3: fwrd58-n1 (store: /home/user/sitelooper/bench/results/fwrd58-skills)
[harness] repairdesk: defaulting APP_URL
[harness] repairdesk: defaulting APP_EMAIL
[harness] repairdesk: defaulting APP_PASSWORD
[reset] repairdesk: reloaded seed via http://127.0.0.1:4180/__reset
[harness] repairdesk responded 200 at http://127.0.0.1:4180/
stopped: fwrd58-n1
  flow "fwrd58" saved: 8 step(s), vars runid → /home/user/sitelooper/bench/results/flows/fwrd58.json
  warning: note: dropped 4 locator candidate(s) carrying a value this run minted (known only by export time)
  warning: note: 01-open no longer publishes ticket_raised_date — no replay reads it from the page and the recording showed no line to read
  warning: note: 02-add no longer publishes part_quantity — no replay reads it from the page and the recording showed no line to read
  warning: note: 03-add no longer publishes part_b_name, part_b_markup, part_b_quantity, part_b_supplier, parts_table_row_part_a — no replay reads them from the page and the recording showed no line to read
  warning: note: 04-edit no longer publishes part_a_quantity — no replay reads it from the page and the recording showed no line to read
  warning: note: 05-set no longer publishes ticket_raised — no replay reads it from the page and the recording showed no line to read
  warning: note: 06-edit no longer publishes status_before — no replay reads it from the page and the recording showed no line to read
  warning: note: 07-delete no longer publishes ticket_status — no replay reads it from the page and the recording showed no line to read
  warning: note: 08-verify no longer publishes bench_ref, ref_2, ref_3 — no replay reads them from the page and the recording showed no line to read
  warning: note: 03-add: added a read for parts_total_row to s_b63ec2 (page.getByRole('row', { name: 'Total (price × quantity) $375.00', exact: true }); seen on the next instruction's start page)
  warning: note: 03-add: added a read for part_b_cost to s_b63ec2 (page.getByRole('cell', { name: '$200.00', exact: true }); seen on the next instruction's start page)
  warning: note: 03-add: added a read for part_b_computed_price to s_b63ec2 (page.getByRole('cell', { name: '$250.00', exact: true }); seen on the next instruction's start page)
  warning: note: 03-add: added a read for part_a_computed_price to s_b63ec2 (page.getByRole('cell', { name: '$125.00', exact: true }); seen on the next instruction's start page)
  warning: note: 05-set: added a read for total_row to s_076a6c (page.getByRole('row', { name: 'Total (price × quantity) $437.50', exact: true }); seen on the next instruction's start page)
  warning: note: 06-edit: added a read for part_b_supplier to s_c3e7f2 (page.getByRole('cell', { name: 'Acme Supplies', exact: true }); seen on the instruction's own page)
  warning: note: 06-edit: added a read for parts_total_row to s_c3e7f2 (page.getByRole('row', { name: 'Total (price × quantity) $437.50', exact: true }); seen on the next instruction's start page)
  warning: warning: 236 other value(s) the run saw survived unslotted, judged by shape only (usually page copy; non-fatal):
  flow.steps[3].instruction: "150" (output) in "On the ticket detail page for ticket {{01-open.ticket_reference}} ({{01-open.url}}), edit the part named '{{runid}} RD Part A' (use its Edit action in the parts"
  flow.steps[3].params.v6: "150" (output) in "150"
  flow.steps[4].instruction: "Ready" (output) in "On the ticket detail page for ticket {{01-open.ticket_reference}} ({{01-open.url}}), attempt to set the ticket's status to 'Ready' using the 'Mark Ready' action"
  flow.steps[5].instruction: "Acme Supplies" (output) in "On the ticket detail page for ticket {{01-open.ticket_reference}} ({{01-open.url}}), satisfy the precondition that every part must have a supplier: edit part '{"
  flow.steps[5].instruction: "Ready" (output) in "On the ticket detail page for ticket {{01-open.ticket_reference}} ({{01-open.url}}), satisfy the precondition that every part must have a supplier: edit part '{"
arm=sitelooper model=z-ai/glm-5.3 runid=fwrd58-n1 stop=completed
turns=9 wall=318.1s
commands=8 cmdTime=286.5s cmdBytes=12364 timeouts=0
orchestrator in=7004 cw=0 cr=37312 out=2674
inner prompt=2160192 cached=2013312 completion=20747
spend=$0.0718 maxUsd=3
learn: A_n=0.165 replayed=1/8 full=1 repaired=0 compiled=7 variants=0
-> /home/user/sitelooper/bench/results/fwrd58-n1-sitelooper-result.json

=== fwrd58-n1 === (run self-reported: completed)
  obj 1  PASS  seq 1: ticket t15 (RD-1015) "fwrd58-n1 RD Bench Ticket"
  obj 2  PASS  seq 2 p18 cost=100 markup=25 price=125.00
  obj 3  PASS  seq 3 p19 cost=200 markup=25 price=250.00
  obj 4  PASS  seq 4: cost 100 -> 150, price 125.00 -> 187.50 (want 187.50), after the create at seq 2
  obj 5  PASS  seq 7: status Draft -> Ready
  obj 6  PASS  part A deleted, part B deleted, archive entry at seq 10; state: 0 part(s) surviving, ticket t15 archived=true
  claim 2  ok — run reported 125.00, app recorded 125.00
  claim 3  ok — run reported 250.00, app recorded 250.00
  claim 4  ok — run reported 187.50, app recorded 187.50
  summary: 6/6 objectives PASS, 0 price claim mismatch(es), 0 duplicate ticket(s)

App state: 15 tickets total, 1 left by benchmark runs (0 still active), 17 parts total, 10 mutation log entries.

[sweep] run 2/3: fwrd58-n2 (replay flow fwrd58, no orchestrator)
[reset] repairdesk: reloaded seed via http://127.0.0.1:4180/__reset
[sweep] fwrd58-n2: 6 drift ticket(s) → fwrd58-n2-drift.json

=== fwrd58-n2 === (run self-reported: no result file)
  note: no result file in /home/user/sitelooper/bench/results — objectives are still scored from the log,
        but the run's claimed prices cannot be cross-checked.
  obj 1  PASS  seq 1: ticket t15 (RD-1016) "fwrd58-n2 RD Bench Ticket"
  obj 2  PASS  seq 2 p18 cost=100 markup=25 price=125.00
  obj 3  PASS  seq 3 p19 cost=200 markup=25 price=250.00
  obj 4  PASS  seq 4: cost 100 -> 150, price 125.00 -> 187.50 (want 187.50), after the create at seq 2
  obj 5  PASS  seq 7: status Draft -> Ready
  obj 6  PASS  part A deleted, part B deleted, archive entry at seq 10; state: 0 part(s) surviving, ticket t15 archived=true
  claim 2  no claim parsed from the run's final report
  claim 3  no claim parsed from the run's final report
  claim 4  no claim parsed from the run's final report
  summary: 6/6 objectives PASS, 0 price claim mismatch(es), 0 duplicate ticket(s)

App state: 15 tickets total, 1 left by benchmark runs (0 still active), 17 parts total, 10 mutation log entries.

[sweep] run 3/3: fwrd58-n3 (replay flow fwrd58, no orchestrator)
[reset] repairdesk: reloaded seed via http://127.0.0.1:4180/__reset
[sweep] fwrd58-n3: 7 drift ticket(s) → fwrd58-n3-drift.json

=== fwrd58-n3 === (run self-reported: no result file)
  note: no result file in /home/user/sitelooper/bench/results — objectives are still scored from the log,
        but the run's claimed prices cannot be cross-checked.
  obj 1  PASS  seq 1: ticket t15 (RD-1017) "fwrd58-n3 RD Bench Ticket"
  obj 2  PASS  seq 2 p18 cost=100 markup=25 price=125.00
  obj 3  PASS  seq 3 p19 cost=200 markup=25 price=250.00
  obj 4  PASS  seq 4: cost 100 -> 150, price 125.00 -> 187.50 (want 187.50), after the create at seq 2
  obj 5  PASS  seq 7: status Draft -> Ready
  obj 6  PASS  part A deleted, part B deleted, archive entry at seq 10; state: 0 part(s) surviving, ticket t15 archived=true
  claim 2  no claim parsed from the run's final report
  claim 3  no claim parsed from the run's final report
  claim 4  no claim parsed from the run's final report
  summary: 6/6 objectives PASS, 0 price claim mismatch(es), 0 duplicate ticket(s)

App state: 15 tickets total, 1 left by benchmark runs (0 still active), 17 parts total, 10 mutation log entries.

Learning sweep fwrd58 (K=3)
┌─────────┬───┬─────────────┬──────────┬─────────────┬───────┬──────┬───────────┬───────┬──────────────┬────────┐
│ (index) │ n │ runid       │ verified │ stop        │ turns │ cmds │ total_usd │ A_n   │ replayed     │ wall_s │
├─────────┼───┼─────────────┼──────────┼─────────────┼───────┼──────┼───────────┼───────┼──────────────┼────────┤
│ 0       │ 1 │ 'fwrd58-n1' │ '6/6'    │ 'completed' │ 9     │ 8    │ 0.0718    │ 0.165 │ '1/8'        │ 318    │
│ 1       │ 2 │ 'fwrd58-n2' │ '6/6'    │ 'success'   │ 0     │ 8    │ 0         │ 1     │ '8/8 (flow)' │ 42     │
│ 2       │ 3 │ 'fwrd58-n3' │ '6/6'    │ 'success'   │ 0     │ 8    │ 0         │ 1     │ '8/8 (flow)' │ 45     │
└─────────┴───┴─────────────┴──────────┴─────────────┴───────┴──────┴───────────┴───────┴──────────────┴────────┘
http://127.0.0.1:4180
  s_b63ec2  validated   18 steps  6/6 (100%)
           On the ticket detail page for ticket {{v1}} titled '{{v2}}' ({{v4}}), add a part named exactly '{{v6}}' with c…
  s_076a6c  validated    7 steps  3/3 (100%)
           On the ticket detail page for ticket {{v1}} ({{v2}}), attempt to set the ticket's status to 'Ready' using the …
  s_0d97f7  validated    5 steps  3/3 (100%)
           Open {{v2}} and sign in with email {{v3}} and password {{v4}}. Then create a new ticket titled exactly '{{v1}}…
  s_0efaee  validated    4 steps  3/3 (100%)
           Verify the final state of the repair-desk app at http://127.0.0.1:4180/ (already signed in as bench@example.co…
  s_44c860  validated   14 steps  3/3 (100%)
           On the ticket detail page for ticket {{v1}} ({{v2}}), edit the part named '{{v4}}' (use its Edit action in the…
  s_5832fc  validated    4 steps  3/3 (100%)
           Verify the final state of the repair-desk app at http://127.0.0.1:4180/ (already signed in as bench@example.co…
  s_5a573f  validated    3 steps  3/3 (100%)
           On the ticket detail page for ticket {{v1}} ({{v2}}), delete both parts: use the Delete action on the part nam…
  s_666267  validated    3 steps  3/3 (100%)
           Open {{v2}} and sign in with email {{v3}} and password {{v4}}. Then create a new ticket titled exactly '{{v1}}…
  s_c3e7f2  validated   17 steps  3/3 (100%)
           On the ticket detail page for ticket {{v1}} ({{v2}}), satisfy the precondition that every part must have a sup…
  s_cfa51c  validated    1 steps  3/3 (100%)
           Open {{v2}} and sign in with email {{v3}} and password {{v4}}. Then create a new ticket titled exactly '{{v1}}…
  s_d14935  validated    4 steps  3/3 (100%)
           Open {{v2}} and sign in with email {{v3}} and password {{v4}}. Then create a new ticket titled exactly '{{v1}}…
  s_ed80aa  validated   10 steps  3/3 (100%)
           On the ticket detail page for ticket {{v1}} ({{v2}}), delete both parts: use the Delete action on the part nam…
store: /home/user/sitelooper/bench/results/fwrd58-skills

summary: /home/user/sitelooper/bench/results/fwrd58-sweep.json
