
[sweep] run 1/3: fwrd64-n1 (store: /home/user/sitelooper/bench/results/fwrd64-skills)
[harness] repairdesk: defaulting APP_URL
[harness] repairdesk: defaulting APP_EMAIL
[harness] repairdesk: defaulting APP_PASSWORD
[reset] repairdesk: reloaded seed via http://127.0.0.1:4180/__reset
[harness] repairdesk responded 200 at http://127.0.0.1:4180/
stopped: fwrd64-n1
  flow "fwrd64" saved: 7 step(s), vars runid → /home/user/sitelooper/bench/results/flows/fwrd64.json
  warning: note: dropped 20 locator candidate(s) carrying a value this run minted (known only by export time)
  warning: note: 01-open no longer publishes ticket_status — no replay reads it from the page and the recording showed no line to read
  warning: note: 02-open no longer publishes required_fields_filled — no replay reads it from the page and the recording showed no line to read
  warning: note: 03-add no longer publishes required_fields_filled — no replay reads it from the page and the recording showed no line to read
  warning: note: 07-report no longer publishes active_view_count_line, archived_row_detail_view_url_example, ref_3 — no replay reads them from the page and the recording showed no line to read
  warning: warning: 170 other value(s) the run saw survived unslotted, judged by shape only (usually page copy; non-fatal):
  flow.steps[4].instruction: "Ready" (output) in "On the detail view of ticket {{01-open.ticket_reference}} ('{{runid}} RD Bench Ticket'), attempt to change the ticket's status to 'Ready'. The app enforces prec"
  flow.steps[6].instruction: "Ready" (output) in "Final verification on the repair desk app: check the default active ticket list and confirm that no ticket titled '{{runid}} RD Bench Ticket' (reference {{01-op"
  flow.steps[6].params.v6: "Ready" (output) in "Ready"
  flow.steps[6].outputs[12]: "RD-1015" (output) in "archived_row_RD-1015_cells"
  s_1619b7.template: "Ready" (output) in "On the detail view of ticket {{v1}} ('{{v2}}'), attempt to change the ticket's status to 'Ready'. The app enforces preconditions before it will accept that stat"
arm=sitelooper model=z-ai/glm-5.3 runid=fwrd64-n1 stop=completed
turns=8 wall=559.5s
commands=7 cmdTime=506.1s cmdBytes=12588 timeouts=0
orchestrator in=14773 cw=0 cr=21120 out=2424
inner prompt=2091075 cached=1942912 completion=25391
spend=$0.0801 maxUsd=3
learn: A_n=0 replayed=0/7 full=0 repaired=0 compiled=7 variants=0
-> /home/user/sitelooper/bench/results/fwrd64-n1-sitelooper-result.json

=== fwrd64-n1 === (run self-reported: completed)
  obj 1  PASS  seq 1: ticket t15 (RD-1015) "fwrd64-n1 RD Bench Ticket"
  obj 2  PASS  seq 2 p18 cost=100 markup=25 price=125.00
  obj 3  PASS  seq 3 p19 cost=200 markup=25 price=250.00
  obj 4  PASS  seq 4: cost 100 -> 150, price 125.00 -> 187.50 (want 187.50), after the create at seq 2
  obj 5  PASS  seq 7: status Draft -> Ready
  obj 6  PASS  part A deleted, part B deleted, archive entry at seq 10; state: 0 part(s) surviving, ticket t15 archived=true
  claim 2  ok — run reported 125.00, app recorded 125.00
  claim 3  ok — run reported 250.00, app recorded 250.00
  claim 4  ok — run reported 187.50, app recorded 187.50
  summary: 6/6 objectives PASS, 0 price claim mismatch(es), 0 duplicate ticket(s)

App state: 15 tickets total, 1 left by benchmark runs (0 still active), 17 parts total, 10 mutation log entries.

[sweep] run 2/3: fwrd64-n2 (replay flow fwrd64, no orchestrator)
[reset] repairdesk: reloaded seed via http://127.0.0.1:4180/__reset
[sweep] fwrd64-n2: 1 drift ticket(s) → fwrd64-n2-drift.json

=== fwrd64-n2 === (run self-reported: no result file)
  note: no result file in /home/user/sitelooper/bench/results — objectives are still scored from the log,
        but the run's claimed prices cannot be cross-checked.
  obj 1  PASS  seq 1: ticket t15 (RD-1016) "fwrd64-n2 RD Bench Ticket"
  obj 2  PASS  seq 2 p18 cost=100 markup=25 price=125.00
  obj 3  PASS  seq 3 p19 cost=200 markup=25 price=250.00
  obj 4  PASS  seq 4: cost 100 -> 150, price 125.00 -> 187.50 (want 187.50), after the create at seq 2
  obj 5  PASS  seq 7: status Draft -> Ready
  obj 6  PASS  part A deleted, part B deleted, archive entry at seq 10; state: 0 part(s) surviving, ticket t15 archived=true
  claim 2  no claim parsed from the run's final report
  claim 3  no claim parsed from the run's final report
  claim 4  no claim parsed from the run's final report
  summary: 6/6 objectives PASS, 0 price claim mismatch(es), 0 duplicate ticket(s)

App state: 15 tickets total, 1 left by benchmark runs (0 still active), 17 parts total, 10 mutation log entries.

[sweep] run 3/3: fwrd64-n3 (replay flow fwrd64, no orchestrator)
[reset] repairdesk: reloaded seed via http://127.0.0.1:4180/__reset
[sweep] fwrd64-n3: 1 drift ticket(s) → fwrd64-n3-drift.json

=== fwrd64-n3 === (run self-reported: no result file)
  note: no result file in /home/user/sitelooper/bench/results — objectives are still scored from the log,
        but the run's claimed prices cannot be cross-checked.
  obj 1  PASS  seq 1: ticket t15 (RD-1017) "fwrd64-n3 RD Bench Ticket"
  obj 2  PASS  seq 2 p18 cost=100 markup=25 price=125.00
  obj 3  PASS  seq 3 p19 cost=200 markup=25 price=250.00
  obj 4  PASS  seq 4: cost 100 -> 150, price 125.00 -> 187.50 (want 187.50), after the create at seq 2
  obj 5  PASS  seq 7: status Draft -> Ready
  obj 6  PASS  part A deleted, part B deleted, archive entry at seq 10; state: 0 part(s) surviving, ticket t15 archived=true
  claim 2  no claim parsed from the run's final report
  claim 3  no claim parsed from the run's final report
  claim 4  no claim parsed from the run's final report
  summary: 6/6 objectives PASS, 0 price claim mismatch(es), 0 duplicate ticket(s)

App state: 15 tickets total, 1 left by benchmark runs (0 still active), 17 parts total, 10 mutation log entries.

Learning sweep fwrd64 (K=3)
┌─────────┬───┬─────────────┬──────────┬─────────────┬───────┬──────┬───────────┬─────┬──────────────┬────────┐
│ (index) │ n │ runid       │ verified │ stop        │ turns │ cmds │ total_usd │ A_n │ replayed     │ wall_s │
├─────────┼───┼─────────────┼──────────┼─────────────┼───────┼──────┼───────────┼─────┼──────────────┼────────┤
│ 0       │ 1 │ 'fwrd64-n1' │ '6/6'    │ 'completed' │ 8     │ 7    │ 0.0801    │ 0   │ '0/7'        │ 560    │
│ 1       │ 2 │ 'fwrd64-n2' │ '6/6'    │ 'success'   │ 0     │ 7    │ 0         │ 1   │ '7/7 (flow)' │ 52     │
│ 2       │ 3 │ 'fwrd64-n3' │ '6/6'    │ 'success'   │ 0     │ 7    │ 0         │ 1   │ '7/7 (flow)' │ 52     │
└─────────┴───┴─────────────┴──────────┴─────────────┴───────┴──────┴───────────┴─────┴──────────────┴────────┘
http://127.0.0.1:4180
  s_092612  validated    1 steps  3/3 (100%)
           Final verification on the repair desk app: check the default active ticket list and confirm that no ticket tit…
  s_0cf0eb  validated    1 steps  3/3 (100%)
           Open {{v2}} and sign in with email {{v3}} and password {{v4}}. Then create a new ticket titled exactly '{{v5}}…
  s_139713  validated    2 steps  3/3 (100%)
           Final verification on the repair desk app: check the default active ticket list and confirm that no ticket tit…
  s_1619b7  validated   16 steps  3/3 (100%)
           On the detail view of ticket {{v1}} ('{{v2}}'), attempt to change the ticket's status to 'Ready'. The app enfo…
  s_2a811a  validated    1 steps  3/3 (100%)
           Final verification on the repair desk app: check the default active ticket list and confirm that no ticket tit…
  s_2aa926  validated    2 steps  3/3 (100%)
           Final verification on the repair desk app: check the default active ticket list and confirm that no ticket tit…
  s_3c654e  validated    1 steps  3/3 (100%)
           Final verification on the repair desk app: check the default active ticket list and confirm that no ticket tit…
  s_43898d  validated    1 steps  3/3 (100%)
           Final verification on the repair desk app: check the default active ticket list and confirm that no ticket tit…
  s_45d774  validated    1 steps  3/3 (100%)
           Final verification on the repair desk app: check the default active ticket list and confirm that no ticket tit…
  s_4a86cf  validated    2 steps  3/3 (100%)
           Final verification on the repair desk app: check the default active ticket list and confirm that no ticket tit…
  s_4af428  validated    2 steps  3/3 (100%)
           Final verification on the repair desk app: check the default active ticket list and confirm that no ticket tit…
  s_4dc8ef  validated    2 steps  3/3 (100%)
           Final verification on the repair desk app: check the default active ticket list and confirm that no ticket tit…
  s_501717  validated    3 steps  3/3 (100%)
           Final verification on the repair desk app: check the default active ticket list and confirm that no ticket tit…
  s_50a1aa  validated    1 steps  3/3 (100%)
           Final verification on the repair desk app: check the default active ticket list and confirm that no ticket tit…
  s_515a29  validated   10 steps  3/3 (100%)
           On the detail view of ticket {{v1}} ('{{v2}}'), remove/delete both parts: '{{v4}}' and '{{v5}}'. Confirm any d…
  s_60376c  validated    5 steps  3/3 (100%)
           On the detail view of ticket {{v1}} ('{{v2}}'), remove/delete both parts: '{{v4}}' and '{{v5}}'. Confirm any d…
  s_73d26a  validated    1 steps  3/3 (100%)
           Open the ticket titled '{{v1}}' (reference {{v3}}) in the repair desk app. On its detail view, add a part name…
  s_7db41e  validated    1 steps  3/3 (100%)
           Final verification on the repair desk app: check the default active ticket list and confirm that no ticket tit…
  s_8b17e1  validated    1 steps  3/3 (100%)
           Final verification on the repair desk app: check the default active ticket list and confirm that no ticket tit…
  s_97e166  validated   10 steps  3/3 (100%)
           Final verification on the repair desk app: check the default active ticket list and confirm that no ticket tit…
  s_9b5a03  validated    1 steps  3/3 (100%)
           Final verification on the repair desk app: check the default active ticket list and confirm that no ticket tit…
  s_a098fe  validated    1 steps  3/3 (100%)
           Final verification on the repair desk app: check the default active ticket list and confirm that no ticket tit…
  s_a7617e  validated    1 steps  3/3 (100%)
           Final verification on the repair desk app: check the default active ticket list and confirm that no ticket tit…
  s_a905d7  validated    2 steps  3/3 (100%)
           Final verification on the repair desk app: check the default active ticket list and confirm that no ticket tit…
  s_c61655  validated   13 steps  3/3 (100%)
           On the detail view of ticket {{v1}} ('{{v2}}'), add a second part named exactly '{{v5}}' with cost {{v6}} and …
  s_c96114  validated    2 steps  3/3 (100%)
           Final verification on the repair desk app: check the default active ticket list and confirm that no ticket tit…
  s_ce4306  validated    8 steps  3/3 (100%)
           Open {{v2}} and sign in with email {{v3}} and password {{v4}}. Then create a new ticket titled exactly '{{v5}}…
  s_db40c6  validated    1 steps  3/3 (100%)
           Final verification on the repair desk app: check the default active ticket list and confirm that no ticket tit…
  s_df2144  validated    1 steps  3/3 (100%)
           Final verification on the repair desk app: check the default active ticket list and confirm that no ticket tit…
  s_e08774  validated    2 steps  3/3 (100%)
           Final verification on the repair desk app: check the default active ticket list and confirm that no ticket tit…
  s_e095a4  validated   19 steps  3/3 (100%)
           Open the ticket titled '{{v1}}' (reference {{v3}}) in the repair desk app. On its detail view, add a part name…
  s_e3feac  validated    2 steps  3/3 (100%)
           Final verification on the repair desk app: check the default active ticket list and confirm that no ticket tit…
  s_f61cf8  validated    3 steps  3/3 (100%)
           Open {{v2}} and sign in with email {{v3}} and password {{v4}}. Then create a new ticket titled exactly '{{v5}}…
  s_f7f593  validated    1 steps  3/3 (100%)
           Final verification on the repair desk app: check the default active ticket list and confirm that no ticket tit…
  s_f82c1c  validated    1 steps  3/3 (100%)
           Final verification on the repair desk app: check the default active ticket list and confirm that no ticket tit…
  s_fa450a  validated   24 steps  3/3 (100%)
           On the detail view of ticket {{v1}} ('{{v2}}'), edit the part named '{{v4}}' and change its cost from 100 to {…
  s_fbfbff  validated    1 steps  3/3 (100%)
           Final verification on the repair desk app: check the default active ticket list and confirm that no ticket tit…
store: /home/user/sitelooper/bench/results/fwrd64-skills

summary: /home/user/sitelooper/bench/results/fwrd64-sweep.json
