
[sweep] run 1/3: fwrd71-n1 (store: /home/user/sitelooper/bench/results/fwrd71-skills)
[harness] repairdesk: defaulting APP_URL
[harness] repairdesk: defaulting APP_EMAIL
[harness] repairdesk: defaulting APP_PASSWORD
[reset] repairdesk: reloaded seed via http://127.0.0.1:4180/__reset
[harness] repairdesk responded 200 at http://127.0.0.1:4180/
stopped: fwrd71-n1
  flow "fwrd71" saved: 8 step(s), vars runid → /home/user/sitelooper/bench/results/flows/fwrd71.json
  warning: note: dropped 3 locator candidate(s) carrying a value this run minted (known only by export time)
  warning: note: 02-add no longer publishes total_row — no replay reads it from the page and the recording showed no line to read
  warning: note: 03-add no longer publishes new_part_name, new_part_cost, new_part_markup, new_part_quantity, new_part_supplier, new_part_price, parts_table_rows, ticket_total, ticket_total_2_1, ticket_total_2_2 — no replay reads them from the page and the recording showed no line to read
  warning: note: 05-change no longer publishes ticket_status_after_attempt — no replay reads it from the page and the recording showed no line to read
  warning: note: 08-report no longer publishes default_view_setup, tickets_region_aria_label — no replay reads them from the page and the recording showed no line to read
  warning: warning: contradicted-step: 05-change read ref "RD-1015" right after 04-edit reported "fwrd71-n1"; 04-edit's change may not have landed and a later step may be retrying it. Re-record 04-edit.
  warning: warning: 1 value(s) KNOWN to be this run's survived unslotted — a replay will act on or wait for the recording's value (non-fatal outside locators):
  flow.warnings[0]: "fwrd71-n1" (var) in "contradicted-step: 05-change read ref \"RD-1015\" right after 04-edit reported \"fwrd71-n1\"; 04-edit's change may not have landed and a later step may be retrying "
  warning: warning: 208 other value(s) the run saw survived unslotted, judged by shape only (usually page copy; non-fatal):
  flow.steps[4].instruction: "Ready" (output) in "On the ticket detail page for ticket '{{runid}} RD Bench Ticket' ({{01-open.ticket_ref}}), attempt to change the ticket's status to 'Ready' (there is a '{{01-op"
  flow.steps[5].instruction: "Ready" (output) in "On the ticket detail page for ticket '{{runid}} RD Bench Ticket' ({{01-open.ticket_ref}}), the app requires every part to have a supplier before the ticket can "
  flow.steps[7].instruction: "Archived" (output) in "Final verification on the repair desk app: go to the tickets list view (default filters, archived hidden) and confirm that no ticket titled '{{runid}} RD Bench "
  flow.steps[7].instruction: "Ready" (output) in "Final verification on the repair desk app: go to the tickets list view (default filters, archived hidden) and confirm that no ticket titled '{{runid}} RD Bench "
  flow.steps[7].params.v4: "Ready" (output) in "Ready"
arm=sitelooper model=z-ai/glm-5.3 runid=fwrd71-n1 stop=completed
turns=9 wall=397.5s
commands=8 cmdTime=349.4s cmdBytes=11199 timeouts=0
orchestrator in=14019 cw=0 cr=27584 out=2563
inner prompt=2006343 cached=1874688 completion=18241
spend=$0.0744 maxUsd=3
learn: A_n=0.2 replayed=1/8 full=1 repaired=0 compiled=7 variants=0
-> /home/user/sitelooper/bench/results/fwrd71-n1-sitelooper-result.json

=== fwrd71-n1 === (run self-reported: completed)
  obj 1  PASS  seq 1: ticket t15 (RD-1015) "fwrd71-n1 RD Bench Ticket"
  obj 2  PASS  seq 2 p18 cost=100 markup=25 price=125.00
  obj 3  PASS  seq 3 p19 cost=200 markup=25 price=250.00
  obj 4  PASS  seq 4: cost 100 -> 150, price 125.00 -> 187.50 (want 187.50), after the create at seq 2
  obj 5  PASS  seq 7: status Draft -> Ready
  obj 6  PASS  part A deleted, part B deleted, archive entry at seq 10; state: 0 part(s) surviving, ticket t15 archived=true
  claim 2  ok — run reported 125.00, app recorded 125.00
  claim 3  ok — run reported 250.00, app recorded 250.00
  claim 4  ok — run reported 187.50, app recorded 187.50
  summary: 6/6 objectives PASS, 0 price claim mismatch(es), 0 duplicate ticket(s)

App state: 15 tickets total, 1 left by benchmark runs (0 still active), 17 parts total, 10 mutation log entries.

[sweep] run 2/3: fwrd71-n2 (replay flow fwrd71, no orchestrator)
[reset] repairdesk: reloaded seed via http://127.0.0.1:4180/__reset
[sweep] fwrd71-n2: 2 drift ticket(s) → fwrd71-n2-drift.json

=== fwrd71-n2 === (run self-reported: no result file)
  note: no result file in /home/user/sitelooper/bench/results — objectives are still scored from the log,
        but the run's claimed prices cannot be cross-checked.
  obj 1  PASS  seq 1: ticket t15 (RD-1016) "fwrd71-n2 RD Bench Ticket"
  obj 2  PASS  seq 2 p18 cost=100 markup=25 price=125.00
  obj 3  PASS  seq 3 p19 cost=200 markup=25 price=250.00
  obj 4  PASS  seq 4: cost 100 -> 150, price 125.00 -> 187.50 (want 187.50), after the create at seq 2
  obj 5  PASS  seq 7: status Draft -> Ready
  obj 6  PASS  part A deleted, part B deleted, archive entry at seq 10; state: 0 part(s) surviving, ticket t15 archived=true
  claim 2  no claim parsed from the run's final report
  claim 3  no claim parsed from the run's final report
  claim 4  no claim parsed from the run's final report
  summary: 6/6 objectives PASS, 0 price claim mismatch(es), 0 duplicate ticket(s)

App state: 15 tickets total, 1 left by benchmark runs (0 still active), 17 parts total, 10 mutation log entries.

[sweep] run 3/3: fwrd71-n3 (replay flow fwrd71, no orchestrator)
[reset] repairdesk: reloaded seed via http://127.0.0.1:4180/__reset
[sweep] fwrd71-n3: 4 drift ticket(s) → fwrd71-n3-drift.json

=== fwrd71-n3 === (run self-reported: no result file)
  note: no result file in /home/user/sitelooper/bench/results — objectives are still scored from the log,
        but the run's claimed prices cannot be cross-checked.
  obj 1  PASS  seq 1: ticket t15 (RD-1017) "fwrd71-n3 RD Bench Ticket"
  obj 2  PASS  seq 2 p18 cost=100 markup=25 price=125.00
  obj 3  PASS  seq 3 p19 cost=200 markup=25 price=250.00
  obj 4  PASS  seq 4: cost 100 -> 150, price 125.00 -> 187.50 (want 187.50), after the create at seq 2
  obj 5  PASS  seq 7: status Draft -> Ready
  obj 6  PASS  part A deleted, part B deleted, archive entry at seq 10; state: 0 part(s) surviving, ticket t15 archived=true
  claim 2  no claim parsed from the run's final report
  claim 3  no claim parsed from the run's final report
  claim 4  no claim parsed from the run's final report
  summary: 6/6 objectives PASS, 0 price claim mismatch(es), 0 duplicate ticket(s)

App state: 15 tickets total, 1 left by benchmark runs (0 still active), 17 parts total, 10 mutation log entries.

Learning sweep fwrd71 (K=3)
┌─────────┬───┬─────────────┬──────────┬─────────────┬───────┬──────┬───────────┬─────┬──────────────┬────────┐
│ (index) │ n │ runid       │ verified │ stop        │ turns │ cmds │ total_usd │ A_n │ replayed     │ wall_s │
├─────────┼───┼─────────────┼──────────┼─────────────┼───────┼──────┼───────────┼─────┼──────────────┼────────┤
│ 0       │ 1 │ 'fwrd71-n1' │ '6/6'    │ 'completed' │ 9     │ 8    │ 0.0744    │ 0.2 │ '1/8'        │ 397    │
│ 1       │ 2 │ 'fwrd71-n2' │ '6/6'    │ 'success'   │ 0     │ 8    │ 0         │ 1   │ '8/8 (flow)' │ 31     │
│ 2       │ 3 │ 'fwrd71-n3' │ '6/6'    │ 'success'   │ 0     │ 8    │ 0         │ 1   │ '8/8 (flow)' │ 38     │
└─────────┴───┴─────────────┴──────────┴─────────────┴───────┴──────┴───────────┴─────┴──────────────┴────────┘
http://127.0.0.1:4180
  s_26df54  validated   20 steps  6/6 (100%)
           On the ticket detail page for ticket '{{v1}}' ({{v3}}), add a part named exactly '{{v5}}' with cost {{v6}} and…
  s_07d1d0  validated    5 steps  3/3 (100%)
           Open {{v2}} and sign in with email {{v3}} and password {{v4}}. Then create a new ticket titled exactly '{{v5}}…
  s_0cd2b5  validated   20 steps  3/3 (100%)
           Final verification on the repair desk app: go to the tickets list view (default filters, archived hidden) and …
  s_0fbc6f  validated    1 steps  3/3 (100%)
           Open {{v2}} and sign in with email {{v3}} and password {{v4}}. Then create a new ticket titled exactly '{{v5}}…
  s_287644  validated    9 steps  3/3 (100%)
           On the ticket detail page for ticket '{{v1}}' ({{v3}}), first delete both parts: use the Delete action on '{{v…
  s_3d30bd  validated    3 steps  3/3 (100%)
           On the ticket detail page for ticket '{{v1}}' ({{v3}}), first delete both parts: use the Delete action on '{{v…
  s_724cab  validated   12 steps  3/3 (100%)
           On the ticket detail page for ticket '{{v1}}' ({{v3}}), edit the part named '{{v4}}' (use its Edit action) and…
  s_b4d00b  validated   14 steps  3/3 (100%)
           On the ticket detail page for ticket '{{v1}}' ({{v3}}), the app requires every part to have a supplier before …
  s_d714d7  validated    3 steps  3/3 (100%)
           Open {{v2}} and sign in with email {{v3}} and password {{v4}}. Then create a new ticket titled exactly '{{v5}}…
  s_ea0169  validated    8 steps  3/3 (100%)
           On the ticket detail page for ticket '{{v1}}' ({{v3}}), attempt to change the ticket's status to 'Ready' (ther…
  s_ecbd4d  validated   10 steps  3/3 (100%)
           Open {{v2}} and sign in with email {{v3}} and password {{v4}}. Then create a new ticket titled exactly '{{v5}}…
store: /home/user/sitelooper/bench/results/fwrd71-skills

summary: /home/user/sitelooper/bench/results/fwrd71-sweep.json
