
[sweep] run 1/3: fwrd54-n1 (store: /home/user/sitelooper/bench/results/fwrd54-skills)
[harness] repairdesk: defaulting APP_URL
[harness] repairdesk: defaulting APP_EMAIL
[harness] repairdesk: defaulting APP_PASSWORD
[reset] repairdesk: reloaded seed via http://127.0.0.1:4180/__reset
[harness] repairdesk responded 200 at http://127.0.0.1:4180/
stopped: fwrd54-n1
  flow "fwrd54" saved: 9 step(s), vars runid → /home/user/sitelooper/bench/results/flows/fwrd54.json
  warning: note: dropped 10 locator candidate(s) carrying a value this run minted (known only by export time)
  warning: warning: contradicted-step: 09-change read ticket_detail_with_status_controls "Mark Draft, Mark Closed, Unarchive ticket (not clicked)" right after 08-delete reported "Ready, with an Archived badge alongside it"; 08-delete's change may not have landed and a later step may be retrying it. Re-record 08-delete.
  warning: warning: 346 other value(s) the run saw survived unslotted, judged by shape only (usually page copy; non-fatal):
  flow.steps[0].route: "http://127.0.0.1:4180/#/tickets" (output) in "http://127.0.0.1:4180/#/tickets"
  flow.steps[1].instruction: "Bench Customer" (output) in "Create a new repair ticket with the title exactly '{{runid}} RD Bench Ticket'. Fill in the Customer field with something sensible (if it's a dropdown pick any a"
  flow.steps[1].params.v3: "Bench Customer" (output) in "Bench Customer"
  flow.steps[1].route: "http://127.0.0.1:4180/#/tickets" (output) in "http://127.0.0.1:4180/#/tickets"
  flow.steps[2].route: "http://127.0.0.1:4180/#/tickets" (output) in "http://127.0.0.1:4180/#/tickets/:id"
  warning: 01-open reports sample_row, status_filter_options, table_columns, but s_fda6db re-reads none of them from the page — a replay without the model will succeed without those values; re-record so they are read.
  warning: 02-create reports ticket_parts_count, but s_59f44d re-reads none of it from the page — a replay without the model will succeed without that value; re-record so it is read.
  warning: 03-open reports part_qty, but s_acae91 re-reads none of it from the page — a replay without the model will succeed without that value; re-record so it is read.
  warning: 04-add reports part_1_qty, part_2_qty, part_2_supplier, but s_08ec9d re-reads none of them from the page — a replay without the model will succeed without those values; re-record so they are read.
  warning: 05-edit reports edited_part_qty, but s_b10640 re-reads none of it from the page — a replay without the model will succeed without that value; re-record so it is read.
  warning: 07-edit reports part_A_cost_markup_price, part_A_qty, part_B_cost_markup_price, part_B_qty, table_footer_total, but s_8f60bc re-reads none of them from the page — a replay without the model will succeed without those values; re-record so they are read.
  warning: 08-delete reports show_archived_checkbox_final, ticket_detail_url, but s_37d8c1 re-reads none of them from the page — a replay without the model will succeed without those values; re-record so they are read.
  warning: 09-change reports list_url, parts_table_on_detail, ticket_detail_with_archived_badge, ticket_detail_with_status_controls, but s_458015 re-reads none of them from the page — a replay without the model will succeed without those values; re-record so they are read.
arm=sitelooper model=z-ai/glm-5.3 runid=fwrd54-n1 stop=completed
turns=11 wall=407.3s
commands=9 cmdTime=358.7s cmdBytes=13933 timeouts=0
orchestrator in=11600 cw=0 cr=45376 out=2920
inner prompt=2237600 cached=2084992 completion=20407
spend=$0.0823 maxUsd=3
learn: A_n=0 replayed=0/9 full=0 repaired=0 compiled=9 variants=0
-> /home/user/sitelooper/bench/results/fwrd54-n1-sitelooper-result.json

=== fwrd54-n1 === (run self-reported: completed)
  obj 1  PASS  seq 1: ticket t15 (RD-1015) "fwrd54-n1 RD Bench Ticket"
  obj 2  PASS  seq 2 p18 cost=100 markup=25 price=125.00
  obj 3  PASS  seq 3 p19 cost=200 markup=25 price=250.00
  obj 4  PASS  seq 4: cost 100 -> 150, price 125.00 -> 187.50 (want 187.50), after the create at seq 2
  obj 5  PASS  seq 7: status Draft -> Ready
  obj 6  PASS  part A deleted, part B deleted, archive entry at seq 10; state: 0 part(s) surviving, ticket t15 archived=true
  claim 2  ok — run reported 125.00, app recorded 125.00
  claim 3  ok — run reported 250.00, app recorded 250.00
  claim 4  ok — run reported 187.50, app recorded 187.50
  summary: 6/6 objectives PASS, 0 price claim mismatch(es), 0 duplicate ticket(s)

App state: 15 tickets total, 1 left by benchmark runs (0 still active), 17 parts total, 10 mutation log entries.

[sweep] run 2/3: fwrd54-n2 (replay flow fwrd54, no orchestrator)
[reset] repairdesk: reloaded seed via http://127.0.0.1:4180/__reset
[sweep] fwrd54-n2: 1 drift ticket(s) → fwrd54-n2-drift.json

=== fwrd54-n2 === (run self-reported: no result file)
  note: no result file in /home/user/sitelooper/bench/results — objectives are still scored from the log,
        but the run's claimed prices cannot be cross-checked.
  obj 1  PASS  seq 1: ticket t15 (RD-1016) "fwrd54-n2 RD Bench Ticket"
  obj 2  PASS  seq 2 p18 cost=100 markup=25 price=125.00
  obj 3  PASS  seq 3 p19 cost=200 markup=25 price=250.00
  obj 4  PASS  seq 4: cost 100 -> 150, price 125.00 -> 187.50 (want 187.50), after the create at seq 2
  obj 5  PASS  seq 7: status Draft -> Ready
  obj 6  PASS  part A deleted, part B deleted, archive entry at seq 10; state: 0 part(s) surviving, ticket t15 archived=true
  claim 2  no claim parsed from the run's final report
  claim 3  no claim parsed from the run's final report
  claim 4  no claim parsed from the run's final report
  summary: 6/6 objectives PASS, 0 price claim mismatch(es), 0 duplicate ticket(s)

App state: 15 tickets total, 1 left by benchmark runs (0 still active), 17 parts total, 10 mutation log entries.

[sweep] run 3/3: fwrd54-n3 (replay flow fwrd54, no orchestrator)
[reset] repairdesk: reloaded seed via http://127.0.0.1:4180/__reset
[sweep] fwrd54-n3: 1 drift ticket(s) → fwrd54-n3-drift.json

=== fwrd54-n3 === (run self-reported: no result file)
  note: no result file in /home/user/sitelooper/bench/results — objectives are still scored from the log,
        but the run's claimed prices cannot be cross-checked.
  obj 1  PASS  seq 1: ticket t15 (RD-1017) "fwrd54-n3 RD Bench Ticket"
  obj 2  PASS  seq 2 p18 cost=100 markup=25 price=125.00
  obj 3  PASS  seq 3 p19 cost=200 markup=25 price=250.00
  obj 4  PASS  seq 4: cost 100 -> 150, price 125.00 -> 187.50 (want 187.50), after the create at seq 2
  obj 5  PASS  seq 7: status Draft -> Ready
  obj 6  PASS  part A deleted, part B deleted, archive entry at seq 10; state: 0 part(s) surviving, ticket t15 archived=true
  claim 2  no claim parsed from the run's final report
  claim 3  no claim parsed from the run's final report
  claim 4  no claim parsed from the run's final report
  summary: 6/6 objectives PASS, 0 price claim mismatch(es), 0 duplicate ticket(s)

App state: 15 tickets total, 1 left by benchmark runs (0 still active), 17 parts total, 10 mutation log entries.

Learning sweep fwrd54 (K=3)
┌─────────┬───┬─────────────┬──────────┬─────────────┬───────┬──────┬───────────┬──────┬──────────────┬────────┐
│ (index) │ n │ runid       │ verified │ stop        │ turns │ cmds │ total_usd │ A_n  │ replayed     │ wall_s │
├─────────┼───┼─────────────┼──────────┼─────────────┼───────┼──────┼───────────┼──────┼──────────────┼────────┤
│ 0       │ 1 │ 'fwrd54-n1' │ '6/6'    │ 'completed' │ 11    │ 9    │ 0.0823    │ 0    │ '0/9'        │ 407    │
│ 1       │ 2 │ 'fwrd54-n2' │ '6/6'    │ 'success'   │ 6     │ 9    │ 0.0034    │ 0.89 │ '9/9 (flow)' │ 45     │
│ 2       │ 3 │ 'fwrd54-n3' │ '6/6'    │ 'success'   │ 11    │ 9    │ 0.0048    │ 0.89 │ '9/9 (flow)' │ 56     │
└─────────┴───┴─────────────┴──────────┴─────────────┴───────┴──────┴───────────┴──────┴──────────────┴────────┘
http://127.0.0.1:4180
  s_08ec9d  validated   19 steps  3/3 (100%)
           On the ticket detail page for {{v1}} (titled '{{v2}}'), add a second part named exactly '{{v4}}' with cost {{v…
  s_0b9b9f  validated    3 steps  3/3 (100%)
           Final verification, read-only (do not change anything): On the tickets list at http://127.0.0.1:4180/, with 'S…
  s_37d8c1  validated   11 steps  3/3 (100%)
           On the ticket detail page for {{v1}} (titled '{{v2}}', status {{v4}}), delete both parts: use the Delete actio…
  s_458015  validated    5 steps  3/3 (100%)
           Final verification, read-only (do not change anything): On the tickets list at http://127.0.0.1:4180/, with 'S…
  s_59f44d  validated   11 steps  3/3 (100%)
           Create a new repair ticket with the title exactly '{{v2}}'. Fill in the Customer field with something sensible…
  s_6ab238  validated   17 steps  3/3 (100%)
           On the ticket detail page for {{v1}} (titled '{{v2}}', status {{v4}}), delete both parts: use the Delete actio…
  s_8f60bc  validated   13 steps  3/3 (100%)
           On the ticket detail page for {{v1}}, the app refuses to mark the ticket Ready because both parts have no supp…
  s_abb778  validated    9 steps  3/3 (100%)
           On the ticket detail page for {{v1}} (titled '{{v2}}', currently status {{v4}}), attempt to change the ticket'…
  s_acae91  validated    1 steps  3/3 (100%)
           Open the ticket with reference {{v1}} (titled '{{v2}}') from the tickets list. On the ticket detail page, find…
  s_b10640  validated   10 steps  3/3 (100%)
           On the ticket detail page for {{v1}}, edit the part named '{{v2}}' (use its Edit action) and change its cost f…
  s_b233e1  validated    3 steps  3/3 (100%)
           Open {{v1}} and sign in with email {{v2}} and password {{v3}}. Then report what the main screen of the app sho…
  s_b3f4db  validated   16 steps  3/3 (100%)
           Open the ticket with reference {{v1}} (titled '{{v2}}') from the tickets list. On the ticket detail page, find…
  s_d2aebe  validated    8 steps  3/3 (100%)
           Open {{v1}} and sign in with email {{v2}} and password {{v3}}. Then report what the main screen of the app sho…
  s_fda6db  validated    1 steps  3/3 (100%)
           Open {{v1}} and sign in with email {{v2}} and password {{v3}}. Then report what the main screen of the app sho…
store: /home/user/sitelooper/bench/results/fwrd54-skills

summary: /home/user/sitelooper/bench/results/fwrd54-sweep.json
