
[sweep] run 1/3: fwrd62-n1 (store: /home/user/sitelooper/bench/results/fwrd62-skills)
[harness] repairdesk: defaulting APP_URL
[harness] repairdesk: defaulting APP_EMAIL
[harness] repairdesk: defaulting APP_PASSWORD
[reset] repairdesk: reloaded seed via http://127.0.0.1:4180/__reset
[harness] repairdesk responded 200 at http://127.0.0.1:4180/
stopped: fwrd62-n1
  flow "fwrd62" saved: 8 step(s), vars runid → /home/user/sitelooper/bench/results/flows/fwrd62.json
  warning: note: dropped 4 locator candidate(s) carrying a value this run minted (known only by export time)
  warning: note: 02-add no longer publishes part_qty, form_fields_required — no replay reads them from the page and the recording showed no line to read
  warning: note: 03-add: added a read for parts_total to s_98b381 (page.getByRole('row', { name: 'Total (price × quantity) $375.00', exact: true }); seen on the next instruction's start page)
  warning: note: 03-add: added a read for parts_total_row_text to s_98b381 (page.getByRole('row', { name: 'Total (price × quantity) $375.00', exact: true }); seen on the next instruction's start page)
  warning: warning: 168 other value(s) the run saw survived unslotted, judged by shape only (usually page copy; non-fatal):
  flow.name: "fwrd62" (output) in "fwrd62"
  flow.steps[7].instruction: "fwrd62" (output) in "Verification only, no changes: On http://127.0.0.1:4180/, go to the Tickets list with 'Show archived' unchecked and search for 'fwrd62'. Report whether any tick"
  s_4f5ad6.steps[4].locators.target[1].text: "Not recorded" (output) in "Customer: Not recorded · Raised 2026-09-16"
  s_4f5ad6.steps[4].locators.target[1].text: "2026-09-16" (output) in "Customer: Not recorded · Raised 2026-09-16"
  s_4f5ad6.reportTemplate.summary: "Not recorded" (output) in "Signed in to {{v2}} as {{v3}} and created a new ticket via the \"New ticket\" dialog, filling the required Title field (Customer is optional and was left blank, s"
arm=sitelooper model=z-ai/glm-5.3 runid=fwrd62-n1 stop=completed
turns=9 wall=418.8s
commands=8 cmdTime=388.7s cmdBytes=7611 timeouts=0
orchestrator in=12412 cw=0 cr=27520 out=2839
inner prompt=1961763 cached=1833216 completion=17413
spend=$0.0723 maxUsd=3
learn: A_n=0 replayed=0/8 full=0 repaired=0 compiled=8 variants=0
-> /home/user/sitelooper/bench/results/fwrd62-n1-sitelooper-result.json

=== fwrd62-n1 === (run self-reported: completed)
  obj 1  PASS  seq 1: ticket t15 (RD-1015) "fwrd62-n1 RD Bench Ticket"
  obj 2  PASS  seq 2 p18 cost=100 markup=25 price=125.00
  obj 3  PASS  seq 3 p19 cost=200 markup=25 price=250.00
  obj 4  PASS  seq 4: cost 100 -> 150, price 125.00 -> 187.50 (want 187.50), after the create at seq 2
  obj 5  PASS  seq 7: status Draft -> Ready
  obj 6  PASS  part A deleted, part B deleted, archive entry at seq 10; state: 0 part(s) surviving, ticket t15 archived=true
  claim 2  ok — run reported 125.00, app recorded 125.00
  claim 3  ok — run reported 250.00, app recorded 250.00
  claim 4  ok — run reported 187.50, app recorded 187.50
  summary: 6/6 objectives PASS, 0 price claim mismatch(es), 0 duplicate ticket(s)

App state: 15 tickets total, 1 left by benchmark runs (0 still active), 17 parts total, 10 mutation log entries.

[sweep] run 2/3: fwrd62-n2 (replay flow fwrd62, no orchestrator)
[reset] repairdesk: reloaded seed via http://127.0.0.1:4180/__reset

=== fwrd62-n2 === (run self-reported: no result file)
  note: no result file in /home/user/sitelooper/bench/results — objectives are still scored from the log,
        but the run's claimed prices cannot be cross-checked.
  obj 1  PASS  seq 1: ticket t15 (RD-1016) "fwrd62-n2 RD Bench Ticket"
  obj 2  PASS  seq 2 p18 cost=100 markup=25 price=125.00
  obj 3  PASS  seq 3 p19 cost=200 markup=25 price=250.00
  obj 4  PASS  seq 4: cost 100 -> 150, price 125.00 -> 187.50 (want 187.50), after the create at seq 2
  obj 5  PASS  seq 7: status Draft -> Ready
  obj 6  PASS  part A deleted, part B deleted, archive entry at seq 10; state: 0 part(s) surviving, ticket t15 archived=true
  claim 2  no claim parsed from the run's final report
  claim 3  no claim parsed from the run's final report
  claim 4  no claim parsed from the run's final report
  summary: 6/6 objectives PASS, 0 price claim mismatch(es), 0 duplicate ticket(s)

App state: 15 tickets total, 1 left by benchmark runs (0 still active), 17 parts total, 10 mutation log entries.

[sweep] run 3/3: fwrd62-n3 (replay flow fwrd62, no orchestrator)
[reset] repairdesk: reloaded seed via http://127.0.0.1:4180/__reset
[sweep] fwrd62-n3: 2 drift ticket(s) → fwrd62-n3-drift.json

=== fwrd62-n3 === (run self-reported: no result file)
  note: no result file in /home/user/sitelooper/bench/results — objectives are still scored from the log,
        but the run's claimed prices cannot be cross-checked.
  obj 1  PASS  seq 1: ticket t15 (RD-1017) "fwrd62-n3 RD Bench Ticket"
  obj 2  PASS  seq 2 p18 cost=100 markup=25 price=125.00
  obj 3  PASS  seq 3 p19 cost=200 markup=25 price=250.00
  obj 4  PASS  seq 4: cost 100 -> 150, price 125.00 -> 187.50 (want 187.50), after the create at seq 2
  obj 5  PASS  seq 7: status Draft -> Ready
  obj 6  PASS  part A deleted, part B deleted, archive entry at seq 10; state: 0 part(s) surviving, ticket t15 archived=true
  claim 2  no claim parsed from the run's final report
  claim 3  no claim parsed from the run's final report
  claim 4  no claim parsed from the run's final report
  summary: 6/6 objectives PASS, 0 price claim mismatch(es), 0 duplicate ticket(s)

App state: 15 tickets total, 1 left by benchmark runs (0 still active), 17 parts total, 10 mutation log entries.

Learning sweep fwrd62 (K=3)
┌─────────┬───┬─────────────┬──────────┬─────────────┬───────┬──────┬───────────┬─────┬──────────────┬────────┐
│ (index) │ n │ runid       │ verified │ stop        │ turns │ cmds │ total_usd │ A_n │ replayed     │ wall_s │
├─────────┼───┼─────────────┼──────────┼─────────────┼───────┼──────┼───────────┼─────┼──────────────┼────────┤
│ 0       │ 1 │ 'fwrd62-n1' │ '6/6'    │ 'completed' │ 9     │ 8    │ 0.0723    │ 0   │ '0/8'        │ 419    │
│ 1       │ 2 │ 'fwrd62-n2' │ '6/6'    │ 'success'   │ 0     │ 8    │ 0         │ 1   │ '8/8 (flow)' │ 24     │
│ 2       │ 3 │ 'fwrd62-n3' │ '6/6'    │ 'success'   │ 0     │ 8    │ 0         │ 1   │ '8/8 (flow)' │ 30     │
└─────────┴───┴─────────────┴──────────┴─────────────┴───────┴──────┴───────────┴─────┴──────────────┴────────┘
http://127.0.0.1:4180
  s_13ecbc  validated    1 steps  3/3 (100%)
           Open {{v2}} and sign in with email {{v3}} and password {{v4}}. Then create a new ticket titled '{{v1}} RD Benc…
  s_45342d  validated    3 steps  3/3 (100%)
           Open {{v2}} and sign in with email {{v3}} and password {{v4}}. Then create a new ticket titled '{{v1}} RD Benc…
  s_4f5ad6  validated    6 steps  3/3 (100%)
           Open {{v2}} and sign in with email {{v3}} and password {{v4}}. Then create a new ticket titled '{{v1}} RD Benc…
  s_540f07  validated   10 steps  3/3 (100%)
           On the ticket detail page for '{{v1}}' ({{v3}}), satisfy the app's precondition for marking a ticket Ready: ea…
  s_6a2989  validated    7 steps  3/3 (100%)
           Verification only, no changes: On http://127.0.0.1:4180/, go to the Tickets list with 'Show archived' unchecke…
  s_7bc0f9  validated    5 steps  3/3 (100%)
           On the ticket detail page for '{{v1}}' ({{v3}}), attempt to set the ticket status to 'Ready' using the 'Mark R…
  s_8e1314  validated   12 steps  3/3 (100%)
           On the ticket detail page for '{{v1}}' ({{v3}}), add a part named '{{v2}} RD Part A' with cost {{v5}} and mark…
  s_97e4ec  validated    1 steps  3/3 (100%)
           On the ticket detail page for '{{v1}}' ({{v3}}), first delete both parts: remove '{{v5}}' and '{{v6}}' using e…
  s_98b381  validated   11 steps  3/3 (100%)
           On the ticket detail page for '{{v1}}' ({{v3}}), add a second part named '{{v2}} RD Part B' with cost {{v6}} a…
  s_a376f3  validated    1 steps  3/3 (100%)
           Verification only, no changes: On http://127.0.0.1:4180/, go to the Tickets list with 'Show archived' unchecke…
  s_d475b0  validated    4 steps  3/3 (100%)
           Open {{v2}} and sign in with email {{v3}} and password {{v4}}. Then create a new ticket titled '{{v1}} RD Benc…
  s_ddec7b  validated    7 steps  3/3 (100%)
           On the ticket detail page for '{{v1}}' ({{v3}}), edit the part named '{{v5}}' to change its cost from 100 to 1…
  s_e507de  validated    8 steps  3/3 (100%)
           On the ticket detail page for '{{v1}}' ({{v3}}), first delete both parts: remove '{{v5}}' and '{{v6}}' using e…
  s_eeb98d  validated    4 steps  3/3 (100%)
           On the ticket detail page for '{{v1}}' ({{v3}}), first delete both parts: remove '{{v5}}' and '{{v6}}' using e…
store: /home/user/sitelooper/bench/results/fwrd62-skills

summary: /home/user/sitelooper/bench/results/fwrd62-sweep.json
