
[sweep] run 1/3: fwrd86-n1 (store: /home/user/sitelooper/bench/results/fwrd86-skills)
[harness] repairdesk: defaulting APP_URL
[harness] repairdesk: defaulting APP_EMAIL
[harness] repairdesk: defaulting APP_PASSWORD
[reset] repairdesk: reloaded seed via http://127.0.0.1:4180/__reset
[harness] repairdesk responded 200 at http://127.0.0.1:4180/
stopped: fwrd86-n1
  flow "fwrd86" saved: 6 step(s), vars runid → /home/user/sitelooper/bench/results/flows/fwrd86.json
  warning: note: dropped 10 locator candidate(s) carrying a value this run minted (known only by export time)
  warning: note: 2 goal/report value(s) carrying a value this run made were slotted or dropped:
  s_93ead3.reportTemplate.values.ticket_reference dropped (recorded literal of a value this run made)
  s_93ead3.reportTemplate.summary dropped (narrates a value this run made)
  warning: note: 02-open no longer publishes parts_total — no replay reads it from the page and the recording showed no line to read
  warning: note: 03-add no longer publishes parts_count — no replay reads it from the page and the recording showed no line to read
  warning: note: 06-delete no longer publishes other_archived_ticket — no replay reads it from the page and the recording showed no line to read
  warning: warning: 107 other value(s) the run saw survived unslotted, judged by shape only (usually page copy; non-fatal):
  flow.steps[4].instruction: "Ready" (output) in "On ticket {{01-signin.ticket_reference}}, attempt to set its status to 'Ready'. The app likely enforces preconditions before accepting the Ready status — if it "
  flow.steps[5].instruction: "Ready" (output) in "On ticket {{01-signin.ticket_reference}} (currently Ready): delete both parts ('{{runid}} RD Part A' and '{{runid}} RD Part B') via their Delete buttons, confir"
  flow.steps[5].params.v2: "Ready" (output) in "Ready"
  flow.steps[5].outputs[6]: "RD-1015" (output) in "list_row_RD-1015"
  s_0af5a4.steps[4].expect.addedContains[0]: "Edit Delete" (output) in "- row \"{{v4}} ${{v5}}{{*}} {{v6}}% {{*}} {{*}} {{*}} Edit Delete\""
arm=sitelooper model=z-ai/glm-5.3 runid=fwrd86-n1 stop=completed
turns=7 wall=186.6s
commands=6 cmdTime=168.6s cmdBytes=7481 timeouts=0
orchestrator in=8264 cw=0 cr=19584 out=1117
inner prompt=1030558 cached=936960 completion=11119
spend=$0.0455 maxUsd=3
learn: A_n=0 replayed=0/6 full=0 repaired=0 compiled=6 variants=0
-> /home/user/sitelooper/bench/results/fwrd86-n1-sitelooper-result.json

=== fwrd86-n1 === (run self-reported: completed)
  obj 1  PASS  seq 1: ticket t15 (RD-1015) "fwrd86-n1 RD Bench Ticket"
  obj 2  PASS  seq 2 p18 cost=100 markup=25 price=125.00
  obj 3  PASS  seq 3 p19 cost=200 markup=25 price=250.00
  obj 4  PASS  seq 4: cost 100 -> 150, price 125.00 -> 187.50 (want 187.50), after the create at seq 2
  obj 5  PASS  seq 7: status Draft -> Ready
  obj 6  PASS  part A deleted, part B deleted, archive entry at seq 10; state: 0 part(s) surviving, ticket t15 archived=true
  claim 2  ok — run reported 125.00, app recorded 125.00
  claim 3  ok — run reported 250.00, app recorded 250.00
  claim 4  ok — run reported 187.50, app recorded 187.50
  summary: 6/6 objectives PASS, 0 price claim mismatch(es), 0 duplicate ticket(s)

App state: 15 tickets total, 1 left by benchmark runs (0 still active), 17 parts total, 10 mutation log entries.

[sweep] run 2/3: fwrd86-n2 (replay flow fwrd86, no orchestrator)
[reset] repairdesk: reloaded seed via http://127.0.0.1:4180/__reset

=== fwrd86-n2 === (run self-reported: no result file)
  note: no result file in /home/user/sitelooper/bench/results — objectives are still scored from the log,
        but the run's claimed prices cannot be cross-checked.
  obj 1  PASS  seq 1: ticket t15 (RD-1016) "fwrd86-n2 RD Bench Ticket"
  obj 2  PASS  seq 2 p18 cost=100 markup=25 price=125.00
  obj 3  PASS  seq 3 p19 cost=200 markup=25 price=250.00
  obj 4  PASS  seq 4: cost 100 -> 150, price 125.00 -> 187.50 (want 187.50), after the create at seq 2
  obj 5  PASS  seq 7: status Draft -> Ready
  obj 6  PASS  part A deleted, part B deleted, archive entry at seq 10; state: 0 part(s) surviving, ticket t15 archived=true
  claim 2  no claim parsed from the run's final report
  claim 3  no claim parsed from the run's final report
  claim 4  no claim parsed from the run's final report
  summary: 6/6 objectives PASS, 0 price claim mismatch(es), 0 duplicate ticket(s)

App state: 15 tickets total, 1 left by benchmark runs (0 still active), 17 parts total, 10 mutation log entries.

[sweep] run 3/3: fwrd86-n3 (replay flow fwrd86, no orchestrator)
[reset] repairdesk: reloaded seed via http://127.0.0.1:4180/__reset

=== fwrd86-n3 === (run self-reported: no result file)
  note: no result file in /home/user/sitelooper/bench/results — objectives are still scored from the log,
        but the run's claimed prices cannot be cross-checked.
  obj 1  PASS  seq 1: ticket t15 (RD-1017) "fwrd86-n3 RD Bench Ticket"
  obj 2  PASS  seq 2 p18 cost=100 markup=25 price=125.00
  obj 3  PASS  seq 3 p19 cost=200 markup=25 price=250.00
  obj 4  PASS  seq 4: cost 100 -> 150, price 125.00 -> 187.50 (want 187.50), after the create at seq 2
  obj 5  PASS  seq 7: status Draft -> Ready
  obj 6  PASS  part A deleted, part B deleted, archive entry at seq 10; state: 0 part(s) surviving, ticket t15 archived=true
  claim 2  no claim parsed from the run's final report
  claim 3  no claim parsed from the run's final report
  claim 4  no claim parsed from the run's final report
  summary: 6/6 objectives PASS, 0 price claim mismatch(es), 0 duplicate ticket(s)

App state: 15 tickets total, 1 left by benchmark runs (0 still active), 17 parts total, 10 mutation log entries.

Learning sweep fwrd86 (K=3)
┌─────────┬───┬─────────────┬──────────┬─────────────┬───────┬──────┬───────────┬─────┬──────────────┬────────┐
│ (index) │ n │ runid       │ verified │ stop        │ turns │ cmds │ total_usd │ A_n │ replayed     │ wall_s │
├─────────┼───┼─────────────┼──────────┼─────────────┼───────┼──────┼───────────┼─────┼──────────────┼────────┤
│ 0       │ 1 │ 'fwrd86-n1' │ '6/6'    │ 'completed' │ 7     │ 6    │ 0.0455    │ 0   │ '0/6'        │ 187    │
│ 1       │ 2 │ 'fwrd86-n2' │ '6/6'    │ 'success'   │ 0     │ 6    │ 0         │ 1   │ '6/6 (flow)' │ 28     │
│ 2       │ 3 │ 'fwrd86-n3' │ '6/6'    │ 'success'   │ 0     │ 6    │ 0         │ 1   │ '6/6 (flow)' │ 28     │
└─────────┴───┴─────────────┴──────────┴─────────────┴───────┴──────┴───────────┴─────┴──────────────┴────────┘
http://127.0.0.1:4180
  s_0af5a4  validated   15 steps  3/3 (100%)
           On the repair ticket '{{v1}}' (reference {{v3}}), open the ticket detail and add a part named '{{v4}}' with co…
  s_3e4559  validated   13 steps  3/3 (100%)
           On ticket {{v1}}, attempt to set its status to 'Ready'. The app likely enforces preconditions before accepting…
  s_5ea500  validated   18 steps  3/3 (100%)
           On ticket {{v1}} detail, add a second part named '{{v3}}' with cost {{v4}} and markup {{v5}} (qty 1). Wait for…
  s_6532a2  validated    5 steps  3/3 (100%)
           On ticket {{v1}} (currently {{v2}}): delete both parts ('{{v3}}' and '{{v5}}') via their Delete buttons, confi…
  s_665f77  validated    2 steps  3/3 (100%)
           Sign in at {{v2}} with email {{v3}} and password {{env:APP_PASSWORD}} (type the password exactly as {{env:APP_…
  s_66623a  validated    1 steps  3/3 (100%)
           On the repair ticket '{{v1}}' (reference {{v3}}), open the ticket detail and add a part named '{{v4}}' with co…
  s_6a0a0a  validated   19 steps  3/3 (100%)
           On ticket {{v1}} detail, edit the part '{{v2}}' to change its cost from 100 to {{v4}}, keeping markup 25 and q…
  s_93ead3  validated   11 steps  3/3 (100%)
           Sign in at {{v2}} with email {{v3}} and password {{env:APP_PASSWORD}} (type the password exactly as {{env:APP_…
  s_d11455  validated    9 steps  3/3 (100%)
           On ticket {{v1}} (currently {{v2}}): delete both parts ('{{v3}}' and '{{v5}}') via their Delete buttons, confi…
  s_d30a96  validated    3 steps  3/3 (100%)
           Sign in at {{v2}} with email {{v3}} and password {{env:APP_PASSWORD}} (type the password exactly as {{env:APP_…
store: /home/user/sitelooper/bench/results/fwrd86-skills

summary: /home/user/sitelooper/bench/results/fwrd86-sweep.json
SWEEP_EXIT:0
