
Running 1 test using 1 worker

[sitelooper step] 01-open
[sitelooper warn] step 02-add s_3f4570/2: resolved positionally and its only recorded effect is the fill's own echo — the effect gate cannot tell right element from wrong here
[sitelooper warn] step 02-add s_3f4570/3: resolved positionally and its only recorded effect is the fill's own echo — the effect gate cannot tell right element from wrong here
[sitelooper warn] step 02-add s_3f4570/4: resolved positionally and its only recorded effect is the fill's own echo — the effect gate cannot tell right element from wrong here
[sitelooper warn] 02-add s_3f4570/8: read 'part_name' returned a value the skill itself set/selected ('fwrd80-spec RD Part A') — confirms the control, not persistence; dropped from the report's confident values
[sitelooper warn] 02-add s_3f4570/14: read 'part_row_1' returned a value the skill itself set/selected ('fwrd80-spec RD Part A') — confirms the control, not persistence; dropped from the report's confident values
[sitelooper step] 02-add
[sitelooper warn] step 03-add s_3f4570/2: resolved positionally and its only recorded effect is the fill's own echo — the effect gate cannot tell right element from wrong here
[sitelooper warn] step 03-add s_3f4570/3: resolved positionally and its only recorded effect is the fill's own echo — the effect gate cannot tell right element from wrong here
[sitelooper warn] step 03-add s_3f4570/4: resolved positionally and its only recorded effect is the fill's own echo — the effect gate cannot tell right element from wrong here
[sitelooper drift] 03-add s_3f4570/8 target: primary locator('section > div > table > tbody > tr > td:nth-of-type(1)') missed; used #2 locator('[data-testid="part-row-p18"] td').first() (#1 ambiguous)
[sitelooper drift] 03-add s_3f4570/14 target: primary locator('section > div > table > tbody > tr > td:nth-of-type(1)') missed; used #2 locator('[data-testid="part-row-p18"] td').first() (#1 ambiguous)
[sitelooper step] 03-add
[sitelooper warn] step 04-edit s_f1d87b/2: resolved positionally and its only recorded effect is the fill's own echo — the effect gate cannot tell right element from wrong here
[sitelooper step] 04-edit
[sitelooper step] 05-change
[sitelooper warn] 06-edit s_aa18a0/13: read 'part_a_supplier' returned a value the skill itself set/selected ('Acme Supply') — confirms the control, not persistence; dropped from the report's confident values
[sitelooper step] 06-edit
[sitelooper warn] 07-delete s_33cdaf/5: read 'bench_ref' returned a value the skill itself set/selected ('fwrd80-spec') — confirms the control, not persistence; dropped from the report's confident values
[sitelooper step] 07-delete
  ✓  1 fwrd80.spec.ts:9:1 › fwrd80 (32.6s)

  1 passed (35.0s)
