
Running 1 test using 1 worker

[sitelooper warn] 01-open s_3befe0/6: read 'ticket_title' returned a value the skill itself set/selected ('fwrd76-spec RD Bench Ticket') — confirms the control, not persistence; dropped from the report's confident values
[sitelooper warn] 01-open s_3befe0/7: read 'ticket_customer' returned a value the skill itself set/selected ('Bench Customer') — confirms the control, not persistence; dropped from the report's confident values
[sitelooper step] 01-open
[sitelooper warn] 02-open s_202419/10: read 'part_name' returned a value the skill itself set/selected ('fwrd76-spec RD Part A') — confirms the control, not persistence; dropped from the report's confident values
[sitelooper warn] 02-open s_202419/14: read 'part_supplier' returned a value the skill itself set/selected ('Bench Supplier') — confirms the control, not persistence; dropped from the report's confident values
[sitelooper warn] 02-open s_202419/16: read 'part_row_name' returned a value the skill itself set/selected ('fwrd76-spec RD Part A') — confirms the control, not persistence; dropped from the report's confident values
[sitelooper warn] 02-open s_202419/20: read 'part_row_supplier' returned a value the skill itself set/selected ('Bench Supplier') — confirms the control, not persistence; dropped from the report's confident values
[sitelooper step] 02-open
[sitelooper step] 03-add
[sitelooper step] 04-edit
[sitelooper step] 05-change
[sitelooper step] 06-create
[sitelooper step] 07-delete
[sitelooper warn] 08-open s_010f58/4: read 'ref_2' returned a value the skill itself set/selected ('fwrd76-spec') — confirms the control, not persistence; dropped from the report's confident values
[sitelooper step] 08-open
[sitelooper warn] 09-report s_60e04a/6: read 'ref' returned a value the skill itself set/selected ('fwrd76-spec') — confirms the control, not persistence; dropped from the report's confident values
[sitelooper step] 09-report
  ✓  1 fwrd76.spec.ts:9:1 › fwrd76 (36.0s)

  1 passed (37.9s)
