
[sweep] run 1/3: fwrd47-n1 (store: /home/user/sitelooper/bench/results/fwrd47-skills)
[harness] repairdesk: defaulting APP_URL
[harness] repairdesk: defaulting APP_EMAIL
[harness] repairdesk: defaulting APP_PASSWORD
[reset] repairdesk: reloaded seed via http://127.0.0.1:4180/__reset
[harness] repairdesk responded 200 at http://127.0.0.1:4180/
stopped: fwrd47-n1
  flow "fwrd47" saved: 6 step(s), vars runid → /home/user/sitelooper/bench/results/flows/fwrd47.json
  warning: note: dropped 9 locator candidate(s) carrying a value this run minted (known only by export time)
  warning: warning: 83 other value(s) the run saw survived unslotted, judged by shape only (usually page copy; non-fatal):
  flow.steps[4].instruction: "Ready" (output) in "On the repair-desk app, open the ticket '{{runid}} RD Bench Ticket' (reference {{01-open.ticket_reference}}) and change its status to 'Ready'. The app enforces "
  flow.steps[5].instruction: "Ready" (output) in "On the repair-desk app, open the ticket '{{runid}} RD Bench Ticket' (reference {{01-open.ticket_reference}}, currently status Ready). Remove both parts from the"
  flow.steps[5].params.v4: "Ready" (output) in "Ready"
  s_14e714.reportTemplate.summary: "$100.00" (output) in "Opened ticket {{v3}} ('{{v1}}') from the tickets list, added part '{{v2}} RD Part A' with cost 100 and markup 25 via the Add part dialog, and confirmed it appea"
  s_14e714.reportTemplate.summary: "$125.00" (output) in "Opened ticket {{v3}} ('{{v1}}') from the tickets list, added part '{{v2}} RD Part A' with cost 100 and markup 25 via the Add part dialog, and confirmed it appea"
arm=sitelooper model=z-ai/glm-5.3 runid=fwrd47-n1 stop=completed
turns=7 wall=680.4s
commands=6 cmdTime=599.8s cmdBytes=5112 timeouts=0
orchestrator in=10649 cw=0 cr=13440 out=1855
inner prompt=1041160 cached=942464 completion=8875
spend=$0.4488 maxUsd=2
learn: A_n=0 replayed=0/6 full=0 repaired=0 compiled=6 variants=0
-> /home/user/sitelooper/bench/results/fwrd47-n1-sitelooper-result.json

=== fwrd47-n1 === (run self-reported: completed)
  obj 1  PASS  seq 1: ticket t15 (RD-1015) "fwrd47-n1 RD Bench Ticket"
  obj 2  PASS  seq 2 p18 cost=100 markup=25 price=125.00
  obj 3  PASS  seq 3 p19 cost=200 markup=25 price=250.00
  obj 4  PASS  seq 4: cost 100 -> 150, price 125.00 -> 187.50 (want 187.50), after the create at seq 2
  obj 5  PASS  seq 7: status Draft -> Ready
  obj 6  PASS  part A deleted, part B deleted, archive entry at seq 10; state: 0 part(s) surviving, ticket t15 archived=true
  claim 2  ok — run reported 125.00, app recorded 125.00
  claim 3  ok — run reported 250.00, app recorded 250.00
  claim 4  ok — run reported 187.50, app recorded 187.50
  summary: 6/6 objectives PASS, 0 price claim mismatch(es), 0 duplicate ticket(s)

App state: 15 tickets total, 1 left by benchmark runs (0 still active), 17 parts total, 10 mutation log entries.

[sweep] run 2/3: fwrd47-n2 (replay flow fwrd47, no orchestrator)
[reset] repairdesk: reloaded seed via http://127.0.0.1:4180/__reset
[sweep] fwrd47-n2: 2 drift ticket(s) → fwrd47-n2-drift.json

=== fwrd47-n2 === (run self-reported: no result file)
  note: no result file in /home/user/sitelooper/bench/results — objectives are still scored from the log,
        but the run's claimed prices cannot be cross-checked.
  obj 1  PASS  seq 1: ticket t15 (RD-1016) "fwrd47-n2 RD Bench Ticket"
  obj 2  PASS  seq 2 p18 cost=100 markup=25 price=125.00
  obj 3  PASS  seq 3 p19 cost=200 markup=25 price=250.00
  obj 4  PASS  seq 4: cost 100 -> 150, price 125.00 -> 187.50 (want 187.50), after the create at seq 2
  obj 5  PASS  seq 7: status Draft -> Ready
  obj 6  PASS  part A deleted, part B deleted, archive entry at seq 10; state: 0 part(s) surviving, ticket t15 archived=true
  claim 2  no claim parsed from the run's final report
  claim 3  no claim parsed from the run's final report
  claim 4  no claim parsed from the run's final report
  summary: 6/6 objectives PASS, 0 price claim mismatch(es), 0 duplicate ticket(s)

App state: 15 tickets total, 1 left by benchmark runs (0 still active), 17 parts total, 10 mutation log entries.

[sweep] run 3/3: fwrd47-n3 (replay flow fwrd47, no orchestrator)
[reset] repairdesk: reloaded seed via http://127.0.0.1:4180/__reset
[sweep] fwrd47-n3: 2 drift ticket(s) → fwrd47-n3-drift.json

=== fwrd47-n3 === (run self-reported: no result file)
  note: no result file in /home/user/sitelooper/bench/results — objectives are still scored from the log,
        but the run's claimed prices cannot be cross-checked.
  obj 1  PASS  seq 1: ticket t15 (RD-1017) "fwrd47-n3 RD Bench Ticket"
  obj 2  PASS  seq 2 p18 cost=100 markup=25 price=125.00
  obj 3  PASS  seq 3 p19 cost=200 markup=25 price=250.00
  obj 4  PASS  seq 4: cost 100 -> 150, price 125.00 -> 187.50 (want 187.50), after the create at seq 2
  obj 5  PASS  seq 7: status Draft -> Ready
  obj 6  PASS  part A deleted, part B deleted, archive entry at seq 10; state: 0 part(s) surviving, ticket t15 archived=true
  claim 2  no claim parsed from the run's final report
  claim 3  no claim parsed from the run's final report
  claim 4  no claim parsed from the run's final report
  summary: 6/6 objectives PASS, 0 price claim mismatch(es), 0 duplicate ticket(s)

App state: 15 tickets total, 1 left by benchmark runs (0 still active), 17 parts total, 10 mutation log entries.

Learning sweep fwrd47 (K=3)
┌─────────┬───┬─────────────┬──────────┬─────────────┬───────┬──────┬───────────┬─────┬──────────────┬────────┐
│ (index) │ n │ runid       │ verified │ stop        │ turns │ cmds │ total_usd │ A_n │ replayed     │ wall_s │
├─────────┼───┼─────────────┼──────────┼─────────────┼───────┼──────┼───────────┼─────┼──────────────┼────────┤
│ 0       │ 1 │ 'fwrd47-n1' │ '6/6'    │ 'completed' │ 7     │ 6    │ 0.4488    │ 0   │ '0/6'        │ 680    │
│ 1       │ 2 │ 'fwrd47-n2' │ '6/6'    │ 'success'   │ 0     │ 6    │ 0         │ 1   │ '6/6 (flow)' │ 18     │
│ 2       │ 3 │ 'fwrd47-n3' │ '6/6'    │ 'success'   │ 0     │ 6    │ 0         │ 1   │ '6/6 (flow)' │ 18     │
└─────────┴───┴─────────────┴──────────┴─────────────┴───────┴──────┴───────────┴─────┴──────────────┴────────┘
http://127.0.0.1:4180
  s_9154f8  validated    2 steps  3/3 (100%)
           Open {{v2}} and sign in with email {{v3}} and password {{v4}}. Then create a new ticket titled exactly '{{v1}}…
  s_b58d70  validated   11 steps  3/3 (100%)
           Open {{v2}} and sign in with email {{v3}} and password {{v4}}. Then create a new ticket titled exactly '{{v1}}…
  s_06e924  validated    2 steps  3/3 (100%)
           Open {{v2}} and sign in with email {{v3}} and password {{v4}}. Then create a new ticket titled exactly '{{v1}}…
  s_14e714  validated   12 steps  3/3 (100%)
           On the repair-desk app, open the ticket '{{v1}}' (reference {{v3}}) and add a part named exactly '{{v2}} RD Pa…
  s_717284  validated    1 steps  3/3 (100%)
           On the repair-desk app, open the ticket '{{v1}}' (reference {{v3}}) and add a part named exactly '{{v2}} RD Pa…
  s_7b62e7  validated   13 steps  3/3 (100%)
           On the repair-desk app, open the ticket '{{v1}}' (reference {{v3}}) and add a second part named exactly '{{v2}…
  s_c613c8  validated   11 steps  3/3 (100%)
           On the repair-desk app, open the ticket '{{v1}}' (reference {{v3}}) and edit the part '{{v4}}' to change its c…
  s_fd6255  validated   14 steps  3/3 (100%)
           On the repair-desk app, open the ticket '{{v1}}' (reference {{v3}}) and change its status to 'Ready'. The app …
  s_898918  validated    4 steps  3/3 (100%)
           On the repair-desk app, open the ticket '{{v1}}' (reference {{v3}}, currently status {{v4}}). Remove both part…
  s_299d3e  validated    8 steps  3/3 (100%)
           On the repair-desk app, open the ticket '{{v1}}' (reference {{v3}}, currently status {{v4}}). Remove both part…
store: /home/user/sitelooper/bench/results/fwrd47-skills

summary: /home/user/sitelooper/bench/results/fwrd47-sweep.json
