
Running 1 test using 1 worker

[sitelooper step] 01-open
[sitelooper step] 02-add
[sitelooper step] 03-add
[sitelooper step] 04-edit
[sitelooper step] 05-set
[sitelooper step] 06-edit
[sitelooper step] 07-delete
[sitelooper step] 08-verify
  ✓  1 fwrd58.spec.ts:9:1 › fwrd58 (39.3s)

  1 passed (41.3s)
[sitelooper warn] 02-add s_b63ec2/10: read 'part_name' returned a value the skill itself set/selected ('fwrd58-spec RD Part A') — confirms the control, not persistence; dropped from the report's confident values
[sitelooper skip] 02-add s_b63ec2/15 target: no locator recorded — value left empty
[sitelooper skip] 02-add s_b63ec2/16 target: read target not found — value left empty
[sitelooper skip] 02-add s_b63ec2/17 target: read target not found — value left empty
[sitelooper skip] 02-add s_b63ec2/18 target: read target not found — value left empty
[sitelooper drift] 03-add s_b63ec2/10 target: primary locator('section > div > table > tbody > tr > td:nth-of-type(1)') missed; used #2 locator('[data-testid="part-row-p18"] td').first() (#1 ambiguous)
[sitelooper skip] 03-add s_b63ec2/15 target: no locator recorded — value left empty
[sitelooper warn] 06-edit s_c3e7f2/11: read 'part_a_supplier' returned a value the skill itself set/selected ('Acme Supplies') — confirms the control, not persistence; dropped from the report's confident values
[sitelooper skip] 06-edit s_c3e7f2/16 target: read target not found — value left empty
