
Running 1 test using 1 worker

[sitelooper step] 01-open
[sitelooper step] 02-add
[sitelooper step] 03-add
[sitelooper step] 04-edit
[sitelooper step] 05-set
[sitelooper step] 06-edit
[sitelooper step] 07-remove
[sitelooper step] 08-open
  ✓  1 fwrd57.spec.ts:9:1 › fwrd57 (52.3s)

  1 passed (55.1s)
[sitelooper skip] 01-open s_916471/7 target: no locator recorded — value left empty
[sitelooper warn] 02-add s_f66b0c/11: read 'part_name' returned a value the skill itself set/selected ('fwrd57-spec RD Part A') — confirms the control, not persistence; dropped from the report's confident values
[sitelooper skip] 02-add s_f66b0c/15 target: read target not found — value left empty
[sitelooper skip] 02-add s_f66b0c/16 target: read target not found — value left empty
[sitelooper skip] 02-add s_f66b0c/18 target: read target not found — value left empty
[sitelooper skip] 02-add s_f66b0c/19 target: read target not found — value left empty
[sitelooper drift] 03-add s_f66b0c/11 target: primary locator('section > div > table > tbody > tr > td:nth-of-type(1)') missed; used #2 locator('[data-testid="part-row-p18"] td').first() (#1 ambiguous)
[sitelooper warn] 06-edit s_b500ea/11: read 'part_a_supplier' returned a value the skill itself set/selected ('Acme Parts') — confirms the control, not persistence; dropped from the report's confident values
[sitelooper skip] 06-edit s_b500ea/13 target: read target not found — value left empty
[sitelooper skip] 08-open s_4e42a4/2 target: read target not found — value left empty
[sitelooper skip] 08-open s_4e42a4/5 target: read target not found — value left empty
