
[sweep] run 1/3: fwrd60-n1 (store: /home/user/sitelooper/bench/results/fwrd60-skills)
[harness] repairdesk: defaulting APP_URL
[harness] repairdesk: defaulting APP_EMAIL
[harness] repairdesk: defaulting APP_PASSWORD
[reset] repairdesk: reloaded seed via http://127.0.0.1:4180/__reset
[harness] repairdesk responded 200 at http://127.0.0.1:4180/
stopped: fwrd60-n1
  flow "fwrd60" saved: 7 step(s), vars runid → /home/user/sitelooper/bench/results/flows/fwrd60.json
  warning: note: dropped 3 locator candidate(s) carrying a value this run minted (known only by export time)
  warning: warning: 53 other value(s) the run saw survived unslotted, judged by shape only (usually page copy; non-fatal):
  s_296ece.steps[5].locators.target[1].text: "Not recorded" (output) in "Customer: Not recorded · Raised 2026-09-16"
  s_296ece.steps[5].locators.target[1].text: "2026-09-16" (output) in "Customer: Not recorded · Raised 2026-09-16"
  s_296ece.reportTemplate.summary: "No parts on this ticket yet." (output) in "Signed in as {{v3}} and created a new ticket titled '{{v5}}'. The form required only the Title field (Customer was optional). After saving, the app assigned ref"
  s_296ece.reportTemplate.summary: "Not recorded" (output) in "Signed in as {{v3}} and created a new ticket titled '{{v5}}'. The form required only the Title field (Customer was optional). After saving, the app assigned ref"
  s_296ece.reportTemplate.summary: "2026-09-16" (output) in "Signed in as {{v3}} and created a new ticket titled '{{v5}}'. The form required only the Title field (Customer was optional). After saving, the app assigned ref"
arm=sitelooper model=z-ai/glm-5.3 runid=fwrd60-n1 stop=completed
turns=8 wall=222.0s
commands=7 cmdTime=173.0s cmdBytes=5901 timeouts=0
orchestrator in=8891 cw=0 cr=22624 out=2211
inner prompt=1133946 cached=1034112 completion=11995
spend=$0.0533 maxUsd=3
learn: A_n=0.177 replayed=1/7 full=1 repaired=0 compiled=6 variants=0
-> /home/user/sitelooper/bench/results/fwrd60-n1-sitelooper-result.json

=== fwrd60-n1 === (run self-reported: completed)
  obj 1  PASS  seq 1: ticket t15 (RD-1015) "fwrd60-n1 RD Bench Ticket"
  obj 2  PASS  seq 2 p18 cost=100 markup=25 price=125.00
  obj 3  PASS  seq 3 p19 cost=200 markup=25 price=250.00
  obj 4  PASS  seq 4: cost 100 -> 150, price 125.00 -> 187.50 (want 187.50), after the create at seq 2
  obj 5  PASS  seq 7: status Draft -> Ready
  obj 6  PASS  part A deleted, part B deleted, archive entry at seq 10; state: 0 part(s) surviving, ticket t15 archived=true
  claim 2  ok — run reported 125.00, app recorded 125.00
  claim 3  ok — run reported 250.00, app recorded 250.00
  claim 4  ok — run reported 187.50, app recorded 187.50
  summary: 6/6 objectives PASS, 0 price claim mismatch(es), 0 duplicate ticket(s)

App state: 15 tickets total, 1 left by benchmark runs (0 still active), 17 parts total, 10 mutation log entries.

[sweep] run 2/3: fwrd60-n2 (replay flow fwrd60, no orchestrator)
[reset] repairdesk: reloaded seed via http://127.0.0.1:4180/__reset
[sweep] fwrd60-n2: 3 drift ticket(s) → fwrd60-n2-drift.json

=== fwrd60-n2 === (run self-reported: no result file)
  note: no result file in /home/user/sitelooper/bench/results — objectives are still scored from the log,
        but the run's claimed prices cannot be cross-checked.
  obj 1  PASS  seq 1: ticket t15 (RD-1016) "fwrd60-n2 RD Bench Ticket"
  obj 2  PASS  seq 2 p18 cost=100 markup=25 price=125.00
  obj 3  PASS  seq 3 p19 cost=200 markup=25 price=250.00
  obj 4  PASS  seq 4: cost 100 -> 150, price 125.00 -> 187.50 (want 187.50), after the create at seq 2
  obj 5  PASS  seq 7: status Draft -> Ready
  obj 6  PASS  part A deleted, part B deleted, archive entry at seq 10; state: 0 part(s) surviving, ticket t15 archived=true
  claim 2  no claim parsed from the run's final report
  claim 3  no claim parsed from the run's final report
  claim 4  no claim parsed from the run's final report
  summary: 6/6 objectives PASS, 0 price claim mismatch(es), 0 duplicate ticket(s)

App state: 15 tickets total, 1 left by benchmark runs (0 still active), 17 parts total, 10 mutation log entries.

[sweep] run 3/3: fwrd60-n3 (replay flow fwrd60, no orchestrator)
[reset] repairdesk: reloaded seed via http://127.0.0.1:4180/__reset
[sweep] fwrd60-n3: 4 drift ticket(s) → fwrd60-n3-drift.json

=== fwrd60-n3 === (run self-reported: no result file)
  note: no result file in /home/user/sitelooper/bench/results — objectives are still scored from the log,
        but the run's claimed prices cannot be cross-checked.
  obj 1  PASS  seq 1: ticket t15 (RD-1017) "fwrd60-n3 RD Bench Ticket"
  obj 2  PASS  seq 2 p18 cost=100 markup=25 price=125.00
  obj 3  PASS  seq 3 p19 cost=200 markup=25 price=250.00
  obj 4  PASS  seq 4: cost 100 -> 150, price 125.00 -> 187.50 (want 187.50), after the create at seq 2
  obj 5  PASS  seq 7: status Draft -> Ready
  obj 6  PASS  part A deleted, part B deleted, archive entry at seq 10; state: 0 part(s) surviving, ticket t15 archived=true
  claim 2  no claim parsed from the run's final report
  claim 3  no claim parsed from the run's final report
  claim 4  no claim parsed from the run's final report
  summary: 6/6 objectives PASS, 0 price claim mismatch(es), 0 duplicate ticket(s)

App state: 15 tickets total, 1 left by benchmark runs (0 still active), 17 parts total, 10 mutation log entries.

Learning sweep fwrd60 (K=3)
┌─────────┬───┬─────────────┬──────────┬─────────────┬───────┬──────┬───────────┬───────┬──────────────┬────────┐
│ (index) │ n │ runid       │ verified │ stop        │ turns │ cmds │ total_usd │ A_n   │ replayed     │ wall_s │
├─────────┼───┼─────────────┼──────────┼─────────────┼───────┼──────┼───────────┼───────┼──────────────┼────────┤
│ 0       │ 1 │ 'fwrd60-n1' │ '6/6'    │ 'completed' │ 8     │ 7    │ 0.0533    │ 0.177 │ '1/7'        │ 222    │
│ 1       │ 2 │ 'fwrd60-n2' │ '6/6'    │ 'success'   │ 0     │ 7    │ 0         │ 1     │ '7/7 (flow)' │ 22     │
│ 2       │ 3 │ 'fwrd60-n3' │ '6/6'    │ 'success'   │ 0     │ 7    │ 0         │ 1     │ '7/7 (flow)' │ 26     │
└─────────┴───┴─────────────┴──────────┴─────────────┴───────┴──────┴───────────┴───────┴──────────────┴────────┘
http://127.0.0.1:4180
  s_b2e153  validated   14 steps  6/6 (100%)
           On the ticket detail page for ticket '{{v1}}' (ref {{v3}}), add a part named '{{v4}}' with cost {{v5}} and mar…
  s_296ece  validated    7 steps  3/3 (100%)
           Open {{v2}} and sign in with email {{v3}} and password {{v4}}. Then create a new ticket titled '{{v5}}', filli…
  s_347302  validated    2 steps  3/3 (100%)
           Verify the final state of the app: on the tickets list, confirm that no ticket matching '{{v1}}' appears in th…
  s_4e4858  validated   11 steps  3/3 (100%)
           On the ticket detail page for ticket '{{v1}}' (ref {{v3}}), attempt to set the ticket's status to 'Ready' (the…
  s_57ab57  validated   12 steps  3/3 (100%)
           On the ticket detail page for ticket '{{v1}}' (ref {{v3}}), delete both parts: '{{v4}}' and '{{v5}}'. Wait for…
  s_6223d0  validated    1 steps  3/3 (100%)
           Open {{v2}} and sign in with email {{v3}} and password {{v4}}. Then create a new ticket titled '{{v5}}', filli…
  s_7b1c17  validated    3 steps  3/3 (100%)
           Verify the final state of the app: on the tickets list, confirm that no ticket matching '{{v1}}' appears in th…
  s_8a4662  validated    4 steps  3/3 (100%)
           Open {{v2}} and sign in with email {{v3}} and password {{v4}}. Then create a new ticket titled '{{v5}}', filli…
  s_902c11  validated    3 steps  3/3 (100%)
           Open {{v2}} and sign in with email {{v3}} and password {{v4}}. Then create a new ticket titled '{{v5}}', filli…
  s_ac065e  validated    5 steps  3/3 (100%)
           On the ticket detail page for ticket '{{v1}}' (ref {{v3}}), edit the part named '{{v4}}' and change its cost f…
  s_d0386a  validated    4 steps  3/3 (100%)
           On the ticket detail page for ticket '{{v1}}' (ref {{v3}}), delete both parts: '{{v4}}' and '{{v5}}'. Wait for…
store: /home/user/sitelooper/bench/results/fwrd60-skills

summary: /home/user/sitelooper/bench/results/fwrd60-sweep.json
SWEEP_EXIT_CODE=0
