
[sweep] run 1/3: fwrd67-n1 (store: /home/user/sitelooper/bench/results/fwrd67-skills)
[harness] repairdesk: defaulting APP_URL
[harness] repairdesk: defaulting APP_EMAIL
[harness] repairdesk: defaulting APP_PASSWORD
[reset] repairdesk: reloaded seed via http://127.0.0.1:4180/__reset
[harness] repairdesk responded 200 at http://127.0.0.1:4180/
stopped: fwrd67-n1
  flow "fwrd67" saved: 8 step(s), vars runid → /home/user/sitelooper/bench/results/flows/fwrd67.json
  warning: note: dropped 3 locator candidate(s) carrying a value this run minted (known only by export time)
  warning: note: 01-open no longer publishes internal_id, create_form_fields — no replay reads them from the page and the recording showed no line to read
  warning: note: 08-report no longer publishes page_range_label — no replay reads it from the page and the recording showed no line to read
  warning: warning: 33 other value(s) the run saw survived unslotted, judged by shape only (usually page copy; non-fatal):
  s_011e22.steps[2].args.value: "Bench Test Co" (output) in "Bench Test Co"
  s_072633.reportTemplate.summary: "t15" (url) in "On the {{v1}} ticket detail page (t15) I clicked Edit on Part A's row, which opened the \"Edit part\" dialog prefilled with name \"{{v4}}\", Cost 100, Markup % 25, "
  s_101c1b.reportTemplate.summary: "Bench Test Co" (output) in "Signed in to Repair Desk at {{v2}} as {{v3}}, then created a new ticket via the \"New ticket\" dialog. The create dialog had exactly two fields: \"Title *\" (requir"
  s_101c1b.reportTemplate.summary: "RD-1015" (output) in "Signed in to Repair Desk at {{v2}} as {{v3}}, then created a new ticket via the \"New ticket\" dialog. The create dialog had exactly two fields: \"Title *\" (requir"
  s_101c1b.reportTemplate.summary: "Draft" (output) in "Signed in to Repair Desk at {{v2}} as {{v3}}, then created a new ticket via the \"New ticket\" dialog. The create dialog had exactly two fields: \"Title *\" (requir"
arm=sitelooper model=z-ai/glm-5.3 runid=fwrd67-n1 stop=completed
turns=9 wall=314.8s
commands=8 cmdTime=247.6s cmdBytes=7556 timeouts=0
orchestrator in=5725 cw=0 cr=32192 out=2544
inner prompt=1223140 cached=1118848 completion=14840
spend=$0.0555 maxUsd=3
learn: A_n=0.1 replayed=1/8 full=1 repaired=0 compiled=7 variants=0
-> /home/user/sitelooper/bench/results/fwrd67-n1-sitelooper-result.json

=== fwrd67-n1 === (run self-reported: completed)
  obj 1  PASS  seq 1: ticket t15 (RD-1015) "fwrd67-n1 RD Bench Ticket"
  obj 2  PASS  seq 2 p18 cost=100 markup=25 price=125.00
  obj 3  PASS  seq 3 p19 cost=200 markup=25 price=250.00
  obj 4  PASS  seq 4: cost 100 -> 150, price 125.00 -> 187.50 (want 187.50), after the create at seq 2
  obj 5  PASS  seq 7: status Draft -> Ready
  obj 6  PASS  part A deleted, part B deleted, archive entry at seq 10; state: 0 part(s) surviving, ticket t15 archived=true
  claim 2  ok — run reported 125.00, app recorded 125.00
  claim 3  ok — run reported 250.00, app recorded 250.00
  claim 4  ok — run reported 187.50, app recorded 187.50
  summary: 6/6 objectives PASS, 0 price claim mismatch(es), 0 duplicate ticket(s)

App state: 15 tickets total, 1 left by benchmark runs (0 still active), 17 parts total, 10 mutation log entries.

[sweep] run 2/3: fwrd67-n2 (replay flow fwrd67, no orchestrator)
[reset] repairdesk: reloaded seed via http://127.0.0.1:4180/__reset

=== fwrd67-n2 === (run self-reported: no result file)
  note: no result file in /home/user/sitelooper/bench/results — objectives are still scored from the log,
        but the run's claimed prices cannot be cross-checked.
  obj 1  PASS  seq 1: ticket t15 (RD-1016) "fwrd67-n2 RD Bench Ticket"
  obj 2  PASS  seq 2 p18 cost=100 markup=25 price=125.00
  obj 3  PASS  seq 3 p19 cost=200 markup=25 price=250.00
  obj 4  PASS  seq 4: cost 100 -> 150, price 125.00 -> 187.50 (want 187.50), after the create at seq 2
  obj 5  PASS  seq 7: status Draft -> Ready
  obj 6  PASS  part A deleted, part B deleted, archive entry at seq 10; state: 0 part(s) surviving, ticket t15 archived=true
  claim 2  no claim parsed from the run's final report
  claim 3  no claim parsed from the run's final report
  claim 4  no claim parsed from the run's final report
  summary: 6/6 objectives PASS, 0 price claim mismatch(es), 0 duplicate ticket(s)

App state: 15 tickets total, 1 left by benchmark runs (0 still active), 17 parts total, 10 mutation log entries.

[sweep] run 3/3: fwrd67-n3 (replay flow fwrd67, no orchestrator)
[reset] repairdesk: reloaded seed via http://127.0.0.1:4180/__reset

=== fwrd67-n3 === (run self-reported: no result file)
  note: no result file in /home/user/sitelooper/bench/results — objectives are still scored from the log,
        but the run's claimed prices cannot be cross-checked.
  obj 1  PASS  seq 1: ticket t15 (RD-1017) "fwrd67-n3 RD Bench Ticket"
  obj 2  PASS  seq 2 p18 cost=100 markup=25 price=125.00
  obj 3  PASS  seq 3 p19 cost=200 markup=25 price=250.00
  obj 4  PASS  seq 4: cost 100 -> 150, price 125.00 -> 187.50 (want 187.50), after the create at seq 2
  obj 5  PASS  seq 7: status Draft -> Ready
  obj 6  PASS  part A deleted, part B deleted, archive entry at seq 10; state: 0 part(s) surviving, ticket t15 archived=true
  claim 2  no claim parsed from the run's final report
  claim 3  no claim parsed from the run's final report
  claim 4  no claim parsed from the run's final report
  summary: 6/6 objectives PASS, 0 price claim mismatch(es), 0 duplicate ticket(s)

App state: 15 tickets total, 1 left by benchmark runs (0 still active), 17 parts total, 10 mutation log entries.

Learning sweep fwrd67 (K=3)
┌─────────┬───┬─────────────┬──────────┬─────────────┬───────┬──────┬───────────┬─────┬──────────────┬────────┐
│ (index) │ n │ runid       │ verified │ stop        │ turns │ cmds │ total_usd │ A_n │ replayed     │ wall_s │
├─────────┼───┼─────────────┼──────────┼─────────────┼───────┼──────┼───────────┼─────┼──────────────┼────────┤
│ 0       │ 1 │ 'fwrd67-n1' │ '6/6'    │ 'completed' │ 9     │ 8    │ 0.0555    │ 0.1 │ '1/8'        │ 315    │
│ 1       │ 2 │ 'fwrd67-n2' │ '6/6'    │ 'success'   │ 0     │ 8    │ 0         │ 1   │ '8/8 (flow)' │ 20     │
│ 2       │ 3 │ 'fwrd67-n3' │ '6/6'    │ 'success'   │ 0     │ 8    │ 0         │ 1   │ '8/8 (flow)' │ 20     │
└─────────┴───┴─────────────┴──────────┴─────────────┴───────┴──────┴───────────┴─────┴──────────────┴────────┘
http://127.0.0.1:4180
  s_c4d4c6  validated    6 steps  6/6 (100%)
           On the ticket detail page for ticket {{v1}} (titled '{{v2}}'), add a part named exactly '{{v4}}' with cost {{v…
  s_011e22  validated    5 steps  3/3 (100%)
           Open {{v2}} and sign in with email {{v3}} and password {{v4}}. Then create a new ticket titled exactly '{{v5}}…
  s_072633  validated    4 steps  3/3 (100%)
           On the ticket detail page for ticket {{v1}} (titled '{{v2}}'), edit the part named '{{v4}}' to change its cost…
  s_101c1b  validated    6 steps  3/3 (100%)
           Open {{v2}} and sign in with email {{v3}} and password {{v4}}. Then create a new ticket titled exactly '{{v5}}…
  s_293f85  validated   10 steps  3/3 (100%)
           On the ticket detail page for ticket {{v1}} (titled '{{v2}}', currently status Ready), delete both parts: dele…
  s_59bd5b  validated    5 steps  3/3 (100%)
           Go to the Tickets list view of the app at {{v4}}. Report whether the ticket '{{v1}}' ({{v3}}) appears in the l…
  s_6a00be  validated    3 steps  3/3 (100%)
           Open {{v2}} and sign in with email {{v3}} and password {{v4}}. Then create a new ticket titled exactly '{{v5}}…
  s_740022  validated    1 steps  3/3 (100%)
           Open {{v2}} and sign in with email {{v3}} and password {{v4}}. Then create a new ticket titled exactly '{{v5}}…
  s_8a81f8  validated   10 steps  3/3 (100%)
           On the ticket detail page for ticket {{v1}} (titled '{{v2}}'), satisfy the precondition for marking the ticket…
  s_aeeae8  validated    3 steps  3/3 (100%)
           On the ticket detail page for ticket {{v1}} (titled '{{v2}}'), attempt to change the ticket's status to 'Ready…
  s_c0072c  validated    1 steps  3/3 (100%)
           Go to the Tickets list view of the app at {{v4}}. Report whether the ticket '{{v1}}' ({{v3}}) appears in the l…
store: /home/user/sitelooper/bench/results/fwrd67-skills

summary: /home/user/sitelooper/bench/results/fwrd67-sweep.json
