
[sweep] run 1/3: fwrd50-n1 (store: /home/user/sitelooper/bench/results/fwrd50-skills)
[harness] repairdesk: defaulting APP_URL
[harness] repairdesk: defaulting APP_EMAIL
[harness] repairdesk: defaulting APP_PASSWORD
[reset] repairdesk: reloaded seed via http://127.0.0.1:4180/__reset
[harness] repairdesk responded 200 at http://127.0.0.1:4180/
stopped: fwrd50-n1
  flow "fwrd50" saved: 7 step(s), vars runid → /home/user/sitelooper/bench/results/flows/fwrd50.json
  warning: note: dropped 4 locator candidate(s) carrying a value this run minted (known only by export time)
  warning: warning: 30 other value(s) the run saw survived unslotted, judged by shape only (usually page copy; non-fatal):
  flow.steps[1].instruction: "100" (output) in "On the ticket detail page for ticket {{01-open.ticket_reference}} (titled '{{runid}} RD Bench Ticket'), add a part named exactly '{{runid}} RD Part A' with cost"
  flow.steps[1].skill: "s_c675d2" (output) in "s_c675d2"
  flow.steps[1].params.v5: "100" (output) in "100"
  flow.steps[2].skill: "s_c675d2" (output) in "s_c675d2"
  flow.steps[3].instruction: "100" (output) in "On the ticket detail page for ticket {{01-open.ticket_reference}}, find the part named '{{runid}} RD Part A' in the parts table. Edit that part to change its co"
arm=sitelooper model=z-ai/glm-5.3 runid=fwrd50-n1 stop=completed
turns=8 wall=354.7s
commands=7 cmdTime=328.9s cmdBytes=4968 timeouts=0
orchestrator in=5279 cw=0 cr=25216 out=2212
inner prompt=1044746 cached=944128 completion=14514
spend=$0.0503 maxUsd=3
learn: A_n=0.111 replayed=1/7 full=1 repaired=0 compiled=6 variants=0
-> /home/user/sitelooper/bench/results/fwrd50-n1-sitelooper-result.json

=== fwrd50-n1 === (run self-reported: completed)
  obj 1  PASS  seq 1: ticket t15 (RD-1015) "fwrd50-n1 RD Bench Ticket"
  obj 2  PASS  seq 2 p18 cost=100 markup=25 price=125.00
  obj 3  PASS  seq 3 p19 cost=200 markup=25 price=250.00
  obj 4  PASS  seq 4: cost 100 -> 150, price 125.00 -> 187.50 (want 187.50), after the create at seq 2
  obj 5  PASS  seq 7: status Draft -> Ready
  obj 6  PASS  part A deleted, part B deleted, archive entry at seq 10; state: 0 part(s) surviving, ticket t15 archived=true
  claim 2  ok — run reported 125.00, app recorded 125.00
  claim 3  ok — run reported 250.00, app recorded 250.00
  claim 4  ok — run reported 187.50, app recorded 187.50
  summary: 6/6 objectives PASS, 0 price claim mismatch(es), 0 duplicate ticket(s)

App state: 15 tickets total, 1 left by benchmark runs (0 still active), 17 parts total, 10 mutation log entries.

[sweep] run 2/3: fwrd50-n2 (replay flow fwrd50, no orchestrator)
[reset] repairdesk: reloaded seed via http://127.0.0.1:4180/__reset
[sweep] fwrd50-n2: 9 drift ticket(s) → fwrd50-n2-drift.json

=== fwrd50-n2 === (run self-reported: no result file)
  note: no result file in /home/user/sitelooper/bench/results — objectives are still scored from the log,
        but the run's claimed prices cannot be cross-checked.
  obj 1  PASS  seq 1: ticket t15 (RD-1016) "fwrd50-n2 RD Bench Ticket"
  obj 2  PASS  seq 2 p18 cost=100 markup=25 price=125.00
  obj 3  PASS  seq 3 p19 cost=200 markup=25 price=250.00
  obj 4  PASS  seq 4: cost 100 -> 150, price 125.00 -> 187.50 (want 187.50), after the create at seq 2
  obj 5  PASS  seq 7: status Draft -> Ready
  obj 6  PASS  part A deleted, part B deleted, archive entry at seq 10; state: 0 part(s) surviving, ticket t15 archived=true
  claim 2  no claim parsed from the run's final report
  claim 3  no claim parsed from the run's final report
  claim 4  no claim parsed from the run's final report
  summary: 6/6 objectives PASS, 0 price claim mismatch(es), 0 duplicate ticket(s)

App state: 15 tickets total, 1 left by benchmark runs (0 still active), 17 parts total, 10 mutation log entries.

[sweep] run 3/3: fwrd50-n3 (replay flow fwrd50, no orchestrator)
[reset] repairdesk: reloaded seed via http://127.0.0.1:4180/__reset
[sweep] fwrd50-n3: 9 drift ticket(s) → fwrd50-n3-drift.json

=== fwrd50-n3 === (run self-reported: no result file)
  note: no result file in /home/user/sitelooper/bench/results — objectives are still scored from the log,
        but the run's claimed prices cannot be cross-checked.
  obj 1  PASS  seq 1: ticket t15 (RD-1017) "fwrd50-n3 RD Bench Ticket"
  obj 2  PASS  seq 2 p18 cost=100 markup=25 price=125.00
  obj 3  PASS  seq 3 p19 cost=200 markup=25 price=250.00
  obj 4  PASS  seq 4: cost 100 -> 150, price 125.00 -> 187.50 (want 187.50), after the create at seq 2
  obj 5  PASS  seq 7: status Draft -> Ready
  obj 6  PASS  part A deleted, part B deleted, archive entry at seq 10; state: 0 part(s) surviving, ticket t15 archived=true
  claim 2  no claim parsed from the run's final report
  claim 3  no claim parsed from the run's final report
  claim 4  no claim parsed from the run's final report
  summary: 6/6 objectives PASS, 0 price claim mismatch(es), 0 duplicate ticket(s)

App state: 15 tickets total, 1 left by benchmark runs (0 still active), 17 parts total, 10 mutation log entries.

Learning sweep fwrd50 (K=3)
┌─────────┬───┬─────────────┬──────────┬─────────────┬───────┬──────┬───────────┬───────┬──────────────┬────────┐
│ (index) │ n │ runid       │ verified │ stop        │ turns │ cmds │ total_usd │ A_n   │ replayed     │ wall_s │
├─────────┼───┼─────────────┼──────────┼─────────────┼───────┼──────┼───────────┼───────┼──────────────┼────────┤
│ 0       │ 1 │ 'fwrd50-n1' │ '6/6'    │ 'completed' │ 8     │ 7    │ 0.0503    │ 0.111 │ '1/7'        │ 355    │
│ 1       │ 2 │ 'fwrd50-n2' │ '6/6'    │ 'success'   │ 14    │ 7    │ 0.0082    │ 0.71  │ '7/7 (flow)' │ 70     │
│ 2       │ 3 │ 'fwrd50-n3' │ '6/6'    │ 'success'   │ 5     │ 7    │ 0.0019    │ 0.86  │ '7/7 (flow)' │ 31     │
└─────────┴───┴─────────────┴──────────┴─────────────┴───────┴──────┴───────────┴───────┴──────────────┴────────┘
http://127.0.0.1:4180
  s_c675d2  validated    7 steps  6/6 (100%)
           On the ticket detail page for ticket {{v1}} (titled '{{v2}}'), add a part named exactly '{{v4}}' with cost {{v…
  s_0098d9  validated    8 steps  3/3 (100%)
           On the ticket detail page for ticket {{v1}} (titled '{{v2}}', currently status Ready), remove both parts: '{{v…
  s_40193b  validated   12 steps  3/3 (100%)
           On the ticket detail page for ticket {{v1}} (titled '{{v2}}'), try to move the ticket to status 'Ready' using …
  s_43353d  validated    2 steps  3/3 (100%)
           Open {{v2}} and sign in with email {{v3}} and password {{v4}}. Then create a new ticket titled exactly '{{v5}}…
  s_6c841e  validated    2 steps  3/3 (100%)
           Open {{v2}} and sign in with email {{v3}} and password {{v4}}. Then create a new ticket titled exactly '{{v5}}…
  s_82feb2  validated    7 steps  3/3 (100%)
           On the ticket detail page for ticket {{v1}}, find the part named '{{v3}}' in the parts table. Edit that part t…
  s_b20a9c  validated    6 steps  3/3 (100%)
           Open {{v2}} and sign in with email {{v3}} and password {{v4}}. Then create a new ticket titled exactly '{{v5}}…
  s_f85b39  validated    5 steps  3/3 (100%)
           Open {{v2}} and sign in with email {{v3}} and password {{v4}}. Then create a new ticket titled exactly '{{v5}}…
  s_49d4bd  demoted      2 steps  1/2 (50%)
           Go to the app's ticket list view at {{v4}}. Verify whether the ticket '{{v1}}' ({{v3}}) appears in the active …
  s_7dcb5b  validated   10 steps  2/2 (100%)  variant of s_49d4bd
           Go to the app's ticket list view at {{v3}}. Verify whether the ticket '{{v1}} RD Bench Ticket' ({{v2}}) appear…
  s_970cb4  validated    2 steps  2/2 (100%)  variant of s_49d4bd
           Go to the app's ticket list view at {{v3}}. Verify whether the ticket '{{v1}} RD Bench Ticket' ({{v2}}) appear…
  s_1aaded  provisional  3 steps  1/1 (100%)
           Go to the app's ticket list view at {{v4}}. Verify whether the ticket '{{v1}}' ({{v3}}) appears in the active …
store: /home/user/sitelooper/bench/results/fwrd50-skills

summary: /home/user/sitelooper/bench/results/fwrd50-sweep.json
SWEEP_EXIT=0
