
Running 1 test using 1 worker

[sitelooper step] 01-open
[sitelooper warn] 02-add s_512297/11: read 'part_name' returned a value the skill itself set/selected ('fwrd74-spec RD Part A') — confirms the control, not persistence; dropped from the report's confident values
[sitelooper warn] 02-add s_512297/15: read 'part_supplier' returned a value the skill itself set/selected ('Bench Supplier Co') — confirms the control, not persistence; dropped from the report's confident values
[sitelooper warn] 02-add s_512297/17: read 'raw_row_text_1' returned a value the skill itself set/selected ('fwrd74-spec RD Part A') — confirms the control, not persistence; dropped from the report's confident values
[sitelooper warn] 02-add s_512297/21: read 'raw_row_text_5' returned a value the skill itself set/selected ('Bench Supplier Co') — confirms the control, not persistence; dropped from the report's confident values
[sitelooper step] 02-add
[sitelooper drift] 03-add s_512297/11 target: primary locator('section > div > table > tbody > tr > td:nth-of-type(1)') missed; used #2 locator('[data-testid="part-row-p18"] td').first() (#1 ambiguous)
[sitelooper warn] 03-add s_512297/15: read 'part_supplier' returned a value the skill itself set/selected ('Bench Supplier Co') — confirms the control, not persistence; dropped from the report's confident values
[sitelooper drift] 03-add s_512297/17 target: primary locator('section > div > table > tbody > tr > td:nth-of-type(1)') missed; used #2 locator('[data-testid="part-row-p18"] td').first() (#1 ambiguous)
[sitelooper warn] 03-add s_512297/21: read 'raw_row_text_5' returned a value the skill itself set/selected ('Bench Supplier Co') — confirms the control, not persistence; dropped from the report's confident values
[sitelooper step] 03-add
[sitelooper step] 04-edit
[sitelooper step] 05-set
[sitelooper step] 06-report
[sitelooper warn] 07-create s_cecbbc/11: read 'action_still_offered' returned a value the skill itself set/selected ('Mark Ready') — confirms the control, not persistence; dropped from the report's confident values
[sitelooper step] 07-create
[sitelooper warn] 08-delete s_34e0ba/4: read 'ticket_reference' returned a value the skill itself set/selected ('RD-1021') — confirms the control, not persistence; dropped from the report's confident values
[sitelooper step] 08-delete
[sitelooper step] 09-archive
  ✓  1 fwrd74.spec.ts:9:1 › fwrd74 (43.3s)

  1 passed (46.2s)
