
[sweep] run 1/3: fwrd83-n1 (store: /home/user/sitelooper/bench/results/fwrd83-skills)
[harness] repairdesk: defaulting APP_URL
[harness] repairdesk: defaulting APP_EMAIL
[harness] repairdesk: defaulting APP_PASSWORD
[reset] repairdesk: reloaded seed via http://127.0.0.1:4180/__reset
[harness] repairdesk responded 200 at http://127.0.0.1:4180/
stopped: fwrd83-n1
  flow "fwrd83" saved: 9 step(s), vars runid → /home/user/sitelooper/bench/results/flows/fwrd83.json
  warning: note: dropped 10 locator candidate(s) carrying a value this run minted (known only by export time)
  warning: note: 03-open no longer publishes ticket_total, required_fields_in_add_part_form — no replay reads them from the page and the recording showed no line to read
  warning: note: 04-add no longer publishes parts_row_count — no replay reads it from the page and the recording showed no line to read
  warning: note: 05-edit no longer publishes parts_total_before_edit — no replay reads it from the page and the recording showed no line to read
  warning: note: 06-change no longer publishes status_after_attempt — no replay reads it from the page and the recording showed no line to read
  warning: note: 07-edit no longer publishes supplier_part_b — no replay reads it from the page and the recording showed no line to read
  warning: note: 09-report no longer publishes matching_ticket_parts_count, checked_result_count — no replay reads them from the page and the recording showed no line to read
  warning: warning: 197 other value(s) the run saw survived unslotted, judged by shape only (usually page copy; non-fatal):
  flow.steps[0].instruction: "bench@example.com" (output) in "Sign in on the login form with email bench@example.com and password bench-pass-1234, then report what page you land on and what is visible"
  flow.steps[0].instruction: "bench-pass-1234" (output) in "Sign in on the login form with email bench@example.com and password bench-pass-1234, then report what page you land on and what is visible"
  flow.steps[0].params.v1: "bench@example.com" (output) in "bench@example.com"
  flow.steps[0].params.v2: "bench-pass-1234" (output) in "bench-pass-1234"
  flow.steps[5].instruction: "Ready" (output) in "On ticket {{02-create.ticket_reference}}'s detail page, try to change the ticket's status to 'Ready' (there should be a status control — a combobox, dropdown, o"
arm=sitelooper model=z-ai/glm-5.3 runid=fwrd83-n1 stop=completed
turns=11 wall=370.9s
commands=10 cmdTime=204.4s cmdBytes=39367 timeouts=0
orchestrator in=25997 cw=0 cr=59776 out=4099
inner prompt=1589147 cached=1484160 completion=17423
spend=$0.1011 maxUsd=3
learn: A_n=0 replayed=0/9 full=0 repaired=0 compiled=9 variants=0
-> /home/user/sitelooper/bench/results/fwrd83-n1-sitelooper-result.json

=== fwrd83-n1 === (run self-reported: completed)
  obj 1  PASS  seq 1: ticket t15 (RD-1015) "fwrd83-n1 RD Bench Ticket"
  obj 2  PASS  seq 2 p18 cost=100 markup=25 price=125.00
  obj 3  PASS  seq 3 p19 cost=200 markup=25 price=250.00
  obj 4  PASS  seq 4: cost 100 -> 150, price 125.00 -> 187.50 (want 187.50), after the create at seq 2
  obj 5  PASS  seq 7: status Draft -> Ready
  obj 6  PASS  part A deleted, part B deleted, archive entry at seq 10; state: 0 part(s) surviving, ticket t15 archived=true
  claim 2  ok — run reported 125.00, app recorded 125.00
  claim 3  ok — run reported 250.00, app recorded 250.00
  claim 4  ok — run reported 187.50, app recorded 187.50
  summary: 6/6 objectives PASS, 0 price claim mismatch(es), 0 duplicate ticket(s)

App state: 15 tickets total, 1 left by benchmark runs (0 still active), 17 parts total, 10 mutation log entries.

[sweep] run 2/3: fwrd83-n2 (replay flow fwrd83, no orchestrator)
[reset] repairdesk: reloaded seed via http://127.0.0.1:4180/__reset
[sweep] fwrd83-n2: 1 drift ticket(s) → fwrd83-n2-drift.json

=== fwrd83-n2 === (run self-reported: no result file)
  note: no result file in /home/user/sitelooper/bench/results — objectives are still scored from the log,
        but the run's claimed prices cannot be cross-checked.
  obj 1  PASS  seq 1: ticket t15 (RD-1016) "fwrd83-n2 RD Bench Ticket"
  obj 2  PASS  seq 2 p18 cost=100 markup=25 price=125.00
  obj 3  PASS  seq 3 p19 cost=200 markup=25 price=250.00
  obj 4  PASS  seq 4: cost 100 -> 150, price 125.00 -> 187.50 (want 187.50), after the create at seq 2
  obj 5  PASS  seq 7: status Draft -> Ready
  obj 6  PASS  part A deleted, part B deleted, archive entry at seq 10; state: 0 part(s) surviving, ticket t15 archived=true
  claim 2  no claim parsed from the run's final report
  claim 3  no claim parsed from the run's final report
  claim 4  no claim parsed from the run's final report
  summary: 6/6 objectives PASS, 0 price claim mismatch(es), 0 duplicate ticket(s)

App state: 15 tickets total, 1 left by benchmark runs (0 still active), 17 parts total, 10 mutation log entries.

[sweep] run 3/3: fwrd83-n3 (replay flow fwrd83, no orchestrator)
[reset] repairdesk: reloaded seed via http://127.0.0.1:4180/__reset
[sweep] fwrd83-n3: 1 drift ticket(s) → fwrd83-n3-drift.json

=== fwrd83-n3 === (run self-reported: no result file)
  note: no result file in /home/user/sitelooper/bench/results — objectives are still scored from the log,
        but the run's claimed prices cannot be cross-checked.
  obj 1  PASS  seq 1: ticket t15 (RD-1017) "fwrd83-n3 RD Bench Ticket"
  obj 2  PASS  seq 2 p18 cost=100 markup=25 price=125.00
  obj 3  PASS  seq 3 p19 cost=200 markup=25 price=250.00
  obj 4  PASS  seq 4: cost 100 -> 150, price 125.00 -> 187.50 (want 187.50), after the create at seq 2
  obj 5  PASS  seq 7: status Draft -> Ready
  obj 6  PASS  part A deleted, part B deleted, archive entry at seq 10; state: 0 part(s) surviving, ticket t15 archived=true
  claim 2  no claim parsed from the run's final report
  claim 3  no claim parsed from the run's final report
  claim 4  no claim parsed from the run's final report
  summary: 6/6 objectives PASS, 0 price claim mismatch(es), 0 duplicate ticket(s)

App state: 15 tickets total, 1 left by benchmark runs (0 still active), 17 parts total, 10 mutation log entries.

Learning sweep fwrd83 (K=3)
┌─────────┬───┬─────────────┬──────────┬─────────────┬───────┬──────┬───────────┬──────┬──────────────┬────────┐
│ (index) │ n │ runid       │ verified │ stop        │ turns │ cmds │ total_usd │ A_n  │ replayed     │ wall_s │
├─────────┼───┼─────────────┼──────────┼─────────────┼───────┼──────┼───────────┼──────┼──────────────┼────────┤
│ 0       │ 1 │ 'fwrd83-n1' │ '6/6'    │ 'completed' │ 11    │ 10   │ 0.1011    │ 0    │ '0/9'        │ 371    │
│ 1       │ 2 │ 'fwrd83-n2' │ '6/6'    │ 'success'   │ 7     │ 9    │ 0.0044    │ 0.89 │ '9/9 (flow)' │ 57     │
│ 2       │ 3 │ 'fwrd83-n3' │ '6/6'    │ 'success'   │ 5     │ 9    │ 0.0043    │ 0.89 │ '9/9 (flow)' │ 55     │
└─────────┴───┴─────────────┴──────────┴─────────────┴───────┴──────┴───────────┴──────┴──────────────┴────────┘
http://127.0.0.1:4180
  s_2f4efc  validated   12 steps  3/3 (100%)
           Create a new repair ticket titled exactly '{{v2}}' using the New ticket button. Fill in any required fields th…
  s_3c2736  validated   24 steps  3/3 (100%)
           On ticket {{v1}}'s detail page, satisfy the precondition for the Ready status: assign a supplier to BOTH parts…
  s_4522c1  validated   14 steps  3/3 (100%)
           Open the ticket '{{v1}}' (ref {{v3}}) from the ticket list. On its detail page, add a part named exactly '{{v4…
  s_767aa8  validated    3 steps  3/3 (100%)
           Sign in on the login form with email {{v1}} and password {{v2}}, then report what page you land on and what is…
  s_854d4c  validated   10 steps  3/3 (100%)
           On ticket {{v1}}'s detail page (currently status {{v2}}), remove BOTH parts: '{{v3}}' and '{{v5}}'. Use each p…
  s_a4f186  validated    6 steps  3/3 (100%)
           Sign in on the login form with email {{v1}} and password {{v2}}, then report what page you land on and what is…
  s_a6d616  validated   15 steps  3/3 (100%)
           On ticket {{v1}}'s detail page (http://127.0.0.1:4180/#/tickets/{{v1}}), add a second part named exactly '{{v3…
  s_a82bc3  validated   12 steps  3/3 (100%)
           Verification only, no mutations: on the tickets list page, search for '{{v1}}' with 'Show archived' UNCHECKED …
  s_abe7ca  validated    5 steps  3/3 (100%)
           On ticket {{v1}}'s detail page (currently status {{v2}}), remove BOTH parts: '{{v3}}' and '{{v5}}'. Use each p…
  s_be8535  validated    1 steps  3/3 (100%)
           Open the ticket '{{v1}}' (ref {{v3}}) from the ticket list. On its detail page, add a part named exactly '{{v4…
  s_e0c2f7  validated   11 steps  3/3 (100%)
           On ticket {{v1}}'s detail page, edit the part named '{{v2}}' so its cost changes from 100 to {{v4}} (keep mark…
  s_3e390a  provisional 12 steps  1/2 (50%)
           On ticket {{v1}}'s detail page, try to change the ticket's status to 'Ready' (there should be a status control…
  s_a2f25d  provisional 14 steps  1/2 (50%)  variant of s_3e390a
           On ticket {{v1}}'s detail page, try to change the ticket's status to 'Ready' (there should be a status control…
  s_ad86c5  provisional 18 steps  1/1 (100%)  variant of s_a2f25d
           On ticket {{v1}}'s detail page, try to change the ticket's status to 'Ready' (there should be a status control…
store: /home/user/sitelooper/bench/results/fwrd83-skills

summary: /home/user/sitelooper/bench/results/fwrd83-sweep.json
