
[sweep] run 1/3: fwrd53-n1 (store: /home/user/sitelooper/bench/results/fwrd53-skills)
[harness] repairdesk: defaulting APP_URL
[harness] repairdesk: defaulting APP_EMAIL
[harness] repairdesk: defaulting APP_PASSWORD
[reset] repairdesk: reloaded seed via http://127.0.0.1:4180/__reset
[harness] repairdesk responded 200 at http://127.0.0.1:4180/
stopped: fwrd53-n1
  flow "fwrd53" saved: 7 step(s), vars runid → /home/user/sitelooper/bench/results/flows/fwrd53.json
  warning: note: dropped 7 locator candidate(s) carrying a value this run minted (known only by export time)
  warning: warning: contradicted-step: 07-report read archived_filter_control "checkbox "Show archived"" right after 06-remove reported "Show archived checkbox"; 06-remove's change may not have landed and a later step may be retrying it. Re-record 06-remove.
  warning: warning: 152 other value(s) the run saw survived unslotted, judged by shape only (usually page copy; non-fatal):
  flow.steps[4].instruction: "Ready" (output) in "On the ticket '{{runid}} RD Bench Ticket' (reference {{01-open.ticket_reference}}) in the repair-desk app, the goal is to get the ticket's status to 'Ready'. Th"
  flow.steps[6].outputs[3]: "RD-1015" (output) in "archived_row_RD-1015"
  flow.steps[6].outputs[21]: "RD-1015" (output) in "archived_row_RD-1015_exact_cells"
  flow.warnings[0]: "checkbox \"Show archived\"" (output) in "contradicted-step: 07-report read archived_filter_control \"checkbox \"Show archived\"\" right after 06-remove reported \"Show archived checkbox\"; 06-remove's change"
  flow.warnings[0]: "Show archived checkbox" (output) in "contradicted-step: 07-report read archived_filter_control \"checkbox \"Show archived\"\" right after 06-remove reported \"Show archived checkbox\"; 06-remove's change"
  warning: 01-open reports status, parts, list_summary, but s_5a78e3 re-reads none of them from the page — a replay without the model will succeed without those values; re-record so they are read.
  warning: 02-open reports part_quantity, parts_total, but s_421187 re-reads none of them from the page — a replay without the model will succeed without those values; re-record so they are read.
  warning: 03-add reports part_b_quantity, but s_325988 re-reads none of it from the page — a replay without the model will succeed without that value; re-record so it is read.
  warning: 04-edit reports part_a_quantity, but s_d6225d re-reads none of it from the page — a replay without the model will succeed without that value; re-record so it is read.
  warning: 05-change reports final_status, status_buttons_after, but s_440ede re-reads none of them from the page — a replay without the model will succeed without those values; re-record so they are read.
  warning: 06-remove reports parts_table_after_delete, status_on_detail_page, archived_filter_control, other_ticket_reference, but s_c063c8 re-reads none of them from the page — a replay without the model will succeed without those values; re-record so they are read.
  warning: 07-report reports archived_filter_control, detail_status, detail_parts_table, other_ticket_reference, but s_84b84b re-reads none of them from the page — a replay without the model will succeed without those values; re-record so they are read.
arm=sitelooper model=z-ai/glm-5.3 runid=fwrd53-n1 stop=completed
turns=8 wall=452.1s
commands=7 cmdTime=418.2s cmdBytes=15925 timeouts=0
orchestrator in=8347 cw=0 cr=28928 out=2435
inner prompt=1882077 cached=1738496 completion=26790
spend=$0.0727 maxUsd=3
learn: A_n=0 replayed=0/7 full=0 repaired=0 compiled=7 variants=0
-> /home/user/sitelooper/bench/results/fwrd53-n1-sitelooper-result.json

=== fwrd53-n1 === (run self-reported: completed)
  obj 1  PASS  seq 1: ticket t15 (RD-1015) "fwrd53-n1 RD Bench Ticket"
  obj 2  PASS  seq 2 p18 cost=100 markup=25 price=125.00
  obj 3  PASS  seq 3 p19 cost=200 markup=25 price=250.00
  obj 4  PASS  seq 4: cost 100 -> 150, price 125.00 -> 187.50 (want 187.50), after the create at seq 2
  obj 5  PASS  seq 7: status Draft -> Ready
  obj 6  PASS  part A deleted, part B deleted, archive entry at seq 10; state: 0 part(s) surviving, ticket t15 archived=true
  claim 2  ok — run reported 125.00, app recorded 125.00
  claim 3  ok — run reported 250.00, app recorded 250.00
  claim 4  ok — run reported 187.50, app recorded 187.50
  summary: 6/6 objectives PASS, 0 price claim mismatch(es), 0 duplicate ticket(s)

App state: 15 tickets total, 1 left by benchmark runs (0 still active), 17 parts total, 10 mutation log entries.

[sweep] run 2/3: fwrd53-n2 (replay flow fwrd53, no orchestrator)
[reset] repairdesk: reloaded seed via http://127.0.0.1:4180/__reset
[sweep] fwrd53-n2: 3 drift ticket(s) → fwrd53-n2-drift.json

=== fwrd53-n2 === (run self-reported: no result file)
  note: no result file in /home/user/sitelooper/bench/results — objectives are still scored from the log,
        but the run's claimed prices cannot be cross-checked.
  obj 1  PASS  seq 1: ticket t15 (RD-1016) "fwrd53-n2 RD Bench Ticket"
  obj 2  PASS  seq 2 p18 cost=100 markup=25 price=125.00
  obj 3  PASS  seq 3 p19 cost=200 markup=25 price=250.00
  obj 4  PASS  seq 4: cost 100 -> 150, price 125.00 -> 187.50 (want 187.50), after the create at seq 2
  obj 5  PASS  seq 7: status Draft -> Ready
  obj 6  PASS  part A deleted, part B deleted, archive entry at seq 10; state: 0 part(s) surviving, ticket t15 archived=true
  claim 2  no claim parsed from the run's final report
  claim 3  no claim parsed from the run's final report
  claim 4  no claim parsed from the run's final report
  summary: 6/6 objectives PASS, 0 price claim mismatch(es), 0 duplicate ticket(s)

App state: 15 tickets total, 1 left by benchmark runs (0 still active), 17 parts total, 10 mutation log entries.

[sweep] run 3/3: fwrd53-n3 (replay flow fwrd53, no orchestrator)
[reset] repairdesk: reloaded seed via http://127.0.0.1:4180/__reset
[sweep] fwrd53-n3: 2 drift ticket(s) → fwrd53-n3-drift.json

=== fwrd53-n3 === (run self-reported: no result file)
  note: no result file in /home/user/sitelooper/bench/results — objectives are still scored from the log,
        but the run's claimed prices cannot be cross-checked.
  obj 1  PASS  seq 1: ticket t15 (RD-1017) "fwrd53-n3 RD Bench Ticket"
  obj 2  PASS  seq 2 p18 cost=100 markup=25 price=125.00
  obj 3  PASS  seq 3 p19 cost=200 markup=25 price=250.00
  obj 4  PASS  seq 4: cost 100 -> 150, price 125.00 -> 187.50 (want 187.50), after the create at seq 2
  obj 5  PASS  seq 7: status Draft -> Ready
  obj 6  PASS  part A deleted, part B deleted, archive entry at seq 10; state: 0 part(s) surviving, ticket t15 archived=true
  claim 2  no claim parsed from the run's final report
  claim 3  no claim parsed from the run's final report
  claim 4  no claim parsed from the run's final report
  summary: 6/6 objectives PASS, 0 price claim mismatch(es), 0 duplicate ticket(s)

App state: 15 tickets total, 1 left by benchmark runs (0 still active), 17 parts total, 10 mutation log entries.

Learning sweep fwrd53 (K=3)
┌─────────┬───┬─────────────┬──────────┬─────────────┬───────┬──────┬───────────┬──────┬──────────────┬────────┐
│ (index) │ n │ runid       │ verified │ stop        │ turns │ cmds │ total_usd │ A_n  │ replayed     │ wall_s │
├─────────┼───┼─────────────┼──────────┼─────────────┼───────┼──────┼───────────┼──────┼──────────────┼────────┤
│ 0       │ 1 │ 'fwrd53-n1' │ '6/6'    │ 'completed' │ 8     │ 7    │ 0.0727    │ 0    │ '0/7'        │ 452    │
│ 1       │ 2 │ 'fwrd53-n2' │ '6/6'    │ 'success'   │ 22    │ 7    │ 0.013     │ 0.86 │ '7/7 (flow)' │ 116    │
│ 2       │ 3 │ 'fwrd53-n3' │ '6/6'    │ 'success'   │ 0     │ 7    │ 0         │ 1    │ '7/7 (flow)' │ 33     │
└─────────┴───┴─────────────┴──────────┴─────────────┴───────┴──────┴───────────┴──────┴──────────────┴────────┘
http://127.0.0.1:4180
  s_325988  validated   13 steps  3/3 (100%)
           On the ticket '{{v1}}' (reference {{v3}}) in the repair-desk app, add a second part named exactly '{{v4}}' wit…
  s_415940  validated    2 steps  3/3 (100%)
           Open {{v2}} and sign in with email {{v3}} and password {{v4}}. Then create a new ticket titled exactly '{{v5}}…
  s_421187  validated    1 steps  3/3 (100%)
           On the repair-desk app, open the ticket '{{v1}}' (reference {{v3}}) and add a part named exactly '{{v4}}' with…
  s_440ede  validated   16 steps  3/3 (100%)
           On the ticket '{{v1}}' (reference {{v3}}) in the repair-desk app, the goal is to get the ticket's status to 'R…
  s_5a78e3  validated    2 steps  3/3 (100%)
           Open {{v2}} and sign in with email {{v3}} and password {{v4}}. Then create a new ticket titled exactly '{{v5}}…
  s_a2202c  validated   11 steps  3/3 (100%)
           On the ticket '{{v1}}' (reference {{v3}}) in the repair-desk app, remove/delete both parts ('{{v4}}' and '{{v5…
  s_af47d9  validated    8 steps  3/3 (100%)
           Open {{v2}} and sign in with email {{v3}} and password {{v4}}. Then create a new ticket titled exactly '{{v5}}…
  s_c063c8  validated   10 steps  3/3 (100%)
           On the ticket '{{v1}}' (reference {{v3}}) in the repair-desk app, remove/delete both parts ('{{v4}}' and '{{v5…
  s_d6225d  validated   11 steps  3/3 (100%)
           On the ticket '{{v1}}' (reference {{v3}}) in the repair-desk app, edit the part named '{{v4}}' to change its c…
  s_ef5d45  validated   13 steps  3/3 (100%)
           On the repair-desk app, open the ticket '{{v1}}' (reference {{v3}}) and add a part named exactly '{{v4}}' with…
  s_4503f4  validated    2 steps  2/2 (100%)  variant of s_84b84b
           Final verification on the repair-desk app: (1) On the tickets list with 'Show archived' unchecked, confirm the…
  s_4f60b4  validated    6 steps  2/2 (100%)  variant of s_84b84b
           Final verification on the repair-desk app: (1) On the tickets list with 'Show archived' unchecked, confirm the…
  s_722955  validated    7 steps  2/2 (100%)  variant of s_84b84b
           Final verification on the repair-desk app: (1) On the tickets list with 'Show archived' unchecked, confirm the…
  s_84b84b  demoted      2 steps  1/2 (50%)
           Final verification on the repair-desk app: (1) On the tickets list with 'Show archived' unchecked, confirm the…
  s_b1aede  validated    3 steps  2/2 (100%)  variant of s_84b84b
           Final verification on the repair-desk app: (1) On the tickets list with 'Show archived' unchecked, confirm the…
  s_c9380c  validated    2 steps  2/2 (100%)  variant of s_84b84b
           Final verification on the repair-desk app: (1) On the tickets list with 'Show archived' unchecked, confirm the…
  s_f97b4c  validated    1 steps  2/2 (100%)  variant of s_84b84b
           Final verification on the repair-desk app: (1) On the tickets list with 'Show archived' unchecked, confirm the…
  s_436089  provisional 19 steps  1/1 (100%)
           Final verification on the repair-desk app: (1) On the tickets list with 'Show archived' unchecked, confirm the…
store: /home/user/sitelooper/bench/results/fwrd53-skills

summary: /home/user/sitelooper/bench/results/fwrd53-sweep.json
