
[sweep] run 1/3: fwrd87-n1 (store: /home/user/sitelooper/bench/results/fwrd87-skills)
[harness] repairdesk: defaulting APP_URL
[harness] repairdesk: defaulting APP_EMAIL
[harness] repairdesk: defaulting APP_PASSWORD
[reset] repairdesk: reloaded seed via http://127.0.0.1:4180/__reset
[harness] repairdesk responded 200 at http://127.0.0.1:4180/
stopped: fwrd87-n1
  flow "fwrd87" saved: 8 step(s), vars runid → /home/user/sitelooper/bench/results/flows/fwrd87.json
  warning: note: dropped 3 locator candidate(s) carrying a value this run minted (known only by export time)
  warning: note: 3 goal/report value(s) carrying a value this run made were slotted or dropped:
  s_761a4c.reportTemplate.values.ticket_reference dropped (recorded literal of a value this run made)
  s_761a4c.reportTemplate.values.new_ticket_row_reference dropped (recorded literal of a value this run made)
  s_761a4c.reportTemplate.summary dropped (narrates a value this run made)
  warning: note: 01-open no longer publishes landing_view, first_ticket — no replay reads them from the page and the recording showed no line to read
  warning: note: 02-create no longer publishes detail_url — no replay reads it from the page and the recording showed no line to read
  warning: note: 03-add no longer publishes parts_total, part_a_row_name, part_a_row_cost, part_a_row_markup, part_a_row_quantity, part_a_row_supplier, part_a_row_price — no replay reads them from the page and the recording showed no line to read
  warning: note: 04-add no longer publishes part_b_name, part_b_cost, part_b_markup, part_b_quantity, part_b_price, parts_total, parts_total_label, parts_total_value — no replay reads them from the page and the recording showed no line to read
  warning: note: 07-remove no longer publishes parts_table_after — no replay reads it from the page and the recording showed no line to read
  warning: note: 08-archive no longer publishes detail_view_after_archive, list_url — no replay reads them from the page and the recording showed no line to read
  warning: warning: 176 other value(s) the run saw survived unslotted, judged by shape only (usually page copy; non-fatal):
  flow.steps[0].route: "http://127.0.0.1:4180/#/tickets" (output) in "http://127.0.0.1:4180/#/tickets"
  flow.steps[1].route: "http://127.0.0.1:4180/#/tickets" (output) in "http://127.0.0.1:4180/#/tickets/:id"
  flow.steps[2].route: "http://127.0.0.1:4180/#/tickets" (output) in "http://127.0.0.1:4180/#/tickets/:id"
  flow.steps[3].route: "http://127.0.0.1:4180/#/tickets" (output) in "http://127.0.0.1:4180/#/tickets/:id"
  flow.steps[4].route: "http://127.0.0.1:4180/#/tickets" (output) in "http://127.0.0.1:4180/#/tickets/:id"
arm=sitelooper model=z-ai/glm-5.3 runid=fwrd87-n1 stop=completed
turns=9 wall=197.6s
commands=8 cmdTime=134.3s cmdBytes=8973 timeouts=0
orchestrator in=13891 cw=0 cr=25792 out=2149
inner prompt=886304 cached=817024 completion=9639
spend=$0.0545 maxUsd=3
learn: A_n=0.237 replayed=1/8 full=1 repaired=0 compiled=7 variants=0
-> /home/user/sitelooper/bench/results/fwrd87-n1-sitelooper-result.json

=== fwrd87-n1 === (run self-reported: completed)
  obj 1  PASS  seq 1: ticket t15 (RD-1015) "fwrd87-n1 RD Bench Ticket"
  obj 2  PASS  seq 2 p18 cost=100 markup=25 price=125.00
  obj 3  PASS  seq 3 p19 cost=200 markup=25 price=250.00
  obj 4  PASS  seq 4: cost 100 -> 150, price 125.00 -> 187.50 (want 187.50), after the create at seq 2
  obj 5  PASS  seq 7: status Draft -> Ready
  obj 6  PASS  part A deleted, part B deleted, archive entry at seq 10; state: 0 part(s) surviving, ticket t15 archived=true
  claim 2  ok — run reported 125.00, app recorded 125.00
  claim 3  ok — run reported 250.00, app recorded 250.00
  claim 4  ok — run reported 187.50, app recorded 187.50
  summary: 6/6 objectives PASS, 0 price claim mismatch(es), 0 duplicate ticket(s)

App state: 15 tickets total, 1 left by benchmark runs (0 still active), 17 parts total, 10 mutation log entries.

[sweep] run 2/3: fwrd87-n2 (replay flow fwrd87, no orchestrator)
[reset] repairdesk: reloaded seed via http://127.0.0.1:4180/__reset
[sweep] fwrd87-n2: 2 drift ticket(s) → fwrd87-n2-drift.json

=== fwrd87-n2 === (run self-reported: no result file)
  note: no result file in /home/user/sitelooper/bench/results — objectives are still scored from the log,
        but the run's claimed prices cannot be cross-checked.
  obj 1  PASS  seq 1: ticket t15 (RD-1016) "fwrd87-n2 RD Bench Ticket"
  obj 2  PASS  seq 2 p18 cost=100 markup=25 price=125.00
  obj 3  PASS  seq 3 p19 cost=200 markup=25 price=250.00
  obj 4  PASS  seq 4: cost 100 -> 150, price 125.00 -> 187.50 (want 187.50), after the create at seq 2
  obj 5  PASS  seq 7: status Draft -> Ready
  obj 6  PASS  part A deleted, part B deleted, archive entry at seq 10; state: 0 part(s) surviving, ticket t15 archived=true
  claim 2  no claim parsed from the run's final report
  claim 3  no claim parsed from the run's final report
  claim 4  no claim parsed from the run's final report
  summary: 6/6 objectives PASS, 0 price claim mismatch(es), 0 duplicate ticket(s)

App state: 15 tickets total, 1 left by benchmark runs (0 still active), 17 parts total, 10 mutation log entries.

[sweep] run 3/3: fwrd87-n3 (replay flow fwrd87, no orchestrator)
[reset] repairdesk: reloaded seed via http://127.0.0.1:4180/__reset
[sweep] fwrd87-n3: 2 drift ticket(s) → fwrd87-n3-drift.json

=== fwrd87-n3 === (run self-reported: no result file)
  note: no result file in /home/user/sitelooper/bench/results — objectives are still scored from the log,
        but the run's claimed prices cannot be cross-checked.
  obj 1  PASS  seq 1: ticket t15 (RD-1017) "fwrd87-n3 RD Bench Ticket"
  obj 2  PASS  seq 2 p18 cost=100 markup=25 price=125.00
  obj 3  PASS  seq 3 p19 cost=200 markup=25 price=250.00
  obj 4  PASS  seq 4: cost 100 -> 150, price 125.00 -> 187.50 (want 187.50), after the create at seq 2
  obj 5  PASS  seq 7: status Draft -> Ready
  obj 6  PASS  part A deleted, part B deleted, archive entry at seq 10; state: 0 part(s) surviving, ticket t15 archived=true
  claim 2  no claim parsed from the run's final report
  claim 3  no claim parsed from the run's final report
  claim 4  no claim parsed from the run's final report
  summary: 6/6 objectives PASS, 0 price claim mismatch(es), 0 duplicate ticket(s)

App state: 15 tickets total, 1 left by benchmark runs (0 still active), 17 parts total, 10 mutation log entries.

Learning sweep fwrd87 (K=3)
┌─────────┬───┬─────────────┬──────────┬─────────────┬───────┬──────┬───────────┬───────┬──────────────┬────────┐
│ (index) │ n │ runid       │ verified │ stop        │ turns │ cmds │ total_usd │ A_n   │ replayed     │ wall_s │
├─────────┼───┼─────────────┼──────────┼─────────────┼───────┼──────┼───────────┼───────┼──────────────┼────────┤
│ 0       │ 1 │ 'fwrd87-n1' │ '6/6'    │ 'completed' │ 9     │ 8    │ 0.0545    │ 0.237 │ '1/8'        │ 198    │
│ 1       │ 2 │ 'fwrd87-n2' │ '6/6'    │ 'success'   │ 0     │ 8    │ 0         │ 1     │ '8/8 (flow)' │ 33     │
│ 2       │ 3 │ 'fwrd87-n3' │ '6/6'    │ 'success'   │ 0     │ 8    │ 0         │ 1     │ '8/8 (flow)' │ 32     │
└─────────┴───┴─────────────┴──────────┴─────────────┴───────┴──────┴───────────┴───────┴──────────────┴────────┘
http://127.0.0.1:4180
  s_9e190d  validated   18 steps  6/6 (100%)
           On the ticket detail page for ticket {{v1}} ({{v2}}), add a part named '{{v4}}' with cost {{v5}} and markup {{…
  s_00d8d2  validated    3 steps  3/3 (100%)
           Open {{v1}} and sign in with email {{v2}} and password {{v3}} — type the password exactly as that literal text…
  s_0d80c0  validated    4 steps  3/3 (100%)
           Archive the ticket {{v1}} ({{v2}}) so it is no longer active. Look for an archive control/action on the ticket…
  s_124fe0  validated   19 steps  3/3 (100%)
           On the ticket detail page for ticket {{v1}} ({{v2}}), change the ticket status to 'Ready'. The app enforces pr…
  s_49c4db  validated    9 steps  3/3 (100%)
           On the ticket detail page for ticket {{v1}} ({{v2}}), edit the part named '{{v4}}' to change its cost from 100…
  s_54583c  validated    8 steps  3/3 (100%)
           On the ticket detail page for ticket {{v1}} ({{v2}}), remove/delete both parts: '{{v4}}' and '{{v5}}'. Confirm…
  s_5a561f  validated    3 steps  3/3 (100%)
           Archive the ticket {{v1}} ({{v2}}) so it is no longer active. Look for an archive control/action on the ticket…
  s_761a4c  validated   10 steps  3/3 (100%)
           Create a new repair ticket titled '{{v2}}'. Find the create/new ticket control in the Repair tickets view, fil…
  s_7c89e9  validated    5 steps  3/3 (100%)
           Create a new repair ticket titled '{{v2}}'. Find the create/new ticket control in the Repair tickets view, fil…
  s_a96404  validated    3 steps  3/3 (100%)
           Open {{v1}} and sign in with email {{v2}} and password {{v3}} — type the password exactly as that literal text…
  s_be5962  validated    1 steps  3/3 (100%)
           Open {{v1}} and sign in with email {{v2}} and password {{v3}} — type the password exactly as that literal text…
store: /home/user/sitelooper/bench/results/fwrd87-skills

summary: /home/user/sitelooper/bench/results/fwrd87-sweep.json
