
[sweep] run 1/3: fwrd76-n1 (store: /home/user/sitelooper/bench/results/fwrd76-skills)
[harness] repairdesk: defaulting APP_URL
[harness] repairdesk: defaulting APP_EMAIL
[harness] repairdesk: defaulting APP_PASSWORD
[reset] repairdesk: reloaded seed via http://127.0.0.1:4180/__reset
[harness] repairdesk responded 200 at http://127.0.0.1:4180/
stopped: fwrd76-n1
  flow "fwrd76" saved: 9 step(s), vars runid → /home/user/sitelooper/bench/results/flows/fwrd76.json
  warning: note: dropped 13 locator candidate(s) carrying a value this run minted (known only by export time)
  warning: note: 02-open no longer publishes parts_total — no replay reads it from the page and the recording showed no line to read
  warning: note: 07-delete no longer publishes archived_ticket_created — no replay reads it from the page and the recording showed no line to read
  warning: note: 09-report no longer publishes archived_row_1_status, archived_row_2_status — no replay reads them from the page and the recording showed no line to read
  warning: warning: contradicted-step: 09-report read ref "fwrd76-n1" right after 08-open reported "RD-1016"; 08-open's change may not have landed and a later step may be retrying it. Re-record 08-open.
  warning: warning: 1 value(s) KNOWN to be this run's survived unslotted — a replay will act on or wait for the recording's value (non-fatal outside locators):
  flow.warnings[0]: "fwrd76-n1" (var) in "contradicted-step: 09-report read ref \"fwrd76-n1\" right after 08-open reported \"RD-1016\"; 08-open's change may not have landed and a later step may be retrying "
  warning: warning: 90 other value(s) the run saw survived unslotted, judged by shape only (usually page copy; non-fatal):
  flow.steps[4].instruction: "Ready" (output) in "On the detail view of ticket {{01-open.ticket_reference}} ('{{runid}} RD Bench Ticket'), attempt to change the ticket's status to 'Ready'. The app enforces prec"
  flow.steps[5].instruction: "Ready" (output) in "Create a new ticket titled exactly '{{runid}} RD Probe Ticket' with customer '{{01-open.ticket_customer}}' (fill only required fields). Submit and open its deta"
  flow.warnings[0]: "RD-1016" (output) in "contradicted-step: 09-report read ref \"fwrd76-n1\" right after 08-open reported \"RD-1016\"; 08-open's change may not have landed and a later step may be retrying "
  s_11b7ec.template: "Ready" (output) in "Create a new ticket titled exactly '{{v3}}' with customer '{{v2}}' (fill only required fields). Submit and open its detail view. Then click the 'Mark Ready' but"
  s_11b7ec.steps[1].locators.target[1].name: "Ready" (output) in "Mark Ready"
arm=sitelooper model=z-ai/glm-5.3 runid=fwrd76-n1 stop=completed
turns=10 wall=497.6s
commands=9 cmdTime=421.3s cmdBytes=9152 timeouts=0
orchestrator in=11782 cw=0 cr=33344 out=3651
inner prompt=1904087 cached=1762816 completion=18037
spend=$0.0785 maxUsd=3
learn: A_n=0 replayed=0/9 full=0 repaired=0 compiled=9 variants=0
-> /home/user/sitelooper/bench/results/fwrd76-n1-sitelooper-result.json

=== fwrd76-n1 === (run self-reported: completed)
  obj 1  PASS  seq 1: ticket t15 (RD-1015) "fwrd76-n1 RD Bench Ticket"
  obj 2  PASS  seq 2 p18 cost=100 markup=25 price=125.00
  obj 3  PASS  seq 3 p19 cost=200 markup=25 price=250.00
  obj 4  PASS  seq 4: cost 100 -> 150, price 125.00 -> 187.50 (want 187.50), after the create at seq 2
  obj 5  PASS  seq 5: status Draft -> Ready
  obj 6  PASS  part A deleted, part B deleted, archive entry at seq 9; state: 0 part(s) surviving, ticket t15 archived=true
  claim 2  ok — run reported 125.00, app recorded 125.00
  claim 3  ok — run reported 250.00, app recorded 250.00
  claim 4  ok — run reported 187.50, app recorded 187.50
  summary: 6/6 objectives PASS, 0 price claim mismatch(es), 0 duplicate ticket(s)

App state: 16 tickets total, 1 left by benchmark runs (0 still active), 17 parts total, 10 mutation log entries.

[sweep] run 2/3: fwrd76-n2 (replay flow fwrd76, no orchestrator)
[reset] repairdesk: reloaded seed via http://127.0.0.1:4180/__reset

=== fwrd76-n2 === (run self-reported: no result file)
  note: no result file in /home/user/sitelooper/bench/results — objectives are still scored from the log,
        but the run's claimed prices cannot be cross-checked.
  obj 1  PASS  seq 1: ticket t15 (RD-1017) "fwrd76-n2 RD Bench Ticket"
  obj 2  PASS  seq 2 p18 cost=100 markup=25 price=125.00
  obj 3  PASS  seq 3 p19 cost=200 markup=25 price=250.00
  obj 4  PASS  seq 4: cost 100 -> 150, price 125.00 -> 187.50 (want 187.50), after the create at seq 2
  obj 5  PASS  seq 5: status Draft -> Ready
  obj 6  PASS  part A deleted, part B deleted, archive entry at seq 9; state: 0 part(s) surviving, ticket t15 archived=true
  claim 2  no claim parsed from the run's final report
  claim 3  no claim parsed from the run's final report
  claim 4  no claim parsed from the run's final report
  summary: 6/6 objectives PASS, 0 price claim mismatch(es), 0 duplicate ticket(s)

App state: 16 tickets total, 1 left by benchmark runs (0 still active), 17 parts total, 10 mutation log entries.

[sweep] run 3/3: fwrd76-n3 (replay flow fwrd76, no orchestrator)
[reset] repairdesk: reloaded seed via http://127.0.0.1:4180/__reset

=== fwrd76-n3 === (run self-reported: no result file)
  note: no result file in /home/user/sitelooper/bench/results — objectives are still scored from the log,
        but the run's claimed prices cannot be cross-checked.
  obj 1  PASS  seq 1: ticket t15 (RD-1019) "fwrd76-n3 RD Bench Ticket"
  obj 2  PASS  seq 2 p18 cost=100 markup=25 price=125.00
  obj 3  PASS  seq 3 p19 cost=200 markup=25 price=250.00
  obj 4  PASS  seq 4: cost 100 -> 150, price 125.00 -> 187.50 (want 187.50), after the create at seq 2
  obj 5  PASS  seq 5: status Draft -> Ready
  obj 6  PASS  part A deleted, part B deleted, archive entry at seq 9; state: 0 part(s) surviving, ticket t15 archived=true
  claim 2  no claim parsed from the run's final report
  claim 3  no claim parsed from the run's final report
  claim 4  no claim parsed from the run's final report
  summary: 6/6 objectives PASS, 0 price claim mismatch(es), 0 duplicate ticket(s)

App state: 16 tickets total, 1 left by benchmark runs (0 still active), 17 parts total, 10 mutation log entries.

Learning sweep fwrd76 (K=3)
┌─────────┬───┬─────────────┬──────────┬─────────────┬───────┬──────┬───────────┬─────┬──────────────┬────────┐
│ (index) │ n │ runid       │ verified │ stop        │ turns │ cmds │ total_usd │ A_n │ replayed     │ wall_s │
├─────────┼───┼─────────────┼──────────┼─────────────┼───────┼──────┼───────────┼─────┼──────────────┼────────┤
│ 0       │ 1 │ 'fwrd76-n1' │ '6/6'    │ 'completed' │ 10    │ 9    │ 0.0785    │ 0   │ '0/9'        │ 498    │
│ 1       │ 2 │ 'fwrd76-n2' │ '6/6'    │ 'success'   │ 0     │ 9    │ 0         │ 1   │ '9/9 (flow)' │ 35     │
│ 2       │ 3 │ 'fwrd76-n3' │ '6/6'    │ 'success'   │ 0     │ 9    │ 0         │ 1   │ '9/9 (flow)' │ 35     │
└─────────┴───┴─────────────┴──────────┴─────────────┴───────┴──────┴───────────┴─────┴──────────────┴────────┘
http://127.0.0.1:4180
  s_010f58  validated    4 steps  3/3 (100%)
           Open the ticket with reference {{v1}} titled '{{v2}} RD Probe Ticket' from the tickets list (it is in {{v3}} s…
  s_11b7ec  validated    6 steps  3/3 (100%)
           Create a new ticket titled exactly '{{v3}}' with customer '{{v2}}' (fill only required fields). Submit and ope…
  s_131365  validated    1 steps  3/3 (100%)
           On the detail view of ticket {{v1}} ('{{v2}}'), delete BOTH parts: '{{v4}}' and '{{v5}}', using each row's Del…
  s_202419  validated   22 steps  3/3 (100%)
           Open the ticket with reference {{v1}} titled '{{v2}}' from the repair tickets list. In its detail view, add a …
  s_214058  validated    1 steps  3/3 (100%)
           Open {{v2}} and sign in with email {{v3}} and password {{v4}}. Then create a new ticket titled exactly '{{v5}}…
  s_3befe0  validated   11 steps  3/3 (100%)
           Open {{v2}} and sign in with email {{v3}} and password {{v4}}. Then create a new ticket titled exactly '{{v5}}…
  s_443711  validated    1 steps  3/3 (100%)
           Open the ticket with reference {{v1}} titled '{{v2}} RD Probe Ticket' from the tickets list (it is in {{v3}} s…
  s_4655ff  validated    3 steps  3/3 (100%)
           Open the ticket with reference {{v1}} titled '{{v2}} RD Probe Ticket' from the tickets list (it is in {{v3}} s…
  s_4b6443  validated    8 steps  3/3 (100%)
           On the detail view of ticket {{v1}} ('{{v2}}'), delete BOTH parts: '{{v4}}' and '{{v5}}', using each row's Del…
  s_60e04a  validated   12 steps  3/3 (100%)
           On the repair tickets list page, make sure 'Show archived' is UNCHECKED and clear any search filter, then sear…
  s_64e832  validated    3 steps  3/3 (100%)
           On the detail view of ticket {{v1}} ('{{v2}}'), attempt to change the ticket's status to 'Ready'. The app enfo…
  s_801d06  validated    1 steps  3/3 (100%)
           Open the ticket with reference {{v1}} titled '{{v2}} RD Probe Ticket' from the tickets list (it is in {{v3}} s…
  s_94cd12  validated    8 steps  3/3 (100%)
           On the detail view of ticket {{v1}} ('{{v2}}'), add a second part named exactly '{{v4}}' with cost {{v5}} and …
  s_a2d9a4  validated    3 steps  3/3 (100%)
           On the detail view of ticket {{v1}} ('{{v2}}'), delete BOTH parts: '{{v4}}' and '{{v5}}', using each row's Del…
  s_a6405c  validated    1 steps  3/3 (100%)
           Open the ticket with reference {{v1}} titled '{{v2}}' from the repair tickets list. In its detail view, add a …
  s_a9faec  validated    1 steps  3/3 (100%)
           Create a new ticket titled exactly '{{v3}}' with customer '{{v2}}' (fill only required fields). Submit and ope…
  s_babd13  validated    6 steps  3/3 (100%)
           Create a new ticket titled exactly '{{v3}}' with customer '{{v2}}' (fill only required fields). Submit and ope…
  s_cad4da  validated    3 steps  3/3 (100%)
           On the detail view of ticket {{v1}} ('{{v2}}'), delete BOTH parts: '{{v4}}' and '{{v5}}', using each row's Del…
  s_e445be  validated    5 steps  3/3 (100%)
           On the detail view of ticket {{v1}} ('{{v2}}'), edit the part named '{{v4}}' to change its cost from 100 to {{…
  s_fb5bd8  validated    3 steps  3/3 (100%)
           Open {{v2}} and sign in with email {{v3}} and password {{v4}}. Then create a new ticket titled exactly '{{v5}}…
store: /home/user/sitelooper/bench/results/fwrd76-skills

summary: /home/user/sitelooper/bench/results/fwrd76-sweep.json
