
[sweep] run 1/3: fwrd80-n1 (store: /home/user/sitelooper/bench/results/fwrd80-skills)
[harness] repairdesk: defaulting APP_URL
[harness] repairdesk: defaulting APP_EMAIL
[harness] repairdesk: defaulting APP_PASSWORD
[reset] repairdesk: reloaded seed via http://127.0.0.1:4180/__reset
[harness] repairdesk responded 200 at http://127.0.0.1:4180/
stopped: fwrd80-n1
  flow "fwrd80" saved: 7 step(s), vars runid → /home/user/sitelooper/bench/results/flows/fwrd80.json
  warning: note: dropped 4 locator candidate(s) carrying a value this run minted (known only by export time)
  warning: note: 02-add no longer publishes parts_total, required_fields_discovered — no replay reads them from the page and the recording showed no line to read
  warning: note: 03-add no longer publishes part_b_name, part_b_cost, part_b_markup, part_b_quantity, part_b_supplier, part_b_computed_price, parts_total, required_fields_discovered, part_row_actions, screenshot_2, part_b_row_1, part_b_row_2, part_b_row_3, part_b_row_4, part_b_row_5, part_b_row_6, part_b_row_7, part_a_row_1, part_a_row_2, part_a_row_3, part_a_row_4, part_a_row_5, part_a_row_6, part_a_row_7 — no replay reads them from the page and the recording showed no line to read
  warning: note: 04-edit no longer publishes required_fields_discovered, screenshot_2 — no replay reads them from the page and the recording showed no line to read
  warning: note: 05-change no longer publishes status_before_attempt — no replay reads it from the page and the recording showed no line to read
  warning: note: 06-edit no longer publishes part_b_supplier — no replay reads it from the page and the recording showed no line to read
  warning: note: 07-delete no longer publishes archive_outcome — no replay reads it from the page and the recording showed no line to read
  warning: warning: 187 other value(s) the run saw survived unslotted, judged by shape only (usually page copy; non-fatal):
  flow.steps[1].skill: "s_3f4570" (output) in "s_3f4570"
  flow.steps[2].skill: "s_3f4570" (output) in "s_3f4570"
  flow.steps[4].instruction: "Ready" (output) in "On the detail page of ticket {{01-open.ticket_reference}} (titled '{{runid}} RD Bench Ticket'), attempt to change the ticket's status to Ready using the '{{01-o"
  flow.steps[5].instruction: "Acme Supply" (output) in "On the detail page of ticket {{01-open.ticket_reference}} (titled '{{runid}} RD Bench Ticket'), satisfy the app's precondition for the Ready status: edit the pa"
  flow.steps[5].instruction: "Ready" (output) in "On the detail page of ticket {{01-open.ticket_reference}} (titled '{{runid}} RD Bench Ticket'), satisfy the app's precondition for the Ready status: edit the pa"
  warning: {{05-change.status_change_outcome}} (used by 06-edit) can only be re-observed by model recovery — consider re-recording so the value is read from the page.
  warning: 05-change reports status_change_outcome, but no segment of the procedure it pins (s_1d9fb1, with any later segment of its chain) re-reads it from the page — a replay without the model will succeed without that value; re-record so a read for it lands in that procedure's last segment.
arm=sitelooper model=z-ai/glm-5.3 runid=fwrd80-n1 stop=completed
turns=8 wall=173.4s
commands=7 cmdTime=134.8s cmdBytes=15410 timeouts=0
orchestrator in=14325 cw=0 cr=26880 out=2159
inner prompt=853440 cached=773888 completion=13496
spend=$0.0592 maxUsd=3
learn: A_n=0.244 replayed=1/7 full=1 repaired=0 compiled=6 variants=0
-> /home/user/sitelooper/bench/results/fwrd80-n1-sitelooper-result.json

=== fwrd80-n1 === (run self-reported: completed)
  obj 1  PASS  seq 1: ticket t15 (RD-1015) "fwrd80-n1 RD Bench Ticket"
  obj 2  PASS  seq 2 p18 cost=100 markup=25 price=125.00
  obj 3  PASS  seq 3 p19 cost=200 markup=25 price=250.00
  obj 4  PASS  seq 4: cost 100 -> 150, price 125.00 -> 187.50 (want 187.50), after the create at seq 2
  obj 5  PASS  seq 7: status Draft -> Ready
  obj 6  PASS  part A deleted, part B deleted, archive entry at seq 10; state: 0 part(s) surviving, ticket t15 archived=true
  claim 2  ok — run reported 125.00, app recorded 125.00
  claim 3  ok — run reported 250.00, app recorded 250.00
  claim 4  ok — run reported 187.50, app recorded 187.50
  summary: 6/6 objectives PASS, 0 price claim mismatch(es), 0 duplicate ticket(s)

App state: 15 tickets total, 1 left by benchmark runs (0 still active), 17 parts total, 10 mutation log entries.

[sweep] run 2/3: fwrd80-n2 (replay flow fwrd80, no orchestrator)
[reset] repairdesk: reloaded seed via http://127.0.0.1:4180/__reset
[sweep] fwrd80-n2: 2 drift ticket(s) → fwrd80-n2-drift.json

=== fwrd80-n2 === (run self-reported: no result file)
  note: no result file in /home/user/sitelooper/bench/results — objectives are still scored from the log,
        but the run's claimed prices cannot be cross-checked.
  obj 1  PASS  seq 1: ticket t15 (RD-1016) "fwrd80-n2 RD Bench Ticket"
  obj 2  PASS  seq 2 p18 cost=100 markup=25 price=125.00
  obj 3  PASS  seq 3 p19 cost=200 markup=25 price=250.00
  obj 4  PASS  seq 4: cost 100 -> 150, price 125.00 -> 187.50 (want 187.50), after the create at seq 2
  obj 5  PASS  seq 7: status Draft -> Ready
  obj 6  PASS  part A deleted, part B deleted, archive entry at seq 10; state: 0 part(s) surviving, ticket t15 archived=true
  claim 2  no claim parsed from the run's final report
  claim 3  no claim parsed from the run's final report
  claim 4  no claim parsed from the run's final report
  summary: 6/6 objectives PASS, 0 price claim mismatch(es), 0 duplicate ticket(s)

App state: 15 tickets total, 1 left by benchmark runs (0 still active), 17 parts total, 10 mutation log entries.

[sweep] run 3/3: fwrd80-n3 (replay flow fwrd80, no orchestrator)
[reset] repairdesk: reloaded seed via http://127.0.0.1:4180/__reset
[sweep] fwrd80-n3: 2 drift ticket(s) → fwrd80-n3-drift.json

=== fwrd80-n3 === (run self-reported: no result file)
  note: no result file in /home/user/sitelooper/bench/results — objectives are still scored from the log,
        but the run's claimed prices cannot be cross-checked.
  obj 1  PASS  seq 1: ticket t15 (RD-1017) "fwrd80-n3 RD Bench Ticket"
  obj 2  PASS  seq 2 p18 cost=100 markup=25 price=125.00
  obj 3  PASS  seq 3 p19 cost=200 markup=25 price=250.00
  obj 4  PASS  seq 4: cost 100 -> 150, price 125.00 -> 187.50 (want 187.50), after the create at seq 2
  obj 5  PASS  seq 7: status Draft -> Ready
  obj 6  PASS  part A deleted, part B deleted, archive entry at seq 10; state: 0 part(s) surviving, ticket t15 archived=true
  claim 2  no claim parsed from the run's final report
  claim 3  no claim parsed from the run's final report
  claim 4  no claim parsed from the run's final report
  summary: 6/6 objectives PASS, 0 price claim mismatch(es), 0 duplicate ticket(s)

App state: 15 tickets total, 1 left by benchmark runs (0 still active), 17 parts total, 10 mutation log entries.

Learning sweep fwrd80 (K=3)
┌─────────┬───┬─────────────┬──────────┬─────────────┬───────┬──────┬───────────┬───────┬──────────────┬────────┐
│ (index) │ n │ runid       │ verified │ stop        │ turns │ cmds │ total_usd │ A_n   │ replayed     │ wall_s │
├─────────┼───┼─────────────┼──────────┼─────────────┼───────┼──────┼───────────┼───────┼──────────────┼────────┤
│ 0       │ 1 │ 'fwrd80-n1' │ '6/6'    │ 'completed' │ 8     │ 7    │ 0.0592    │ 0.244 │ '1/7'        │ 173    │
│ 1       │ 2 │ 'fwrd80-n2' │ '6/6'    │ 'success'   │ 0     │ 7    │ 0         │ 1     │ '7/7 (flow)' │ 32     │
│ 2       │ 3 │ 'fwrd80-n3' │ '6/6'    │ 'success'   │ 0     │ 7    │ 0         │ 1     │ '7/7 (flow)' │ 31     │
└─────────┴───┴─────────────┴──────────┴─────────────┴───────┴──────┴───────────┴───────┴──────────────┴────────┘
http://127.0.0.1:4180
  s_3f4570  validated   22 steps  6/6 (100%)
           On the detail page of ticket {{v1}} (titled '{{v2}}'), use the '{{v4}}' action to add a part named exactly '{{…
  s_199005  validated    1 steps  3/3 (100%)
           Open {{v2}} and sign in with email {{v3}} and password {{v4}}. Then create a new ticket titled exactly '{{v5}}…
  s_1d9fb1  validated    9 steps  3/3 (100%)
           On the detail page of ticket {{v1}} (titled '{{v2}}'), attempt to change the ticket's status to Ready using th…
  s_33cdaf  validated    9 steps  3/3 (100%)
           On the detail page of ticket {{v1}} (titled '{{v2}}'), delete both parts: use the Delete action on '{{v4}}' an…
  s_660dd4  validated    3 steps  3/3 (100%)
           Open {{v2}} and sign in with email {{v3}} and password {{v4}}. Then create a new ticket titled exactly '{{v5}}…
  s_aa18a0  validated   19 steps  3/3 (100%)
           On the detail page of ticket {{v1}} (titled '{{v2}}'), satisfy the app's precondition for the Ready status: ed…
  s_c6ab7c  validated    4 steps  3/3 (100%)
           Open {{v2}} and sign in with email {{v3}} and password {{v4}}. Then create a new ticket titled exactly '{{v5}}…
  s_dcfea8  validated   10 steps  3/3 (100%)
           Open {{v2}} and sign in with email {{v3}} and password {{v4}}. Then create a new ticket titled exactly '{{v5}}…
  s_e9c964  validated    8 steps  3/3 (100%)
           On the detail page of ticket {{v1}} (titled '{{v2}}'), delete both parts: use the Delete action on '{{v4}}' an…
  s_f1d87b  validated   28 steps  3/3 (100%)
           On the detail page of ticket {{v1}} (titled '{{v2}}'), edit the part named '{{v4}}' (use its Edit action) and …
store: /home/user/sitelooper/bench/results/fwrd80-skills

summary: /home/user/sitelooper/bench/results/fwrd80-sweep.json
