
[sweep] run 1/3: fwrd48-n1 (store: /home/user/sitelooper/bench/results/fwrd48-skills)
[harness] repairdesk: defaulting APP_URL
[harness] repairdesk: defaulting APP_EMAIL
[harness] repairdesk: defaulting APP_PASSWORD
[reset] repairdesk: reloaded seed via http://127.0.0.1:4180/__reset
[harness] repairdesk responded 200 at http://127.0.0.1:4180/
stopped: fwrd48-n1
  flow "fwrd48" saved: 9 step(s), vars runid → /home/user/sitelooper/bench/results/flows/fwrd48.json
  warning: note: dropped 10 locator candidate(s) carrying a value this run minted (known only by export time)
  warning: warning: 264 other value(s) the run saw survived unslotted, judged by shape only (usually page copy; non-fatal):
  flow.steps[0].route: "http://127.0.0.1:4180/#/tickets" (output) in "http://127.0.0.1:4180/#/tickets/:id"
  flow.steps[1].route: "http://127.0.0.1:4180/#/tickets" (output) in "http://127.0.0.1:4180/#/tickets/:id"
  flow.steps[2].route: "http://127.0.0.1:4180/#/tickets" (output) in "http://127.0.0.1:4180/#/tickets/:id"
  flow.steps[3].route: "http://127.0.0.1:4180/#/tickets" (output) in "http://127.0.0.1:4180/#/tickets/:id"
  flow.steps[4].instruction: "Ready" (output) in "On the currently open ticket detail view for '{{runid}} RD Bench Ticket' ({{01-open.ticket_reference}}), attempt to change the ticket's status to 'Ready'. The a"
arm=sitelooper model=z-ai/glm-5.3 runid=fwrd48-n1 stop=completed
turns=10 wall=641.8s
commands=9 cmdTime=611.1s cmdBytes=12726 timeouts=0
orchestrator in=10605 cw=0 cr=37184 out=4375
inner prompt=2331340 cached=2165760 completion=26365
spend=$0.0909 maxUsd=2
learn: A_n=0.124 replayed=1/9 full=1 repaired=0 compiled=8 variants=0
-> /home/user/sitelooper/bench/results/fwrd48-n1-sitelooper-result.json

=== fwrd48-n1 === (run self-reported: completed)
  obj 1  PASS  seq 1: ticket t15 (RD-1015) "fwrd48-n1 RD Bench Ticket"
  obj 2  PASS  seq 2 p18 cost=100 markup=25 price=125.00
  obj 3  PASS  seq 3 p19 cost=200 markup=25 price=250.00
  obj 4  PASS  seq 4: cost 100 -> 150, price 125.00 -> 187.50 (want 187.50), after the create at seq 2
  obj 5  PASS  seq 5: status Draft -> Ready
  obj 6  PASS  part A deleted, part B deleted, archive entry at seq 12; state: 0 part(s) surviving, ticket t15 archived=true
  claim 2  ok — run reported 125.00, app recorded 125.00
  claim 3  ok — run reported 250.00, app recorded 250.00
  claim 4  ok — run reported 187.50, app recorded 187.50
  summary: 6/6 objectives PASS, 0 price claim mismatch(es), 0 duplicate ticket(s)

App state: 16 tickets total, 1 left by benchmark runs (0 still active), 17 parts total, 14 mutation log entries.

[sweep] run 2/3: fwrd48-n2 (replay flow fwrd48, no orchestrator)
[reset] repairdesk: reloaded seed via http://127.0.0.1:4180/__reset
[sweep] fwrd48-n2: 7 drift ticket(s) → fwrd48-n2-drift.json

=== fwrd48-n2 === (run self-reported: no result file)
  note: no result file in /home/user/sitelooper/bench/results — objectives are still scored from the log,
        but the run's claimed prices cannot be cross-checked.
  obj 1  PASS  seq 1: ticket t15 (RD-1017) "fwrd48-n2 RD Bench Ticket"
  obj 2  PASS  seq 2 p18 cost=100 markup=25 price=125.00
  obj 3  PASS  seq 3 p19 cost=200 markup=25 price=250.00
  obj 4  PASS  seq 4: cost 100 -> 150, price 125.00 -> 187.50 (want 187.50), after the create at seq 2
  obj 5  PASS  seq 5: status Draft -> Ready
  obj 6  PASS  part A deleted, part B deleted, archive entry at seq 11; state: 0 part(s) surviving, ticket t15 archived=true
  claim 2  no claim parsed from the run's final report
  claim 3  no claim parsed from the run's final report
  claim 4  no claim parsed from the run's final report
  summary: 6/6 objectives PASS, 0 price claim mismatch(es), 0 duplicate ticket(s)

App state: 16 tickets total, 1 left by benchmark runs (0 still active), 17 parts total, 13 mutation log entries.

[sweep] run 3/3: fwrd48-n3 (replay flow fwrd48, no orchestrator)
[reset] repairdesk: reloaded seed via http://127.0.0.1:4180/__reset
[sweep] fwrd48-n3: 7 drift ticket(s) → fwrd48-n3-drift.json

=== fwrd48-n3 === (run self-reported: no result file)
  note: no result file in /home/user/sitelooper/bench/results — objectives are still scored from the log,
        but the run's claimed prices cannot be cross-checked.
  obj 1  PASS  seq 1: ticket t15 (RD-1019) "fwrd48-n3 RD Bench Ticket"
  obj 2  PASS  seq 2 p18 cost=100 markup=25 price=125.00
  obj 3  PASS  seq 3 p19 cost=200 markup=25 price=250.00
  obj 4  PASS  seq 4: cost 100 -> 150, price 125.00 -> 187.50 (want 187.50), after the create at seq 2
  obj 5  PASS  seq 5: status Draft -> Ready
  obj 6  PASS  part A deleted, part B deleted, archive entry at seq 11; state: 0 part(s) surviving, ticket t15 archived=true
  claim 2  no claim parsed from the run's final report
  claim 3  no claim parsed from the run's final report
  claim 4  no claim parsed from the run's final report
  summary: 6/6 objectives PASS, 0 price claim mismatch(es), 0 duplicate ticket(s)

App state: 16 tickets total, 1 left by benchmark runs (0 still active), 17 parts total, 13 mutation log entries.

Learning sweep fwrd48 (K=3)
┌─────────┬───┬─────────────┬──────────┬─────────────┬───────┬──────┬───────────┬───────┬──────────────┬────────┐
│ (index) │ n │ runid       │ verified │ stop        │ turns │ cmds │ total_usd │ A_n   │ replayed     │ wall_s │
├─────────┼───┼─────────────┼──────────┼─────────────┼───────┼──────┼───────────┼───────┼──────────────┼────────┤
│ 0       │ 1 │ 'fwrd48-n1' │ '6/6'    │ 'completed' │ 10    │ 9    │ 0.0909    │ 0.124 │ '1/9'        │ 642    │
│ 1       │ 2 │ 'fwrd48-n2' │ '6/6'    │ 'success'   │ 34    │ 9    │ 0.0139    │ 1     │ '9/9 (flow)' │ 185    │
│ 2       │ 3 │ 'fwrd48-n3' │ '6/6'    │ 'success'   │ 49    │ 9    │ 0.0162    │ 1     │ '9/9 (flow)' │ 257    │
└─────────┴───┴─────────────┴──────────┴─────────────┴───────┴──────┴───────────┴───────┴──────────────┴────────┘
http://127.0.0.1:4180
  s_dbe673  validated   14 steps  6/6 (100%)
           On the currently open ticket detail view for '{{v1}}' ({{v3}}), add a part named exactly '{{v4}}' with cost {{…
  s_8abd90  validated    1 steps  3/4 (75%)
           Clean up the scratch ticket '{{v1}}' ({{v3}}) created earlier this run: open it, delete its part ('{{v5}}') vi…
  s_8349c1  validated    1 steps  4/4 (100%)
           Clean up the scratch ticket '{{v1}}' ({{v3}}) created earlier this run: open it, delete its part ('{{v5}}') vi…
  s_75bda5  validated    2 steps  3/3 (100%)
           Open {{v2}} and sign in with email {{v3}} and password {{v4}}. Then create a new ticket titled exactly '{{v5}}…
  s_a0862d  validated    7 steps  3/3 (100%)
           Open {{v2}} and sign in with email {{v3}} and password {{v4}}. Then create a new ticket titled exactly '{{v5}}…
  s_643d25  validated    6 steps  3/3 (100%)
           Open {{v2}} and sign in with email {{v3}} and password {{v4}}. Then create a new ticket titled exactly '{{v5}}…
  s_457bee  validated    2 steps  3/3 (100%)
           Open {{v2}} and sign in with email {{v3}} and password {{v4}}. Then create a new ticket titled exactly '{{v5}}…
  s_fc7380  validated   16 steps  3/3 (100%)
           On the currently open ticket detail view for '{{v1}}' ({{v3}}), edit the part named '{{v4}}' to change its cos…
  s_1a02c9  validated    5 steps  3/3 (100%)
           On the currently open ticket detail view for '{{v1}}' ({{v3}}), attempt to change the ticket's status to 'Read…
  s_fbf042  validated    2 steps  3/3 (100%)
           Reload the ticket detail page for '{{v1}}' ({{v3}}) fresh and report the exact Status value shown, the parts t…
  s_cfb262  validated   11 steps  2/3 (67%)
           On the ticket detail view for '{{v1}} RD Bench Ticket' ({{v2}}), delete BOTH parts ('{{v1}} RD Part A' and '{{…
  s_2beed5  validated    7 steps  3/3 (100%)
           Clean up the scratch ticket '{{v1}}' ({{v3}}) created earlier this run: open it, delete its part ('{{v5}}') vi…
  s_0a2a12  validated   10 steps  3/3 (100%)
           Clean up the scratch ticket '{{v1}}' ({{v3}}) created earlier this run: open it, delete its part ('{{v5}}') vi…
  s_5a5d8e  validated    1 steps  2/2 (100%)
           IMPORTANT: do not modify ticket {{v1}} ('{{v2}}') in any way - it must stay in {{v4}} status with its two part…
  s_1de6d6  provisional  6 steps  1/2 (50%)
           IMPORTANT: do not modify ticket {{v1}} ('{{v2}}') in any way - it must stay in {{v4}} status with its two part…
  s_c89a7a  provisional 18 steps  1/1 (100%)
           IMPORTANT: do not modify ticket {{v1}} ('{{v2}}') in any way - it must stay in {{v4}} status with its two part…
  s_dc5cb6  provisional 14 steps  1/1 (100%)
           On the ticket detail view for '{{v1}}' ({{v3}}), delete BOTH parts ('{{v4}}' and '{{v5}}') using their Delete …
  s_b3b5a0  provisional  1 steps  1/1 (100%)  variant of s_1de6d6
           IMPORTANT: do not modify ticket {{v1}} ('{{v2}} RD Bench Ticket') in any way - it must stay in Ready status wi…
  s_02fba9  provisional  4 steps  1/1 (100%)  variant of s_1de6d6
           IMPORTANT: do not modify ticket {{v1}} ('{{v2}} RD Bench Ticket') in any way - it must stay in Ready status wi…
  s_19c3c5  provisional  1 steps  1/1 (100%)  variant of s_1de6d6
           IMPORTANT: do not modify ticket {{v1}} ('{{v2}} RD Bench Ticket') in any way - it must stay in Ready status wi…
  s_4fb1ea  provisional  1 steps  1/1 (100%)  variant of s_1de6d6
           IMPORTANT: do not modify ticket {{v1}} ('{{v2}} RD Bench Ticket') in any way - it must stay in Ready status wi…
  s_4cc0e0  provisional  6 steps  1/1 (100%)  variant of s_1de6d6
           IMPORTANT: do not modify ticket {{v1}} ('{{v2}} RD Bench Ticket') in any way - it must stay in Ready status wi…
  s_daf113  provisional  2 steps  1/1 (100%)  variant of s_8abd90
           IMPORTANT: do not modify ticket {{v1}} ('{{v2}} RD Bench Ticket') in any way - it must stay in Ready status wi…
  s_988624  provisional  9 steps  1/1 (100%)  variant of s_8abd90
           IMPORTANT: do not modify ticket {{v1}} ('{{v2}} RD Bench Ticket') in any way - it must stay in Ready status wi…
  s_2d26d0  provisional 13 steps  1/1 (100%)  variant of s_8abd90
           IMPORTANT: do not modify ticket {{v1}} ('{{v2}} RD Bench Ticket') in any way - it must stay in Ready status wi…
store: /home/user/sitelooper/bench/results/fwrd48-skills

summary: /home/user/sitelooper/bench/results/fwrd48-sweep.json
