
Running 1 test using 1 worker

[sitelooper step] 01-signin
[sitelooper step] 02-create
[sitelooper step] 03-add
[sitelooper step] 04-add
[sitelooper step] 05-edit
[sitelooper step] 06-change
[sitelooper step] 07-report
[sitelooper warn] 08-create s_c6b820/10: read 'mark_ready_button' returned a value the skill itself set/selected ('Mark Ready') — confirms the control, not persistence; dropped from the report's confident values
[sitelooper warn] 08-create s_c6b820/12: read 'add_part_button' returned a value the skill itself set/selected ('Add part') — confirms the control, not persistence; dropped from the report's confident values
[sitelooper warn] 08-create s_c6b820/21: read 'mark_ready_button' returned a value the skill itself set/selected ('Mark Ready') — confirms the control, not persistence; dropped from the report's confident values
[sitelooper warn] 08-create s_c6b820/23: read 'add_part_button' returned a value the skill itself set/selected ('Add part') — confirms the control, not persistence; dropped from the report's confident values
[sitelooper step] 08-create
[sitelooper step] 09-delete
[sitelooper step] 10-archive
[sitelooper warn] 11-archive: report value ticket_reference is given, not observed: it is built only from the step's own parameters, and neither this run's page nor any of its reads shows it — withheld
[sitelooper step] 11-archive
[sitelooper step] 12-open
  ✓  1 fwrd93.spec.ts:9:1 › fwrd93 (1.7m)

  1 passed (1.8m)
