
[sweep] run 1/3: fwrd84-n1 (store: /home/user/sitelooper/bench/results/fwrd84-skills)
[harness] repairdesk: defaulting APP_URL
[harness] repairdesk: defaulting APP_EMAIL
[harness] repairdesk: defaulting APP_PASSWORD
[reset] repairdesk: reloaded seed via http://127.0.0.1:4180/__reset
[harness] repairdesk responded 200 at http://127.0.0.1:4180/
stopped: fwrd84-n1
  flow "fwrd84" saved: 8 step(s), vars runid → /home/user/sitelooper/bench/results/flows/fwrd84.json
  warning: note: dropped 3 locator candidate(s) carrying a value this run minted (known only by export time)
  warning: note: 01-open no longer publishes landing_page, ticket_table_columns, first_ticket_customer, first_ticket_status, filter_controls, actions, first_ticket_row — no replay reads them from the page and the recording showed no line to read
  warning: note: 02-create no longer publishes detail_url, list_count_before, list_count_after, form_fields_present — no replay reads them from the page and the recording showed no line to read
  warning: note: 03-add no longer publishes form_fields — no replay reads it from the page and the recording showed no line to read
  warning: note: 05-edit no longer publishes part_A_cost_before, part_A_computed_price_before, previous_ticket_total, edit_form_fields — no replay reads them from the page and the recording showed no line to read
  warning: note: 08-delete no longer publishes total_after_delete_part_A, delete_confirm_dialogs, rd1015_status_in_list, test_prefix_with_t, raised_date_with_t — no replay reads them from the page and the recording showed no line to read
  warning: note: 01-open: added a read for nav_tickets_link to s_e93d21 (page.getByRole('heading', { name: 'Tickets', exact: true }), page.getByRole('link', { name: 'Tickets', exact: true }); seen on the next instruction's start page)
  warning: note: 01-open: added a read for tickets_section_heading to s_e93d21 (page.getByRole('heading', { name: 'Tickets', exact: true }), page.getByRole('link', { name: 'Tickets', exact: true }); seen on the next instruction's start page)
  warning: warning: 312 other value(s) the run saw survived unslotted, judged by shape only (usually page copy; non-fatal):
  flow.steps[5].instruction: "Ready" (output) in "On the detail page for ticket {{02-create.ticket_reference}} ({{02-create.url}}), click '{{02-create.detail_actions_1}}' to set the ticket's status to Ready. If"
  s_0e775e.template: "Ready" (output) in "On the detail page for ticket {{v1}} ({{v2}}), click '{{v4}}' to set the ticket's status to Ready. If the app refuses and shows an error or validation message a"
  s_0e775e.goal.requireText[0]: "Ticket is not ready" (output) in "Ticket is not ready"
  s_0e775e.steps[0].expect.urlPattern: "http://127.0.0.1:4180/#/tickets/t15" (output) in "http://127.0.0.1:4180/#/tickets/t15"
  s_0e775e.steps[0].expect.urlPattern: "t15" (url) in "http://127.0.0.1:4180/#/tickets/t15"
arm=sitelooper model=z-ai/glm-5.3 runid=fwrd84-n1 stop=completed
turns=9 wall=222.7s
commands=8 cmdTime=178.4s cmdBytes=12915 timeouts=0
orchestrator in=12672 cw=0 cr=32384 out=2498
inner prompt=1323565 cached=1245568 completion=15648
spend=$0.0624 maxUsd=3
learn: A_n=0 replayed=0/8 full=0 repaired=0 compiled=8 variants=0
-> /home/user/sitelooper/bench/results/fwrd84-n1-sitelooper-result.json

=== fwrd84-n1 === (run self-reported: completed)
  obj 1  PASS  seq 1: ticket t15 (RD-1015) "fwrd84-n1 RD Bench Ticket"
  obj 2  PASS  seq 2 p18 cost=100 markup=25 price=125.00
  obj 3  PASS  seq 3 p19 cost=200 markup=25 price=250.00
  obj 4  PASS  seq 4: cost 100 -> 150, price 125.00 -> 187.50 (want 187.50), after the create at seq 2
  obj 5  PASS  seq 7: status Draft -> Ready
  obj 6  PASS  part A deleted, part B deleted, archive entry at seq 10; state: 0 part(s) surviving, ticket t15 archived=true
  claim 2  ok — run reported 125.00, app recorded 125.00
  claim 3  ok — run reported 250.00, app recorded 250.00
  claim 4  ok — run reported 187.50, app recorded 187.50
  summary: 6/6 objectives PASS, 0 price claim mismatch(es), 0 duplicate ticket(s)

App state: 15 tickets total, 1 left by benchmark runs (0 still active), 17 parts total, 10 mutation log entries.

[sweep] run 2/3: fwrd84-n2 (replay flow fwrd84, no orchestrator)
[reset] repairdesk: reloaded seed via http://127.0.0.1:4180/__reset
[sweep] fwrd84-n2: 3 drift ticket(s) → fwrd84-n2-drift.json

=== fwrd84-n2 === (run self-reported: no result file)
  note: no result file in /home/user/sitelooper/bench/results — objectives are still scored from the log,
        but the run's claimed prices cannot be cross-checked.
  obj 1  PASS  seq 1: ticket t15 (RD-1016) "fwrd84-n2 RD Bench Ticket"
  obj 2  PASS  seq 2 p18 cost=100 markup=25 price=125.00
  obj 3  PASS  seq 3 p19 cost=200 markup=25 price=250.00
  obj 4  PASS  seq 6: cost 100 -> 150, price 125.00 -> 187.50 (want 187.50), after the create at seq 2
  obj 5  PASS  seq 8: status Draft -> Ready
  obj 6  PASS  part A deleted, part B deleted, archive entry at seq 11; state: 0 part(s) surviving, ticket t15 archived=true
  claim 2  no claim parsed from the run's final report
  claim 3  no claim parsed from the run's final report
  claim 4  no claim parsed from the run's final report
  summary: 6/6 objectives PASS, 0 price claim mismatch(es), 0 duplicate ticket(s)

App state: 15 tickets total, 1 left by benchmark runs (0 still active), 17 parts total, 11 mutation log entries.

[sweep] run 3/3: fwrd84-n3 (replay flow fwrd84, no orchestrator)
[reset] repairdesk: reloaded seed via http://127.0.0.1:4180/__reset
[sweep] fwrd84-n3: 4 drift ticket(s) → fwrd84-n3-drift.json

=== fwrd84-n3 === (run self-reported: no result file)
  note: no result file in /home/user/sitelooper/bench/results — objectives are still scored from the log,
        but the run's claimed prices cannot be cross-checked.
  obj 1  PASS  seq 1: ticket t15 (RD-1017) "fwrd84-n3 RD Bench Ticket"
  obj 2  PASS  seq 2 p18 cost=100 markup=25 price=125.00
  obj 3  PASS  seq 3 p19 cost=200 markup=25 price=250.00
  obj 4  FAIL  no update entry setting p18 to cost 150
  obj 5  PASS  seq 8: status Draft -> Ready
  obj 6  PASS  part A deleted, part B deleted, archive entry at seq 11; state: 0 part(s) surviving, ticket t15 archived=true
  claim 2  no claim parsed from the run's final report
  claim 3  no claim parsed from the run's final report
  claim 4  no claim parsed from the run's final report
  summary: 5/6 objectives PASS, 0 price claim mismatch(es), 0 duplicate ticket(s) — RUN NOT CLEAN

App state: 15 tickets total, 1 left by benchmark runs (0 still active), 17 parts total, 11 mutation log entries.

Learning sweep fwrd84 (K=3)
┌─────────┬───┬─────────────┬──────────┬─────────────┬───────┬──────┬───────────┬──────┬──────────────┬────────┐
│ (index) │ n │ runid       │ verified │ stop        │ turns │ cmds │ total_usd │ A_n  │ replayed     │ wall_s │
├─────────┼───┼─────────────┼──────────┼─────────────┼───────┼──────┼───────────┼──────┼──────────────┼────────┤
│ 0       │ 1 │ 'fwrd84-n1' │ '6/6'    │ 'completed' │ 9     │ 8    │ 0.0624    │ 0    │ '0/8'        │ 223    │
│ 1       │ 2 │ 'fwrd84-n2' │ '6/6'    │ 'success'   │ 55    │ 8    │ 0.0255    │ 0.38 │ '8/8 (flow)' │ 196    │
│ 2       │ 3 │ 'fwrd84-n3' │ '5/6'    │ 'success'   │ 27    │ 8    │ 0.0147    │ 0.5  │ '8/8 (flow)' │ 134    │
└─────────┴───┴─────────────┴──────────┴─────────────┴───────┴──────┴───────────┴──────┴──────────────┴────────┘
http://127.0.0.1:4180
  s_0e775e  validated    8 steps  3/3 (100%)
           On the detail page for ticket {{v1}} ({{v2}}), click '{{v4}}' to set the ticket's status to Ready. If the app …
  s_20eebf  validated   12 steps  3/3 (100%)
           On the detail page for ticket {{v1}} ({{v2}}), edit the part named '{{v4}}' (use its Edit action), change its …
  s_381dbf  validated    1 steps  3/3 (100%)
           Open {{v1}} in the browser and sign in with email {{v2}} and password {{v3}} (type the password text into the …
  s_ccbd8c  validated    3 steps  3/3 (100%)
           Open {{v1}} in the browser and sign in with email {{v2}} and password {{v3}} (type the password text into the …
  s_e93d21  validated   16 steps  3/3 (100%)
           Open {{v1}} in the browser and sign in with email {{v2}} and password {{v3}} (type the password text into the …
  s_1dbedc  validated    9 steps  2/2 (100%)  variant of s_f89999
           Create a new repair ticket with the title exactly '{{v2}}'. Use the 'New ticket' button, fill in any required …
  s_1e4ce7  validated    4 steps  2/2 (100%)  variant of s_f89999
           Create a new repair ticket with the title exactly '{{v2}}'. Use the 'New ticket' button, fill in any required …
  s_a07cab  validated    1 steps  2/2 (100%)
           On the detail page for ticket {{v1}} titled '{{v2}}' ({{v4}}), add a part using the '{{v5}}' action. Name it e…
  s_af0559  provisional 18 steps  1/2 (50%)
           On the detail page for ticket {{v1}} ({{v2}}), add a second part using '{{v4}}'. Name it exactly '{{v6}}', set…
  s_d223dc  provisional 15 steps  1/2 (50%)
           On the detail page for ticket {{v1}} ({{v2}}), satisfy the '{{v4}}' preconditions: edit each part (both '{{v5}…
  s_d7e7d3  validated    6 steps  2/2 (100%)  variant of s_f89999
           Create a new repair ticket with the title exactly '{{v2}}'. Use the 'New ticket' button, fill in any required …
  s_f30058  provisional 25 steps  1/2 (50%)  variant of s_d223dc
           On the detail page for ticket {{v1}} ({{v2}}), satisfy the '{{v3}}' preconditions: edit each part (both '{{v4}…
  s_f37dcd  provisional 19 steps  1/2 (50%)  variant of s_af0559
           On the detail page for ticket {{v1}} ({{v2}}), add a second part using '{{v3}}'. Name it exactly '{{v5}}', set…
  s_f89999  demoted      6 steps  1/2 (50%)
           Create a new repair ticket with the title exactly '{{v2}}'. Use the 'New ticket' button, fill in any required …
  s_ffa622  provisional 12 steps  1/2 (50%)
           On the detail page for ticket {{v1}} titled '{{v2}}' ({{v4}}), add a part using the '{{v5}}' action. Name it e…
  s_02cf90  provisional 16 steps  1/1 (100%)  variant of s_ffa622
           On the detail page for ticket {{v1}} titled '{{v2}}' ({{v4}}), add a part using the '{{v5}}' action. Name it e…
  s_0ea9ac  provisional 10 steps  1/1 (100%)
           On the detail page for ticket {{v1}} ({{v2}}), delete BOTH parts ('{{v3}}' and '{{v5}}') using each part's Del…
  s_2d2b06  provisional 27 steps  1/1 (100%)
           On the detail page for ticket {{v1}} titled '{{v2}}' ({{v4}}), add a part using the '{{v6}}' action. Name it e…
  s_4a3453  provisional  1 steps  1/1 (100%)
           On the detail page for ticket {{v1}} titled '{{v2}}' ({{v4}}), add a part using the '{{v5}}' action. Name it e…
  s_59f182  provisional 12 steps  1/1 (100%)
           On the detail page for ticket {{v1}} ({{v2}}), delete BOTH parts ('{{v4}}' and '{{v6}}') using each part's Del…
  s_68797e  provisional  7 steps  1/1 (100%)
           On the detail page for ticket {{v1}} ({{v2}}), delete BOTH parts ('{{v4}}' and '{{v6}}') using each part's Del…
  s_694d15  provisional 10 steps  1/1 (100%)
           Create a new repair ticket with the title exactly '{{v2}}'. Use the 'New ticket' button, fill in any required …
  s_6f62e6  provisional 19 steps  1/1 (100%)  variant of s_f30058
           On the detail page for ticket {{v1}} ({{v2}}), satisfy the '{{v3}}' preconditions: edit each part (both '{{v4}…
  s_976162  provisional  5 steps  1/1 (100%)
           On the detail page for ticket {{v1}} ({{v2}}), delete BOTH parts ('{{v3}}' and '{{v5}}') using each part's Del…
  s_a37879  provisional 13 steps  1/1 (100%)  variant of s_f37dcd
           On the detail page for ticket {{v1}} ({{v2}}), add a second part using '{{v3}}'. Name it exactly '{{v5}}', set…
  s_b5895f  provisional 16 steps  1/1 (100%)
           On the detail page for ticket {{v1}} titled '{{v2}}' ({{v4}}), add a part using the '{{v5}}' action. Name it e…
  s_dccd17  provisional  8 steps  1/1 (100%)
           On the detail page for ticket {{v1}} ({{v2}}), delete BOTH parts ('{{v3}}' and '{{v5}}') using each part's Del…
  s_f01902  provisional  5 steps  1/1 (100%)
           On the detail page for ticket {{v1}} ({{v2}}), delete BOTH parts ('{{v3}}' and '{{v5}}') using each part's Del…
store: /home/user/sitelooper/bench/results/fwrd84-skills

summary: /home/user/sitelooper/bench/results/fwrd84-sweep.json
