
[sweep] run 1/3: fwrd51-n1 (store: /home/user/sitelooper/bench/results/fwrd51-skills)
[harness] repairdesk: defaulting APP_URL
[harness] repairdesk: defaulting APP_EMAIL
[harness] repairdesk: defaulting APP_PASSWORD
[reset] repairdesk: reloaded seed via http://127.0.0.1:4180/__reset
[harness] repairdesk responded 200 at http://127.0.0.1:4180/
stopped: fwrd51-n1
  flow "fwrd51" saved: 7 step(s), vars runid → /home/user/sitelooper/bench/results/flows/fwrd51.json
  warning: note: dropped 6 locator candidate(s) carrying a value this run minted (known only by export time)
  warning: warning: 171 other value(s) the run saw survived unslotted, judged by shape only (usually page copy; non-fatal):
  flow.steps[0].instruction: "bench@example.com" (output) in "Open http://127.0.0.1:4180/ and sign in with email bench@example.com and password bench-pass-1234. Then create a new ticket titled exactly '{{runid}} RD Bench T"
  flow.steps[0].params.v3: "bench@example.com" (output) in "bench@example.com"
  flow.steps[4].instruction: "Ready" (output) in "On the ticket detail page for ticket {{01-open.ticket_reference}} (titled '{{runid}} RD Bench Ticket'), attempt to change the ticket's status to 'Ready'. The ap"
  flow.steps[5].instruction: "Ready" (output) in "On the ticket detail page for ticket {{01-open.ticket_reference}} (titled '{{runid}} RD Bench Ticket'), which is currently in status Ready: delete both parts ('"
  flow.steps[5].params.v4: "Ready" (output) in "Ready"
arm=sitelooper model=z-ai/glm-5.3 runid=fwrd51-n1 stop=completed
turns=8 wall=546.6s
commands=7 cmdTime=355.0s cmdBytes=9477 timeouts=0
orchestrator in=23083 cw=0 cr=11584 out=2380
inner prompt=1323381 cached=1217024 completion=16636
spend=$0.0754 maxUsd=3
learn: A_n=0.148 replayed=1/7 full=1 repaired=0 compiled=6 variants=0
-> /home/user/sitelooper/bench/results/fwrd51-n1-sitelooper-result.json

=== fwrd51-n1 === (run self-reported: completed)
  obj 1  PASS  seq 1: ticket t15 (RD-1015) "fwrd51-n1 RD Bench Ticket"
  obj 2  PASS  seq 2 p18 cost=100 markup=25 price=125.00
  obj 3  PASS  seq 3 p19 cost=200 markup=25 price=250.00
  obj 4  PASS  seq 4: cost 100 -> 150, price 125.00 -> 187.50 (want 187.50), after the create at seq 2
  obj 5  PASS  seq 7: status Draft -> Ready
  obj 6  PASS  part A deleted, part B deleted, archive entry at seq 10; state: 0 part(s) surviving, ticket t15 archived=true
  claim 2  ok — run reported 125.00, app recorded 125.00
  claim 3  ok — run reported 250.00, app recorded 250.00
  claim 4  ok — run reported 187.50, app recorded 187.50
  summary: 6/6 objectives PASS, 0 price claim mismatch(es), 0 duplicate ticket(s)

App state: 15 tickets total, 1 left by benchmark runs (0 still active), 17 parts total, 10 mutation log entries.

[sweep] run 2/3: fwrd51-n2 (replay flow fwrd51, no orchestrator)
[reset] repairdesk: reloaded seed via http://127.0.0.1:4180/__reset
[sweep] fwrd51-n2: 1 drift ticket(s) → fwrd51-n2-drift.json

=== fwrd51-n2 === (run self-reported: no result file)
  note: no result file in /home/user/sitelooper/bench/results — objectives are still scored from the log,
        but the run's claimed prices cannot be cross-checked.
  obj 1  PASS  seq 1: ticket t15 (RD-1016) "fwrd51-n2 RD Bench Ticket"
  obj 2  PASS  seq 2 p18 cost=100 markup=25 price=125.00
  obj 3  PASS  seq 3 p19 cost=200 markup=25 price=250.00
  obj 4  PASS  seq 4: cost 100 -> 150, price 125.00 -> 187.50 (want 187.50), after the create at seq 2
  obj 5  PASS  seq 7: status Draft -> Ready
  obj 6  PASS  part A deleted, part B deleted, archive entry at seq 10; state: 0 part(s) surviving, ticket t15 archived=true
  claim 2  no claim parsed from the run's final report
  claim 3  no claim parsed from the run's final report
  claim 4  no claim parsed from the run's final report
  summary: 6/6 objectives PASS, 0 price claim mismatch(es), 0 duplicate ticket(s)

App state: 15 tickets total, 1 left by benchmark runs (0 still active), 17 parts total, 10 mutation log entries.

[sweep] run 3/3: fwrd51-n3 (replay flow fwrd51, no orchestrator)
[reset] repairdesk: reloaded seed via http://127.0.0.1:4180/__reset
[sweep] fwrd51-n3: 1 drift ticket(s) → fwrd51-n3-drift.json

=== fwrd51-n3 === (run self-reported: no result file)
  note: no result file in /home/user/sitelooper/bench/results — objectives are still scored from the log,
        but the run's claimed prices cannot be cross-checked.
  obj 1  PASS  seq 1: ticket t15 (RD-1017) "fwrd51-n3 RD Bench Ticket"
  obj 2  PASS  seq 2 p18 cost=100 markup=25 price=125.00
  obj 3  PASS  seq 3 p19 cost=200 markup=25 price=250.00
  obj 4  PASS  seq 4: cost 100 -> 150, price 125.00 -> 187.50 (want 187.50), after the create at seq 2
  obj 5  PASS  seq 7: status Draft -> Ready
  obj 6  PASS  part A deleted, part B deleted, archive entry at seq 10; state: 0 part(s) surviving, ticket t15 archived=true
  claim 2  no claim parsed from the run's final report
  claim 3  no claim parsed from the run's final report
  claim 4  no claim parsed from the run's final report
  summary: 6/6 objectives PASS, 0 price claim mismatch(es), 0 duplicate ticket(s)

App state: 15 tickets total, 1 left by benchmark runs (0 still active), 17 parts total, 10 mutation log entries.

Learning sweep fwrd51 (K=3)
┌─────────┬───┬─────────────┬──────────┬─────────────┬───────┬──────┬───────────┬───────┬──────────────┬────────┐
│ (index) │ n │ runid       │ verified │ stop        │ turns │ cmds │ total_usd │ A_n   │ replayed     │ wall_s │
├─────────┼───┼─────────────┼──────────┼─────────────┼───────┼──────┼───────────┼───────┼──────────────┼────────┤
│ 0       │ 1 │ 'fwrd51-n1' │ '6/6'    │ 'completed' │ 8     │ 7    │ 0.0754    │ 0.148 │ '1/7'        │ 547    │
│ 1       │ 2 │ 'fwrd51-n2' │ '6/6'    │ 'success'   │ 15    │ 7    │ 0.0049    │ 0.71  │ '7/7 (flow)' │ 46     │
│ 2       │ 3 │ 'fwrd51-n3' │ '6/6'    │ 'success'   │ 4     │ 7    │ 0.0018    │ 0.86  │ '7/7 (flow)' │ 31     │
└─────────┴───┴─────────────┴──────────┴─────────────┴───────┴──────┴───────────┴───────┴──────────────┴────────┘
http://127.0.0.1:4180
  s_380adc  validated   12 steps  6/6 (100%)
           On the ticket detail page for ticket {{v1}} (titled '{{v2}}'), add a part named exactly '{{v4}}' with cost {{v…
  s_10d961  validated    4 steps  3/3 (100%)
           Verify the final state of the app: (1) On the tickets list at http://127.0.0.1:4180/#/tickets, confirm that no…
  s_29a31a  validated    2 steps  3/3 (100%)
           On the ticket detail page for ticket {{v1}} (titled '{{v2}}'), which is currently in status {{v4}}: delete bot…
  s_36647a  validated   10 steps  3/3 (100%)
           On the ticket detail page for ticket {{v1}} (titled '{{v2}}'), which is currently in status {{v4}}: delete bot…
  s_7d7904  validated    7 steps  3/3 (100%)
           Verify the final state of the app: (1) On the tickets list at http://127.0.0.1:4180/#/tickets, confirm that no…
  s_a15c20  validated   11 steps  3/3 (100%)
           On the ticket detail page for ticket {{v1}} (titled '{{v2}}'), edit the part named '{{v4}}' and change its cos…
  s_db13cb  validated   16 steps  3/3 (100%)
           On the ticket detail page for ticket {{v1}} (titled '{{v2}}'), attempt to change the ticket's status to 'Ready…
  s_48b9c0  validated    3 steps  2/2 (100%)
           Open http://127.0.0.1:4180/ and sign in with email {{v2}} and password {{v3}}. Then create a new ticket titled…
  s_7c97da  validated    6 steps  2/2 (100%)
           Open http://127.0.0.1:4180/ and sign in with email {{v2}} and password {{v3}}. Then create a new ticket titled…
  s_b4ad7d  validated    4 steps  2/2 (100%)
           Open http://127.0.0.1:4180/ and sign in with email {{v2}} and password {{v3}}. Then create a new ticket titled…
  s_5d9ba8  provisional  5 steps  1/1 (100%)
           Open {{v2}} and sign in with email {{v3}} and password {{v4}}. Then create a new ticket titled exactly '{{v1}}…
  s_b18342  provisional  2 steps  1/1 (100%)
           Open {{v2}} and sign in with email {{v3}} and password {{v4}}. Then create a new ticket titled exactly '{{v1}}…
  s_b1a0cd  provisional  4 steps  1/1 (100%)
           Open {{v2}} and sign in with email {{v3}} and password {{v4}}. Then create a new ticket titled exactly '{{v1}}…
  s_fc7ca9  provisional  6 steps  1/1 (100%)
           Open {{v2}} and sign in with email {{v3}} and password {{v4}}. Then create a new ticket titled exactly '{{v1}}…
store: /home/user/sitelooper/bench/results/fwrd51-skills

summary: /home/user/sitelooper/bench/results/fwrd51-sweep.json
SWEEP_EXIT_CODE=0
