
[sweep] run 1/3: fwrd61-n1 (store: /home/user/sitelooper/bench/results/fwrd61-skills)
[harness] repairdesk: defaulting APP_URL
[harness] repairdesk: defaulting APP_EMAIL
[harness] repairdesk: defaulting APP_PASSWORD
[reset] repairdesk: reloaded seed via http://127.0.0.1:4180/__reset
[harness] repairdesk responded 200 at http://127.0.0.1:4180/
stopped: fwrd61-n1
  flow "fwrd61" saved: 7 step(s), vars runid → /home/user/sitelooper/bench/results/flows/fwrd61.json
  warning: note: dropped 3 locator candidate(s) carrying a value this run minted (known only by export time)
  warning: note: 02-add no longer publishes part_quantity, price — no replay reads them from the page and the recording showed no line to read
  warning: note: 03-add no longer publishes part_quantity, new_part_row_text, all_parts_rows — no replay reads them from the page and the recording showed no line to read
  warning: note: 04-edit no longer publishes part_quantity — no replay reads it from the page and the recording showed no line to read
  warning: note: 05-change no longer publishes status_buttons_after — no replay reads it from the page and the recording showed no line to read
  warning: note: 06-delete no longer publishes parts_rows_final, buttons_after — no replay reads them from the page and the recording showed no line to read
  warning: note: 07-verify no longer publishes active_list_total, ticket_in_active_list, ticket_in_archived_view, no_tickets_message — no replay reads them from the page and the recording showed no line to read
  warning: note: 02-add: added a read for cost to s_c388fe (page.getByRole('cell', { name: '$100.00', exact: true }); seen on the next instruction's start page)
  warning: note: 03-add: added a read for parts_total to s_c388fe (page.getByRole('row', { name: 'Total (price × quantity) $375.00', exact: true }); seen on the next instruction's start page)
  warning: note: 05-change: added a read for supplier_part_a to s_7ec1a1 (page.getByRole('cell', { name: 'Acme Industrial Supply', exact: true }); seen on the instruction's own page)
  warning: note: 05-change: added a read for supplier_part_b to s_7ec1a1 (page.getByRole('cell', { name: 'Acme Industrial Supply', exact: true }); seen on the instruction's own page)
  warning: warning: 171 other value(s) the run saw survived unslotted, judged by shape only (usually page copy; non-fatal):
  flow.steps[4].instruction: "Ready" (output) in "On the ticket detail page for {{01-open.ticket_reference}} ({{runid}} RD Bench Ticket), try to change the ticket's status to 'Ready'. The app enforces precondit"
  s_06a694.steps[3].expect.addedContains[0]: "No supplier" (output) in "- row \"{{v4}} $150.00 {{v6}}% 1 No supplier $187.50 Edit Delete\""
  s_06a694.steps[3].expect.addedContains[0]: "$150.00" (output) in "- row \"{{v4}} $150.00 {{v6}}% 1 No supplier $187.50 Edit Delete\""
  s_06a694.steps[3].expect.addedContains[0]: "$187.50" (output) in "- row \"{{v4}} $150.00 {{v6}}% 1 No supplier $187.50 Edit Delete\""
  s_06a694.steps[3].expect.addedContains[1]: "$150.00" (output) in "- cell \"$150.00\""
arm=sitelooper model=z-ai/glm-5.3 runid=fwrd61-n1 stop=completed
turns=8 wall=325.8s
commands=7 cmdTime=288.6s cmdBytes=9559 timeouts=0
orchestrator in=13619 cw=0 cr=21312 out=1871
inner prompt=1543706 cached=1430912 completion=18539
spend=$0.0652 maxUsd=3
learn: A_n=0.136 replayed=1/7 full=1 repaired=0 compiled=6 variants=0
-> /home/user/sitelooper/bench/results/fwrd61-n1-sitelooper-result.json

=== fwrd61-n1 === (run self-reported: completed)
  obj 1  PASS  seq 1: ticket t15 (RD-1015) "fwrd61-n1 RD Bench Ticket"
  obj 2  PASS  seq 2 p18 cost=100 markup=25 price=125.00
  obj 3  PASS  seq 3 p19 cost=200 markup=25 price=250.00
  obj 4  PASS  seq 4: cost 100 -> 150, price 125.00 -> 187.50 (want 187.50), after the create at seq 2
  obj 5  PASS  seq 7: status Draft -> Ready
  obj 6  PASS  part A deleted, part B deleted, archive entry at seq 10; state: 0 part(s) surviving, ticket t15 archived=true
  claim 2  ok — run reported 125.00, app recorded 125.00
  claim 3  ok — run reported 250.00, app recorded 250.00
  claim 4  ok — run reported 187.50, app recorded 187.50
  summary: 6/6 objectives PASS, 0 price claim mismatch(es), 0 duplicate ticket(s)

App state: 15 tickets total, 1 left by benchmark runs (0 still active), 17 parts total, 10 mutation log entries.

[sweep] run 2/3: fwrd61-n2 (replay flow fwrd61, no orchestrator)
[reset] repairdesk: reloaded seed via http://127.0.0.1:4180/__reset
[sweep] fwrd61-n2: 4 drift ticket(s) → fwrd61-n2-drift.json

=== fwrd61-n2 === (run self-reported: no result file)
  note: no result file in /home/user/sitelooper/bench/results — objectives are still scored from the log,
        but the run's claimed prices cannot be cross-checked.
  obj 1  PASS  seq 1: ticket t15 (RD-1016) "fwrd61-n2 RD Bench Ticket"
  obj 2  PASS  seq 2 p18 cost=100 markup=25 price=125.00
  obj 3  PASS  seq 3 p19 cost=200 markup=25 price=250.00
  obj 4  PASS  seq 4: cost 100 -> 150, price 125.00 -> 187.50 (want 187.50), after the create at seq 2
  obj 5  PASS  seq 7: status Draft -> Ready
  obj 6  PASS  part A deleted, part B deleted, archive entry at seq 10; state: 0 part(s) surviving, ticket t15 archived=true
  claim 2  no claim parsed from the run's final report
  claim 3  no claim parsed from the run's final report
  claim 4  no claim parsed from the run's final report
  summary: 6/6 objectives PASS, 0 price claim mismatch(es), 0 duplicate ticket(s)

App state: 15 tickets total, 1 left by benchmark runs (0 still active), 17 parts total, 10 mutation log entries.

[sweep] run 3/3: fwrd61-n3 (replay flow fwrd61, no orchestrator)
[reset] repairdesk: reloaded seed via http://127.0.0.1:4180/__reset
[sweep] fwrd61-n3: 5 drift ticket(s) → fwrd61-n3-drift.json

=== fwrd61-n3 === (run self-reported: no result file)
  note: no result file in /home/user/sitelooper/bench/results — objectives are still scored from the log,
        but the run's claimed prices cannot be cross-checked.
  obj 1  PASS  seq 1: ticket t15 (RD-1017) "fwrd61-n3 RD Bench Ticket"
  obj 2  PASS  seq 2 p18 cost=100 markup=25 price=125.00
  obj 3  PASS  seq 3 p19 cost=200 markup=25 price=250.00
  obj 4  PASS  seq 4: cost 100 -> 150, price 125.00 -> 187.50 (want 187.50), after the create at seq 2
  obj 5  PASS  seq 7: status Draft -> Ready
  obj 6  PASS  part A deleted, part B deleted, archive entry at seq 10; state: 0 part(s) surviving, ticket t15 archived=true
  claim 2  no claim parsed from the run's final report
  claim 3  no claim parsed from the run's final report
  claim 4  no claim parsed from the run's final report
  summary: 6/6 objectives PASS, 0 price claim mismatch(es), 0 duplicate ticket(s)

App state: 15 tickets total, 1 left by benchmark runs (0 still active), 17 parts total, 10 mutation log entries.

Learning sweep fwrd61 (K=3)
┌─────────┬───┬─────────────┬──────────┬─────────────┬───────┬──────┬───────────┬───────┬──────────────┬────────┐
│ (index) │ n │ runid       │ verified │ stop        │ turns │ cmds │ total_usd │ A_n   │ replayed     │ wall_s │
├─────────┼───┼─────────────┼──────────┼─────────────┼───────┼──────┼───────────┼───────┼──────────────┼────────┤
│ 0       │ 1 │ 'fwrd61-n1' │ '6/6'    │ 'completed' │ 8     │ 7    │ 0.0652    │ 0.136 │ '1/7'        │ 326    │
│ 1       │ 2 │ 'fwrd61-n2' │ '6/6'    │ 'success'   │ 0     │ 7    │ 0         │ 1     │ '7/7 (flow)' │ 39     │
│ 2       │ 3 │ 'fwrd61-n3' │ '6/6'    │ 'success'   │ 0     │ 7    │ 0         │ 1     │ '7/7 (flow)' │ 42     │
└─────────┴───┴─────────────┴──────────┴─────────────┴───────┴──────┴───────────┴───────┴──────────────┴────────┘
http://127.0.0.1:4180
  s_c388fe  validated   14 steps  6/6 (100%)
           On the ticket detail page for {{v1}} ({{v2}}), add a part named '{{v4}}' with cost {{v5}} and markup {{v6}}. F…
  s_06a694  validated   14 steps  3/3 (100%)
           On the ticket detail page for {{v1}} ({{v2}}), edit the part named '{{v4}}' to change its cost from 100 to {{v…
  s_1e37dd  validated    1 steps  3/3 (100%)
           Verify the final state: go to the tickets list at {{v4}} (the default/active tickets view) and report whether …
  s_24056c  validated    5 steps  3/3 (100%)
           Open {{v2}} and sign in with email {{v3}} and password {{v4}}. Then create a new ticket titled '{{v5}}' (fill …
  s_46778e  validated   11 steps  3/3 (100%)
           Verify the final state: go to the tickets list at {{v4}} (the default/active tickets view) and report whether …
  s_73caec  validated    3 steps  3/3 (100%)
           Open {{v2}} and sign in with email {{v3}} and password {{v4}}. Then create a new ticket titled '{{v5}}' (fill …
  s_7ec1a1  validated   17 steps  3/3 (100%)
           On the ticket detail page for {{v1}} ({{v2}}), try to change the ticket's status to 'Ready'. The app enforces …
  s_b79dda  validated    4 steps  3/3 (100%)
           Open {{v2}} and sign in with email {{v3}} and password {{v4}}. Then create a new ticket titled '{{v5}}' (fill …
  s_f33eeb  validated    1 steps  3/3 (100%)
           Open {{v2}} and sign in with email {{v3}} and password {{v4}}. Then create a new ticket titled '{{v5}}' (fill …
  s_f77adf  validated   13 steps  3/3 (100%)
           On the ticket detail page for {{v1}} ({{v2}}), delete both parts ('{{v4}}' and '{{v5}}') using their Delete bu…
store: /home/user/sitelooper/bench/results/fwrd61-skills

summary: /home/user/sitelooper/bench/results/fwrd61-sweep.json
