
[sweep] run 1/3: fwrd88-n1 (store: /home/user/sitelooper/bench/results/fwrd88-skills)
[harness] repairdesk: defaulting APP_URL
[harness] repairdesk: defaulting APP_EMAIL
[harness] repairdesk: defaulting APP_PASSWORD
[reset] repairdesk: reloaded seed via http://127.0.0.1:4180/__reset
[harness] repairdesk responded 200 at http://127.0.0.1:4180/
stopped: fwrd88-n1
  flow "fwrd88" saved: 6 step(s), vars runid → /home/user/sitelooper/bench/results/flows/fwrd88.json
  warning: note: dropped 9 locator candidate(s) carrying a value this run minted (known only by export time)
  warning: note: 2 goal/report value(s) carrying a value this run made were slotted or dropped:
  s_0d02cb.reportTemplate.values.ticket_reference dropped (recorded literal of a value this run made)
  s_0d02cb.reportTemplate.summary dropped (narrates a value this run made)
  warning: note: 03-add no longer publishes parts_table_rows — no replay reads it from the page and the recording showed no line to read
  warning: note: 04-edit no longer publishes part_b_markup — no replay reads it from the page and the recording showed no line to read
  warning: note: 06-delete no longer publishes delete_dialog_buttons, parts_table_after_deletes, archived_action_after, active_list_count_before, active_list_count_after, list_row_with_show_archived_checked — no replay reads them from the page and the recording showed no line to read
  warning: warning: 144 other value(s) the run saw survived unslotted, judged by shape only (usually page copy; non-fatal):
  flow.steps[4].instruction: "Ready" (output) in "On the ticket detail page for '{{runid}} RD Bench Ticket' ({{01-open.ticket_reference}}), change the ticket's status to 'Ready'. The app may enforce preconditio"
  flow.steps[5].instruction: "Ready" (output) in "On the ticket detail page for '{{runid}} RD Bench Ticket' ({{01-open.ticket_reference}}, currently status Ready), delete both parts: '{{runid}} RD Part A' and '"
  flow.steps[5].params.v4: "Ready" (output) in "Ready"
  s_011014.reportTemplate.summary: "Total (price × quantity) $125.00" (output) in "Opened ticket {{v3}} \"{{v1}}\" (URL http://127.0.0.1:4180/#/tickets/{{d1}}) and used its \"Add part\" dialog, filling Part name = \"{{v4}}\", Cost = {{v5}}, Markup %"
  s_011014.reportTemplate.summary: "Total (price × quantity)" (output) in "Opened ticket {{v3}} \"{{v1}}\" (URL http://127.0.0.1:4180/#/tickets/{{d1}}) and used its \"Add part\" dialog, filling Part name = \"{{v4}}\", Cost = {{v5}}, Markup %"
arm=sitelooper model=z-ai/glm-5.3 runid=fwrd88-n1 stop=completed
turns=7 wall=181.5s
commands=6 cmdTime=142.0s cmdBytes=8812 timeouts=0
orchestrator in=12012 cw=0 cr=18240 out=1943
inner prompt=928854 cached=862592 completion=11484
spend=$0.0499 maxUsd=3
learn: A_n=0 replayed=0/6 full=0 repaired=0 compiled=6 variants=0
-> /home/user/sitelooper/bench/results/fwrd88-n1-sitelooper-result.json

=== fwrd88-n1 === (run self-reported: completed)
  obj 1  PASS  seq 1: ticket t15 (RD-1015) "fwrd88-n1 RD Bench Ticket"
  obj 2  PASS  seq 2 p18 cost=100 markup=25 price=125.00
  obj 3  PASS  seq 3 p19 cost=200 markup=25 price=250.00
  obj 4  PASS  seq 4: cost 100 -> 150, price 125.00 -> 187.50 (want 187.50), after the create at seq 2
  obj 5  PASS  seq 7: status Draft -> Ready
  obj 6  PASS  part A deleted, part B deleted, archive entry at seq 10; state: 0 part(s) surviving, ticket t15 archived=true
  claim 2  ok — run reported 125.00, app recorded 125.00
  claim 3  ok — run reported 250.00, app recorded 250.00
  claim 4  ok — run reported 187.50, app recorded 187.50
  summary: 6/6 objectives PASS, 0 price claim mismatch(es), 0 duplicate ticket(s)

App state: 15 tickets total, 1 left by benchmark runs (0 still active), 17 parts total, 10 mutation log entries.

[sweep] run 2/3: fwrd88-n2 (replay flow fwrd88, no orchestrator)
[reset] repairdesk: reloaded seed via http://127.0.0.1:4180/__reset
[sweep] fwrd88-n2: 2 drift ticket(s) → fwrd88-n2-drift.json

=== fwrd88-n2 === (run self-reported: no result file)
  note: no result file in /home/user/sitelooper/bench/results — objectives are still scored from the log,
        but the run's claimed prices cannot be cross-checked.
  obj 1  PASS  seq 1: ticket t15 (RD-1016) "fwrd88-n2 RD Bench Ticket"
  obj 2  PASS  seq 2 p18 cost=100 markup=25 price=125.00
  obj 3  PASS  seq 3 p19 cost=200 markup=25 price=250.00
  obj 4  PASS  seq 4: cost 100 -> 150, price 125.00 -> 187.50 (want 187.50), after the create at seq 2
  obj 5  PASS  seq 7: status Draft -> Ready
  obj 6  PASS  part A deleted, part B deleted, archive entry at seq 10; state: 0 part(s) surviving, ticket t15 archived=true
  claim 2  no claim parsed from the run's final report
  claim 3  no claim parsed from the run's final report
  claim 4  no claim parsed from the run's final report
  summary: 6/6 objectives PASS, 0 price claim mismatch(es), 0 duplicate ticket(s)

App state: 15 tickets total, 1 left by benchmark runs (0 still active), 17 parts total, 10 mutation log entries.

[sweep] run 3/3: fwrd88-n3 (replay flow fwrd88, no orchestrator)
[reset] repairdesk: reloaded seed via http://127.0.0.1:4180/__reset
[sweep] fwrd88-n3: 2 drift ticket(s) → fwrd88-n3-drift.json

=== fwrd88-n3 === (run self-reported: no result file)
  note: no result file in /home/user/sitelooper/bench/results — objectives are still scored from the log,
        but the run's claimed prices cannot be cross-checked.
  obj 1  PASS  seq 1: ticket t15 (RD-1017) "fwrd88-n3 RD Bench Ticket"
  obj 2  PASS  seq 2 p18 cost=100 markup=25 price=125.00
  obj 3  PASS  seq 3 p19 cost=200 markup=25 price=250.00
  obj 4  PASS  seq 4: cost 100 -> 150, price 125.00 -> 187.50 (want 187.50), after the create at seq 2
  obj 5  PASS  seq 7: status Draft -> Ready
  obj 6  PASS  part A deleted, part B deleted, archive entry at seq 10; state: 0 part(s) surviving, ticket t15 archived=true
  claim 2  no claim parsed from the run's final report
  claim 3  no claim parsed from the run's final report
  claim 4  no claim parsed from the run's final report
  summary: 6/6 objectives PASS, 0 price claim mismatch(es), 0 duplicate ticket(s)

App state: 15 tickets total, 1 left by benchmark runs (0 still active), 17 parts total, 10 mutation log entries.

Learning sweep fwrd88 (K=3)
┌─────────┬───┬─────────────┬──────────┬─────────────┬───────┬──────┬───────────┬─────┬──────────────┬────────┐
│ (index) │ n │ runid       │ verified │ stop        │ turns │ cmds │ total_usd │ A_n │ replayed     │ wall_s │
├─────────┼───┼─────────────┼──────────┼─────────────┼───────┼──────┼───────────┼─────┼──────────────┼────────┤
│ 0       │ 1 │ 'fwrd88-n1' │ '6/6'    │ 'completed' │ 7     │ 6    │ 0.0499    │ 0   │ '0/6'        │ 182    │
│ 1       │ 2 │ 'fwrd88-n2' │ '6/6'    │ 'partial'   │ 0     │ 6    │ 0         │ 1   │ '5/6 (flow)' │ 35     │
│ 2       │ 3 │ 'fwrd88-n3' │ '6/6'    │ 'partial'   │ 0     │ 6    │ 0         │ 1   │ '5/6 (flow)' │ 35     │
└─────────┴───┴─────────────┴──────────┴─────────────┴───────┴──────┴───────────┴─────┴──────────────┴────────┘
http://127.0.0.1:4180
  s_011014  validated   22 steps  3/3 (100%)
           Open the ticket titled '{{v1}}' (reference {{v3}}) and add a part named '{{v4}}' with cost {{v5}} and markup {…
  s_0d02cb  validated   10 steps  3/3 (100%)
           Open {{v2}} and sign in with email {{v3}} and password typed exactly as the literal text {{env:APP_PASSWORD}} …
  s_1cf747  validated    3 steps  3/3 (100%)
           Open {{v2}} and sign in with email {{v3}} and password typed exactly as the literal text {{env:APP_PASSWORD}} …
  s_4b0e31  provisional 19 steps  1/3 (33%)
           On the ticket detail page for '{{v1}}' ({{v3}}), change the ticket's status to 'Ready'. The app may enforce pr…
  s_76754b  validated    1 steps  3/3 (100%)
           Open {{v2}} and sign in with email {{v3}} and password typed exactly as the literal text {{env:APP_PASSWORD}} …
  s_7d1c7b  validated   17 steps  3/3 (100%)
           On the ticket detail page for '{{v1}}' ({{v3}}), edit the part named '{{v4}}' and change its cost from 100 to …
  s_82d8a8  validated   22 steps  3/3 (100%)
           On the ticket detail page for '{{v1}}' (reference {{v3}}), add a second part named '{{v4}}' with cost {{v5}} a…
  s_8b9ea6  validated    8 steps  3/3 (100%)
           On the ticket detail page for '{{v1}}' ({{v3}}, currently status {{v4}}), delete both parts: '{{v5}}' and '{{v…
  s_8f2245  validated    1 steps  3/3 (100%)
           Open the ticket titled '{{v1}}' (reference {{v3}}) and add a part named '{{v4}}' with cost {{v5}} and markup {…
  s_ee6254  validated    7 steps  3/3 (100%)
           On the ticket detail page for '{{v1}}' ({{v3}}, currently status {{v4}}), delete both parts: '{{v5}}' and '{{v…
store: /home/user/sitelooper/bench/results/fwrd88-skills

summary: /home/user/sitelooper/bench/results/fwrd88-sweep.json
