
[sweep] run 1/3: fwrd59-n1 (store: /home/user/sitelooper/bench/results/fwrd59-skills)
[harness] repairdesk: defaulting APP_URL
[harness] repairdesk: defaulting APP_EMAIL
[harness] repairdesk: defaulting APP_PASSWORD
[reset] repairdesk: reloaded seed via http://127.0.0.1:4180/__reset
[harness] repairdesk responded 200 at http://127.0.0.1:4180/
stopped: fwrd59-n1
  flow "fwrd59" saved: 6 step(s), vars runid → /home/user/sitelooper/bench/results/flows/fwrd59.json
  warning: note: dropped 3 locator candidate(s) carrying a value this run minted (known only by export time)
  warning: note: 01-open no longer publishes detail_actions_shown — no replay reads it from the page and the recording showed no line to read
  warning: note: 02-add no longer publishes part_quantity, parts_row_raw_part_a, parts_table_headers — no replay reads them from the page and the recording showed no line to read
  warning: note: 03-add no longer publishes new_part_name, new_part_markup, new_part_quantity, new_part_supplier, existing_part_name, existing_part_markup, parts_table_headers, ticket_title, parts_rows_raw_1, parts_rows_raw_2 — no replay reads them from the page and the recording showed no line to read
  warning: note: 04-edit no longer publishes quantity — no replay reads it from the page and the recording showed no line to read
  warning: note: 06-delete no longer publishes parts_count_in_list — no replay reads it from the page and the recording showed no line to read
  warning: note: 03-add: added a read for new_part_cost to s_c8a27d (page.getByRole('cell', { name: '$200.00', exact: true }); seen on the next instruction's start page)
  warning: note: 03-add: added a read for new_part_price to s_c8a27d (page.getByRole('cell', { name: '$250.00', exact: true }); seen on the next instruction's start page)
  warning: note: 03-add: added a read for existing_part_cost to s_c8a27d (page.getByRole('cell', { name: '$100.00', exact: true }); seen on the next instruction's start page)
  warning: note: 03-add: added a read for existing_part_price to s_c8a27d (page.getByRole('cell', { name: '$125.00', exact: true }); seen on the next instruction's start page)
  warning: note: 03-add: added a read for parts_total_row to s_c8a27d (page.getByRole('row', { name: 'Total (price × quantity) $375.00', exact: true }); seen on the next instruction's start page)
  warning: note: 04-edit: added a read for updated_total to s_658010 (page.getByRole('row', { name: 'Total (price × quantity) $437.50', exact: true }); seen on the next instruction's start page)
  warning: note: 05-report: added a read for parts_total to s_394c49 (page.getByRole('row', { name: 'Total (price × quantity) $437.50', exact: true }); seen on the next instruction's start page)
  warning: warning: contradicted-step: 05-report read final_status "Ready" right after 04-edit reported "Draft"; 04-edit's change may not have landed and a later step may be retrying it. Re-record 04-edit.
  warning: warning: 119 other value(s) the run saw survived unslotted, judged by shape only (usually page copy; non-fatal):
  flow.steps[4].instruction: "Ready" (output) in "On the detail page of ticket {{01-open.ticket_reference}} (titled '{{runid}} RD Bench Ticket', currently {{01-open.status}}), the goal is to get the ticket into"
  flow.steps[5].instruction: "Ready" (output) in "On the detail page of ticket {{01-open.ticket_reference}} (titled '{{runid}} RD Bench Ticket', status Ready), delete both parts: '{{runid}} RD Part A' and '{{ru"
  flow.steps[5].params.v4: "Ready" (output) in "Ready"
  flow.warnings[0]: "Draft" (output) in "contradicted-step: 05-report read final_status \"Ready\" right after 04-edit reported \"Draft\"; 04-edit's change may not have landed and a later step may be retryi"
  flow.warnings[0]: "Ready" (output) in "contradicted-step: 05-report read final_status \"Ready\" right after 04-edit reported \"Draft\"; 04-edit's change may not have landed and a later step may be retryi"
arm=sitelooper model=z-ai/glm-5.3 runid=fwrd59-n1 stop=completed
turns=7 wall=313.3s
commands=6 cmdTime=273.9s cmdBytes=8771 timeouts=0
orchestrator in=11392 cw=0 cr=17536 out=2367
inner prompt=1339899 cached=1241344 completion=15035
spend=$0.0585 maxUsd=3
learn: A_n=0.167 replayed=1/6 full=1 repaired=0 compiled=5 variants=0
-> /home/user/sitelooper/bench/results/fwrd59-n1-sitelooper-result.json

=== fwrd59-n1 === (run self-reported: completed)
  obj 1  PASS  seq 1: ticket t15 (RD-1015) "fwrd59-n1 RD Bench Ticket"
  obj 2  PASS  seq 2 p18 cost=100 markup=25 price=125.00
  obj 3  PASS  seq 3 p19 cost=200 markup=25 price=250.00
  obj 4  PASS  seq 4: cost 100 -> 150, price 125.00 -> 187.50 (want 187.50), after the create at seq 2
  obj 5  PASS  seq 7: status Draft -> Ready
  obj 6  PASS  part A deleted, part B deleted, archive entry at seq 10; state: 0 part(s) surviving, ticket t15 archived=true
  claim 2  ok — run reported 125.00, app recorded 125.00
  claim 3  ok — run reported 250.00, app recorded 250.00
  claim 4  ok — run reported 187.50, app recorded 187.50
  summary: 6/6 objectives PASS, 0 price claim mismatch(es), 0 duplicate ticket(s)

App state: 15 tickets total, 1 left by benchmark runs (0 still active), 17 parts total, 10 mutation log entries.

[sweep] run 2/3: fwrd59-n2 (replay flow fwrd59, no orchestrator)
[reset] repairdesk: reloaded seed via http://127.0.0.1:4180/__reset
[sweep] fwrd59-n2: 5 drift ticket(s) → fwrd59-n2-drift.json

=== fwrd59-n2 === (run self-reported: no result file)
  note: no result file in /home/user/sitelooper/bench/results — objectives are still scored from the log,
        but the run's claimed prices cannot be cross-checked.
  obj 1  PASS  seq 1: ticket t15 (RD-1016) "fwrd59-n2 RD Bench Ticket"
  obj 2  PASS  seq 2 p18 cost=100 markup=25 price=125.00
  obj 3  PASS  seq 3 p19 cost=200 markup=25 price=250.00
  obj 4  PASS  seq 4: cost 100 -> 150, price 125.00 -> 187.50 (want 187.50), after the create at seq 2
  obj 5  PASS  seq 7: status Draft -> Ready
  obj 6  PASS  part A deleted, part B deleted, archive entry at seq 10; state: 0 part(s) surviving, ticket t15 archived=true
  claim 2  no claim parsed from the run's final report
  claim 3  no claim parsed from the run's final report
  claim 4  no claim parsed from the run's final report
  summary: 6/6 objectives PASS, 0 price claim mismatch(es), 0 duplicate ticket(s)

App state: 15 tickets total, 1 left by benchmark runs (0 still active), 17 parts total, 10 mutation log entries.

[sweep] run 3/3: fwrd59-n3 (replay flow fwrd59, no orchestrator)
[reset] repairdesk: reloaded seed via http://127.0.0.1:4180/__reset
[sweep] fwrd59-n3: 7 drift ticket(s) → fwrd59-n3-drift.json

=== fwrd59-n3 === (run self-reported: no result file)
  note: no result file in /home/user/sitelooper/bench/results — objectives are still scored from the log,
        but the run's claimed prices cannot be cross-checked.
  obj 1  PASS  seq 1: ticket t15 (RD-1017) "fwrd59-n3 RD Bench Ticket"
  obj 2  PASS  seq 2 p18 cost=100 markup=25 price=125.00
  obj 3  PASS  seq 3 p19 cost=200 markup=25 price=250.00
  obj 4  PASS  seq 4: cost 100 -> 150, price 125.00 -> 187.50 (want 187.50), after the create at seq 2
  obj 5  PASS  seq 7: status Draft -> Ready
  obj 6  PASS  part A deleted, part B deleted, archive entry at seq 10; state: 0 part(s) surviving, ticket t15 archived=true
  claim 2  no claim parsed from the run's final report
  claim 3  no claim parsed from the run's final report
  claim 4  no claim parsed from the run's final report
  summary: 6/6 objectives PASS, 0 price claim mismatch(es), 0 duplicate ticket(s)

App state: 15 tickets total, 1 left by benchmark runs (0 still active), 17 parts total, 10 mutation log entries.

Learning sweep fwrd59 (K=3)
┌─────────┬───┬─────────────┬──────────┬─────────────┬───────┬──────┬───────────┬───────┬──────────────┬────────┐
│ (index) │ n │ runid       │ verified │ stop        │ turns │ cmds │ total_usd │ A_n   │ replayed     │ wall_s │
├─────────┼───┼─────────────┼──────────┼─────────────┼───────┼──────┼───────────┼───────┼──────────────┼────────┤
│ 0       │ 1 │ 'fwrd59-n1' │ '6/6'    │ 'completed' │ 7     │ 6    │ 0.0585    │ 0.167 │ '1/6'        │ 313    │
│ 1       │ 2 │ 'fwrd59-n2' │ '6/6'    │ 'success'   │ 7     │ 6    │ 0.0041    │ 0.83  │ '6/6 (flow)' │ 72     │
│ 2       │ 3 │ 'fwrd59-n3' │ '6/6'    │ 'success'   │ 9     │ 6    │ 0.0048    │ 0.83  │ '6/6 (flow)' │ 84     │
└─────────┴───┴─────────────┴──────────┴─────────────┴───────┴──────┴───────────┴───────┴──────────────┴────────┘
http://127.0.0.1:4180
  s_c8a27d  validated   18 steps  6/6 (100%)
           On the detail page of ticket {{v1}} (titled '{{v2}}'), add a part named exactly '{{v4}}' with cost {{v5}} and …
  s_22630a  provisional  4 steps  1/3 (33%)
           Open {{v2}} and sign in with email {{v3}} and password {{v4}}. Then create a new ticket titled exactly '{{v5}}…
  s_394c49  validated   14 steps  3/3 (100%)
           On the detail page of ticket {{v1}} (titled '{{v2}}', currently {{v4}}), the goal is to get the ticket into st…
  s_552b8b  validated    3 steps  3/3 (100%)
           Open {{v2}} and sign in with email {{v3}} and password {{v4}}. Then create a new ticket titled exactly '{{v5}}…
  s_658010  validated   14 steps  3/3 (100%)
           On the detail page of ticket {{v1}}, edit the part named '{{v2}}' and change its cost from 100 to {{v4}}, keep…
  s_7399f6  validated    8 steps  3/3 (100%)
           On the detail page of ticket {{v1}} (titled '{{v2}}', status {{v4}}), delete both parts: '{{v5}}' and '{{v6}}'…
  s_75ee4a  validated    4 steps  3/3 (100%)
           On the detail page of ticket {{v1}} (titled '{{v2}}', status {{v4}}), delete both parts: '{{v5}}' and '{{v6}}'…
  s_a0dc9c  validated    4 steps  3/3 (100%)
           On the detail page of ticket {{v1}} (titled '{{v2}}', status {{v4}}), delete both parts: '{{v5}}' and '{{v6}}'…
  s_da499d  validated    1 steps  3/3 (100%)
           Open {{v2}} and sign in with email {{v3}} and password {{v4}}. Then create a new ticket titled exactly '{{v5}}…
  s_1295db  provisional  3 steps  1/1 (100%)  variant of s_22630a
           Open http://127.0.0.1:4180/ and sign in with email bench@example.com and password bench-pass-1234. Then create…
  s_13bab6  provisional  1 steps  1/1 (100%)  variant of s_22630a
           Open http://127.0.0.1:4180/ and sign in with email bench@example.com and password bench-pass-1234. Then create…
  s_30e79c  provisional  5 steps  1/1 (100%)  variant of s_22630a
           Open http://127.0.0.1:4180/ and sign in with email bench@example.com and password bench-pass-1234. Then create…
  s_3b8f38  provisional  6 steps  1/1 (100%)
           Open {{v2}} and sign in with email {{v3}} and password {{v4}}. Then create a new ticket titled exactly '{{v5}}…
  s_43af91  provisional  1 steps  1/1 (100%)  variant of s_22630a
           Open http://127.0.0.1:4180/ and sign in with email bench@example.com and password bench-pass-1234. Then create…
  s_732fcc  provisional  3 steps  1/1 (100%)  variant of s_22630a
           Open http://127.0.0.1:4180/ and sign in with email bench@example.com and password bench-pass-1234. Then create…
  s_984fec  provisional  1 steps  1/1 (100%)  variant of s_22630a
           Open http://127.0.0.1:4180/ and sign in with email bench@example.com and password bench-pass-1234. Then create…
  s_b377cf  provisional  1 steps  1/1 (100%)  variant of s_22630a
           Open http://127.0.0.1:4180/ and sign in with email bench@example.com and password bench-pass-1234. Then create…
  s_b6f74e  provisional  3 steps  1/1 (100%)  variant of s_22630a
           Open http://127.0.0.1:4180/ and sign in with email bench@example.com and password bench-pass-1234. Then create…
  s_c87b79  provisional  4 steps  1/1 (100%)  variant of s_22630a
           Open http://127.0.0.1:4180/ and sign in with email bench@example.com and password bench-pass-1234. Then create…
  s_cc2800  provisional  1 steps  1/1 (100%)  variant of s_22630a
           Open http://127.0.0.1:4180/ and sign in with email bench@example.com and password bench-pass-1234. Then create…
  s_f61660  provisional  1 steps  1/1 (100%)  variant of s_22630a
           Open http://127.0.0.1:4180/ and sign in with email bench@example.com and password bench-pass-1234. Then create…
  s_f94861  provisional  1 steps  1/1 (100%)  variant of s_22630a
           Open http://127.0.0.1:4180/ and sign in with email bench@example.com and password bench-pass-1234. Then create…
store: /home/user/sitelooper/bench/results/fwrd59-skills

summary: /home/user/sitelooper/bench/results/fwrd59-sweep.json
