
[sweep] run 1/3: fwrd74-n1 (store: /home/user/sitelooper/bench/results/fwrd74-skills)
[harness] repairdesk: defaulting APP_URL
[harness] repairdesk: defaulting APP_EMAIL
[harness] repairdesk: defaulting APP_PASSWORD
[reset] repairdesk: reloaded seed via http://127.0.0.1:4180/__reset
[harness] repairdesk responded 200 at http://127.0.0.1:4180/
stopped: fwrd74-n1
  flow "fwrd74" saved: 9 step(s), vars runid → /home/user/sitelooper/bench/results/flows/fwrd74.json
  warning: note: dropped 9 locator candidate(s) carrying a value this run minted (known only by export time)
  warning: note: 01-open no longer publishes raised_date — no replay reads it from the page and the recording showed no line to read
  warning: note: 02-add no longer publishes ticket_total, part_row_name, part_row_cost, part_row_markup, part_row_quantity, part_row_supplier, part_row_price, part_row_actions — no replay reads them from the page and the recording showed no line to read
  warning: note: 03-add no longer publishes new_part_name, new_part_cost, new_part_markup, new_part_quantity, new_part_supplier, new_part_price_computed, ticket_total, parts_table_rows, ticket_total_label, ticket_total_amount — no replay reads them from the page and the recording showed no line to read
  warning: note: 04-edit no longer publishes detail_url — no replay reads it from the page and the recording showed no line to read
  warning: note: 05-set no longer publishes detail_url, status_before_attempt, error_message_shown, dialog_triggered — no replay reads them from the page and the recording showed no line to read
  warning: note: 06-report no longer publishes part_count — no replay reads it from the page and the recording showed no line to read
  warning: note: 07-create no longer publishes scratch_ticket_url — no replay reads it from the page and the recording showed no line to read
  warning: note: 08-delete no longer publishes final_detail_actions — no replay reads it from the page and the recording showed no line to read
  warning: warning: 1 value(s) KNOWN to be this run's survived unslotted — a replay will act on or wait for the recording's value (non-fatal outside locators):
  flow.steps[8].outputs[8]: "fwrd74-n1" (var) in "search_fwrd74-n1_default"
  warning: warning: 220 other value(s) the run saw survived unslotted, judged by shape only (usually page copy; non-fatal):
  flow.steps[4].instruction: "Ready" (output) in "On the detail page of ticket '{{runid}} RD Bench Ticket' ({{01-open.ticket_reference}}), attempt to set the ticket's status to 'Ready' (there is a '{{01-open.av"
  flow.steps[5].instruction: "Ready" (output) in "Hard-reload the ticket detail page for ticket {{01-open.ticket_reference}} ({{runid}} RD Bench Ticket) at {{01-open.url}}, then also check the main tickets list"
  flow.steps[5].params.v6: "Ready" (output) in "Ready"
  flow.steps[8].outputs[9]: "RD-1015" (output) in "search_RD-1015_default"
  flow.steps[8].outputs[10]: "RD-1016" (output) in "search_RD-1016_default"
  warning: {{07-create.status_changed}} (used by 08-delete) can only be re-observed by model recovery — consider re-recording so the value is read from the page.
  warning: 07-create reports status_changed, but no segment of the procedure it pins (s_367a7d, through its last segment s_cecbbc) re-reads it from the page — a replay without the model will succeed without that value; re-record so a read for it lands in s_cecbbc.
arm=sitelooper model=z-ai/glm-5.3 runid=fwrd74-n1 stop=completed
turns=10 wall=536.7s
commands=9 cmdTime=410.7s cmdBytes=13729 timeouts=0
orchestrator in=18016 cw=0 cr=33152 out=4880
inner prompt=2333342 cached=2176512 completion=23513
spend=$0.0995 maxUsd=3
learn: A_n=0.18 replayed=1/9 full=1 repaired=0 compiled=8 variants=0
-> /home/user/sitelooper/bench/results/fwrd74-n1-sitelooper-result.json

=== fwrd74-n1 === (run self-reported: completed)
  obj 1  PASS  seq 1: ticket t15 (RD-1015) "fwrd74-n1 RD Bench Ticket"
  obj 2  PASS  seq 2 p18 cost=100 markup=25 price=125.00
  obj 3  PASS  seq 3 p19 cost=200 markup=25 price=250.00
  obj 4  PASS  seq 4: cost 100 -> 150, price 125.00 -> 187.50 (want 187.50), after the create at seq 2
  obj 5  PASS  seq 5: status Draft -> Ready
  obj 6  PASS  part A deleted, part B deleted, archive entry at seq 9; state: 0 part(s) surviving, ticket t15 archived=true
  claim 2  ok — run reported 125.00, app recorded 125.00
  claim 3  ok — run reported 250.00, app recorded 250.00
  claim 4  ok — run reported 187.50, app recorded 187.50
  summary: 6/6 objectives PASS, 0 price claim mismatch(es), 0 duplicate ticket(s)

App state: 16 tickets total, 1 left by benchmark runs (0 still active), 17 parts total, 10 mutation log entries.

[sweep] run 2/3: fwrd74-n2 (replay flow fwrd74, no orchestrator)
[reset] repairdesk: reloaded seed via http://127.0.0.1:4180/__reset
[sweep] fwrd74-n2: 2 drift ticket(s) → fwrd74-n2-drift.json

=== fwrd74-n2 === (run self-reported: no result file)
  note: no result file in /home/user/sitelooper/bench/results — objectives are still scored from the log,
        but the run's claimed prices cannot be cross-checked.
  obj 1  PASS  seq 1: ticket t15 (RD-1017) "fwrd74-n2 RD Bench Ticket"
  obj 2  PASS  seq 2 p18 cost=100 markup=25 price=125.00
  obj 3  PASS  seq 3 p19 cost=200 markup=25 price=250.00
  obj 4  PASS  seq 4: cost 100 -> 150, price 125.00 -> 187.50 (want 187.50), after the create at seq 2
  obj 5  PASS  seq 5: status Draft -> Ready
  obj 6  PASS  part A deleted, part B deleted, archive entry at seq 9; state: 0 part(s) surviving, ticket t15 archived=true
  claim 2  no claim parsed from the run's final report
  claim 3  no claim parsed from the run's final report
  claim 4  no claim parsed from the run's final report
  summary: 6/6 objectives PASS, 0 price claim mismatch(es), 0 duplicate ticket(s)

App state: 16 tickets total, 1 left by benchmark runs (0 still active), 17 parts total, 10 mutation log entries.

[sweep] run 3/3: fwrd74-n3 (replay flow fwrd74, no orchestrator)
[reset] repairdesk: reloaded seed via http://127.0.0.1:4180/__reset
[sweep] fwrd74-n3: 2 drift ticket(s) → fwrd74-n3-drift.json

=== fwrd74-n3 === (run self-reported: no result file)
  note: no result file in /home/user/sitelooper/bench/results — objectives are still scored from the log,
        but the run's claimed prices cannot be cross-checked.
  obj 1  PASS  seq 1: ticket t15 (RD-1019) "fwrd74-n3 RD Bench Ticket"
  obj 2  PASS  seq 2 p18 cost=100 markup=25 price=125.00
  obj 3  PASS  seq 3 p19 cost=200 markup=25 price=250.00
  obj 4  PASS  seq 4: cost 100 -> 150, price 125.00 -> 187.50 (want 187.50), after the create at seq 2
  obj 5  PASS  seq 5: status Draft -> Ready
  obj 6  PASS  part A deleted, part B deleted, archive entry at seq 9; state: 0 part(s) surviving, ticket t15 archived=true
  claim 2  no claim parsed from the run's final report
  claim 3  no claim parsed from the run's final report
  claim 4  no claim parsed from the run's final report
  summary: 6/6 objectives PASS, 0 price claim mismatch(es), 0 duplicate ticket(s)

App state: 16 tickets total, 1 left by benchmark runs (0 still active), 17 parts total, 10 mutation log entries.

Learning sweep fwrd74 (K=3)
┌─────────┬───┬─────────────┬──────────┬─────────────┬───────┬──────┬───────────┬──────┬──────────────┬────────┐
│ (index) │ n │ runid       │ verified │ stop        │ turns │ cmds │ total_usd │ A_n  │ replayed     │ wall_s │
├─────────┼───┼─────────────┼──────────┼─────────────┼───────┼──────┼───────────┼──────┼──────────────┼────────┤
│ 0       │ 1 │ 'fwrd74-n1' │ '6/6'    │ 'completed' │ 10    │ 9    │ 0.0995    │ 0.18 │ '1/9'        │ 537    │
│ 1       │ 2 │ 'fwrd74-n2' │ '6/6'    │ 'success'   │ 0     │ 9    │ 0         │ 1    │ '9/9 (flow)' │ 45     │
│ 2       │ 3 │ 'fwrd74-n3' │ '6/6'    │ 'success'   │ 0     │ 9    │ 0         │ 1    │ '9/9 (flow)' │ 45     │
└─────────┴───┴─────────────┴──────────┴─────────────┴───────┴──────┴───────────┴──────┴──────────────┴────────┘
http://127.0.0.1:4180
  s_512297  validated   23 steps  6/6 (100%)
           On the detail page of ticket '{{v1}}' ({{v3}}), add a part named '{{v4}}' with cost {{v5}} and markup {{v6}}. …
  s_0f970e  validated   10 steps  3/3 (100%)
           On the detail page of ticket {{v1}} ({{v2}}) at {{v4}}, delete BOTH parts: '{{v6}}' and '{{v7}}'. Confirm any …
  s_22c5d8  validated    5 steps  3/3 (100%)
           Create a NEW scratch ticket titled '{{v5}}' (fill required fields with placeholder values). On its detail page…
  s_34e0ba  validated    6 steps  3/3 (100%)
           On the detail page of ticket {{v1}} ({{v2}}) at {{v4}}, delete BOTH parts: '{{v6}}' and '{{v7}}'. Confirm any …
  s_367a7d  validated    1 steps  3/3 (100%)
           Create a NEW scratch ticket titled '{{v5}}' (fill required fields with placeholder values). On its detail page…
  s_3cab19  validated    5 steps  3/3 (100%)
           Open {{v2}} and sign in with email {{v3}} and password {{v4}}. Then create a new ticket titled '{{v1}} RD Benc…
  s_3fd4c8  validated    8 steps  3/3 (100%)
           Go to the detail page of the scratch ticket {{v1}} ('{{v2}}') at {{v4}} and archive it (click '{{v6}}', confir…
  s_46edfa  validated    3 steps  3/3 (100%)
           Go to the detail page of the scratch ticket {{v1}} ('{{v2}}') at {{v4}} and archive it (click '{{v6}}', confir…
  s_5f9a7d  validated    6 steps  3/3 (100%)
           Go to the detail page of the scratch ticket {{v1}} ('{{v2}}') at {{v4}} and archive it (click '{{v6}}', confir…
  s_6a48e0  validated    1 steps  3/3 (100%)
           On the detail page of ticket {{v1}} ({{v2}}) at {{v4}}, delete BOTH parts: '{{v6}}' and '{{v7}}'. Confirm any …
  s_862de3  validated    1 steps  3/3 (100%)
           Open {{v2}} and sign in with email {{v3}} and password {{v4}}. Then create a new ticket titled '{{v1}} RD Benc…
  s_906a1e  validated    8 steps  3/3 (100%)
           Hard-reload the ticket detail page for ticket {{v1}} ({{v2}}) at {{v4}}, then also check the main tickets list…
  s_925b3a  validated   21 steps  3/3 (100%)
           On the detail page of ticket '{{v1}}' ({{v3}}), edit the part named '{{v4}}' to change its cost from 100 to {{…
  s_acae71  validated    2 steps  3/3 (100%)
           Hard-reload the ticket detail page for ticket {{v1}} ({{v2}}) at {{v4}}, then also check the main tickets list…
  s_c08d51  validated   10 steps  3/3 (100%)
           Open {{v2}} and sign in with email {{v3}} and password {{v4}}. Then create a new ticket titled '{{v1}} RD Benc…
  s_cecbbc  validated   13 steps  3/3 (100%)
           Create a NEW scratch ticket titled '{{v5}}' (fill required fields with placeholder values). On its detail page…
  s_d0d102  validated    2 steps  3/3 (100%)
           Hard-reload the ticket detail page for ticket {{v1}} ({{v2}}) at {{v4}}, then also check the main tickets list…
  s_e4bc92  validated    1 steps  3/3 (100%)
           Go to the detail page of the scratch ticket {{v1}} ('{{v2}}') at {{v4}} and archive it (click '{{v6}}', confir…
  s_ec9766  validated    3 steps  3/3 (100%)
           Open {{v2}} and sign in with email {{v3}} and password {{v4}}. Then create a new ticket titled '{{v1}} RD Benc…
  s_fcf0c8  validated    9 steps  3/3 (100%)
           On the detail page of ticket '{{v1}}' ({{v3}}), attempt to set the ticket's status to 'Ready' (there is a '{{v…
store: /home/user/sitelooper/bench/results/fwrd74-skills

summary: /home/user/sitelooper/bench/results/fwrd74-sweep.json
