
[sweep] run 1/3: fwrd70-n1 (store: /home/user/sitelooper/bench/results/fwrd70-skills)
[harness] repairdesk: defaulting APP_URL
[harness] repairdesk: defaulting APP_EMAIL
[harness] repairdesk: defaulting APP_PASSWORD
[reset] repairdesk: reloaded seed via http://127.0.0.1:4180/__reset
[harness] repairdesk responded 200 at http://127.0.0.1:4180/
stopped: fwrd70-n1
  flow "fwrd70" saved: 6 step(s), vars runid → /home/user/sitelooper/bench/results/flows/fwrd70.json
  warning: note: dropped 3 locator candidate(s) carrying a value this run minted (known only by export time)
  warning: note: 01-open no longer publishes internal_ticket_id, active_tickets_count_text, ticket_title_field — no replay reads them from the page and the recording showed no line to read
  warning: note: 02-add no longer publishes parts_total, part_a_full_row — no replay reads them from the page and the recording showed no line to read
  warning: note: 03-add no longer publishes part_a_cost, part_a_markup, part_a_price, part_a_row, part_b_cost, part_b_markup, part_b_price, part_b_row, parts_total, parts_total_label, parts_total_value — no replay reads them from the page and the recording showed no line to read
  warning: note: 05-set no longer publishes status_after, status_before — no replay reads them from the page and the recording showed no line to read
  warning: note: 06-delete no longer publishes active_list_count, refusals_seen — no replay reads them from the page and the recording showed no line to read
  warning: warning: 139 other value(s) the run saw survived unslotted, judged by shape only (usually page copy; non-fatal):
  flow.steps[0].instruction: "title" (output) in "Open http://127.0.0.1:4180/ and sign in with email bench@example.com and password bench-pass-1234. Then create a new repair ticket titled exactly '{{runid}} RD "
  flow.steps[0].outputs[3]: "customer" (output) in "customer"
  flow.steps[4].instruction: "Ready" (output) in "On ticket {{01-open.ticket_reference}} ('{{runid}} RD Bench Ticket') in the repair-desk app, I need the ticket's status changed to 'Ready'. Try to set the statu"
  flow.steps[5].instruction: "Ready" (output) in "On ticket {{01-open.ticket_reference}} ('{{runid}} RD Bench Ticket') in the repair-desk app, which is currently in status Ready: delete both of its parts — '{{r"
  flow.steps[5].params.v4: "Ready" (output) in "Ready"
arm=sitelooper model=z-ai/glm-5.3 runid=fwrd70-n1 stop=completed
turns=7 wall=359.7s
commands=6 cmdTime=327.2s cmdBytes=7924 timeouts=0
orchestrator in=8034 cw=0 cr=20800 out=2565
inner prompt=1061388 cached=968064 completion=13495
spend=$0.0529 maxUsd=3
learn: A_n=0.239 replayed=1/6 full=1 repaired=0 compiled=5 variants=0
-> /home/user/sitelooper/bench/results/fwrd70-n1-sitelooper-result.json

=== fwrd70-n1 === (run self-reported: completed)
  obj 1  PASS  seq 1: ticket t15 (RD-1015) "fwrd70-n1 RD Bench Ticket"
  obj 2  PASS  seq 2 p18 cost=100 markup=25 price=125.00
  obj 3  PASS  seq 3 p19 cost=200 markup=25 price=250.00
  obj 4  PASS  seq 4: cost 100 -> 150, price 125.00 -> 187.50 (want 187.50), after the create at seq 2
  obj 5  PASS  seq 5: status Draft -> Ready
  obj 6  PASS  part A deleted, part B deleted, archive entry at seq 8; state: 0 part(s) surviving, ticket t15 archived=true
  claim 2  ok — run reported 125.00, app recorded 125.00
  claim 3  ok — run reported 250.00, app recorded 250.00
  claim 4  ok — run reported 187.50, app recorded 187.50
  summary: 6/6 objectives PASS, 0 price claim mismatch(es), 0 duplicate ticket(s)

App state: 15 tickets total, 1 left by benchmark runs (0 still active), 17 parts total, 8 mutation log entries.

[sweep] run 2/3: fwrd70-n2 (replay flow fwrd70, no orchestrator)
[reset] repairdesk: reloaded seed via http://127.0.0.1:4180/__reset
[sweep] fwrd70-n2: 1 drift ticket(s) → fwrd70-n2-drift.json

=== fwrd70-n2 === (run self-reported: no result file)
  note: no result file in /home/user/sitelooper/bench/results — objectives are still scored from the log,
        but the run's claimed prices cannot be cross-checked.
  obj 1  PASS  seq 1: ticket t15 (RD-1016) "fwrd70-n2 RD Bench Ticket"
  obj 2  PASS  seq 2 p18 cost=100 markup=25 price=125.00
  obj 3  PASS  seq 3 p19 cost=200 markup=25 price=250.00
  obj 4  PASS  seq 4: cost 100 -> 150, price 125.00 -> 187.50 (want 187.50), after the create at seq 2
  obj 5  PASS  seq 5: status Draft -> Ready
  obj 6  PASS  part A deleted, part B deleted, archive entry at seq 8; state: 0 part(s) surviving, ticket t15 archived=true
  claim 2  no claim parsed from the run's final report
  claim 3  no claim parsed from the run's final report
  claim 4  no claim parsed from the run's final report
  summary: 6/6 objectives PASS, 0 price claim mismatch(es), 0 duplicate ticket(s)

App state: 15 tickets total, 1 left by benchmark runs (0 still active), 17 parts total, 8 mutation log entries.

[sweep] run 3/3: fwrd70-n3 (replay flow fwrd70, no orchestrator)
[reset] repairdesk: reloaded seed via http://127.0.0.1:4180/__reset
[sweep] fwrd70-n3: 2 drift ticket(s) → fwrd70-n3-drift.json

=== fwrd70-n3 === (run self-reported: no result file)
  note: no result file in /home/user/sitelooper/bench/results — objectives are still scored from the log,
        but the run's claimed prices cannot be cross-checked.
  obj 1  PASS  seq 1: ticket t15 (RD-1017) "fwrd70-n3 RD Bench Ticket"
  obj 2  PASS  seq 2 p18 cost=100 markup=25 price=125.00
  obj 3  PASS  seq 3 p19 cost=200 markup=25 price=250.00
  obj 4  PASS  seq 4: cost 100 -> 150, price 125.00 -> 187.50 (want 187.50), after the create at seq 2
  obj 5  PASS  seq 5: status Draft -> Ready
  obj 6  PASS  part A deleted, part B deleted, archive entry at seq 8; state: 0 part(s) surviving, ticket t15 archived=true
  claim 2  no claim parsed from the run's final report
  claim 3  no claim parsed from the run's final report
  claim 4  no claim parsed from the run's final report
  summary: 6/6 objectives PASS, 0 price claim mismatch(es), 0 duplicate ticket(s)

App state: 15 tickets total, 1 left by benchmark runs (0 still active), 17 parts total, 8 mutation log entries.

Learning sweep fwrd70 (K=3)
┌─────────┬───┬─────────────┬──────────┬─────────────┬───────┬──────┬───────────┬───────┬──────────────┬────────┐
│ (index) │ n │ runid       │ verified │ stop        │ turns │ cmds │ total_usd │ A_n   │ replayed     │ wall_s │
├─────────┼───┼─────────────┼──────────┼─────────────┼───────┼──────┼───────────┼───────┼──────────────┼────────┤
│ 0       │ 1 │ 'fwrd70-n1' │ '6/6'    │ 'completed' │ 7     │ 6    │ 0.0529    │ 0.239 │ '1/6'        │ 360    │
│ 1       │ 2 │ 'fwrd70-n2' │ '6/6'    │ 'success'   │ 0     │ 6    │ 0         │ 1     │ '6/6 (flow)' │ 25     │
│ 2       │ 3 │ 'fwrd70-n3' │ '6/6'    │ 'success'   │ 0     │ 6    │ 0         │ 1     │ '6/6 (flow)' │ 28     │
└─────────┴───┴─────────────┴──────────┴─────────────┴───────┴──────┴───────────┴───────┴──────────────┴────────┘
http://127.0.0.1:4180
  s_a0f51c  validated   17 steps  6/6 (100%)
           You are on the repair-desk app, signed in. Go to ticket '{{v1}}' (reference {{v3}}) and add a part to it: name…
  s_1241a3  validated   25 steps  3/3 (100%)
           On ticket {{v1}} ('{{v2}}') in the repair-desk app, edit the part '{{v4}}' to change its cost from 100 to {{v5…
  s_19eaa5  validated    5 steps  3/3 (100%)
           Open {{v2}} and sign in with email {{v3}} and password {{v4}}. Then create a new repair ticket titled exactly …
  s_41f9c5  validated    9 steps  3/3 (100%)
           On ticket {{v1}} ('{{v2}}') in the repair-desk app, which is currently in status {{v4}}: delete both of its pa…
  s_4e5da3  validated    1 steps  3/3 (100%)
           Open {{v2}} and sign in with email {{v3}} and password {{v4}}. Then create a new repair ticket titled exactly …
  s_53bcb7  validated   10 steps  3/3 (100%)
           On ticket {{v1}} ('{{v2}}') in the repair-desk app, I need the ticket's status changed to 'Ready'. Try to set …
  s_626a68  validated    3 steps  3/3 (100%)
           Open {{v2}} and sign in with email {{v3}} and password {{v4}}. Then create a new repair ticket titled exactly …
  s_83b6e3  validated    8 steps  3/3 (100%)
           On ticket {{v1}} ('{{v2}}') in the repair-desk app, which is currently in status {{v4}}: delete both of its pa…
  s_91fbf6  validated    7 steps  3/3 (100%)
           Open {{v2}} and sign in with email {{v3}} and password {{v4}}. Then create a new repair ticket titled exactly …
store: /home/user/sitelooper/bench/results/fwrd70-skills

summary: /home/user/sitelooper/bench/results/fwrd70-sweep.json
