
[sweep] run 1/3: fwrd66-n1 (store: /home/user/sitelooper/bench/results/fwrd66-skills)
[harness] repairdesk: defaulting APP_URL
[harness] repairdesk: defaulting APP_EMAIL
[harness] repairdesk: defaulting APP_PASSWORD
[reset] repairdesk: reloaded seed via http://127.0.0.1:4180/__reset
[harness] repairdesk responded 200 at http://127.0.0.1:4180/
stopped: fwrd66-n1
  flow "fwrd66" saved: 5 step(s), vars runid → /home/user/sitelooper/bench/results/flows/fwrd66.json
  warning: note: dropped 7 locator candidate(s) carrying a value this run minted (known only by export time)
  warning: note: 02-add no longer publishes part_b_markup — no replay reads it from the page and the recording showed no line to read
  warning: note: 04-set no longer publishes initial_status — no replay reads it from the page and the recording showed no line to read
  warning: note: 05-remove no longer publishes part_b_cost, part_b_markup, part_b_price, final_status — no replay reads them from the page and the recording showed no line to read
  warning: warning: 84 other value(s) the run saw survived unslotted, judged by shape only (usually page copy; non-fatal):
  flow.steps[3].instruction: "Ready" (output) in "On ticket {{01-signin.ticket_reference}}, try to set the ticket status to 'Ready'. The app enforces preconditions before accepting that status — if it refuses, "
  s_4cf222.reportTemplate.summary: "RD-1015" (output) in "Signed in to the Repair Desk app at {{v2}} as {{v3}}, then created a ticket titled '{{v5}}' via the \"New ticket\" dialog. The new ticket appears at the top of th"
  s_4cf222.reportTemplate.summary: "Draft" (output) in "Signed in to the Repair Desk app at {{v2}} as {{v3}}, then created a ticket titled '{{v5}}' via the \"New ticket\" dialog. The new ticket appears at the top of th"
  s_4cf222.reportTemplate.values.ticket_reference: "RD-1015" (output) in "RD-1015"
  s_4cf222.reportTemplate.values.ticket_status: "Draft" (output) in "Draft"
arm=sitelooper model=z-ai/glm-5.3 runid=fwrd66-n1 stop=completed
turns=6 wall=288.5s
commands=5 cmdTime=261.8s cmdBytes=4603 timeouts=0
orchestrator in=3732 cw=0 cr=16448 out=884
inner prompt=926507 cached=847360 completion=9008
spend=$0.0332 maxUsd=3
learn: A_n=0 replayed=0/5 full=0 repaired=0 compiled=5 variants=0
-> /home/user/sitelooper/bench/results/fwrd66-n1-sitelooper-result.json

=== fwrd66-n1 === (run self-reported: completed)
  obj 1  PASS  seq 1: ticket t15 (RD-1015) "fwrd66-n1 RD Bench Ticket"
  obj 2  PASS  seq 2 p18 cost=100 markup=25 price=125.00
  obj 3  PASS  seq 3 p19 cost=200 markup=25 price=250.00
  obj 4  PASS  seq 4: cost 100 -> 150, price 125.00 -> 187.50 (want 187.50), after the create at seq 2
  obj 5  PASS  seq 7: status Draft -> Ready
  obj 6  PASS  part A deleted, part B deleted, archive entry at seq 10; state: 0 part(s) surviving, ticket t15 archived=true
  claim 2  ok — run reported 125.00, app recorded 125.00
  claim 3  ok — run reported 250.00, app recorded 250.00
  claim 4  ok — run reported 187.50, app recorded 187.50
  summary: 6/6 objectives PASS, 0 price claim mismatch(es), 0 duplicate ticket(s)

App state: 15 tickets total, 1 left by benchmark runs (0 still active), 17 parts total, 10 mutation log entries.

[sweep] run 2/3: fwrd66-n2 (replay flow fwrd66, no orchestrator)
[reset] repairdesk: reloaded seed via http://127.0.0.1:4180/__reset
[sweep] fwrd66-n2: 1 drift ticket(s) → fwrd66-n2-drift.json

=== fwrd66-n2 === (run self-reported: no result file)
  note: no result file in /home/user/sitelooper/bench/results — objectives are still scored from the log,
        but the run's claimed prices cannot be cross-checked.
  obj 1  PASS  seq 1: ticket t15 (RD-1016) "fwrd66-n2 RD Bench Ticket"
  obj 2  PASS  seq 2 p18 cost=100 markup=25 price=125.00
  obj 3  PASS  seq 3 p19 cost=200 markup=25 price=250.00
  obj 4  PASS  seq 4: cost 100 -> 150, price 125.00 -> 187.50 (want 187.50), after the create at seq 2
  obj 5  PASS  seq 7: status Draft -> Ready
  obj 6  PASS  part A deleted, part B deleted, archive entry at seq 10; state: 0 part(s) surviving, ticket t15 archived=true
  claim 2  no claim parsed from the run's final report
  claim 3  no claim parsed from the run's final report
  claim 4  no claim parsed from the run's final report
  summary: 6/6 objectives PASS, 0 price claim mismatch(es), 0 duplicate ticket(s)

App state: 15 tickets total, 1 left by benchmark runs (0 still active), 17 parts total, 10 mutation log entries.

[sweep] run 3/3: fwrd66-n3 (replay flow fwrd66, no orchestrator)
[reset] repairdesk: reloaded seed via http://127.0.0.1:4180/__reset
[sweep] fwrd66-n3: 1 drift ticket(s) → fwrd66-n3-drift.json

=== fwrd66-n3 === (run self-reported: no result file)
  note: no result file in /home/user/sitelooper/bench/results — objectives are still scored from the log,
        but the run's claimed prices cannot be cross-checked.
  obj 1  PASS  seq 1: ticket t15 (RD-1017) "fwrd66-n3 RD Bench Ticket"
  obj 2  PASS  seq 2 p18 cost=100 markup=25 price=125.00
  obj 3  PASS  seq 3 p19 cost=200 markup=25 price=250.00
  obj 4  PASS  seq 4: cost 100 -> 150, price 125.00 -> 187.50 (want 187.50), after the create at seq 2
  obj 5  PASS  seq 7: status Draft -> Ready
  obj 6  PASS  part A deleted, part B deleted, archive entry at seq 10; state: 0 part(s) surviving, ticket t15 archived=true
  claim 2  no claim parsed from the run's final report
  claim 3  no claim parsed from the run's final report
  claim 4  no claim parsed from the run's final report
  summary: 6/6 objectives PASS, 0 price claim mismatch(es), 0 duplicate ticket(s)

App state: 15 tickets total, 1 left by benchmark runs (0 still active), 17 parts total, 10 mutation log entries.

Learning sweep fwrd66 (K=3)
┌─────────┬───┬─────────────┬──────────┬─────────────┬───────┬──────┬───────────┬─────┬──────────────┬────────┐
│ (index) │ n │ runid       │ verified │ stop        │ turns │ cmds │ total_usd │ A_n │ replayed     │ wall_s │
├─────────┼───┼─────────────┼──────────┼─────────────┼───────┼──────┼───────────┼─────┼──────────────┼────────┤
│ 0       │ 1 │ 'fwrd66-n1' │ '6/6'    │ 'completed' │ 6     │ 5    │ 0.0332    │ 0   │ '0/5'        │ 289    │
│ 1       │ 2 │ 'fwrd66-n2' │ '6/6'    │ 'success'   │ 0     │ 5    │ 0         │ 1   │ '5/5 (flow)' │ 20     │
│ 2       │ 3 │ 'fwrd66-n3' │ '6/6'    │ 'success'   │ 0     │ 5    │ 0         │ 1   │ '5/5 (flow)' │ 20     │
└─────────┴───┴─────────────┴──────────┴─────────────┴───────┴──────┴───────────┴─────┴──────────────┴────────┘
http://127.0.0.1:4180
  s_4c94ca  validated    3 steps  3/3 (100%)
           Sign in at {{v2}} with email {{v3}} and password {{v4}}, then create a ticket titled '{{v5}}' and verify it ap…
  s_4cf222  validated    8 steps  3/3 (100%)
           Sign in at {{v2}} with email {{v3}} and password {{v4}}, then create a ticket titled '{{v5}}' and verify it ap…
  s_5cf74e  validated   19 steps  3/3 (100%)
           On ticket {{v1}} ('{{v2}}'), add a part named '{{v4}}' with cost {{v5}} and markup 25, and a second part named…
  s_7fc5b3  validated   17 steps  3/3 (100%)
           On ticket {{v1}}, try to set the ticket status to 'Ready'. The app enforces preconditions before accepting tha…
  s_8f754b  validated    1 steps  3/3 (100%)
           On ticket {{v1}} ('{{v2}}'), add a part named '{{v4}}' with cost {{v5}} and markup 25, and a second part named…
  s_9e3aed  validated    2 steps  3/3 (100%)
           Sign in at {{v2}} with email {{v3}} and password {{v4}}, then create a ticket titled '{{v5}}' and verify it ap…
  s_ad3506  validated   10 steps  3/3 (100%)
           On ticket {{v1}}, change the cost of part '{{v2}}' from 100 to {{v4}} (keep markup 25) and wait for the refres…
  s_d4853b  validated    6 steps  3/3 (100%)
           On ticket {{v1}}, remove both parts ('{{v2}}' and '{{v4}}'), then archive the ticket so it no longer appears i…
  s_e2dc16  validated    8 steps  3/3 (100%)
           On ticket {{v1}}, remove both parts ('{{v2}}' and '{{v4}}'), then archive the ticket so it no longer appears i…
store: /home/user/sitelooper/bench/results/fwrd66-skills

summary: /home/user/sitelooper/bench/results/fwrd66-sweep.json
