
[sweep] run 1/3: fwrd63-n1 (store: /home/user/sitelooper/bench/results/fwrd63-skills)
[harness] repairdesk: defaulting APP_URL
[harness] repairdesk: defaulting APP_EMAIL
[harness] repairdesk: defaulting APP_PASSWORD
[reset] repairdesk: reloaded seed via http://127.0.0.1:4180/__reset
[harness] repairdesk responded 200 at http://127.0.0.1:4180/
stopped: fwrd63-n1
  flow "fwrd63" saved: 9 step(s), vars runid → /home/user/sitelooper/bench/results/flows/fwrd63.json
  warning: note: dropped 10 locator candidate(s) carrying a value this run minted (known only by export time)
  warning: note: 02-create no longer publishes list_count, detail_url — no replay reads them from the page and the recording showed no line to read
  warning: note: 04-add no longer publishes part_a_row, part_b_row — no replay reads them from the page and the recording showed no line to read
  warning: note: 06-set no longer publishes bold_claim, error_message_shown, other_ready_ticket_in_data — no replay reads them from the page and the recording showed no line to read
  warning: note: 09-create no longer publishes archived_list_count — no replay reads it from the page and the recording showed no line to read
  warning: note: 04-add: added a read for ticket_total_label to s_9aca0b (page.getByRole('cell', { name: 'Total (price × quantity)', exact: true }); seen on the next instruction's start page)
  warning: note: 04-add: added a read for ticket_total to s_9aca0b (page.getByRole('cell', { name: '$375.00', exact: true }); seen on the next instruction's start page)
  warning: warning: contradicted-step: 07-find read status_after_attempt "Draft" right after 06-set reported "Paragraph 'Status' + generic 'Ready'; buttons 'Mark Draft', 'Mark Closed', 'Archive ticket'; parts note: 'Price is calculated from cost and markup when the part is saved.'"; 06-set's change may not have landed and a later step may be retrying it. Re-record 06-set.
  warning: warning: 205 other value(s) the run saw survived unslotted, judged by shape only (usually page copy; non-fatal):
  flow.steps[0].instruction: "bench-pass-1234" (output) in "Open http://127.0.0.1:4180/ and sign in with email bench@example.com and password bench-pass-1234. After signing in, report briefly what the app's main screens "
  flow.steps[0].params.v3: "bench-pass-1234" (output) in "bench-pass-1234"
  flow.steps[0].route: "http://127.0.0.1:4180/#/tickets" (output) in "http://127.0.0.1:4180/#/tickets/:id"
  flow.steps[1].route: "http://127.0.0.1:4180/#/tickets" (output) in "http://127.0.0.1:4180/#/tickets/:id"
  flow.steps[2].route: "http://127.0.0.1:4180/#/tickets" (output) in "http://127.0.0.1:4180/#/tickets/:id"
arm=sitelooper model=z-ai/glm-5.3 runid=fwrd63-n1 stop=completed
turns=10 wall=631.4s
commands=9 cmdTime=506.3s cmdBytes=10689 timeouts=0
orchestrator in=44081 cw=0 cr=2944 out=5910
inner prompt=2212602 cached=2058112 completion=27772
spend=$0.1345 maxUsd=3
learn: A_n=0.074 replayed=1/9 full=1 repaired=0 compiled=8 variants=0
-> /home/user/sitelooper/bench/results/fwrd63-n1-sitelooper-result.json

=== fwrd63-n1 === (run self-reported: completed)
  obj 1  PASS  seq 1: ticket t15 (RD-1015) "fwrd63-n1 RD Bench Ticket"
  obj 2  PASS  seq 2 p18 cost=100 markup=25 price=125.00
  obj 3  PASS  seq 3 p19 cost=200 markup=25 price=250.00
  obj 4  PASS  seq 4: cost 100 -> 150, price 125.00 -> 187.50 (want 187.50), after the create at seq 2
  obj 5  PASS  seq 5: status Draft -> Ready
  obj 6  PASS  part A deleted, part B deleted, archive entry at seq 8; state: 0 part(s) surviving, ticket t15 archived=true
  claim 2  ok — run reported 125.00, app recorded 125.00
  claim 3  ok — run reported 250.00, app recorded 250.00
  claim 4  ok — run reported 187.50, app recorded 187.50
  summary: 6/6 objectives PASS, 0 price claim mismatch(es), 0 duplicate ticket(s)

App state: 15 tickets total, 1 left by benchmark runs (0 still active), 17 parts total, 8 mutation log entries.

[sweep] run 2/3: fwrd63-n2 (replay flow fwrd63, no orchestrator)
[reset] repairdesk: reloaded seed via http://127.0.0.1:4180/__reset
[sweep] fwrd63-n2: 3 drift ticket(s) → fwrd63-n2-drift.json

=== fwrd63-n2 === (run self-reported: no result file)
  note: no result file in /home/user/sitelooper/bench/results — objectives are still scored from the log,
        but the run's claimed prices cannot be cross-checked.
  obj 1  PASS  seq 1: ticket t15 (RD-1016) "fwrd63-n2 RD Bench Ticket"
  obj 2  PASS  seq 2 p18 cost=100 markup=25 price=125.00
  obj 3  PASS  seq 3 p19 cost=200 markup=25 price=250.00
  obj 4  PASS  seq 4: cost 100 -> 150, price 125.00 -> 187.50 (want 187.50), after the create at seq 2
  obj 5  PASS  seq 5: status Draft -> Ready
  obj 6  PASS  part A deleted, part B deleted, archive entry at seq 8; state: 0 part(s) surviving, ticket t15 archived=true
  claim 2  no claim parsed from the run's final report
  claim 3  no claim parsed from the run's final report
  claim 4  no claim parsed from the run's final report
  summary: 6/6 objectives PASS, 0 price claim mismatch(es), 0 duplicate ticket(s)

App state: 15 tickets total, 1 left by benchmark runs (0 still active), 17 parts total, 8 mutation log entries.

[sweep] run 3/3: fwrd63-n3 (replay flow fwrd63, no orchestrator)
[reset] repairdesk: reloaded seed via http://127.0.0.1:4180/__reset
[sweep] fwrd63-n3: 4 drift ticket(s) → fwrd63-n3-drift.json

=== fwrd63-n3 === (run self-reported: no result file)
  note: no result file in /home/user/sitelooper/bench/results — objectives are still scored from the log,
        but the run's claimed prices cannot be cross-checked.
  obj 1  PASS  seq 1: ticket t15 (RD-1017) "fwrd63-n3 RD Bench Ticket"
  obj 2  PASS  seq 2 p18 cost=100 markup=25 price=125.00
  obj 3  PASS  seq 3 p19 cost=200 markup=25 price=250.00
  obj 4  PASS  seq 4: cost 100 -> 150, price 125.00 -> 187.50 (want 187.50), after the create at seq 2
  obj 5  PASS  seq 5: status Draft -> Ready
  obj 6  PASS  part A deleted, part B deleted, archive entry at seq 8; state: 0 part(s) surviving, ticket t15 archived=true
  claim 2  no claim parsed from the run's final report
  claim 3  no claim parsed from the run's final report
  claim 4  no claim parsed from the run's final report
  summary: 6/6 objectives PASS, 0 price claim mismatch(es), 0 duplicate ticket(s)

App state: 15 tickets total, 1 left by benchmark runs (0 still active), 17 parts total, 8 mutation log entries.

Learning sweep fwrd63 (K=3)
┌─────────┬───┬─────────────┬──────────┬─────────────┬───────┬──────┬───────────┬───────┬──────────────┬────────┐
│ (index) │ n │ runid       │ verified │ stop        │ turns │ cmds │ total_usd │ A_n   │ replayed     │ wall_s │
├─────────┼───┼─────────────┼──────────┼─────────────┼───────┼──────┼───────────┼───────┼──────────────┼────────┤
│ 0       │ 1 │ 'fwrd63-n1' │ '6/6'    │ 'completed' │ 10    │ 9    │ 0.1345    │ 0.074 │ '1/9'        │ 631    │
│ 1       │ 2 │ 'fwrd63-n2' │ '6/6'    │ 'success'   │ 0     │ 9    │ 0         │ 1     │ '9/9 (flow)' │ 48     │
│ 2       │ 3 │ 'fwrd63-n3' │ '6/6'    │ 'success'   │ 0     │ 9    │ 0         │ 1     │ '9/9 (flow)' │ 51     │
└─────────┴───┴─────────────┴──────────┴─────────────┴───────┴──────┴───────────┴───────┴──────────────┴────────┘
http://127.0.0.1:4180
  s_9aca0b  validated   10 steps  6/6 (100%)
           On the ticket detail page for ticket {{v1}} (titled '{{v2}}'), add a part named exactly '{{v4}}' with cost {{v…
  s_09e2be  validated    1 steps  3/3 (100%)
           In the tickets list, find an EXISTING ticket (NOT {{v1}}, and not any ticket titled '{{v2}}') that is in {{v4}…
  s_1758ad  validated    9 steps  3/3 (100%)
           On the ticket detail page for ticket {{v1}} (titled '{{v2}}'), delete BOTH parts: '{{v5}}' and '{{v6}}'. Confi…
  s_17835e  validated    5 steps  3/3 (100%)
           On the ticket detail page for ticket {{v1}} (titled '{{v2}}'), attempt to set the ticket status to 'Ready' (th…
  s_213dcc  validated    9 steps  3/3 (100%)
           Final verification, read-only — do not create, edit, or delete anything. Go to the tickets list WITHOUT 'Show …
  s_3dac23  validated    6 steps  3/3 (100%)
           From the tickets list, create a new ticket titled exactly '{{v2}}'. Fill in any required fields with sensible …
  s_46f928  validated    4 steps  3/3 (100%)
           On the ticket detail page for ticket {{v1}} (titled '{{v2}}'), delete BOTH parts: '{{v5}}' and '{{v6}}'. Confi…
  s_5c9803  validated    2 steps  3/3 (100%)
           Open {{v1}} and sign in with email {{v2}} and password {{v3}}. After signing in, report briefly what the app's…
  s_60225c  validated    1 steps  3/3 (100%)
           From the tickets list, create a new ticket titled exactly '{{v2}}'. Fill in any required fields with sensible …
  s_9a4752  validated    1 steps  3/3 (100%)
           On the ticket detail page for ticket {{v1}} (titled '{{v2}}'), delete BOTH parts: '{{v5}}' and '{{v6}}'. Confi…
  s_9a5195  validated    1 steps  3/3 (100%)
           On the ticket detail page for ticket {{v1}} (titled '{{v2}}'), attempt to set the ticket status to 'Ready' (th…
  s_9f761a  validated    1 steps  3/3 (100%)
           Open {{v1}} and sign in with email {{v2}} and password {{v3}}. After signing in, report briefly what the app's…
  s_aa64a5  validated    6 steps  3/3 (100%)
           From the tickets list, create a new ticket titled exactly '{{v2}}'. Fill in any required fields with sensible …
  s_b97e22  validated    1 steps  3/3 (100%)
           On the ticket detail page for ticket {{v1}} (titled '{{v2}}'), delete BOTH parts: '{{v5}}' and '{{v6}}'. Confi…
  s_bc768b  validated    1 steps  3/3 (100%)
           On the ticket detail page for ticket {{v1}} (titled '{{v2}}'), attempt to set the ticket status to 'Ready' (th…
  s_bf788b  validated    1 steps  3/3 (100%)
           On the ticket detail page for ticket {{v1}} (titled '{{v2}}'), attempt to set the ticket status to 'Ready' (th…
  s_c0b38d  validated    6 steps  3/3 (100%)
           Open {{v1}} and sign in with email {{v2}} and password {{v3}}. After signing in, report briefly what the app's…
  s_d85d1f  validated    3 steps  3/3 (100%)
           On the ticket detail page for ticket {{v1}} (titled '{{v2}}'), attempt to set the ticket status to 'Ready' (th…
  s_e33c53  validated    3 steps  3/3 (100%)
           Open {{v1}} and sign in with email {{v2}} and password {{v3}}. After signing in, report briefly what the app's…
  s_f40342  validated    1 steps  3/3 (100%)
           In the tickets list, find an EXISTING ticket (NOT {{v1}}, and not any ticket titled '{{v2}}') that is in {{v4}…
  s_fae4fc  validated    7 steps  3/3 (100%)
           On the ticket detail page for ticket {{v1}}, edit the part named '{{v3}}' to change its cost from 100 to {{v4}…
  s_fecb58  validated    5 steps  3/3 (100%)
           In the tickets list, find an EXISTING ticket (NOT {{v1}}, and not any ticket titled '{{v2}}') that is in {{v4}…
store: /home/user/sitelooper/bench/results/fwrd63-skills

summary: /home/user/sitelooper/bench/results/fwrd63-sweep.json
