
[sweep] run 1/3: fwrd91-n1 (store: /home/user/sitelooper/bench/results/fwrd91-skills)
[harness] repairdesk: defaulting APP_URL
[harness] repairdesk: defaulting APP_EMAIL
[harness] repairdesk: defaulting APP_PASSWORD
[reset] repairdesk: reloaded seed via http://127.0.0.1:4180/__reset
[harness] repairdesk responded 200 at http://127.0.0.1:4180/
stopped: fwrd91-n1
  flow "fwrd91" saved: 7 step(s), vars runid → /home/user/sitelooper/bench/results/flows/fwrd91.json
  warning: note: dropped 3 locator candidate(s) carrying a value this run minted (known only by export time)
  warning: note: 2 goal/report value(s) carrying a value this run made were slotted or dropped:
  s_ecca24.reportTemplate.values.ticket_reference dropped (recorded literal of a value this run made)
  s_ecca24.reportTemplate.summary dropped (narrates a value this run made)
  warning: warning: 03-add's instruction asks to report part_b_row, part_b_computed_price, ticket_total, part_a_row_1, part_a_row_2, part_a_row_3, part_a_row_4, part_a_row_5, part_a_row_6, part_a_row_7, and no replay can publish them: nothing in its procedure reads them from the page, so export dropped them — re-record the step so the value is read, not only reported
  warning: note: 03-add no longer publishes status, part_b_name, part_b_cost, part_b_markup, part_b_qty, part_b_supplier — no replay reads them from the page and the recording showed no line to read
  warning: note: 04-edit no longer publishes ticket_total_before_edit — no replay reads it from the page and the recording showed no line to read
  warning: note: 06-delete no longer publishes ticket_total_after_part_a_delete, active_list_row_count — no replay reads them from the page and the recording showed no line to read
  warning: note: 07-report no longer publishes show_archived_ticked_search, archived_ticket_status, archived_ticket_parts_count, newest_active_ticket_reference — no replay reads them from the page and the recording showed no line to read
  warning: warning: 210 other value(s) the run saw survived unslotted, judged by shape only (usually page copy; non-fatal):
  flow.steps[4].instruction: "Ready" (output) in "On the ticket detail page for {{01-open.ticket_reference}}, attempt to set the ticket's status to Ready (there is a '{{01-open.available_actions_1}}' action). T"
  s_239966.steps[0].args.target: "No parts on this ticket yet." (output) in "text=No parts on this ticket yet."
  s_239966.steps[9].args.frame: "Not recorded" (output) in "Customer: Not recorded · Raised {{=}}"
  s_239966.reportTemplate.summary: "No parts on this ticket yet." (output) in "Verification only, no changes made, all three checks pass on the live page. (1) On http://127.0.0.1:4180/#/tickets with \"Show archived\" unticked, filtering the "
  s_239966.reportTemplate.summary: "Unarchive ticket" (output) in "Verification only, no changes made, all three checks pass on the live page. (1) On http://127.0.0.1:4180/#/tickets with \"Show archived\" unticked, filtering the "
arm=sitelooper model=z-ai/glm-5.3 runid=fwrd91-n1 stop=completed
turns=8 wall=186.4s
commands=7 cmdTime=163.4s cmdBytes=10880 timeouts=0
orchestrator in=17922 cw=0 cr=19264 out=2446
inner prompt=952610 cached=875904 completion=13014
spend=$0.063 maxUsd=3
learn: A_n=0.242 replayed=1/7 full=1 repaired=0 compiled=6 variants=0
-> /home/user/sitelooper/bench/results/fwrd91-n1-sitelooper-result.json

=== fwrd91-n1 === (run self-reported: completed)
  obj 1  PASS  seq 1: ticket t15 (RD-1015) "fwrd91-n1 RD Bench Ticket"
  obj 2  PASS  seq 2 p18 cost=100 markup=25 price=125.00
  obj 3  PASS  seq 3 p19 cost=200 markup=25 price=250.00
  obj 4  PASS  seq 4: cost 100 -> 150, price 125.00 -> 187.50 (want 187.50), after the create at seq 2
  obj 5  PASS  seq 7: status Draft -> Ready
  obj 6  PASS  part A deleted, part B deleted, archive entry at seq 10; state: 0 part(s) surviving, ticket t15 archived=true
  claim 2  ok — run reported 125.00, app recorded 125.00
  claim 3  ok — run reported 250.00, app recorded 250.00
  claim 4  ok — run reported 187.50, app recorded 187.50
  summary: 6/6 objectives PASS, 0 price claim mismatch(es), 0 duplicate ticket(s)

App state: 15 tickets total, 1 left by benchmark runs (0 still active), 17 parts total, 10 mutation log entries.

[sweep] run 2/3: fwrd91-n2 (replay flow fwrd91, no orchestrator)
[reset] repairdesk: reloaded seed via http://127.0.0.1:4180/__reset
[sweep] fwrd91-n2: 1 drift ticket(s) → fwrd91-n2-drift.json

=== fwrd91-n2 === (run self-reported: no result file)
  note: no result file in /home/user/sitelooper/bench/results — objectives are still scored from the log,
        but the run's claimed prices cannot be cross-checked.
  obj 1  PASS  seq 1: ticket t15 (RD-1016) "fwrd91-n2 RD Bench Ticket"
  obj 2  PASS  seq 2 p18 cost=100 markup=25 price=125.00
  obj 3  PASS  seq 3 p19 cost=200 markup=25 price=250.00
  obj 4  PASS  seq 4: cost 100 -> 150, price 125.00 -> 187.50 (want 187.50), after the create at seq 2
  obj 5  PASS  seq 7: status Draft -> Ready
  obj 6  PASS  part A deleted, part B deleted, archive entry at seq 10; state: 0 part(s) surviving, ticket t15 archived=true
  claim 2  no claim parsed from the run's final report
  claim 3  no claim parsed from the run's final report
  claim 4  no claim parsed from the run's final report
  summary: 6/6 objectives PASS, 0 price claim mismatch(es), 0 duplicate ticket(s)

App state: 15 tickets total, 1 left by benchmark runs (0 still active), 17 parts total, 10 mutation log entries.

[sweep] run 3/3: fwrd91-n3 (replay flow fwrd91, no orchestrator)
[reset] repairdesk: reloaded seed via http://127.0.0.1:4180/__reset
[sweep] fwrd91-n3: 1 drift ticket(s) → fwrd91-n3-drift.json

=== fwrd91-n3 === (run self-reported: no result file)
  note: no result file in /home/user/sitelooper/bench/results — objectives are still scored from the log,
        but the run's claimed prices cannot be cross-checked.
  obj 1  PASS  seq 1: ticket t15 (RD-1017) "fwrd91-n3 RD Bench Ticket"
  obj 2  PASS  seq 2 p18 cost=100 markup=25 price=125.00
  obj 3  PASS  seq 3 p19 cost=200 markup=25 price=250.00
  obj 4  PASS  seq 4: cost 100 -> 150, price 125.00 -> 187.50 (want 187.50), after the create at seq 2
  obj 5  PASS  seq 7: status Draft -> Ready
  obj 6  PASS  part A deleted, part B deleted, archive entry at seq 10; state: 0 part(s) surviving, ticket t15 archived=true
  claim 2  no claim parsed from the run's final report
  claim 3  no claim parsed from the run's final report
  claim 4  no claim parsed from the run's final report
  summary: 6/6 objectives PASS, 0 price claim mismatch(es), 0 duplicate ticket(s)

App state: 15 tickets total, 1 left by benchmark runs (0 still active), 17 parts total, 10 mutation log entries.

Learning sweep fwrd91 (K=3)
┌─────────┬───┬─────────────┬──────────┬─────────────┬───────┬──────┬───────────┬───────┬──────────────┬────────┐
│ (index) │ n │ runid       │ verified │ stop        │ turns │ cmds │ total_usd │ A_n   │ replayed     │ wall_s │
├─────────┼───┼─────────────┼──────────┼─────────────┼───────┼──────┼───────────┼───────┼──────────────┼────────┤
│ 0       │ 1 │ 'fwrd91-n1' │ '6/6'    │ 'completed' │ 8     │ 7    │ 0.063     │ 0.242 │ '1/7'        │ 186    │
│ 1       │ 2 │ 'fwrd91-n2' │ '6/6'    │ 'success'   │ 0     │ 7    │ 0         │ 1     │ '7/7 (flow)' │ 36     │
│ 2       │ 3 │ 'fwrd91-n3' │ '6/6'    │ 'success'   │ 0     │ 7    │ 0         │ 1     │ '7/7 (flow)' │ 36     │
└─────────┴───┴─────────────┴──────────┴─────────────┴───────┴──────┴───────────┴───────┴──────────────┴────────┘
http://127.0.0.1:4180
  s_8a0aa0  validated   24 steps  6/6 (100%)
           On the ticket detail page for ticket {{v1}} (titled '{{v2}}'), add a part named '{{v4}}' with cost {{v5}} and …
  s_1c0fb0  validated    3 steps  3/3 (100%)
           Open {{v2}} and sign in with email {{v3}} and password {{v4}} (type the password text exactly as given). Then …
  s_1c3584  validated    1 steps  3/3 (100%)
           Open {{v2}} and sign in with email {{v3}} and password {{v4}} (type the password text exactly as given). Then …
  s_239966  validated   11 steps  3/3 (100%)
           Final verification check, no changes to make: On the tickets list at http://127.0.0.1:4180/, with 'Show archiv…
  s_2d69f1  validated    4 steps  3/3 (100%)
           Open {{v2}} and sign in with email {{v3}} and password {{v4}} (type the password text exactly as given). Then …
  s_3c99dd  validated   13 steps  3/3 (100%)
           On the ticket detail page for {{v1}}, delete both parts: '{{v2}}' and '{{v4}}' (use each row's Delete action, …
  s_86d7bf  validated    7 steps  3/3 (100%)
           On the ticket detail page for {{v1}}, delete both parts: '{{v2}}' and '{{v4}}' (use each row's Delete action, …
  s_a8f285  validated   27 steps  3/3 (100%)
           On the ticket detail page for {{v1}}, edit the part named '{{v2}}' and change its cost from 100 to {{v4}}, kee…
  s_c4a76b  validated    5 steps  3/3 (100%)
           Final verification check, no changes to make: On the tickets list at http://127.0.0.1:4180/, with 'Show archiv…
  s_da4e84  validated   19 steps  3/3 (100%)
           On the ticket detail page for {{v1}}, attempt to set the ticket's status to Ready (there is a '{{v2}}' action)…
  s_ecca24  validated    9 steps  3/3 (100%)
           Open {{v2}} and sign in with email {{v3}} and password {{v4}} (type the password text exactly as given). Then …
store: /home/user/sitelooper/bench/results/fwrd91-skills

summary: /home/user/sitelooper/bench/results/fwrd91-sweep.json
