
[sweep] run 1/3: fwrd52-n1 (store: /home/user/sitelooper/bench/results/fwrd52-skills)
[harness] repairdesk: defaulting APP_URL
[harness] repairdesk: defaulting APP_EMAIL
[harness] repairdesk: defaulting APP_PASSWORD
[reset] repairdesk: reloaded seed via http://127.0.0.1:4180/__reset
[harness] repairdesk responded 200 at http://127.0.0.1:4180/
stopped: fwrd52-n1
  flow "fwrd52" saved: 7 step(s), vars runid → /home/user/sitelooper/bench/results/flows/fwrd52.json
  warning: note: dropped 8 locator candidate(s) carrying a value this run minted (known only by export time)
  warning: warning: contradicted-step: 05-open read part_a_row "fwrd52-n1 RD Part A $150.00 25% 1 Bench Supplier Co $187.50" right after 04-open reported "fwrd52-n1 RD Part A — $150.00 — 25% — 1 — No supplier — $187.50"; 04-open's change may not have landed and a later step may be retrying it. Re-record 04-open.
  warning: warning: 1 value(s) KNOWN to be this run's survived unslotted — a replay will act on or wait for the recording's value (non-fatal outside locators):
  flow.warnings[0]: "fwrd52-n1" (var) in "contradicted-step: 05-open read part_a_row \"fwrd52-n1 RD Part A $150.00 25% 1 Bench Supplier Co $187.50\" right after 04-open reported \"fwrd52-n1 RD Part A — $15"
  warning: warning: 261 other value(s) the run saw survived unslotted, judged by shape only (usually page copy; non-fatal):
  flow.steps[4].instruction: "Ready" (output) in "On the Repair Desk app (already signed in), open the ticket titled '{{runid}} RD Bench Ticket' (reference {{01-open.ticket_reference}}, url #/tickets/{{02-open."
  flow.steps[5].instruction: "Ready" (output) in "On the Repair Desk app (already signed in), open the ticket titled '{{runid}} RD Bench Ticket' (reference {{01-open.ticket_reference}}, url #/tickets/{{02-open."
  flow.steps[5].params.v5: "Ready" (output) in "Ready"
  flow.steps[5].outputs[10]: "RD-1015" (output) in "default_list_search_RD-1015"
  flow.steps[6].instruction: "No parts on this ticket yet." (output) in "On the Repair Desk app (already signed in), verify the final state of the ticket '{{runid}} RD Bench Ticket' (reference {{01-open.ticket_reference}}): (1) confi"
  warning: 01-open reports ticket_status, ticket_parts, but s_a7565e re-reads none of them from the page — a replay without the model will succeed without those values; re-record so they are read.
  warning: 02-open reports part_qty, parts_total, but s_e7eb91 re-reads none of them from the page — a replay without the model will succeed without those values; re-record so they are read.
  warning: 03-open reports part_b_qty, screenshot_filename, but s_872b9f re-reads none of them from the page — a replay without the model will succeed without those values; re-record so they are read.
  warning: 05-open reports precondition_required, actions_taken, available_buttons_after, screenshots, but s_68ccce re-reads none of them from the page — a replay without the model will succeed without those values; re-record so they are read.
  warning: 06-open reports delete_a, delete_b, parts_after_deletion, archive_action, archive_blocked, status_text_after_archive, button_after_archive, default_list_summary_after, default_list_search_RD-1015, other_ticket_ref, but s_c321e8 re-reads none of them from the page — a replay without the model will succeed without those values; re-record so they are read.
  warning: 07-verify reports active_list_summary, active_list_contains_RD-1015, active_search_RD-1015_text, detail_status_block, detail_archive_action, active_list_row_ref_1, active_list_row_ref_2, active_list_row_ref_3, active_list_row_ref_4, active_list_row_ref_5, active_list_row_ref_6, active_list_row_ref_7, active_list_row_ref_8, other_ticket_ref_1, other_ticket_ref_2, but s_473f82 re-reads none of them from the page — a replay without the model will succeed without those values; re-record so they are read.
arm=sitelooper model=z-ai/glm-5.3 runid=fwrd52-n1 stop=completed
turns=8 wall=638.4s
commands=7 cmdTime=610.0s cmdBytes=12684 timeouts=0
orchestrator in=7591 cw=0 cr=30528 out=2369
inner prompt=2047948 cached=1917568 completion=23040
spend=$0.0681 maxUsd=3
learn: A_n=0 replayed=0/7 full=0 repaired=0 compiled=7 variants=0
-> /home/user/sitelooper/bench/results/fwrd52-n1-sitelooper-result.json

=== fwrd52-n1 === (run self-reported: completed)
  obj 1  PASS  seq 1: ticket t15 (RD-1015) "fwrd52-n1 RD Bench Ticket"
  obj 2  PASS  seq 2 p18 cost=100 markup=25 price=125.00
  obj 3  PASS  seq 3 p19 cost=200 markup=25 price=250.00
  obj 4  PASS  seq 4: cost 100 -> 150, price 125.00 -> 187.50 (want 187.50), after the create at seq 2
  obj 5  PASS  seq 7: status Draft -> Ready
  obj 6  PASS  part A deleted, part B deleted, archive entry at seq 10; state: 0 part(s) surviving, ticket t15 archived=true
  claim 2  ok — run reported 125.00, app recorded 125.00
  claim 3  ok — run reported 250.00, app recorded 250.00
  claim 4  ok — run reported 187.50, app recorded 187.50
  summary: 6/6 objectives PASS, 0 price claim mismatch(es), 0 duplicate ticket(s)

App state: 15 tickets total, 1 left by benchmark runs (0 still active), 17 parts total, 10 mutation log entries.

[sweep] run 2/3: fwrd52-n2 (replay flow fwrd52, no orchestrator)
[reset] repairdesk: reloaded seed via http://127.0.0.1:4180/__reset

=== fwrd52-n2 === (run self-reported: no result file)
  note: no result file in /home/user/sitelooper/bench/results — objectives are still scored from the log,
        but the run's claimed prices cannot be cross-checked.
  obj 1  PASS  seq 1: ticket t15 (RD-1016) "fwrd52-n2 RD Bench Ticket"
  obj 2  PASS  seq 2 p18 cost=100 markup=25 price=125.00
  obj 3  PASS  seq 3 p19 cost=200 markup=25 price=250.00
  obj 4  PASS  seq 4: cost 100 -> 150, price 125.00 -> 187.50 (want 187.50), after the create at seq 2
  obj 5  PASS  seq 7: status Draft -> Ready
  obj 6  PASS  part A deleted, part B deleted, archive entry at seq 10; state: 0 part(s) surviving, ticket t15 archived=true
  claim 2  no claim parsed from the run's final report
  claim 3  no claim parsed from the run's final report
  claim 4  no claim parsed from the run's final report
  summary: 6/6 objectives PASS, 0 price claim mismatch(es), 0 duplicate ticket(s)

App state: 15 tickets total, 1 left by benchmark runs (0 still active), 17 parts total, 10 mutation log entries.

[sweep] run 3/3: fwrd52-n3 (replay flow fwrd52, no orchestrator)
[reset] repairdesk: reloaded seed via http://127.0.0.1:4180/__reset

=== fwrd52-n3 === (run self-reported: no result file)
  note: no result file in /home/user/sitelooper/bench/results — objectives are still scored from the log,
        but the run's claimed prices cannot be cross-checked.
  obj 1  PASS  seq 1: ticket t15 (RD-1017) "fwrd52-n3 RD Bench Ticket"
  obj 2  PASS  seq 2 p18 cost=100 markup=25 price=125.00
  obj 3  PASS  seq 3 p19 cost=200 markup=25 price=250.00
  obj 4  PASS  seq 4: cost 100 -> 150, price 125.00 -> 187.50 (want 187.50), after the create at seq 2
  obj 5  PASS  seq 7: status Draft -> Ready
  obj 6  PASS  part A deleted, part B deleted, archive entry at seq 10; state: 0 part(s) surviving, ticket t15 archived=true
  claim 2  no claim parsed from the run's final report
  claim 3  no claim parsed from the run's final report
  claim 4  no claim parsed from the run's final report
  summary: 6/6 objectives PASS, 0 price claim mismatch(es), 0 duplicate ticket(s)

App state: 15 tickets total, 1 left by benchmark runs (0 still active), 17 parts total, 10 mutation log entries.

Learning sweep fwrd52 (K=3)
┌─────────┬───┬─────────────┬──────────┬─────────────┬───────┬──────┬───────────┬─────┬──────────────┬────────┐
│ (index) │ n │ runid       │ verified │ stop        │ turns │ cmds │ total_usd │ A_n │ replayed     │ wall_s │
├─────────┼───┼─────────────┼──────────┼─────────────┼───────┼──────┼───────────┼─────┼──────────────┼────────┤
│ 0       │ 1 │ 'fwrd52-n1' │ '6/6'    │ 'completed' │ 8     │ 7    │ 0.0681    │ 0   │ '0/7'        │ 638    │
│ 1       │ 2 │ 'fwrd52-n2' │ '6/6'    │ 'success'   │ 0     │ 7    │ 0         │ 1   │ '7/7 (flow)' │ 23     │
│ 2       │ 3 │ 'fwrd52-n3' │ '6/6'    │ 'success'   │ 0     │ 7    │ 0         │ 1   │ '7/7 (flow)' │ 23     │
└─────────┴───┴─────────────┴──────────┴─────────────┴───────┴──────┴───────────┴─────┴──────────────┴────────┘
http://127.0.0.1:4180
  s_473f82  validated   15 steps  3/3 (100%)
           On the Repair Desk app (already signed in), verify the final state of the ticket '{{v1}}' (reference {{v3}}): …
  s_568ad1  validated   14 steps  3/3 (100%)
           On the Repair Desk app (already signed in as bench@example.com), open the ticket titled '{{v1}}' (reference {{…
  s_68ccce  validated   14 steps  3/3 (100%)
           On the Repair Desk app (already signed in), open the ticket titled '{{v1}}' (reference {{v3}}, url #/tickets/{…
  s_872b9f  validated   15 steps  3/3 (100%)
           On the Repair Desk app (already signed in), open the ticket titled '{{v1}}' (reference {{v3}}) and add a secon…
  s_999b0d  validated    2 steps  3/3 (100%)
           Open {{v2}} and sign in with email {{v3}} and password {{v4}}. Then create a new ticket titled exactly '{{v5}}…
  s_99d8cd  validated   13 steps  3/3 (100%)
           On the Repair Desk app (already signed in), open the ticket titled '{{v1}}' (reference {{v3}}, url #/tickets/{…
  s_a7565e  validated    2 steps  3/3 (100%)
           Open {{v2}} and sign in with email {{v3}} and password {{v4}}. Then create a new ticket titled exactly '{{v5}}…
  s_c321e8  validated   12 steps  3/3 (100%)
           On the Repair Desk app (already signed in), open the ticket titled '{{v1}}' (reference {{v3}}, url #/tickets/{…
  s_d059a5  validated    9 steps  3/3 (100%)
           Open {{v2}} and sign in with email {{v3}} and password {{v4}}. Then create a new ticket titled exactly '{{v5}}…
  s_d8b919  validated    3 steps  3/3 (100%)
           On the Repair Desk app (already signed in), open the ticket titled '{{v1}}' (reference {{v3}}, url #/tickets/{…
  s_e7eb91  validated    1 steps  3/3 (100%)
           On the Repair Desk app (already signed in as bench@example.com), open the ticket titled '{{v1}}' (reference {{…
store: /home/user/sitelooper/bench/results/fwrd52-skills

summary: /home/user/sitelooper/bench/results/fwrd52-sweep.json
