
Running 1 test using 1 worker

[sitelooper step] 01-signin
[sitelooper warn] 02-create s_60723b/11: read 'status_field_text' returned a value the skill itself set/selected ('Ready to Deploy') — confirms the control, not persistence; dropped from the report's confident values
[sitelooper warn] 02-create s_60723b/12: read 'model_field_text_2' returned a value the skill itself set/selected ('×
Bench Laptops - Bench Manufacturer Bench Laptop Model') — confirms the control, not persistence; dropped from the report's confident values
[sitelooper warn] 02-create s_60723b/13: read 'asset_name' returned a value the skill itself set/selected ('fwsi14-cv2-c2 Bench Asset') — confirms the control, not persistence; dropped from the report's confident values
[sitelooper warn] 02-create s_60723b/17: read 'purchase_date_value' returned a value the skill itself set/selected ('2026-03-15') — confirms the control, not persistence; dropped from the report's confident values
[sitelooper warn] 02-create s_67a3bc/4: read 'checkout_to_user_field_2' returned a value the skill itself set/selected ('×
Bench Assignee (bench-assignee)') — confirms the control, not persistence; dropped from the report's confident values
[sitelooper drift] 02-create s_5d67dc/1 target: primary getByRole('heading', { name: /^[\s\p{Co}\p{So}\p{Cf}]*Assets\s+fwsi14-cv2-c2\s+Bench\s+Asset\s+#BA-00008\s+-\s+Bench\s+Laptop\s+Model[\s\p{Co}\p{So}\p{Cf}]*$/u }) missed; used #2 locator('h1') (#1 absent)
[sitelooper warn] 02-create: report value checkout_to_user_field is only what this run typed: no click's own diff showed it outside its control and no read returned it — withheld from the report (still given to a later step)
[sitelooper step] 02-create
  ✘  1 fwsi14-cv2.spec.ts:9:1 › fwsi14-cv2 (1.4m)


  1) fwsi14-cv2.spec.ts:9:1 › fwsi14-cv2 › 03-open: In Snipe-IT, open the asset page for asset tag {{02-create.asset_tag}} (name '{{runid}} Bench Asset'). Verify on the page: model is 'Bench Laptop Model', status 'Ready to Deploy' (deployed status may show as 'Checked out' — report the actual status label shown, but confirm status was set to Ready to Deploy), location 'Bench Office', purchase date 2026-03-15, and it is checked out to user 'Bench Assignee' with a checkout note containing '{{runid}}'. If the checkout did NOT go through (asset not assigned to Bench Assignee), perform the checkout now: check out to user 'Bench Assignee' with note '{{runid}} checkout note'. Report each of these values as actually shown. 

    Error: after 03-open s_911eab/1 expected url http://127.0.0.1:8098/hardware/9/edit but browser is at http://127.0.0.1:8098/hardware/9#history

       at fwsi14-cv2.flow.ts:12904

      12902 |   // (navigationTarget), whether or not the step goes on to stop.
      12903 |   if (verdict.diffs) volatile.push(...verdict.diffs);
    > 12904 |   if (verdict.stop) throw new Error(verdict.stop);
            |                           ^
      12905 | }
      12906 |
      12907 | /**
        at urlEffect (/home/user/sitelooper/bench/results/fwsi14-cv2-c2-spec-tmp/fwsi14-cv2.flow.ts:12904:27)
        at Object.verify (/home/user/sitelooper/bench/results/fwsi14-cv2-c2-spec-tmp/fwsi14-cv2.flow.ts:16399:13)
        at runStepLifecycle (/home/user/sitelooper/bench/results/fwsi14-cv2-c2-spec-tmp/fwsi14-cv2.flow.ts:8887:24)
        at Object.03-open (/home/user/sitelooper/bench/results/fwsi14-cv2-c2-spec-tmp/fwsi14-cv2.flow.ts:16355:9)
        at /home/user/sitelooper/bench/results/fwsi14-cv2-c2-spec-tmp/fwsi14-cv2.flow.ts:17021:7
        at runFlow (/home/user/sitelooper/bench/results/fwsi14-cv2-c2-spec-tmp/fwsi14-cv2.flow.ts:17020:5)
        at /home/user/sitelooper/bench/results/fwsi14-cv2-c2-spec-tmp/fwsi14-cv2.spec.ts:14:21

    attachment #1: sitelooper-drift (text/plain) ───────────────────────────────────────────────────
    [sitelooper drift] 02-create s_5d67dc/1 target: primary getByRole('heading', { name: /^[\s\p{Co}\p{So}\p{Cf}]*Assets\s+fwsi14-cv2-c2\s+Bench\s+Asset\s+#BA-00008\s+-\s+Bench\s+Laptop\s+Model[\s\p{Co}\p{So}\p{Cf}]*$/u }) missed; used #2 locator('h1') (#1 absent)
    ────────────────────────────────────────────────────────────────────────────────────────────────

    attachment #2: screenshot (image/png) ──────────────────────────────────────────────────────────
    test-results/fwsi14-cv2-fwsi14-cv2/test-failed-1.png
    ────────────────────────────────────────────────────────────────────────────────────────────────

    Error Context: test-results/fwsi14-cv2-fwsi14-cv2/error-context.md

  1 failed
    fwsi14-cv2.spec.ts:9:1 › fwsi14-cv2 ────────────────────────────────────────────────────────────
