
[sweep] run 1/3: fwsi13-n1 (store: /home/user/sitelooper/bench/results/fwsi13-skills)
[harness] snipeit: defaulting APP_URL
[harness] snipeit: defaulting APP_EMAIL
[harness] snipeit: defaulting APP_PASSWORD
[reset] snipeit: no leftover bench assets
[harness] snipeit responded 302 at http://127.0.0.1:8098/
stopped: fwsi13-n1
  flow "fwsi13" saved: 5 step(s), vars runid → /home/user/sitelooper/bench/results/flows/fwsi13.json
  warning: warning: 05-open's instruction asks to report 4_status_label, and only a recorded literal backs it: no read in its procedure publishes it, so a replay reports it only if the page it ends on shows that exact text — re-record the step so the value is read where it is shown
  warning: warning: 02-report's instruction asks to report assets, and no replay can publish it: nothing in its procedure reads it from the page, so export dropped it — re-record the step so the value is read, not only reported
  warning: warning: 04-set's instruction asks to report status_label, and no replay can publish it: nothing in its procedure reads it from the page, so export dropped it — re-record the step so the value is read, not only reported
  warning: note: 04-set no longer publishes deploy_state_shown, last_checkout, history_tab_link_admin_user, checkout_user_selection — no replay reads them from the page and the recording showed no line to read
  warning: note: 05-open no longer publishes 7b_last_checkout, detail_label_assets — no replay reads them from the page and the recording showed no line to read
  warning: note: 04-set: added a read for assignee to s_73b74c (page.getByRole('link', { name: 'Bench Assignee', exact: true }); seen on the next instruction's start page)
  warning: warning: 244 other value(s) the run saw survived unslotted, judged by shape only (usually page copy; non-fatal):
  flow.startUrl: "http://127.0.0.1:8098/" (output) in "http://127.0.0.1:8098/"
  flow.steps[0].instruction: "http://127.0.0.1:8098/" (output) in "Open http://127.0.0.1:8098/ and sign in with username 'admin' and password '{{env:APP_PASSWORD}}' (type the password exactly as that literal text). Verify you r"
  flow.steps[0].params.v1: "http://127.0.0.1:8098/" (output) in "http://127.0.0.1:8098/"
  flow.steps[0].route: "http://127.0.0.1:8098/" (output) in "http://127.0.0.1:8098/"
  flow.steps[1].instruction: "Assets" (output) in "Go to Assets > Asset List (the assets index at /hardware). Filter/search the asset list so that only assets whose name starts with 'Seed:' are shown (use the na"
arm=sitelooper model=z-ai/glm-5.3 runid=fwsi13-n1 stop=completed
turns=6 wall=385.2s
commands=5 cmdTime=365.8s cmdBytes=9148 timeouts=0
orchestrator in=8371 cw=0 cr=16064 out=1532
inner prompt=2291126 cached=2092736 completion=31860
spend=$0.1602 maxUsd=3
learn: A_n=0 replayed=0/5 full=0 repaired=0 compiled=5 variants=0
-> /home/user/sitelooper/bench/results/fwsi13-n1-sitelooper-result.json

fwsi13-n1: objectives passed 7/7
  obj 1: PASS — all 3 seed tags and names reported
  obj 2: PASS — BA-00004, model=Bench Laptop Model, status=Ready to Deploy
  obj 3: PASS — default location=Bench Office
  obj 4: PASS — purchase date=2026-03-15
  obj 5: PASS — assigned to=Bench Assignee (user bench-assignee)
  obj 6: PASS — 1 checkout(s), 1 with a note carrying the runid
  obj 7: PASS — asset tag BA-00004 reported

[sweep] run 2/3: fwsi13-n2 (replay flow fwsi13, no orchestrator)
[reset] snipeit: deleted 1 leftover bench asset(s)
[sweep] fwsi13-n2: 3 drift ticket(s) → fwsi13-n2-drift.json

fwsi13-n2: objectives passed 0/7
  obj 1: FAIL — not in report: SEED-0003 Seed: Spare Laptop, SEED-0002 Seed: Training Laptop, SEED-0001 Seed: Reception Laptop
  obj 2: FAIL — asset not found
  obj 3: FAIL — no asset
  obj 4: FAIL — no asset
  obj 5: FAIL — no asset
  obj 6: FAIL — no asset
  obj 7: FAIL — no asset to report

[sweep] run 3/3: fwsi13-n3 (replay flow fwsi13, no orchestrator)
[reset] snipeit: no leftover bench assets
[sweep] fwsi13-n3: 5 drift ticket(s) → fwsi13-n3-drift.json

fwsi13-n3: objectives passed 6/7
  obj 1: FAIL — not in report: SEED-0003 Seed: Spare Laptop, SEED-0002 Seed: Training Laptop, SEED-0001 Seed: Reception Laptop
  obj 2: PASS — BA-00004, model=Bench Laptop Model, status=Ready to Deploy
  obj 3: PASS — default location=Bench Office
  obj 4: PASS — purchase date=2026-03-15
  obj 5: PASS — assigned to=Bench Assignee (user bench-assignee)
  obj 6: PASS — 1 checkout(s), 1 with a note carrying the runid
  obj 7: PASS — asset tag BA-00004 reported

Learning sweep fwsi13 (K=3)
┌─────────┬───┬─────────────┬──────────┬─────────────┬───────┬──────┬───────────┬──────┬──────────────┬────────┐
│ (index) │ n │ runid       │ verified │ stop        │ turns │ cmds │ total_usd │ A_n  │ replayed     │ wall_s │
├─────────┼───┼─────────────┼──────────┼─────────────┼───────┼──────┼───────────┼──────┼──────────────┼────────┤
│ 0       │ 1 │ 'fwsi13-n1' │ '7/7'    │ 'completed' │ 6     │ 5    │ 0.1602    │ 0    │ '0/5'        │ 385    │
│ 1       │ 2 │ 'fwsi13-n2' │ '0/7'    │ 'halted'    │ 73    │ 5    │ 0.2351    │ 0.67 │ '2/5 (flow)' │ 215    │
│ 2       │ 3 │ 'fwsi13-n3' │ '6/7'    │ 'success'   │ 0     │ 5    │ 0         │ 1    │ '5/5 (flow)' │ 111    │
└─────────┴───┴─────────────┴──────────┴─────────────┴───────┴──────┴───────────┴──────┴──────────────┴────────┘
http://127.0.0.1:8098
  s_1cccb3  validated    1 steps  3/3 (100%)
           Open {{v1}} and sign in with username 'admin' and password '{{v2}}' (type the password exactly as that literal…
  s_40b664  validated   20 steps  2/3 (67%)
           Create a new asset in Snipe-IT: go to Assets > 'Add Asset' (the create-asset form at /hardware/create). Fill i…
  s_675311  validated   11 steps  3/3 (100%)
           Go to Assets > Asset List (the assets index at /hardware). Filter/search the asset list so that only assets wh…
  s_7a5676  validated    3 steps  3/3 (100%)
           Open {{v1}} and sign in with username 'admin' and password '{{v2}}' (type the password exactly as that literal…
  s_7cdc1f  validated    8 steps  3/3 (100%)
           Open {{v1}} and sign in with username 'admin' and password '{{v2}}' (type the password exactly as that literal…
  s_a52192  validated    1 steps  3/3 (100%)
           Go to Assets > Asset List (the assets index at /hardware). Filter/search the asset list so that only assets wh…
  s_bf2919  validated    1 steps  3/3 (100%)
           Create a new asset in Snipe-IT: go to Assets > 'Add Asset' (the create-asset form at /hardware/create). Fill i…
  s_30bd2d  validated    1 steps  2/2 (100%)
           Create a new asset in Snipe-IT: go to Assets > 'Add Asset' (the create-asset form at /hardware/create). Fill i…
  s_32ac7b  validated    4 steps  2/2 (100%)
           On the asset detail page for asset '{{v1}}' (asset tag {{v3}}, at /hardware/4), perform a Check Out: click the…
  s_73b74c  validated   13 steps  2/2 (100%)
           On the asset detail page for asset '{{v1}}' (asset tag {{v3}}, at /hardware/4), perform a Check Out: click the…
  s_8f4a49  validated    1 steps  2/2 (100%)
           On the asset detail page for asset '{{v1}}' (asset tag {{v3}}, at /hardware/4), perform a Check Out: click the…
  s_a68356  validated    8 steps  2/2 (100%)
           Create a new asset in Snipe-IT: go to Assets > 'Add Asset' (the create-asset form at /hardware/create). Fill i…
  s_bc2594  validated    1 steps  2/2 (100%)
           On the asset detail page for asset '{{v1}}' (asset tag {{v3}}, at /hardware/4), perform a Check Out: click the…
  s_e1f737  validated   14 steps  2/2 (100%)
           Open the asset detail page for the asset named '{{v1}}' (asset tag {{v4}}, at /hardware/4). Read the live page…
store: /home/user/sitelooper/bench/results/fwsi13-skills

summary: /home/user/sitelooper/bench/results/fwsi13-sweep.json
