
[sweep] run 1/3: fwsi21-n1 (store: /home/user/sitelooper/bench/results/fwsi21-skills)
[harness] snipeit: defaulting APP_URL
[harness] snipeit: defaulting APP_EMAIL
[harness] snipeit: defaulting APP_PASSWORD
[reset] snipeit: no leftover bench assets
[harness] snipeit responded 302 at http://127.0.0.1:8098/
stopped: fwsi21-n1
  flow "fwsi21" saved: 4 step(s), vars runid → /home/user/sitelooper/bench/results/flows/fwsi21.json
  warning: note: 2 goal/report value(s) carrying a value this run made were slotted or dropped:
  s_fbda81.reportTemplate.values.ref_2 dropped (recorded literal of a value this run made)
  s_fbda81.reportTemplate.summary dropped (narrates a value this run made)
  warning: warning: 03-create's instruction asks to report purchase_date, and only a recorded literal backs it: no read in its procedure publishes it, so a replay reports it only if the page it ends on shows that exact text — re-record the step so the value is read where it is shown
  warning: note: 01-open no longer publishes assets_url — no replay reads it from the page and the recording showed no line to read
  warning: note: 02-create no longer publishes location_url, purchase_date_confirmed_on_page, model_label, category_label, status_label — no replay reads them from the page and the recording showed no line to read
  warning: warning: 03-create's instruction asks to report status, and no replay can publish it: nothing in its procedure reads it from the page, so export dropped it — re-record the step so the value is read, not only reported
  warning: note: 03-create no longer publishes last_checkout, checkouts_count, default_location_label, status_badge, created_by_user — no replay reads them from the page and the recording showed no line to read
  warning: note: 04-open no longer publishes created_by_user, ref_2 — no replay reads them from the page and the recording showed no line to read
  warning: note: 03-create: added a read for checked_out_to_user to s_ce4abc (page.getByRole('link', { name: 'Bench Assignee', exact: true }); seen on the next instruction's start page)
  warning: warning: 174 other value(s) the run saw survived unslotted, judged by shape only (usually page copy; non-fatal):
  flow.steps[0].instruction: "admin" (output) in "Open http://127.0.0.1:8098/ and sign in with username admin and password {{env:APP_PASSWORD}} (type the password text exactly as given). Then go to the Assets l"
  flow.steps[0].params.v2: "admin" (output) in "admin"
  flow.steps[0].route: "http://127.0.0.1:8098/hardware" (output) in "http://127.0.0.1:8098/hardware"
  flow.steps[1].instruction: "Bench Laptop Model" (output) in "In Snipe-IT, create a new Asset (hardware) with the name exactly '{{runid}} Bench Asset'. Set its model to 'Bench Laptop Model' (choose the option from the sear"
  flow.steps[1].instruction: "Ready to Deploy" (output) in "In Snipe-IT, create a new Asset (hardware) with the name exactly '{{runid}} Bench Asset'. Set its model to 'Bench Laptop Model' (choose the option from the sear"
arm=sitelooper model=z-ai/glm-5.3 runid=fwsi21-n1 stop=completed
turns=5 wall=454.9s
commands=4 cmdTime=434.4s cmdBytes=6504 timeouts=0
orchestrator in=8373 cw=0 cr=10688 out=2094
inner prompt=2920880 cached=2696832 completion=50517
spend=$0.0962 maxUsd=3
learn: A_n=0 replayed=0/4 full=0 repaired=0 compiled=4 variants=0
-> /home/user/sitelooper/bench/results/fwsi21-n1-sitelooper-result.json

fwsi21-n1: objectives passed 7/7
  obj 1: PASS — all 3 seed tags and names reported
  obj 2: PASS — BA-00004, model=Bench Laptop Model, status=Ready to Deploy
  obj 3: PASS — default location=Bench Office
  obj 4: PASS — purchase date=2026-03-15
  obj 5: PASS — assigned to=Bench Assignee (user bench-assignee)
  obj 6: PASS — 1 checkout(s), 1 with a note carrying the runid
  obj 7: PASS — asset tag BA-00004 reported

[sweep] run 2/3: fwsi21-n2 (replay flow fwsi21, no orchestrator)
[reset] snipeit: deleted 1 leftover bench asset(s)
[sweep] fwsi21-n2: 3 drift ticket(s) → fwsi21-n2-drift.json

fwsi21-n2: objectives passed 7/7
  obj 1: PASS — all 3 seed tags and names reported
  obj 2: PASS — BA-00005, model=Bench Laptop Model, status=Ready to Deploy
  obj 3: PASS — default location=Bench Office
  obj 4: PASS — purchase date=2026-03-15
  obj 5: PASS — assigned to=Bench Assignee (user bench-assignee)
  obj 6: PASS — 1 checkout(s), 1 with a note carrying the runid
  obj 7: PASS — asset tag BA-00005 reported

[sweep] run 3/3: fwsi21-n3 (replay flow fwsi21, no orchestrator)
[reset] snipeit: deleted 1 leftover bench asset(s)
[sweep] fwsi21-n3: 3 drift ticket(s) → fwsi21-n3-drift.json

fwsi21-n3: objectives passed 7/7
  obj 1: PASS — all 3 seed tags and names reported
  obj 2: PASS — BA-00006, model=Bench Laptop Model, status=Ready to Deploy
  obj 3: PASS — default location=Bench Office
  obj 4: PASS — purchase date=2026-03-15
  obj 5: PASS — assigned to=Bench Assignee (user bench-assignee)
  obj 6: PASS — 1 checkout(s), 1 with a note carrying the runid
  obj 7: PASS — asset tag BA-00006 reported

Learning sweep fwsi21 (K=3)
┌─────────┬───┬─────────────┬──────────┬─────────────┬───────┬──────┬───────────┬─────┬──────────────┬────────┐
│ (index) │ n │ runid       │ verified │ stop        │ turns │ cmds │ total_usd │ A_n │ replayed     │ wall_s │
├─────────┼───┼─────────────┼──────────┼─────────────┼───────┼──────┼───────────┼─────┼──────────────┼────────┤
│ 0       │ 1 │ 'fwsi21-n1' │ '7/7'    │ 'completed' │ 5     │ 4    │ 0.0962    │ 0   │ '0/4'        │ 455    │
│ 1       │ 2 │ 'fwsi21-n2' │ '7/7'    │ 'success'   │ 0     │ 4    │ 0         │ 1   │ '4/4 (flow)' │ 78     │
│ 2       │ 3 │ 'fwsi21-n3' │ '7/7'    │ 'success'   │ 0     │ 4    │ 0         │ 1   │ '4/4 (flow)' │ 78     │
└─────────┴───┴─────────────┴──────────┴─────────────┴───────┴──────┴───────────┴─────┴──────────────┴────────┘
http://127.0.0.1:8098
  s_041bab  validated    3 steps  3/3 (100%)
           Open {{v1}} and sign in with username {{v2}} and password {{v3}} (type the password text exactly as given). Th…
  s_0c6dba  validated    1 steps  3/3 (100%)
           On the Snipe-IT asset page for the asset named '{{v1}}' (asset tag {{v3}}, at /hardware/4), perform a Check Ou…
  s_2bb771  validated   13 steps  3/3 (100%)
           In Snipe-IT, create a new Asset (hardware) with the name exactly '{{v2}}'. Set its model to 'Bench Laptop Mode…
  s_5d8024  validated    1 steps  3/3 (100%)
           Open {{v1}} and sign in with username {{v2}} and password {{v3}} (type the password text exactly as given). Th…
  s_7e2b1c  validated    1 steps  3/3 (100%)
           Open the Snipe-IT asset page for the asset with tag {{v1}} (at /hardware/4) and read back from the page: (1) t…
  s_8f3cd1  validated    1 steps  3/3 (100%)
           On the Snipe-IT asset page for the asset named '{{v1}}' (asset tag {{v3}}, at /hardware/4), perform a Check Ou…
  s_97ab88  validated    1 steps  3/3 (100%)
           In Snipe-IT, create a new Asset (hardware) with the name exactly '{{v2}}'. Set its model to 'Bench Laptop Mode…
  s_9985f0  validated    5 steps  3/3 (100%)
           On the Snipe-IT asset page for the asset named '{{v1}}' (asset tag {{v3}}, at /hardware/4), perform a Check Ou…
  s_af17d2  validated    1 steps  3/3 (100%)
           On the Snipe-IT asset page for the asset named '{{v1}}' (asset tag {{v3}}, at /hardware/4), perform a Check Ou…
  s_bab62b  validated    8 steps  3/3 (100%)
           Open {{v1}} and sign in with username {{v2}} and password {{v3}} (type the password text exactly as given). Th…
  s_bfa31f  validated    7 steps  3/3 (100%)
           In Snipe-IT, create a new Asset (hardware) with the name exactly '{{v2}}'. Set its model to 'Bench Laptop Mode…
  s_ce4abc  validated    9 steps  3/3 (100%)
           On the Snipe-IT asset page for the asset named '{{v1}}' (asset tag {{v3}}, at /hardware/4), perform a Check Ou…
  s_d4a947  validated    1 steps  3/3 (100%)
           Open {{v1}} and sign in with username {{v2}} and password {{v3}} (type the password text exactly as given). Th…
  s_e0b00a  validated    1 steps  3/3 (100%)
           In Snipe-IT, create a new Asset (hardware) with the name exactly '{{v2}}'. Set its model to 'Bench Laptop Mode…
  s_fbda81  validated   14 steps  3/3 (100%)
           Open the Snipe-IT asset page for the asset with tag {{v1}} (at /hardware/4) and read back from the page: (1) t…
store: /home/user/sitelooper/bench/results/fwsi21-skills

summary: /home/user/sitelooper/bench/results/fwsi21-sweep.json
