
[sweep] run 1/3: fwsi16-n1 (store: /home/user/sitelooper/bench/results/fwsi16-skills)
[harness] snipeit: defaulting APP_URL
[harness] snipeit: defaulting APP_EMAIL
[harness] snipeit: defaulting APP_PASSWORD
[reset] snipeit: no leftover bench assets
[harness] snipeit responded 302 at http://127.0.0.1:8098/
stopped: fwsi16-n1
  flow "fwsi16" saved: 4 step(s), vars runid → /home/user/sitelooper/bench/results/flows/fwsi16.json
  warning: note: 01-signin no longer publishes category, location, previous_page_button, next_page_button — no replay reads them from the page and the recording showed no line to read
  warning: note: 02-create no longer publishes default_location, location, created_by, purchase_date_label — no replay reads them from the page and the recording showed no line to read
  warning: note: 03-create no longer publishes status, checked_out_to_user_link, checked_out_to_username, last_checkout, checkins_counter, notes_tab_result, assets_list_checked_out_to, expected_checkin_label, created_by_admin_name, checkout_note_field, assigned_user_selection, details_tab_link — no replay reads them from the page and the recording showed no line to read
  warning: warning: 04-open's instruction asks to report assets_label, and no replay can publish it: nothing in its procedure reads it from the page, so export dropped it — re-record the step so the value is read, not only reported
  warning: note: 04-open no longer publishes assigned_user_username, assigned_user_link, model_field_icon — no replay reads them from the page and the recording showed no line to read
  warning: note: 03-create: added a read for checked_out_to_as_shown_in_assets_list to s_f2294c (page.getByRole('link', { name: 'Bench Assignee', exact: true }); seen on the next instruction's start page)
  warning: warning: 281 other value(s) the run saw survived unslotted, judged by shape only (usually page copy; non-fatal):
  flow.steps[1].instruction: "Bench Office" (output) in "Create a new asset in Snipe-IT with name exactly '{{runid}} Bench Asset'. Set model to '{{01-signin.model}}' (choose it from the searchable dropdown, do not cre"
  flow.steps[1].instruction: "2026-03-15" (output) in "Create a new asset in Snipe-IT with name exactly '{{runid}} Bench Asset'. Set model to '{{01-signin.model}}' (choose it from the searchable dropdown, do not cre"
  flow.steps[1].instruction: "Asset" (output) in "Create a new asset in Snipe-IT with name exactly '{{runid}} Bench Asset'. Set model to '{{01-signin.model}}' (choose it from the searchable dropdown, do not cre"
  flow.steps[1].params.v4: "Asset" (output) in "{{runid}} Bench Asset"
  flow.steps[1].params.v5: "2026-03-15" (output) in "2026-03-15"
  warning: {{01-signin.model}} (used by 02-create) can only be re-observed by model recovery, and 02-create's procedure types or locates by it — so `sitelooper spec` will REFUSE to compile this flow (unsourced-ref) until 01-signin reads model from an element. Re-record 01-signin now, while this session is still open.
  warning: {{01-signin.status}} (used by 02-create) can only be re-observed by model recovery, and 02-create's procedure types or locates by it — so `sitelooper spec` will REFUSE to compile this flow (unsourced-ref) until 01-signin reads status from an element. Re-record 01-signin now, while this session is still open.
  warning: 01-signin reports model, status, but no segment of the procedure it pins (s_8e7302, through its last segment s_002579) re-reads them from the page — a replay without the model will succeed without those values; re-record so a read for them lands in s_002579.
arm=sitelooper model=z-ai/glm-5.3 runid=fwsi16-n1 stop=completed
turns=5 wall=402.0s
commands=4 cmdTime=380.6s cmdBytes=9489 timeouts=0
orchestrator in=8180 cw=0 cr=11584 out=1324
inner prompt=2250012 cached=2050432 completion=33052
spend=$0.0767 maxUsd=3
learn: A_n=0 replayed=0/4 full=0 repaired=0 compiled=4 variants=0
-> /home/user/sitelooper/bench/results/fwsi16-n1-sitelooper-result.json

fwsi16-n1: objectives passed 7/7
  obj 1: PASS — all 3 seed tags and names reported
  obj 2: PASS — BA-00004, model=Bench Laptop Model, status=Ready to Deploy
  obj 3: PASS — default location=Bench Office
  obj 4: PASS — purchase date=2026-03-15
  obj 5: PASS — assigned to=Bench Assignee (user bench-assignee)
  obj 6: PASS — 1 checkout(s), 1 with a note carrying the runid
  obj 7: PASS — asset tag BA-00004 reported

[sweep] run 2/3: fwsi16-n2 (replay flow fwsi16, no orchestrator)
[reset] snipeit: deleted 1 leftover bench asset(s)
[sweep] fwsi16-n2: 1 drift ticket(s) → fwsi16-n2-drift.json

fwsi16-n2: objectives passed 7/7
  obj 1: PASS — all 3 seed tags and names reported
  obj 2: PASS — BA-00005, model=Bench Laptop Model, status=Ready to Deploy
  obj 3: PASS — default location=Bench Office
  obj 4: PASS — purchase date=2026-03-15
  obj 5: PASS — assigned to=Bench Assignee (user bench-assignee)
  obj 6: PASS — 1 checkout(s), 1 with a note carrying the runid
  obj 7: PASS — asset tag BA-00005 reported

[sweep] run 3/3: fwsi16-n3 (replay flow fwsi16, no orchestrator)
[reset] snipeit: deleted 1 leftover bench asset(s)
[sweep] fwsi16-n3: 1 drift ticket(s) → fwsi16-n3-drift.json

fwsi16-n3: objectives passed 7/7
  obj 1: PASS — all 3 seed tags and names reported
  obj 2: PASS — BA-00006, model=Bench Laptop Model, status=Ready to Deploy
  obj 3: PASS — default location=Bench Office
  obj 4: PASS — purchase date=2026-03-15
  obj 5: PASS — assigned to=Bench Assignee (user bench-assignee)
  obj 6: PASS — 1 checkout(s), 1 with a note carrying the runid
  obj 7: PASS — asset tag BA-00006 reported

Learning sweep fwsi16 (K=3)
┌─────────┬───┬─────────────┬──────────┬─────────────┬───────┬──────┬───────────┬──────┬──────────────┬────────┐
│ (index) │ n │ runid       │ verified │ stop        │ turns │ cmds │ total_usd │ A_n  │ replayed     │ wall_s │
├─────────┼───┼─────────────┼──────────┼─────────────┼───────┼──────┼───────────┼──────┼──────────────┼────────┤
│ 0       │ 1 │ 'fwsi16-n1' │ '7/7'    │ 'completed' │ 5     │ 4    │ 0.0767    │ 0    │ '0/4'        │ 402    │
│ 1       │ 2 │ 'fwsi16-n2' │ '7/7'    │ 'success'   │ 88    │ 4    │ 0.1369    │ 0.25 │ '4/4 (flow)' │ 268    │
│ 2       │ 3 │ 'fwsi16-n3' │ '7/7'    │ 'success'   │ 120   │ 4    │ 0.3748    │ 0.25 │ '4/4 (flow)' │ 380    │
└─────────┴───┴─────────────┴──────────┴─────────────┴───────┴──────┴───────────┴──────┴──────────────┴────────┘
http://127.0.0.1:8098
  s_002579  validated    9 steps  3/3 (100%)
           Sign in to Snipe-IT at {{v1}} as username {{v2}}, password exactly the text {{v3}}. Then report the asset tags…
  s_838358  validated    3 steps  3/3 (100%)
           Sign in to Snipe-IT at {{v1}} as username {{v2}}, password exactly the text {{v3}}. Then report the asset tags…
  s_8e7302  validated    1 steps  3/3 (100%)
           Sign in to Snipe-IT at {{v1}} as username {{v2}}, password exactly the text {{v3}}. Then report the asset tags…
  s_cc54ef  validated    1 steps  3/3 (100%)
           Sign in to Snipe-IT at {{v1}} as username {{v2}}, password exactly the text {{v3}}. Then report the asset tags…
  s_816d6b  provisional  1 steps  1/2 (50%)
           On the asset page for asset '{{v1}}' (asset tag {{v3}}, at {{v4}}), perform a Check Out action: check the asse…
  s_f50f93  provisional  1 steps  1/2 (50%)  variant of s_816d6b
           On the asset page for asset '{{v1}} Bench Asset' (asset tag {{v2}}, at {{v4}}), perform a Check Out action: ch…
  s_068b7a  provisional  1 steps  1/1 (100%)
           Create a new asset in Snipe-IT with name exactly '{{v4}}'. Set model to '{{v2}}' (choose it from the searchabl…
  s_07afd6  provisional 14 steps  1/1 (100%)
           Create a new asset in Snipe-IT with name exactly '{{v4}}'. Set model to '{{v2}}' (choose it from the searchabl…
  s_07db08  provisional  4 steps  1/1 (100%)  variant of s_f50f93
           On the asset page for asset '{{v1}}' (asset tag {{v4}}, at {{v5}}), perform a Check Out action: check the asse…
  s_08f9b6  provisional  1 steps  1/1 (100%)
           Open the asset page for asset '{{v1}}' (asset tag {{v4}}, {{v5}}) and verify, reporting exactly what is displa…
  s_1119e4  provisional  1 steps  1/1 (100%)
           Create a new asset in Snipe-IT with name exactly '{{v2}}'. Set model to 'Bench Laptop Model' (recorded when th…
  s_1a7c96  provisional  1 steps  1/1 (100%)  variant of s_816d6b
           On the asset page for asset '{{v1}} Bench Asset' (asset tag {{v2}}, at {{v4}}), perform a Check Out action: ch…
  s_1d627c  provisional  9 steps  1/1 (100%)
           Open the asset page for asset '{{v1}}' (asset tag {{v4}}, {{v5}}) and verify, reporting exactly what is displa…
  s_330a87  provisional 12 steps  1/1 (100%)
           Create a new asset in Snipe-IT with name exactly '{{v2}}'. Set model to 'Bench Laptop Model' (recorded when th…
  s_33dd04  provisional  6 steps  1/1 (100%)
           Open the asset page for asset '{{v1}} Bench {{v2}}' (asset tag {{v3}}, {{v5}}) and verify, reporting exactly w…
  s_38c7f1  provisional  2 steps  1/1 (100%)
           Open the asset page for asset '{{v1}} Bench {{v2}}' (asset tag {{v3}}, {{v5}}) and verify, reporting exactly w…
  s_39aa4c  provisional  8 steps  1/1 (100%)
           Create a new asset in Snipe-IT with name exactly '{{v4}}'. Set model to '{{v2}}' (choose it from the searchabl…
  s_3d2264  provisional  1 steps  1/1 (100%)  variant of s_f50f93
           On the asset page for asset '{{v1}}' (asset tag {{v4}}, at {{v5}}), perform a Check Out action: check the asse…
  s_46db0f  provisional  3 steps  1/1 (100%)  variant of s_816d6b
           On the asset page for asset '{{v1}} Bench Asset' (asset tag {{v2}}, at {{v4}}), perform a Check Out action: ch…
  s_4978a2  provisional  1 steps  1/1 (100%)
           Open the asset page for asset '{{v1}}' (asset tag {{v4}}, {{v5}}) and verify, reporting exactly what is displa…
  s_4d03d9  provisional  1 steps  1/1 (100%)
           Create a new asset in Snipe-IT with name exactly '{{v2}}'. Set model to '{{v3}}' (recorded when this flow was …
  s_4d1a11  provisional  1 steps  1/1 (100%)
           On the asset page for asset '{{v1}}' (asset tag {{v3}}, at {{v4}}), perform a Check Out action: check the asse…
  s_513d97  provisional  5 steps  1/1 (100%)
           Open the asset page for asset '{{v1}}' (asset tag {{v4}}, {{v5}}) and verify, reporting exactly what is displa…
  s_529b76  provisional  1 steps  1/1 (100%)
           Create a new asset in Snipe-IT with name exactly '{{v2}}'. Set model to 'Bench Laptop Model' (recorded when th…
  s_5b2f81  provisional  4 steps  1/1 (100%)  variant of s_816d6b
           On the asset page for asset '{{v1}} Bench Asset' (asset tag {{v2}}, at {{v4}}), perform a Check Out action: ch…
  s_5f557a  provisional 14 steps  1/1 (100%)
           Create a new asset in Snipe-IT with name exactly '{{v2}}'. Set model to 'Bench Laptop Model' (recorded when th…
  s_6a608d  provisional 22 steps  1/1 (100%)
           Open the asset page for asset '{{v1}}' (asset tag {{v4}}, {{v5}}) and verify, reporting exactly what is displa…
  s_759205  provisional  2 steps  1/1 (100%)
           Open the asset page for asset '{{v1}}' (asset tag {{v4}}, {{v5}}) and verify, reporting exactly what is displa…
  s_766d65  provisional  1 steps  1/1 (100%)
           Create a new asset in Snipe-IT with name exactly '{{v4}}'. Set model to '{{v2}}' (choose it from the searchabl…
  s_79e065  provisional 11 steps  1/1 (100%)
           Create a new asset in Snipe-IT with name exactly '{{v2}}'. Set model to '{{v3}}' (recorded when this flow was …
  s_7c0dcb  provisional  3 steps  1/1 (100%)
           On the asset page for asset '{{v1}}' (asset tag {{v3}}, at {{v4}}), perform a Check Out action: check the asse…
  s_880533  provisional  1 steps  1/1 (100%)  variant of s_816d6b
           On the asset page for asset '{{v1}} Bench Asset' (asset tag {{v2}}, at {{v4}}), perform a Check Out action: ch…
  s_8a63da  provisional  2 steps  1/1 (100%)
           Open the asset page for asset '{{v1}}' (asset tag {{v4}}, {{v5}}) and verify, reporting exactly what is displa…
  s_91e367  provisional  4 steps  1/1 (100%)
           Open the asset page for asset '{{v1}}' (asset tag {{v4}}, {{v5}}) and verify, reporting exactly what is displa…
  s_9add7b  provisional  1 steps  1/1 (100%)  variant of s_f50f93
           On the asset page for asset '{{v1}}' (asset tag {{v4}}, at {{v5}}), perform a Check Out action: check the asse…
  s_a8189b  provisional  5 steps  1/1 (100%)
           Create a new asset in Snipe-IT with name exactly '{{v2}}'. Set model to '{{v3}}' (recorded when this flow was …
  s_b4cea2  provisional  2 steps  1/1 (100%)
           On the asset page for asset '{{v1}}' (asset tag {{v3}}, at {{v4}}), perform a Check Out action: check the asse…
  s_b9d02f  provisional  1 steps  1/1 (100%)
           Open the asset page for asset '{{v1}} Bench {{v2}}' (asset tag {{v3}}, {{v5}}) and verify, reporting exactly w…
  s_bc3510  provisional  1 steps  1/1 (100%)  variant of s_f50f93
           On the asset page for asset '{{v1}}' (asset tag {{v4}}, at {{v5}}), perform a Check Out action: check the asse…
  s_be44e4  provisional  1 steps  1/1 (100%)
           On the asset page for asset '{{v1}}' (asset tag {{v3}}, at {{v4}}), perform a Check Out action: check the asse…
  s_c7d576  provisional  1 steps  1/1 (100%)
           Create a new asset in Snipe-IT with name exactly '{{v2}}'. Set model to '{{v3}}' (recorded when this flow was …
  s_d311b8  provisional  1 steps  1/1 (100%)
           Open the asset page for asset '{{v1}}' (asset tag {{v4}}, {{v5}}) and verify, reporting exactly what is displa…
  s_dfcb9c  provisional  9 steps  1/1 (100%)  variant of s_f50f93
           On the asset page for asset '{{v1}}' (asset tag {{v4}}, at {{v5}}), perform a Check Out action: check the asse…
  s_f17375  provisional  1 steps  1/1 (100%)  variant of s_f50f93
           On the asset page for asset '{{v1}}' (asset tag {{v4}}, at {{v5}}), perform a Check Out action: check the asse…
  s_f2294c  provisional 15 steps  1/1 (100%)
           On the asset page for asset '{{v1}}' (asset tag {{v3}}, at {{v4}}), perform a Check Out action: check the asse…
  s_f8300e  provisional  5 steps  1/1 (100%)
           On the asset page for asset '{{v1}}' (asset tag {{v3}}, at {{v4}}), perform a Check Out action: check the asse…
store: /home/user/sitelooper/bench/results/fwsi16-skills

summary: /home/user/sitelooper/bench/results/fwsi16-sweep.json
