
[sweep] run 1/3: fwsi17-n1 (store: /home/user/sitelooper/bench/results/fwsi17-skills)
[harness] snipeit: defaulting APP_URL
[harness] snipeit: defaulting APP_EMAIL
[harness] snipeit: defaulting APP_PASSWORD
[reset] snipeit: no leftover bench assets
[harness] snipeit responded 302 at http://127.0.0.1:8098/
stopped: fwsi17-n1
  flow "fwsi17" saved: 4 step(s), vars runid → /home/user/sitelooper/bench/results/flows/fwsi17.json
  warning: warning: 04-change's instruction asks to report 4_status_label, and only a recorded literal backs it: no read in its procedure publishes it, so a replay reports it only if the page it ends on shows that exact text — re-record the step so the value is read where it is shown
  warning: warning: 02-create's instruction asks to report status, and no replay can publish it: nothing in its procedure reads it from the page, so export dropped it — re-record the step so the value is read, not only reported
  warning: note: 02-create no longer publishes asset_page_model_sidebar, asset_tag_field, location_option_id — no replay reads them from the page and the recording showed no line to read
  warning: note: 03-create no longer publishes success_message, seed_assets_unchanged — no replay reads them from the page and the recording showed no line to read
  warning: note: 04-change no longer publishes 3b_model_sidebar_context — no replay reads it from the page and the recording showed no line to read
  warning: warning: 142 other value(s) the run saw survived unslotted, judged by shape only (usually page copy; non-fatal):
  flow.steps[1].instruction: "Bench Laptop Model" (output) in "In Snipe-IT, create a new asset with the name '{{runid}} Bench Asset', model 'Bench Laptop Model' (use the searchable model dropdown and pick the matching optio"
  flow.steps[1].instruction: "Ready to Deploy" (output) in "In Snipe-IT, create a new asset with the name '{{runid}} Bench Asset', model 'Bench Laptop Model' (use the searchable model dropdown and pick the matching optio"
  flow.steps[1].instruction: "Bench Office" (output) in "In Snipe-IT, create a new asset with the name '{{runid}} Bench Asset', model 'Bench Laptop Model' (use the searchable model dropdown and pick the matching optio"
  flow.steps[1].instruction: "2026-03-15" (output) in "In Snipe-IT, create a new asset with the name '{{runid}} Bench Asset', model 'Bench Laptop Model' (use the searchable model dropdown and pick the matching optio"
  flow.steps[1].params.v3: "Bench Laptop Model" (output) in "Bench Laptop Model"
arm=sitelooper model=z-ai/glm-5.3 runid=fwsi17-n1 stop=completed
turns=5 wall=301.1s
commands=4 cmdTime=276.3s cmdBytes=6563 timeouts=0
orchestrator in=8419 cw=0 cr=10752 out=3202
inner prompt=1977605 cached=1840768 completion=23571
spend=$0.0691 maxUsd=3
learn: A_n=0 replayed=0/4 full=0 repaired=0 compiled=4 variants=0
-> /home/user/sitelooper/bench/results/fwsi17-n1-sitelooper-result.json

fwsi17-n1: objectives passed 7/7
  obj 1: PASS — all 3 seed tags and names reported
  obj 2: PASS — BA-00004, model=Bench Laptop Model, status=Ready to Deploy
  obj 3: PASS — default location=Bench Office
  obj 4: PASS — purchase date=2026-03-15
  obj 5: PASS — assigned to=Bench Assignee (user bench-assignee)
  obj 6: PASS — 1 checkout(s), 1 with a note carrying the runid
  obj 7: PASS — asset tag BA-00004 reported

[sweep] run 2/3: fwsi17-n2 (replay flow fwsi17, no orchestrator)
[reset] snipeit: deleted 1 leftover bench asset(s)
[sweep] fwsi17-n2: 1 drift ticket(s) → fwsi17-n2-drift.json

fwsi17-n2: objectives passed 7/7
  obj 1: PASS — all 3 seed tags and names reported
  obj 2: PASS — BA-00005, model=Bench Laptop Model, status=Ready to Deploy
  obj 3: PASS — default location=Bench Office
  obj 4: PASS — purchase date=2026-03-15
  obj 5: PASS — assigned to=Bench Assignee (user bench-assignee)
  obj 6: PASS — 1 checkout(s), 1 with a note carrying the runid
  obj 7: PASS — asset tag BA-00005 reported

[sweep] run 3/3: fwsi17-n3 (replay flow fwsi17, no orchestrator)
[reset] snipeit: deleted 1 leftover bench asset(s)

fwsi17-n3: objectives passed 7/7
  obj 1: PASS — all 3 seed tags and names reported
  obj 2: PASS — BA-00006, model=Bench Laptop Model, status=Ready to Deploy
  obj 3: PASS — default location=Bench Office
  obj 4: PASS — purchase date=2026-03-15
  obj 5: PASS — assigned to=Bench Assignee (user bench-assignee)
  obj 6: PASS — 1 checkout(s), 1 with a note carrying the runid
  obj 7: PASS — asset tag BA-00006 reported

Learning sweep fwsi17 (K=3)
┌─────────┬───┬─────────────┬──────────┬─────────────┬───────┬──────┬───────────┬──────┬──────────────┬────────┐
│ (index) │ n │ runid       │ verified │ stop        │ turns │ cmds │ total_usd │ A_n  │ replayed     │ wall_s │
├─────────┼───┼─────────────┼──────────┼─────────────┼───────┼──────┼───────────┼──────┼──────────────┼────────┤
│ 0       │ 1 │ 'fwsi17-n1' │ '7/7'    │ 'completed' │ 5     │ 4    │ 0.0691    │ 0    │ '0/4'        │ 301    │
│ 1       │ 2 │ 'fwsi17-n2' │ '7/7'    │ 'success'   │ 17    │ 4    │ 0.0083    │ 0.75 │ '4/4 (flow)' │ 118    │
│ 2       │ 3 │ 'fwsi17-n3' │ '7/7'    │ 'success'   │ 0     │ 4    │ 0         │ 1    │ '4/4 (flow)' │ 76     │
└─────────┴───┴─────────────┴──────────┴─────────────┴───────┴──────┴───────────┴──────┴──────────────┴────────┘
http://127.0.0.1:8098
  s_0e0686  validated    1 steps  3/3 (100%)
           In Snipe-IT, on the asset page for the asset named '{{v1}}' (asset tag {{v3}}, at {{v4}}), perform a Check Out…
  s_19aea9  validated    1 steps  3/3 (100%)
           In Snipe-IT, create a new asset with the name '{{v2}}', model '{{v3}}' (use the searchable model dropdown and …
  s_3d560c  validated    4 steps  3/3 (100%)
           Verification only, do not change anything: open the asset page for the asset named '{{v1}}' (asset tag {{v3}},…
  s_62269c  validated   22 steps  3/3 (100%)
           In Snipe-IT, create a new asset with the name '{{v2}}', model '{{v3}}' (use the searchable model dropdown and …
  s_78d984  validated    1 steps  3/3 (100%)
           Open {{v1}} in the browser. If a login form is shown, sign in with username '{{v2}}' and password typed EXACTL…
  s_7e3bd1  validated    1 steps  3/3 (100%)
           In Snipe-IT, create a new asset with the name '{{v2}}', model '{{v3}}' (use the searchable model dropdown and …
  s_81c3ad  validated   11 steps  3/3 (100%)
           Verification only, do not change anything: open the asset page for the asset named '{{v1}}' (asset tag {{v3}},…
  s_a093f0  validated    2 steps  3/3 (100%)
           In Snipe-IT, create a new asset with the name '{{v2}}', model '{{v3}}' (use the searchable model dropdown and …
  s_a330c0  validated    1 steps  3/3 (100%)
           In Snipe-IT, on the asset page for the asset named '{{v1}}' (asset tag {{v3}}, at {{v4}}), perform a Check Out…
  s_a6d2fb  validated    1 steps  3/3 (100%)
           Open {{v1}} in the browser. If a login form is shown, sign in with username '{{v2}}' and password typed EXACTL…
  s_acc896  validated   14 steps  3/3 (100%)
           Open {{v1}} in the browser. If a login form is shown, sign in with username '{{v2}}' and password typed EXACTL…
  s_ba43a0  validated    3 steps  3/3 (100%)
           In Snipe-IT, create a new asset with the name '{{v2}}', model '{{v3}}' (use the searchable model dropdown and …
  s_d84dc3  validated    5 steps  2/3 (67%)
           In Snipe-IT, on the asset page for the asset named '{{v1}}' (asset tag {{v3}}, at {{v4}}), perform a Check Out…
  s_f72ae2  validated    2 steps  3/3 (100%)
           Verification only, do not change anything: open the asset page for the asset named '{{v1}}' (asset tag {{v3}},…
  s_fc93f4  validated    3 steps  3/3 (100%)
           Open {{v1}} in the browser. If a login form is shown, sign in with username '{{v2}}' and password typed EXACTL…
  s_4281fb  validated    1 steps  2/2 (100%)
           In Snipe-IT, on the asset page for the asset named '{{v1}}' (asset tag {{v3}}, at {{v4}}), perform a Check Out…
  s_818e56  validated    5 steps  2/2 (100%)
           In Snipe-IT, on the asset page for the asset named '{{v1}}' (asset tag {{v3}}, at {{v4}}), perform a Check Out…
  s_98ba72  validated    2 steps  2/2 (100%)
           In Snipe-IT, on the asset page for the asset named '{{v1}}' (asset tag {{v3}}, at {{v4}}), perform a Check Out…
  s_ac4389  validated    1 steps  2/2 (100%)
           In Snipe-IT, on the asset page for the asset named '{{v1}}' (asset tag {{v3}}, at {{v4}}), perform a Check Out…
  s_b2560f  validated    1 steps  2/2 (100%)
           In Snipe-IT, on the asset page for the asset named '{{v1}}' (asset tag {{v3}}, at {{v4}}), perform a Check Out…
  s_19d0a9  provisional  1 steps  1/1 (100%)  variant of s_d84dc3
           In Snipe-IT, on the asset page for the asset named '{{v1}}' (asset tag {{v3}}, at {{v4}}), perform a Check Out…
  s_32c733  provisional  1 steps  1/1 (100%)
           In Snipe-IT, on the asset page for the asset named '{{v1}}' (asset tag {{v3}}, at {{v4}}), perform a Check Out…
  s_4d489d  provisional  6 steps  1/1 (100%)  variant of s_d84dc3
           In Snipe-IT, on the asset page for the asset named '{{v1}}' (asset tag {{v3}}, at {{v4}}), perform a Check Out…
  s_5c90b6  provisional  5 steps  1/1 (100%)  variant of s_d84dc3
           In Snipe-IT, on the asset page for the asset named '{{v1}}' (asset tag {{v3}}, at {{v4}}), perform a Check Out…
  s_7dafec  provisional  1 steps  1/1 (100%)  variant of s_d84dc3
           In Snipe-IT, on the asset page for the asset named '{{v1}}' (asset tag {{v3}}, at {{v4}}), perform a Check Out…
  s_82629a  provisional  1 steps  1/1 (100%)
           In Snipe-IT, on the asset page for the asset named '{{v1}}' (asset tag {{v3}}, at {{v4}}), perform a Check Out…
  s_b83b64  provisional  6 steps  1/1 (100%)
           In Snipe-IT, on the asset page for the asset named '{{v1}}' (asset tag {{v3}}, at {{v4}}), perform a Check Out…
  s_d7c384  provisional  1 steps  1/1 (100%)
           In Snipe-IT, on the asset page for the asset named '{{v1}}' (asset tag {{v3}}, at {{v4}}), perform a Check Out…
  s_de8adf  provisional  1 steps  1/1 (100%)  variant of s_d84dc3
           In Snipe-IT, on the asset page for the asset named '{{v1}}' (asset tag {{v3}}, at {{v4}}), perform a Check Out…
  s_e08d22  provisional  1 steps  1/1 (100%)
           In Snipe-IT, on the asset page for the asset named '{{v1}}' (asset tag {{v3}}, at {{v4}}), perform a Check Out…
  s_e7cd98  provisional  5 steps  1/1 (100%)
           In Snipe-IT, on the asset page for the asset named '{{v1}}' (asset tag {{v3}}, at {{v4}}), perform a Check Out…
  s_f4bdd3  provisional  1 steps  1/1 (100%)
           In Snipe-IT, on the asset page for the asset named '{{v1}}' (asset tag {{v3}}, at {{v4}}), perform a Check Out…
store: /home/user/sitelooper/bench/results/fwsi17-skills

summary: /home/user/sitelooper/bench/results/fwsi17-sweep.json
