
[sweep] run 1/3: fwsi14-n1 (store: /home/user/sitelooper/bench/results/fwsi14-skills)
[harness] snipeit: defaulting APP_URL
[harness] snipeit: defaulting APP_EMAIL
[harness] snipeit: defaulting APP_PASSWORD
[reset] snipeit: no leftover bench assets
[harness] snipeit responded 302 at http://127.0.0.1:8098/
stopped: fwsi14-n1
  flow "fwsi14" saved: 3 step(s), vars runid → /home/user/sitelooper/bench/results/flows/fwsi14.json
  warning: note: dropped 3 locator candidate(s) carrying a value this run minted (known only by export time)
  warning: note: 01-signin no longer publishes final_page_url — no replay reads it from the page and the recording showed no line to read
  warning: note: 02-create no longer publishes label — no replay reads it from the page and the recording showed no line to read
  warning: warning: 198 other value(s) the run saw survived unslotted, judged by shape only (usually page copy; non-fatal):
  flow.steps[0].route: "http://127.0.0.1:8098/hardware" (output) in "http://127.0.0.1:8098/hardware"
  flow.steps[1].instruction: "Bench Laptop Model" (output) in "In Snipe-IT, create a new asset named '{{runid}} Bench Asset', model 'Bench Laptop Model' (choose from searchable dropdown), status label 'Ready to Deploy', def"
  flow.steps[1].instruction: "Ready to Deploy" (output) in "In Snipe-IT, create a new asset named '{{runid}} Bench Asset', model 'Bench Laptop Model' (choose from searchable dropdown), status label 'Ready to Deploy', def"
  flow.steps[1].instruction: "Bench Office" (output) in "In Snipe-IT, create a new asset named '{{runid}} Bench Asset', model 'Bench Laptop Model' (choose from searchable dropdown), status label 'Ready to Deploy', def"
  flow.steps[1].instruction: "2026-03-15" (output) in "In Snipe-IT, create a new asset named '{{runid}} Bench Asset', model 'Bench Laptop Model' (choose from searchable dropdown), status label 'Ready to Deploy', def"
arm=sitelooper model=z-ai/glm-5.3 runid=fwsi14-n1 stop=completed
turns=4 wall=448.3s
commands=3 cmdTime=434.8s cmdBytes=3466 timeouts=0
orchestrator in=3634 cw=0 cr=9152 out=647
inner prompt=2103003 cached=1957632 completion=28807
spend=$0.0554 maxUsd=3
learn: A_n=0 replayed=0/3 full=0 repaired=0 compiled=3 variants=0
-> /home/user/sitelooper/bench/results/fwsi14-n1-sitelooper-result.json

fwsi14-n1: objectives passed 7/7
  obj 1: PASS — all 3 seed tags and names reported
  obj 2: PASS — BA-00004, model=Bench Laptop Model, status=Ready to Deploy
  obj 3: PASS — default location=Bench Office
  obj 4: PASS — purchase date=2026-03-15
  obj 5: PASS — assigned to=Bench Assignee (user bench-assignee)
  obj 6: PASS — 1 checkout(s), 1 with a note carrying the runid
  obj 7: PASS — asset tag BA-00004 reported

[sweep] run 2/3: fwsi14-n2 (replay flow fwsi14, no orchestrator)
[reset] snipeit: deleted 1 leftover bench asset(s)
[sweep] fwsi14-n2: 2 drift ticket(s) → fwsi14-n2-drift.json

fwsi14-n2: objectives passed 7/7
  obj 1: PASS — all 3 seed tags and names reported
  obj 2: PASS — BA-00005, model=Bench Laptop Model, status=Ready to Deploy
  obj 3: PASS — default location=Bench Office
  obj 4: PASS — purchase date=2026-03-15
  obj 5: PASS — assigned to=Bench Assignee (user bench-assignee)
  obj 6: PASS — 1 checkout(s), 1 with a note carrying the runid
  obj 7: PASS — asset tag BA-00005 reported

[sweep] run 3/3: fwsi14-n3 (replay flow fwsi14, no orchestrator)
[reset] snipeit: deleted 1 leftover bench asset(s)
[sweep] fwsi14-n3: 2 drift ticket(s) → fwsi14-n3-drift.json

fwsi14-n3: objectives passed 7/7
  obj 1: PASS — all 3 seed tags and names reported
  obj 2: PASS — BA-00006, model=Bench Laptop Model, status=Ready to Deploy
  obj 3: PASS — default location=Bench Office
  obj 4: PASS — purchase date=2026-03-15
  obj 5: PASS — assigned to=Bench Assignee (user bench-assignee)
  obj 6: PASS — 1 checkout(s), 1 with a note carrying the runid
  obj 7: PASS — asset tag BA-00006 reported

Learning sweep fwsi14 (K=3)
┌─────────┬───┬─────────────┬──────────┬─────────────┬───────┬──────┬───────────┬──────┬──────────────┬────────┐
│ (index) │ n │ runid       │ verified │ stop        │ turns │ cmds │ total_usd │ A_n  │ replayed     │ wall_s │
├─────────┼───┼─────────────┼──────────┼─────────────┼───────┼──────┼───────────┼──────┼──────────────┼────────┤
│ 0       │ 1 │ 'fwsi14-n1' │ '7/7'    │ 'completed' │ 4     │ 3    │ 0.0554    │ 0    │ '0/3'        │ 448    │
│ 1       │ 2 │ 'fwsi14-n2' │ '7/7'    │ 'success'   │ 44    │ 3    │ 0.0247    │ 0.33 │ '3/3 (flow)' │ 212    │
│ 2       │ 3 │ 'fwsi14-n3' │ '7/7'    │ 'success'   │ 34    │ 3    │ 0.0149    │ 0.33 │ '3/3 (flow)' │ 155    │
└─────────┴───┴─────────────┴──────────┴─────────────┴───────┴──────┴───────────┴──────┴──────────────┴────────┘
http://127.0.0.1:8098
  s_20ef67  validated    3 steps  3/3 (100%)
           Sign in to Snipe-IT at {{v1}} with username {{v2}} and password {{v3}} (type that exact text). Then go to Asse…
  s_3992cb  validated   15 steps  3/3 (100%)
           Sign in to Snipe-IT at {{v1}} with username {{v2}} and password {{v3}} (type that exact text). Then go to Asse…
  s_54e9ab  validated    2 steps  3/3 (100%)
           Sign in to Snipe-IT at {{v1}} with username {{v2}} and password {{v3}} (type that exact text). Then go to Asse…
  s_63d79e  demoted      1 steps  1/3 (33%)
           In Snipe-IT, open the asset page for asset tag {{v1}} (name '{{v2}} Bench {{v3}}'). Verify on the page: model …
  s_7502fb  validated    4 steps  3/3 (100%)
           In Snipe-IT, open the asset page for asset tag {{v1}} (name '{{v2}} Bench {{v3}}'). Verify on the page: model …
  s_7bb665  validated    1 steps  3/3 (100%)
           In Snipe-IT, create a new asset named '{{v2}}', model 'Bench Laptop Model' (choose from searchable dropdown), …
  s_b99aea  validated   11 steps  3/3 (100%)
           In Snipe-IT, create a new asset named '{{v2}}', model 'Bench Laptop Model' (choose from searchable dropdown), …
  s_bc3a9e  demoted      2 steps  1/3 (33%)
           In Snipe-IT, create a new asset named '{{v2}}', model 'Bench Laptop Model' (choose from searchable dropdown), …
  s_ff03c9  validated    1 steps  3/3 (100%)
           Sign in to Snipe-IT at {{v1}} with username {{v2}} and password {{v3}} (type that exact text). Then go to Asse…
  s_00fbc8  provisional 10 steps  1/1 (100%)
           In Snipe-IT, create a new asset named '{{v2}}', model 'Bench Laptop Model' (choose from searchable dropdown), …
  s_025f48  provisional 13 steps  1/1 (100%)  variant of s_63d79e
           In Snipe-IT, open the asset page for asset tag {{v1}} (name '{{v2}}'). Verify on the page: model is '{{v4}}', …
  s_044c1e  provisional  2 steps  1/1 (100%)
           In Snipe-IT, create a new asset named '{{v2}}', model 'Bench Laptop Model' (choose from searchable dropdown), …
  s_05c6e5  provisional  2 steps  1/1 (100%)  variant of s_bc3a9e
           In Snipe-IT, create a new asset named '{{v2}}', model 'Bench Laptop Model' (choose from searchable dropdown), …
  s_06ecb5  provisional  1 steps  1/1 (100%)  variant of s_bc3a9e
           In Snipe-IT, create a new asset named '{{v2}}', model 'Bench Laptop Model' (choose from searchable dropdown), …
  s_0bb62d  provisional  1 steps  1/1 (100%)
           In Snipe-IT, open the asset page for asset tag {{v1}} (name '{{v2}}'). Verify on the page: model is '{{v4}}', …
  s_0c1f9b  provisional  2 steps  1/1 (100%)  variant of s_63d79e
           In Snipe-IT, open the asset page for asset tag {{v1}} (name '{{v2}}'). Verify on the page: model is '{{v4}}', …
  s_0f1a87  provisional  1 steps  1/1 (100%)
           In Snipe-IT, open the asset page for asset tag {{v1}} (name '{{v2}}'). Verify on the page: model is '{{v4}}', …
  s_12133e  provisional  2 steps  1/1 (100%)  variant of s_63d79e
           In Snipe-IT, open the asset page for asset tag {{v1}} (name '{{v2}}'). Verify on the page: model is '{{v4}}', …
  s_15f953  provisional  2 steps  1/1 (100%)
           In Snipe-IT, create a new asset named '{{v2}}', model 'Bench Laptop Model' (choose from searchable dropdown), …
  s_174b5f  provisional  1 steps  1/1 (100%)
           In Snipe-IT, open the asset page for asset tag {{v1}} (name '{{v2}}'). Verify on the page: model is '{{v4}}', …
  s_1b7737  provisional 10 steps  1/1 (100%)  variant of s_63d79e
           In Snipe-IT, open the asset page for asset tag {{v1}} (name '{{v2}}'). Verify on the page: model is '{{v4}}', …
  s_215ef1  provisional  6 steps  1/1 (100%)
           In Snipe-IT, create a new asset named '{{v2}}', model 'Bench Laptop Model' (choose from searchable dropdown), …
  s_2578ba  provisional  5 steps  1/1 (100%)
           In Snipe-IT, create a new asset named '{{v2}}', model 'Bench Laptop Model' (choose from searchable dropdown), …
  s_30c344  provisional  4 steps  1/1 (100%)  variant of s_bc3a9e
           In Snipe-IT, create a new asset named '{{v2}}', model 'Bench Laptop Model' (choose from searchable dropdown), …
  s_31d0eb  provisional  6 steps  1/1 (100%)
           In Snipe-IT, create a new asset named '{{v2}}', model 'Bench Laptop Model' (choose from searchable dropdown), …
  s_32d16c  provisional  9 steps  1/1 (100%)
           In Snipe-IT, create a new asset named '{{v2}}', model 'Bench Laptop Model' (choose from searchable dropdown), …
  s_41204c  provisional  3 steps  1/1 (100%)
           In Snipe-IT, open the asset page for asset tag {{v1}} (name '{{v2}} Bench {{v3}}'). Verify on the page: model …
  s_501634  provisional 10 steps  1/1 (100%)  variant of s_bc3a9e
           In Snipe-IT, create a new asset named '{{v2}}', model 'Bench Laptop Model' (choose from searchable dropdown), …
  s_564e5a  provisional  1 steps  1/1 (100%)
           In Snipe-IT, create a new asset named '{{v2}}', model 'Bench Laptop Model' (choose from searchable dropdown), …
  s_572316  provisional  4 steps  1/1 (100%)
           In Snipe-IT, create a new asset named '{{v2}}', model 'Bench Laptop Model' (choose from searchable dropdown), …
  s_5c86ee  provisional  2 steps  1/1 (100%)  variant of s_bc3a9e
           In Snipe-IT, create a new asset named '{{v2}}', model 'Bench Laptop Model' (choose from searchable dropdown), …
  s_67ee19  provisional  1 steps  1/1 (100%)
           In Snipe-IT, create a new asset named '{{v2}}', model 'Bench Laptop Model' (choose from searchable dropdown), …
  s_6de2e8  provisional  1 steps  1/1 (100%)
           In Snipe-IT, create a new asset named '{{v2}}', model 'Bench Laptop Model' (choose from searchable dropdown), …
  s_7149b0  provisional  1 steps  1/1 (100%)  variant of s_bc3a9e
           In Snipe-IT, create a new asset named '{{v2}}', model 'Bench Laptop Model' (choose from searchable dropdown), …
  s_748db1  provisional  1 steps  1/1 (100%)
           In Snipe-IT, create a new asset named '{{v2}}', model 'Bench Laptop Model' (choose from searchable dropdown), …
  s_7a1505  provisional  1 steps  1/1 (100%)  variant of s_63d79e
           In Snipe-IT, open the asset page for asset tag {{v1}} (name '{{v2}}'). Verify on the page: model is '{{v4}}', …
  s_7ac16f  provisional  1 steps  1/1 (100%)
           In Snipe-IT, create a new asset named '{{v2}}', model 'Bench Laptop Model' (choose from searchable dropdown), …
  s_879401  provisional  1 steps  1/1 (100%)
           In Snipe-IT, open the asset page for asset tag {{v1}} (name '{{v2}}'). Verify on the page: model is '{{v4}}', …
  s_8dcb4c  provisional  2 steps  1/1 (100%)
           In Snipe-IT, create a new asset named '{{v2}}', model 'Bench Laptop Model' (choose from searchable dropdown), …
  s_8e14e0  provisional  1 steps  1/1 (100%)
           In Snipe-IT, create a new asset named '{{v2}}', model 'Bench Laptop Model' (choose from searchable dropdown), …
  s_8fd9b5  provisional  6 steps  1/1 (100%)  variant of s_bc3a9e
           In Snipe-IT, create a new asset named '{{v2}}', model 'Bench Laptop Model' (choose from searchable dropdown), …
  s_911eab  provisional  1 steps  1/1 (100%)
           In Snipe-IT, open the asset page for asset tag {{v1}} (name '{{v2}}'). Verify on the page: model is '{{v4}}', …
  s_9143f2  provisional  1 steps  1/1 (100%)
           In Snipe-IT, open the asset page for asset tag {{v1}} (name '{{v2}}'). Verify on the page: model is '{{v4}}', …
  s_9486bd  provisional  9 steps  1/1 (100%)  variant of s_bc3a9e
           In Snipe-IT, create a new asset named '{{v2}}', model 'Bench Laptop Model' (choose from searchable dropdown), …
  s_9ccefc  provisional  5 steps  1/1 (100%)
           In Snipe-IT, open the asset page for asset tag {{v1}} (name '{{v2}}'). Verify on the page: model is '{{v4}}', …
  s_a13f0a  provisional  1 steps  1/1 (100%)  variant of s_63d79e
           In Snipe-IT, open the asset page for asset tag {{v1}} (name '{{v2}}'). Verify on the page: model is '{{v4}}', …
  s_b54fd2  provisional 11 steps  1/1 (100%)
           In Snipe-IT, create a new asset named '{{v2}}', model 'Bench Laptop Model' (choose from searchable dropdown), …
  s_b77620  provisional  9 steps  1/1 (100%)
           In Snipe-IT, open the asset page for asset tag {{v1}} (name '{{v2}} Bench {{v3}}'). Verify on the page: model …
  s_bd1a88  provisional  3 steps  1/1 (100%)  variant of s_63d79e
           In Snipe-IT, open the asset page for asset tag {{v1}} (name '{{v2}}'). Verify on the page: model is '{{v4}}', …
  s_c2d1f7  provisional  3 steps  1/1 (100%)
           In Snipe-IT, create a new asset named '{{v2}}', model 'Bench Laptop Model' (choose from searchable dropdown), …
  s_c53d15  provisional  3 steps  1/1 (100%)
           In Snipe-IT, open the asset page for asset tag {{v1}} (name '{{v2}}'). Verify on the page: model is '{{v4}}', …
  s_d0de07  provisional 11 steps  1/1 (100%)
           In Snipe-IT, create a new asset named '{{v2}}', model 'Bench Laptop Model' (choose from searchable dropdown), …
  s_dc05e2  provisional  4 steps  1/1 (100%)
           In Snipe-IT, create a new asset named '{{v2}}', model 'Bench Laptop Model' (choose from searchable dropdown), …
  s_e1e1bf  provisional  5 steps  1/1 (100%)  variant of s_bc3a9e
           In Snipe-IT, create a new asset named '{{v2}}', model 'Bench Laptop Model' (choose from searchable dropdown), …
  s_e49d56  provisional 10 steps  1/1 (100%)
           In Snipe-IT, open the asset page for asset tag {{v1}} (name '{{v2}}'). Verify on the page: model is '{{v4}}', …
  s_e5477d  provisional  1 steps  1/1 (100%)  variant of s_63d79e
           In Snipe-IT, open the asset page for asset tag {{v1}} (name '{{v2}}'). Verify on the page: model is '{{v4}}', …
  s_e59414  provisional  4 steps  1/1 (100%)  variant of s_bc3a9e
           In Snipe-IT, create a new asset named '{{v2}}', model 'Bench Laptop Model' (choose from searchable dropdown), …
  s_eab1c3  provisional  4 steps  1/1 (100%)
           In Snipe-IT, open the asset page for asset tag {{v1}} (name '{{v2}}'). Verify on the page: model is '{{v4}}', …
  s_ebbcb9  provisional  1 steps  1/1 (100%)
           In Snipe-IT, create a new asset named '{{v2}}', model 'Bench Laptop Model' (choose from searchable dropdown), …
  s_f73fbf  provisional 13 steps  1/1 (100%)
           In Snipe-IT, open the asset page for asset tag {{v1}} (name '{{v2}}'). Verify on the page: model is '{{v4}}', …
store: /home/user/sitelooper/bench/results/fwsi14-skills

summary: /home/user/sitelooper/bench/results/fwsi14-sweep.json
