
[sweep] run 1/3: fwsi22-n1 (store: /home/user/sitelooper/bench/results/fwsi22-skills)
[harness] snipeit: defaulting APP_URL
[harness] snipeit: defaulting APP_EMAIL
[harness] snipeit: defaulting APP_PASSWORD
[reset] snipeit: no leftover bench assets
[harness] snipeit responded 302 at http://127.0.0.1:8098/
stopped: fwsi22-n1
  flow "fwsi22" saved: 3 step(s), vars runid → /home/user/sitelooper/bench/results/flows/fwsi22.json
  warning: note: 01-signin no longer publishes total_assets_shown, assets_page_url — no replay reads them from the page and the recording showed no line to read
  warning: note: 03-create no longer publishes checkouts_count, selected_assignee — no replay reads them from the page and the recording showed no line to read
  warning: warning: 133 other value(s) the run saw survived unslotted, judged by shape only (usually page copy; non-fatal):
  flow.steps[0].instruction: "asset" (output) in "Sign in to Snipe-IT at http://127.0.0.1:8098/ with username admin and password typed exactly as the text {{env:APP_PASSWORD}} (it is substituted as typed). Then"
  flow.steps[1].instruction: "Bench Laptop Model" (output) in "Create a new asset named '{{runid}} Bench Asset'. Model: choose 'Bench Laptop Model' from the model searchable dropdown. Status: choose 'Ready to Deploy' from t"
  flow.steps[1].instruction: "Ready to Deploy" (output) in "Create a new asset named '{{runid}} Bench Asset'. Model: choose 'Bench Laptop Model' from the model searchable dropdown. Status: choose 'Ready to Deploy' from t"
  flow.steps[1].instruction: "Bench Office" (output) in "Create a new asset named '{{runid}} Bench Asset'. Model: choose 'Bench Laptop Model' from the model searchable dropdown. Status: choose 'Ready to Deploy' from t"
  flow.steps[1].instruction: "2026-03-15" (output) in "Create a new asset named '{{runid}} Bench Asset'. Model: choose 'Bench Laptop Model' from the model searchable dropdown. Status: choose 'Ready to Deploy' from t"
arm=sitelooper model=z-ai/glm-5.3 runid=fwsi22-n1 stop=completed
turns=4 wall=275.6s
commands=3 cmdTime=259.3s cmdBytes=4243 timeouts=0
orchestrator in=3915 cw=0 cr=9216 out=663
inner prompt=1640688 cached=1499968 completion=17138
spend=$0.1286 maxUsd=3
learn: A_n=0 replayed=0/3 full=0 repaired=0 compiled=3 variants=0
-> /home/user/sitelooper/bench/results/fwsi22-n1-sitelooper-result.json

fwsi22-n1: objectives passed 7/7
  obj 1: PASS — all 3 seed tags and names reported
  obj 2: PASS — BA-00004, model=Bench Laptop Model, status=Ready to Deploy
  obj 3: PASS — default location=Bench Office
  obj 4: PASS — purchase date=2026-03-15
  obj 5: PASS — assigned to=Bench Assignee (user bench-assignee)
  obj 6: PASS — 1 checkout(s), 1 with a note carrying the runid
  obj 7: PASS — asset tag BA-00004 reported

[sweep] run 2/3: fwsi22-n2 (replay flow fwsi22, no orchestrator)
[reset] snipeit: deleted 1 leftover bench asset(s)

fwsi22-n2: objectives passed 7/7
  obj 1: PASS — all 3 seed tags and names reported
  obj 2: PASS — BA-00005, model=Bench Laptop Model, status=Ready to Deploy
  obj 3: PASS — default location=Bench Office
  obj 4: PASS — purchase date=2026-03-15
  obj 5: PASS — assigned to=Bench Assignee (user bench-assignee)
  obj 6: PASS — 1 checkout(s), 1 with a note carrying the runid
  obj 7: PASS — asset tag BA-00005 reported

[sweep] run 3/3: fwsi22-n3 (replay flow fwsi22, no orchestrator)
[reset] snipeit: deleted 1 leftover bench asset(s)

fwsi22-n3: objectives passed 7/7
  obj 1: PASS — all 3 seed tags and names reported
  obj 2: PASS — BA-00006, model=Bench Laptop Model, status=Ready to Deploy
  obj 3: PASS — default location=Bench Office
  obj 4: PASS — purchase date=2026-03-15
  obj 5: PASS — assigned to=Bench Assignee (user bench-assignee)
  obj 6: PASS — 1 checkout(s), 1 with a note carrying the runid
  obj 7: PASS — asset tag BA-00006 reported

Learning sweep fwsi22 (K=3)
┌─────────┬───┬─────────────┬──────────┬─────────────┬───────┬──────┬───────────┬─────┬──────────────┬────────┐
│ (index) │ n │ runid       │ verified │ stop        │ turns │ cmds │ total_usd │ A_n │ replayed     │ wall_s │
├─────────┼───┼─────────────┼──────────┼─────────────┼───────┼──────┼───────────┼─────┼──────────────┼────────┤
│ 0       │ 1 │ 'fwsi22-n1' │ '7/7'    │ 'completed' │ 4     │ 3    │ 0.1286    │ 0   │ '0/3'        │ 276    │
│ 1       │ 2 │ 'fwsi22-n2' │ '7/7'    │ 'success'   │ 0     │ 3    │ 0         │ 1   │ '3/3 (flow)' │ 69     │
│ 2       │ 3 │ 'fwsi22-n3' │ '7/7'    │ 'success'   │ 0     │ 3    │ 0         │ 1   │ '3/3 (flow)' │ 70     │
└─────────┴───┴─────────────┴──────────┴─────────────┴───────┴──────┴───────────┴─────┴──────────────┴────────┘
http://127.0.0.1:8098
  s_15ae8d  validated   13 steps  3/3 (100%)
           Create a new asset named '{{v2}}'. Model: choose 'Bench Laptop Model' from the model searchable dropdown. Stat…
  s_4c6d57  validated    1 steps  3/3 (100%)
           Create a new asset named '{{v2}}'. Model: choose 'Bench Laptop Model' from the model searchable dropdown. Stat…
  s_60db7f  validated   12 steps  3/3 (100%)
           Create a new asset named '{{v2}}'. Model: choose 'Bench Laptop Model' from the model searchable dropdown. Stat…
  s_7836d8  validated    1 steps  3/3 (100%)
           Sign in to Snipe-IT at {{v1}} with username {{v2}} and password typed exactly as the text {{v3}} (it is substi…
  s_80272e  validated    1 steps  3/3 (100%)
           On the asset '{{v1}}' (currently at /hardware/4), check it out to the user 'Bench Assignee' (choose the user f…
  s_826e1d  validated    3 steps  3/3 (100%)
           Sign in to Snipe-IT at {{v1}} with username {{v2}} and password typed exactly as the text {{v3}} (it is substi…
  s_90fe94  validated    1 steps  3/3 (100%)
           Create a new asset named '{{v2}}'. Model: choose 'Bench Laptop Model' from the model searchable dropdown. Stat…
  s_951f6d  validated    1 steps  3/3 (100%)
           On the asset '{{v1}}' (currently at /hardware/4), check it out to the user 'Bench Assignee' (choose the user f…
  s_98bd9a  validated    1 steps  3/3 (100%)
           Sign in to Snipe-IT at {{v1}} with username {{v2}} and password typed exactly as the text {{v3}} (it is substi…
  s_bee0cb  validated    9 steps  3/3 (100%)
           On the asset '{{v1}}' (currently at /hardware/4), check it out to the user 'Bench Assignee' (choose the user f…
  s_dec301  validated    5 steps  3/3 (100%)
           On the asset '{{v1}}' (currently at /hardware/4), check it out to the user 'Bench Assignee' (choose the user f…
  s_e43575  validated    1 steps  3/3 (100%)
           On the asset '{{v1}}' (currently at /hardware/4), check it out to the user 'Bench Assignee' (choose the user f…
  s_ebbe0d  validated   20 steps  3/3 (100%)
           Sign in to Snipe-IT at {{v1}} with username {{v2}} and password typed exactly as the text {{v3}} (it is substi…
store: /home/user/sitelooper/bench/results/fwsi22-skills

summary: /home/user/sitelooper/bench/results/fwsi22-sweep.json
