
[sweep] run 1/3: fwsi1-n1 (store: /home/user/sitelooper/bench/results/fwsi1-skills)
[harness] snipeit: defaulting APP_URL
[harness] snipeit: defaulting APP_EMAIL
[harness] snipeit: defaulting APP_PASSWORD
[reset] snipeit: no leftover bench assets
[harness] snipeit responded 302 at http://127.0.0.1:8098/
stopped: fwsi1-n1
  flow "fwsi1" saved: 6 step(s), vars runid → /home/user/sitelooper/bench/results/flows/fwsi1.json
  warning: note: 01-open no longer publishes page_title — no replay reads it from the page and the recording showed no line to read
  warning: note: 03-create no longer publishes created_by — no replay reads it from the page and the recording showed no line to read
  warning: note: 04-set no longer publishes status_shown, last_checkout, checkouts_count, history_created_at, success_alert — no replay reads them from the page and the recording showed no line to read
  warning: note: 05-change no longer publishes b_edit_status_options, model, assigned_to — no replay reads them from the page and the recording showed no line to read
  warning: warning: contradicted-step: 02-find read screenshot "/home/user/sitelooper/assets_seed_filter.png" right after 01-open reported "/home/user/sitelooper/dashboard_signed_in.png"; 01-open's change may not have landed and a later step may be retrying it. Re-record 01-open.
  warning: warning: contradicted-step: 05-change read a_status_text_on_details_tab "Ready to Deploy (with status label badge "Deployed")" right after 04-set reported "Deployed (Ready to Deploy)"; 04-set's change may not have landed and a later step may be retrying it. Re-record 04-set.
  warning: warning: 224 other value(s) the run saw survived unslotted, judged by shape only (usually page copy; non-fatal):
  flow.steps[1].route: "http://127.0.0.1:8098/hardware" (output) in "http://127.0.0.1:8098/hardware"
  flow.steps[2].instruction: "Bench Laptop Model" (output) in "Create a new asset in Snipe-IT: go to Assets -> Create New (the asset creation form). Fill in: Asset Name = '{{runid}} Bench Asset'; Model = 'Bench Laptop Model"
  flow.steps[2].instruction: "Ready to Deploy" (output) in "Create a new asset in Snipe-IT: go to Assets -> Create New (the asset creation form). Fill in: Asset Name = '{{runid}} Bench Asset'; Model = 'Bench Laptop Model"
  flow.steps[2].instruction: "Bench Office" (output) in "Create a new asset in Snipe-IT: go to Assets -> Create New (the asset creation form). Fill in: Asset Name = '{{runid}} Bench Asset'; Model = 'Bench Laptop Model"
  flow.steps[2].instruction: "2026-03-15" (output) in "Create a new asset in Snipe-IT: go to Assets -> Create New (the asset creation form). Fill in: Asset Name = '{{runid}} Bench Asset'; Model = 'Bench Laptop Model"
arm=sitelooper model=z-ai/glm-5.3 runid=fwsi1-n1 stop=completed
turns=7 wall=410.3s
commands=6 cmdTime=375.0s cmdBytes=9944 timeouts=0
orchestrator in=6649 cw=0 cr=22912 out=3530
inner prompt=2710090 cached=2520704 completion=33289
spend=$0.0873 maxUsd=3
learn: A_n=0 replayed=0/6 full=0 repaired=0 compiled=6 variants=0
-> /home/user/sitelooper/bench/results/fwsi1-n1-sitelooper-result.json

fwsi1-n1: objectives passed 7/7
  obj 1: PASS — all 3 seed tags and names reported
  obj 2: PASS — BA-00004, model=Bench Laptop Model, status=Ready to Deploy
  obj 3: PASS — default location=Bench Office
  obj 4: PASS — purchase date=2026-03-15
  obj 5: PASS — assigned to=Bench Assignee (user bench-assignee)
  obj 6: PASS — 1 checkout(s), 1 with a note carrying the runid
  obj 7: PASS — asset tag BA-00004 reported

[sweep] run 2/3: fwsi1-n2 (replay flow fwsi1, no orchestrator)
[reset] snipeit: deleted 1 leftover bench asset(s)
[sweep] fwsi1-n2: 4 drift ticket(s) → fwsi1-n2-drift.json

fwsi1-n2: objectives passed 7/7
  obj 1: PASS — all 3 seed tags and names reported
  obj 2: PASS — BA-00005, model=Bench Laptop Model, status=Ready to Deploy
  obj 3: PASS — default location=Bench Office
  obj 4: PASS — purchase date=2026-03-15
  obj 5: PASS — assigned to=Bench Assignee (user bench-assignee)
  obj 6: PASS — 1 checkout(s), 1 with a note carrying the runid
  obj 7: PASS — asset tag BA-00005 reported

[sweep] run 3/3: fwsi1-n3 (replay flow fwsi1, no orchestrator)
[reset] snipeit: deleted 1 leftover bench asset(s)
[sweep] fwsi1-n3: 4 drift ticket(s) → fwsi1-n3-drift.json

fwsi1-n3: objectives passed 7/7
  obj 1: PASS — all 3 seed tags and names reported
  obj 2: PASS — BA-00006, model=Bench Laptop Model, status=Ready to Deploy
  obj 3: PASS — default location=Bench Office
  obj 4: PASS — purchase date=2026-03-15
  obj 5: PASS — assigned to=Bench Assignee (user bench-assignee)
  obj 6: PASS — 1 checkout(s), 1 with a note carrying the runid
  obj 7: PASS — asset tag BA-00006 reported

Learning sweep fwsi1 (K=3)
┌─────────┬───┬────────────┬──────────┬─────────────┬───────┬──────┬───────────┬─────┬──────────────┬────────┐
│ (index) │ n │ runid      │ verified │ stop        │ turns │ cmds │ total_usd │ A_n │ replayed     │ wall_s │
├─────────┼───┼────────────┼──────────┼─────────────┼───────┼──────┼───────────┼─────┼──────────────┼────────┤
│ 0       │ 1 │ 'fwsi1-n1' │ '7/7'    │ 'completed' │ 7     │ 6    │ 0.0873    │ 0   │ '0/6'        │ 410    │
│ 1       │ 2 │ 'fwsi1-n2' │ '7/7'    │ 'success'   │ 53    │ 6    │ 0.0221    │ 0.5 │ '6/6 (flow)' │ 219    │
│ 2       │ 3 │ 'fwsi1-n3' │ '7/7'    │ 'success'   │ 59    │ 6    │ 0.0294    │ 0.5 │ '6/6 (flow)' │ 258    │
└─────────┴───┴────────────┴──────────┴─────────────┴───────┴──────┴───────────┴─────┴──────────────┴────────┘
http://127.0.0.1:8098
  s_22a1f8  validated   16 steps  3/3 (100%)
           On the asset page for the asset named '{{v1}}' (asset tag {{v3}}, at {{v4}}), perform a CHECKOUT: click the 'C…
  s_242b3b  validated    1 steps  3/3 (100%)
           On the asset page for the asset named '{{v1}}' (asset tag {{v3}}, at {{v4}}), perform a CHECKOUT: click the 'C…
  s_4e8585  validated    1 steps  3/3 (100%)
           On the asset page for the asset named '{{v1}}' (asset tag {{v3}}, at {{v4}}), perform a CHECKOUT: click the 'C…
  s_57aa23  validated    1 steps  3/3 (100%)
           Open {{v1}} and sign in with username {{v2}} and password {{v3}}. Then confirm you are signed in by reporting …
  s_684e1e  validated    7 steps  3/3 (100%)
           On the asset page for the asset named '{{v1}}' (asset tag {{v3}}, at {{v4}}), perform a CHECKOUT: click the 'C…
  s_78c7ce  validated    1 steps  3/3 (100%)
           Read-only check, do not modify anything: Go to the Assets list ({{v8}}) and report every asset row shown: its …
  s_8e44f7  demoted      3 steps  1/3 (33%)
           Verification only, do not change anything: On the asset page for asset tag {{v1}} (name '{{v2}}', {{v5}}), rep…
  s_907772  validated    5 steps  3/3 (100%)
           Read-only check, do not modify anything: Go to the Assets list ({{v8}}) and report every asset row shown: its …
  s_9de24b  validated    3 steps  3/3 (100%)
           Open {{v1}} and sign in with username {{v2}} and password {{v3}}. Then confirm you are signed in by reporting …
  s_9f2836  demoted      9 steps  1/3 (33%)
           Go to the Assets list (Assets -> List All, or the asset listing page). Find every asset whose NAME starts with…
  s_a41793  validated    1 steps  3/3 (100%)
           Verification only, do not change anything: On the asset page for asset tag {{v1}} (name '{{v2}}', {{v5}}), rep…
  s_abe491  validated    3 steps  3/3 (100%)
           Open {{v1}} and sign in with username {{v2}} and password {{v3}}. Then confirm you are signed in by reporting …
  s_ac6978  demoted     21 steps  1/3 (33%)
           Create a new asset in Snipe-IT: go to Assets -> Create New (the asset creation form). Fill in: Asset Name = '{…
  s_b525a2  validated    1 steps  3/3 (100%)
           Go to the Assets list (Assets -> List All, or the asset listing page). Find every asset whose NAME starts with…
  s_d199c4  validated    1 steps  3/3 (100%)
           On the asset page for the asset named '{{v1}}' (asset tag {{v3}}, at {{v4}}), perform a CHECKOUT: click the 'C…
  s_f8eda3  validated    1 steps  3/3 (100%)
           Create a new asset in Snipe-IT: go to Assets -> Create New (the asset creation form). Fill in: Asset Name = '{…
  s_04a029  provisional  8 steps  1/1 (100%)  variant of s_ac6978
           Create a new asset in Snipe-IT: go to Assets -> Create New (the asset creation form). Fill in: Asset Name = '{…
  s_0c1f37  provisional  1 steps  1/1 (100%)
           Create a new asset in Snipe-IT: go to Assets -> Create New (the asset creation form). Fill in: Asset Name = '{…
  s_11f13d  provisional  7 steps  1/1 (100%)
           Verification only, do not change anything: On the asset page for asset tag {{v1}} (name '{{v2}}', {{v4}}), rep…
  s_1378b8  provisional  1 steps  1/1 (100%)  variant of s_8e44f7
           Verification only, do not change anything: On the asset page for asset tag {{v1}} (name '{{v2}}', {{v4}}), rep…
  s_196c47  provisional  7 steps  1/1 (100%)  variant of s_8e44f7
           Verification only, do not change anything: On the asset page for asset tag {{v1}} (name '{{v2}}', {{v4}}), rep…
  s_1a69ce  provisional  4 steps  1/1 (100%)  variant of s_8e44f7
           Verification only, do not change anything: On the asset page for asset tag {{v1}} (name '{{v2}}', {{v4}}), rep…
  s_26e79f  provisional  1 steps  1/1 (100%)
           Create a new asset in Snipe-IT: go to Assets -> Create New (the asset creation form). Fill in: Asset Name = '{…
  s_31f856  provisional  6 steps  1/1 (100%)
           Create a new asset in Snipe-IT: go to Assets -> Create New (the asset creation form). Fill in: Asset Name = '{…
  s_425a6f  provisional 11 steps  1/1 (100%)
           Go to the Assets list (Assets -> List All, or the asset listing page). Find every asset whose NAME starts with…
  s_44841e  provisional  1 steps  1/1 (100%)
           Verification only, do not change anything: On the asset page for asset tag {{v1}} (name '{{v2}}', {{v4}}), rep…
  s_4dad7f  provisional  4 steps  1/1 (100%)
           Verification only, do not change anything: On the asset page for asset tag {{v1}} (name '{{v2}}', {{v4}}), rep…
  s_4e508b  provisional 25 steps  1/1 (100%)
           Create a new asset in Snipe-IT: go to Assets -> Create New (the asset creation form). Fill in: Asset Name = '{…
  s_4f4dfa  provisional  1 steps  1/1 (100%)
           Verification only, do not change anything: On the asset page for asset tag {{v1}} (name '{{v2}}', {{v4}}), rep…
  s_59ad93  provisional  1 steps  1/1 (100%)
           Go to the Assets list (Assets -> List All, or the asset listing page). Find every asset whose NAME starts with…
  s_675407  provisional  1 steps  1/1 (100%)
           Create a new asset in Snipe-IT: go to Assets -> Create New (the asset creation form). Fill in: Asset Name = '{…
  s_716003  provisional  1 steps  1/1 (100%)
           Go to the Assets list (Assets -> List All, or the asset listing page). Find every asset whose NAME starts with…
  s_7de919  provisional  1 steps  1/1 (100%)
           Verification only, do not change anything: On the asset page for asset tag {{v1}} (name '{{v2}}', {{v4}}), rep…
  s_820a01  provisional 25 steps  1/1 (100%)  variant of s_ac6978
           Create a new asset in Snipe-IT: go to Assets -> Create New (the asset creation form). Fill in: Asset Name = '{…
  s_867754  provisional  9 steps  1/1 (100%)
           Verification only, do not change anything: On the asset page for asset tag {{v1}} (name '{{v2}}', {{v5}}), rep…
  s_8b187e  provisional 18 steps  1/1 (100%)
           Create a new asset in Snipe-IT: go to Assets -> Create New (the asset creation form). Fill in: Asset Name = '{…
  s_98bb81  provisional  4 steps  1/1 (100%)  variant of s_8e44f7
           Verification only, do not change anything: On the asset page for asset tag {{v1}} (name '{{v2}}', {{v4}}), rep…
  s_9d5fa2  provisional  1 steps  1/1 (100%)  variant of s_8e44f7
           Verification only, do not change anything: On the asset page for asset tag {{v1}} (name '{{v2}}', {{v4}}), rep…
  s_9db127  provisional  6 steps  1/1 (100%)  variant of s_8e44f7
           Verification only, do not change anything: On the asset page for asset tag {{v1}} (name '{{v2}}', {{v4}}), rep…
  s_a4389e  provisional  1 steps  1/1 (100%)
           Create a new asset in Snipe-IT: go to Assets -> Create New (the asset creation form). Fill in: Asset Name = '{…
  s_a95ca9  provisional  1 steps  1/1 (100%)  variant of s_ac6978
           Create a new asset in Snipe-IT: go to Assets -> Create New (the asset creation form). Fill in: Asset Name = '{…
  s_ab32f0  provisional  1 steps  1/1 (100%)
           Verification only, do not change anything: On the asset page for asset tag {{v1}} (name '{{v2}}', {{v4}}), rep…
  s_b134ef  provisional 18 steps  1/1 (100%)  variant of s_ac6978
           Create a new asset in Snipe-IT: go to Assets -> Create New (the asset creation form). Fill in: Asset Name = '{…
  s_c0b427  provisional  6 steps  1/1 (100%)  variant of s_ac6978
           Create a new asset in Snipe-IT: go to Assets -> Create New (the asset creation form). Fill in: Asset Name = '{…
  s_c2eebc  provisional  6 steps  1/1 (100%)
           Create a new asset in Snipe-IT: go to Assets -> Create New (the asset creation form). Fill in: Asset Name = '{…
  s_ef3de9  provisional 12 steps  1/1 (100%)  variant of s_9f2836
           Go to the Assets list (Assets -> List All, or the asset listing page). Find every asset whose NAME starts with…
  s_efd9bc  provisional  1 steps  1/1 (100%)  variant of s_ac6978
           Create a new asset in Snipe-IT: go to Assets -> Create New (the asset creation form). Fill in: Asset Name = '{…
  s_f42110  provisional 11 steps  1/1 (100%)  variant of s_9f2836
           Go to the Assets list (Assets -> List All, or the asset listing page). Find every asset whose NAME starts with…
  s_f56c13  provisional  6 steps  1/1 (100%)
           Verification only, do not change anything: On the asset page for asset tag {{v1}} (name '{{v2}}', {{v4}}), rep…
  s_f8d903  provisional  1 steps  1/1 (100%)
           Create a new asset in Snipe-IT: go to Assets -> Create New (the asset creation form). Fill in: Asset Name = '{…
  s_f8dce9  provisional  4 steps  1/1 (100%)
           Verification only, do not change anything: On the asset page for asset tag {{v1}} (name '{{v2}}', {{v4}}), rep…
  s_fc1aa3  provisional  8 steps  1/1 (100%)
           Create a new asset in Snipe-IT: go to Assets -> Create New (the asset creation form). Fill in: Asset Name = '{…
  s_fd77f2  provisional 12 steps  1/1 (100%)
           Go to the Assets list (Assets -> List All, or the asset listing page). Find every asset whose NAME starts with…
store: /home/user/sitelooper/bench/results/fwsi1-skills

summary: /home/user/sitelooper/bench/results/fwsi1-sweep.json
