
Running 1 test using 1 worker

[sitelooper step] 01-signin
[sitelooper drift] 02-create s_b54fd2/9 target: used #4 locator('#select2-rtd_location_id_location_select-container') (#2 ambiguous)
[sitelooper step] 02-create
  ✘  1 fwsi14-cv3.spec.ts:9:1 › fwsi14-cv3 (1.1m)


  1) fwsi14-cv3.spec.ts:9:1 › fwsi14-cv3 › 03-open: In Snipe-IT, open the asset page for asset tag {{02-create.asset_tag}} (name '{{runid}} Bench Asset'). Verify on the page: model is 'Bench Laptop Model', status 'Ready to Deploy' (deployed status may show as 'Checked out' — report the actual status label shown, but confirm status was set to Ready to Deploy), location 'Bench Office', purchase date 2026-03-15, and it is checked out to user 'Bench Assignee' with a checkout note containing '{{runid}}'. If the checkout did NOT go through (asset not assigned to Bench Assignee), perform the checkout now: check out to user 'Bench Assignee' with note '{{runid}} checkout note'. Report each of these values as actually shown. 

    Error: 03-open s_eb2938: not on the page this procedure starts from (expects http://127.0.0.1:8098/hardware/19#history, browser is at http://127.0.0.1:8098/hardware/19) — nothing of this segment has run

       at fwsi14-cv3.flow.ts:12581

      12579 |   const verdict = preconditionVerdict(pattern, url, p, similarity, mints);
      12580 |   for (const line of verdict.warnings) logWarning(`${where}: ${line}`);
    > 12581 |   if (verdict.refuse) throw new Error(`${where}: ${verdict.refuse} — nothing of this segment has run`);
            |                             ^
      12582 | }
      12583 |
      12584 | /**
        at preconditionGate (/home/user/sitelooper/bench/results/fwsi14-cv3-c4-spec-tmp/fwsi14-cv3.flow.ts:12581:29)
        at Object.03-open (/home/user/sitelooper/bench/results/fwsi14-cv3-c4-spec-tmp/fwsi14-cv3.flow.ts:15696:11)
        at /home/user/sitelooper/bench/results/fwsi14-cv3-c4-spec-tmp/fwsi14-cv3.flow.ts:16462:7
        at runFlow (/home/user/sitelooper/bench/results/fwsi14-cv3-c4-spec-tmp/fwsi14-cv3.flow.ts:16461:5)
        at /home/user/sitelooper/bench/results/fwsi14-cv3-c4-spec-tmp/fwsi14-cv3.spec.ts:14:21

    attachment #1: sitelooper-drift (text/plain) ───────────────────────────────────────────────────
    [sitelooper drift] 02-create s_b54fd2/9 target: used #4 locator('#select2-rtd_location_id_location_select-container') (#2 ambiguous)
    ────────────────────────────────────────────────────────────────────────────────────────────────

    attachment #2: screenshot (image/png) ──────────────────────────────────────────────────────────
    test-results/fwsi14-cv3-fwsi14-cv3/test-failed-1.png
    ────────────────────────────────────────────────────────────────────────────────────────────────

    Error Context: test-results/fwsi14-cv3-fwsi14-cv3/error-context.md

  1 failed
    fwsi14-cv3.spec.ts:9:1 › fwsi14-cv3 ────────────────────────────────────────────────────────────
