
[sweep] run 1/3: fwsi9-n1 (store: /home/user/sitelooper/bench/results/fwsi9-skills)
[harness] snipeit: defaulting APP_URL
[harness] snipeit: defaulting APP_EMAIL
[harness] snipeit: defaulting APP_PASSWORD
[reset] snipeit: no leftover bench assets
[harness] snipeit responded 302 at http://127.0.0.1:8098/
stopped: fwsi9-n1
  flow "fwsi9" saved: 5 step(s), vars runid → /home/user/sitelooper/bench/results/flows/fwsi9.json
  warning: note: dropped 3 locator candidate(s) carrying a value this run minted (known only by export time)
  warning: note: 5 goal/report value(s) carrying a value this run made were slotted or dropped:
  s_72aa4e.reportTemplate.values.asset_name dropped (recorded literal of a value this run made)
  s_72aa4e.reportTemplate.values.checkout_note_in_history dropped (recorded literal of a value this run made)
  s_72aa4e.reportTemplate.values.history_row_checkout dropped (recorded literal of a value this run made)
  s_72aa4e.reportTemplate.values.bench_run_ref dropped (recorded literal of a value this run made)
  s_72aa4e.reportTemplate.summary dropped (narrates a value this run made)
  warning: note: 01-open no longer publishes landing_page_title, profile_url, app — no replay reads them from the page and the recording showed no line to read
  warning: warning: 02-find's instruction asks to report assets, and no replay can publish it: nothing in its procedure reads it from the page, so export dropped it — re-record the step so the value is read, not only reported
  warning: note: 03-create no longer publishes created_by, asset_create_url — no replay reads them from the page and the recording showed no line to read
  warning: warning: 04-report's instruction asks to report confirmation_message, and no replay can publish it: nothing in its procedure reads it from the page, so export dropped it — re-record the step so the value is read, not only reported
  warning: note: 04-report no longer publishes assignee_link — no replay reads it from the page and the recording showed no line to read
  warning: warning: 05-open's instruction asks to report model, default_location, checked_out_to_user, and no replay can publish them: nothing in its procedure reads them from the page, so export dropped them — re-record the step so the value is read, not only reported
  warning: note: 05-open no longer publishes bench_run_ref — no replay reads it from the page and the recording showed no line to read
  warning: warning: 129 other value(s) the run saw survived unslotted, judged by shape only (usually page copy; non-fatal):
  flow.startUrl: "http://127.0.0.1:8098/" (output) in "http://127.0.0.1:8098/"
  flow.steps[0].instruction: "http://127.0.0.1:8098/" (output) in "Open http://127.0.0.1:8098/ and sign in with username admin and password {{env:APP_PASSWORD}} (type the password text exactly as {{env:APP_PASSWORD}}). After si"
  flow.steps[0].instruction: "admin" (output) in "Open http://127.0.0.1:8098/ and sign in with username admin and password {{env:APP_PASSWORD}} (type the password text exactly as {{env:APP_PASSWORD}}). After si"
  flow.steps[0].params.v1: "http://127.0.0.1:8098/" (output) in "http://127.0.0.1:8098/"
  flow.steps[0].route: "http://127.0.0.1:8098/" (output) in "http://127.0.0.1:8098/"
arm=sitelooper model=z-ai/glm-5.3 runid=fwsi9-n1 stop=completed
turns=6 wall=424.7s
commands=5 cmdTime=404.5s cmdBytes=8041 timeouts=0
orchestrator in=14280 cw=0 cr=9472 out=1961
inner prompt=2395048 cached=2246912 completion=30017
spend=$0.0783 maxUsd=3
learn: A_n=0 replayed=0/5 full=0 repaired=0 compiled=5 variants=0
-> /home/user/sitelooper/bench/results/fwsi9-n1-sitelooper-result.json

fwsi9-n1: objectives passed 7/7
  obj 1: PASS — all 3 seed tags and names reported
  obj 2: PASS — BA-00004, model=Bench Laptop Model, status=Ready to Deploy
  obj 3: PASS — default location=Bench Office
  obj 4: PASS — purchase date=2026-03-15
  obj 5: PASS — assigned to=Bench Assignee (user bench-assignee)
  obj 6: PASS — 1 checkout(s), 1 with a note carrying the runid
  obj 7: PASS — asset tag BA-00004 reported

[sweep] run 2/3: fwsi9-n2 (replay flow fwsi9, no orchestrator)
[reset] snipeit: deleted 1 leftover bench asset(s)
[sweep] fwsi9-n2: 3 drift ticket(s) → fwsi9-n2-drift.json

fwsi9-n2: objectives passed 7/7
  obj 1: PASS — all 3 seed tags and names reported
  obj 2: PASS — BA-00005, model=Bench Laptop Model, status=Ready to Deploy
  obj 3: PASS — default location=Bench Office
  obj 4: PASS — purchase date=2026-03-15
  obj 5: PASS — assigned to=Bench Assignee (user bench-assignee)
  obj 6: PASS — 1 checkout(s), 1 with a note carrying the runid
  obj 7: PASS — asset tag BA-00005 reported

[sweep] run 3/3: fwsi9-n3 (replay flow fwsi9, no orchestrator)
[reset] snipeit: deleted 1 leftover bench asset(s)
[sweep] fwsi9-n3: 3 drift ticket(s) → fwsi9-n3-drift.json

fwsi9-n3: objectives passed 7/7
  obj 1: PASS — all 3 seed tags and names reported
  obj 2: PASS — BA-00006, model=Bench Laptop Model, status=Ready to Deploy
  obj 3: PASS — default location=Bench Office
  obj 4: PASS — purchase date=2026-03-15
  obj 5: PASS — assigned to=Bench Assignee (user bench-assignee)
  obj 6: PASS — 1 checkout(s), 1 with a note carrying the runid
  obj 7: PASS — asset tag BA-00006 reported

Learning sweep fwsi9 (K=3)
┌─────────┬───┬────────────┬──────────┬─────────────┬───────┬──────┬───────────┬─────┬──────────────┬────────┐
│ (index) │ n │ runid      │ verified │ stop        │ turns │ cmds │ total_usd │ A_n │ replayed     │ wall_s │
├─────────┼───┼────────────┼──────────┼─────────────┼───────┼──────┼───────────┼─────┼──────────────┼────────┤
│ 0       │ 1 │ 'fwsi9-n1' │ '7/7'    │ 'completed' │ 6     │ 5    │ 0.0783    │ 0   │ '0/5'        │ 425    │
│ 1       │ 2 │ 'fwsi9-n2' │ '7/7'    │ 'success'   │ 67    │ 5    │ 0.0307    │ 0   │ '5/5 (flow)' │ 234    │
│ 2       │ 3 │ 'fwsi9-n3' │ '7/7'    │ 'success'   │ 42    │ 5    │ 0.085     │ 0.6 │ '5/5 (flow)' │ 163    │
└─────────┴───┴────────────┴──────────┴─────────────┴───────┴──────┴───────────┴─────┴──────────────┴────────┘
http://127.0.0.1:8098
  s_046de4  validated    1 steps  3/3 (100%)
           Open {{v1}} and sign in with username admin and password {{env:APP_PASSWORD}} (type the password text exactly …
  s_24e7fd  provisional  3 steps  1/3 (33%)
           Open {{v1}} and sign in with username admin and password {{env:APP_PASSWORD}} (type the password text exactly …
  s_72aa4e  provisional  7 steps  1/3 (33%)
           Open {{v1}} and verify, reporting exactly what the page displays for each of: (1) the asset tag, (2) the asset…
  s_89eb2d  validated    3 steps  3/3 (100%)
           Open {{v1}} and sign in with username admin and password {{env:APP_PASSWORD}} (type the password text exactly …
  s_a90093  demoted      1 steps  1/3 (33%)
           On the asset page for asset tag {{v1}} ({{v2}}), use the Check Out action to check the asset out to the user '…
  s_15bbcf  provisional  1 steps  1/2 (50%)
           Go to Assets -> Asset List and find all assets whose name starts with '{{v1}}'. For each, report its name and …
  s_2a89ec  validated    9 steps  2/2 (100%)
           Go to Assets -> Asset List and find all assets whose name starts with '{{v1}}'. For each, report its name and …
  s_383c3c  validated    1 steps  2/2 (100%)  variant of s_a90093
           On the asset page for asset tag {{v1}} ({{v2}}), use the Check Out action to check the asset out to the user '…
  s_4e6f28  validated    1 steps  2/2 (100%)  variant of s_a90093
           On the asset page for asset tag {{v1}} ({{v2}}), use the Check Out action to check the asset out to the user '…
  s_4eada4  validated    5 steps  2/2 (100%)  variant of s_a90093
           On the asset page for asset tag {{v1}} ({{v2}}), use the Check Out action to check the asset out to the user '…
  s_5b5189  provisional  3 steps  1/2 (50%)
           Create a new asset in Snipe-IT (Assets -> Create New / Create Asset) with these values: Asset Name = '{{v2}}',…
  s_5b5878  validated    6 steps  2/2 (100%)  variant of s_a90093
           On the asset page for asset tag {{v1}} ({{v2}}), use the Check Out action to check the asset out to the user '…
  s_7ed788  provisional  1 steps  1/2 (50%)
           Create a new asset in Snipe-IT (Assets -> Create New / Create Asset) with these values: Asset Name = '{{v2}}',…
  s_8b2e1f  validated    1 steps  2/2 (100%)
           Go to Assets -> Asset List and find all assets whose name starts with '{{v1}}'. For each, report its name and …
  s_94aa70  validated    1 steps  2/2 (100%)  variant of s_a90093
           On the asset page for asset tag {{v1}} ({{v2}}), use the Check Out action to check the asset out to the user '…
  s_d005fc  validated    9 steps  2/2 (100%)  variant of s_72aa4e
           Open {{v1}} and verify, reporting exactly what the page displays for each of: (1) the asset tag, (2) the asset…
  s_001f69  provisional  2 steps  1/1 (100%)
           Open {{v1}} and sign in with username admin and password {{env:APP_PASSWORD}} (type the password text exactly …
  s_021bdc  provisional  2 steps  1/1 (100%)  variant of s_5b5189
           Create a new asset in Snipe-IT (Assets -> Create New / Create Asset) with these values: Asset Name = '{{v2}}',…
  s_07b580  provisional 10 steps  1/1 (100%)
           Create a new asset in Snipe-IT (Assets -> Create New / Create Asset) with these values: Asset Name = '{{v2}}',…
  s_0c3038  provisional  1 steps  1/1 (100%)
           Create a new asset in Snipe-IT (Assets -> Create New / Create Asset) with these values: Asset Name = '{{v2}}',…
  s_1627d2  provisional 11 steps  1/1 (100%)
           Create a new asset in Snipe-IT (Assets -> Create New / Create Asset) with these values: Asset Name = '{{v2}}',…
  s_1ada6b  provisional  1 steps  1/1 (100%)  variant of s_5b5189
           Create a new asset in Snipe-IT (Assets -> Create New / Create Asset) with these values: Asset Name = '{{v2}}',…
  s_2ea671  provisional 17 steps  1/1 (100%)  variant of s_5b5189
           Create a new asset in Snipe-IT (Assets -> Create New / Create Asset) with these values: Asset Name = '{{v2}}',…
  s_374886  provisional 18 steps  1/1 (100%)
           Create a new asset in Snipe-IT (Assets -> Create New / Create Asset) with these values: Asset Name = '{{v2}}',…
  s_5ceee2  provisional  1 steps  1/1 (100%)
           Create a new asset in Snipe-IT (Assets -> Create New / Create Asset) with these values: Asset Name = '{{v2}}',…
  s_81d401  provisional  5 steps  1/1 (100%)
           On the asset page for asset tag {{v1}} ({{v2}}), use the Check Out action to check the asset out to the user '…
  s_94eff2  provisional 10 steps  1/1 (100%)  variant of s_5b5189
           Create a new asset in Snipe-IT (Assets -> Create New / Create Asset) with these values: Asset Name = '{{v2}}',…
  s_a7d3bc  provisional  4 steps  1/1 (100%)
           Open {{v1}} and sign in with username admin and password {{env:APP_PASSWORD}} (type the password text exactly …
  s_b99d44  provisional  5 steps  1/1 (100%)
           Create a new asset in Snipe-IT (Assets -> Create New / Create Asset) with these values: Asset Name = '{{v2}}',…
  s_bb4ac4  provisional  8 steps  1/1 (100%)  variant of s_24e7fd
           Open http://127.0.0.1:8098/ and sign in with username admin and password {{env:APP_PASSWORD}} (type the passwo…
  s_d422f9  provisional  7 steps  1/1 (100%)
           On the asset page for asset tag {{v1}} ({{v2}}), use the Check Out action to check the asset out to the user '…
  s_d51dce  provisional  4 steps  1/1 (100%)
           Open {{v1}} and sign in with username admin and password {{env:APP_PASSWORD}} (type the password text exactly …
  s_d9b88e  provisional  8 steps  1/1 (100%)
           Open {{v1}} and sign in with username admin and password {{env:APP_PASSWORD}} (type the password text exactly …
  s_dde39c  provisional  1 steps  1/1 (100%)
           On the asset page for asset tag {{v1}} ({{v2}}), use the Check Out action to check the asset out to the user '…
  s_e180a3  provisional  7 steps  1/1 (100%)  variant of s_24e7fd
           Open http://127.0.0.1:8098/ and sign in with username admin and password {{env:APP_PASSWORD}} (type the passwo…
  s_ec2b2f  provisional  2 steps  1/1 (100%)
           Open {{v1}} and sign in with username admin and password {{env:APP_PASSWORD}} (type the password text exactly …
  s_f690e1  provisional  7 steps  1/1 (100%)
           Open {{v1}} and sign in with username admin and password {{env:APP_PASSWORD}} (type the password text exactly …
  s_fac5cd  provisional 17 steps  1/1 (100%)
           Go to Assets -> Asset List and find all assets whose name starts with '{{v1}}'. For each, report its name and …
store: /home/user/sitelooper/bench/results/fwsi9-skills

summary: /home/user/sitelooper/bench/results/fwsi9-sweep.json
