
[sweep] run 1/3: fwsi8-n1 (store: /home/user/sitelooper/bench/results/fwsi8-skills)
[harness] snipeit: defaulting APP_URL
[harness] snipeit: defaulting APP_EMAIL
[harness] snipeit: defaulting APP_PASSWORD
[reset] snipeit: no leftover bench assets
[harness] snipeit responded 302 at http://127.0.0.1:8098/
stopped: fwsi8-n1
  flow "fwsi8" saved: 4 step(s), vars runid → /home/user/sitelooper/bench/results/flows/fwsi8.json
  warning: note: 02-create no longer publishes default_location — no replay reads it from the page and the recording showed no line to read
  warning: note: 03-create no longer publishes assignee_link, note_location, asset_status_after_checkout, checkout_confirmation — no replay reads them from the page and the recording showed no line to read
  warning: note: 04-open no longer publishes checked_out_to_as_displayed, asset_name_label, default_location_label — no replay reads them from the page and the recording showed no line to read
  warning: warning: 116 other value(s) the run saw survived unslotted, judged by shape only (usually page copy; non-fatal):
  flow.steps[1].instruction: "Bench Laptop Model" (output) in "In Snipe-IT, create a new asset with the name '{{runid}} Bench Asset'. Set its model to 'Bench Laptop Model' (choose it from the searchable model dropdown so it"
  flow.steps[1].instruction: "Ready to Deploy" (output) in "In Snipe-IT, create a new asset with the name '{{runid}} Bench Asset'. Set its model to 'Bench Laptop Model' (choose it from the searchable model dropdown so it"
  flow.steps[1].instruction: "Bench Office" (output) in "In Snipe-IT, create a new asset with the name '{{runid}} Bench Asset'. Set its model to 'Bench Laptop Model' (choose it from the searchable model dropdown so it"
  flow.steps[1].instruction: "2026-03-15" (output) in "In Snipe-IT, create a new asset with the name '{{runid}} Bench Asset'. Set its model to 'Bench Laptop Model' (choose it from the searchable model dropdown so it"
  flow.steps[1].params.v3: "2026-03-15" (output) in "2026-03-15"
arm=sitelooper model=z-ai/glm-5.3 runid=fwsi8-n1 stop=completed
turns=5 wall=382.4s
commands=4 cmdTime=366.7s cmdBytes=6532 timeouts=0
orchestrator in=7001 cw=0 cr=11392 out=1078
inner prompt=2853148 cached=2674752 completion=30615
spend=$0.2156 maxUsd=3
learn: A_n=0 replayed=0/4 full=0 repaired=0 compiled=4 variants=0
-> /home/user/sitelooper/bench/results/fwsi8-n1-sitelooper-result.json

fwsi8-n1: objectives passed 7/7
  obj 1: PASS — all 3 seed tags and names reported
  obj 2: PASS — BA-00004, model=Bench Laptop Model, status=Ready to Deploy
  obj 3: PASS — default location=Bench Office
  obj 4: PASS — purchase date=2026-03-15
  obj 5: PASS — assigned to=Bench Assignee (user bench-assignee)
  obj 6: PASS — 1 checkout(s), 1 with a note carrying the runid
  obj 7: PASS — asset tag BA-00004 reported

[sweep] run 2/3: fwsi8-n2 (replay flow fwsi8, no orchestrator)
[reset] snipeit: deleted 1 leftover bench asset(s)

fwsi8-n2: objectives passed 6/7
  obj 1: FAIL — not in report: SEED-0003 Seed: Spare Laptop, SEED-0002 Seed: Training Laptop, SEED-0001 Seed: Reception Laptop
  obj 2: PASS — BA-00005, model=Bench Laptop Model, status=Ready to Deploy
  obj 3: PASS — default location=Bench Office
  obj 4: PASS — purchase date=2026-03-15
  obj 5: PASS — assigned to=Bench Assignee (user bench-assignee)
  obj 6: PASS — 1 checkout(s), 1 with a note carrying the runid
  obj 7: PASS — asset tag BA-00005 reported

[sweep] run 3/3: fwsi8-n3 (replay flow fwsi8, no orchestrator)
[reset] snipeit: deleted 1 leftover bench asset(s)

fwsi8-n3: objectives passed 6/7
  obj 1: FAIL — not in report: SEED-0003 Seed: Spare Laptop, SEED-0002 Seed: Training Laptop, SEED-0001 Seed: Reception Laptop
  obj 2: PASS — BA-00006, model=Bench Laptop Model, status=Ready to Deploy
  obj 3: PASS — default location=Bench Office
  obj 4: PASS — purchase date=2026-03-15
  obj 5: PASS — assigned to=Bench Assignee (user bench-assignee)
  obj 6: PASS — 1 checkout(s), 1 with a note carrying the runid
  obj 7: PASS — asset tag BA-00006 reported

Learning sweep fwsi8 (K=3)
┌─────────┬───┬────────────┬──────────┬─────────────┬───────┬──────┬───────────┬─────┬──────────────┬────────┐
│ (index) │ n │ runid      │ verified │ stop        │ turns │ cmds │ total_usd │ A_n │ replayed     │ wall_s │
├─────────┼───┼────────────┼──────────┼─────────────┼───────┼──────┼───────────┼─────┼──────────────┼────────┤
│ 0       │ 1 │ 'fwsi8-n1' │ '7/7'    │ 'completed' │ 5     │ 4    │ 0.2156    │ 0   │ '0/4'        │ 382    │
│ 1       │ 2 │ 'fwsi8-n2' │ '6/7'    │ 'success'   │ 0     │ 4    │ 0         │ 1   │ '4/4 (flow)' │ 49     │
│ 2       │ 3 │ 'fwsi8-n3' │ '6/7'    │ 'success'   │ 0     │ 4    │ 0         │ 1   │ '4/4 (flow)' │ 48     │
└─────────┴───┴────────────┴──────────┴─────────────┴───────┴──────┴───────────┴─────┴──────────────┴────────┘
http://127.0.0.1:8098
  s_0c0d06  validated    4 steps  3/3 (100%)
           In Snipe-IT, check out the asset named '{{v1}}' (asset tag {{v3}}) to the user 'Bench Assignee' (choose the us…
  s_534053  validated    6 steps  3/3 (100%)
           In Snipe-IT, check out the asset named '{{v1}}' (asset tag {{v3}}) to the user 'Bench Assignee' (choose the us…
  s_824f15  validated    1 steps  3/3 (100%)
           In Snipe-IT, check out the asset named '{{v1}}' (asset tag {{v3}}) to the user 'Bench Assignee' (choose the us…
  s_86b15e  validated    1 steps  3/3 (100%)
           Sign in to Snipe-IT at {{v1}} with username {{v2}} and password {{env:APP_PASSWORD}} (type the password exactl…
  s_ad9547  validated    7 steps  3/3 (100%)
           Sign in to Snipe-IT at {{v1}} with username {{v2}} and password {{env:APP_PASSWORD}} (type the password exactl…
  s_ae5a63  validated    1 steps  3/3 (100%)
           In Snipe-IT, create a new asset with the name '{{v2}}'. Set its model to 'Bench Laptop Model' (choose it from …
  s_c498b4  validated    1 steps  3/3 (100%)
           Sign in to Snipe-IT at {{v1}} with username {{v2}} and password {{env:APP_PASSWORD}} (type the password exactl…
  s_c91a8b  validated    1 steps  3/3 (100%)
           In Snipe-IT, create a new asset with the name '{{v2}}'. Set its model to 'Bench Laptop Model' (choose it from …
  s_cbfa25  validated    1 steps  3/3 (100%)
           Open the asset page for '{{v1}}' (asset tag {{v3}}) in Snipe-IT and verify, reading from the live page: its na…
  s_d570c4  validated    1 steps  3/3 (100%)
           In Snipe-IT, check out the asset named '{{v1}}' (asset tag {{v3}}) to the user 'Bench Assignee' (choose the us…
  s_d734c4  validated    2 steps  3/3 (100%)
           Sign in to Snipe-IT at {{v1}} with username {{v2}} and password {{env:APP_PASSWORD}} (type the password exactl…
  s_e2056e  validated    9 steps  3/3 (100%)
           Open the asset page for '{{v1}}' (asset tag {{v3}}) in Snipe-IT and verify, reading from the live page: its na…
  s_ef6952  validated    6 steps  3/3 (100%)
           In Snipe-IT, create a new asset with the name '{{v2}}'. Set its model to 'Bench Laptop Model' (choose it from …
  s_f38ed5  validated    1 steps  3/3 (100%)
           In Snipe-IT, check out the asset named '{{v1}}' (asset tag {{v3}}) to the user 'Bench Assignee' (choose the us…
  s_f7f050  validated   23 steps  3/3 (100%)
           In Snipe-IT, create a new asset with the name '{{v2}}'. Set its model to 'Bench Laptop Model' (choose it from …
store: /home/user/sitelooper/bench/results/fwsi8-skills

summary: /home/user/sitelooper/bench/results/fwsi8-sweep.json
SWEEP_EXIT_CODE:0
