[converge] from fwsi14: 3 step(s), store copied to /home/user/sitelooper/bench/results/fwsi14-cv3-skills, flow /home/user/sitelooper/bench/results/flows/fwsi14-cv3.json
[converge] round 1 compile: /opt/node22/bin/node /home/user/sitelooper/bin/sitelooper.js compile /home/user/sitelooper/bench/results/flows/fwsi14-cv3.json --out /home/user/sitelooper/bench/results/fwsi14-cv3-c1-compile --overwrite-spec --json
[converge] round 1 compile: exit 0
[converge] round 1 artifact: /opt/node22/bin/node /home/user/sitelooper/bench/spec-replay.mjs --flow /home/user/sitelooper/bench/results/flows/fwsi14-cv3.json --skills /home/user/sitelooper/bench/results/fwsi14-cv3-skills --tag fwsi14-cv3-c1 --target snipeit --reset --out /home/user/sitelooper/bench/results
[converge] round 1 artifact: exit 1
[converge] round 1: artifact failed (exit 1, verified 5/5); anchors 03-open
[converge] round 1 repair: /opt/node22/bin/node /home/user/sitelooper/bin/sitelooper.js repair /home/user/sitelooper/bench/results/fwsi14-cv3-c1-compile/fwsi14-cv3.flow.ts --var runid=fwsi14-cv3-p1n{n} --converge 1 --reset-cmd "\"/opt/node22/bin/node\" \"/home/user/sitelooper/bench/reset-app.mjs\" --target snipeit" --json
[converge] round 1 repair: exit 3
[converge] round 1 rerecord 03-open (repair: needs-rerecord): /opt/node22/bin/node /home/user/sitelooper/bin/sitelooper.js rerecord /home/user/sitelooper/bench/results/flows/fwsi14-cv3.json 03-open --var runid=fwsi14-cv3-r1n{n} --runs 2 --reset-cmd "\"/opt/node22/bin/node\" \"/home/user/sitelooper/bench/reset-app.mjs\" --target snipeit" --json
[converge] round 1 rerecord 03-open (repair: needs-rerecord): exit 0
[converge] round 2 compile: /opt/node22/bin/node /home/user/sitelooper/bin/sitelooper.js compile /home/user/sitelooper/bench/results/flows/fwsi14-cv3.json --out /home/user/sitelooper/bench/results/fwsi14-cv3-c2-compile --overwrite-spec --json
[converge] round 2 compile: exit 0
[converge] round 2 artifact: /opt/node22/bin/node /home/user/sitelooper/bench/spec-replay.mjs --flow /home/user/sitelooper/bench/results/flows/fwsi14-cv3.json --skills /home/user/sitelooper/bench/results/fwsi14-cv3-skills --tag fwsi14-cv3-c2 --target snipeit --reset --out /home/user/sitelooper/bench/results
[converge] round 2 artifact: exit 1
[converge] round 2: artifact failed (exit 1, verified 5/5); anchors 03-open
[converge] round 2 repair: /opt/node22/bin/node /home/user/sitelooper/bin/sitelooper.js repair /home/user/sitelooper/bench/results/fwsi14-cv3-c2-compile/fwsi14-cv3.flow.ts --var runid=fwsi14-cv3-p2n{n} --converge 1 --reset-cmd "\"/opt/node22/bin/node\" \"/home/user/sitelooper/bench/reset-app.mjs\" --target snipeit" --json
[converge] round 2 repair: exit 3
[converge] round 2 rerecord 03-open (repair: needs-rerecord): /opt/node22/bin/node /home/user/sitelooper/bin/sitelooper.js rerecord /home/user/sitelooper/bench/results/flows/fwsi14-cv3.json 03-open --var runid=fwsi14-cv3-r2n{n} --runs 2 --reset-cmd "\"/opt/node22/bin/node\" \"/home/user/sitelooper/bench/reset-app.mjs\" --target snipeit" --json
[converge] round 2 rerecord 03-open (repair: needs-rerecord): exit 0
[converge] round 3 compile: /opt/node22/bin/node /home/user/sitelooper/bin/sitelooper.js compile /home/user/sitelooper/bench/results/flows/fwsi14-cv3.json --out /home/user/sitelooper/bench/results/fwsi14-cv3-c3-compile --overwrite-spec --json
[converge] round 3 compile: exit 0
[converge] round 3 artifact: /opt/node22/bin/node /home/user/sitelooper/bench/spec-replay.mjs --flow /home/user/sitelooper/bench/results/flows/fwsi14-cv3.json --skills /home/user/sitelooper/bench/results/fwsi14-cv3-skills --tag fwsi14-cv3-c3 --target snipeit --reset --out /home/user/sitelooper/bench/results
[converge] round 3 artifact: exit 1
[converge] round 3: artifact failed (exit 1, verified 5/5); anchors 03-open
[converge] round 3 repair: /opt/node22/bin/node /home/user/sitelooper/bin/sitelooper.js repair /home/user/sitelooper/bench/results/fwsi14-cv3-c3-compile/fwsi14-cv3.flow.ts --var runid=fwsi14-cv3-p3n{n} --converge 1 --reset-cmd "\"/opt/node22/bin/node\" \"/home/user/sitelooper/bench/reset-app.mjs\" --target snipeit" --json
[converge] round 3 repair: exit 3
[converge] round 3 rerecord 03-open (repair: needs-rerecord): /opt/node22/bin/node /home/user/sitelooper/bin/sitelooper.js rerecord /home/user/sitelooper/bench/results/flows/fwsi14-cv3.json 03-open --var runid=fwsi14-cv3-r3n{n} --runs 2 --reset-cmd "\"/opt/node22/bin/node\" \"/home/user/sitelooper/bench/reset-app.mjs\" --target snipeit" --json
[converge] round 3 rerecord 03-open (repair: needs-rerecord): exit 0
[converge] round 4 compile: /opt/node22/bin/node /home/user/sitelooper/bin/sitelooper.js compile /home/user/sitelooper/bench/results/flows/fwsi14-cv3.json --out /home/user/sitelooper/bench/results/fwsi14-cv3-c4-compile --overwrite-spec --json
[converge] round 4 compile: exit 0
[converge] round 4 artifact: /opt/node22/bin/node /home/user/sitelooper/bench/spec-replay.mjs --flow /home/user/sitelooper/bench/results/flows/fwsi14-cv3.json --skills /home/user/sitelooper/bench/results/fwsi14-cv3-skills --tag fwsi14-cv3-c4 --target snipeit --reset --out /home/user/sitelooper/bench/results
[converge] round 4 artifact: exit 1
[converge] round 4: artifact failed (exit 1, verified 5/5); anchors 03-open
[converge] round 4 repair: /opt/node22/bin/node /home/user/sitelooper/bin/sitelooper.js repair /home/user/sitelooper/bench/results/fwsi14-cv3-c4-compile/fwsi14-cv3.flow.ts --var runid=fwsi14-cv3-p4n{n} --converge 1 --reset-cmd "\"/opt/node22/bin/node\" \"/home/user/sitelooper/bench/reset-app.mjs\" --target snipeit" --json
[converge] round 4 repair: exit 3
[converge] round 4 rerecord 03-open (repair: needs-rerecord): /opt/node22/bin/node /home/user/sitelooper/bin/sitelooper.js rerecord /home/user/sitelooper/bench/results/flows/fwsi14-cv3.json 03-open --var runid=fwsi14-cv3-r4n{n} --runs 2 --reset-cmd "\"/opt/node22/bin/node\" \"/home/user/sitelooper/bench/reset-app.mjs\" --target snipeit" --json
[converge] round 4 rerecord 03-open (repair: needs-rerecord): exit 0
[converge] round 5 compile: /opt/node22/bin/node /home/user/sitelooper/bin/sitelooper.js compile /home/user/sitelooper/bench/results/flows/fwsi14-cv3.json --out /home/user/sitelooper/bench/results/fwsi14-cv3-c5-compile --overwrite-spec --json
[converge] round 5 compile: exit 0
[converge] round 5 artifact: /opt/node22/bin/node /home/user/sitelooper/bench/spec-replay.mjs --flow /home/user/sitelooper/bench/results/flows/fwsi14-cv3.json --skills /home/user/sitelooper/bench/results/fwsi14-cv3-skills --tag fwsi14-cv3-c5 --target snipeit --reset --out /home/user/sitelooper/bench/results
[converge] round 5 artifact: exit 1
[converge] final check: artifact failed (exit 1, verified 5/5); anchors 03-open
[converge] fwsi14-cv3: exhausted — 4 round(s) without a passing artifact; rounds 5, flow runs 16, model turns 141
fwsi14-cv3: exhausted — 4 round(s) without a passing artifact; rounds 5, flow runs 16, model turns 141
