
[sweep] run 1/3: fwsi26-n1 (store: /home/user/sitelooper/bench/results/fwsi26-skills)
[harness] snipeit: defaulting APP_URL
[harness] snipeit: defaulting APP_EMAIL
[harness] snipeit: defaulting APP_PASSWORD
[reset] snipeit: no leftover bench assets
[harness] snipeit responded 302 at http://127.0.0.1:8098/
stopped: fwsi26-n1
  flow "fwsi26" saved: 5 step(s), vars runid → /home/user/sitelooper/bench/results/flows/fwsi26.json
  warning: warning: 03-create's instruction asks to report asset_tag, and only a recorded literal backs it: no read in its procedure publishes it, so a replay reports it only if the page it ends on shows that exact text — re-record the step so the value is read where it is shown
  warning: warning: 03-create's instruction asks to report model, and no replay can publish it: nothing in its procedure reads it from the page, so export dropped it — re-record the step so the value is read, not only reported
  warning: note: 03-create no longer publishes example_asset_tag — no replay reads it from the page and the recording showed no line to read
  warning: warning: 05-open's instruction asks to report status, and no replay can publish it: nothing in its procedure reads it from the page, so export dropped it — re-record the step so the value is read, not only reported
  warning: note: 05-open no longer publishes last_checkout, checkins, history_rows, history_table_columns, asset_name_label, checkouts_label, checkins_label — no replay reads them from the page and the recording showed no line to read
  warning: note: 01-signin: added a read for page_title_2 to s_6a7100 (page.getByRole('heading', { name: 'Dashboard', exact: true }); seen on the next instruction's start page)
  warning: note: 01-signin: added a read for signed_in_user to s_6a7100 (page.getByRole('link', { name: 'Bench Admin', exact: true }); seen on the instruction's own page)
  warning: note: 03-create: added a read for status to s_097296 (page.getByRole('link', { name: 'Ready to Deploy', exact: true }); seen on the next instruction's start page)
  warning: note: 03-create: added a read for location to s_097296 (page.getByRole('link', { name: 'Bench Office', exact: true }); seen on the next instruction's start page)
  warning: warning: 201 other value(s) the run saw survived unslotted, judged by shape only (usually page copy; non-fatal):
  flow.steps[2].instruction: "Bench Laptop Model" (output) in "In Snipe-IT, create a new Asset (via Assets -> Create New, or the 'New Asset' button) with these exact values: Name = '{{runid}} Bench Asset'; Model = 'Bench La"
  flow.steps[2].instruction: "Default Location" (output) in "In Snipe-IT, create a new Asset (via Assets -> Create New, or the 'New Asset' button) with these exact values: Name = '{{runid}} Bench Asset'; Model = 'Bench La"
  flow.steps[2].instruction: "Ready to Deploy" (output) in "In Snipe-IT, create a new Asset (via Assets -> Create New, or the 'New Asset' button) with these exact values: Name = '{{runid}} Bench Asset'; Model = 'Bench La"
  flow.steps[2].instruction: "Bench Office" (output) in "In Snipe-IT, create a new Asset (via Assets -> Create New, or the 'New Asset' button) with these exact values: Name = '{{runid}} Bench Asset'; Model = 'Bench La"
  flow.steps[2].instruction: "2026-03-15" (output) in "In Snipe-IT, create a new Asset (via Assets -> Create New, or the 'New Asset' button) with these exact values: Name = '{{runid}} Bench Asset'; Model = 'Bench La"
  warning: {{03-create.asset_tag}} (used by 04-set) can only be re-observed by model recovery, and 04-set's procedure types or locates by it — so `sitelooper spec` will REFUSE to compile this flow (unsourced-ref) until 03-create reads asset_tag from an element. Re-record 03-create now, while this session is still open.
  warning: 03-create reports asset_tag, but no segment of the procedure it pins (s_3ac098, through its last segment s_097296) re-reads it from the page — a replay without the model will succeed without that value; re-record so a read for it lands in s_097296.
arm=sitelooper model=z-ai/glm-5.3 runid=fwsi26-n1 stop=completed
turns=6 wall=468.5s
commands=5 cmdTime=436.3s cmdBytes=9367 timeouts=0
orchestrator in=8192 cw=0 cr=16000 out=2001
inner prompt=3642592 cached=3372608 completion=37499
spend=$0.3404 maxUsd=3
learn: A_n=0 replayed=0/5 full=0 repaired=0 compiled=5 variants=0
-> /home/user/sitelooper/bench/results/fwsi26-n1-sitelooper-result.json

fwsi26-n1: objectives passed 7/7
  obj 1: PASS — all 3 seed tags and names reported
  obj 2: PASS — BA-00004, model=Bench Laptop Model, status=Ready to Deploy
  obj 3: PASS — default location=Bench Office
  obj 4: PASS — purchase date=2026-03-15
  obj 5: PASS — assigned to=Bench Assignee (user bench-assignee)
  obj 6: PASS — 1 checkout(s), 1 with a note carrying the runid
  obj 7: PASS — asset tag BA-00004 reported

[sweep] run 2/3: fwsi26-n2 (replay flow fwsi26, no orchestrator)
[reset] snipeit: deleted 1 leftover bench asset(s)
[sweep] fwsi26-n2: 4 drift ticket(s) → fwsi26-n2-drift.json

fwsi26-n2: objectives passed 7/7
  obj 1: PASS — all 3 seed tags and names reported
  obj 2: PASS — BA-00005, model=Bench Laptop Model, status=Ready to Deploy
  obj 3: PASS — default location=Bench Office
  obj 4: PASS — purchase date=2026-03-15
  obj 5: PASS — assigned to=Bench Assignee (user bench-assignee)
  obj 6: PASS — 1 checkout(s), 1 with a note carrying the runid
  obj 7: PASS — asset tag BA-00005 reported

[sweep] run 3/3: fwsi26-n3 (replay flow fwsi26, no orchestrator)
[reset] snipeit: deleted 1 leftover bench asset(s)
[sweep] fwsi26-n3: 3 drift ticket(s) → fwsi26-n3-drift.json

fwsi26-n3: objectives passed 7/7
  obj 1: PASS — all 3 seed tags and names reported
  obj 2: PASS — BA-00006, model=Bench Laptop Model, status=Ready to Deploy
  obj 3: PASS — default location=Bench Office
  obj 4: PASS — purchase date=2026-03-15
  obj 5: PASS — assigned to=Bench Assignee (user bench-assignee)
  obj 6: PASS — 1 checkout(s), 1 with a note carrying the runid
  obj 7: PASS — asset tag BA-00006 reported

Learning sweep fwsi26 (K=3)
┌─────────┬───┬─────────────┬──────────┬─────────────┬───────┬──────┬───────────┬─────┬──────────────┬────────┐
│ (index) │ n │ runid       │ verified │ stop        │ turns │ cmds │ total_usd │ A_n │ replayed     │ wall_s │
├─────────┼───┼─────────────┼──────────┼─────────────┼───────┼──────┼───────────┼─────┼──────────────┼────────┤
│ 0       │ 1 │ 'fwsi26-n1' │ '7/7'    │ 'completed' │ 6     │ 5    │ 0.3404    │ 0   │ '0/5'        │ 469    │
│ 1       │ 2 │ 'fwsi26-n2' │ '7/7'    │ 'success'   │ 70    │ 5    │ 0.0361    │ 0.4 │ '5/5 (flow)' │ 267    │
│ 2       │ 3 │ 'fwsi26-n3' │ '7/7'    │ 'success'   │ 59    │ 5    │ 0.0284    │ 0.4 │ '5/5 (flow)' │ 223    │
└─────────┴───┴─────────────┴──────────┴─────────────┴───────┴──────┴───────────┴─────┴──────────────┴────────┘
http://127.0.0.1:8098
  s_097296  demoted     18 steps  1/3 (33%)
           In Snipe-IT, create a new Asset (via Assets -> Create New, or the 'New Asset' button) with these exact values:…
  s_16e0e1  provisional  2 steps  1/3 (33%)
           Open the Snipe-IT asset page at http://127.0.0.1:8098/hardware/4 and read the details panel. Report exactly wh…
  s_227198  validated    3 steps  3/3 (100%)
           Navigate to {{v1}} and sign in with username {{v2}} and password {{v3}} (type the password text exactly as giv…
  s_3ac098  validated    2 steps  3/3 (100%)
           In Snipe-IT, create a new Asset (via Assets -> Create New, or the 'New Asset' button) with these exact values:…
  s_45fd21  validated    1 steps  3/3 (100%)
           Navigate to {{v1}} and sign in with username {{v2}} and password {{v3}} (type the password text exactly as giv…
  s_6a7100  validated    6 steps  3/3 (100%)
           Navigate to {{v1}} and sign in with username {{v2}} and password {{v3}} (type the password text exactly as giv…
  s_6d688b  validated    1 steps  3/3 (100%)
           Open the Snipe-IT asset page at http://127.0.0.1:8098/hardware/4 and read the details panel. Report exactly wh…
  s_beb73f  validated   16 steps  3/3 (100%)
           In Snipe-IT, list the assets whose name starts with 'Seed:'. Use the Assets list (search/filter by name contai…
  s_d9de65  validated    1 steps  3/3 (100%)
           In Snipe-IT, list the assets whose name starts with 'Seed:'. Use the Assets list (search/filter by name contai…
  s_622b92  validated    1 steps  2/2 (100%)
           In Snipe-IT, check out the asset with asset tag {{v1}} (named '{{v2}}', at /hardware/4). Use the asset's Check…
  s_8204db  validated    5 steps  2/2 (100%)
           In Snipe-IT, check out the asset with asset tag {{v1}} (named '{{v2}}', at /hardware/4). Use the asset's Check…
  s_a6bf87  validated    1 steps  2/2 (100%)
           In Snipe-IT, check out the asset with asset tag {{v1}} (named '{{v2}}', at /hardware/4). Use the asset's Check…
  s_d24e00  provisional  1 steps  1/2 (50%)
           In Snipe-IT, check out the asset with asset tag {{v1}} (named '{{v2}}', at /hardware/4). Use the asset's Check…
  s_f12b2c  validated    1 steps  2/2 (100%)
           In Snipe-IT, check out the asset with asset tag {{v1}} (named '{{v2}}', at /hardware/4). Use the asset's Check…
  s_fb66dc  validated    1 steps  2/2 (100%)
           In Snipe-IT, check out the asset with asset tag {{v1}} (named '{{v2}}', at /hardware/4). Use the asset's Check…
  s_0165cf  provisional  2 steps  1/1 (100%)
           Open the Snipe-IT asset page at {{v1}} and read the details panel. Report exactly what the page shows for: Ass…
  s_07c3ba  provisional  2 steps  1/1 (100%)
           In Snipe-IT, create a new Asset (via Assets -> Create New, or the 'New Asset' button) with these exact values:…
  s_098941  provisional 16 steps  1/1 (100%)
           Open the Snipe-IT asset page at {{v1}} and read the details panel. Report exactly what the page shows for: Ass…
  s_0a8ff1  provisional  4 steps  1/1 (100%)
           In Snipe-IT, check out the asset with asset tag {{v1}} (named '{{v2}}', at /hardware/4). Use the asset's Check…
  s_0f6369  provisional  1 steps  1/1 (100%)
           Open the Snipe-IT asset page at {{v1}} and read the details panel. Report exactly what the page shows for: Ass…
  s_14b25f  provisional  1 steps  1/1 (100%)
           In Snipe-IT, check out the asset with asset tag {{v1}} (named '{{v2}}', at /hardware/5). Use the asset's Check…
  s_14c04f  provisional  2 steps  1/1 (100%)
           In Snipe-IT, check out the asset with asset tag {{v1}} (named '{{v2}}', at /hardware/5). Use the asset's Check…
  s_197199  provisional  1 steps  1/1 (100%)
           In Snipe-IT, check out the asset with asset tag {{v1}} (named '{{v2}}', at /hardware/5). Use the asset's Check…
  s_1d9cca  provisional  2 steps  1/1 (100%)
           In Snipe-IT, create a new Asset (via Assets -> Create New, or the 'New Asset' button) with these exact values:…
  s_20475b  provisional 21 steps  1/1 (100%)  variant of s_097296
           In Snipe-IT, create a new Asset (via Assets -> Create New, or the 'New Asset' button) with these exact values:…
  s_23b28a  provisional  1 steps  1/1 (100%)  variant of s_d24e00
           In Snipe-IT, check out the asset with asset tag {{v1}} (named '{{v2}}', at /hardware/5). Use the asset's Check…
  s_2639c5  provisional  8 steps  1/1 (100%)
           In Snipe-IT, check out the asset with asset tag {{v1}} (named '{{v2}}', at /hardware/). Use the asset's Check …
  s_33033d  provisional  5 steps  1/1 (100%)
           In Snipe-IT, check out the asset with asset tag {{v1}} (named '{{v2}}', at /hardware/5). Use the asset's Check…
  s_381e14  provisional  6 steps  1/1 (100%)
           Open the Snipe-IT asset page at {{v1}} and read the details panel. Report exactly what the page shows for: Ass…
  s_3bc07c  provisional  1 steps  1/1 (100%)
           Open the Snipe-IT asset page at {{v1}} and read the details panel. Report exactly what the page shows for: Ass…
  s_443c70  provisional  9 steps  1/1 (100%)
           In Snipe-IT, create a new Asset (via Assets -> Create New, or the 'New Asset' button) with these exact values:…
  s_44d177  provisional  8 steps  1/1 (100%)
           In Snipe-IT, create a new Asset (via Assets -> Create New, or the 'New Asset' button) with these exact values:…
  s_4a1bad  provisional  1 steps  1/1 (100%)
           In Snipe-IT, check out the asset with asset tag {{v1}} (named '{{v2}}', at /hardware/5). Use the asset's Check…
  s_4b7300  provisional  1 steps  1/1 (100%)
           In Snipe-IT, check out the asset with asset tag {{v1}} (named '{{v2}}', at /hardware/5). Use the asset's Check…
  s_4ef4bb  provisional 16 steps  1/1 (100%)  variant of s_16e0e1
           Open the Snipe-IT asset page at {{v1}} and read the details panel. Report exactly what the page shows for: Ass…
  s_516cbc  provisional 10 steps  1/1 (100%)  variant of s_d24e00
           In Snipe-IT, check out the asset with asset tag {{v1}} (named '{{v2}}', at /hardware/5). Use the asset's Check…
  s_520ad0  provisional 10 steps  1/1 (100%)
           Open the Snipe-IT asset page at {{v1}} and read the details panel. Report exactly what the page shows for: Ass…
  s_528503  provisional  2 steps  1/1 (100%)  variant of s_097296
           In Snipe-IT, create a new Asset (via Assets -> Create New, or the 'New Asset' button) with these exact values:…
  s_53436c  provisional  1 steps  1/1 (100%)  variant of s_d24e00
           In Snipe-IT, check out the asset with asset tag {{v1}} (named '{{v2}}', at /hardware/5). Use the asset's Check…
  s_53addc  provisional 21 steps  1/1 (100%)
           In Snipe-IT, create a new Asset (via Assets -> Create New, or the 'New Asset' button) with these exact values:…
  s_5465ae  provisional  1 steps  1/1 (100%)  variant of s_d24e00
           In Snipe-IT, check out the asset with asset tag {{v1}} (named '{{v2}}', at /hardware/5). Use the asset's Check…
  s_54b2de  provisional  2 steps  1/1 (100%)  variant of s_16e0e1
           Open the Snipe-IT asset page at {{v1}} and read the details panel. Report exactly what the page shows for: Ass…
  s_5b4c86  provisional  8 steps  1/1 (100%)  variant of s_097296
           In Snipe-IT, create a new Asset (via Assets -> Create New, or the 'New Asset' button) with these exact values:…
  s_60e72c  provisional 10 steps  1/1 (100%)  variant of s_16e0e1
           Open the Snipe-IT asset page at {{v1}} and read the details panel. Report exactly what the page shows for: Ass…
  s_643305  provisional  6 steps  1/1 (100%)  variant of s_16e0e1
           Open the Snipe-IT asset page at {{v1}} and read the details panel. Report exactly what the page shows for: Ass…
  s_6516d9  provisional  1 steps  1/1 (100%)
           In Snipe-IT, check out the asset with asset tag {{v1}} (named '{{v2}}', at /hardware/5). Use the asset's Check…
  s_705b22  provisional  1 steps  1/1 (100%)  variant of s_16e0e1
           Open the Snipe-IT asset page at {{v1}} and read the details panel. Report exactly what the page shows for: Ass…
  s_72f5c1  provisional 10 steps  1/1 (100%)
           In Snipe-IT, check out the asset with asset tag {{v1}} (named '{{v2}}', at /hardware/5). Use the asset's Check…
  s_7338ae  provisional  1 steps  1/1 (100%)
           In Snipe-IT, create a new Asset (via Assets -> Create New, or the 'New Asset' button) with these exact values:…
  s_7b9a11  provisional  1 steps  1/1 (100%)
           In Snipe-IT, check out the asset with asset tag {{v1}} (named '{{v2}}', at /hardware/5). Use the asset's Check…
  s_82867e  provisional  8 steps  1/1 (100%)
           In Snipe-IT, create a new Asset (via Assets -> Create New, or the 'New Asset' button) with these exact values:…
  s_8fe641  provisional  2 steps  1/1 (100%)
           Open the Snipe-IT asset page at {{v1}} and read the details panel. Report exactly what the page shows for: Ass…
  s_91567b  provisional 20 steps  1/1 (100%)  variant of s_097296
           In Snipe-IT, create a new Asset (via Assets -> Create New, or the 'New Asset' button) with these exact values:…
  s_93e230  provisional  1 steps  1/1 (100%)
           In Snipe-IT, check out the asset with asset tag {{v1}} (named '{{v2}}', at /hardware/). Use the asset's Check …
  s_96bb67  provisional  4 steps  1/1 (100%)
           Open the Snipe-IT asset page at {{v1}} and read the details panel. Report exactly what the page shows for: Ass…
  s_97042a  provisional  2 steps  1/1 (100%)  variant of s_d24e00
           In Snipe-IT, check out the asset with asset tag {{v1}} (named '{{v2}}', at /hardware/5). Use the asset's Check…
  s_9ccec5  provisional  1 steps  1/1 (100%)
           In Snipe-IT, check out the asset with asset tag {{v1}} (named '{{v2}}', at /hardware/5). Use the asset's Check…
  s_9d2229  provisional 20 steps  1/1 (100%)
           In Snipe-IT, create a new Asset (via Assets -> Create New, or the 'New Asset' button) with these exact values:…
  s_9daba0  provisional  1 steps  1/1 (100%)
           Open the Snipe-IT asset page at {{v1}} and read the details panel. Report exactly what the page shows for: Ass…
  s_a78a23  provisional 20 steps  1/1 (100%)
           Open the Snipe-IT asset page at http://127.0.0.1:8098/hardware/4 and read the details panel. Report exactly wh…
  s_adab87  provisional  9 steps  1/1 (100%)  variant of s_097296
           In Snipe-IT, create a new Asset (via Assets -> Create New, or the 'New Asset' button) with these exact values:…
  s_afcb4d  provisional  3 steps  1/1 (100%)
           In Snipe-IT, check out the asset with asset tag {{v1}} (named '{{v2}}', at /hardware/). Use the asset's Check …
  s_b4408f  provisional  2 steps  1/1 (100%)  variant of s_16e0e1
           Open the Snipe-IT asset page at {{v1}} and read the details panel. Report exactly what the page shows for: Ass…
  s_d85f1d  provisional  5 steps  1/1 (100%)
           In Snipe-IT, check out the asset with asset tag {{v1}} (named '{{v2}}', at /hardware/). Use the asset's Check …
  s_e20f3a  provisional  2 steps  1/1 (100%)
           In Snipe-IT, create a new Asset (via Assets -> Create New, or the 'New Asset' button) with these exact values:…
  s_e9876d  provisional  4 steps  1/1 (100%)  variant of s_16e0e1
           Open the Snipe-IT asset page at {{v1}} and read the details panel. Report exactly what the page shows for: Ass…
  s_e9f066  provisional  1 steps  1/1 (100%)  variant of s_097296
           In Snipe-IT, create a new Asset (via Assets -> Create New, or the 'New Asset' button) with these exact values:…
  s_fa2056  provisional  8 steps  1/1 (100%)  variant of s_097296
           In Snipe-IT, create a new Asset (via Assets -> Create New, or the 'New Asset' button) with these exact values:…
  s_ffce79  provisional  1 steps  1/1 (100%)
           In Snipe-IT, check out the asset with asset tag {{v1}} (named '{{v2}}', at /hardware/). Use the asset's Check …
store: /home/user/sitelooper/bench/results/fwsi26-skills

summary: /home/user/sitelooper/bench/results/fwsi26-sweep.json
