
Running 1 test using 1 worker

[sitelooper step] 01-signin
[sitelooper step] 02-find
[sitelooper warn] 03-create s_cd17ae/14: read 'asset_name' returned a value the skill itself set/selected ('fwsi2-spec Bench Asset') — confirms the control, not persistence; dropped from the report's confident values
[sitelooper warn] 03-create s_cd17ae/15: read 'form_purchase_date' returned a value the skill itself set/selected ('2026-03-15') — confirms the control, not persistence; dropped from the report's confident values
[sitelooper warn] 03-create s_cd17ae/16: expected alert containing "Success: × Asset with tag BA-00004 was created successfully. Click here to view."
[sitelooper step] 03-create
  ✘  1 fwsi2.spec.ts:9:1 › fwsi2 (28.4s)


  1) fwsi2.spec.ts:9:1 › fwsi2 › 04-create: In this Snipe-IT app, go to the asset detail page for the asset named '{{runid}} Bench Asset' (asset tag {{03-create.asset_tag}}, at /hardware/4). Check this asset out to the USER named 'Bench Assignee' (choose 'Bench Assignee' from the searchable user dropdown in the checkout form - an actual option must be selected, not just typed; do not create a new user). In the Notes field of the checkout, enter the text 'Checkout note for run {{runid}}'. Submit the checkout. Then verify on the asset detail page that the asset is now checked out to Bench Assignee and the checkout note is recorded in the asset's history. Report the assignee shown, the checkout note text shown, and the asset tag. 

    Error: 04-create s_390208/1 raised an alert the recording never saw: Error: × That asset was not found or you do not have permission to access it

       at fwsi2.flow.ts:9326

      9324 |   const verdict = alertVerdict(before, after ? after.alerts : null, ctx, after ? after.complete : true);
      9325 |   for (const line of verdict.warnings) logWarning(line);
    > 9326 |   if (verdict.stop) throw new Error(verdict.stop);
           |                           ^
      9327 | }
      9328 |
      9329 | /**
        at alertGate (/home/user/sitelooper/bench/results/fwsi2-spec-spec-tmp/fwsi2.flow.ts:9326:27)
        at Object.verify (/home/user/sitelooper/bench/results/fwsi2-spec-spec-tmp/fwsi2.flow.ts:11336:9)
        at runStepLifecycle (/home/user/sitelooper/bench/results/fwsi2-spec-spec-tmp/fwsi2.flow.ts:6955:37)
        at Object.04-create (/home/user/sitelooper/bench/results/fwsi2-spec-spec-tmp/fwsi2.flow.ts:11316:5)
        at /home/user/sitelooper/bench/results/fwsi2-spec-spec-tmp/fwsi2.flow.ts:12134:7
        at runFlow (/home/user/sitelooper/bench/results/fwsi2-spec-spec-tmp/fwsi2.flow.ts:12133:5)
        at /home/user/sitelooper/bench/results/fwsi2-spec-spec-tmp/fwsi2.spec.ts:14:21

    attachment #1: sitelooper-drift (text/plain) ───────────────────────────────────────────────────
    
    ────────────────────────────────────────────────────────────────────────────────────────────────

    attachment #2: screenshot (image/png) ──────────────────────────────────────────────────────────
    test-results/fwsi2-fwsi2/test-failed-1.png
    ────────────────────────────────────────────────────────────────────────────────────────────────

    Error Context: test-results/fwsi2-fwsi2/error-context.md

  1 failed
    fwsi2.spec.ts:9:1 › fwsi2 ──────────────────────────────────────────────────────────────────────
