
[sweep] run 1/3: fwsi6-n1 (store: /home/user/sitelooper/bench/results/fwsi6-skills)
[harness] snipeit: defaulting APP_URL
[harness] snipeit: defaulting APP_EMAIL
[harness] snipeit: defaulting APP_PASSWORD
[reset] snipeit: no leftover bench assets
[harness] snipeit responded 302 at http://127.0.0.1:8098/
stopped: fwsi6-n1
  flow "fwsi6" saved: 3 step(s), vars runid → /home/user/sitelooper/bench/results/flows/fwsi6.json
  warning: note: 02-create no longer publishes default_location, assets_nav_link, model_field_label — no replay reads them from the page and the recording showed no line to read
  warning: warning: 138 other value(s) the run saw survived unslotted, judged by shape only (usually page copy; non-fatal):
  flow.steps[0].instruction: "Assets" (output) in "Open http://127.0.0.1:8098/ and sign in with username 'admin' and password 'bench-admin-pass'. Then go to the Assets list and find every asset whose name starts"
  flow.steps[1].instruction: "Bench Laptop Model" (output) in "In Snipe-IT, create a new Asset (hardware) named '{{runid}} Bench Asset' with model 'Bench Laptop Model', status label 'Ready to Deploy', default location 'Benc"
  flow.steps[1].instruction: "Ready to Deploy" (output) in "In Snipe-IT, create a new Asset (hardware) named '{{runid}} Bench Asset' with model 'Bench Laptop Model', status label 'Ready to Deploy', default location 'Benc"
  flow.steps[1].instruction: "Bench Office" (output) in "In Snipe-IT, create a new Asset (hardware) named '{{runid}} Bench Asset' with model 'Bench Laptop Model', status label 'Ready to Deploy', default location 'Benc"
  flow.steps[1].instruction: "2026-03-15" (output) in "In Snipe-IT, create a new Asset (hardware) named '{{runid}} Bench Asset' with model 'Bench Laptop Model', status label 'Ready to Deploy', default location 'Benc"
arm=sitelooper model=z-ai/glm-5.3 runid=fwsi6-n1 stop=completed
turns=4 wall=307.1s
commands=3 cmdTime=247.0s cmdBytes=3547 timeouts=0
orchestrator in=6221 cw=0 cr=6528 out=1031
inner prompt=1129805 cached=1036928 completion=15956
spend=$0.0418 maxUsd=3
learn: A_n=0 replayed=0/3 full=0 repaired=0 compiled=3 variants=0
-> /home/user/sitelooper/bench/results/fwsi6-n1-sitelooper-result.json

fwsi6-n1: objectives passed 7/7
  obj 1: PASS — all 3 seed tags and names reported
  obj 2: PASS — BA-00004, model=Bench Laptop Model, status=Ready to Deploy
  obj 3: PASS — default location=Bench Office
  obj 4: PASS — purchase date=2026-03-15
  obj 5: PASS — assigned to=Bench Assignee (user bench-assignee)
  obj 6: PASS — 1 checkout(s), 1 with a note carrying the runid
  obj 7: PASS — asset tag BA-00004 reported

[sweep] run 2/3: fwsi6-n2 (replay flow fwsi6, no orchestrator)
[reset] snipeit: deleted 1 leftover bench asset(s)
[sweep] fwsi6-n2: 1 drift ticket(s) → fwsi6-n2-drift.json

fwsi6-n2: objectives passed 7/7
  obj 1: PASS — all 3 seed tags and names reported
  obj 2: PASS — BA-00005, model=Bench Laptop Model, status=Ready to Deploy
  obj 3: PASS — default location=Bench Office
  obj 4: PASS — purchase date=2026-03-15
  obj 5: PASS — assigned to=Bench Assignee (user bench-assignee)
  obj 6: PASS — 1 checkout(s), 1 with a note carrying the runid
  obj 7: PASS — asset tag BA-00005 reported

[sweep] run 3/3: fwsi6-n3 (replay flow fwsi6, no orchestrator)
[reset] snipeit: deleted 1 leftover bench asset(s)
[sweep] fwsi6-n3: 1 drift ticket(s) → fwsi6-n3-drift.json

fwsi6-n3: objectives passed 7/7
  obj 1: PASS — all 3 seed tags and names reported
  obj 2: PASS — BA-00006, model=Bench Laptop Model, status=Ready to Deploy
  obj 3: PASS — default location=Bench Office
  obj 4: PASS — purchase date=2026-03-15
  obj 5: PASS — assigned to=Bench Assignee (user bench-assignee)
  obj 6: PASS — 1 checkout(s), 1 with a note carrying the runid
  obj 7: PASS — asset tag BA-00006 reported

Learning sweep fwsi6 (K=3)
┌─────────┬───┬────────────┬──────────┬─────────────┬───────┬──────┬───────────┬─────┬──────────────┬────────┐
│ (index) │ n │ runid      │ verified │ stop        │ turns │ cmds │ total_usd │ A_n │ replayed     │ wall_s │
├─────────┼───┼────────────┼──────────┼─────────────┼───────┼──────┼───────────┼─────┼──────────────┼────────┤
│ 0       │ 1 │ 'fwsi6-n1' │ '7/7'    │ 'completed' │ 4     │ 3    │ 0.0418    │ 0   │ '0/3'        │ 307    │
│ 1       │ 2 │ 'fwsi6-n2' │ '7/7'    │ 'success'   │ 0     │ 3    │ 0         │ 1   │ '3/3 (flow)' │ 67     │
│ 2       │ 3 │ 'fwsi6-n3' │ '7/7'    │ 'success'   │ 0     │ 3    │ 0         │ 1   │ '3/3 (flow)' │ 67     │
└─────────┴───┴────────────┴──────────┴─────────────┴───────┴──────┴───────────┴─────┴──────────────┴────────┘
http://127.0.0.1:8098
  s_06fad2  validated    8 steps  3/3 (100%)
           Open {{v1}} and sign in with username '{{v2}}' and password '{{v3}}'. Then go to the Assets list and find ever…
  s_32dcc1  validated    1 steps  3/3 (100%)
           On the asset '{{v1}}' (tag {{v4}}) in {{v5}}, check the asset out to user 'Bench Assignee' with a note in the …
  s_51d1a1  validated    3 steps  3/3 (100%)
           Open {{v1}} and sign in with username '{{v2}}' and password '{{v3}}'. Then go to the Assets list and find ever…
  s_5dbe63  validated    4 steps  3/3 (100%)
           On the asset '{{v1}}' (tag {{v4}}) in {{v5}}, check the asset out to user 'Bench Assignee' with a note in the …
  s_607fa9  validated    2 steps  3/3 (100%)
           In Snipe-IT, create a new Asset (hardware) named '{{v2}}' with model 'Bench Laptop Model', status label 'Ready…
  s_6577ee  validated    1 steps  3/3 (100%)
           On the asset '{{v1}}' (tag {{v4}}) in {{v5}}, check the asset out to user 'Bench Assignee' with a note in the …
  s_6815a4  validated    5 steps  3/3 (100%)
           On the asset '{{v1}}' (tag {{v4}}) in {{v5}}, check the asset out to user 'Bench Assignee' with a note in the …
  s_7e9410  validated    1 steps  3/3 (100%)
           In Snipe-IT, create a new Asset (hardware) named '{{v2}}' with model 'Bench Laptop Model', status label 'Ready…
  s_86b1a8  validated   10 steps  3/3 (100%)
           In Snipe-IT, create a new Asset (hardware) named '{{v2}}' with model 'Bench Laptop Model', status label 'Ready…
  s_a58a1a  validated   11 steps  3/3 (100%)
           In Snipe-IT, create a new Asset (hardware) named '{{v2}}' with model 'Bench Laptop Model', status label 'Ready…
  s_ddd877  validated    1 steps  3/3 (100%)
           On the asset '{{v1}}' (tag {{v4}}) in {{v5}}, check the asset out to user 'Bench Assignee' with a note in the …
  s_e39909  validated    1 steps  3/3 (100%)
           Open {{v1}} and sign in with username '{{v2}}' and password '{{v3}}'. Then go to the Assets list and find ever…
  s_eb5ece  validated    1 steps  3/3 (100%)
           Open {{v1}} and sign in with username '{{v2}}' and password '{{v3}}'. Then go to the Assets list and find ever…
store: /home/user/sitelooper/bench/results/fwsi6-skills

summary: /home/user/sitelooper/bench/results/fwsi6-sweep.json
