[converge] from fwsi14: 3 step(s), store copied to /home/user/sitelooper/bench/results/fwsi14-cv-skills, flow /home/user/sitelooper/bench/results/flows/fwsi14-cv.json
[converge] round 1 compile: /opt/node22/bin/node /home/user/sitelooper/bin/sitelooper.js compile /home/user/sitelooper/bench/results/flows/fwsi14-cv.json --out /home/user/sitelooper/bench/results/fwsi14-cv-c1-compile --overwrite-spec --json
[converge] round 1 compile: exit 0
[converge] round 1 artifact: /opt/node22/bin/node /home/user/sitelooper/bench/spec-replay.mjs --flow /home/user/sitelooper/bench/results/flows/fwsi14-cv.json --skills /home/user/sitelooper/bench/results/fwsi14-cv-skills --tag fwsi14-cv-c1 --target snipeit --reset --out /home/user/sitelooper/bench/results
[converge] round 1 artifact: exit 1
[converge] round 1: artifact failed (exit 1, verified 5/5); anchors 03-open, 02-create
[converge] round 1 repair: /opt/node22/bin/node /home/user/sitelooper/bin/sitelooper.js repair /home/user/sitelooper/bench/results/fwsi14-cv-c1-compile/fwsi14-cv.flow.ts --var runid=fwsi14-cv-p1n{n} --converge 1 --reset-cmd "\"/opt/node22/bin/node\" \"/home/user/sitelooper/bench/reset-app.mjs\" --target snipeit" --json
[converge] round 1 repair: exit 3
[converge] round 1 rerecord 02-create (repair: needs-rerecord; also named: 03-open): /opt/node22/bin/node /home/user/sitelooper/bin/sitelooper.js rerecord /home/user/sitelooper/bench/results/flows/fwsi14-cv.json 02-create --var runid=fwsi14-cv-r1n{n} --runs 2 --reset-cmd "\"/opt/node22/bin/node\" \"/home/user/sitelooper/bench/reset-app.mjs\" --target snipeit" --json
[converge] round 1 rerecord 02-create (repair: needs-rerecord; also named: 03-open): exit 1
[converge] round 2 compile: /opt/node22/bin/node /home/user/sitelooper/bin/sitelooper.js compile /home/user/sitelooper/bench/results/flows/fwsi14-cv.json --out /home/user/sitelooper/bench/results/fwsi14-cv-c2-compile --overwrite-spec --json
[converge] round 2 compile: exit 2
[converge] round 2: compile refused (unsourced-ref@03-open); rerecord steps: 02-create
[converge] round 2 rerecord 02-create (compile refusal) — asked to read asset_tag: /opt/node22/bin/node /home/user/sitelooper/bin/sitelooper.js rerecord /home/user/sitelooper/bench/results/flows/fwsi14-cv.json 02-create --var runid=fwsi14-cv-r2n{n} --runs 2 --reset-cmd "\"/opt/node22/bin/node\" \"/home/user/sitelooper/bench/reset-app.mjs\" --target snipeit" --instruction-file /home/user/sitelooper/bench/results/fwsi14-cv-02-create-instruction.txt --json
[converge] round 2 rerecord 02-create (compile refusal) — asked to read asset_tag: exit 1
[converge] round 3 compile: /opt/node22/bin/node /home/user/sitelooper/bin/sitelooper.js compile /home/user/sitelooper/bench/results/flows/fwsi14-cv.json --out /home/user/sitelooper/bench/results/fwsi14-cv-c3-compile --overwrite-spec --json
[converge] round 3 compile: exit 2
[converge] round 3: compile refused (unsourced-ref@03-open); rerecord steps: 02-create
[converge] round 3 rerecord 02-create (compile refusal) — asked to read asset_tag: /opt/node22/bin/node /home/user/sitelooper/bin/sitelooper.js rerecord /home/user/sitelooper/bench/results/flows/fwsi14-cv.json 02-create --var runid=fwsi14-cv-r3n{n} --runs 2 --reset-cmd "\"/opt/node22/bin/node\" \"/home/user/sitelooper/bench/reset-app.mjs\" --target snipeit" --instruction-file /home/user/sitelooper/bench/results/fwsi14-cv-02-create-instruction.txt --json
[converge] round 3 rerecord 02-create (compile refusal) — asked to read asset_tag: exit 1
[converge] round 4 compile: /opt/node22/bin/node /home/user/sitelooper/bin/sitelooper.js compile /home/user/sitelooper/bench/results/flows/fwsi14-cv.json --out /home/user/sitelooper/bench/results/fwsi14-cv-c4-compile --overwrite-spec --json
[converge] round 4 compile: exit 2
[converge] round 4: compile refused (unsourced-ref@03-open); rerecord steps: 02-create
[converge] round 4 rerecord 02-create (compile refusal) — asked to read asset_tag: /opt/node22/bin/node /home/user/sitelooper/bin/sitelooper.js rerecord /home/user/sitelooper/bench/results/flows/fwsi14-cv.json 02-create --var runid=fwsi14-cv-r4n{n} --runs 2 --reset-cmd "\"/opt/node22/bin/node\" \"/home/user/sitelooper/bench/reset-app.mjs\" --target snipeit" --instruction-file /home/user/sitelooper/bench/results/fwsi14-cv-02-create-instruction.txt --json
[converge] round 4 rerecord 02-create (compile refusal) — asked to read asset_tag: exit 1
[converge] fwsi14-cv: exhausted — 4 round(s) without a passing artifact; rounds 4, flow runs 10, model turns 0
fwsi14-cv: exhausted — 4 round(s) without a passing artifact; rounds 4, flow runs 10, model turns 0
