
[sweep] run 1/3: fwsi11-n1 (store: /home/user/sitelooper/bench/results/fwsi11-skills)
[harness] snipeit: defaulting APP_URL
[harness] snipeit: defaulting APP_EMAIL
[harness] snipeit: defaulting APP_PASSWORD
[reset] snipeit: no leftover bench assets
[harness] snipeit responded 302 at http://127.0.0.1:8098/
stopped: fwsi11-n1
  flow "fwsi11" saved: 5 step(s), vars runid → /home/user/sitelooper/bench/results/flows/fwsi11.json
  warning: note: 01-open no longer publishes landing_page, admin_settings_url, success_message — no replay reads them from the page and the recording showed no line to read
  warning: note: 02-find no longer publishes example_asset_tag_format, example_tag_prefix_format — no replay reads them from the page and the recording showed no line to read
  warning: warning: 03-create's instruction asks to report purchase_date_on_view_page, and no replay can publish it: nothing in its procedure reads it from the page, so export dropped it — re-record the step so the value is read, not only reported
  warning: note: 03-create no longer publishes model_url, location_url — no replay reads them from the page and the recording showed no line to read
  warning: note: 04-create no longer publishes checked_out_to_user_url, checked_out_to_username, success_message — no replay reads them from the page and the recording showed no line to read
  warning: note: 05-open no longer publishes model_no, last_checkout — no replay reads them from the page and the recording showed no line to read
  warning: warning: 126 other value(s) the run saw survived unslotted, judged by shape only (usually page copy; non-fatal):
  flow.startUrl: "http://127.0.0.1:8098/" (output) in "http://127.0.0.1:8098/"
  flow.steps[0].instruction: "http://127.0.0.1:8098/" (output) in "Open http://127.0.0.1:8098/ and sign in with username 'admin' and password '{{env:APP_PASSWORD}}' (type the password text exactly as '{{env:APP_PASSWORD}}' — it"
  flow.steps[0].instruction: "admin" (output) in "Open http://127.0.0.1:8098/ and sign in with username 'admin' and password '{{env:APP_PASSWORD}}' (type the password text exactly as '{{env:APP_PASSWORD}}' — it"
  flow.steps[0].params.v1: "http://127.0.0.1:8098/" (output) in "http://127.0.0.1:8098/"
  flow.steps[1].instruction: "Seed:" (output) in "In this Snipe-IT app, find all assets whose NAME starts with 'Seed:' (the name field, not the asset tag). Go to Assets -> Asset List and search/filter so you se"
arm=sitelooper model=z-ai/glm-5.3 runid=fwsi11-n1 stop=completed
turns=6 wall=418.6s
commands=5 cmdTime=377.7s cmdBytes=10979 timeouts=0
orchestrator in=8997 cw=0 cr=16704 out=1940
inner prompt=2558747 cached=2360576 completion=32058
spend=$0.0817 maxUsd=3
learn: A_n=0 replayed=0/5 full=0 repaired=0 compiled=5 variants=0
-> /home/user/sitelooper/bench/results/fwsi11-n1-sitelooper-result.json

fwsi11-n1: objectives passed 7/7
  obj 1: PASS — all 3 seed tags and names reported
  obj 2: PASS — BA-00004, model=Bench Laptop Model, status=Ready to Deploy
  obj 3: PASS — default location=Bench Office
  obj 4: PASS — purchase date=2026-03-15
  obj 5: PASS — assigned to=Bench Assignee (user bench-assignee)
  obj 6: PASS — 1 checkout(s), 1 with a note carrying the runid
  obj 7: PASS — asset tag BA-00004 reported

[sweep] run 2/3: fwsi11-n2 (replay flow fwsi11, no orchestrator)
[reset] snipeit: deleted 1 leftover bench asset(s)
[sweep] fwsi11-n2: 1 drift ticket(s) → fwsi11-n2-drift.json

fwsi11-n2: objectives passed 7/7
  obj 1: PASS — all 3 seed tags and names reported
  obj 2: PASS — BA-00005, model=Bench Laptop Model, status=Ready to Deploy
  obj 3: PASS — default location=Bench Office
  obj 4: PASS — purchase date=2026-03-15
  obj 5: PASS — assigned to=Bench Assignee (user bench-assignee)
  obj 6: PASS — 1 checkout(s), 1 with a note carrying the runid
  obj 7: PASS — asset tag BA-00005 reported

[sweep] run 3/3: fwsi11-n3 (replay flow fwsi11, no orchestrator)
[reset] snipeit: deleted 1 leftover bench asset(s)
[sweep] fwsi11-n3: 1 drift ticket(s) → fwsi11-n3-drift.json

fwsi11-n3: objectives passed 7/7
  obj 1: PASS — all 3 seed tags and names reported
  obj 2: PASS — BA-00006, model=Bench Laptop Model, status=Ready to Deploy
  obj 3: PASS — default location=Bench Office
  obj 4: PASS — purchase date=2026-03-15
  obj 5: PASS — assigned to=Bench Assignee (user bench-assignee)
  obj 6: PASS — 1 checkout(s), 1 with a note carrying the runid
  obj 7: PASS — asset tag BA-00006 reported

Learning sweep fwsi11 (K=3)
┌─────────┬───┬─────────────┬──────────┬─────────────┬───────┬──────┬───────────┬─────┬──────────────┬────────┐
│ (index) │ n │ runid       │ verified │ stop        │ turns │ cmds │ total_usd │ A_n │ replayed     │ wall_s │
├─────────┼───┼─────────────┼──────────┼─────────────┼───────┼──────┼───────────┼─────┼──────────────┼────────┤
│ 0       │ 1 │ 'fwsi11-n1' │ '7/7'    │ 'completed' │ 6     │ 5    │ 0.0817    │ 0   │ '0/5'        │ 419    │
│ 1       │ 2 │ 'fwsi11-n2' │ '7/7'    │ 'success'   │ 0     │ 5    │ 0         │ 1   │ '5/5 (flow)' │ 91     │
│ 2       │ 3 │ 'fwsi11-n3' │ '7/7'    │ 'success'   │ 0     │ 5    │ 0         │ 1   │ '5/5 (flow)' │ 92     │
└─────────┴───┴─────────────┴──────────┴─────────────┴───────┴──────┴───────────┴─────┴──────────────┴────────┘
http://127.0.0.1:8098
  s_0c8541  validated    5 steps  3/3 (100%)
           On the asset view page for the asset named '{{v1}}' (asset tag {{v4}}, at {{v5}}), perform a CHECKOUT of this …
  s_1e200d  validated    5 steps  3/3 (100%)
           On the asset view page for the asset named '{{v1}}' (asset tag {{v4}}, at {{v5}}), perform a CHECKOUT of this …
  s_253079  validated    1 steps  3/3 (100%)
           In this Snipe-IT app, find all assets whose NAME starts with '{{v1}}' (the name field, not the asset tag). Go …
  s_39f590  validated    7 steps  3/3 (100%)
           Open {{v1}} and sign in with username 'admin' and password '{{env:APP_PASSWORD}}' (type the password text exac…
  s_3b49d2  validated    1 steps  3/3 (100%)
           On the asset view page for the asset named '{{v1}}' (asset tag {{v4}}, at {{v5}}), perform a CHECKOUT of this …
  s_40df0d  validated   16 steps  3/3 (100%)
           Create a new asset in this Snipe-IT app with these exact values: Name = '{{v3}}', Model = '{{v4}}' (choose it …
  s_58d4c7  validated    3 steps  3/3 (100%)
           Open {{v1}} and sign in with username 'admin' and password '{{env:APP_PASSWORD}}' (type the password text exac…
  s_5e95ba  validated   16 steps  3/3 (100%)
           In this Snipe-IT app, find all assets whose NAME starts with '{{v1}}' (the name field, not the asset tag). Go …
  s_647bf8  validated    1 steps  3/3 (100%)
           On the asset view page for the asset named '{{v1}}' (asset tag {{v4}}, at {{v5}}), perform a CHECKOUT of this …
  s_8557a5  validated    4 steps  3/3 (100%)
           Open {{v1}} and sign in with username 'admin' and password '{{env:APP_PASSWORD}}' (type the password text exac…
  s_8949c6  validated    1 steps  3/3 (100%)
           On the asset view page for the asset named '{{v1}}' (asset tag {{v4}}, at {{v5}}), perform a CHECKOUT of this …
  s_8f834e  validated    1 steps  3/3 (100%)
           Create a new asset in this Snipe-IT app with these exact values: Name = '{{v3}}', Model = '{{v4}}' (choose it …
  s_aaea28  validated    1 steps  3/3 (100%)
           On the asset view page for the asset named '{{v1}}' (asset tag {{v4}}, at {{v5}}), perform a CHECKOUT of this …
  s_c09928  validated    3 steps  3/3 (100%)
           Open {{v1}} and sign in with username 'admin' and password '{{env:APP_PASSWORD}}' (type the password text exac…
  s_cc70b8  validated    1 steps  3/3 (100%)
           On the asset view page for the asset named '{{v1}}' (asset tag {{v4}}, at {{v5}}), perform a CHECKOUT of this …
  s_cf10a4  validated    1 steps  3/3 (100%)
           Open the asset view page for the asset named '{{v1}}' (asset tag {{v4}}, {{v5}}) and verify, reading only, the…
  s_d3f184  validated   17 steps  3/3 (100%)
           Open the asset view page for the asset named '{{v1}}' (asset tag {{v4}}, {{v5}}) and verify, reading only, the…
  s_d5e32d  validated    1 steps  3/3 (100%)
           Create a new asset in this Snipe-IT app with these exact values: Name = '{{v3}}', Model = '{{v4}}' (choose it …
  s_d76ffc  validated    7 steps  3/3 (100%)
           Create a new asset in this Snipe-IT app with these exact values: Name = '{{v3}}', Model = '{{v4}}' (choose it …
  s_fdd0ee  validated    1 steps  3/3 (100%)
           On the asset view page for the asset named '{{v1}}' (asset tag {{v4}}, at {{v5}}), perform a CHECKOUT of this …
store: /home/user/sitelooper/bench/results/fwsi11-skills

summary: /home/user/sitelooper/bench/results/fwsi11-sweep.json
