
[sweep] run 1/3: fwsi2-n1 (store: /home/user/sitelooper/bench/results/fwsi2-skills)
[harness] snipeit: defaulting APP_URL
[harness] snipeit: defaulting APP_EMAIL
[harness] snipeit: defaulting APP_PASSWORD
[reset] snipeit: no leftover bench assets
[harness] snipeit responded 302 at http://127.0.0.1:8098/
stopped: fwsi2-n1
  flow "fwsi2" saved: 5 step(s), vars runid → /home/user/sitelooper/bench/results/flows/fwsi2.json
  warning: note: 01-signin no longer publishes final_url — no replay reads it from the page and the recording showed no line to read
  warning: note: 03-create no longer publishes default_location, created_by — no replay reads them from the page and the recording showed no line to read
  warning: note: 05-open no longer publishes status_well_html — no replay reads it from the page and the recording showed no line to read
  warning: warning: contradicted-step: 04-create read status_after_checkout "Deployed (Ready to Deploy / Deployed)" right after 03-create reported "Ready to Deploy (deployable)"; 03-create's change may not have landed and a later step may be retrying it. Re-record 03-create.
  warning: warning: 118 other value(s) the run saw survived unslotted, judged by shape only (usually page copy; non-fatal):
  flow.startUrl: "http://127.0.0.1:8098/" (output) in "http://127.0.0.1:8098/"
  flow.steps[0].route: "http://127.0.0.1:8098/" (output) in "http://127.0.0.1:8098/"
  flow.steps[2].instruction: "Bench Laptop Model" (output) in "In this Snipe-IT app, create a new Asset (go to Assets > Create New / Add Asset). Fill in: Asset Name = '{{runid}} Bench Asset', Model = 'Bench Laptop Model' (c"
  flow.steps[2].instruction: "Bench Office" (output) in "In this Snipe-IT app, create a new Asset (go to Assets > Create New / Add Asset). Fill in: Asset Name = '{{runid}} Bench Asset', Model = 'Bench Laptop Model' (c"
  flow.steps[2].instruction: "2026-03-15" (output) in "In this Snipe-IT app, create a new Asset (go to Assets > Create New / Add Asset). Fill in: Asset Name = '{{runid}} Bench Asset', Model = 'Bench Laptop Model' (c"
arm=sitelooper model=z-ai/glm-5.3 runid=fwsi2-n1 stop=completed
turns=7 wall=285.7s
commands=6 cmdTime=261.2s cmdBytes=6192 timeouts=0
orchestrator in=7867 cw=0 cr=16704 out=2919
inner prompt=1612976 cached=1496448 completion=18151
spend=$0.0614 maxUsd=3
learn: A_n=0 replayed=0/5 full=0 repaired=0 compiled=5 variants=0
-> /home/user/sitelooper/bench/results/fwsi2-n1-sitelooper-result.json

fwsi2-n1: objectives passed 7/7
  obj 1: PASS — all 3 seed tags and names reported
  obj 2: PASS — BA-00004, model=Bench Laptop Model, status=Ready to Deploy
  obj 3: PASS — default location=Bench Office
  obj 4: PASS — purchase date=2026-03-15
  obj 5: PASS — assigned to=Bench Assignee (user bench-assignee)
  obj 6: PASS — 1 checkout(s), 1 with a note carrying the runid
  obj 7: PASS — asset tag BA-00004 reported

[sweep] run 2/3: fwsi2-n2 (replay flow fwsi2, no orchestrator)
[reset] snipeit: deleted 1 leftover bench asset(s)
[sweep] fwsi2-n2: 1 drift ticket(s) → fwsi2-n2-drift.json

fwsi2-n2: objectives passed 7/7
  obj 1: PASS — all 3 seed tags and names reported
  obj 2: PASS — BA-00005, model=Bench Laptop Model, status=Ready to Deploy
  obj 3: PASS — default location=Bench Office
  obj 4: PASS — purchase date=2026-03-15
  obj 5: PASS — assigned to=Bench Assignee (user bench-assignee)
  obj 6: PASS — 1 checkout(s), 1 with a note carrying the runid
  obj 7: PASS — asset tag BA-00005 reported

[sweep] run 3/3: fwsi2-n3 (replay flow fwsi2, no orchestrator)
[reset] snipeit: deleted 1 leftover bench asset(s)
[sweep] fwsi2-n3: 1 drift ticket(s) → fwsi2-n3-drift.json

fwsi2-n3: objectives passed 7/7
  obj 1: PASS — all 3 seed tags and names reported
  obj 2: PASS — BA-00006, model=Bench Laptop Model, status=Ready to Deploy
  obj 3: PASS — default location=Bench Office
  obj 4: PASS — purchase date=2026-03-15
  obj 5: PASS — assigned to=Bench Assignee (user bench-assignee)
  obj 6: PASS — 1 checkout(s), 1 with a note carrying the runid
  obj 7: PASS — asset tag BA-00006 reported

Learning sweep fwsi2 (K=3)
┌─────────┬───┬────────────┬──────────┬─────────────┬───────┬──────┬───────────┬─────┬──────────────┬────────┐
│ (index) │ n │ runid      │ verified │ stop        │ turns │ cmds │ total_usd │ A_n │ replayed     │ wall_s │
├─────────┼───┼────────────┼──────────┼─────────────┼───────┼──────┼───────────┼─────┼──────────────┼────────┤
│ 0       │ 1 │ 'fwsi2-n1' │ '7/7'    │ 'completed' │ 7     │ 6    │ 0.0614    │ 0   │ '0/5'        │ 286    │
│ 1       │ 2 │ 'fwsi2-n2' │ '7/7'    │ 'success'   │ 49    │ 5    │ 0.0314    │ 0.6 │ '5/5 (flow)' │ 219    │
│ 2       │ 3 │ 'fwsi2-n3' │ '7/7'    │ 'success'   │ 19    │ 5    │ 0.0085    │ 0.8 │ '5/5 (flow)' │ 108    │
└─────────┴───┴────────────┴──────────┴─────────────┴───────┴──────┴───────────┴─────┴──────────────┴────────┘
http://127.0.0.1:8098
  s_007cd3  validated    3 steps  3/3 (100%)
           Sign in to this Snipe-IT app with username '{{v1}}' and password '{{v2}}'. Then verify you are signed in by re…
  s_3b2766  validated    1 steps  3/3 (100%)
           In this Snipe-IT app, create a new Asset (go to Assets > Create New / Add Asset). Fill in: Asset Name = '{{v2}…
  s_7ce5c1  validated    1 steps  3/3 (100%)
           Go to the Assets list (all assets) in this Snipe-IT app and find every asset whose NAME starts with 'Seed:'. R…
  s_9204c8  validated    4 steps  3/3 (100%)
           In this Snipe-IT app, create a new Asset (go to Assets > Create New / Add Asset). Fill in: Asset Name = '{{v2}…
  s_a578d0  validated    9 steps  3/3 (100%)
           Go to the Assets list (all assets) in this Snipe-IT app and find every asset whose NAME starts with 'Seed:'. R…
  s_ade7fd  validated    1 steps  3/3 (100%)
           In this Snipe-IT app, create a new Asset (go to Assets > Create New / Add Asset). Fill in: Asset Name = '{{v2}…
  s_aef3cf  validated    3 steps  3/3 (100%)
           Sign in to this Snipe-IT app with username '{{v1}}' and password '{{v2}}'. Then verify you are signed in by re…
  s_cd17ae  validated   16 steps  3/3 (100%)
           In this Snipe-IT app, create a new Asset (go to Assets > Create New / Add Asset). Fill in: Asset Name = '{{v2}…
  s_1ed04c  validated    9 steps  2/2 (100%)
           Read-only verification task. Open the asset detail page for the asset named '{{v1}}' (asset tag {{v3}}, at /ha…
  s_390208  provisional  1 steps  1/2 (50%)
           In this Snipe-IT app, go to the asset detail page for the asset named '{{v1}}' (asset tag {{v3}}, at /hardware…
  s_889a72  provisional  1 steps  1/2 (50%)  variant of s_390208
           In this Snipe-IT app, go to the asset detail page for the asset named '{{v1}}' (asset tag {{v3}}, at /hardware…
  s_172e0e  provisional  6 steps  1/1 (100%)  variant of s_889a72
           In this Snipe-IT app, go to the asset detail page for the asset named '{{v1}}' (asset tag {{v3}}, at /hardware…
  s_29cdf6  provisional  3 steps  1/1 (100%)  variant of s_889a72
           In this Snipe-IT app, go to the asset detail page for the asset named '{{v1}}' (asset tag {{v3}}, at /hardware…
  s_2b2597  provisional  1 steps  1/1 (100%)  variant of s_390208
           In this Snipe-IT app, go to the asset detail page for the asset named '{{v1}}' (asset tag {{v3}}, at /hardware…
  s_584476  provisional  7 steps  1/1 (100%)
           In this Snipe-IT app, go to the asset detail page for the asset named '{{v1}}' (asset tag {{v3}}, at /hardware…
  s_6bed71  provisional  1 steps  1/1 (100%)  variant of s_390208
           In this Snipe-IT app, go to the asset detail page for the asset named '{{v1}}' (asset tag {{v3}}, at /hardware…
  s_6c8993  provisional  1 steps  1/1 (100%)  variant of s_889a72
           In this Snipe-IT app, go to the asset detail page for the asset named '{{v1}}' (asset tag {{v3}}, at /hardware…
  s_9b68cf  provisional  4 steps  1/1 (100%)  variant of s_390208
           In this Snipe-IT app, go to the asset detail page for the asset named '{{v1}}' (asset tag {{v3}}, at /hardware…
  s_9eb845  provisional  1 steps  1/1 (100%)
           Read-only verification task. Open the asset detail page for the asset named '{{v1}}' (asset tag {{v3}}, at /ha…
  s_a2fe63  provisional  2 steps  1/1 (100%)
           Read-only verification task. Open the asset detail page for the asset named '{{v1}}' (asset tag {{v3}}, at /ha…
  s_ad8ba9  provisional  3 steps  1/1 (100%)
           In this Snipe-IT app, go to the asset detail page for the asset named '{{v1}}' (asset tag {{v3}}, at /hardware…
  s_bbd2ff  provisional  1 steps  1/1 (100%)
           In this Snipe-IT app, go to the asset detail page for the asset named '{{v1}}' (asset tag {{v3}}, at /hardware…
  s_c2f1fc  provisional  1 steps  1/1 (100%)  variant of s_889a72
           In this Snipe-IT app, go to the asset detail page for the asset named '{{v1}}' (asset tag {{v3}}, at /hardware…
  s_f55142  provisional  5 steps  1/1 (100%)  variant of s_390208
           In this Snipe-IT app, go to the asset detail page for the asset named '{{v1}}' (asset tag {{v3}}, at /hardware…
  s_f91c8f  provisional 23 steps  1/1 (100%)
           Read-only verification task. Open the asset detail page for the asset named '{{v1}}' (asset tag {{v3}}, at /ha…
store: /home/user/sitelooper/bench/results/fwsi2-skills

summary: /home/user/sitelooper/bench/results/fwsi2-sweep.json
