
[sweep] run 1/3: fwsi4-n1 (store: /home/user/sitelooper/bench/results/fwsi4-skills)
[harness] snipeit: defaulting APP_URL
[harness] snipeit: defaulting APP_EMAIL
[harness] snipeit: defaulting APP_PASSWORD
[reset] snipeit: no leftover bench assets
[harness] snipeit responded 302 at http://127.0.0.1:8098/
stopped: fwsi4-n1
  flow "fwsi4" saved: 5 step(s), vars runid → /home/user/sitelooper/bench/results/flows/fwsi4.json
  warning: note: dropped 2 locator candidate(s) carrying a value this run minted (known only by export time)
  warning: note: 04-set no longer publishes assignee_url, expected_checkin, status_label_element, success_alert — no replay reads them from the page and the recording showed no line to read
  warning: note: 05-open no longer publishes 3_model_link, 3_model_detail_row, 4_status_label, 7_checked_out_to, 7_assignee_link, expected_checkin, status_html, stat_tiles — no replay reads them from the page and the recording showed no line to read
  warning: warning: 127 other value(s) the run saw survived unslotted, judged by shape only (usually page copy; non-fatal):
  flow.steps[2].instruction: "Bench Laptop Model" (output) in "Create a new asset in Snipe-IT with these exact values: Asset Name = '{{runid}} Bench Asset'; Asset Model = 'Bench Laptop Model' (choose it from the searchable "
  flow.steps[2].instruction: "Ready to Deploy" (output) in "Create a new asset in Snipe-IT with these exact values: Asset Name = '{{runid}} Bench Asset'; Asset Model = 'Bench Laptop Model' (choose it from the searchable "
  flow.steps[2].instruction: "Bench Office" (output) in "Create a new asset in Snipe-IT with these exact values: Asset Name = '{{runid}} Bench Asset'; Asset Model = 'Bench Laptop Model' (choose it from the searchable "
  flow.steps[2].instruction: "2026-03-15" (output) in "Create a new asset in Snipe-IT with these exact values: Asset Name = '{{runid}} Bench Asset'; Asset Model = 'Bench Laptop Model' (choose it from the searchable "
  flow.steps[2].params.v3: "Bench Laptop Model" (output) in "Bench Laptop Model"
arm=sitelooper model=z-ai/glm-5.3 runid=fwsi4-n1 stop=completed
turns=6 wall=492.0s
commands=5 cmdTime=445.8s cmdBytes=8396 timeouts=0
orchestrator in=10841 cw=0 cr=12352 out=1961
inner prompt=2086019 cached=1883776 completion=25004
spend=$0.1681 maxUsd=3
learn: A_n=0 replayed=0/5 full=0 repaired=0 compiled=5 variants=0
-> /home/user/sitelooper/bench/results/fwsi4-n1-sitelooper-result.json

fwsi4-n1: objectives passed 7/7
  obj 1: PASS — all 3 seed tags and names reported
  obj 2: PASS — BA-00004, model=Bench Laptop Model, status=Ready to Deploy
  obj 3: PASS — default location=Bench Office
  obj 4: PASS — purchase date=2026-03-15
  obj 5: PASS — assigned to=Bench Assignee (user bench-assignee)
  obj 6: PASS — 1 checkout(s), 1 with a note carrying the runid
  obj 7: PASS — asset tag BA-00004 reported

[sweep] run 2/3: fwsi4-n2 (replay flow fwsi4, no orchestrator)
[reset] snipeit: deleted 1 leftover bench asset(s)
[sweep] fwsi4-n2: 1 drift ticket(s) → fwsi4-n2-drift.json

fwsi4-n2: objectives passed 7/7
  obj 1: PASS — all 3 seed tags and names reported
  obj 2: PASS — BA-00005, model=Bench Laptop Model, status=Ready to Deploy
  obj 3: PASS — default location=Bench Office
  obj 4: PASS — purchase date=2026-03-15
  obj 5: PASS — assigned to=Bench Assignee (user bench-assignee)
  obj 6: PASS — 1 checkout(s), 1 with a note carrying the runid
  obj 7: PASS — asset tag BA-00005 reported

[sweep] run 3/3: fwsi4-n3 (replay flow fwsi4, no orchestrator)
[reset] snipeit: deleted 1 leftover bench asset(s)
[sweep] fwsi4-n3: 1 drift ticket(s) → fwsi4-n3-drift.json

fwsi4-n3: objectives passed 7/7
  obj 1: PASS — all 3 seed tags and names reported
  obj 2: PASS — BA-00006, model=Bench Laptop Model, status=Ready to Deploy
  obj 3: PASS — default location=Bench Office
  obj 4: PASS — purchase date=2026-03-15
  obj 5: PASS — assigned to=Bench Assignee (user bench-assignee)
  obj 6: PASS — 1 checkout(s), 1 with a note carrying the runid
  obj 7: PASS — asset tag BA-00006 reported

Learning sweep fwsi4 (K=3)
┌─────────┬───┬────────────┬──────────┬─────────────┬───────┬──────┬───────────┬─────┬──────────────┬────────┐
│ (index) │ n │ runid      │ verified │ stop        │ turns │ cmds │ total_usd │ A_n │ replayed     │ wall_s │
├─────────┼───┼────────────┼──────────┼─────────────┼───────┼──────┼───────────┼─────┼──────────────┼────────┤
│ 0       │ 1 │ 'fwsi4-n1' │ '7/7'    │ 'completed' │ 6     │ 5    │ 0.1681    │ 0   │ '0/5'        │ 492    │
│ 1       │ 2 │ 'fwsi4-n2' │ '7/7'    │ 'success'   │ 0     │ 5    │ 0         │ 1   │ '5/5 (flow)' │ 49     │
│ 2       │ 3 │ 'fwsi4-n3' │ '7/7'    │ 'success'   │ 0     │ 5    │ 0         │ 1   │ '5/5 (flow)' │ 49     │
└─────────┴───┴────────────┴──────────┴─────────────┴───────┴──────┴───────────┴─────┴──────────────┴────────┘
http://127.0.0.1:8098
  s_046277  validated    1 steps  3/3 (100%)
           Open {{v1}} in the browser and sign in with username '{{v2}}' and password '{{v3}}'. Report what page you land…
  s_089b8e  validated   16 steps  3/3 (100%)
           Create a new asset in Snipe-IT with these exact values: Asset Name = '{{v2}}'; Asset Model = '{{v3}}' (choose …
  s_141707  validated   10 steps  3/3 (100%)
           Go to the Assets list page (Assets -> List All or the asset index). Find all assets whose NAME starts with '{{…
  s_319923  validated    4 steps  3/3 (100%)
           Open {{v1}} in the browser and sign in with username '{{v2}}' and password '{{v3}}'. Report what page you land…
  s_5e7c2a  validated    5 steps  3/3 (100%)
           On the asset view page for the asset named '{{v1}}' (asset tag {{v3}}, at {{v4}}), perform a CHECKOUT: click t…
  s_6ce55b  validated    1 steps  3/3 (100%)
           Create a new asset in Snipe-IT with these exact values: Asset Name = '{{v2}}'; Asset Model = '{{v3}}' (choose …
  s_71a332  validated    1 steps  3/3 (100%)
           On the asset view page for the asset named '{{v1}}' (asset tag {{v3}}, at {{v4}}), perform a CHECKOUT: click t…
  s_7f796f  validated    1 steps  3/3 (100%)
           Create a new asset in Snipe-IT with these exact values: Asset Name = '{{v2}}'; Asset Model = '{{v3}}' (choose …
  s_942296  validated    8 steps  3/3 (100%)
           Open the asset view page for the asset named '{{v1}}' (asset tag {{v3}}, http://127.0.0.1:8098/hardware/4) and…
  s_94602f  validated    1 steps  3/3 (100%)
           Go to the Assets list page (Assets -> List All or the asset index). Find all assets whose NAME starts with '{{…
  s_aaec3f  validated    1 steps  3/3 (100%)
           On the asset view page for the asset named '{{v1}}' (asset tag {{v3}}, at {{v4}}), perform a CHECKOUT: click t…
  s_d6abc6  validated    3 steps  3/3 (100%)
           Open {{v1}} in the browser and sign in with username '{{v2}}' and password '{{v3}}'. Report what page you land…
  s_e77749  validated    1 steps  3/3 (100%)
           On the asset view page for the asset named '{{v1}}' (asset tag {{v3}}, at {{v4}}), perform a CHECKOUT: click t…
  s_edfea6  validated   19 steps  3/3 (100%)
           Create a new asset in Snipe-IT with these exact values: Asset Name = '{{v2}}'; Asset Model = '{{v3}}' (choose …
  s_faa3c1  validated    4 steps  3/3 (100%)
           On the asset view page for the asset named '{{v1}}' (asset tag {{v3}}, at {{v4}}), perform a CHECKOUT: click t…
store: /home/user/sitelooper/bench/results/fwsi4-skills

summary: /home/user/sitelooper/bench/results/fwsi4-sweep.json
