
[sweep] run 1/3: fwvk12-n1 (store: /home/user/sitelooper/bench/results/fwvk12-skills)
[harness] vikunja: defaulting APP_URL
[harness] vikunja: defaulting APP_EMAIL
[harness] vikunja: defaulting APP_PASSWORD
[reset] vikunja: no leftover bench tasks
[harness] vikunja responded 200 at http://127.0.0.1:8096/
stopped: fwvk12-n1
  flow "fwvk12" saved: 5 step(s), vars runid → /home/user/sitelooper/bench/results/flows/fwvk12.json
  warning: note: 01-open no longer publishes seed_task_count, total_tasks_in_list, seed_task_links — no replay reads them from the page and the recording showed no line to read
  warning: note: 03-create no longer publishes task_page_label_shown, labels_page_contents, backend_label_occurrences_app_wide — no replay reads them from the page and the recording showed no line to read
  warning: note: 05-open no longer publishes project_url_checked, priority_select_value — no replay reads them from the page and the recording showed no line to read
  warning: warning: 105 other value(s) the run saw survived unslotted, judged by shape only (usually page copy; non-fatal):
  flow.steps[0].instruction: "Bench Project" (output) in "Open http://127.0.0.1:8096/ and sign in with username admin and password {{env:APP_PASSWORD}} (type the password text exactly as {{env:APP_PASSWORD}}). Then ope"
  flow.steps[0].instruction: "admin" (output) in "Open http://127.0.0.1:8096/ and sign in with username admin and password {{env:APP_PASSWORD}} (type the password text exactly as {{env:APP_PASSWORD}}). Then ope"
  flow.steps[0].params.v2: "admin" (output) in "admin"
  flow.steps[1].instruction: "Bench Project" (output) in "In the project 'Bench Project' in Vikunja, create a new task titled exactly '{{runid}} Bench Task'. Give it a description that includes the text '{{runid}}' (e."
  flow.steps[1].instruction: "2026" (output) in "In the project 'Bench Project' in Vikunja, create a new task titled exactly '{{runid}} Bench Task'. Give it a description that includes the text '{{runid}}' (e."
arm=sitelooper model=z-ai/glm-5.3 runid=fwvk12-n1 stop=completed
turns=6 wall=215.9s
commands=5 cmdTime=197.5s cmdBytes=8972 timeouts=0
orchestrator in=5334 cw=0 cr=19392 out=2276
inner prompt=1136910 cached=1050112 completion=18008
spend=$0.0496 maxUsd=3
learn: A_n=0 replayed=0/5 full=0 repaired=0 compiled=5 variants=0
-> /home/user/sitelooper/bench/results/fwvk12-n1-sitelooper-result.json

fwvk12-n1: objectives passed 7/7
  obj 1: PASS — all 3 seed titles reported
  obj 2: PASS — project=Bench Project, description includes runid=true
  obj 3: PASS — due date=2026-12-31T00:00:00Z, want 2026-12-31
  obj 4: PASS — priority=3 (want 3 = High)
  obj 5: PASS — labels=Backend#1; seeded Backend is #1
  obj 6: PASS — 1 comment(s), 1 carrying the runid
  obj 7: PASS — identifier BENCH-4 reported

[sweep] run 2/3: fwvk12-n2 (replay flow fwvk12, no orchestrator)
[reset] vikunja: deleted 1 leftover bench task(s)
[reset] vikunja: re-created "Seed: ship repaired device" as BENCH-4 so the next task is BENCH-5
[sweep] fwvk12-n2: 1 drift ticket(s) → fwvk12-n2-drift.json

fwvk12-n2: objectives passed 7/7
  obj 1: PASS — all 3 seed titles reported
  obj 2: PASS — project=Bench Project, description includes runid=true
  obj 3: PASS — due date=2026-12-31T12:00:00Z, want 2026-12-31
  obj 4: PASS — priority=3 (want 3 = High)
  obj 5: PASS — labels=Backend#1; seeded Backend is #1
  obj 6: PASS — 1 comment(s), 1 carrying the runid
  obj 7: PASS — identifier BENCH-5 reported

[sweep] run 3/3: fwvk12-n3 (replay flow fwvk12, no orchestrator)
[reset] vikunja: deleted 1 leftover bench task(s)
[reset] vikunja: re-created "Seed: ship repaired device" as BENCH-5 so the next task is BENCH-6
[sweep] fwvk12-n3: 1 drift ticket(s) → fwvk12-n3-drift.json

fwvk12-n3: objectives passed 7/7
  obj 1: PASS — all 3 seed titles reported
  obj 2: PASS — project=Bench Project, description includes runid=true
  obj 3: PASS — due date=2026-12-31T12:00:00Z, want 2026-12-31
  obj 4: PASS — priority=3 (want 3 = High)
  obj 5: PASS — labels=Backend#1; seeded Backend is #1
  obj 6: PASS — 1 comment(s), 1 carrying the runid
  obj 7: PASS — identifier BENCH-6 reported

Learning sweep fwvk12 (K=3)
┌─────────┬───┬─────────────┬──────────┬─────────────┬───────┬──────┬───────────┬─────┬──────────────┬────────┐
│ (index) │ n │ runid       │ verified │ stop        │ turns │ cmds │ total_usd │ A_n │ replayed     │ wall_s │
├─────────┼───┼─────────────┼──────────┼─────────────┼───────┼──────┼───────────┼─────┼──────────────┼────────┤
│ 0       │ 1 │ 'fwvk12-n1' │ '7/7'    │ 'completed' │ 6     │ 5    │ 0.0496    │ 0   │ '0/5'        │ 216    │
│ 1       │ 2 │ 'fwvk12-n2' │ '7/7'    │ 'success'   │ 34    │ 5    │ 0.0124    │ 0.6 │ '5/5 (flow)' │ 106    │
│ 2       │ 3 │ 'fwvk12-n3' │ '7/7'    │ 'success'   │ 29    │ 5    │ 0.0112    │ 0.8 │ '5/5 (flow)' │ 108    │
└─────────┴───┴─────────────┴──────────┴─────────────┴───────┴──────┴───────────┴─────┴──────────────┴────────┘
http://127.0.0.1:8096
  s_0e0366  validated    3 steps  3/3 (100%)
           In the project '{{v1}}' in Vikunja, create a new task titled exactly '{{v3}}'. Give it a description that incl…
  s_2413a3  validated    9 steps  3/3 (100%)
           Final verification, read-only, do not modify anything: (1) Open the project '{{v1}}' in Vikunja and report the…
  s_329439  demoted     24 steps  1/3 (33%)
           In the project '{{v1}}' in Vikunja, create a new task titled exactly '{{v3}}'. Give it a description that incl…
  s_3f2d71  validated   14 steps  3/3 (100%)
           On the Vikunja task page for the task titled '{{v1}}' (at {{v3}}), add a comment whose text includes '{{v2}}' …
  s_4017b7  validated    5 steps  3/3 (100%)
           Open {{v1}} and sign in with username {{v2}} and password {{env:APP_PASSWORD}} (type the password text exactly…
  s_7432a5  validated   19 steps  3/3 (100%)
           Final verification, read-only, do not modify anything: (1) Open the project '{{v1}}' in Vikunja and report the…
  s_755a80  validated    1 steps  3/3 (100%)
           Open {{v1}} and sign in with username {{v2}} and password {{env:APP_PASSWORD}} (type the password text exactly…
  s_dc0451  validated    1 steps  3/3 (100%)
           Open {{v1}} and sign in with username {{v2}} and password {{env:APP_PASSWORD}} (type the password text exactly…
  s_e253dc  validated    4 steps  3/3 (100%)
           Open {{v1}} and sign in with username {{v2}} and password {{env:APP_PASSWORD}} (type the password text exactly…
  s_0f20b1  validated    6 steps  2/2 (100%)
           On the Vikunja task page for the task titled '{{v1}}' (at {{v3}}), attach the EXISTING label named 'Backend' t…
  s_2f070d  validated    5 steps  2/2 (100%)
           On the Vikunja task page for the task titled '{{v1}}' (at {{v3}}), attach the EXISTING label named 'Backend' t…
  s_ea6295  validated    1 steps  2/2 (100%)
           On the Vikunja task page for the task titled '{{v1}}' (at {{v3}}), attach the EXISTING label named 'Backend' t…
  s_0b8ac5  provisional  8 steps  1/1 (100%)
           On the Vikunja task page for the task titled '{{v1}}' (at {{v3}}), attach the EXISTING label named 'Backend' t…
  s_3370be  provisional  4 steps  1/1 (100%)
           On the Vikunja task page for the task titled '{{v1}}' (at {{v3}}), attach the EXISTING label named 'Backend' t…
  s_382814  provisional 19 steps  1/1 (100%)  variant of s_329439
           In the project '{{v1}}' in Vikunja, create a new task titled exactly '{{v3}}'. Give it a description that incl…
  s_4c3546  provisional  1 steps  1/1 (100%)
           On the Vikunja task page for the task titled '{{v1}}' (at {{v3}}), attach the EXISTING label named 'Backend' t…
  s_5099c4  provisional  6 steps  1/1 (100%)
           On the Vikunja task page for the task titled '{{v1}}' (at {{v3}}), attach the EXISTING label named 'Backend' t…
  s_5d3e9a  provisional  3 steps  1/1 (100%)
           In the project '{{v1}}' in Vikunja, create a new task titled exactly '{{v3}}'. Give it a description that incl…
  s_5f90b0  provisional 18 steps  1/1 (100%)
           In the project '{{v1}}' in Vikunja, create a new task titled exactly '{{v3}}'. Give it a description that incl…
  s_8683b8  provisional  7 steps  1/1 (100%)
           In the project '{{v1}}' in Vikunja, create a new task titled exactly '{{v3}}'. Give it a description that incl…
  s_997b08  provisional 19 steps  1/1 (100%)  variant of s_329439
           In the project '{{v1}}' in Vikunja, create a new task titled exactly '{{v3}}'. Give it a description that incl…
  s_a79677  provisional  3 steps  1/1 (100%)
           In the project '{{v1}}' in Vikunja, create a new task titled exactly '{{v3}}'. Give it a description that incl…
  s_c7e390  provisional 18 steps  1/1 (100%)
           In the project '{{v1}}' in Vikunja, create a new task titled exactly '{{v3}}'. Give it a description that incl…
store: /home/user/sitelooper/bench/results/fwvk12-skills

summary: /home/user/sitelooper/bench/results/fwvk12-sweep.json
