[converge] from fwvk15: 8 step(s), store copied to /home/user/sitelooper/bench/results/fwvk15-cv-skills, flow /home/user/sitelooper/bench/results/flows/fwvk15-cv.json
[converge] round 1 compile: /opt/node22/bin/node /home/user/sitelooper/bin/sitelooper.js compile /home/user/sitelooper/bench/results/flows/fwvk15-cv.json --out /home/user/sitelooper/bench/results/fwvk15-cv-c1-compile --overwrite-spec --json
[converge] round 1 compile: exit 0
[converge] round 1 artifact: /opt/node22/bin/node /home/user/sitelooper/bench/spec-replay.mjs --flow /home/user/sitelooper/bench/results/flows/fwvk15-cv.json --skills /home/user/sitelooper/bench/results/fwvk15-cv-skills --tag fwvk15-cv-c1 --target vikunja --reset --out /home/user/sitelooper/bench/results
[converge] round 1 artifact: exit 1
[converge] round 1: artifact failed (exit 1, verified 0/5); anchors none
[converge] round 1 repair: /opt/node22/bin/node /home/user/sitelooper/bin/sitelooper.js repair /home/user/sitelooper/bench/results/fwvk15-cv-c1-compile/fwvk15-cv.flow.ts --var runid=fwvk15-cv-p1n{n} --converge 1 --reset-cmd "\"/opt/node22/bin/node\" \"/home/user/sitelooper/bench/reset-app.mjs\" --target vikunja" --out /home/user/sitelooper/bench/results/fwvk15-cv-c1-compile/fwvk15-cv.repaired.flow.ts --json
[converge] round 1 repair: exit 3
[converge] round 1 rerecord 02-open (tier B — unresolved reference(s): 01-signin.visible_projects_2, 01-signin.visible_projects_2) (repair: needs-rerecord; also named: 03-create (tier B — unresolved reference(s): 01-signin.visible_projects_2, 01-signin.visible_projects_2), 08-open (tier B — unresolved reference(s): 01-signin.visible_projects_2, 01-signin.visible_projects_2)): /opt/node22/bin/node /home/user/sitelooper/bin/sitelooper.js rerecord /home/user/sitelooper/bench/results/flows/fwvk15-cv.json "02-open (tier B — unresolved reference(s): 01-signin.visible_projects_2, 01-signin.visible_projects_2)" --var runid=fwvk15-cv-r1n{n} --runs 2 --reset-cmd "\"/opt/node22/bin/node\" \"/home/user/sitelooper/bench/reset-app.mjs\" --target vikunja" --json
[converge] round 1 rerecord 02-open (tier B — unresolved reference(s): 01-signin.visible_projects_2, 01-signin.visible_projects_2) (repair: needs-rerecord; also named: 03-create (tier B — unresolved reference(s): 01-signin.visible_projects_2, 01-signin.visible_projects_2), 08-open (tier B — unresolved reference(s): 01-signin.visible_projects_2, 01-signin.visible_projects_2)): exit 2
[converge] round 2 compile: /opt/node22/bin/node /home/user/sitelooper/bin/sitelooper.js compile /home/user/sitelooper/bench/results/flows/fwvk15-cv.json --out /home/user/sitelooper/bench/results/fwvk15-cv-c2-compile --overwrite-spec --json
[converge] round 2 compile: exit 0
[converge] round 2 artifact: /opt/node22/bin/node /home/user/sitelooper/bench/spec-replay.mjs --flow /home/user/sitelooper/bench/results/flows/fwvk15-cv.json --skills /home/user/sitelooper/bench/results/fwvk15-cv-skills --tag fwvk15-cv-c2 --target vikunja --reset --out /home/user/sitelooper/bench/results
[converge] round 2 artifact: exit 1
[converge] round 2: artifact failed (exit 1, verified 0/5); anchors none
[converge] round 2 repair: /opt/node22/bin/node /home/user/sitelooper/bin/sitelooper.js repair /home/user/sitelooper/bench/results/fwvk15-cv-c2-compile/fwvk15-cv.flow.ts --var runid=fwvk15-cv-p2n{n} --converge 1 --reset-cmd "\"/opt/node22/bin/node\" \"/home/user/sitelooper/bench/reset-app.mjs\" --target vikunja" --out /home/user/sitelooper/bench/results/fwvk15-cv-c2-compile/fwvk15-cv.repaired.flow.ts --json
[converge] round 2 repair: exit 3
[converge] round 2 rerecord 02-open (tier B — unresolved reference(s): 01-signin.visible_projects_2, 01-signin.visible_projects_2) (repair: needs-rerecord; also named: 03-create (partial), 08-open (tier B — unresolved reference(s): 01-signin.visible_projects_2, 01-signin.visible_projects_2), 06-add (drift (after step 3 none of the 1 recorded page change(s) appeared (e.g. "- button \"Delete\"") — the step ran but did not have its recorded effect))): /opt/node22/bin/node /home/user/sitelooper/bin/sitelooper.js rerecord /home/user/sitelooper/bench/results/flows/fwvk15-cv.json "02-open (tier B — unresolved reference(s): 01-signin.visible_projects_2, 01-signin.visible_projects_2)" --var runid=fwvk15-cv-r2n{n} --runs 2 --reset-cmd "\"/opt/node22/bin/node\" \"/home/user/sitelooper/bench/reset-app.mjs\" --target vikunja" --json
[converge] round 2 rerecord 02-open (tier B — unresolved reference(s): 01-signin.visible_projects_2, 01-signin.visible_projects_2) (repair: needs-rerecord; also named: 03-create (partial), 08-open (tier B — unresolved reference(s): 01-signin.visible_projects_2, 01-signin.visible_projects_2), 06-add (drift (after step 3 none of the 1 recorded page change(s) appeared (e.g. "- button \"Delete\"") — the step ran but did not have its recorded effect))): exit 2
[converge] round 3 compile: /opt/node22/bin/node /home/user/sitelooper/bin/sitelooper.js compile /home/user/sitelooper/bench/results/flows/fwvk15-cv.json --out /home/user/sitelooper/bench/results/fwvk15-cv-c3-compile --overwrite-spec --json
[converge] round 3 compile: exit 0
[converge] round 3 artifact: /opt/node22/bin/node /home/user/sitelooper/bench/spec-replay.mjs --flow /home/user/sitelooper/bench/results/flows/fwvk15-cv.json --skills /home/user/sitelooper/bench/results/fwvk15-cv-skills --tag fwvk15-cv-c3 --target vikunja --reset --out /home/user/sitelooper/bench/results
[converge] round 3 artifact: exit 1
[converge] round 3: artifact failed (exit 1, verified 0/5); anchors none
[converge] round 3 repair: /opt/node22/bin/node /home/user/sitelooper/bin/sitelooper.js repair /home/user/sitelooper/bench/results/fwvk15-cv-c3-compile/fwvk15-cv.flow.ts --var runid=fwvk15-cv-p3n{n} --converge 1 --reset-cmd "\"/opt/node22/bin/node\" \"/home/user/sitelooper/bench/reset-app.mjs\" --target vikunja" --out /home/user/sitelooper/bench/results/fwvk15-cv-c3-compile/fwvk15-cv.repaired.flow.ts --json
[converge] round 3 repair: exit 3
[converge] round 3 rerecord 02-open (blocked) (repair: needs-rerecord; also named: (unreached) (6 step(s) the run never got to)): /opt/node22/bin/node /home/user/sitelooper/bin/sitelooper.js rerecord /home/user/sitelooper/bench/results/flows/fwvk15-cv.json "02-open (blocked)" --var runid=fwvk15-cv-r3n{n} --runs 2 --reset-cmd "\"/opt/node22/bin/node\" \"/home/user/sitelooper/bench/reset-app.mjs\" --target vikunja" --json
[converge] round 3 rerecord 02-open (blocked) (repair: needs-rerecord; also named: (unreached) (6 step(s) the run never got to)): exit 2
[converge] round 4 compile: /opt/node22/bin/node /home/user/sitelooper/bin/sitelooper.js compile /home/user/sitelooper/bench/results/flows/fwvk15-cv.json --out /home/user/sitelooper/bench/results/fwvk15-cv-c4-compile --overwrite-spec --json
[converge] round 4 compile: exit 0
[converge] round 4 artifact: /opt/node22/bin/node /home/user/sitelooper/bench/spec-replay.mjs --flow /home/user/sitelooper/bench/results/flows/fwvk15-cv.json --skills /home/user/sitelooper/bench/results/fwvk15-cv-skills --tag fwvk15-cv-c4 --target vikunja --reset --out /home/user/sitelooper/bench/results
[converge] round 4 artifact: exit 1
[converge] round 4: artifact failed (exit 1, verified 0/5); anchors none
[converge] round 4 repair: /opt/node22/bin/node /home/user/sitelooper/bin/sitelooper.js repair /home/user/sitelooper/bench/results/fwvk15-cv-c4-compile/fwvk15-cv.flow.ts --var runid=fwvk15-cv-p4n{n} --converge 1 --reset-cmd "\"/opt/node22/bin/node\" \"/home/user/sitelooper/bench/reset-app.mjs\" --target vikunja" --out /home/user/sitelooper/bench/results/fwvk15-cv-c4-compile/fwvk15-cv.repaired.flow.ts --json
[converge] round 4 repair: exit 3
[converge] round 4 rerecord 02-open (tier B — unresolved reference(s): 01-signin.visible_projects_2, 01-signin.visible_projects_2) (repair: needs-rerecord; also named: 03-create (tier B — unresolved reference(s): 01-signin.visible_projects_2, 01-signin.visible_projects_2), 08-open (tier B — unresolved reference(s): 01-signin.visible_projects_2, 01-signin.visible_projects_2), 07-open (drift (page.locator('#app > header > div:nth-of-type(1) > h1')))): /opt/node22/bin/node /home/user/sitelooper/bin/sitelooper.js rerecord /home/user/sitelooper/bench/results/flows/fwvk15-cv.json "02-open (tier B — unresolved reference(s): 01-signin.visible_projects_2, 01-signin.visible_projects_2)" --var runid=fwvk15-cv-r4n{n} --runs 2 --reset-cmd "\"/opt/node22/bin/node\" \"/home/user/sitelooper/bench/reset-app.mjs\" --target vikunja" --json
[converge] round 4 rerecord 02-open (tier B — unresolved reference(s): 01-signin.visible_projects_2, 01-signin.visible_projects_2) (repair: needs-rerecord; also named: 03-create (tier B — unresolved reference(s): 01-signin.visible_projects_2, 01-signin.visible_projects_2), 08-open (tier B — unresolved reference(s): 01-signin.visible_projects_2, 01-signin.visible_projects_2), 07-open (drift (page.locator('#app > header > div:nth-of-type(1) > h1')))): exit 2
[converge] fwvk15-cv: exhausted — 4 round(s) without a passing artifact; rounds 4, flow runs 8, model turns 0
fwvk15-cv: exhausted — 4 round(s) without a passing artifact; rounds 4, flow runs 8, model turns 0
