
Running 1 test using 1 worker

[sitelooper skip] 01-signin s_2c3670/2 target: read target not found — value left empty
[sitelooper step] 01-signin
  ✘  1 fwvk15-cv3.spec.ts:9:1 › fwvk15-cv3 (18.5s)


  1) fwvk15-cv3.spec.ts:9:1 › fwvk15-cv3 › 02-open: Open the project named '{{01-signin.visible_projects_2}}' from the sidebar and list the titles of all tasks in it whose title starts with 'Seed:', exactly as displayed. Do not modify anything. Report the exact titles. 

    Error: 02-open s_3f56c3: identity: {{v1}} is not confirmed on this page

       at fwvk15-cv3.flow.ts:14501

      14499 |         const verdict = identityMarkerVerdict('http://127.0.0.1:8096/', page.url(), p, `${p.v1}`, seen.presence);
      14500 |         if (verdict.warning) logWarning('02-open s_3f56c3: ' + verdict.warning);
    > 14501 |         if (!verdict.pass) throw new Error('02-open s_3f56c3: identity: {{v1}} is not confirmed on this page');
            |                                  ^
      14502 |       }
      14503 |     }
      14504 |
        at Object.02-open (/home/user/sitelooper/bench/results/fwvk15-cv3-c2-spec-tmp/fwvk15-cv3.flow.ts:14501:34)
        at /home/user/sitelooper/bench/results/fwvk15-cv3-c2-spec-tmp/fwvk15-cv3.flow.ts:18039:7
        at runFlow (/home/user/sitelooper/bench/results/fwvk15-cv3-c2-spec-tmp/fwvk15-cv3.flow.ts:18038:5)
        at /home/user/sitelooper/bench/results/fwvk15-cv3-c2-spec-tmp/fwvk15-cv3.spec.ts:14:21

    attachment #1: sitelooper-drift (text/plain) ───────────────────────────────────────────────────
    
    ────────────────────────────────────────────────────────────────────────────────────────────────

    attachment #2: screenshot (image/png) ──────────────────────────────────────────────────────────
    test-results/fwvk15-cv3-fwvk15-cv3/test-failed-1.png
    ────────────────────────────────────────────────────────────────────────────────────────────────

    Error Context: test-results/fwvk15-cv3-fwvk15-cv3/error-context.md

  1 failed
    fwvk15-cv3.spec.ts:9:1 › fwvk15-cv3 ────────────────────────────────────────────────────────────
