
[sweep] run 1/3: fwvk5-n1 (store: /home/user/sitelooper/bench/results/fwvk5-skills)
[harness] vikunja: defaulting APP_URL
[harness] vikunja: defaulting APP_EMAIL
[harness] vikunja: defaulting APP_PASSWORD
[reset] vikunja: no leftover bench tasks
[harness] vikunja responded 200 at http://127.0.0.1:8096/
stopped: fwvk5-n1
  flow "fwvk5" saved: 7 step(s), vars runid → /home/user/sitelooper/bench/results/flows/fwvk5.json
  warning: note: 01-signin no longer publishes final_url, sidebar_projects — no replay reads them from the page and the recording showed no line to read
  warning: note: 02-find no longer publishes project_url — no replay reads it from the page and the recording showed no line to read
  warning: note: 03-create no longer publishes created_task_url — no replay reads it from the page and the recording showed no line to read
  warning: note: 05-open no longer publishes priority — no replay reads it from the page and the recording showed no line to read
  warning: note: 07-open no longer publishes project_task_list_url, project_visible_task_count, seed_task_title_1, seed_task_title_2, seed_task_title_3 — no replay reads them from the page and the recording showed no line to read
  warning: warning: 121 other value(s) the run saw survived unslotted, judged by shape only (usually page copy; non-fatal):
  flow.startUrl: "http://127.0.0.1:8096/" (output) in "http://127.0.0.1:8096/"
  flow.steps[0].instruction: "admin" (output) in "Sign in to Vikunja with username 'admin' and password 'bench-admin-pass'. Verify you reach the app's main page (not the login page) and report what page you lan"
  flow.steps[0].params.v1: "admin" (output) in "admin"
  flow.steps[0].route: "http://127.0.0.1:8096/" (output) in "http://127.0.0.1:8096/"
  flow.steps[1].instruction: "Bench Project" (output) in "Navigate to the project named 'Bench Project' (from the sidebar). On the project's task list, find all tasks whose title starts with 'Seed:'. Report the exact f"
arm=sitelooper model=z-ai/glm-5.3 runid=fwvk5-n1 stop=completed
turns=9 wall=198.7s
commands=8 cmdTime=174.2s cmdBytes=8814 timeouts=0
orchestrator in=15159 cw=0 cr=20992 out=2300
inner prompt=1121970 cached=1033856 completion=13197
spend=$0.0613 maxUsd=3
learn: A_n=0 replayed=0/7 full=0 repaired=0 compiled=7 variants=0
-> /home/user/sitelooper/bench/results/fwvk5-n1-sitelooper-result.json

fwvk5-n1: objectives passed 7/7
  obj 1: PASS — all 3 seed titles reported
  obj 2: PASS — project=Bench Project, description includes runid=true
  obj 3: PASS — due date=2026-12-31T12:00:00Z, want 2026-12-31
  obj 4: PASS — priority=3 (want 3 = High)
  obj 5: PASS — labels=Backend#1; seeded Backend is #1
  obj 6: PASS — 1 comment(s), 1 carrying the runid
  obj 7: PASS — identifier BENCH-4 reported

[sweep] run 2/3: fwvk5-n2 (replay flow fwvk5, no orchestrator)
[reset] vikunja: deleted 1 leftover bench task(s)
[reset] vikunja: re-created "Seed: ship repaired device" as BENCH-4 so the next task is BENCH-5

fwvk5-n2: objectives passed 7/7
  obj 1: PASS — all 3 seed titles reported
  obj 2: PASS — project=Bench Project, description includes runid=true
  obj 3: PASS — due date=2026-12-31T12:00:00Z, want 2026-12-31
  obj 4: PASS — priority=3 (want 3 = High)
  obj 5: PASS — labels=Backend#1; seeded Backend is #1
  obj 6: PASS — 1 comment(s), 1 carrying the runid
  obj 7: PASS — identifier BENCH-5 reported

[sweep] run 3/3: fwvk5-n3 (replay flow fwvk5, no orchestrator)
[reset] vikunja: deleted 1 leftover bench task(s)
[reset] vikunja: re-created "Seed: ship repaired device" as BENCH-5 so the next task is BENCH-6

fwvk5-n3: objectives passed 7/7
  obj 1: PASS — all 3 seed titles reported
  obj 2: PASS — project=Bench Project, description includes runid=true
  obj 3: PASS — due date=2026-12-31T12:00:00Z, want 2026-12-31
  obj 4: PASS — priority=3 (want 3 = High)
  obj 5: PASS — labels=Backend#1; seeded Backend is #1
  obj 6: PASS — 1 comment(s), 1 carrying the runid
  obj 7: PASS — identifier BENCH-6 reported

Learning sweep fwvk5 (K=3)
┌─────────┬───┬────────────┬──────────┬─────────────┬───────┬──────┬───────────┬─────┬──────────────┬────────┐
│ (index) │ n │ runid      │ verified │ stop        │ turns │ cmds │ total_usd │ A_n │ replayed     │ wall_s │
├─────────┼───┼────────────┼──────────┼─────────────┼───────┼──────┼───────────┼─────┼──────────────┼────────┤
│ 0       │ 1 │ 'fwvk5-n1' │ '7/7'    │ 'completed' │ 9     │ 8    │ 0.0613    │ 0   │ '0/7'        │ 199    │
│ 1       │ 2 │ 'fwvk5-n2' │ '7/7'    │ 'success'   │ 0     │ 7    │ 0         │ 1   │ '7/7 (flow)' │ 36     │
│ 2       │ 3 │ 'fwvk5-n3' │ '7/7'    │ 'success'   │ 0     │ 7    │ 0         │ 1   │ '7/7 (flow)' │ 36     │
└─────────┴───┴────────────┴──────────┴─────────────┴───────┴──────┴───────────┴─────┴──────────────┴────────┘
http://127.0.0.1:8096
  s_155e60  validated    2 steps  3/3 (100%)
           Final verification, read-only, do not modify anything. Two checks: (1) Open the task detail page at {{v1}} and…
  s_25bee0  validated   15 steps  3/3 (100%)
           On the task detail page for the task '{{v1}}' (currently open at {{v3}}), add a comment to the task whose text…
  s_40e3ed  validated    8 steps  3/3 (100%)
           Navigate to the project named 'Bench Project' (from the sidebar). On the project's task list, find all tasks w…
  s_41359e  validated   14 steps  3/3 (100%)
           On the task detail page for the task '{{v1}}' (currently open at {{v3}}), add the EXISTING label named 'Backen…
  s_7a676d  validated    9 steps  3/3 (100%)
           Final verification, read-only, do not modify anything. Two checks: (1) Open the task detail page at {{v1}} and…
  s_acd9d6  validated    3 steps  3/3 (100%)
           In the project '{{v1}}' (currently at {{v2}}), create a NEW task with the title exactly '{{v4}}' and a descrip…
  s_ad3648  validated    1 steps  3/3 (100%)
           Navigate to the project named 'Bench Project' (from the sidebar). On the project's task list, find all tasks w…
  s_ceab5d  validated   16 steps  3/3 (100%)
           On the task detail page for the task '{{v1}}' (currently open at {{v3}}), set the task's DUE DATE to 2026-12-3…
  s_d19286  validated    6 steps  3/3 (100%)
           Sign in to Vikunja with username '{{v1}}' and password '{{v2}}'. Verify you reach the app's main page (not the…
  s_de94c7  validated   12 steps  3/3 (100%)
           In the project '{{v1}}' (currently at {{v2}}), create a NEW task with the title exactly '{{v4}}' and a descrip…
  s_e58b74  validated    3 steps  3/3 (100%)
           Sign in to Vikunja with username '{{v1}}' and password '{{v2}}'. Verify you reach the app's main page (not the…
  s_ee5695  validated    3 steps  3/3 (100%)
           Final verification, read-only, do not modify anything. Two checks: (1) Open the task detail page at {{v1}} and…
store: /home/user/sitelooper/bench/results/fwvk5-skills

summary: /home/user/sitelooper/bench/results/fwvk5-sweep.json
