
[sweep] run 1/3: fwvk14-n1 (store: /home/user/sitelooper/bench/results/fwvk14-skills)
[harness] vikunja: defaulting APP_URL
[harness] vikunja: defaulting APP_EMAIL
[harness] vikunja: defaulting APP_PASSWORD
[reset] vikunja: no leftover bench tasks
[harness] vikunja responded 200 at http://127.0.0.1:8096/
stopped: fwvk14-n1
  flow "fwvk14" saved: 6 step(s), vars runid → /home/user/sitelooper/bench/results/flows/fwvk14.json
  warning: note: 01-open no longer publishes project_url, seed_task_count — no replay reads them from the page and the recording showed no line to read
  warning: note: 02-create no longer publishes seed_tasks_modified — no replay reads it from the page and the recording showed no line to read
  warning: note: 03-set no longer publishes verified_after_reload — no replay reads it from the page and the recording showed no line to read
  warning: note: 04-add no longer publishes labels_page_all_labels, labels_page_url — no replay reads them from the page and the recording showed no line to read
  warning: note: 05-add no longer publishes verified_after_reload — no replay reads it from the page and the recording showed no line to read
  warning: note: 06-open no longer publishes project_task_count, bench_task_present_in_project — no replay reads them from the page and the recording showed no line to read
  warning: warning: 94 other value(s) the run saw survived unslotted, judged by shape only (usually page copy; non-fatal):
  flow.steps[0].instruction: "Bench Project" (output) in "Open http://127.0.0.1:8096/ and sign in with username admin and password {{env:APP_PASSWORD}} — type the password into the field exactly as the text {{env:APP_P"
  flow.steps[0].instruction: "admin" (output) in "Open http://127.0.0.1:8096/ and sign in with username admin and password {{env:APP_PASSWORD}} — type the password into the field exactly as the text {{env:APP_P"
  flow.steps[0].params.v2: "admin" (output) in "admin"
  flow.steps[1].instruction: "Bench Project" (output) in "In the project Bench Project ({{01-open.url}}), create a new task titled exactly '{{runid}} Bench Task' with a description that includes the text {{runid}} (e.g"
  flow.steps[1].params.v1: "Bench Project" (output) in "Bench Project"
arm=sitelooper model=z-ai/glm-5.3 runid=fwvk14-n1 stop=completed
turns=7 wall=214.9s
commands=6 cmdTime=192.7s cmdBytes=6802 timeouts=0
orchestrator in=4735 cw=0 cr=22720 out=2375
inner prompt=1165743 cached=1065728 completion=17211
spend=$0.0518 maxUsd=3
learn: A_n=0 replayed=0/6 full=0 repaired=0 compiled=6 variants=0
-> /home/user/sitelooper/bench/results/fwvk14-n1-sitelooper-result.json

fwvk14-n1: objectives passed 7/7
  obj 1: PASS — all 3 seed titles reported
  obj 2: PASS — project=Bench Project, description includes runid=true
  obj 3: PASS — due date=2026-12-31T00:00:00Z, want 2026-12-31
  obj 4: PASS — priority=3 (want 3 = High)
  obj 5: PASS — labels=Backend#1; seeded Backend is #1
  obj 6: PASS — 1 comment(s), 1 carrying the runid
  obj 7: PASS — identifier BENCH-4 reported

[sweep] run 2/3: fwvk14-n2 (replay flow fwvk14, no orchestrator)
[reset] vikunja: deleted 1 leftover bench task(s)
[reset] vikunja: re-created "Seed: ship repaired device" as BENCH-4 so the next task is BENCH-5

fwvk14-n2: objectives passed 7/7
  obj 1: PASS — all 3 seed titles reported
  obj 2: PASS — project=Bench Project, description includes runid=true
  obj 3: PASS — due date=2026-12-31T00:00:00Z, want 2026-12-31
  obj 4: PASS — priority=3 (want 3 = High)
  obj 5: PASS — labels=Backend#1; seeded Backend is #1
  obj 6: PASS — 1 comment(s), 1 carrying the runid
  obj 7: PASS — identifier BENCH-5 reported

[sweep] run 3/3: fwvk14-n3 (replay flow fwvk14, no orchestrator)
[reset] vikunja: deleted 1 leftover bench task(s)
[reset] vikunja: re-created "Seed: ship repaired device" as BENCH-5 so the next task is BENCH-6

fwvk14-n3: objectives passed 7/7
  obj 1: PASS — all 3 seed titles reported
  obj 2: PASS — project=Bench Project, description includes runid=true
  obj 3: PASS — due date=2026-12-31T00:00:00Z, want 2026-12-31
  obj 4: PASS — priority=3 (want 3 = High)
  obj 5: PASS — labels=Backend#1; seeded Backend is #1
  obj 6: PASS — 1 comment(s), 1 carrying the runid
  obj 7: PASS — identifier BENCH-6 reported

Learning sweep fwvk14 (K=3)
┌─────────┬───┬─────────────┬──────────┬─────────────┬───────┬──────┬───────────┬─────┬──────────────┬────────┐
│ (index) │ n │ runid       │ verified │ stop        │ turns │ cmds │ total_usd │ A_n │ replayed     │ wall_s │
├─────────┼───┼─────────────┼──────────┼─────────────┼───────┼──────┼───────────┼─────┼──────────────┼────────┤
│ 0       │ 1 │ 'fwvk14-n1' │ '7/7'    │ 'completed' │ 7     │ 6    │ 0.0518    │ 0   │ '0/6'        │ 215    │
│ 1       │ 2 │ 'fwvk14-n2' │ '7/7'    │ 'success'   │ 0     │ 6    │ 0         │ 1   │ '6/6 (flow)' │ 58     │
│ 2       │ 3 │ 'fwvk14-n3' │ '7/7'    │ 'success'   │ 0     │ 6    │ 0         │ 1   │ '6/6 (flow)' │ 58     │
└─────────┴───┴─────────────┴──────────┴─────────────┴───────┴──────┴───────────┴─────┴──────────────┴────────┘
http://127.0.0.1:8096
  s_19f929  validated    8 steps  3/3 (100%)
           Final verification, read-only: open the project {{v1}} ({{v2}}) and report the exact titles of all tasks liste…
  s_30b418  validated   17 steps  3/3 (100%)
           On the task detail page for the task titled '{{v1}}' (identifier {{v3}}, {{v4}}), set its due date to {{v5}}-1…
  s_45212b  validated    4 steps  3/3 (100%)
           On the task detail page for the task titled '{{v1}}' (identifier {{v3}}, {{v4}}), add the EXISTING label named…
  s_4db278  validated    1 steps  3/3 (100%)
           Final verification, read-only: open the project {{v1}} ({{v2}}) and report the exact titles of all tasks liste…
  s_54f888  validated   10 steps  3/3 (100%)
           In the project {{v1}} ({{v2}}), create a new task titled exactly '{{v4}}' with a description that includes the…
  s_68312d  validated    1 steps  3/3 (100%)
           Open {{v1}} and sign in with username {{v2}} and password {{env:APP_PASSWORD}} — type the password into the fi…
  s_730d4a  validated    1 steps  3/3 (100%)
           Open {{v1}} and sign in with username {{v2}} and password {{env:APP_PASSWORD}} — type the password into the fi…
  s_8a5cb9  validated    1 steps  3/3 (100%)
           On the task detail page for the task titled '{{v1}}' (identifier {{v3}}, {{v4}}), add the EXISTING label named…
  s_a6475f  validated    7 steps  3/3 (100%)
           Open {{v1}} and sign in with username {{v2}} and password {{env:APP_PASSWORD}} — type the password into the fi…
  s_b230df  validated    5 steps  3/3 (100%)
           Open {{v1}} and sign in with username {{v2}} and password {{env:APP_PASSWORD}} — type the password into the fi…
  s_b6c1fe  validated    3 steps  3/3 (100%)
           In the project {{v1}} ({{v2}}), create a new task titled exactly '{{v4}}' with a description that includes the…
  s_d06162  validated    6 steps  3/3 (100%)
           On the task detail page for the task titled '{{v1}}' (identifier {{v3}}, {{v4}}), add the EXISTING label named…
  s_e85ff9  validated    7 steps  3/3 (100%)
           Final verification, read-only: open the project {{v1}} ({{v2}}) and report the exact titles of all tasks liste…
  s_ef2f9f  validated   13 steps  3/3 (100%)
           On the task detail page for the task titled '{{v1}}' (identifier {{v3}}, {{v4}}), add a comment whose text inc…
  s_f7e6cd  validated    5 steps  3/3 (100%)
           On the task detail page for the task titled '{{v1}}' (identifier {{v3}}, {{v4}}), add the EXISTING label named…
store: /home/user/sitelooper/bench/results/fwvk14-skills

summary: /home/user/sitelooper/bench/results/fwvk14-sweep.json
