
Running 1 test using 1 worker

  ✘  1 fwvk13.spec.ts:9:1 › fwvk13 (12.5s)


  1) fwvk13.spec.ts:9:1 › fwvk13 › 01-signin: Sign in to Vikunja at http://127.0.0.1:8096/ with username admin and password {{env:APP_PASSWORD}} (type that exact literal text as the password). Then open the project Bench Project, and report the titles of all tasks whose title starts with 'Seed:' exactly as shown. 

    Error: after 01-signin s_38a508/5 expected url http://127.0.0.1:8096/ but browser is at http://127.0.0.1:8096/login

       at fwvk13.flow.ts:12487

      12485 |   // (navigationTarget), whether or not the step goes on to stop.
      12486 |   if (verdict.diffs) volatile.push(...verdict.diffs);
    > 12487 |   if (verdict.stop) throw new Error(verdict.stop);
            |                           ^
      12488 | }
      12489 |
      12490 | /**
        at urlEffect (/home/user/sitelooper/bench/results/fwvk13-spec-spec-tmp/fwvk13.flow.ts:12487:27)
        at Object.verify (/home/user/sitelooper/bench/results/fwvk13-spec-spec-tmp/fwvk13.flow.ts:13487:19)
        at runStepLifecycle (/home/user/sitelooper/bench/results/fwvk13-spec-spec-tmp/fwvk13.flow.ts:8614:24)
        at Object.01-signin (/home/user/sitelooper/bench/results/fwvk13-spec-spec-tmp/fwvk13.flow.ts:13456:9)
        at /home/user/sitelooper/bench/results/fwvk13-spec-spec-tmp/fwvk13.flow.ts:16584:7
        at runFlow (/home/user/sitelooper/bench/results/fwvk13-spec-spec-tmp/fwvk13.flow.ts:16583:5)
        at /home/user/sitelooper/bench/results/fwvk13-spec-spec-tmp/fwvk13.spec.ts:14:21

    attachment #1: sitelooper-drift (text/plain) ───────────────────────────────────────────────────
    
    ────────────────────────────────────────────────────────────────────────────────────────────────

    attachment #2: screenshot (image/png) ──────────────────────────────────────────────────────────
    test-results/fwvk13-fwvk13/test-failed-1.png
    ────────────────────────────────────────────────────────────────────────────────────────────────

    Error Context: test-results/fwvk13-fwvk13/error-context.md

  1 failed
    fwvk13.spec.ts:9:1 › fwvk13 ────────────────────────────────────────────────────────────────────
