[converge] from fwvk15: 8 step(s), store copied to /home/user/sitelooper/bench/results/fwvk15-cv2-skills, flow /home/user/sitelooper/bench/results/flows/fwvk15-cv2.json
[converge] round 1 compile: /opt/node22/bin/node /home/user/sitelooper/bin/sitelooper.js compile /home/user/sitelooper/bench/results/flows/fwvk15-cv2.json --out /home/user/sitelooper/bench/results/fwvk15-cv2-c1-compile --overwrite-spec --json
[converge] round 1 compile: exit 0
[converge] round 1 artifact: /opt/node22/bin/node /home/user/sitelooper/bench/spec-replay.mjs --flow /home/user/sitelooper/bench/results/flows/fwvk15-cv2.json --skills /home/user/sitelooper/bench/results/fwvk15-cv2-skills --tag fwvk15-cv2-c1 --target vikunja --reset --out /home/user/sitelooper/bench/results
[converge] round 1 artifact: exit 1
[converge] round 1: artifact failed (exit 1, verified 0/5); anchors 01-signin
[converge] round 1 repair: /opt/node22/bin/node /home/user/sitelooper/bin/sitelooper.js repair /home/user/sitelooper/bench/results/fwvk15-cv2-c1-compile/fwvk15-cv2.flow.ts --var runid=fwvk15-cv2-p1n{n} --converge 1 --reset-cmd "\"/opt/node22/bin/node\" \"/home/user/sitelooper/bench/reset-app.mjs\" --target vikunja" --json
[converge] round 1 repair: exit 3
[converge] round 1 rerecord 01-signin (repair: needs-rerecord; also named: 02-open, 03-create, 08-open): /opt/node22/bin/node /home/user/sitelooper/bin/sitelooper.js rerecord /home/user/sitelooper/bench/results/flows/fwvk15-cv2.json 01-signin --var runid=fwvk15-cv2-r1n{n} --runs 2 --reset-cmd "\"/opt/node22/bin/node\" \"/home/user/sitelooper/bench/reset-app.mjs\" --target vikunja" --json
[converge] round 1 rerecord 01-signin (repair: needs-rerecord; also named: 02-open, 03-create, 08-open): exit 0
[converge] round 2 compile: /opt/node22/bin/node /home/user/sitelooper/bin/sitelooper.js compile /home/user/sitelooper/bench/results/flows/fwvk15-cv2.json --out /home/user/sitelooper/bench/results/fwvk15-cv2-c2-compile --overwrite-spec --json
[converge] round 2 compile: exit 0
[converge] round 2 artifact: /opt/node22/bin/node /home/user/sitelooper/bench/spec-replay.mjs --flow /home/user/sitelooper/bench/results/flows/fwvk15-cv2.json --skills /home/user/sitelooper/bench/results/fwvk15-cv2-skills --tag fwvk15-cv2-c2 --target vikunja --reset --out /home/user/sitelooper/bench/results
[converge] round 2 artifact: exit 1
[converge] round 2: artifact failed (exit 1, verified 0/5); anchors 01-signin
[converge] round 2 repair: /opt/node22/bin/node /home/user/sitelooper/bin/sitelooper.js repair /home/user/sitelooper/bench/results/fwvk15-cv2-c2-compile/fwvk15-cv2.flow.ts --var runid=fwvk15-cv2-p2n{n} --converge 1 --reset-cmd "\"/opt/node22/bin/node\" \"/home/user/sitelooper/bench/reset-app.mjs\" --target vikunja" --json
[converge] round 2 repair: exit 3
[converge] round 2 rerecord 01-signin (repair: needs-rerecord; also named: 02-open, 03-create, 08-open): /opt/node22/bin/node /home/user/sitelooper/bin/sitelooper.js rerecord /home/user/sitelooper/bench/results/flows/fwvk15-cv2.json 01-signin --var runid=fwvk15-cv2-r2n{n} --runs 2 --reset-cmd "\"/opt/node22/bin/node\" \"/home/user/sitelooper/bench/reset-app.mjs\" --target vikunja" --json
[converge] round 2 rerecord 01-signin (repair: needs-rerecord; also named: 02-open, 03-create, 08-open): exit 0
[converge] round 3 compile: /opt/node22/bin/node /home/user/sitelooper/bin/sitelooper.js compile /home/user/sitelooper/bench/results/flows/fwvk15-cv2.json --out /home/user/sitelooper/bench/results/fwvk15-cv2-c3-compile --overwrite-spec --json
[converge] round 3 compile: exit 0
[converge] round 3 artifact: /opt/node22/bin/node /home/user/sitelooper/bench/spec-replay.mjs --flow /home/user/sitelooper/bench/results/flows/fwvk15-cv2.json --skills /home/user/sitelooper/bench/results/fwvk15-cv2-skills --tag fwvk15-cv2-c3 --target vikunja --reset --out /home/user/sitelooper/bench/results
[converge] round 3 artifact: exit 1
[converge] round 3: artifact failed (exit 1, verified 0/5); anchors 01-signin
[converge] round 3 repair: /opt/node22/bin/node /home/user/sitelooper/bin/sitelooper.js repair /home/user/sitelooper/bench/results/fwvk15-cv2-c3-compile/fwvk15-cv2.flow.ts --var runid=fwvk15-cv2-p3n{n} --converge 1 --reset-cmd "\"/opt/node22/bin/node\" \"/home/user/sitelooper/bench/reset-app.mjs\" --target vikunja" --json
[converge] round 3 repair: exit 3
[converge] round 3 rerecord 01-signin (repair: needs-rerecord; also named: 02-open, 08-open): /opt/node22/bin/node /home/user/sitelooper/bin/sitelooper.js rerecord /home/user/sitelooper/bench/results/flows/fwvk15-cv2.json 01-signin --var runid=fwvk15-cv2-r3n{n} --runs 2 --reset-cmd "\"/opt/node22/bin/node\" \"/home/user/sitelooper/bench/reset-app.mjs\" --target vikunja" --json
[converge] round 3 rerecord 01-signin (repair: needs-rerecord; also named: 02-open, 08-open): exit 0
[converge] round 4 compile: /opt/node22/bin/node /home/user/sitelooper/bin/sitelooper.js compile /home/user/sitelooper/bench/results/flows/fwvk15-cv2.json --out /home/user/sitelooper/bench/results/fwvk15-cv2-c4-compile --overwrite-spec --json
[converge] round 4 compile: exit 0
[converge] round 4 artifact: /opt/node22/bin/node /home/user/sitelooper/bench/spec-replay.mjs --flow /home/user/sitelooper/bench/results/flows/fwvk15-cv2.json --skills /home/user/sitelooper/bench/results/fwvk15-cv2-skills --tag fwvk15-cv2-c4 --target vikunja --reset --out /home/user/sitelooper/bench/results
[converge] round 4 artifact: exit 1
[converge] round 4: artifact failed (exit 1, verified 0/5); anchors 01-signin
[converge] round 4 repair: /opt/node22/bin/node /home/user/sitelooper/bin/sitelooper.js repair /home/user/sitelooper/bench/results/fwvk15-cv2-c4-compile/fwvk15-cv2.flow.ts --var runid=fwvk15-cv2-p4n{n} --converge 1 --reset-cmd "\"/opt/node22/bin/node\" \"/home/user/sitelooper/bench/reset-app.mjs\" --target vikunja" --json
[converge] round 4 repair: exit 3
[converge] round 4 rerecord 01-signin (repair: needs-rerecord; also named: 02-open, 03-create, 08-open): /opt/node22/bin/node /home/user/sitelooper/bin/sitelooper.js rerecord /home/user/sitelooper/bench/results/flows/fwvk15-cv2.json 01-signin --var runid=fwvk15-cv2-r4n{n} --runs 2 --reset-cmd "\"/opt/node22/bin/node\" \"/home/user/sitelooper/bench/reset-app.mjs\" --target vikunja" --json
[converge] round 4 rerecord 01-signin (repair: needs-rerecord; also named: 02-open, 03-create, 08-open): exit 0
[converge] fwvk15-cv2: exhausted — 4 round(s) without a passing artifact; rounds 4, flow runs 16, model turns 13
fwvk15-cv2: exhausted — 4 round(s) without a passing artifact; rounds 4, flow runs 16, model turns 13
