
Running 1 test using 1 worker

[sitelooper skip] 01-signin s_9e6344/2 target: read target not found — value left empty
[sitelooper step] 01-signin
  ✘  1 fwvk15-cv2.spec.ts:9:1 › fwvk15-cv2 (11.1s)


  1) fwvk15-cv2.spec.ts:9:1 › fwvk15-cv2 › 02-open: Open the project named '{{01-signin.visible_projects_2}}' from the sidebar and list the titles of all tasks in it whose title starts with 'Seed:', exactly as displayed. Do not modify anything. Report the exact titles. 

    Error: 02-open needs {{01-signin.visible_projects_2}}, and this run never published it (it was published empty). The step that publishes 01-signin.visible_projects_2 read nothing — look above for its `[sitelooper skip]` line (01-signin s_9e6344/2 target), which is where this run diverged. Stopping here instead of passing an empty value into 02-open: blank, a record-scoped locator matches every record and a known slot loses its identity, so the step would do its work to the wrong one. Everything earlier steps did stands; nothing of 02-open has run.

       at fwvk15-cv2.flow.ts:13798

      13796 |         ` attempted: check that ${sid} is a step of this flow and that it is the step that publishes` +
      13797 |         ` this value, rather than re-recording a read that may be working.`;
    > 13798 |     throw new Error(
            |           ^
      13799 |       `${by} needs {{${ref}}}, and this run never published it` +
      13800 |         (value === '' ? ' (it was published empty)' : '') +
      13801 |         `. ${trail}` +
        at need (/home/user/sitelooper/bench/results/fwvk15-cv2-c1-spec-tmp/fwvk15-cv2.flow.ts:13798:11)
        at /home/user/sitelooper/bench/results/fwvk15-cv2-c1-spec-tmp/fwvk15-cv2.flow.ts:17963:42
        at runFlow (/home/user/sitelooper/bench/results/fwvk15-cv2-c1-spec-tmp/fwvk15-cv2.flow.ts:17962:5)
        at /home/user/sitelooper/bench/results/fwvk15-cv2-c1-spec-tmp/fwvk15-cv2.spec.ts:14:21

    attachment #1: sitelooper-drift (text/plain) ───────────────────────────────────────────────────
    
    ────────────────────────────────────────────────────────────────────────────────────────────────

    attachment #2: screenshot (image/png) ──────────────────────────────────────────────────────────
    test-results/fwvk15-cv2-fwvk15-cv2/test-failed-1.png
    ────────────────────────────────────────────────────────────────────────────────────────────────

    Error Context: test-results/fwvk15-cv2-fwvk15-cv2/error-context.md

  1 failed
    fwvk15-cv2.spec.ts:9:1 › fwvk15-cv2 ────────────────────────────────────────────────────────────
