
[sweep] run 1/3: fwvk8-n1 (store: /home/user/sitelooper/bench/results/fwvk8-skills)
[harness] vikunja: defaulting APP_URL
[harness] vikunja: defaulting APP_EMAIL
[harness] vikunja: defaulting APP_PASSWORD
[reset] vikunja: no leftover bench tasks
[harness] vikunja responded 200 at http://127.0.0.1:8096/
stopped: fwvk8-n1
  flow "fwvk8" saved: 3 step(s), vars runid → /home/user/sitelooper/bench/results/flows/fwvk8.json
  warning: note: dropped 1 locator candidate(s) carrying a value this run minted (known only by export time)
  warning: note: 01-open no longer publishes seed_task_count — no replay reads it from the page and the recording showed no line to read
  warning: warning: 36 other value(s) the run saw survived unslotted, judged by shape only (usually page copy; non-fatal):
  flow.steps[0].instruction: "Bench Project" (output) in "Open http://127.0.0.1:8096/, sign in with username admin and password {{env:APP_PASSWORD}} (type the literal text {{env:APP_PASSWORD}} as the password - it will"
  flow.steps[0].instruction: "admin" (output) in "Open http://127.0.0.1:8096/, sign in with username admin and password {{env:APP_PASSWORD}} (type the literal text {{env:APP_PASSWORD}} as the password - it will"
  flow.steps[0].params.v2: "admin" (output) in "admin"
  flow.steps[1].instruction: "Bench Project" (output) in "In the Bench Project at {{01-open.project_url}}, create a new task titled '{{runid}} Bench Task'. Open that task's page and set: a description that includes the"
  flow.steps[1].instruction: "Backend" (output) in "In the Bench Project at {{01-open.project_url}}, create a new task titled '{{runid}} Bench Task'. Open that task's page and set: a description that includes the"
  warning: {{01-open.project_url}} (used by 02-create) can only be re-observed by model recovery — consider re-recording so the value is read from the page.
  warning: 01-open reports project_url, but no segment of the procedure it pins (s_f84499, through its last segment s_ab3e1b) re-reads it from the page — a replay without the model will succeed without that value; re-record so a read for it lands in s_ab3e1b.
arm=sitelooper model=z-ai/glm-5.3 runid=fwvk8-n1 stop=completed
turns=4 wall=228.6s
commands=3 cmdTime=216.1s cmdBytes=3232 timeouts=0
orchestrator in=8980 cw=0 cr=4096 out=924
inner prompt=1203126 cached=1120128 completion=12472
spend=$0.0411 maxUsd=3
learn: A_n=0 replayed=0/3 full=0 repaired=0 compiled=3 variants=0
-> /home/user/sitelooper/bench/results/fwvk8-n1-sitelooper-result.json

fwvk8-n1: objectives passed 7/7
  obj 1: PASS — all 3 seed titles reported
  obj 2: PASS — project=Bench Project, description includes runid=true
  obj 3: PASS — due date=2026-12-31T12:00:00Z, want 2026-12-31
  obj 4: PASS — priority=3 (want 3 = High)
  obj 5: PASS — labels=Backend#1; seeded Backend is #1
  obj 6: PASS — 1 comment(s), 1 carrying the runid
  obj 7: PASS — identifier BENCH-4 reported

[sweep] run 2/3: fwvk8-n2 (replay flow fwvk8, no orchestrator)
[reset] vikunja: deleted 1 leftover bench task(s)
[reset] vikunja: re-created "Seed: ship repaired device" as BENCH-4 so the next task is BENCH-5
[sweep] fwvk8-n2: 4 drift ticket(s) → fwvk8-n2-drift.json

fwvk8-n2: objectives passed 7/7
  obj 1: PASS — all 3 seed titles reported
  obj 2: PASS — project=Bench Project, description includes runid=true
  obj 3: PASS — due date=2026-12-31T12:00:00Z, want 2026-12-31
  obj 4: PASS — priority=3 (want 3 = High)
  obj 5: PASS — labels=Backend#1; seeded Backend is #1
  obj 6: PASS — 1 comment(s), 1 carrying the runid
  obj 7: PASS — identifier BENCH-5 reported

[sweep] run 3/3: fwvk8-n3 (replay flow fwvk8, no orchestrator)
[reset] vikunja: deleted 1 leftover bench task(s)
[reset] vikunja: re-created "Seed: ship repaired device" as BENCH-5 so the next task is BENCH-6
[sweep] fwvk8-n3: 4 drift ticket(s) → fwvk8-n3-drift.json

fwvk8-n3: objectives passed 7/7
  obj 1: PASS — all 3 seed titles reported
  obj 2: PASS — project=Bench Project, description includes runid=true
  obj 3: PASS — due date=2026-12-31T12:00:00Z, want 2026-12-31
  obj 4: PASS — priority=3 (want 3 = High)
  obj 5: PASS — labels=Backend#1; seeded Backend is #1
  obj 6: PASS — 1 comment(s), 1 carrying the runid
  obj 7: PASS — identifier BENCH-6 reported

Learning sweep fwvk8 (K=3)
┌─────────┬───┬────────────┬──────────┬─────────────┬───────┬──────┬───────────┬──────┬──────────────┬────────┐
│ (index) │ n │ runid      │ verified │ stop        │ turns │ cmds │ total_usd │ A_n  │ replayed     │ wall_s │
├─────────┼───┼────────────┼──────────┼─────────────┼───────┼──────┼───────────┼──────┼──────────────┼────────┤
│ 0       │ 1 │ 'fwvk8-n1' │ '7/7'    │ 'completed' │ 4     │ 3    │ 0.0411    │ 0    │ '0/3'        │ 229    │
│ 1       │ 2 │ 'fwvk8-n2' │ '7/7'    │ 'success'   │ 48    │ 3    │ 0.086     │ 0.33 │ '3/3 (flow)' │ 156    │
│ 2       │ 3 │ 'fwvk8-n3' │ '7/7'    │ 'success'   │ 42    │ 3    │ 0.0597    │ 0.33 │ '3/3 (flow)' │ 144    │
└─────────┴───┴────────────┴──────────┴─────────────┴───────┴──────┴───────────┴──────┴──────────────┴────────┘
http://127.0.0.1:8096
  s_b97f2e  validated    8 steps  3/3 (100%)
           Open the task page at {{v1}} (task '{{v2}} Bench Task'). Verify and report exactly what the page displays for:…
  s_f454b1  demoted      5 steps  1/3 (33%)
           Open {{v1}}, sign in with username {{v2}} and password {{env:APP_PASSWORD}} (type the literal text {{env:APP_P…
  s_f84499  validated    1 steps  3/3 (100%)
           Open {{v1}}, sign in with username {{v2}} and password {{env:APP_PASSWORD}} (type the literal text {{env:APP_P…
  s_7f135a  provisional  5 steps  1/2 (50%)
           In the {{v1}} at {{v2}}, create a new task titled '{{v4}}'. Open that task's page and set: a description that …
  s_e04a9d  provisional  5 steps  1/2 (50%)  variant of s_7f135a
           In the Bench Project at {{v1}}, create a new task titled '{{v3}}'. Open that task's page and set: a descriptio…
  s_1fd5b8  provisional 25 steps  1/1 (100%)
           In the {{v1}} at {{v2}}, create a new task titled '{{v4}}'. Open that task's page and set: a description that …
  s_2ecee6  provisional  5 steps  1/1 (100%)  variant of s_e04a9d
           In the {{v1}} at {{v2}}, create a new task titled '{{v4}}'. Open that task's page and set: a description that …
  s_35ed97  provisional  8 steps  1/1 (100%)  variant of s_f454b1
           Open http://127.0.0.1:8096/, sign in with username {{v2}} and password {{env:APP_PASSWORD}} (type the literal …
  s_7a2d5c  provisional  7 steps  1/1 (100%)  variant of s_f454b1
           Open http://127.0.0.1:8096/, sign in with username {{v2}} and password {{env:APP_PASSWORD}} (type the literal …
  s_8a5f3d  provisional  1 steps  1/1 (100%)
           Open {{v1}}, sign in with username {{v2}} and password {{env:APP_PASSWORD}} (type the literal text {{env:APP_P…
  s_8d44bc  provisional  5 steps  1/1 (100%)  variant of s_f454b1
           Open http://127.0.0.1:8096/, sign in with username {{v2}} and password {{env:APP_PASSWORD}} (type the literal …
  s_a2073b  provisional 27 steps  1/1 (100%)  variant of s_e04a9d
           In the {{v1}} at {{v2}}, create a new task titled '{{v4}}'. Open that task's page and set: a description that …
  s_a91011  provisional  5 steps  1/1 (100%)  variant of s_f454b1
           Open http://127.0.0.1:8096/, sign in with username {{v2}} and password {{env:APP_PASSWORD}} (type the literal …
  s_aaf195  provisional  6 steps  1/1 (100%)
           Open {{v1}}, sign in with username {{v2}} and password {{env:APP_PASSWORD}} (type the literal text {{env:APP_P…
  s_ab3e1b  provisional 13 steps  1/1 (100%)
           Open {{v1}}, sign in with username {{v2}} and password {{env:APP_PASSWORD}} (type the literal text {{env:APP_P…
  s_abcacf  provisional  1 steps  1/1 (100%)
           Open {{v1}}, sign in with username {{v2}} and password {{env:APP_PASSWORD}} (type the literal text {{env:APP_P…
  s_aed5d0  provisional  1 steps  1/1 (100%)  variant of s_f454b1
           Open http://127.0.0.1:8096/, sign in with username {{v2}} and password {{env:APP_PASSWORD}} (type the literal …
  s_b6559c  provisional  1 steps  1/1 (100%)  variant of s_f454b1
           Open http://127.0.0.1:8096/, sign in with username {{v2}} and password {{env:APP_PASSWORD}} (type the literal …
  s_be5bcc  provisional 27 steps  1/1 (100%)  variant of s_7f135a
           In the Bench Project at {{v1}}, create a new task titled '{{v3}}'. Open that task's page and set: a descriptio…
  s_c7bed0  provisional  8 steps  1/1 (100%)
           Open {{v1}}, sign in with username {{v2}} and password {{env:APP_PASSWORD}} (type the literal text {{env:APP_P…
  s_e85a3b  provisional  7 steps  1/1 (100%)
           Open {{v1}}, sign in with username {{v2}} and password {{env:APP_PASSWORD}} (type the literal text {{env:APP_P…
  s_efd62a  provisional  6 steps  1/1 (100%)
           Open {{v1}}, sign in with username {{v2}} and password {{env:APP_PASSWORD}} (type the literal text {{env:APP_P…
  s_f0f3fd  provisional  1 steps  1/1 (100%)
           Open {{v1}}, sign in with username {{v2}} and password {{env:APP_PASSWORD}} (type the literal text {{env:APP_P…
store: /home/user/sitelooper/bench/results/fwvk8-skills

summary: /home/user/sitelooper/bench/results/fwvk8-sweep.json
