
[sweep] run 1/3: fwvk9-n1 (store: /home/user/sitelooper/bench/results/fwvk9-skills)
[harness] vikunja: defaulting APP_URL
[harness] vikunja: defaulting APP_EMAIL
[harness] vikunja: defaulting APP_PASSWORD
[reset] vikunja: no leftover bench tasks
[harness] vikunja responded 200 at http://127.0.0.1:8096/
stopped: fwvk9-n1
  flow "fwvk9" saved: 4 step(s), vars runid → /home/user/sitelooper/bench/results/flows/fwvk9.json
  warning: note: 01-signin no longer publishes project_url, task_count_seed_prefix, table_view_url — no replay reads them from the page and the recording showed no line to read
  warning: note: 03-add no longer publishes fixes_needed — no replay reads it from the page and the recording showed no line to read
  warning: note: 04-verify no longer publishes backend_label_count, labels_url, seed_tasks_found, bench_project_url, modifications_made — no replay reads them from the page and the recording showed no line to read
  warning: note: 02-create: added a read for description_saved_confirmation to s_d262e9 (page.getByRole('heading', { name: 'Description Saved!', exact: true }); seen on the instruction's own page)
  warning: note: 04-verify: added a read for seed_task_4 to s_92791b (page.getByRole('link', { name: 'Seed: ship repaired device', exact: true }); seen on the instruction's own page)
  warning: warning: 95 other value(s) the run saw survived unslotted, judged by shape only (usually page copy; non-fatal):
  flow.steps[0].instruction: "Bench Project" (output) in "Sign in to Vikunja at http://127.0.0.1:8096/ with username admin and password {{env:APP_PASSWORD}} (type the password literally as that text), then open the pro"
  flow.steps[0].instruction: "admin" (output) in "Sign in to Vikunja at http://127.0.0.1:8096/ with username admin and password {{env:APP_PASSWORD}} (type the password literally as that text), then open the pro"
  flow.steps[0].params.v2: "admin" (output) in "admin"
  flow.steps[1].instruction: "Bench Project" (output) in "In the project 'Bench Project' in Vikunja, create a new task titled '{{runid}} Bench Task'. Give it a description that includes the text {{runid}}. Set its due "
  flow.steps[1].instruction: "Backend" (output) in "In the project 'Bench Project' in Vikunja, create a new task titled '{{runid}} Bench Task'. Give it a description that includes the text {{runid}}. Set its due "
arm=sitelooper model=z-ai/glm-5.3 runid=fwvk9-n1 stop=completed
turns=5 wall=232.9s
commands=4 cmdTime=213.1s cmdBytes=6290 timeouts=0
orchestrator in=7280 cw=0 cr=11712 out=1500
inner prompt=1351608 cached=1261312 completion=16567
spend=$0.0472 maxUsd=3
learn: A_n=0 replayed=0/4 full=0 repaired=0 compiled=4 variants=0
-> /home/user/sitelooper/bench/results/fwvk9-n1-sitelooper-result.json

fwvk9-n1: objectives passed 7/7
  obj 1: PASS — all 3 seed titles reported
  obj 2: PASS — project=Bench Project, description includes runid=true
  obj 3: PASS — due date=2026-12-31T12:00:00Z, want 2026-12-31
  obj 4: PASS — priority=3 (want 3 = High)
  obj 5: PASS — labels=Backend#1; seeded Backend is #1
  obj 6: PASS — 1 comment(s), 1 carrying the runid
  obj 7: PASS — identifier BENCH-4 reported

[sweep] run 2/3: fwvk9-n2 (replay flow fwvk9, no orchestrator)
[reset] vikunja: deleted 1 leftover bench task(s)
[reset] vikunja: re-created "Seed: ship repaired device" as BENCH-4 so the next task is BENCH-5
[sweep] fwvk9-n2: 1 drift ticket(s) → fwvk9-n2-drift.json

fwvk9-n2: objectives passed 7/7
  obj 1: PASS — all 3 seed titles reported
  obj 2: PASS — project=Bench Project, description includes runid=true
  obj 3: PASS — due date=2026-12-31T12:00:00Z, want 2026-12-31
  obj 4: PASS — priority=3 (want 3 = High)
  obj 5: PASS — labels=Backend#1; seeded Backend is #1
  obj 6: PASS — 1 comment(s), 1 carrying the runid
  obj 7: PASS — identifier BENCH-5 reported

[sweep] run 3/3: fwvk9-n3 (replay flow fwvk9, no orchestrator)
[reset] vikunja: deleted 1 leftover bench task(s)
[reset] vikunja: re-created "Seed: ship repaired device" as BENCH-5 so the next task is BENCH-6
[sweep] fwvk9-n3: 1 drift ticket(s) → fwvk9-n3-drift.json

fwvk9-n3: objectives passed 7/7
  obj 1: PASS — all 3 seed titles reported
  obj 2: PASS — project=Bench Project, description includes runid=true
  obj 3: PASS — due date=2026-12-31T12:00:00Z, want 2026-12-31
  obj 4: PASS — priority=3 (want 3 = High)
  obj 5: PASS — labels=Backend#1; seeded Backend is #1
  obj 6: PASS — 1 comment(s), 1 carrying the runid
  obj 7: PASS — identifier BENCH-6 reported

Learning sweep fwvk9 (K=3)
┌─────────┬───┬────────────┬──────────┬─────────────┬───────┬──────┬───────────┬─────┬──────────────┬────────┐
│ (index) │ n │ runid      │ verified │ stop        │ turns │ cmds │ total_usd │ A_n │ replayed     │ wall_s │
├─────────┼───┼────────────┼──────────┼─────────────┼───────┼──────┼───────────┼─────┼──────────────┼────────┤
│ 0       │ 1 │ 'fwvk9-n1' │ '7/7'    │ 'completed' │ 5     │ 4    │ 0.0472    │ 0   │ '0/4'        │ 233    │
│ 1       │ 2 │ 'fwvk9-n2' │ '7/7'    │ 'success'   │ 0     │ 4    │ 0         │ 1   │ '4/4 (flow)' │ 35     │
│ 2       │ 3 │ 'fwvk9-n3' │ '7/7'    │ 'success'   │ 0     │ 4    │ 0         │ 1   │ '4/4 (flow)' │ 35     │
└─────────┴───┴────────────┴──────────┴─────────────┴───────┴──────┴───────────┴─────┴──────────────┴────────┘
http://127.0.0.1:8096
  s_20ed98  validated    1 steps  3/3 (100%)
           Sign in to Vikunja at {{v1}} with username {{v2}} and password {{v3}} (type the password literally as that tex…
  s_353a33  validated   12 steps  3/3 (100%)
           On the task page for the task '{{v1}}' (identifier {{v3}}) in Vikunja, add a comment whose text includes {{v2}…
  s_6c0b1a  validated    8 steps  3/3 (100%)
           Sign in to Vikunja at {{v1}} with username {{v2}} and password {{v3}} (type the password literally as that tex…
  s_77d33a  validated    1 steps  3/3 (100%)
           In the project '{{v1}}' in Vikunja, create a new task titled '{{v3}}'. Give it a description that includes the…
  s_80f2f9  validated    4 steps  3/3 (100%)
           Verify two things in Vikunja and report: (1) In the labels list (e.g. via the labels menu/section), confirm th…
  s_862b80  validated    4 steps  3/3 (100%)
           In the project '{{v1}}' in Vikunja, create a new task titled '{{v3}}'. Give it a description that includes the…
  s_92791b  validated    7 steps  3/3 (100%)
           Verify two things in Vikunja and report: (1) In the labels list (e.g. via the labels menu/section), confirm th…
  s_bcac97  validated    1 steps  3/3 (100%)
           Verify two things in Vikunja and report: (1) In the labels list (e.g. via the labels menu/section), confirm th…
  s_bef795  validated    9 steps  3/3 (100%)
           Sign in to Vikunja at {{v1}} with username {{v2}} and password {{v3}} (type the password literally as that tex…
  s_d262e9  validated   21 steps  3/3 (100%)
           In the project '{{v1}}' in Vikunja, create a new task titled '{{v3}}'. Give it a description that includes the…
  s_d47d85  validated    2 steps  3/3 (100%)
           Sign in to Vikunja at {{v1}} with username {{v2}} and password {{v3}} (type the password literally as that tex…
  s_f7df8f  validated    1 steps  3/3 (100%)
           In the project '{{v1}}' in Vikunja, create a new task titled '{{v3}}'. Give it a description that includes the…
store: /home/user/sitelooper/bench/results/fwvk9-skills

summary: /home/user/sitelooper/bench/results/fwvk9-sweep.json
