
[sweep] run 1/3: fwvk7-n1 (store: /home/user/sitelooper/bench/results/fwvk7-skills)
[harness] vikunja: defaulting APP_URL
[harness] vikunja: defaulting APP_EMAIL
[harness] vikunja: defaulting APP_PASSWORD
[reset] vikunja: no leftover bench tasks
[harness] vikunja responded 200 at http://127.0.0.1:8096/
stopped: fwvk7-n1
  flow "fwvk7" saved: 3 step(s), vars runid → /home/user/sitelooper/bench/results/flows/fwvk7.json
  warning: note: 01-signin no longer publishes seed_task_count — no replay reads it from the page and the recording showed no line to read
  warning: note: 02-create no longer publishes priority — no replay reads it from the page and the recording showed no line to read
  warning: warning: 41 other value(s) the run saw survived unslotted, judged by shape only (usually page copy; non-fatal):
  flow.steps[0].instruction: "Bench Project" (output) in "Sign in to Vikunja at http://127.0.0.1:8096/ with username admin and password {{env:APP_PASSWORD}} (type it exactly like that, it gets filled in). Then open the"
  flow.steps[1].instruction: "Bench Project" (output) in "In the project 'Bench Project', create a new task titled '{{runid}} Bench Task' with description containing '{{runid}}', due date 2026-12-31, priority High, and"
  flow.steps[1].instruction: "Backend" (output) in "In the project 'Bench Project', create a new task titled '{{runid}} Bench Task' with description containing '{{runid}}', due date 2026-12-31, priority High, and"
  flow.steps[1].params.v1: "Bench Project" (output) in "Bench Project"
  flow.steps[2].instruction: "Bench Project" (output) in "Open the task '{{runid}} Bench Task' ({{02-create.task_identifier}}) in project 'Bench Project' and verify, reading from the task page: (a) the title, (b) the d"
arm=sitelooper model=z-ai/glm-5.3 runid=fwvk7-n1 stop=completed
turns=4 wall=167.6s
commands=3 cmdTime=142.8s cmdBytes=4044 timeouts=0
orchestrator in=12554 cw=0 cr=640 out=791
inner prompt=838111 cached=729024 completion=8442
spend=$0.1628 maxUsd=3
learn: A_n=0 replayed=0/3 full=0 repaired=0 compiled=3 variants=0
-> /home/user/sitelooper/bench/results/fwvk7-n1-sitelooper-result.json

fwvk7-n1: objectives passed 7/7
  obj 1: PASS — all 3 seed titles reported
  obj 2: PASS — project=Bench Project, description includes runid=true
  obj 3: PASS — due date=2026-12-31T12:00:00Z, want 2026-12-31
  obj 4: PASS — priority=3 (want 3 = High)
  obj 5: PASS — labels=Backend#1; seeded Backend is #1
  obj 6: PASS — 1 comment(s), 1 carrying the runid
  obj 7: PASS — identifier BENCH-4 reported

[sweep] run 2/3: fwvk7-n2 (replay flow fwvk7, no orchestrator)
[reset] vikunja: deleted 1 leftover bench task(s)
[reset] vikunja: re-created "Seed: ship repaired device" as BENCH-4 so the next task is BENCH-5

fwvk7-n2: objectives passed 7/7
  obj 1: PASS — all 3 seed titles reported
  obj 2: PASS — project=Bench Project, description includes runid=true
  obj 3: PASS — due date=2026-12-31T12:00:00Z, want 2026-12-31
  obj 4: PASS — priority=3 (want 3 = High)
  obj 5: PASS — labels=Backend#1; seeded Backend is #1
  obj 6: PASS — 1 comment(s), 1 carrying the runid
  obj 7: PASS — identifier BENCH-5 reported

[sweep] run 3/3: fwvk7-n3 (replay flow fwvk7, no orchestrator)
[reset] vikunja: deleted 1 leftover bench task(s)
[reset] vikunja: re-created "Seed: ship repaired device" as BENCH-5 so the next task is BENCH-6

fwvk7-n3: objectives passed 7/7
  obj 1: PASS — all 3 seed titles reported
  obj 2: PASS — project=Bench Project, description includes runid=true
  obj 3: PASS — due date=2026-12-31T12:00:00Z, want 2026-12-31
  obj 4: PASS — priority=3 (want 3 = High)
  obj 5: PASS — labels=Backend#1; seeded Backend is #1
  obj 6: PASS — 1 comment(s), 1 carrying the runid
  obj 7: PASS — identifier BENCH-6 reported

Learning sweep fwvk7 (K=3)
┌─────────┬───┬────────────┬──────────┬─────────────┬───────┬──────┬───────────┬─────┬──────────────┬────────┐
│ (index) │ n │ runid      │ verified │ stop        │ turns │ cmds │ total_usd │ A_n │ replayed     │ wall_s │
├─────────┼───┼────────────┼──────────┼─────────────┼───────┼──────┼───────────┼─────┼──────────────┼────────┤
│ 0       │ 1 │ 'fwvk7-n1' │ '7/7'    │ 'completed' │ 4     │ 3    │ 0.1628    │ 0   │ '0/3'        │ 168    │
│ 1       │ 2 │ 'fwvk7-n2' │ '7/7'    │ 'success'   │ 0     │ 3    │ 0         │ 1   │ '3/3 (flow)' │ 25     │
│ 2       │ 3 │ 'fwvk7-n3' │ '7/7'    │ 'success'   │ 0     │ 3    │ 0         │ 1   │ '3/3 (flow)' │ 25     │
└─────────┴───┴────────────┴──────────┴─────────────┴───────┴──────┴───────────┴─────┴──────────────┴────────┘
http://127.0.0.1:8096
  s_299e7d  validated    3 steps  3/3 (100%)
           In the project '{{v1}}', create a new task titled '{{v3}}' with description containing '{{v2}}', due date 2026…
  s_2ce072  validated   28 steps  3/3 (100%)
           In the project '{{v1}}', create a new task titled '{{v3}}' with description containing '{{v2}}', due date 2026…
  s_2e8c4f  validated    2 steps  3/3 (100%)
           Sign in to Vikunja at {{v1}} with username {{v2}} and password {{v3}} (type it exactly like that, it gets fill…
  s_4c53f2  validated    4 steps  3/3 (100%)
           Sign in to Vikunja at {{v1}} with username {{v2}} and password {{v3}} (type it exactly like that, it gets fill…
  s_a46b03  validated    7 steps  3/3 (100%)
           Sign in to Vikunja at {{v1}} with username {{v2}} and password {{v3}} (type it exactly like that, it gets fill…
  s_dcc176  validated    8 steps  3/3 (100%)
           Open the task '{{v1}}' ({{v3}}) in project '{{v4}}' and verify, reading from the task page: (a) the title, (b)…
store: /home/user/sitelooper/bench/results/fwvk7-skills

summary: /home/user/sitelooper/bench/results/fwvk7-sweep.json
