[converge] from fwvk15: 8 step(s), store copied to /home/user/sitelooper/bench/results/fwvk15-cv-skills, flow /home/user/sitelooper/bench/results/flows/fwvk15-cv.json
[converge] round 1 compile: /opt/node22/bin/node /home/user/sitelooper/bin/sitelooper.js compile /home/user/sitelooper/bench/results/flows/fwvk15-cv.json --out /home/user/sitelooper/bench/results/fwvk15-cv-c1-compile --overwrite-spec --json
[converge] round 1 compile: exit 0
[converge] round 1 artifact: /opt/node22/bin/node /home/user/sitelooper/bench/spec-replay.mjs --flow /home/user/sitelooper/bench/results/flows/fwvk15-cv.json --skills /home/user/sitelooper/bench/results/fwvk15-cv-skills --tag fwvk15-cv-c1 --target vikunja --reset --out /home/user/sitelooper/bench/results
[reset] vikunja: no leftover bench tasks
[spec-replay] resetting vikunja
[spec-replay] compiling: /opt/node22/bin/node /home/user/sitelooper/bin/sitelooper.js compile /home/user/sitelooper/bench/results/flows/fwvk15-cv.json --out /home/user/sitelooper/bench/results/fwvk15-cv-c1-spec-tmp --overwrite-spec
flow: /home/user/sitelooper/bench/results/fwvk15-cv-c1-spec-tmp/fwvk15-cv.flow.ts
spec: /home/user/sitelooper/bench/results/fwvk15-cv-c1-spec-tmp/fwvk15-cv.spec.ts
  warning: 03-create: step 10 (read save_confirmation) has no locator left — it publishes nothing, as replay skips it
[spec-replay] running: npx playwright test --config /home/user/sitelooper/bench/results/fwvk15-cv-c1-spec-tmp/playwright.config.mjs
[spec-replay] failure evidence: fwvk15-cv-c1-spec-failure.png
[spec-replay] failure evidence: fwvk15-cv-c1-spec-error-context.md
[spec-replay] fwvk15-cv-c1: 0/1 passed, exit=1, 17s, 0 drift line(s) — result written
[converge] round 1 artifact: exit 1

fwvk15-cv-c1: objectives passed 0/7
  obj 1: UNVERIFIABLE — no result file with finalText found
  obj 2: FAIL — task not found
  obj 3: FAIL — no task
  obj 4: FAIL — no task
  obj 5: FAIL — no task
  obj 6: FAIL — no task
  obj 7: UNVERIFIABLE — no result file with finalText found
[converge] round 1: artifact failed (exit 1, verified 0/5); anchors none
[converge] round 1 repair: /opt/node22/bin/node /home/user/sitelooper/bin/sitelooper.js repair /home/user/sitelooper/bench/results/fwvk15-cv-c1-compile/fwvk15-cv.flow.ts --var runid=fwvk15-cv-p1n{n} --converge 1 --reset-cmd "\"/opt/node22/bin/node\" \"/home/user/sitelooper/bench/reset-app.mjs\" --target vikunja" --out /home/user/sitelooper/bench/results/fwvk15-cv-c1-compile/fwvk15-cv.repaired.flow.ts --json
repairing /home/user/sitelooper/bench/results/fwvk15-cv-c1-compile/fwvk15-cv.flow.ts (8 step(s)) in /tmp/sitelooper-repair-Jt0IFF
  reset (run 1): "/opt/node22/bin/node" "/home/user/sitelooper/bench/reset-app.mjs" --target vikunja
run 1: 8/8 step(s) success, 4 drift ticket(s)
  [OK] 01-signin (tier A)
  [OK] 02-open (tier B) — fell back: unresolved reference(s): 01-signin.visible_projects_2, 01-signin.visible_projects_2
  [OK] 03-create (tier B) — fell back: unresolved reference(s): 01-signin.visible_projects_2, 01-signin.visible_projects_2
  [OK] 04-set (tier A)
  [OK] 05-add (tier A)
  [OK] 06-add (tier A)
  [OK] 07-open (tier A)
  [OK] 08-open (tier B) — fell back: unresolved reference(s): 01-signin.visible_projects_2, 01-signin.visible_projects_2
  reset (converge 1/1): "/opt/node22/bin/node" "/home/user/sitelooper/bench/reset-app.mjs" --target vikunja
  evidence         candidate retired: page.getByRole('link', { name: 'Bench Project', exact: true }) — missed 2 run(s), never hit; now last — s_9e6344 step 2 target
  [OK] 01-signin (tier A)
  [OK] 02-open (tier B) — fell back: unresolved reference(s): 01-signin.visible_projects_2, 01-signin.visible_projects_2
  [OK] 03-create (tier B) — fell back: unresolved reference(s): 01-signin.visible_projects_2, 01-signin.visible_projects_2
  [OK] 04-set (tier A)
  [OK] 05-add (tier A)
  [OK] 06-add (tier A)
  [OK] 07-open (tier A)
  [OK] 08-open (tier B) — fell back: unresolved reference(s): 01-signin.visible_projects_2, 01-signin.visible_projects_2
converge 1/1: 8/8 step(s) success, 4 drift ticket(s)
  ticket: 01-signin s_9e6344/2 target: page.getByRole('link', { name: 'Bench Project', exact: true }) → nothing resolved
  ticket: 02-open s_3f56c3 : unresolved reference(s): 01-signin.visible_projects_2, 01-signin.visible_projects_2 → nothing resolved
  ticket: 03-create s_919c20 : unresolved reference(s): 01-signin.visible_projects_2, 01-signin.visible_projects_2 → nothing resolved
  ticket: 08-open s_1f3718 : unresolved reference(s): 01-signin.visible_projects_2, 01-signin.visible_projects_2 → nothing resolved
not converged: 02-open (tier B — unresolved reference(s): 01-signin.visible_projects_2, 01-signin.visible_projects_2), 03-create (tier B — unresolved reference(s): 01-signin.visible_projects_2, 01-signin.visible_projects_2), 08-open (tier B — unresolved reference(s): 01-signin.visible_projects_2, 01-signin.visible_projects_2)
[converge] round 1 repair: exit 3
[converge] round 1 rerecord 02-open (tier B — unresolved reference(s): 01-signin.visible_projects_2, 01-signin.visible_projects_2) (repair: needs-rerecord; also named: 03-create (tier B — unresolved reference(s): 01-signin.visible_projects_2, 01-signin.visible_projects_2), 08-open (tier B — unresolved reference(s): 01-signin.visible_projects_2, 01-signin.visible_projects_2)): /opt/node22/bin/node /home/user/sitelooper/bin/sitelooper.js rerecord /home/user/sitelooper/bench/results/flows/fwvk15-cv.json "02-open (tier B — unresolved reference(s): 01-signin.visible_projects_2, 01-signin.visible_projects_2)" --var runid=fwvk15-cv-r1n{n} --runs 2 --reset-cmd "\"/opt/node22/bin/node\" \"/home/user/sitelooper/bench/reset-app.mjs\" --target vikunja" --json
sitelooper: flow "fwvk15-cv" has no step "02-open (tier B — unresolved reference(s): 01-signin.visible_projects_2, 01-signin.visible_projects_2)" — steps are: 01-signin, 02-open, 03-create, 04-set, 05-add, 06-add, 07-open, 08-open
[converge] round 1 rerecord 02-open (tier B — unresolved reference(s): 01-signin.visible_projects_2, 01-signin.visible_projects_2) (repair: needs-rerecord; also named: 03-create (tier B — unresolved reference(s): 01-signin.visible_projects_2, 01-signin.visible_projects_2), 08-open (tier B — unresolved reference(s): 01-signin.visible_projects_2, 01-signin.visible_projects_2)): exit 2
[converge] round 2 compile: /opt/node22/bin/node /home/user/sitelooper/bin/sitelooper.js compile /home/user/sitelooper/bench/results/flows/fwvk15-cv.json --out /home/user/sitelooper/bench/results/fwvk15-cv-c2-compile --overwrite-spec --json
[converge] round 2 compile: exit 0
[converge] round 2 artifact: /opt/node22/bin/node /home/user/sitelooper/bench/spec-replay.mjs --flow /home/user/sitelooper/bench/results/flows/fwvk15-cv.json --skills /home/user/sitelooper/bench/results/fwvk15-cv-skills --tag fwvk15-cv-c2 --target vikunja --reset --out /home/user/sitelooper/bench/results
[reset] vikunja: deleted 1 leftover bench task(s)
[reset] vikunja: re-created "Seed: ship repaired device" as BENCH-5 so the next task is BENCH-6
[spec-replay] resetting vikunja
[spec-replay] compiling: /opt/node22/bin/node /home/user/sitelooper/bin/sitelooper.js compile /home/user/sitelooper/bench/results/flows/fwvk15-cv.json --out /home/user/sitelooper/bench/results/fwvk15-cv-c2-spec-tmp --overwrite-spec
flow: /home/user/sitelooper/bench/results/fwvk15-cv-c2-spec-tmp/fwvk15-cv.flow.ts
spec: /home/user/sitelooper/bench/results/fwvk15-cv-c2-spec-tmp/fwvk15-cv.spec.ts
  warning: 03-create: step 10 (read save_confirmation) has no locator left — it publishes nothing, as replay skips it
[spec-replay] running: npx playwright test --config /home/user/sitelooper/bench/results/fwvk15-cv-c2-spec-tmp/playwright.config.mjs
[spec-replay] failure evidence: fwvk15-cv-c2-spec-failure.png
[spec-replay] failure evidence: fwvk15-cv-c2-spec-error-context.md
[spec-replay] fwvk15-cv-c2: 0/1 passed, exit=1, 15s, 0 drift line(s) — result written
[converge] round 2 artifact: exit 1

fwvk15-cv-c2: objectives passed 0/7
  obj 1: UNVERIFIABLE — no result file with finalText found
  obj 2: FAIL — task not found
  obj 3: FAIL — no task
  obj 4: FAIL — no task
  obj 5: FAIL — no task
  obj 6: FAIL — no task
  obj 7: UNVERIFIABLE — no result file with finalText found
[converge] round 2: artifact failed (exit 1, verified 0/5); anchors none
[converge] round 2 repair: /opt/node22/bin/node /home/user/sitelooper/bin/sitelooper.js repair /home/user/sitelooper/bench/results/fwvk15-cv-c2-compile/fwvk15-cv.flow.ts --var runid=fwvk15-cv-p2n{n} --converge 1 --reset-cmd "\"/opt/node22/bin/node\" \"/home/user/sitelooper/bench/reset-app.mjs\" --target vikunja" --out /home/user/sitelooper/bench/results/fwvk15-cv-c2-compile/fwvk15-cv.repaired.flow.ts --json
repairing /home/user/sitelooper/bench/results/fwvk15-cv-c2-compile/fwvk15-cv.flow.ts (8 step(s)) in /tmp/sitelooper-repair-mDW8Jv
  reset (run 1): "/opt/node22/bin/node" "/home/user/sitelooper/bench/reset-app.mjs" --target vikunja
run 1: 8/8 step(s) success, 5 drift ticket(s)
  [OK] 01-signin (tier A)
  [OK] 02-open (tier B) — fell back: unresolved reference(s): 01-signin.visible_projects_2, 01-signin.visible_projects_2
  [OK] 03-create (tier B) — fell back: unresolved reference(s): 01-signin.visible_projects_2, 01-signin.visible_projects_2
  [OK] 04-set (tier none) — fell back: every candidate refused — s_d85c10: not on the page this procedure starts from (expects http://127.0.0.1:8096/tasks/:id, browser is at http://127.0.0.1:8096/projects/2/5) — nothing was run
  [OK] 05-add (tier A)
  [OK] 06-add (tier A)
  [OK] 07-open (tier A)
  [OK] 08-open (tier B) — fell back: unresolved reference(s): 01-signin.visible_projects_2, 01-signin.visible_projects_2
  reset (converge 1/1): "/opt/node22/bin/node" "/home/user/sitelooper/bench/reset-app.mjs" --target vikunja
  evidence         candidate retired: page.getByRole('link', { name: 'Bench Project', exact: true }) — missed 2 run(s), never hit; now last — s_9e6344 step 2 target
  [OK] 01-signin (tier A)
  [OK] 02-open (tier B) — fell back: unresolved reference(s): 01-signin.visible_projects_2, 01-signin.visible_projects_2
  [PARTIAL] 03-create (tier B) — fell back: unresolved reference(s): 01-signin.visible_projects_2, 01-signin.visible_projects_2 — In the "Bench Project" (the project the browser was already open on, http://127.0.0.1:8096/projects/2/5), I created a new task titled "fwvk15-cv-p2n1 Bench Task". The stored procedure s_919c20 created the task but left the description empty, so I clicked into the empty tiptap description editor, typed "Bench task created for run fwvk15-cv-p2n1", and the editor saved it (heading changed to "Description Saved!"). I then opened the task's own detail page and read the values back from the live page: title "fwvk15-cv-p2n1 Bench Task", description "Bench task created for run fwvk15-cv-p2n1", identifier "BENCH-7" (url http://127.0.0.1:8096/tasks/10). No "Seed:" task was modified.
  [OK] 04-set (tier A)
  [OK] 05-add (tier A)
  [OK] 06-add (tier A) — fell back: s_77f155 stopped at step 3 — after step 3 none of the 1 recorded page change(s) appeared (e.g. "- button \"Delete\"") — the step ran but did not have its recorded effect
  [OK] 07-open (tier A)
  [OK] 08-open (tier B) — fell back: unresolved reference(s): 01-signin.visible_projects_2, 01-signin.visible_projects_2
converge 1/1: 7/8 step(s) partial, 5 drift ticket(s)
  ticket: 01-signin s_9e6344/2 target: page.getByRole('link', { name: 'Bench Project', exact: true }) → nothing resolved
  ticket: 02-open s_3f56c3 : unresolved reference(s): 01-signin.visible_projects_2, 01-signin.visible_projects_2 → nothing resolved
  ticket: 03-create s_919c20 : unresolved reference(s): 01-signin.visible_projects_2, 01-signin.visible_projects_2 → nothing resolved
  ticket: 06-add s_77f155 : after step 3 none of the 1 recorded page change(s) appeared (e.g. "- button \"Delete\"") — the step ran but did not have its recorded effect → nothing resolved
  ticket: 08-open s_1f3718 : unresolved reference(s): 01-signin.visible_projects_2, 01-signin.visible_projects_2 → nothing resolved
not converged: 02-open (tier B — unresolved reference(s): 01-signin.visible_projects_2, 01-signin.visible_projects_2), 03-create (partial), 08-open (tier B — unresolved reference(s): 01-signin.visible_projects_2, 01-signin.visible_projects_2), 06-add (drift (after step 3 none of the 1 recorded page change(s) appeared (e.g. "- button \"Delete\"") — the step ran but did not have its recorded effect))
[converge] round 2 repair: exit 3
[converge] round 2 rerecord 02-open (tier B — unresolved reference(s): 01-signin.visible_projects_2, 01-signin.visible_projects_2) (repair: needs-rerecord; also named: 03-create (partial), 08-open (tier B — unresolved reference(s): 01-signin.visible_projects_2, 01-signin.visible_projects_2), 06-add (drift (after step 3 none of the 1 recorded page change(s) appeared (e.g. "- button \"Delete\"") — the step ran but did not have its recorded effect))): /opt/node22/bin/node /home/user/sitelooper/bin/sitelooper.js rerecord /home/user/sitelooper/bench/results/flows/fwvk15-cv.json "02-open (tier B — unresolved reference(s): 01-signin.visible_projects_2, 01-signin.visible_projects_2)" --var runid=fwvk15-cv-r2n{n} --runs 2 --reset-cmd "\"/opt/node22/bin/node\" \"/home/user/sitelooper/bench/reset-app.mjs\" --target vikunja" --json
sitelooper: flow "fwvk15-cv" has no step "02-open (tier B — unresolved reference(s): 01-signin.visible_projects_2, 01-signin.visible_projects_2)" — steps are: 01-signin, 02-open, 03-create, 04-set, 05-add, 06-add, 07-open, 08-open
[converge] round 2 rerecord 02-open (tier B — unresolved reference(s): 01-signin.visible_projects_2, 01-signin.visible_projects_2) (repair: needs-rerecord; also named: 03-create (partial), 08-open (tier B — unresolved reference(s): 01-signin.visible_projects_2, 01-signin.visible_projects_2), 06-add (drift (after step 3 none of the 1 recorded page change(s) appeared (e.g. "- button \"Delete\"") — the step ran but did not have its recorded effect))): exit 2
[converge] round 3 compile: /opt/node22/bin/node /home/user/sitelooper/bin/sitelooper.js compile /home/user/sitelooper/bench/results/flows/fwvk15-cv.json --out /home/user/sitelooper/bench/results/fwvk15-cv-c3-compile --overwrite-spec --json
[converge] round 3 compile: exit 0
[converge] round 3 artifact: /opt/node22/bin/node /home/user/sitelooper/bench/spec-replay.mjs --flow /home/user/sitelooper/bench/results/flows/fwvk15-cv.json --skills /home/user/sitelooper/bench/results/fwvk15-cv-skills --tag fwvk15-cv-c3 --target vikunja --reset --out /home/user/sitelooper/bench/results
[reset] vikunja: deleted 1 leftover bench task(s)
[reset] vikunja: re-created "Seed: ship repaired device" as BENCH-7 so the next task is BENCH-8
[spec-replay] resetting vikunja
[spec-replay] compiling: /opt/node22/bin/node /home/user/sitelooper/bin/sitelooper.js compile /home/user/sitelooper/bench/results/flows/fwvk15-cv.json --out /home/user/sitelooper/bench/results/fwvk15-cv-c3-spec-tmp --overwrite-spec
flow: /home/user/sitelooper/bench/results/fwvk15-cv-c3-spec-tmp/fwvk15-cv.flow.ts
spec: /home/user/sitelooper/bench/results/fwvk15-cv-c3-spec-tmp/fwvk15-cv.spec.ts
  warning: 03-create: step 10 (read save_confirmation) has no locator left — it publishes nothing, as replay skips it
[spec-replay] running: npx playwright test --config /home/user/sitelooper/bench/results/fwvk15-cv-c3-spec-tmp/playwright.config.mjs
[spec-replay] failure evidence: fwvk15-cv-c3-spec-failure.png
[spec-replay] failure evidence: fwvk15-cv-c3-spec-error-context.md
[spec-replay] fwvk15-cv-c3: 0/1 passed, exit=1, 16s, 0 drift line(s) — result written
[converge] round 3 artifact: exit 1

fwvk15-cv-c3: objectives passed 0/7
  obj 1: UNVERIFIABLE — no result file with finalText found
  obj 2: FAIL — task not found
  obj 3: FAIL — no task
  obj 4: FAIL — no task
  obj 5: FAIL — no task
  obj 6: FAIL — no task
  obj 7: UNVERIFIABLE — no result file with finalText found
[converge] round 3: artifact failed (exit 1, verified 0/5); anchors none
[converge] round 3 repair: /opt/node22/bin/node /home/user/sitelooper/bin/sitelooper.js repair /home/user/sitelooper/bench/results/fwvk15-cv-c3-compile/fwvk15-cv.flow.ts --var runid=fwvk15-cv-p3n{n} --converge 1 --reset-cmd "\"/opt/node22/bin/node\" \"/home/user/sitelooper/bench/reset-app.mjs\" --target vikunja" --out /home/user/sitelooper/bench/results/fwvk15-cv-c3-compile/fwvk15-cv.repaired.flow.ts --json
repairing /home/user/sitelooper/bench/results/fwvk15-cv-c3-compile/fwvk15-cv.flow.ts (8 step(s)) in /tmp/sitelooper-repair-zXlSzV
  reset (run 1): "/opt/node22/bin/node" "/home/user/sitelooper/bench/reset-app.mjs" --target vikunja
run 1: 8/8 step(s) success, 2 drift ticket(s)
  [OK] 01-signin (tier A)
  [OK] 02-open (tier none) — fell back: unresolved reference(s): 01-signin.visible_projects_2, 01-signin.visible_projects_2
  [OK] 03-create (tier B) — fell back: unresolved reference(s): 01-signin.visible_projects_2, 01-signin.visible_projects_2
  [OK] 04-set (tier none) — fell back: every candidate refused — s_d85c10: not on the page this procedure starts from (expects http://127.0.0.1:8096/tasks/:id, browser is at http://127.0.0.1:8096/projects/2/5) — nothing was run
  [OK] 05-add (tier A)
  [OK] 06-add (tier A)
  [OK] 07-open (tier A)
  [OK] 08-open (tier none) — fell back: unresolved reference(s): 01-signin.visible_projects_2, 01-signin.visible_projects_2
  folded           s_9e6344 step 2 target: page.getByText('Projects', { exact: true }) folded in as primary (from variant s_93be9c)
  reset (converge 1/1): "/opt/node22/bin/node" "/home/user/sitelooper/bench/reset-app.mjs" --target vikunja
  [OK] 01-signin (tier A)
  [BLOCKED] 02-open (tier A) — fell back: s_3f56c3 stopped at step 1 — after step 1 expected url http://127.0.0.1:8096/projects/:id/:id but browser is at http://127.0.0.1:8096/projects — Instruction timed out after 600s (17 turns, 17 tool call(s)). Work may be partially complete — check the actions log and verify current state before resuming.
converge 1/1: 1/8 step(s) halted, 1 drift ticket(s)
  ticket: 02-open s_3f56c3 : after step 1 expected url http://127.0.0.1:8096/projects/:id/:id but browser is at http://127.0.0.1:8096/projects → nothing resolved
not converged: 02-open (blocked), (unreached) (6 step(s) the run never got to)
[converge] round 3 repair: exit 3
[converge] round 3 rerecord 02-open (blocked) (repair: needs-rerecord; also named: (unreached) (6 step(s) the run never got to)): /opt/node22/bin/node /home/user/sitelooper/bin/sitelooper.js rerecord /home/user/sitelooper/bench/results/flows/fwvk15-cv.json "02-open (blocked)" --var runid=fwvk15-cv-r3n{n} --runs 2 --reset-cmd "\"/opt/node22/bin/node\" \"/home/user/sitelooper/bench/reset-app.mjs\" --target vikunja" --json
sitelooper: flow "fwvk15-cv" has no step "02-open (blocked)" — steps are: 01-signin, 02-open, 03-create, 04-set, 05-add, 06-add, 07-open, 08-open
[converge] round 3 rerecord 02-open (blocked) (repair: needs-rerecord; also named: (unreached) (6 step(s) the run never got to)): exit 2
[converge] round 4 compile: /opt/node22/bin/node /home/user/sitelooper/bin/sitelooper.js compile /home/user/sitelooper/bench/results/flows/fwvk15-cv.json --out /home/user/sitelooper/bench/results/fwvk15-cv-c4-compile --overwrite-spec --json
[converge] round 4 compile: exit 0
[converge] round 4 artifact: /opt/node22/bin/node /home/user/sitelooper/bench/spec-replay.mjs --flow /home/user/sitelooper/bench/results/flows/fwvk15-cv.json --skills /home/user/sitelooper/bench/results/fwvk15-cv-skills --tag fwvk15-cv-c4 --target vikunja --reset --out /home/user/sitelooper/bench/results
[reset] vikunja: no leftover bench tasks
[spec-replay] resetting vikunja
[spec-replay] compiling: /opt/node22/bin/node /home/user/sitelooper/bin/sitelooper.js compile /home/user/sitelooper/bench/results/flows/fwvk15-cv.json --out /home/user/sitelooper/bench/results/fwvk15-cv-c4-spec-tmp --overwrite-spec
flow: /home/user/sitelooper/bench/results/fwvk15-cv-c4-spec-tmp/fwvk15-cv.flow.ts
spec: /home/user/sitelooper/bench/results/fwvk15-cv-c4-spec-tmp/fwvk15-cv.spec.ts
  warning: 03-create: step 10 (read save_confirmation) has no locator left — it publishes nothing, as replay skips it
[spec-replay] running: npx playwright test --config /home/user/sitelooper/bench/results/fwvk15-cv-c4-spec-tmp/playwright.config.mjs
[spec-replay] failure evidence: fwvk15-cv-c4-spec-failure.png
[spec-replay] failure evidence: fwvk15-cv-c4-spec-error-context.md
[spec-replay] fwvk15-cv-c4: 0/1 passed, exit=1, 16s, 0 drift line(s) — result written
[converge] round 4 artifact: exit 1

fwvk15-cv-c4: objectives passed 0/7
  obj 1: UNVERIFIABLE — no result file with finalText found
  obj 2: FAIL — task not found
  obj 3: FAIL — no task
  obj 4: FAIL — no task
  obj 5: FAIL — no task
  obj 6: FAIL — no task
  obj 7: UNVERIFIABLE — no result file with finalText found
[converge] round 4: artifact failed (exit 1, verified 0/5); anchors none
[converge] round 4 repair: /opt/node22/bin/node /home/user/sitelooper/bin/sitelooper.js repair /home/user/sitelooper/bench/results/fwvk15-cv-c4-compile/fwvk15-cv.flow.ts --var runid=fwvk15-cv-p4n{n} --converge 1 --reset-cmd "\"/opt/node22/bin/node\" \"/home/user/sitelooper/bench/reset-app.mjs\" --target vikunja" --out /home/user/sitelooper/bench/results/fwvk15-cv-c4-compile/fwvk15-cv.repaired.flow.ts --json
repairing /home/user/sitelooper/bench/results/fwvk15-cv-c4-compile/fwvk15-cv.flow.ts (8 step(s)) in /tmp/sitelooper-repair-vizamz
  reset (run 1): "/opt/node22/bin/node" "/home/user/sitelooper/bench/reset-app.mjs" --target vikunja
run 1: 8/8 step(s) success, 4 drift ticket(s)
  [OK] 01-signin (tier A)
  [OK] 02-open (tier B) — fell back: unresolved reference(s): 01-signin.visible_projects_2, 01-signin.visible_projects_2
  [OK] 03-create (tier B) — fell back: unresolved reference(s): 01-signin.visible_projects_2, 01-signin.visible_projects_2
  [OK] 04-set (tier A)
  [OK] 05-add (tier A)
  [OK] 06-add (tier A)
  [OK] 07-open (tier A)
  [OK] 08-open (tier B) — fell back: unresolved reference(s): 01-signin.visible_projects_2, 01-signin.visible_projects_2
  reset (converge 1/1): "/opt/node22/bin/node" "/home/user/sitelooper/bench/reset-app.mjs" --target vikunja
  evidence         candidate retired: page.getByRole('link', { name: 'Bench Project', exact: true }) — missed 2 run(s), never hit; now last — s_9e6344 step 2 target
  [OK] 01-signin (tier A)
  [OK] 02-open (tier B) — fell back: unresolved reference(s): 01-signin.visible_projects_2, 01-signin.visible_projects_2
  [OK] 03-create (tier B) — fell back: unresolved reference(s): 01-signin.visible_projects_2, 01-signin.visible_projects_2
  [OK] 04-set (tier A)
  [OK] 05-add (tier A)
  [OK] 06-add (tier A)
  [OK] 07-open (tier A)
  [OK] 08-open (tier B) — fell back: unresolved reference(s): 01-signin.visible_projects_2, 01-signin.visible_projects_2
converge 1/1: 8/8 step(s) success, 5 drift ticket(s)
  ticket: 01-signin s_9e6344/2 target: page.getByRole('link', { name: 'Bench Project', exact: true }) → nothing resolved
  ticket: 02-open s_3f56c3 : unresolved reference(s): 01-signin.visible_projects_2, 01-signin.visible_projects_2 → nothing resolved
  ticket: 03-create s_919c20 : unresolved reference(s): 01-signin.visible_projects_2, 01-signin.visible_projects_2 → nothing resolved
  ticket: 07-open s_0843d6/11 target: page.locator('#app > header > div:nth-of-type(1) > h1') → nothing resolved
  ticket: 08-open s_1f3718 : unresolved reference(s): 01-signin.visible_projects_2, 01-signin.visible_projects_2 → nothing resolved
not converged: 02-open (tier B — unresolved reference(s): 01-signin.visible_projects_2, 01-signin.visible_projects_2), 03-create (tier B — unresolved reference(s): 01-signin.visible_projects_2, 01-signin.visible_projects_2), 08-open (tier B — unresolved reference(s): 01-signin.visible_projects_2, 01-signin.visible_projects_2), 07-open (drift (page.locator('#app > header > div:nth-of-type(1) > h1')))
[converge] round 4 repair: exit 3
[converge] round 4 rerecord 02-open (tier B — unresolved reference(s): 01-signin.visible_projects_2, 01-signin.visible_projects_2) (repair: needs-rerecord; also named: 03-create (tier B — unresolved reference(s): 01-signin.visible_projects_2, 01-signin.visible_projects_2), 08-open (tier B — unresolved reference(s): 01-signin.visible_projects_2, 01-signin.visible_projects_2), 07-open (drift (page.locator('#app > header > div:nth-of-type(1) > h1')))): /opt/node22/bin/node /home/user/sitelooper/bin/sitelooper.js rerecord /home/user/sitelooper/bench/results/flows/fwvk15-cv.json "02-open (tier B — unresolved reference(s): 01-signin.visible_projects_2, 01-signin.visible_projects_2)" --var runid=fwvk15-cv-r4n{n} --runs 2 --reset-cmd "\"/opt/node22/bin/node\" \"/home/user/sitelooper/bench/reset-app.mjs\" --target vikunja" --json
sitelooper: flow "fwvk15-cv" has no step "02-open (tier B — unresolved reference(s): 01-signin.visible_projects_2, 01-signin.visible_projects_2)" — steps are: 01-signin, 02-open, 03-create, 04-set, 05-add, 06-add, 07-open, 08-open
[converge] round 4 rerecord 02-open (tier B — unresolved reference(s): 01-signin.visible_projects_2, 01-signin.visible_projects_2) (repair: needs-rerecord; also named: 03-create (tier B — unresolved reference(s): 01-signin.visible_projects_2, 01-signin.visible_projects_2), 08-open (tier B — unresolved reference(s): 01-signin.visible_projects_2, 01-signin.visible_projects_2), 07-open (drift (page.locator('#app > header > div:nth-of-type(1) > h1')))): exit 2
[converge] fwvk15-cv: exhausted — 4 round(s) without a passing artifact; rounds 4, flow runs 8, model turns 0
