
Running 1 test using 1 worker

[sitelooper warn] 01-open s_b230df/4: 01-open s_b230df/4: the recorded page change did not appear

01-open s_b230df/4: the recorded page change did not appear

expect(received).toBeNull()

Received: "after step 01-open s_b230df/4 none of the 1 recorded page change(s) appeared (e.g. \"- textbox \\\"e.g. •••••••••••\\\": {{*}}\") — the step ran but did not have its recorded effect"

Call Log:
- Timeout 5000ms exceeded while waiting on the predicate — the page replaced its document under this fill, so it is repeated once on the rebuilt field
[sitelooper warn] 01-open s_b230df/5: 1 field(s) this procedure filled were empty again before this click (the page replaced its document after the fills ran) — refilled once
[sitelooper step] 01-open
[sitelooper recipe] filled via recipe prosemirror/set-value (r_1ab693); value verified on the component
[sitelooper warn] 02-create s_54f888/9: read 'task_description' returned a value the skill itself set/selected ('Bench task created for run fwvk14-spec') — confirms the control, not persistence; dropped from the report's confident values
[sitelooper warn] 02-create: report value project_url is given, not observed: it is built only from the step's own parameters, and neither this run's page nor any of its reads shows it — withheld
[sitelooper step] 02-create
[sitelooper step] 03-set
[sitelooper warn] 04-add s_f7e6cd/4: read 'task_label_shown' returned a value the skill itself set/selected ('Backend') — confirms the control, not persistence; dropped from the report's confident values
[sitelooper step] 04-add
[sitelooper recipe] filled via recipe prosemirror/set-value (r_1ab693); value verified on the component
[sitelooper step] 05-add
[sitelooper warn] 06-open: report value project_url is given, not observed: it is built only from the step's own parameters, and neither this run's page nor any of its reads shows it — withheld
[sitelooper step] 06-open
  ✓  1 fwvk14.spec.ts:9:1 › fwvk14 (55.1s)

  1 passed (57.2s)
