[converge] from fwvk15: 8 step(s), store copied to /home/user/sitelooper/bench/results/fwvk15-cv3-skills, flow /home/user/sitelooper/bench/results/flows/fwvk15-cv3.json
[converge] round 1 compile: /opt/node22/bin/node /home/user/sitelooper/bin/sitelooper.js compile /home/user/sitelooper/bench/results/flows/fwvk15-cv3.json --out /home/user/sitelooper/bench/results/fwvk15-cv3-c1-compile --overwrite-spec --json
[converge] round 1 compile: exit 0
[converge] round 1 artifact: /opt/node22/bin/node /home/user/sitelooper/bench/spec-replay.mjs --flow /home/user/sitelooper/bench/results/flows/fwvk15-cv3.json --skills /home/user/sitelooper/bench/results/fwvk15-cv3-skills --tag fwvk15-cv3-c1 --target vikunja --reset --out /home/user/sitelooper/bench/results
[converge] round 1 artifact: exit 1
[converge] round 1: artifact failed (exit 1, verified 0/5); anchors 01-signin
[converge] round 1 repair: /opt/node22/bin/node /home/user/sitelooper/bin/sitelooper.js repair /home/user/sitelooper/bench/results/fwvk15-cv3-c1-compile/fwvk15-cv3.flow.ts --var runid=fwvk15-cv3-p1n{n} --converge 1 --reset-cmd "\"/opt/node22/bin/node\" \"/home/user/sitelooper/bench/reset-app.mjs\" --target vikunja" --json
[converge] round 1 repair: exit 3
[converge] round 1 rerecord 01-signin (repair: needs-rerecord; also named: 02-open, 03-create, 08-open) — asked to read visible_projects_2: /opt/node22/bin/node /home/user/sitelooper/bin/sitelooper.js rerecord /home/user/sitelooper/bench/results/flows/fwvk15-cv3.json 01-signin --var runid=fwvk15-cv3-r1n{n} --runs 2 --reset-cmd "\"/opt/node22/bin/node\" \"/home/user/sitelooper/bench/reset-app.mjs\" --target vikunja" --instruction-file /home/user/sitelooper/bench/results/fwvk15-cv3-01-signin-instruction.txt --json
[converge] round 1 rerecord 01-signin (repair: needs-rerecord; also named: 02-open, 03-create, 08-open) — asked to read visible_projects_2: exit 0
[converge] round 2 compile: /opt/node22/bin/node /home/user/sitelooper/bin/sitelooper.js compile /home/user/sitelooper/bench/results/flows/fwvk15-cv3.json --out /home/user/sitelooper/bench/results/fwvk15-cv3-c2-compile --overwrite-spec --json
[converge] round 2 compile: exit 0
[converge] round 2 artifact: /opt/node22/bin/node /home/user/sitelooper/bench/spec-replay.mjs --flow /home/user/sitelooper/bench/results/flows/fwvk15-cv3.json --skills /home/user/sitelooper/bench/results/fwvk15-cv3-skills --tag fwvk15-cv3-c2 --target vikunja --reset --out /home/user/sitelooper/bench/results
[converge] round 2 artifact: exit 1
[converge] round 2: artifact failed (exit 1, verified 0/5); anchors none
[converge] round 2 repair: /opt/node22/bin/node /home/user/sitelooper/bin/sitelooper.js repair /home/user/sitelooper/bench/results/fwvk15-cv3-c2-compile/fwvk15-cv3.flow.ts --var runid=fwvk15-cv3-p2n{n} --converge 1 --reset-cmd "\"/opt/node22/bin/node\" \"/home/user/sitelooper/bench/reset-app.mjs\" --target vikunja" --json
[converge] round 2 repair: exit 3
[converge] round 2 rerecord 03-create (repair: needs-rerecord; also named: 08-open): /opt/node22/bin/node /home/user/sitelooper/bin/sitelooper.js rerecord /home/user/sitelooper/bench/results/flows/fwvk15-cv3.json 03-create --var runid=fwvk15-cv3-r2n{n} --runs 2 --reset-cmd "\"/opt/node22/bin/node\" \"/home/user/sitelooper/bench/reset-app.mjs\" --target vikunja" --json
[converge] round 2 rerecord 03-create (repair: needs-rerecord; also named: 08-open): exit 1
[converge] round 3 compile: /opt/node22/bin/node /home/user/sitelooper/bin/sitelooper.js compile /home/user/sitelooper/bench/results/flows/fwvk15-cv3.json --out /home/user/sitelooper/bench/results/fwvk15-cv3-c3-compile --overwrite-spec --json
[converge] round 3 compile: exit 2
[converge] round 3: compile refused (blocked); rerecord steps: 03-create
[converge] round 3 rerecord 03-create (compile refusal): /opt/node22/bin/node /home/user/sitelooper/bin/sitelooper.js rerecord /home/user/sitelooper/bench/results/flows/fwvk15-cv3.json 03-create --var runid=fwvk15-cv3-r3n{n} --runs 2 --reset-cmd "\"/opt/node22/bin/node\" \"/home/user/sitelooper/bench/reset-app.mjs\" --target vikunja" --json
[converge] round 3 rerecord 03-create (compile refusal): exit 1
[converge] round 4 compile: /opt/node22/bin/node /home/user/sitelooper/bin/sitelooper.js compile /home/user/sitelooper/bench/results/flows/fwvk15-cv3.json --out /home/user/sitelooper/bench/results/fwvk15-cv3-c4-compile --overwrite-spec --json
[converge] round 4 compile: exit 2
[converge] round 4: compile refused (blocked); rerecord steps: 03-create
[converge] round 4 rerecord 03-create (compile refusal): /opt/node22/bin/node /home/user/sitelooper/bin/sitelooper.js rerecord /home/user/sitelooper/bench/results/flows/fwvk15-cv3.json 03-create --var runid=fwvk15-cv3-r4n{n} --runs 2 --reset-cmd "\"/opt/node22/bin/node\" \"/home/user/sitelooper/bench/reset-app.mjs\" --target vikunja" --json
[converge] round 4 rerecord 03-create (compile refusal): exit 1
[converge] fwvk15-cv3: exhausted — 4 round(s) without a passing artifact; rounds 4, flow runs 12, model turns 74
fwvk15-cv3: exhausted — 4 round(s) without a passing artifact; rounds 4, flow runs 12, model turns 74
