
Running 1 test using 1 worker

[sitelooper step] 01-signin
[sitelooper step] 02-report
[sitelooper recipe] filled via recipe contenteditable/set-value (r_7b1e49); value verified on the component
[sitelooper step] 03-create
[sitelooper warn] 04-edit s_928aa4/2: read 'default_location_id' returned '3' from a control this step set, and nothing committed it since — it shows the control, however the app formats it, not what the app stored; dropped from the report's confident values
[sitelooper warn] 04-edit s_928aa4/4: read 'product_group_id' returned '2' from a control this step set, and nothing committed it since — it shows the control, however the app formats it, not what the app stored; dropped from the report's confident values
[sitelooper drift] 04-edit s_928aa4/17 target: primary getByText('Pantry', { exact: true }) missed; used #2 locator('#location_id > option:nth-of-type(4)') (#1 ambiguous)
[sitelooper step] 04-edit
[sitelooper warn] 05-edit s_f1c2cf/4: read 'quantity_unit_stock_set' returned 'Pack' from a control this step set, and nothing committed it since — it shows the control, however the app formats it, not what the app stored; dropped from the report's confident values
[sitelooper warn] 05-edit s_f1c2cf/5: read 'quantity_unit_stock_set' returned 'Pack' from a control this step set, and nothing committed it since — it shows the control, however the app formats it, not what the app stored; dropped from the report's confident values
[sitelooper warn] 05-edit s_f1c2cf/6: read 'minimum_stock_amount_set' returned a value the skill itself set/selected ('4') — confirms the control, not persistence; dropped from the report's confident values
[sitelooper step] 05-edit
[sitelooper warn] 06-edit s_ee047a/2: read 'default_due_days_set' returned a value the skill itself set/selected ('30') — confirms the control, not persistence; dropped from the report's confident values
[sitelooper warn] 06-edit s_ee047a/9: read 'barcode_added' returned a value the skill itself set/selected ('hagc1-cv-spec-0001') — confirms the control, not persistence; dropped from the report's confident values
[sitelooper warn] 06-edit: report value due_days_field is only what this run typed: no click's own diff showed it outside its control and no read returned it — withheld from the report (still given to a later step)
[sitelooper warn] 06-edit: report value persisted_default_due_da is only what this run typed: no click's own diff showed it outside its control and no read returned it — withheld from the report (still given to a later step)
[sitelooper warn] 06-edit: report value persisted_default_due_days is only what this run typed: no click's own diff showed it outside its control and no read returned it — withheld from the report (still given to a later step)
[sitelooper step] 06-edit
[sitelooper warn] 07-create s_a920c5/5: read 'purchase_amount_field' returned a value the skill itself set/selected ('3') — confirms the control, not persistence; dropped from the report's confident values
[sitelooper warn] 07-create s_a920c5/6: read 'purchase_due_date' returned a value the skill itself set/selected ('2026-12-31') — confirms the control, not persistence; dropped from the report's confident values
[sitelooper drift] 07-create s_97cc85/1 target: primary getByText('hagc1-cv-spec Bench Product', { exact: true }) missed; used #3 locator('[data-sitelooper-point="491,235"]') (#1 ambiguous, #2 absent)
[sitelooper drift] 07-create s_97cc85/4 target: primary getByText('hagc1-cv-spec Bench Product', { exact: true }) missed; used #3 locator('[data-sitelooper-point="491,235"]') (#1 ambiguous, #2 absent)
[sitelooper step] 07-create
[sitelooper probe] 06-edit: http://127.0.0.1:8106/product/462517 still shows what it saved
  ✓  1 hagc1-cv.spec.ts:9:1 › hagc1-cv (1.2m)

  1 passed (1.2m)
