docker daemon not running; starting dockerd
 Image linuxserver/grocy:v4.7.1-ls343 Pulling 
 9735b91f656d Pulling fs layer 0B
 712d8f0ce999 Pulling fs layer 0B
 17614bd3a099 Pulling fs layer 0B
 532eac68b03a Pulling fs layer 0B
 14486d5a9cff Pulling fs layer 0B
 aff01718d39b Pulling fs layer 0B
 5f92eb4f9af0 Pulling fs layer 0B
 55508db52af0 Pulling fs layer 0B
 f50f060172d6 Pulling fs layer 0B
 d73a08f42f17 Pulling fs layer 0B
 f6a4c3e338ed Pulling fs layer 0B
 44136fa355b3 Download complete 0B
 f6a4c3e338ed Already exists 0B
 20ed1ef9fbec Download complete 0B
 9735b91f656d Downloading 5.243MB
 f5ed5ca21f2a Download complete 0B
 712d8f0ce999 Download complete 0B
 9735b91f656d Download complete 0B
 9735b91f656d Extracting 1B
 aff01718d39b Download complete 0B
 532eac68b03a Downloading 3.146MB
 9735b91f656d Extracting 1B
 17614bd3a099 Downloading 2.097MB
 532eac68b03a Download complete 0B
 f6a4c3e338ed Pull complete 0B
 9735b91f656d Pull complete 0B
 5f92eb4f9af0 Downloading 4.194MB
 14486d5a9cff Download complete 0B
 17614bd3a099 Downloading 6.291MB
 17614bd3a099 Downloading 10.49MB
 5f92eb4f9af0 Downloading 11.53MB
 17614bd3a099 Downloading 17.83MB
 55508db52af0 Download complete 0B
 5f92eb4f9af0 Download complete 0B
 55508db52af0 Pull complete 0B
 f50f060172d6 Download complete 0B
 d73a08f42f17 Download complete 0B
 17614bd3a099 Downloading 27.26MB
 f50f060172d6 Pull complete 0B
 d73a08f42f17 Pull complete 0B
 17614bd3a099 Downloading 36.7MB
 532eac68b03a Extracting 1B
 17614bd3a099 Downloading 44.04MB
 532eac68b03a Extracting 1B
 17614bd3a099 Downloading 50.33MB
 532eac68b03a Extracting 1B
 17614bd3a099 Downloading 58.33MB
 aff01718d39b Pull complete 0B
 532eac68b03a Pull complete 0B
 5f92eb4f9af0 Extracting 1B
 17614bd3a099 Download complete 0B
 5f92eb4f9af0 Extracting 1B
 5f92eb4f9af0 Extracting 1B
 5f92eb4f9af0 Extracting 1B
 5f92eb4f9af0 Extracting 1B
 5f92eb4f9af0 Extracting 1B
 5f92eb4f9af0 Extracting 1B
 712d8f0ce999 Pull complete 0B
 5f92eb4f9af0 Pull complete 0B
 17614bd3a099 Extracting 1B
 17614bd3a099 Extracting 1B
 17614bd3a099 Extracting 1B
 17614bd3a099 Extracting 1B
 17614bd3a099 Extracting 1B
 17614bd3a099 Extracting 1B
 17614bd3a099 Extracting 1B
 17614bd3a099 Extracting 1B
 17614bd3a099 Extracting 1B
 17614bd3a099 Extracting 1B
 17614bd3a099 Extracting 1B
 17614bd3a099 Extracting 2B
 17614bd3a099 Extracting 2B
 17614bd3a099 Extracting 2B
 17614bd3a099 Extracting 2B
 17614bd3a099 Extracting 2B
 17614bd3a099 Extracting 2B
 17614bd3a099 Extracting 2B
 17614bd3a099 Extracting 2B
 17614bd3a099 Extracting 2B
 17614bd3a099 Extracting 2B
 17614bd3a099 Extracting 3B
 17614bd3a099 Extracting 3B
 17614bd3a099 Extracting 3B
 17614bd3a099 Extracting 3B
 17614bd3a099 Extracting 3B
 17614bd3a099 Extracting 3B
 17614bd3a099 Extracting 3B
 17614bd3a099 Extracting 3B
 17614bd3a099 Extracting 3B
 17614bd3a099 Extracting 3B
 17614bd3a099 Extracting 4B
 17614bd3a099 Extracting 4B
 17614bd3a099 Extracting 4B
 17614bd3a099 Extracting 4B
 17614bd3a099 Extracting 4B
 17614bd3a099 Extracting 4B
 17614bd3a099 Extracting 4B
 17614bd3a099 Extracting 4B
 17614bd3a099 Extracting 4B
 17614bd3a099 Extracting 4B
 14486d5a9cff Pull complete 0B
 17614bd3a099 Pull complete 0B
 Image linuxserver/grocy:v4.7.1-ls343 Pulled 
 Network grocy_default Creating 
 Volume grocy_grocy-config Creating 
 Network grocy_default Creating 
 Volume grocy_grocy-config Creating 
 Volume grocy_grocy-config Created 
 Volume grocy_grocy-config Created 
 Network grocy_default Created 
 Network grocy_default Created 
 Container grocy-grocy-1 Creating 
 Container grocy-grocy-1 Created 
 Container grocy-grocy-1 Starting 
 Container grocy-grocy-1 Started 
grocy: http://127.0.0.1:8106/robots.txt answered HTTP 200
grocy: database migrated, /login answers 200
grocy admin password set
grocy API key installed
grocy API key authenticates
grocy admin signs in with the bench password
[reset] grocy: restored locations "Fridge"
[reset] grocy: seeded locations "Pantry"
[reset] grocy: seeded locations "Pantry Shelf"
[reset] grocy: seeded locations "Garage Pantry"
[reset] grocy: seeded quantity_units "Package"
[reset] grocy: seeded quantity_units "Six-pack"
[reset] grocy: seeded product_groups "Beverages"
[reset] grocy: seeded product_groups "Snacks"
[reset] grocy: seeded product_groups "Snacks & Sweets"
[reset] grocy: seeded product_groups "Healthy Snacks"
[reset] grocy: no products to delete
[reset] grocy: seeded product "Seed: Sparkling water"
[reset] grocy: seeded product "Seed: Orange juice"
[reset] grocy: seeded product "Seed: Oat milk"
[reset] grocy: product ids continue after 19008
grocy: up, seeded and reset
