
Running 1 test using 1 worker

[sitelooper skip] 01-signin s_b9d960/3 target: read target not found — value left empty
[sitelooper step] 01-signin
[sitelooper step] 02-report
[sitelooper warn] 03-create s_30fff5/9: read 'order_number' returned a value the skill itself set/selected ('PO-4471') — confirms the control, not persistence; dropped from the report's confident values
[sitelooper warn] 03-create s_30fff5/11: read 'order_date_field2' returned a value the skill itself set/selected ('11/15/2026') — confirms the control, not persistence; dropped from the report's confident values
[sitelooper warn] 03-create s_30fff5/12: read 'customer_selected' returned 'Bench Customer Ltd
Bench Customers Group
Bench Customer' from a control this step set, and nothing committed it since — it shows the control, however the app formats it, not what the app stored; dropped from the report's confident values
[sitelooper warn] 03-create s_30fff5/13: read 'project_name' returned a value the skill itself set/selected ('hakm1-cv-spec Bench Project') — confirms the control, not persistence; dropped from the report's confident values
[sitelooper warn] 03-create s_30fff5/14: read 'customer_name' returned 'Bench Customer' from a control this step set, and nothing committed it since — it shows the control, however the app formats it, not what the app stored; dropped from the report's confident values
[sitelooper warn] 03-create: report value name_field is only what this run typed: no click's own diff showed it outside its control and no read returned it — withheld from the report (still given to a later step)
[sitelooper warn] 03-create: report value saved_project_name is only what this run typed: no click's own diff showed it outside its control and no read returned it — withheld from the report (still given to a later step)
[sitelooper step] 03-create
[sitelooper drift] 04-create s_3ee2cf/3 target: used #3 locator('#timesheet_edit_form_begin_time') (#2 ambiguous)
[sitelooper drift] 04-create s_3ee2cf/4 target: used #3 locator('#timesheet_edit_form_end_time') (#2 ambiguous)
[sitelooper warn] 04-create s_3ee2cf/10: read 'initial_date_saved_before_fix' returned '10/6/2026' from a control this step set, and nothing committed it since — it shows the control, however the app formats it, not what the app stored; dropped from the report's confident values
[sitelooper warn] 04-create s_3ee2cf/13: read 'date_after_commit' returned a value the skill itself set/selected ('09/16/2026') — confirms the control, not persistence; dropped from the report's confident values
[sitelooper drift] 04-create s_3ee2cf/14 target: used #3 locator('#timesheet_edit_form_begin_time') (#2 ambiguous)
[sitelooper warn] 04-create s_3ee2cf/14: read 'start_time' returned '9:00 AM' from a control this step set, and nothing committed it since — it shows the control, however the app formats it, not what the app stored; dropped from the report's confident values
[sitelooper drift] 04-create s_3ee2cf/15 target: used #3 locator('#timesheet_edit_form_end_time') (#2 ambiguous)
[sitelooper warn] 04-create s_3ee2cf/15: read 'end_time' returned a value the skill itself set/selected ('11:30 AM') — confirms the control, not persistence; dropped from the report's confident values
[sitelooper warn] 04-create s_3ee2cf/16: read 'description_value' returned a value the skill itself set/selected ('Bench work for run hakm1-cv-spec') — confirms the control, not persistence; dropped from the report's confident values
[sitelooper skip] 04-create s_3ee2cf/18 target: read target not found — value left empty
[sitelooper skip] 04-create s_3ee2cf/19 target: read target not found — value left empty
[sitelooper skip] 04-create s_3ee2cf/20 target: read target not found — value left empty
[sitelooper skip] 04-create s_3ee2cf/21 target: read target not found — value left empty
[sitelooper skip] 04-create s_3ee2cf/22 target: read target not found — value left empty
[sitelooper warn] 04-create s_3ee2cf/34: read 'saved_record_date_in_edit_form' returned a value the skill itself set/selected ('9/16/2026') — confirms the control, not persistence; dropped from the report's confident values
[sitelooper warn] 04-create s_3ee2cf/36: read 'saved_record_date_in_edit_form' returned a value the skill itself set/selected ('9/16/2026') — confirms the control, not persistence; dropped from the report's confident values
[sitelooper warn] 04-create s_3ee2cf/41: read 'saved_record_date_in_edit_form' returned a value the skill itself set/selected ('9/16/2026') — confirms the control, not persistence; dropped from the report's confident values
[sitelooper drift] 04-create s_3ee2cf/50 target: primary getByText('hakm1-cv-spec Bench Project', { exact: true }) missed; used #2 locator('div > table > tbody > tr > td:nth-of-type(10) > span') (#1 ambiguous)
[sitelooper step] 04-create
  ✓  1 hakm1-cv.spec.ts:9:1 › hakm1-cv (1.6m)

  1 passed (1.6m)
