docker daemon not running; starting dockerd
 Image kimai/kimai2:2.68.0 Pulling 
 774043ccc8cc Pulling fs layer 0B
 8727e0514896 Pulling fs layer 0B
 901acaf9a658 Pulling fs layer 0B
 09eda18e1a63 Pulling fs layer 0B
 7e0f620286f6 Pulling fs layer 0B
 47a409e70359 Pulling fs layer 0B
 de4753aba490 Pulling fs layer 0B
 f83c43f57efe Pulling fs layer 0B
 f90d2baf3069 Pulling fs layer 0B
 4751ca6ef3e5 Pulling fs layer 0B
 c21547ded122 Pulling fs layer 0B
 70a4d921e4c0 Pulling fs layer 0B
 73223b354a6c Pulling fs layer 0B
 9235ec51e9b8 Pulling fs layer 0B
 444929004318 Pulling fs layer 0B
 1048a5166340 Pulling fs layer 0B
 47d048170acd Pulling fs layer 0B
 4f4fb700ef54 Pulling fs layer 0B
 3f0c27cabf50 Pulling fs layer 0B
 498ae0c96fc2 Pulling fs layer 0B
 2abcc18b7425 Pulling fs layer 0B
 4e7261efac31 Pulling fs layer 0B
 38b0c1ed189f Pulling fs layer 0B
 fff72cecca67 Pulling fs layer 0B
 bb2e5d85e237 Pulling fs layer 0B
 2bbf4c5778f4 Pulling fs layer 0B
 02f5abd15045 Pulling fs layer 0B
 e3d81cdad007 Pulling fs layer 0B
 9d3f2e2f9ab9 Pulling fs layer 0B
 ab038a692b65 Pulling fs layer 0B
 db1494d1895d Pulling fs layer 0B
 881d33783e03 Pulling fs layer 0B
 05002b1de797 Pulling fs layer 0B
 ae2ea6a814f4 Pulling fs layer 0B
 4f4fb700ef54 Pulling fs layer 0B
 83cb1c26e477 Pulling fs layer 0B
 41332595c33f Pulling fs layer 0B
 6ecaf3493cd3 Pulling fs layer 0B
 44136fa355b3 Download complete 0B
 2bd624236922 Download complete 0B
 e3d81cdad007 Download complete 0B
 05002b1de797 Download complete 0B
 9d3f2e2f9ab9 Download complete 0B
 881d33783e03 Download complete 0B
 db1494d1895d Downloading 3.146MB
 41332595c33f Download complete 0B
 db1494d1895d Downloading 6.291MB
 ae2ea6a814f4 Downloading 5.243MB
 db1494d1895d Downloading 10.49MB
 ae2ea6a814f4 Downloading 8.389MB
 db1494d1895d Downloading 16.78MB
 ae2ea6a814f4 Downloading 14.68MB
 db1494d1895d Downloading 25.17MB
 ae2ea6a814f4 Download complete 0B
 ab038a692b65 Download complete 0B
 6ecaf3493cd3 Downloading 217B
 db1494d1895d Downloading 32.51MB
 6ecaf3493cd3 Download complete 0B
 db1494d1895d Downloading 42.99MB
 4f4fb700ef54 Download complete 0B
 3f0c27cabf50 Downloading 13.36kB
 db1494d1895d Downloading 51.38MB
 83cb1c26e477 Download complete 0B
 3f0c27cabf50 Download complete 0B
 db1494d1895d Downloading 59.77MB
 db1494d1895d Downloading 66.06MB
 9235ec51e9b8 Downloading 248B
 73223b354a6c Download complete 0B
 9235ec51e9b8 Download complete 0B
 db1494d1895d Downloading 75.5MB
 db1494d1895d Downloading 81.79MB
 444929004318 Download complete 0B
 db1494d1895d Downloading 87.03MB
 38b0c1ed189f Download complete 0B
 db1494d1895d Downloading 93.32MB
 db1494d1895d Downloading 102.8MB
 2abcc18b7425 Downloading 4.194MB
 db1494d1895d Downloading 104.4MB
 2abcc18b7425 Downloading 11.53MB
 774043ccc8cc Downloading 1.049MB
 db1494d1895d Download complete 0B
 774043ccc8cc Downloading 9.437MB
 2abcc18b7425 Download complete 0B
 774043ccc8cc Downloading 16.78MB
 4e7261efac31 Download complete 0B
 901acaf9a658 Downloading 1.049MB
 901acaf9a658 Downloading 3.146MB
 774043ccc8cc Downloading 27.26MB
 774043ccc8cc Download complete 0B
 47d048170acd Download complete 0B
 901acaf9a658 Downloading 6.291MB
 774043ccc8cc Extracting 1B
 fff72cecca67 Download complete 0B
 8727e0514896 Download complete 0B
 901acaf9a658 Downloading 10.49MB
 774043ccc8cc Extracting 1B
 1048a5166340 Download complete 0B
 901acaf9a658 Download complete 0B
 09eda18e1a63 Download complete 0B
 774043ccc8cc Extracting 1B
 47a409e70359 Downloading 6.291MB
 774043ccc8cc Extracting 1B
 498ae0c96fc2 Download complete 0B
 47a409e70359 Downloading 12.75MB
 774043ccc8cc Extracting 1B
 02f5abd15045 Download complete 0B
 7e0f620286f6 Download complete 0B
 47a409e70359 Download complete 0B
 f83c43f57efe Download complete 0B
 774043ccc8cc Extracting 1B
 774043ccc8cc Extracting 1B
 2bbf4c5778f4 Download complete 0B
 bb2e5d85e237 Download complete 0B
 774043ccc8cc Extracting 1B
 774043ccc8cc Extracting 1B
 c21547ded122 Download complete 0B
 de4753aba490 Downloading 1.049MB
 70a4d921e4c0 Download complete 0B
 774043ccc8cc Extracting 1B
 de4753aba490 Downloading 9.437MB
 4751ca6ef3e5 Download complete 0B
 f90d2baf3069 Download complete 0B
 774043ccc8cc Extracting 1B
 de4753aba490 Downloading 15.73MB
 774043ccc8cc Extracting 2B
 de4753aba490 Downloading 20.97MB
 774043ccc8cc Extracting 2B
 de4753aba490 Downloading 27.26MB
 774043ccc8cc Extracting 2B
 de4753aba490 Downloading 32.51MB
 774043ccc8cc Extracting 2B
 de4753aba490 Downloading 39.85MB
 774043ccc8cc Pull complete 0B
 de4753aba490 Downloading 46.14MB
 9d3f2e2f9ab9 Pull complete 0B
 db1494d1895d Extracting 1B
 de4753aba490 Downloading 53.48MB
 db1494d1895d Extracting 1B
 de4753aba490 Downloading 61.87MB
 db1494d1895d Extracting 1B
 de4753aba490 Downloading 72.35MB
 db1494d1895d Extracting 1B
 de4753aba490 Downloading 81.79MB
 db1494d1895d Extracting 1B
 de4753aba490 Downloading 86.42MB
 db1494d1895d Extracting 1B
 de4753aba490 Download complete 0B
 db1494d1895d Extracting 1B
 db1494d1895d Extracting 1B
 db1494d1895d Extracting 1B
 db1494d1895d Extracting 1B
 db1494d1895d Extracting 1B
 db1494d1895d Extracting 2B
 db1494d1895d Extracting 2B
 db1494d1895d Extracting 2B
 db1494d1895d Extracting 2B
 db1494d1895d Extracting 2B
 db1494d1895d Extracting 2B
 db1494d1895d Extracting 2B
 db1494d1895d Extracting 2B
 db1494d1895d Extracting 2B
 db1494d1895d Extracting 2B
 db1494d1895d Extracting 3B
 db1494d1895d Extracting 3B
 db1494d1895d Extracting 3B
 db1494d1895d Extracting 3B
 db1494d1895d Extracting 3B
 db1494d1895d Extracting 3B
 db1494d1895d Extracting 3B
 db1494d1895d Extracting 3B
 db1494d1895d Extracting 3B
 db1494d1895d Extracting 3B
 db1494d1895d Extracting 4B
 db1494d1895d Extracting 4B
 db1494d1895d Extracting 4B
 db1494d1895d Extracting 4B
 db1494d1895d Extracting 4B
 db1494d1895d Extracting 4B
 db1494d1895d Extracting 4B
 db1494d1895d Extracting 4B
 db1494d1895d Extracting 4B
 db1494d1895d Extracting 4B
 db1494d1895d Extracting 5B
 db1494d1895d Extracting 5B
 db1494d1895d Extracting 5B
 db1494d1895d Extracting 5B
 db1494d1895d Extracting 5B
 db1494d1895d Extracting 5B
 db1494d1895d Pull complete 0B
 881d33783e03 Pull complete 0B
 ae2ea6a814f4 Extracting 1B
 ae2ea6a814f4 Extracting 1B
 ae2ea6a814f4 Extracting 1B
 ae2ea6a814f4 Extracting 1B
 ae2ea6a814f4 Extracting 1B
 ae2ea6a814f4 Extracting 1B
 ae2ea6a814f4 Extracting 1B
 ae2ea6a814f4 Extracting 1B
 ae2ea6a814f4 Extracting 1B
 ae2ea6a814f4 Extracting 1B
 ae2ea6a814f4 Extracting 2B
 7e0f620286f6 Pull complete 0B
 ae2ea6a814f4 Pull complete 0B
 8727e0514896 Pull complete 0B
 47a409e70359 Extracting 1B
 09eda18e1a63 Extracting 1B
 47a409e70359 Pull complete 0B
 901acaf9a658 Extracting 1B
 09eda18e1a63 Pull complete 0B
 901acaf9a658 Extracting 1B
 901acaf9a658 Extracting 1B
 901acaf9a658 Extracting 1B
 901acaf9a658 Extracting 1B
 901acaf9a658 Extracting 1B
 901acaf9a658 Extracting 1B
 901acaf9a658 Extracting 1B
 901acaf9a658 Extracting 1B
 901acaf9a658 Extracting 1B
 901acaf9a658 Extracting 2B
 901acaf9a658 Extracting 2B
 901acaf9a658 Pull complete 0B
 f90d2baf3069 Pull complete 0B
 4f4fb700ef54 Pull complete 0B
 444929004318 Pull complete 0B
 2abcc18b7425 Extracting 1B
 f83c43f57efe Pull complete 0B
 4751ca6ef3e5 Pull complete 0B
 2abcc18b7425 Extracting 1B
 2abcc18b7425 Extracting 1B
 2abcc18b7425 Extracting 1B
 2abcc18b7425 Extracting 1B
 2abcc18b7425 Extracting 1B
 2abcc18b7425 Extracting 1B
 41332595c33f Pull complete 0B
 6ecaf3493cd3 Pull complete 0B
 2abcc18b7425 Pull complete 0B
 70a4d921e4c0 Pull complete 0B
 83cb1c26e477 Pull complete 0B
 3f0c27cabf50 Pull complete 0B
 73223b354a6c Pull complete 0B
 9235ec51e9b8 Pull complete 0B
 38b0c1ed189f Extracting 1B
 4e7261efac31 Pull complete 0B
 47d048170acd Pull complete 0B
 02f5abd15045 Pull complete 0B
 bb2e5d85e237 Pull complete 0B
 c21547ded122 Pull complete 0B
 05002b1de797 Pull complete 0B
 ab038a692b65 Extracting 1B
 38b0c1ed189f Pull complete 0B
 fff72cecca67 Pull complete 0B
 1048a5166340 Pull complete 0B
 498ae0c96fc2 Pull complete 0B
 2bbf4c5778f4 Pull complete 0B
 ab038a692b65 Extracting 1B
 ab038a692b65 Extracting 1B
 ab038a692b65 Extracting 1B
 ab038a692b65 Extracting 1B
 e3d81cdad007 Pull complete 0B
 ab038a692b65 Pull complete 0B
 de4753aba490 Extracting 1B
 de4753aba490 Extracting 1B
 de4753aba490 Extracting 1B
 de4753aba490 Extracting 1B
 de4753aba490 Extracting 1B
 de4753aba490 Extracting 1B
 de4753aba490 Extracting 1B
 de4753aba490 Extracting 1B
 de4753aba490 Extracting 1B
 de4753aba490 Extracting 1B
 de4753aba490 Extracting 1B
 de4753aba490 Extracting 2B
 de4753aba490 Extracting 2B
 de4753aba490 Extracting 2B
 de4753aba490 Extracting 2B
 de4753aba490 Extracting 2B
 de4753aba490 Extracting 2B
 de4753aba490 Extracting 2B
 de4753aba490 Extracting 2B
 de4753aba490 Extracting 2B
 de4753aba490 Extracting 3B
 de4753aba490 Extracting 3B
 de4753aba490 Extracting 3B
 de4753aba490 Extracting 3B
 de4753aba490 Extracting 3B
 de4753aba490 Extracting 3B
 de4753aba490 Extracting 3B
 de4753aba490 Extracting 3B
 de4753aba490 Extracting 3B
 de4753aba490 Extracting 3B
 de4753aba490 Extracting 3B
 de4753aba490 Extracting 4B
 de4753aba490 Extracting 4B
 de4753aba490 Extracting 4B
 de4753aba490 Extracting 4B
 de4753aba490 Extracting 4B
 de4753aba490 Extracting 4B
 de4753aba490 Extracting 4B
 de4753aba490 Extracting 4B
 de4753aba490 Extracting 4B
 de4753aba490 Extracting 4B
 de4753aba490 Extracting 5B
 de4753aba490 Extracting 5B
 de4753aba490 Extracting 5B
 de4753aba490 Extracting 5B
 de4753aba490 Extracting 5B
 de4753aba490 Extracting 5B
 de4753aba490 Extracting 5B
 de4753aba490 Extracting 5B
 de4753aba490 Extracting 5B
 de4753aba490 Extracting 6B
 de4753aba490 Extracting 6B
 de4753aba490 Extracting 6B
 de4753aba490 Extracting 6B
 de4753aba490 Extracting 6B
 de4753aba490 Extracting 6B
 de4753aba490 Pull complete 0B
 Image kimai/kimai2:2.68.0 Pulled 
 Volume kimai_kimai-plugins Creating 
 Volume kimai_kimai-plugins Creating 
 Volume kimai_kimai-db Creating 
 Volume kimai_kimai-db Creating 
 Network kimai_default Creating 
 Network kimai_default Creating 
 Volume kimai_kimai-data Creating 
 Volume kimai_kimai-data Creating 
 Volume kimai_kimai-plugins Created 
 Volume kimai_kimai-plugins Created 
 Volume kimai_kimai-db Created 
 Volume kimai_kimai-db Created 
 Volume kimai_kimai-data Created 
 Volume kimai_kimai-data Created 
 Network kimai_default Created 
 Network kimai_default Created 
 Container kimai-db-1 Creating 
 Container kimai-db-1 Created 
 Container kimai-kimai-1 Creating 
 Container kimai-kimai-1 Created 
 Container kimai-db-1 Starting 
 Container kimai-db-1 Started 
 Container kimai-db-1 Waiting 
 Container kimai-db-1 Healthy 
 Container kimai-kimai-1 Starting 
 Container kimai-kimai-1 Started 
kimai: http://127.0.0.1:8105/en/login answered HTTP 200
kimai admin is admin / admin@example.com, enabled, bench password set
kimai API token, wizard, timezone and project ids set
kimai API token authenticates
[reset] kimai: no timesheets to delete
[reset] kimai: seeded customer "Bench Customer"
[reset] kimai: seeded customer "Bench Customer Ltd"
[reset] kimai: seeded customer "Bench Customers Group"
[reset] kimai: no projects to delete
[reset] kimai: seeded project "Seed: Website relaunch"
[reset] kimai: seeded project "Seed: Annual audit"
[reset] kimai: seeded project "Seed: Office move"
[reset] kimai: seeded activity "Consulting"
[reset] kimai: seeded activity "Consulting Travel"
[reset] kimai: seeded activity "Consultancy Review"
[reset] kimai: seeded tag "onsite"
[reset] kimai: seeded tag "onsite-remote"
[reset] kimai: seeded tag "offsite"
kimai: up, seeded and reset
