
Running 1 test using 1 worker

[sitelooper step] 01-signin
[sitelooper step] 02-find
[sitelooper warn] 03-create s_65adf6/5: read 'selected_customer_value' returned '1' from a control this step set, and nothing committed it since — it shows the control, however the app formats it, not what the app stored; dropped from the report's confident values
[sitelooper warn] 03-create s_65adf6/6: read 'selected_customer_text' returned 'Bench Customer Ltd
Bench Customers Group
Bench Customer' from a control this step set, and nothing committed it since — it shows the control, however the app formats it, not what the app stored; dropped from the report's confident values
[sitelooper warn] 03-create s_65adf6/7: read 'selected_customer_name' returned 'Bench Customer' from a control this step set, and nothing committed it since — it shows the control, however the app formats it, not what the app stored; dropped from the report's confident values
[sitelooper warn] 03-create s_65adf6/8: read 'selected_customer_value' returned '1' from a control this step set, and nothing committed it since — it shows the control, however the app formats it, not what the app stored; dropped from the report's confident values
[sitelooper step] 03-create
[sitelooper skip] 04-edit s_195dc9/2: recorded popup already showing — click skipped
[sitelooper warn] 04-edit s_195dc9/6: read 'order_number' returned a value the skill itself set/selected ('PO-4471') — confirms the control, not persistence; dropped from the report's confident values
[sitelooper warn] 04-edit s_195dc9/7: read 'order_date_iso' returned a value the skill itself set/selected ('2026-11-15') — confirms the control, not persistence; dropped from the report's confident values
[sitelooper warn] 04-edit s_195dc9/11: read 'order_number' returned a value the skill itself set/selected ('PO-4471') — confirms the control, not persistence; dropped from the report's confident values
[sitelooper warn] 04-edit s_195dc9/13: read 'order_date_displayed' returned a value the skill itself set/selected ('11/15/2026') — confirms the control, not persistence; dropped from the report's confident values
[sitelooper warn] 04-edit s_195dc9/14: read 'order_number' returned a value the skill itself set/selected ('PO-4471') — confirms the control, not persistence; dropped from the report's confident values
[sitelooper warn] 04-edit s_195dc9/19: read 'order_number' returned a value the skill itself set/selected ('PO-4471') — confirms the control, not persistence; dropped from the report's confident values
[sitelooper warn] 04-edit s_195dc9/25: read 'order_number' returned a value the skill itself set/selected ('PO-4471') — confirms the control, not persistence; dropped from the report's confident values
[sitelooper warn] 04-edit s_195dc9/28: read 'order_date_displayed' returned a value the skill itself set/selected ('11/15/2026') — confirms the control, not persistence; dropped from the report's confident values
[sitelooper warn] 04-edit s_195dc9/32: read 'order_number' returned a value the skill itself set/selected ('PO-4471') — confirms the control, not persistence; dropped from the report's confident values
[sitelooper warn] 04-edit s_195dc9/33: read 'order_date_displayed' returned a value the skill itself set/selected ('11/15/2026') — confirms the control, not persistence; dropped from the report's confident values
[sitelooper warn] 04-edit s_195dc9/37: read 'order_date_displayed' returned a value the skill itself set/selected ('11/15/2026') — confirms the control, not persistence; dropped from the report's confident values
[sitelooper warn] 04-edit s_195dc9/38: read 'order_number' returned a value the skill itself set/selected ('PO-4471') — confirms the control, not persistence; dropped from the report's confident values
[sitelooper step] 04-edit
[sitelooper drift] 05-create s_06578c/6 target: used #3 locator('#timesheet_edit_form_begin_time') (#2 ambiguous)
[sitelooper warn] step 05-create s_06578c/9: none of the 1 expected page change(s) appeared in the step diff (found on the page instead)
  ✘  1 hakm3-cv.spec.ts:9:1 › hakm3-cv (53.9s)


  1) hakm3-cv.spec.ts:9:1 › hakm3-cv › 05-create: Create and save exactly one Kimai timesheet entry for project '{{runid}} Bench Project' on 2026-09-16 from 09:00 to 11:30. Set description to {{04-edit.order_date_input_type}} that includes exact runid '{{runid}}'. Choose the existing exact activity 'Consulting' (not 'Consulting Travel' or 'Consultancy Review') and set its only tag to the existing exact tag 'onsite' (do not create a tag and do not select similar tags). Save once, then verify the saved timesheet entry and report date, start/end times, description, project, activity, and all tags. 

    TypeError: Cannot read properties of undefined (reading 'nth')

       at hakm3-cv.flow.ts:24958

      24956 |             const hit11 = await pickOrNavigate(page, [
      24957 |               { locator: page.locator('role=option[name="onsite"] >> nth=0'), index: 0, structural: true, kind: 'css', carries: JSON.stringify({ kind: 'css', selector: 'role=option[name="onsite"] >> nth=0' }) },
    > 24958 |               { locator: undefined.nth(0), index: 1, structural: true, kind: '{{v3}}', carries: JSON.stringify({ kind: `${p.v3}`, text: 'onsite', nth: 0 }), nth: 0 },
            |                                    ^
      24959 |               { locator: page.locator('#timesheet_edit_form_tags > option:nth-of-type(2)'), index: 2, structural: true, kind: 'css', carries: JSON.stringify({ kind: 'css', selector: '#timesheet_edit_form_tags > option:nth-of-type(2)' }) },
      24960 |             ], '05-create s_06578c/13 target', { stayOnOrigin: 'http://127.0.0.1:8105', waitMs: RESOLVE_WAIT_MS }, 'http://127.0.0.1:8105/en/timesheet/', p, { drift: run.drift });
      24961 |             if (!hit11) return { status: 'skipped' };
        at Object.act (/home/user/sitelooper/bench/results/hakm3-cv-spec-spec-tmp/hakm3-cv.flow.ts:24958:36)
        at runStepLifecycle (/home/user/sitelooper/bench/results/hakm3-cv-spec-spec-tmp/hakm3-cv.flow.ts:16194:31)
        at Object.05-create (/home/user/sitelooper/bench/results/hakm3-cv-spec-spec-tmp/hakm3-cv.flow.ts:24944:9)
        at /home/user/sitelooper/bench/results/hakm3-cv-spec-spec-tmp/hakm3-cv.flow.ts:27600:7
        at runFlow (/home/user/sitelooper/bench/results/hakm3-cv-spec-spec-tmp/hakm3-cv.flow.ts:27599:5)
        at /home/user/sitelooper/bench/results/hakm3-cv-spec-spec-tmp/hakm3-cv.spec.ts:14:21

    attachment #2: sitelooper-drift (text/plain) ───────────────────────────────────────────────────
    [sitelooper drift] 05-create s_06578c/6 target: used #3 locator('#timesheet_edit_form_begin_time') (#2 ambiguous)
    ────────────────────────────────────────────────────────────────────────────────────────────────

    attachment #3: screenshot (image/png) ──────────────────────────────────────────────────────────
    test-results/hakm3-cv-hakm3-cv/test-failed-1.png
    ────────────────────────────────────────────────────────────────────────────────────────────────

    Error Context: test-results/hakm3-cv-hakm3-cv/error-context.md

  1 failed
    hakm3-cv.spec.ts:9:1 › hakm3-cv ────────────────────────────────────────────────────────────────
