docker daemon not running; starting dockerd
 Image ghcr.io/plankanban/planka:2.2.1 Pulling 
 Image postgres:16-alpine Pulling 
 a86fca0bf1df Pulling fs layer 0B
 a5a5ebef9f59 Pulling fs layer 0B
 491cdbc0471e Pulling fs layer 0B
 8bb598a3a135 Pulling fs layer 0B
 55afa1ecc21d Pulling fs layer 0B
 08d42cdba493 Pulling fs layer 0B
 4a7016f72779 Pulling fs layer 0B
 ebd1d41ad7af Pulling fs layer 0B
 e27d3f3e3cb6 Pulling fs layer 0B
 0ed7203ed273 Pulling fs layer 0B
 be46383e4e31 Pulling fs layer 0B
 a491cdd672c4 Pulling fs layer 0B
 cc2623a51d3b Download complete 0B
 491cdbc0471e Downloading 3.146MB
 491cdbc0471e Downloading 9.437MB
 491cdbc0471e Downloading 19.92MB
 a86fca0bf1df Downloading 2.097MB
 491cdbc0471e Download complete 0B
 a86fca0bf1df Downloading 10.49MB
 a5a5ebef9f59 Downloading 6.291MB
 a86fca0bf1df Downloading 10.49MB
 a5a5ebef9f59 Downloading 15.73MB
 a5a5ebef9f59 Downloading 26.21MB
 a86fca0bf1df Downloading 10.49MB
 a5a5ebef9f59 Downloading 36.7MB
 a86fca0bf1df Download complete 0B
 a491cdd672c4 Download complete 0B
 a5a5ebef9f59 Download complete 0B
 55afa1ecc21d Download complete 0B
 55afa1ecc21d Extracting 1B
 ebd1d41ad7af Download complete 0B
 0ed7203ed273 Download complete 0B
 e27d3f3e3cb6 Download complete 0B
 55afa1ecc21d Pull complete 0B
 be46383e4e31 Download complete 0B
 08d42cdba493 Downloading 8.389MB
 4a7016f72779 Download complete 0B
 8bb598a3a135 Downloading 2.724kB
 08d42cdba493 Downloading 16.78MB
 8bb598a3a135 Download complete 0B
 08d42cdba493 Downloading 26.21MB
 08d42cdba493 Downloading 35.65MB
 08d42cdba493 Downloading 46.14MB
 08d42cdba493 Downloading 53.1MB
 08d42cdba493 Download complete 0B
 08d42cdba493 Extracting 1B
 08d42cdba493 Extracting 1B
 509688edf37b Pulling fs layer 0B
 3ae6141cfd99 Pulling fs layer 0B
 1b7f9cd581ee Pulling fs layer 0B
 210b280f9556 Pulling fs layer 0B
 81717818649a Pulling fs layer 0B
 e2de96513ba9 Pulling fs layer 0B
 d8d21be4bf02 Pulling fs layer 0B
 25b77f59fd95 Pulling fs layer 0B
 6c25da34e03f Pulling fs layer 0B
 6117bd39f23f Pulling fs layer 0B
 a88782f92806 Pulling fs layer 0B
 08d42cdba493 Extracting 1B
 08d42cdba493 Extracting 1B
 021b01ea4cc2 Download complete 0B
 08d42cdba493 Extracting 1B
 6c25da34e03f Download complete 0B
 e6b147246a89 Download complete 0B
 509688edf37b Download complete 0B
 08d42cdba493 Extracting 1B
 81717818649a Download complete 0B
 3ae6141cfd99 Download complete 0B
 08d42cdba493 Extracting 1B
 e2de96513ba9 Downloading 1.049MB
 08d42cdba493 Extracting 1B
 e2de96513ba9 Download complete 0B
 1b7f9cd581ee Download complete 0B
 6117bd39f23f Download complete 0B
 e2de96513ba9 Extracting 1B
 08d42cdba493 Extracting 1B
 a88782f92806 Download complete 0B
 e2de96513ba9 Extracting 1B
 08d42cdba493 Extracting 1B
 d8d21be4bf02 Download complete 0B
 210b280f9556 Download complete 0B
 25b77f59fd95 Downloading 1.049MB
 e2de96513ba9 Pull complete 0B
 1b7f9cd581ee Pull complete 0B
 210b280f9556 Extracting 1B
 08d42cdba493 Extracting 2B
 25b77f59fd95 Downloading 6.291MB
 210b280f9556 Pull complete 0B
 08d42cdba493 Extracting 2B
 25b77f59fd95 Downloading 14.68MB
 81717818649a Pull complete 0B
 3ae6141cfd99 Pull complete 0B
 08d42cdba493 Extracting 2B
 25b77f59fd95 Downloading 20.97MB
 08d42cdba493 Extracting 2B
 25b77f59fd95 Downloading 29.36MB
 08d42cdba493 Extracting 2B
 25b77f59fd95 Downloading 38.8MB
 08d42cdba493 Extracting 2B
 25b77f59fd95 Downloading 47.19MB
 08d42cdba493 Extracting 2B
 25b77f59fd95 Downloading 55.57MB
 08d42cdba493 Extracting 2B
 25b77f59fd95 Downloading 65.01MB
 08d42cdba493 Extracting 2B
 25b77f59fd95 Downloading 76.55MB
 08d42cdba493 Extracting 2B
 25b77f59fd95 Downloading 85.98MB
 08d42cdba493 Extracting 2B
 25b77f59fd95 Downloading 97.52MB
 08d42cdba493 Extracting 3B
 25b77f59fd95 Downloading 108MB
 4a7016f72779 Extracting 1B
 08d42cdba493 Pull complete 0B
 25b77f59fd95 Downloading 111.3MB
 4a7016f72779 Extracting 1B
 25b77f59fd95 Download complete 0B
 491cdbc0471e Extracting 1B
 25b77f59fd95 Extracting 1B
 e27d3f3e3cb6 Pull complete 0B
 4a7016f72779 Pull complete 0B
 491cdbc0471e Extracting 1B
 25b77f59fd95 Extracting 1B
 491cdbc0471e Extracting 1B
 25b77f59fd95 Extracting 1B
 491cdbc0471e Extracting 1B
 25b77f59fd95 Extracting 1B
 491cdbc0471e Extracting 1B
 25b77f59fd95 Extracting 1B
 491cdbc0471e Extracting 1B
 25b77f59fd95 Extracting 1B
 491cdbc0471e Extracting 1B
 25b77f59fd95 Extracting 1B
 491cdbc0471e Extracting 1B
 25b77f59fd95 Extracting 1B
 491cdbc0471e Extracting 1B
 25b77f59fd95 Extracting 1B
 491cdbc0471e Pull complete 0B
 a491cdd672c4 Pull complete 0B
 a5a5ebef9f59 Extracting 1B
 25b77f59fd95 Extracting 1B
 0ed7203ed273 Pull complete 0B
 8bb598a3a135 Pull complete 0B
 a5a5ebef9f59 Extracting 1B
 25b77f59fd95 Extracting 1B
 a5a5ebef9f59 Extracting 1B
 25b77f59fd95 Extracting 2B
 a5a5ebef9f59 Extracting 1B
 25b77f59fd95 Extracting 2B
 a5a5ebef9f59 Extracting 1B
 25b77f59fd95 Extracting 2B
 a5a5ebef9f59 Extracting 1B
 25b77f59fd95 Extracting 2B
 a5a5ebef9f59 Extracting 1B
 25b77f59fd95 Extracting 2B
 a5a5ebef9f59 Extracting 1B
 25b77f59fd95 Extracting 2B
 a5a5ebef9f59 Extracting 1B
 25b77f59fd95 Extracting 2B
 a5a5ebef9f59 Extracting 1B
 25b77f59fd95 Extracting 2B
 a5a5ebef9f59 Extracting 2B
 25b77f59fd95 Extracting 2B
 a5a5ebef9f59 Extracting 2B
 25b77f59fd95 Extracting 3B
 a5a5ebef9f59 Extracting 2B
 25b77f59fd95 Extracting 3B
 a5a5ebef9f59 Extracting 2B
 25b77f59fd95 Extracting 3B
 a5a5ebef9f59 Extracting 2B
 25b77f59fd95 Extracting 3B
 a5a5ebef9f59 Extracting 2B
 25b77f59fd95 Extracting 3B
 a5a5ebef9f59 Extracting 2B
 25b77f59fd95 Extracting 3B
 a5a5ebef9f59 Extracting 2B
 25b77f59fd95 Extracting 3B
 a5a5ebef9f59 Extracting 2B
 25b77f59fd95 Extracting 3B
 a5a5ebef9f59 Extracting 2B
 25b77f59fd95 Extracting 3B
 a5a5ebef9f59 Extracting 2B
 25b77f59fd95 Extracting 3B
 a5a5ebef9f59 Extracting 3B
 25b77f59fd95 Extracting 3B
 a5a5ebef9f59 Extracting 3B
 25b77f59fd95 Extracting 4B
 a5a5ebef9f59 Extracting 3B
 25b77f59fd95 Extracting 4B
 a5a5ebef9f59 Extracting 3B
 25b77f59fd95 Extracting 4B
 a5a5ebef9f59 Extracting 3B
 25b77f59fd95 Extracting 4B
 a5a5ebef9f59 Extracting 3B
 25b77f59fd95 Extracting 4B
 a5a5ebef9f59 Extracting 3B
 25b77f59fd95 Extracting 4B
 a5a5ebef9f59 Extracting 3B
 25b77f59fd95 Extracting 4B
 a5a5ebef9f59 Extracting 3B
 25b77f59fd95 Extracting 4B
 a5a5ebef9f59 Extracting 3B
 25b77f59fd95 Extracting 4B
 a5a5ebef9f59 Pull complete 0B
 ebd1d41ad7af Extracting 1B
 25b77f59fd95 Extracting 4B
 ebd1d41ad7af Pull complete 0B
 be46383e4e31 Extracting 1B
 25b77f59fd95 Extracting 5B
 be46383e4e31 Extracting 1B
 25b77f59fd95 Extracting 5B
 6c25da34e03f Pull complete 0B
 be46383e4e31 Extracting 1B
 6117bd39f23f Pull complete 0B
 a88782f92806 Pull complete 0B
 d8d21be4bf02 Pull complete 0B
 25b77f59fd95 Pull complete 0B
 509688edf37b Pull complete 0B
 Image postgres:16-alpine Pulled 
 a86fca0bf1df Extracting 1B
 be46383e4e31 Pull complete 0B
 a86fca0bf1df Extracting 1B
 a86fca0bf1df Extracting 1B
 a86fca0bf1df Extracting 1B
 a86fca0bf1df Extracting 1B
 a86fca0bf1df Extracting 1B
 a86fca0bf1df Pull complete 0B
 Image ghcr.io/plankanban/planka:2.2.1 Pulled 
 Network planka_default Creating 
 Network planka_default Creating 
 Volume planka_planka-data Creating 
 Volume planka_planka-data Creating 
 Volume planka_planka-db Creating 
 Volume planka_planka-db Creating 
 Volume planka_planka-db Created 
 Volume planka_planka-db Created 
 Volume planka_planka-data Created 
 Volume planka_planka-data Created 
 Network planka_default Created 
 Network planka_default Created 
 Container planka-postgres-1 Creating 
 Container planka-postgres-1 Created 
 Container planka-planka-1 Creating 
 Container planka-planka-1 Created 
 Container planka-postgres-1 Starting 
 Container planka-postgres-1 Started 
 Container planka-postgres-1 Waiting 
 Container planka-postgres-1 Healthy 
 Container planka-planka-1 Starting 
 Container planka-planka-1 Started 
planka: http://127.0.0.1:8104/ answered HTTP 200
[reset] planka: accepted the terms for the admin (first sign-in)
[reset] planka: created user "Bench Tester"
[reset] planka: created user "Bench Tester Lead"
[reset] planka: created project "Bench Project"
[reset] planka: created board "Bench Board"
[reset] planka: added board member #1879838313427239939
[reset] planka: added board member #1879838314215769092
[reset] planka: no cards to delete
[reset] planka: created list "To Do"
[reset] planka: created list "In Progress"
[reset] planka: created list "Done"
[reset] planka: created label "Hardware"
[reset] planka: created label "Hardware Return"
[reset] planka: created label "Hardware Spares"
[reset] planka: created label "Software"
[reset] planka: created label "Network"
[reset] planka: seeded card "Seed: Replace the office router"
[reset] planka: seeded card "Seed: Order spare keyboards"
[reset] planka: seeded card "Seed: Renew the domain name"
planka: up, seeded and reset
