[spec-replay] resetting kimai
[reset] kimai: no timesheets to delete
[reset] kimai: no projects to delete
[spec-replay] compiling: /opt/node22/bin/node /tmp/before/bin/sitelooper.js compile bench/results/flows/hbkm2.json --out /tmp/before/bench/results/hbkm2-spec-spec-tmp --overwrite-spec
facts http://127.0.0.1:8105: 64 relied (26 hard), 46 advisory
warning a component recipe is demoted in the store, and the compiled artifact omits it for good
  why: aria-combobox/select-option: seed recipe r_1e0f2f is demoted in the component store (2 consecutive verification failures); the snapshot omits it. The snapshot is compile-time state: the daemon keeps validating, learning and demoting after this file is written; the artifact runs what it was given.
  fix: record the widget again with the daemon to learn a working recipe, then recompile
warning a component family has no usable recipe, so the compiled artifact drives it with the native primitive for good
  why: aria-combobox/select-option: no usable recipe; the artifact falls back to the native primitive on this family, as the daemon does today. The snapshot is compile-time state: the daemon keeps validating, learning and demoting after this file is written; the artifact runs what it was given.
  fix: record the widget again with the daemon to learn a working recipe, then recompile
warning 03-create: it has no converged procedure, so the compiled spec throws here
  why: nothing in the store resolves to a recorded procedure for this step; the emitted body is a throw, not a silent skip.
  fix: sitelooper rerecord bench/results/flows/hbkm2.json 03-create
error 04-verify: it is pinned to the demoted skill s_92a95c — the compiled spec inherits a procedure whose last replays failed at the same step
  why: s_92a95c is demoted: 1 of 3 replays succeeded; replay failed at step 1 on 2 of them; the demotion was two consecutive failures at step 1; last used 2026-10-06T12:49:21.827Z.
  fix: sitelooper rerecord bench/results/flows/hbkm2.json 04-verify

nothing written: the error(s) above are about the RECORDING, not the app — a compiled spec would fail at a locator and read as drift.
re-record the step(s) with the fix command above, or pass --allow-demoted to compile the demoted pin anyway.
sitelooper: refused: a step is pinned to a demoted skill — see the diagnostics above (--allow-demoted compiles it anyway)
[spec-replay] hbkm2-spec: not compilable — result written (exit 2)
