
Running 1 test using 1 worker

[sitelooper step] 01-signin
[sitelooper step] 02-report
[sitelooper recipe] filled via recipe prosemirror/set-value (r_1ab693); value verified on the component
[sitelooper step] 03-create
[sitelooper warn] step 04-create s_4ac258/3: none of the 1 expected page change(s) appeared in the step diff (found on the page instead)
[sitelooper warn] 04-create s_4ac258/4: read 'card_detail_only_label_chip' returned a value the skill itself set/selected ('Hardware') — confirms the control, not persistence; dropped from the report's confident values
[sitelooper warn] 04-create s_4ac258/12: read 'card_detail_only_label_chip' returned a value the skill itself set/selected ('Hardware') — confirms the control, not persistence; dropped from the report's confident values
[sitelooper step] 04-create
[sitelooper step] 05-verify
[sitelooper warn] 06-set s_4fee27/5: read 'due_date_field_before_save' returned a value the skill itself set/selected ('12/31/2026') — confirms the control, not persistence; dropped from the report's confident values
[sitelooper warn] step 06-set s_4fee27/6: none of the 1 expected page change(s) appeared in the step diff (found on the page instead)
[sitelooper warn] 06-set s_4fee27/7: read 'due_date_field_before_save' returned a value the skill itself set/selected ('12/31/2026') — confirms the control, not persistence; dropped from the report's confident values
[sitelooper step] 06-set
[sitelooper warn] 07-add s_ca41ab/3: read 'comment_text' returned a value the skill itself set/selected ('hbpk3-spec comment: verified via automated check for card hb…') — confirms the control, not persistence; dropped from the report's confident values
[sitelooper warn] 07-add s_ca41ab/5: read 'comment_text' returned a value the skill itself set/selected ('hbpk3-spec comment: verified via automated check for card hb…') — confirms the control, not persistence; dropped from the report's confident values
[sitelooper warn] 07-add s_ca41ab/8: read 'comment_text' returned a value the skill itself set/selected ('hbpk3-spec comment: verified via automated check for card hb…') — confirms the control, not persistence; dropped from the report's confident values
[sitelooper step] 07-add
  ✓  1 hbpk3.spec.ts:9:1 › hbpk3 (43.3s)

  1 passed (45.7s)
