 Container bookstack-app-1 Stopping 
 Container bookstack-app-1 Stopped 
 Container bookstack-app-1 Removing 
 Container bookstack-app-1 Removed 
 Container bookstack-db-1 Stopping 
 Container bookstack-db-1 Stopped 
 Container bookstack-db-1 Removing 
 Container bookstack-db-1 Removed 
 Volume bookstack_bookstack-config Removing 
 Volume bookstack_bookstack-db Removing 
 Network bookstack_default Removing 
 Volume bookstack_bookstack-db Removed 
 Volume bookstack_bookstack-config Removed 
 Network bookstack_default Removed 
 Network bookstack_default Creating 
 Network bookstack_default Created 
 Volume bookstack_bookstack-config Creating 
 Volume bookstack_bookstack-config Created 
 Volume bookstack_bookstack-db Creating 
 Volume bookstack_bookstack-db Created 
 Container bookstack-db-1 Creating 
 Container bookstack-db-1 Created 
 Container bookstack-app-1 Creating 
 Container bookstack-app-1 Created 
 Container bookstack-db-1 Starting 
 Container bookstack-db-1 Started 
 Container bookstack-db-1 Waiting 
 Container bookstack-db-1 Healthy 
 Container bookstack-app-1 Starting 
 Container bookstack-app-1 Started 
bookstack: http://127.0.0.1:8103/login answered HTTP 200
bookstack admin set to admin@bench.local
bookstack API token installed
bookstack API token authenticates
[reset] bookstack: seeded book "Bench Handbook"
[reset] bookstack: seeded book "Bench Handbooks"
[reset] bookstack: seeded chapter "Release Notes" in "Bench Handbook"
[reset] bookstack: seeded chapter "Release Notes Archive" in "Bench Handbook"
[reset] bookstack: seeded chapter "Release Notes" in "Bench Handbooks"
[reset] bookstack: no pages to delete
[reset] bookstack: seeded page "Seed: Getting started"
[reset] bookstack: seeded page "Seed: Release checklist"
[reset] bookstack: seeded page "Seed: House style"
bookstack: up, seeded and reset
