
Running 1 test using 1 worker

[sitelooper skip] 01-signin s_ffda14/2 target: no locator recorded — value left empty
[sitelooper warn] 01-signin: report value login_email is only what this run typed: no click's own diff showed it outside its control and no read returned it — withheld from the report (still given to a later step)
[sitelooper step] 01-signin
[sitelooper drift] 02-find s_43c7f2/1 target: primary getByRole('link', { name: /^[\s\p{Co}\p{So}\p{Cf}]*Bench\s+Handbook[\s\p{Co}\p{So}\p{Cf}]*$/u }) missed; used #2 locator('#recent-activity > div > div > div:nth-of-type(8) > div:nth-of-type(2) > a:nth-of-type(2)') (#1 ambiguous)
[sitelooper warn] 02-find: report value seed_page_1 is only what this run typed: no click's own diff showed it outside its control and no read returned it — withheld from the report (still given to a later step)
[sitelooper warn] 02-find: report value seed_page_2 is only what this run typed: no click's own diff showed it outside its control and no read returned it — withheld from the report (still given to a later step)
[sitelooper warn] 02-find: report value seed_page_3 is only what this run typed: no click's own diff showed it outside its control and no read returned it — withheld from the report (still given to a later step)
[sitelooper step] 02-find
[sitelooper recipe] filled via recipe contenteditable/set-value (r_7b1e49); value verified on the component
[sitelooper drift] 03-create s_5b7e4f/5 target: primary locator('#bkmrk-run-id\\%3A-hsbs1-spec-\\%E2\\%80\\%94-c') missed; used #3 locator('[data-sitelooper-point="803,271"]') (#1 absent, #2 absent)
[sitelooper step] 03-create
[sitelooper warn] 04-edit s_32c12a/5: read 'tag_name' returned a value the skill itself set/selected ('Review Status') — confirms the control, not persistence; dropped from the report's confident values
[sitelooper warn] 04-edit s_32c12a/6: read 'tag_value' returned a value the skill itself set/selected ('Approved') — confirms the control, not persistence; dropped from the report's confident values
[sitelooper step] 04-edit
[sitelooper drift] 05-edit s_1a7fbd/11 target: primary locator('#bkmrk-run-id\\%3A-hsbs1-spec-\\%E2\\%80\\%94-c') missed; used #3 locator('[data-sitelooper-point="803,353"]') (#1 absent, #2 absent)
[sitelooper step] 05-edit
[sitelooper warn] 06-archive s_ca7686/4: read 'chapter' returned a value the skill itself set/selected ('Release Notes') — confirms the control, not persistence; dropped from the report's confident values
[sitelooper warn] 06-archive s_ca7686/5: read 'chapter_url' returned 'http://127.0.0.1:8103/books/bench-handbook/chapter/release-n…' from a control this step set, and nothing committed it since — it shows the control, however the app formats it, not what the app stored; dropped from the report's confident values
[sitelooper skip] 06-archive s_644668/2 target: read target not found — value left empty
[sitelooper drift] 06-archive s_644668/3 target: primary getByText('hsbs1-spec Bench Page', { exact: true }) missed; used #2 locator('#bkmrk-page-title') (#1 ambiguous)
[sitelooper warn] 06-archive: report value move_search_value is only what this run typed: no click's own diff showed it outside its control and no read returned it — withheld from the report (still given to a later step)
[sitelooper warn] 06-archive: report value breadcrumb_text is only what this run typed: no click's own diff showed it outside its control and no read returned it — withheld from the report (still given to a later step)
[sitelooper step] 06-archive
[sitelooper recipe] filled via recipe contenteditable/set-value (r_7b1e49); value verified on the component
[sitelooper warn] 07-verify s_ce807e/4: read 'comment_full_text' returned a value the skill itself set/selected ('Comment for run hsbs1-spec: page comment added by the sitelo…') — confirms the control, not persistence; dropped from the report's confident values
[sitelooper step] 07-verify
[sitelooper drift] 08-verify s_ae4841/6 target: primary locator('#bkmrk-run-id\\%3A-hsbs1-spec-\\%E2\\%80\\%94-c') missed; used #3 locator('[data-sitelooper-point="803,353"]') (#1 absent, #2 absent)
[sitelooper step] 08-verify
  ✓  1 hsbs1.spec.ts:9:1 › hsbs1 (1.4m)

  1 passed (1.5m)
