
Running 1 test using 1 worker

[sitelooper step] 01-signin
[sitelooper drift] 02-report s_d0f2ad/1 target: primary getByRole('link', { name: /^[\s\p{Co}\p{So}\p{Cf}]*Bench\s+Handbook[\s\p{Co}\p{So}\p{Cf}]*$/u }) missed; used #2 locator('#recent-activity > div > div > div:nth-of-type(8) > div:nth-of-type(2) > a:nth-of-type(2)') (#1 ambiguous)
[sitelooper step] 02-report
[sitelooper recipe] filled via recipe contenteditable/set-value (r_7b1e49); value verified on the component
[sitelooper recipe] filled via recipe contenteditable/set-value (r_7b1e49); value verified on the component
[sitelooper warn] 03-create s_a55323/17: read 'source_dialog_content' returned a value the skill itself set/selected ('<p>runid hsbs3-spec</p>
<h2>Overview</h2>') — confirms the control, not persistence; dropped from the report's confident values
[sitelooper warn] step 03-create s_a55323/21: resolved positionally and its only recorded effect is the fill's own echo — the effect gate cannot tell right element from wrong here
[sitelooper drift] 03-create s_6bf580/10 target: primary getByText('Overview', { exact: true }) missed; used #2 locator('#bkmrk-overview') (#1 ambiguous)
[sitelooper drift] 03-create s_6bf580/11 target: primary getByText('Overview', { exact: true }) missed; used #2 locator('#bkmrk-overview') (#1 ambiguous)
[sitelooper step] 03-create
[sitelooper drift] 04-archive s_18b6eb/4 target: primary getByText('hsbs3-spec Bench Page', { exact: true }) missed; used #2 locator('#bkmrk-page-title') (#1 ambiguous)
[sitelooper step] 04-archive
[sitelooper recipe] filled via recipe contenteditable/set-value (r_7b1e49); value verified on the component
[sitelooper warn] 05-verify s_c5e2cf/3: read 'comment_text' returned a value the skill itself set/selected ('Comment for runid hsbs3-spec') — confirms the control, not persistence; dropped from the report's confident values
[sitelooper warn] 05-verify: report value comment_editor_text is only what this run typed: no click's own diff showed it outside its control and no read returned it — withheld from the report (still given to a later step)
[sitelooper step] 05-verify
  ✓  1 hsbs3.spec.ts:9:1 › hsbs3 (1.3m)

  1 passed (1.5m)
