docker daemon not running; starting dockerd
 Container directus-directus-1 Stopping 
 Container directus-directus-1 Stopped 
 Container directus-directus-1 Removing 
 Container directus-directus-1 Removed 
 Volume directus_directus-uploads Removing 
 Volume directus_directus-database Removing 
 Network directus_default Removing 
 Volume directus_directus-uploads Removed 
 Volume directus_directus-database Removed 
 Network directus_default Removed 
 Network directus_default Creating 
 Network directus_default Created 
 Volume directus_directus-database Creating 
 Volume directus_directus-database Created 
 Volume directus_directus-uploads Creating 
 Volume directus_directus-uploads Created 
 Container directus-directus-1 Creating 
 Container directus-directus-1 Created 
 Container directus-directus-1 Starting 
 Container directus-directus-1 Started 
directus: http://127.0.0.1:8101/server/ping answered HTTP 200
[reset] directus: created collection "customers"
[reset] directus: created collection "tickets"
[reset] directus: created relation tickets.customer -> customers
[reset] directus: seeded customer "Bench Customer"
[reset] directus: seeded customer "Bench Customer Ltd"
[reset] directus: seeded customer "Bench Customers Group"
[reset] directus: no tickets to delete
[reset] directus: seeded ticket "Seed: Printer jams on tray 2"
[reset] directus: seeded ticket "Seed: VPN drops every hour"
[reset] directus: seeded ticket "Seed: Laptop battery swelling"
directus: up, seeded and reset
