
Running 1 test using 1 worker

[sitelooper step] 01-signin
[sitelooper step] 02-report
[sitelooper warn] step 03-create s_27e798/1: resolved positionally and its only recorded effect is the fill's own echo — the effect gate cannot tell right element from wrong here
[sitelooper recipe] filled via recipe contenteditable/set-value (r_7b1e49); value verified on the component
[sitelooper warn] 03-create s_27e798/4: read 'saved_description' returned a value the skill itself set/selected ('This ticket was created by hsdx2-spec to verify the ticket c…') — confirms the control, not persistence; dropped from the report's confident values
[sitelooper drift] 03-create s_27e798/5 target: primary locator('button[data-tooltip="zPvC8le2XTptD2I8EMyro"]') missed; used #3 locator('div:nth-of-type(1) > div:nth-of-type(3) > header > div:nth-of-type(2) > div:nth-of-type(2) > button') (#1 absent, #2 ambiguous)
[sitelooper step] 03-create
[sitelooper skip] 04-set s_80e3a7/6 target: no locator recorded — value left empty
[sitelooper skip] 04-set s_80e3a7/7 target: no locator recorded — value left empty
[sitelooper step] 04-set
[sitelooper drift] 05-set s_38bbb6/1 target: primary locator('[data-testid="end"] button') missed; used #2 locator('#reka-accordion-trigger-v-43') (#1 ambiguous)
[sitelooper skip] 05-set s_38bbb6/9 target: no locator recorded — value left empty
[sitelooper step] 05-set
[sitelooper warn] 06-set s_acfbfa/10: read 'estimated_hours_after_reload' returned a value the skill itself set/selected ('6') — confirms the control, not persistence; dropped from the report's confident values
[sitelooper step] 06-set
[sitelooper drift] 07-add s_ccb7d6/1 target: primary locator('[data-testid="end"] button') missed; used #2 locator('#reka-accordion-trigger-v-2') (#1 ambiguous)
[sitelooper recipe] filled via recipe contenteditable/set-value (r_7b1e49); value verified on the component
[sitelooper skip] 07-add s_ccb7d6/13 target: no locator recorded — value left empty
[sitelooper step] 07-add
  ✓  1 hsdx2.spec.ts:9:1 › hsdx2 (1.2m)

  1 passed (1.3m)
