docker daemon not running; starting dockerd
 Container mealie-mealie-1 Stopping 
 Container mealie-mealie-1 Stopped 
 Container mealie-mealie-1 Removing 
 Container mealie-mealie-1 Removed 
 Network mealie_default Removing 
 Volume mealie_mealie-data Removing 
 Volume mealie_mealie-data Removed 
 Network mealie_default Removed 
 Network mealie_default Creating 
 Network mealie_default Created 
 Volume mealie_mealie-data Creating 
 Volume mealie_mealie-data Created 
 Container mealie-mealie-1 Creating 
 Container mealie-mealie-1 Created 
 Container mealie-mealie-1 Starting 
 Container mealie-mealie-1 Started 
mealie: http://127.0.0.1:8102/api/app/about answered HTTP 200
[reset] mealie: set up the admin "admin@bench.local" (was changeme@example.com)
[reset] mealie: seeded category "Bench Dinner"
[reset] mealie: seeded category "Bench Dinner Party"
[reset] mealie: seeded category "Bench Lunch"
[reset] mealie: seeded tag "Bench Quick"
[reset] mealie: seeded tag "Bench Quickfire"
[reset] mealie: seeded tag "Bench Classic"
[reset] mealie: seeded food "Bench Flour"
[reset] mealie: seeded food "Bench Flour Blend"
[reset] mealie: seeded food "Bench Butter"
[reset] mealie: seeded unit "Bench Cup"
[reset] mealie: seeded unit "Bench Spoon"
[reset] mealie: no recipes to delete
[reset] mealie: seeded recipe "Seed: Bench Pancakes" (seed-bench-pancakes)
[reset] mealie: seeded recipe "Seed: Tomato Soup" (seed-tomato-soup)
[reset] mealie: seeded recipe "Seed: Garden Salad" (seed-garden-salad)
mealie: up, seeded and reset
