
Running 1 test using 1 worker

[sitelooper warn] 01-signin: report value login_email is only what this run typed: no click's own diff showed it outside its control and no read returned it — withheld from the report (still given to a later step)
[sitelooper step] 01-signin
[sitelooper step] 02-report
[sitelooper warn] 03-create s_e1b301/2: the page's alerts could not be observed in full after the action — whether it raised an alert is unknown, not clear
[sitelooper warn] 03-create s_282b5c/1: the page's alerts could not be observed in full after the action — whether it raised an alert is unknown, not clear
[sitelooper step] 03-create
[sitelooper warn] 04-edit s_e41f6c/3: the page's alerts could not be observed in full after the action — whether it raised an alert is unknown, not clear
[sitelooper warn] 04-edit s_e41f6c/4: the page's alerts could not be observed in full after the action — whether it raised an alert is unknown, not clear
[sitelooper recipe] filled via recipe aria-combobox/set-value (r_d18285); value verified on the component
[sitelooper warn] 04-edit s_e41f6c/5: the page's alerts could not be observed in full after the action — whether it raised an alert is unknown, not clear
[sitelooper warn] 04-edit s_e41f6c/6: the page's alerts could not be observed in full after the action — whether it raised an alert is unknown, not clear
[sitelooper warn] 04-edit s_e41f6c/7: the page's alerts could not be observed in full after the action — whether it raised an alert is unknown, not clear
[sitelooper warn] 04-edit s_e41f6c/8: the page's alerts could not be observed in full after the action — whether it raised an alert is unknown, not clear
[sitelooper recipe] filled via recipe aria-combobox/set-value (r_d18285); value verified on the component
[sitelooper warn] 04-edit s_e41f6c/9: the page's alerts could not be observed in full after the action — whether it raised an alert is unknown, not clear
[sitelooper warn] 04-edit s_e41f6c/10: the page's alerts could not be observed in full after the action — whether it raised an alert is unknown, not clear
[sitelooper warn] 04-edit s_e41f6c/11: the page's alerts could not be observed in full after the action — whether it raised an alert is unknown, not clear
[sitelooper step] 04-edit
[sitelooper warn] 05-edit s_f9b588/1: the page's alerts could not be observed in full after the action — whether it raised an alert is unknown, not clear
[sitelooper warn] 05-edit s_f9b588/2: the page's alerts could not be observed in full after the action — whether it raised an alert is unknown, not clear
[sitelooper warn] 05-edit s_f9b588/3: the page's alerts could not be observed in full after the action — whether it raised an alert is unknown, not clear
[sitelooper warn] 05-edit s_f9b588/4: the page's alerts could not be observed in full after the action — whether it raised an alert is unknown, not clear
[sitelooper recipe] filled via recipe aria-combobox/set-value (r_d18285); value verified on the component
[sitelooper warn] 05-edit s_f9b588/5: the page's alerts could not be observed in full after the action — whether it raised an alert is unknown, not clear
[sitelooper warn] 05-edit s_f9b588/6: the page's alerts could not be observed in full after the action — whether it raised an alert is unknown, not clear
[sitelooper warn] 05-edit s_f9b588/7: the page's alerts could not be observed in full after the action — whether it raised an alert is unknown, not clear
[sitelooper recipe] filled via recipe aria-combobox/set-value (r_d18285); value verified on the component
[sitelooper warn] 05-edit s_f9b588/8: the page's alerts could not be observed in full after the action — whether it raised an alert is unknown, not clear
[sitelooper warn] 05-edit s_f9b588/9: the page's alerts could not be observed in full after the action — whether it raised an alert is unknown, not clear
[sitelooper warn] 05-edit s_f9b588/10: the page's alerts could not be observed in full after the action — whether it raised an alert is unknown, not clear
[sitelooper drift] 05-edit s_f9b588/11 target: used #3 locator('#input-v-0-197') (#2 ambiguous)
[sitelooper warn] 05-edit s_f9b588/11: the page's alerts could not be observed in full after the action — whether it raised an alert is unknown, not clear
[sitelooper warn] 05-edit s_f9b588/12: the page's alerts could not be observed in full after the action — whether it raised an alert is unknown, not clear
[sitelooper recipe] filled via recipe aria-combobox/set-value (r_d18285); value verified on the component
[sitelooper warn] 05-edit s_f9b588/13: the page's alerts could not be observed in full after the action — whether it raised an alert is unknown, not clear
[sitelooper warn] 05-edit s_f9b588/14: the page's alerts could not be observed in full after the action — whether it raised an alert is unknown, not clear
[sitelooper warn] 05-edit s_f9b588/15: the page's alerts could not be observed in full after the action — whether it raised an alert is unknown, not clear
[sitelooper recipe] filled via recipe aria-combobox/set-value (r_d18285); value verified on the component
[sitelooper warn] 05-edit s_f9b588/16: the page's alerts could not be observed in full after the action — whether it raised an alert is unknown, not clear
[sitelooper warn] 05-edit s_f9b588/17: the page's alerts could not be observed in full after the action — whether it raised an alert is unknown, not clear
[sitelooper warn] 05-edit s_f9b588/18: the page's alerts could not be observed in full after the action — whether it raised an alert is unknown, not clear
[sitelooper warn] 05-edit s_f9b588/19: the page's alerts could not be observed in full after the action — whether it raised an alert is unknown, not clear
[sitelooper warn] 05-edit s_f9b588/20: the page's alerts could not be observed in full after the action — whether it raised an alert is unknown, not clear
[sitelooper step] 05-edit
[sitelooper warn] 06-set s_00b130/1: the page's alerts could not be observed in full after the action — whether it raised an alert is unknown, not clear
[sitelooper warn] 06-set s_00b130/2: the page's alerts could not be observed in full after the action — whether it raised an alert is unknown, not clear
[sitelooper warn] 06-set s_00b130/4: the page's alerts could not be observed in full after the action — whether it raised an alert is unknown, not clear
[sitelooper step] 06-set
[sitelooper warn] 07-verify s_327aab/4: read 'comment_text' returned a value the skill itself set/selected ('Comment from runid hsml3-spec verification.') — confirms the control, not persistence; dropped from the report's confident values
[sitelooper warn] 07-verify s_327aab/7: read 'comment_text' returned a value the skill itself set/selected ('Comment from runid hsml3-spec verification.') — confirms the control, not persistence; dropped from the report's confident values
[sitelooper warn] 07-verify s_327aab/10: read 'comment_text' returned a value the skill itself set/selected ('Comment from runid hsml3-spec verification.') — confirms the control, not persistence; dropped from the report's confident values
[sitelooper step] 07-verify
  ✓  1 hsml3.spec.ts:9:1 › hsml3 (2.2m)

  1 passed (2.4m)
