[sweep] reusing fwgr27's recording: 5 step(s), store from /home/user/sitelooper/bench/results/fwgr27-skills

[sweep] run 2/3: m3grr-n2 (replay flow m3grr, no orchestrator)
[reset] grafana: deleted leftover dashboard "Service Health" (400)
[sweep] m3grr-n2: 4 drift ticket(s) → m3grr-n2-drift.json

m3grr-n2: objectives passed 6/6
  obj 1: PASS — all 3 provisioned titles reported
  obj 2: PASS — type=stat, datasource ok=true
  obj 3: PASS — type=text, content includes runid=true
  obj 4: PASS — tags=["bench"], time=now-6h..now
  obj 5: PASS — refresh="1m"
  obj 6: PASS — uid cfxgj90n4rnk0c reported

[sweep] run 3/3: m3grr-n3 (replay flow m3grr, no orchestrator)
[reset] grafana: deleted leftover dashboard "m3grr-n2 Bench Dashboard" (200)
[reset] grafana: deleted leftover dashboard "Service Health" (400)
[sweep] m3grr-n3: 4 drift ticket(s) → m3grr-n3-drift.json

m3grr-n3: objectives passed 6/6
  obj 1: PASS — all 3 provisioned titles reported
  obj 2: PASS — type=stat, datasource ok=true
  obj 3: PASS — type=text, content includes runid=true
  obj 4: PASS — tags=["bench"], time=now-6h..now
  obj 5: PASS — refresh="1m"
  obj 6: PASS — uid dfxgjdcv9nev4e reported

Learning sweep m3grr (K=3)
┌─────────┬───┬────────────┬──────────┬───────────┬───────┬──────┬───────────┬─────┬──────────────┬────────┐
│ (index) │ n │ runid      │ verified │ stop      │ turns │ cmds │ total_usd │ A_n │ replayed     │ wall_s │
├─────────┼───┼────────────┼──────────┼───────────┼───────┼──────┼───────────┼─────┼──────────────┼────────┤
│ 0       │ 2 │ 'm3grr-n2' │ '6/6'    │ 'success' │ 0     │ 5    │ 0         │ 1   │ '5/5 (flow)' │ 79     │
│ 1       │ 3 │ 'm3grr-n3' │ '6/6'    │ 'success' │ 0     │ 5    │ 0         │ 1   │ '5/5 (flow)' │ 79     │
└─────────┴───┴────────────┴──────────┴───────────┴───────┴──────┴───────────┴─────┴──────────────┴────────┘
http://127.0.0.1:3000
  s_ae9894  validated    3 steps  5/5 (100%)
           Open {{v1}} and sign in with username admin and password admin (skip any 'change password' prompt if it appear…
  s_a4c4ac  validated    2 steps  5/5 (100%)
           Open {{v1}} and sign in with username admin and password admin (skip any 'change password' prompt if it appear…
  s_b80251  validated    4 steps  5/5 (100%)
           Open {{v1}} and sign in with username admin and password admin (skip any 'change password' prompt if it appear…
  s_94232d  validated    2 steps  5/5 (100%)
           Open {{v1}} and sign in with username admin and password admin (skip any 'change password' prompt if it appear…
  s_1c8609  validated   10 steps  5/5 (100%)
           In Grafana, create a NEW dashboard. Add a visualization panel of type 'Stat' (add a panel, choose the Stat vis…
  s_939c34  validated    2 steps  5/5 (100%)
           In Grafana, create a NEW dashboard. Add a visualization panel of type 'Stat' (add a panel, choose the Stat vis…
  s_006af5  validated    2 steps  5/5 (100%)
           In Grafana, create a NEW dashboard. Add a visualization panel of type 'Stat' (add a panel, choose the Stat vis…
  s_1c7f4a  validated    2 steps  5/5 (100%)
           On the dashboard at {{v5}} (titled '{{v4}}'), add a new panel of type 'Text'. Set its title to exactly '{{v6}}…
  s_e4d3e5  validated   12 steps  5/5 (100%)
           On the dashboard at {{v5}} (titled '{{v4}}'), add a new panel of type 'Text'. Set its title to exactly '{{v6}}…
  s_a5d93d  validated    2 steps  5/5 (100%)
           On the dashboard at {{v5}} (titled '{{v4}}'), add a new panel of type 'Text'. Set its title to exactly '{{v6}}…
  s_0c4807  validated   14 steps  5/5 (100%)
           On the dashboard '{{v1}}' (http://127.0.0.1:3000/d/{{v3}}/{{v4}}), do all of the following and SAVE the dashbo…
  s_7928ae  validated    8 steps  5/5 (100%)
           Reload the dashboard '{{v1}}' fresh (navigate to {{v7}} in a fresh page load, no query params). After the relo…
store: /home/user/sitelooper/bench/results/m3grr-skills

summary: /home/user/sitelooper/bench/results/m3grr-sweep.json
EXIT=0
