repairing bench/results/m3kb-spec/fwkb5.flow.ts (5 step(s)) in /tmp/sitelooper-repair-xogUX2
  reset (run 1): node --input-type=module -e "import {resetTarget} from './bench/app-reset.mjs'; await resetTarget('kanboard')"
run 1: 5/5 step(s) success, 0 drift ticket(s)
  [OK] 01-open (tier A)
  [OK] 02-create (tier A)
  [OK] 03-verify (tier A)
  [OK] 04-open (tier A)
  [OK] 05-open (tier A)
  reset (converge 1/2): node --input-type=module -e "import {resetTarget} from './bench/app-reset.mjs'; await resetTarget('kanboard')"
  [OK] 01-open (tier A)
  [OK] 02-create (tier A)
  [OK] 03-verify (tier A)
  [OK] 04-open (tier A)
  [OK] 05-open (tier A)
converge 1/2: 5/5 step(s) success, 0 drift ticket(s) — clean
  reset (converge 2/2): node --input-type=module -e "import {resetTarget} from './bench/app-reset.mjs'; await resetTarget('kanboard')"
  [OK] 01-open (tier A)
  [OK] 02-create (tier A)
  [OK] 03-verify (tier A)
  [OK] 04-open (tier A)
  [OK] 05-open (tier A)
converge 2/2: 5/5 step(s) success, 0 drift ticket(s) — clean
  spec check reset: node --input-type=module -e "import {resetTarget} from './bench/app-reset.mjs'; await resetTarget('kanboard')"
  spec check: /opt/node22/bin/node /home/user/sitelooper/node_modules/@playwright/test/cli.js test --config /home/user/sitelooper/bench/results/m3kb-spec/.sitelooper-check-QKQCLh/playwright.config.mjs
EXIT=0
