repairing bench/results/m3rd-spec/fwrd42.flow.ts (7 step(s)) in /tmp/sitelooper-repair-0VuFl9
  reset (run 1): node --input-type=module -e "import {resetTarget} from './bench/app-reset.mjs'; await resetTarget('repairdesk')"
run 1: 7/7 step(s) success, 5 drift ticket(s)
  [OK] 01-open (tier A)
  [OK] 02-add (tier A)
  [OK] 03-add (tier A)
  [OK] 04-edit (tier A)
  [OK] 05-change (tier A)
  [OK] 06-report (tier A)
  [OK] 07-verify (tier A)
  reset (converge 1/2): node --input-type=module -e "import {resetTarget} from './bench/app-reset.mjs'; await resetTarget('repairdesk')"
  [OK] 01-open (tier A)
  [OK] 02-add (tier A)
  [OK] 03-add (tier A)
  [OK] 04-edit (tier A)
  [OK] 05-change (tier A)
  [OK] 06-report (tier A)
  [OK] 07-verify (tier A)
converge 1/2: 7/7 step(s) success, 1 drift ticket(s) — clean
  reset (converge 2/2): node --input-type=module -e "import {resetTarget} from './bench/app-reset.mjs'; await resetTarget('repairdesk')"
  [OK] 01-open (tier A)
  [OK] 02-add (tier A)
  [OK] 03-add (tier A)
  [OK] 04-edit (tier A)
  [OK] 05-change (tier A)
  [OK] 06-report (tier A)
  [OK] 07-verify (tier A)
converge 2/2: 7/7 step(s) success, 1 drift ticket(s) — clean
  spec check reset: node --input-type=module -e "import {resetTarget} from './bench/app-reset.mjs'; await resetTarget('repairdesk')"
  spec check: /opt/node22/bin/node /home/user/sitelooper/node_modules/@playwright/test/cli.js test --config /home/user/sitelooper/bench/results/m3rd-spec/.sitelooper-check-Fz1zw4/playwright.config.mjs
EXIT=0
