[sweep] reusing fwkb5's recording: 5 step(s), store from /home/user/sitelooper/bench/results/fwkb5-skills

[sweep] run 2/3: m4kbr-n2 (replay flow m4kbr, no orchestrator)
[reset] kanboard: no leftover bench tasks

m4kbr-n2: objectives passed 4/6
  obj 1: UNVERIFIABLE — no result file with finalText found
  obj 2: PASS — description includes runid=true
  obj 3: PASS — column=Work in progress
  obj 4: PASS — 1 comment(s), runid present=true
  obj 5: PASS — date_due=2026-12-31, want 2026-12-31
  obj 6: UNVERIFIABLE — no result file with finalText found

[sweep] run 3/3: m4kbr-n3 (replay flow m4kbr, no orchestrator)
[reset] kanboard: deleted 1 leftover bench task(s)

m4kbr-n3: objectives passed 4/6
  obj 1: UNVERIFIABLE — no result file with finalText found
  obj 2: PASS — description includes runid=true
  obj 3: PASS — column=Work in progress
  obj 4: PASS — 1 comment(s), runid present=true
  obj 5: PASS — date_due=2026-12-31, want 2026-12-31
  obj 6: UNVERIFIABLE — no result file with finalText found

Learning sweep m4kbr (K=3)
┌─────────┬───┬────────────┬──────────┬───────────┬───────┬──────┬───────────┬─────┬──────────────┬────────┐
│ (index) │ n │ runid      │ verified │ stop      │ turns │ cmds │ total_usd │ A_n │ replayed     │ wall_s │
├─────────┼───┼────────────┼──────────┼───────────┼───────┼──────┼───────────┼─────┼──────────────┼────────┤
│ 0       │ 2 │ 'm4kbr-n2' │ '4/4'    │ 'success' │ 0     │ 5    │ 0         │ 1   │ '5/5 (flow)' │ 27     │
│ 1       │ 3 │ 'm4kbr-n3' │ '4/4'    │ 'success' │ 0     │ 5    │ 0         │ 1   │ '5/5 (flow)' │ 27     │
└─────────┴───┴────────────┴──────────┴───────────┴───────┴──────┴───────────┴─────┴──────────────┴────────┘
http://127.0.0.1:8085
  s_474e1a  validated    6 steps  5/5 (100%)
           Open {{v1}} and sign in with username admin and password admin. Then navigate to the project named 'Bench Boar…
  s_3ad51e  validated    5 steps  5/5 (100%)
           On the Kanboard app (already signed in as admin), in the project 'Bench Board', create a new task with title e…
  s_bcd20c  validated    4 steps  5/5 (100%)
           On the Kanboard board of the project 'Bench Board' (already signed in as admin), move the task titled '{{v1}} …
  s_1e46d8  validated   19 steps  5/5 (100%)
           On Kanboard (already signed in as admin), open the task page for task #4 titled '{{v2}}' in project 'Bench Boa…
  s_22ca54  validated    8 steps  5/5 (100%)
           Final verification on Kanboard (signed in as admin, project 'Bench Board'): (1) Open the board and confirm whi…
store: /home/user/sitelooper/bench/results/m4kbr-skills

summary: /home/user/sitelooper/bench/results/m4kbr-sweep.json
EXIT=0
