[sweep] reusing fwod34r3's recording: 9 step(s), store from /home/user/sitelooper/bench/results/fwod34r3-skills

[sweep] run 2/3: m4od2r-n2 (replay flow m4od2r, no orchestrator)
[reset] odoo: no leftover bench customers
[sweep] m4od2r-n2: 2 drift ticket(s) → m4od2r-n2-drift.json

m4od2r-n2: objectives passed 6/6
  obj 1: PASS — city="Benchville"
  obj 2: PASS — orders for customer: 1, lines: 2
  obj 3: PASS — 2 lines, 2 distinct products
  obj 4: PASS — quantities: 5, 2
  obj 5: PASS — state tracking shows confirmation
  obj 6: PASS — final state=cancel, ref=S00021

[sweep] run 3/3: m4od2r-n3 (replay flow m4od2r, no orchestrator)
[reset] odoo: deleted 1 leftover bench order(s)
[reset] odoo: deleted 1 leftover bench customer(s)
[sweep] m4od2r-n3: 2 drift ticket(s) → m4od2r-n3-drift.json

m4od2r-n3: objectives passed 6/6
  obj 1: PASS — city="Benchville"
  obj 2: PASS — orders for customer: 1, lines: 2
  obj 3: PASS — 2 lines, 2 distinct products
  obj 4: PASS — quantities: 5, 2
  obj 5: PASS — state tracking shows confirmation
  obj 6: PASS — final state=cancel, ref=S00022

Learning sweep m4od2r (K=3)
┌─────────┬───┬─────────────┬──────────┬───────────┬───────┬──────┬───────────┬─────┬──────────────┬────────┐
│ (index) │ n │ runid       │ verified │ stop      │ turns │ cmds │ total_usd │ A_n │ replayed     │ wall_s │
├─────────┼───┼─────────────┼──────────┼───────────┼───────┼──────┼───────────┼─────┼──────────────┼────────┤
│ 0       │ 2 │ 'm4od2r-n2' │ '6/6'    │ 'success' │ 40    │ 9    │ 0.0172    │ 1   │ '9/9 (flow)' │ 787    │
│ 1       │ 3 │ 'm4od2r-n3' │ '6/6'    │ 'success' │ 39    │ 9    │ 0.0136    │ 1   │ '9/9 (flow)' │ 556    │
└─────────┴───┴─────────────┴──────────┴───────────┴───────┴──────┴───────────┴─────┴──────────────┴────────┘
http://127.0.0.1:8069
  s_04d970  validated    2 steps  11/11 (100%)
           Open the sales order {{v1}} (record id {{v2}}, model sale.order) in the Odoo Sales app and report ONLY its cur…
  s_8ab698  validated    3 steps  6/7 (86%)
           Sign in to this Odoo instance with username 'admin' and password 'admin' (submit the login form). Then, in the…
  s_cadcaa  validated    1 steps  7/7 (100%)
           In the Odoo Sales app, create a new quotation (RFQ/sales order draft) for the customer '{{v1}}' — the customer…
  s_c99d6c  validated    7 steps  7/7 (100%)
           In the Odoo Sales app, create a new quotation (RFQ/sales order draft) for the customer '{{v1}}' — the customer…
  s_c925b1  validated    5 steps  7/7 (100%)
           In the Odoo Sales app, create a new quotation (RFQ/sales order draft) for the customer '{{v1}}' — the customer…
  s_d595d3  validated    8 steps  7/7 (100%)
           In the Odoo Sales app, create a new quotation (RFQ/sales order draft) for the customer '{{v1}}' — the customer…
  s_059a1e  validated    6 steps  7/7 (100%)
           Open the existing draft quotation {{v1}} for customer '{{v2}}' in the Odoo Sales app. On the FIRST order line …
  s_f1434f  validated    4 steps  7/7 (100%)
           Open the quotation {{v1}} for customer '{{v2}}' in the Odoo Sales app and confirm it (click the Confirm / Conf…
  s_4634ba  validated    3 steps  7/7 (100%)
           Read-only check, do not change anything: open the sales order {{v1}} (model sale.order, record id 21) in the O…
  s_24f725  validated    6 steps  6/6 (100%)
           Sign in to this Odoo instance with username 'admin' and password 'admin' (submit the login form). Then, in the…
  s_bb3966  validated    4 steps  6/6 (100%)
           Sign in to this Odoo instance with username 'admin' and password 'admin' (submit the login form). Then, in the…
  s_aea942  validated    1 steps  6/6 (100%)
           Sign in to this Odoo instance with username 'admin' and password 'admin' (submit the login form). Then, in the…
  s_eee5b1  validated    4 steps  6/6 (100%)
           Sign in to this Odoo instance with username 'admin' and password 'admin' (submit the login form). Then, in the…
  s_017161  validated    2 steps  6/6 (100%)
           Sign in to this Odoo instance with username 'admin' and password 'admin' (submit the login form). Then, in the…
  s_dc0408  validated   10 steps  5/5 (100%)  variant of s_3073e0
           Open the existing draft quotation {{v1}} for customer '{{v2}} Bench Customer' in the Odoo Sales app. Add a SEC…
  s_c86522  demoted      9 steps  1/4 (25%)
           The sales order {{v1}} (model sale.order, record id 21) is currently in '{{v3}}' status and needs to be cancel…
  s_c89ff9  validated    3 steps  3/4 (75%)
           Open the confirmed sales order {{v1}} for customer '{{v2}} Bench Customer' in the Odoo Sales app and cancel it…
  s_d31f93  validated    1 steps  4/4 (100%)
           Open the confirmed sales order {{v1}} for customer '{{v2}} Bench Customer' in the Odoo Sales app and cancel it…
  s_e7d322  validated   20 steps  4/4 (100%)  variant of s_c86522
           Open the confirmed sales order {{v1}} for customer '{{v2}} Bench Customer' in the Odoo Sales app and cancel it…
  s_d654ba  provisional 12 steps  1/2 (50%)
           Open the existing draft quotation {{v1}} for customer '{{v2}}' in the Odoo Sales app. Add a SECOND order line …
  s_3e0857  validated    2 steps  2/2 (100%)  variant of s_c86522
           The sales order {{v1}} (model sale.order, record id {{02-create.url.q.id}}) is currently in 'Sales Order' stat…
  s_3073e0  demoted     13 steps  1/2 (50%)  variant of s_d654ba
           Open the existing draft quotation {{v1}} for customer '{{v2}} Bench Customer' in the Odoo Sales app. Add a SEC…
  s_8bc9c7  provisional  1 steps  1/1 (100%)
           Open the confirmed sales order {{v1}} for customer '{{v2}} Bench Customer' in the Odoo Sales app and cancel it…
  s_84e8fa  provisional 12 steps  1/1 (100%)
           Open the confirmed sales order {{v1}} for customer '{{v2}} Bench Customer' in the Odoo Sales app and cancel it…
  s_e6ddd1  provisional  3 steps  1/1 (100%)  variant of s_8ab698
           Sign in to this Odoo instance with username 'admin' and password 'admin' (submit the login form). Then, in the…
  s_183fa0  provisional  1 steps  1/1 (100%)  variant of s_8ab698
           Sign in to this Odoo instance with username 'admin' and password 'admin' (submit the login form). Then, in the…
  s_795f44  provisional  1 steps  1/1 (100%)  variant of s_8ab698
           Sign in to this Odoo instance with username 'admin' and password 'admin' (submit the login form). Then, in the…
  s_22f86d  provisional  3 steps  1/1 (100%)  variant of s_8ab698
           Sign in to this Odoo instance with username 'admin' and password 'admin' (submit the login form). Then, in the…
  s_3b837a  provisional  4 steps  1/1 (100%)  variant of s_8ab698
           Sign in to this Odoo instance with username 'admin' and password 'admin' (submit the login form). Then, in the…
  s_9e7463  provisional  2 steps  1/1 (100%)  variant of s_8ab698
           Sign in to this Odoo instance with username 'admin' and password 'admin' (submit the login form). Then, in the…
  s_ca0aeb  provisional 12 steps  1/1 (100%)  variant of s_c89ff9
           Open the confirmed sales order {{v1}} for customer '{{v2}} Bench Customer' in the Odoo Sales app and cancel it…
store: /home/user/sitelooper/bench/results/m4od2r-skills

summary: /home/user/sitelooper/bench/results/m4od2r-sweep.json
EXIT=0
