
Running 1 test using 1 worker

  ✘  1 fwod34.spec.ts:4:1 › fwod34 (1.3m)


  1) fwod34.spec.ts:4:1 › fwod34 ───────────────────────────────────────────────────────────────────

    Error: none of 2 recorded locators resolved at 08-open s_c86522/1 target (page is at http://127.0.0.1:8069/web#cids=1&menu_id=194&action=316&model=sale.order&view_type=form&id=23): getByRole('button', { name: 'Cancel', exact: true }).first() | locator('div:nth-of-type(2) > div > div:nth-of-type(1) > div:nth-of-type(1) > div:nth-of-type(1) > button:nth-of-type(4)')
      it is pinned to the demoted skill s_c86522 — the compiled spec inherits a procedure whose last replays failed at the same step — fix: sitelooper rerecord bench/results/flows/m4od.json 08-open

       at fwod34.flow.ts:4453

      4451 |     await page.waitForTimeout(PICK_POLL_MS);
      4452 |   }
    > 4453 |   throw new Error(
           |         ^
      4454 |     // The url and the recorded step are half the answer whenever a chain
      4455 |     // misses wholesale: a locator that named the control on the day it was
      4456 |     // recorded usually misses because the page is not the page the step
        at pick (/home/user/sitelooper/bench/results/m4oda-spec-tmp/fwod34.flow.ts:4453:9)
        at Object.08-open (/home/user/sitelooper/bench/results/m4oda-spec-tmp/fwod34.flow.ts:5961:17)
        at runFlow (/home/user/sitelooper/bench/results/m4oda-spec-tmp/fwod34.flow.ts:6078:3)
        at /home/user/sitelooper/bench/results/m4oda-spec-tmp/fwod34.spec.[spec-replay] m4oda: 0/1 passed, exit=1, 83s, 0 drift line(s) — result written

  1 failed
    fwod34.spec.ts:4:1 › fwod34 ────────────────────────────────────────────────────────────────────
EXIT=1
