[sweep] reusing fwod34's recording: 9 step(s), store from /home/user/sitelooper/bench/results/fwod34-skills

[sweep] run 2/3: m4odr-n2 (replay flow m4odr, no orchestrator)
[reset] odoo: no leftover bench customers
[sweep] m4odr-n2: 5 drift ticket(s) → m4odr-n2-drift.json

m4odr-n2: objectives passed 6/6
  obj 1: PASS — city="Benchville"
  obj 2: PASS — orders for customer: 1, lines: 2
  obj 3: PASS — 2 lines, 2 distinct products
  obj 4: PASS — quantities: 5, 2
  obj 5: PASS — state tracking shows confirmation
  obj 6: PASS — final state=cancel, ref=S00021

[sweep] run 3/3: m4odr-n3 (replay flow m4odr, no orchestrator)
[reset] odoo: deleted 1 leftover bench order(s)
[reset] odoo: deleted 1 leftover bench customer(s)
[sweep] m4odr-n3: 1 drift ticket(s) → m4odr-n3-drift.json

m4odr-n3: objectives passed 6/6
  obj 1: PASS — city="Benchville"
  obj 2: PASS — orders for customer: 1, lines: 2
  obj 3: PASS — 2 lines, 2 distinct products
  obj 4: PASS — quantities: 5, 2
  obj 5: PASS — state tracking shows confirmation
  obj 6: PASS — final state=cancel, ref=S00022

Learning sweep m4odr (K=3)
┌─────────┬───┬────────────┬──────────┬───────────┬───────┬──────┬───────────┬─────┬──────────────┬────────┐
│ (index) │ n │ runid      │ verified │ stop      │ turns │ cmds │ total_usd │ A_n │ replayed     │ wall_s │
├─────────┼───┼────────────┼──────────┼───────────┼───────┼──────┼───────────┼─────┼──────────────┼────────┤
│ 0       │ 2 │ 'm4odr-n2' │ '6/6'    │ 'success' │ 150   │ 9    │ 0.3117    │ 1   │ '9/9 (flow)' │ 2912   │
│ 1       │ 3 │ 'm4odr-n3' │ '6/6'    │ 'success' │ 76    │ 9    │ 0.2033    │ 1   │ '9/9 (flow)' │ 1224   │
└─────────┴───┴────────────┴──────────┴───────────┴───────┴──────┴───────────┴─────┴──────────────┴────────┘
http://127.0.0.1:8069
  s_4634ba  validated    3 steps  7/7 (100%)
           Read-only check, do not change anything: open the sales order {{v1}} (model sale.order, record id 21) in the O…
  s_8ab698  validated    3 steps  4/5 (80%)
           Sign in to this Odoo instance with username 'admin' and password 'admin' (submit the login form). Then, in the…
  s_d595d3  validated    8 steps  5/5 (100%)
           In the Odoo Sales app, create a new quotation (RFQ/sales order draft) for the customer '{{v1}}' — the customer…
  s_f1434f  validated    4 steps  5/5 (100%)
           Open the quotation {{v1}} for customer '{{v2}}' in the Odoo Sales app and confirm it (click the Confirm / Conf…
  s_c86522  demoted      9 steps  1/4 (25%)
           The sales order {{v1}} (model sale.order, record id 21) is currently in '{{v3}}' status and needs to be cancel…
  s_24f725  validated    6 steps  4/4 (100%)
           Sign in to this Odoo instance with username 'admin' and password 'admin' (submit the login form). Then, in the…
  s_bb3966  validated    4 steps  4/4 (100%)
           Sign in to this Odoo instance with username 'admin' and password 'admin' (submit the login form). Then, in the…
  s_aea942  validated    1 steps  4/4 (100%)
           Sign in to this Odoo instance with username 'admin' and password 'admin' (submit the login form). Then, in the…
  s_eee5b1  validated    4 steps  4/4 (100%)
           Sign in to this Odoo instance with username 'admin' and password 'admin' (submit the login form). Then, in the…
  s_017161  validated    2 steps  4/4 (100%)
           Sign in to this Odoo instance with username 'admin' and password 'admin' (submit the login form). Then, in the…
  s_cadcaa  validated    1 steps  4/4 (100%)
           In the Odoo Sales app, create a new quotation (RFQ/sales order draft) for the customer '{{v1}}' — the customer…
  s_c99d6c  validated    7 steps  4/4 (100%)
           In the Odoo Sales app, create a new quotation (RFQ/sales order draft) for the customer '{{v1}}' — the customer…
  s_c925b1  validated    5 steps  4/4 (100%)
           In the Odoo Sales app, create a new quotation (RFQ/sales order draft) for the customer '{{v1}}' — the customer…
  s_059a1e  validated    6 steps  4/4 (100%)
           Open the existing draft quotation {{v1}} for customer '{{v2}}' in the Odoo Sales app. On the FIRST order line …
  s_3e0857  validated    2 steps  4/4 (100%)  variant of s_c86522
           The sales order {{v1}} (model sale.order, record id {{02-create.url.q.id}}) is currently in 'Sales Order' stat…
  s_04d970  validated    2 steps  3/3 (100%)
           Open the sales order {{v1}} (record id {{v2}}, model sale.order) in the Odoo Sales app and report ONLY its cur…
  s_d654ba  provisional 12 steps  1/2 (50%)
           Open the existing draft quotation {{v1}} for customer '{{v2}}' in the Odoo Sales app. Add a SECOND order line …
  s_e7d322  validated   20 steps  2/2 (100%)  variant of s_c86522
           Open the confirmed sales order {{v1}} for customer '{{v2}} Bench Customer' in the Odoo Sales app and cancel it…
  s_dc0408  validated   10 steps  2/2 (100%)  variant of s_3073e0
           Open the existing draft quotation {{v1}} for customer '{{v2}} Bench Customer' in the Odoo Sales app. Add a SEC…
  s_3073e0  demoted     13 steps  1/2 (50%)  variant of s_d654ba
           Open the existing draft quotation {{v1}} for customer '{{v2}} Bench Customer' in the Odoo Sales app. Add a SEC…
  s_a13ab2  provisional  3 steps  1/1 (100%)  variant of s_8ab698
           Sign in to this Odoo instance with username 'admin' and password 'admin' (submit the login form). Then, in the…
  s_4c4c24  provisional  1 steps  1/1 (100%)  variant of s_8ab698
           Sign in to this Odoo instance with username 'admin' and password 'admin' (submit the login form). Then, in the…
  s_a05361  provisional  3 steps  1/1 (100%)  variant of s_8ab698
           Sign in to this Odoo instance with username 'admin' and password 'admin' (submit the login form). Then, in the…
  s_5ff839  provisional  7 steps  1/1 (100%)  variant of s_8ab698
           Sign in to this Odoo instance with username 'admin' and password 'admin' (submit the login form). Then, in the…
  s_74d033  provisional  1 steps  1/1 (100%)  variant of s_8ab698
           Sign in to this Odoo instance with username 'admin' and password 'admin' (submit the login form). Then, in the…
  s_96f61b  provisional  4 steps  1/1 (100%)  variant of s_8ab698
           Sign in to this Odoo instance with username 'admin' and password 'admin' (submit the login form). Then, in the…
  s_5260b1  provisional  2 steps  1/1 (100%)  variant of s_8ab698
           Sign in to this Odoo instance with username 'admin' and password 'admin' (submit the login form). Then, in the…
  s_6c0c9e  provisional 10 steps  1/1 (100%)
           In the Odoo Sales app, create a new quotation (RFQ/sales order draft) for the customer '{{v2}}' — the customer…
  s_44b787  provisional  1 steps  1/1 (100%)
           In the Odoo Sales app, create a new quotation (RFQ/sales order draft) for the customer '{{v2}}' — the customer…
  s_f83922  provisional  9 steps  1/1 (100%)
           In the Odoo Sales app, create a new quotation (RFQ/sales order draft) for the customer '{{v2}}' — the customer…
  s_ae1f87  provisional  6 steps  1/1 (100%)
           In the Odoo Sales app, create a new quotation (RFQ/sales order draft) for the customer '{{v2}}' — the customer…
  s_b46d5a  provisional 11 steps  1/1 (100%)
           Open the existing draft quotation for customer '{{v1}} Bench Customer' in the Odoo Sales app. Add a SECOND ord…
  s_433e27  provisional  8 steps  1/1 (100%)
           Open the existing draft quotation for customer '{{v1}} Bench Customer' in the Odoo Sales app. On the FIRST ord…
  s_b8e6b3  provisional 23 steps  1/1 (100%)
           Open the confirmed sales order {{02-create.quotation_ref}} for customer '{{v1}} Bench Customer' in the Odoo Sa…
  s_439c8b  provisional 10 steps  1/1 (100%)
           The sales order (model sale.order, record id ) is currently in 'Sales Order' status and needs to be cancelled.…
store: /home/user/sitelooper/bench/results/m4odr-skills

summary: /home/user/sitelooper/bench/results/m4odr-sweep.json
EXIT=0
