repairing bench/results/m4od2-spec/fwod34r3.flow.ts (9 step(s)) in /tmp/sitelooper-repair-EjGx3y
  reset (run 1): node --input-type=module -e "import {resetTarget} from './bench/app-reset.mjs'; await resetTarget('odoo')"
run 1: 9/9 step(s) success, 0 drift ticket(s)
  [OK] 01-signin (tier A)
  [OK] 02-create (tier A)
  [OK] 03-open (tier A)
  [OK] 04-open (tier A)
  [OK] 05-open (tier A)
  [OK] 06-open (tier A)
  [OK] 07-open (tier A)
  [OK] 08-open (tier A)
  [OK] 09-change (tier A)
  reset (converge 1/2): node --input-type=module -e "import {resetTarget} from './bench/app-reset.mjs'; await resetTarget('odoo')"
  [OK] 01-signin (tier A)
  [OK] 02-create (tier A)
  [OK] 03-open (tier A)
  [OK] 04-open (tier A)
  [OK] 05-open (tier A)
  [OK] 06-open (tier A)
  [OK] 07-open (tier A)
  [OK] 08-open (tier A)
  [OK] 09-change (tier A)
converge 1/2: 9/9 step(s) success, 0 drift ticket(s) — clean
  reset (converge 2/2): node --input-type=module -e "import {resetTarget} from './bench/app-reset.mjs'; await resetTarget('odoo')"
  [OK] 01-signin (tier A)
  [OK] 02-create (tier A)
  [OK] 03-open (tier A)
  [OK] 04-open (tier A)
  [OK] 05-open (tier A)
  [OK] 06-open (tier A)
  [OK] 07-open (tier A)
  [OK] 08-open (tier A)
  [OK] 09-change (tier A)
converge 2/2: 9/9 step(s) success, 0 drift ticket(s) — clean
  spec check reset: node --input-type=module -e "import {resetTarget} from './bench/app-reset.mjs'; await resetTarget('odoo')"
  spec check: /opt/node22/bin/node /home/user/sitelooper/node_modules/@playwright/test/cli.js test --config /home/user/sitelooper/bench/results/m4od2-spec/.sitelooper-check-JQ2AC9/playwright.config.mjs
EXIT=0
