[sweep] reusing fwrd42's recording: 7 step(s), store from /home/user/sitelooper/bench/results/fwrd42-skills

[sweep] run 2/3: m4rdr-n2 (replay flow m4rdr, no orchestrator)
[reset] repairdesk: reloaded seed via http://127.0.0.1:4180/__reset
[sweep] m4rdr-n2: 5 drift ticket(s) → m4rdr-n2-drift.json

=== m4rdr-n2 === (run self-reported: no result file)
  note: no result file in /home/user/sitelooper/bench/results — objectives are still scored from the log,
        but the run's claimed prices cannot be cross-checked.
  obj 1  PASS  seq 1: ticket t15 (RD-1015) "m4rdr-n2 RD Bench Ticket"
  obj 2  PASS  seq 2 p18 cost=100 markup=25 price=125.00
  obj 3  PASS  seq 4 p19 cost=200 markup=25 price=250.00
  obj 4  PASS  seq 5: cost 100 -> 150, price 125.00 -> 187.50 (want 187.50), after the create at seq 2
  obj 5  PASS  seq 7: status Draft -> Ready
  obj 6  PASS  part A deleted, part B deleted, archive entry at seq 10; state: 0 part(s) surviving, ticket t15 archived=true
  claim 2  no claim parsed from the run's final report
  claim 3  no claim parsed from the run's final report
  claim 4  no claim parsed from the run's final report
  summary: 6/6 objectives PASS, 0 price claim mismatch(es), 0 duplicate ticket(s)

App state: 15 tickets total, 1 left by benchmark runs (0 still active), 17 parts total, 10 mutation log entries.

[sweep] run 3/3: m4rdr-n3 (replay flow m4rdr, no orchestrator)
[reset] repairdesk: reloaded seed via http://127.0.0.1:4180/__reset
[sweep] m4rdr-n3: 5 drift ticket(s) → m4rdr-n3-drift.json

=== m4rdr-n3 === (run self-reported: no result file)
  note: no result file in /home/user/sitelooper/bench/results — objectives are still scored from the log,
        but the run's claimed prices cannot be cross-checked.
  obj 1  PASS  seq 1: ticket t15 (RD-1016) "m4rdr-n3 RD Bench Ticket"
  obj 2  PASS  seq 2 p18 cost=100 markup=25 price=125.00
  obj 3  PASS  seq 4 p19 cost=200 markup=25 price=250.00
  obj 4  PASS  seq 5: cost 100 -> 150, price 125.00 -> 187.50 (want 187.50), after the create at seq 2
  obj 5  PASS  seq 7: status Draft -> Ready
  obj 6  PASS  part A deleted, part B deleted, archive entry at seq 10; state: 0 part(s) surviving, ticket t15 archived=true
  claim 2  no claim parsed from the run's final report
  claim 3  no claim parsed from the run's final report
  claim 4  no claim parsed from the run's final report
  summary: 6/6 objectives PASS, 0 price claim mismatch(es), 0 duplicate ticket(s)

App state: 15 tickets total, 1 left by benchmark runs (0 still active), 17 parts total, 10 mutation log entries.

Learning sweep m4rdr (K=3)
┌─────────┬───┬────────────┬──────────┬───────────┬───────┬──────┬───────────┬─────┬──────────────┬────────┐
│ (index) │ n │ runid      │ verified │ stop      │ turns │ cmds │ total_usd │ A_n │ replayed     │ wall_s │
├─────────┼───┼────────────┼──────────┼───────────┼───────┼──────┼───────────┼─────┼──────────────┼────────┤
│ 0       │ 2 │ 'm4rdr-n2' │ '7/7'    │ 'success' │ 0     │ 7    │ 0         │ 1   │ '7/7 (flow)' │ 25     │
│ 1       │ 3 │ 'm4rdr-n3' │ '7/7'    │ 'success' │ 0     │ 7    │ 0         │ 1   │ '7/7 (flow)' │ 25     │
└─────────┴───┴────────────┴──────────┴───────────┴───────┴──────┴───────────┴─────┴──────────────┴────────┘
http://127.0.0.1:4180
  s_62e549  validated    2 steps  5/5 (100%)
           Open {{v2}} and sign in with email {{v3}} and password {{v4}}. Then create a new ticket titled '{{v5}}', filli…
  s_8d7c18  validated   10 steps  5/5 (100%)
           Open {{v2}} and sign in with email {{v3}} and password {{v4}}. Then create a new ticket titled '{{v5}}', filli…
  s_159ce6  validated    2 steps  5/5 (100%)
           Open {{v2}} and sign in with email {{v3}} and password {{v4}}. Then create a new ticket titled '{{v5}}', filli…
  s_05e528  validated   13 steps  5/5 (100%)
           On the ticket '{{v1}}' (reference {{v3}}), add a part named '{{v4}}' with cost {{v5}} and markup {{v6}}. Fill …
  s_93dad9  validated    1 steps  5/5 (100%)
           On the ticket '{{v1}}' (reference {{v3}}), add a part named '{{v4}}' with cost {{v5}} and markup {{v6}}. Fill …
  s_a75905  validated   18 steps  5/5 (100%)
           On the ticket '{{v1}}' (reference {{v3}}), add a second part named '{{v5}}' with cost {{v6}} and markup {{v7}}…
  s_6a4d6f  validated   10 steps  5/5 (100%)
           On the ticket '{{v1}}' (reference {{v3}}), edit the part named '{{v4}}' so its cost changes from 100 to {{v5}}…
  s_76c93d  validated    7 steps  5/5 (100%)
           On the ticket '{{v1}}' (reference {{v3}}), change the ticket's status to 'Ready'. The app enforces preconditio…
  s_640d6e  validated   12 steps  5/5 (100%)
           On the ticket '{{v1}}' (reference {{v3}}), first confirm and report its current status and the parts listed (n…
  s_da5eeb  validated    2 steps  5/5 (100%)
           Verify the final state of the app: find the ticket '{{v1}}' (reference {{v3}}) and report its status, whether …
  s_688926  validated    1 steps  5/5 (100%)
           Verify the final state of the app: find the ticket '{{v1}}' (reference {{v3}}) and report its status, whether …
store: /home/user/sitelooper/bench/results/m4rdr-skills

summary: /home/user/sitelooper/bench/results/m4rdr-sweep.json
EXIT=0
