rebuilt a hagc1: ok
rebuilt b hagc1: ok
rebuilt a hagc2: ok
rebuilt b hagc2: ok
rebuilt a hagc3: ok
rebuilt b hagc3: ok
rebuilt a hbgc1: ok
rebuilt b hbgc1: ok
rebuilt a hbgc2: ok
rebuilt b hbgc2: ok
rebuilt a hbgc3: ok
rebuilt b hbgc3: ok
rbgc-b-hagc1-1: pw fail, verifier 1/7 state NOT clean, drift 0
rbgc-a-hagc1-1: pw fail, verifier 1/7 state NOT clean, drift 0
rbgc-a-hagc2-1: pw pass, verifier 7/7 state clean, drift 2
rbgc-b-hagc2-1: pw pass, verifier 7/7 state clean, drift 2
rbgc-b-hagc3-1: pw fail, verifier 7/7 state clean, drift 5
rbgc-a-hagc3-1: pw fail, verifier 7/7 state clean, drift 5
rbgc-a-hbgc1-1: refused error 05-create: slot v3 is bound to {{03-create.product_name_field_name}}, and nothing has ever published product_name_field_name | sitelooper: refused: unsourced-ref — see the diagnostics above
rbgc-b-hbgc1-1: refused error 05-create: slot v3 is bound to {{03-create.product_name_field_name}}, and nothing has ever published product_name_field_name | sitelooper: refused: unsourced-ref — see the diagnostics above
rbgc-b-hbgc2-1: pw fail, verifier 2/7 state NOT clean, drift 0
rbgc-a-hbgc2-1: pw pass, verifier 7/7 state clean, drift 1
rbgc-a-hbgc3-1: refused error 05-edit: slot v4 is bound to {{03-create.product_id}}, and nothing has ever published product_id | error 06-edit: slot v5 is bound to {{03-create.product_id}}, and nothing has ever published pro
rbgc-b-hbgc3-1: pw fail, verifier 3/7 state NOT clean, drift 1
rbgc-a-hagc1-2: pw fail, verifier 1/7 state NOT clean, drift 0
rbgc-b-hagc1-2: pw fail, verifier 1/7 state NOT clean, drift 0
rbgc-b-hagc2-2: pw pass, verifier 7/7 state clean, drift 2
rbgc-a-hagc2-2: pw pass, verifier 7/7 state clean, drift 2
rbgc-a-hagc3-2: pw fail, verifier 7/7 state clean, drift 5
rbgc-b-hagc3-2: pw fail, verifier 7/7 state clean, drift 5
rbgc-b-hbgc1-2: refused error 05-create: slot v3 is bound to {{03-create.product_name_field_name}}, and nothing has ever published product_name_field_name | sitelooper: refused: unsourced-ref — see the diagnostics above
rbgc-a-hbgc1-2: refused error 05-create: slot v3 is bound to {{03-create.product_name_field_name}}, and nothing has ever published product_name_field_name | sitelooper: refused: unsourced-ref — see the diagnostics above
rbgc-a-hbgc2-2: pw pass, verifier 7/7 state clean, drift 1
rbgc-b-hbgc2-2: pw fail, verifier 2/7 state NOT clean, drift 0
rbgc-b-hbgc3-2: pw fail, verifier 3/7 state NOT clean, drift 1
rbgc-a-hbgc3-2: refused error 05-edit: slot v4 is bound to {{03-create.product_id}}, and nothing has ever published product_id | error 06-edit: slot v5 is bound to {{03-create.product_id}}, and nothing has ever published pro
after:  {"runs":12,"stateClean":6,"refused":4,"pwPassed":4,"silentPasses":0,"honest":6,"compiled":8,"drift":16}
before: {"runs":12,"stateClean":4,"refused":2,"pwPassed":2,"silentPasses":0,"honest":8,"compiled":10,"drift":16}
