
=== hbgc2-n1 ===
   1 success reads= 1  model-named=[page_title,signed_in_user,landing_page,stock_summary]  would-ask=[]  backfilled=[]
   2 success reads= 2  model-named=[matching_count,total_products_in_table,product_details,matching_products_1,matching_products_2,matching_products_3]  would-ask=[]  backfilled=[]
   3 success reads= 4  model-named=[product_name,product_id,product_url,description_text,description_html,description_paragraph_count,location,stock_amount,quantity_unit,list_row,product_description]  would-ask=[]  backfilled=[]
   4 success reads=11  model-named=[product_name,product_id,default_location_displayed,default_location_value,product_group_displayed,product_group_value,selected_default_location,selected_product_group,location_options,product_group_options,verified_after_reload,default_location_select_id,product_group_select_id,saved_default_location_value,saved_product_group_value,default_location_id_option,product_reference]  would-ask=[]  backfilled=[]
      recorded ask: asked=[selected] named=true
   5 success reads= 5  model-named=[product_name,product_id,quantity_unit_stock_displayed,quantity_unit_stock_value,default_quantity_unit_purchase_displayed,default_quantity_unit_purchase_value,minimum_stock_amount,verified_after_reload,product_reference]  would-ask=[]  backfilled=[]
   6 success reads= 2  model-named=[product_name,product_id_from_edit_url,edit_page_url,default_due_days,barcode,barcode_section_table_row,barcode_row,product_reference]  would-ask=[]  backfilled=[]
   7 success reads= 1  model-named=[product_name,product_id,purchase_amount,purchase_location,purchase_due_date,purchased_date,stock_entry_id,stock_entry_url,stock_entry_row,resulting_stock_amount,number_of_stock_entries,purchase_location_select,product_reference]  would-ask=[]  backfilled=[]
  flow: 7 step(s), 3 cross-step reference(s)
  refs: {"{{runid}}":18,"{{03-create.url.p1}}":3,"{{env:APP_PASSWORD}}":2}
    01-signin publishes [page_title,signed_in_user,landing_page,stock_summary]
    02-find publishes [matching_count,total_products_in_table,product_details,matching_products_1,matching_products_2,matching_products_3]
    03-create publishes [product_name,product_id,product_url,description_text,description_html,description_paragraph_count,location,stock_amount,quantity_unit,list_row,product_description]
    04-edit publishes [product_name,product_id,default_location_displayed,default_location_value,product_group_displayed,product_group_value,selected_default_location,selected_product_group,location_options,product_group_options,verified_after_reload,default_location_select_id,product_group_select_id,saved_default_location_value,saved_product_group_value,default_location_id_option,product_reference]
    05-edit publishes [product_name,product_id,quantity_unit_stock_displayed,quantity_unit_stock_value,default_quantity_unit_purchase_displayed,default_quantity_unit_purchase_value,minimum_stock_amount,verified_after_reload,product_reference]
    06-edit publishes [product_name,product_id_from_edit_url,edit_page_url,default_due_days,barcode,barcode_section_table_row,barcode_row,product_reference]
    07-create publishes [product_name,product_id,purchase_amount,purchase_location,purchase_due_date,purchased_date,stock_entry_id,stock_entry_url,stock_entry_row,resulting_stock_amount,number_of_stock_entries,purchase_location_select,product_reference]

{
  "tag": "hbgc2",
  "runs": [
    {
      "runid": "hbgc2-n1",
      "instructions": 7,
      "withModelNames": 7,
      "wouldAsk": 0,
      "crossStepRefs": 3,
      "stepsPublishing": 7,
      "flowSteps": 7,
      "adoptedSteps": 0,
      "markers": [
        "5f83e1:{{v1}} = \"hbgc2-n1\"",
        "5f83e1:{{v2}} = \"hbgc2-n1 Bench Product\"",
        "d3499a:{{v1}} = \"hbgc2-n1 Bench Product\"",
        "d3499a:{{v2}} = \"hbgc2-n1\"",
        "65d9ff:{{v1}} = \"hbgc2-n1 Bench Product\"",
        "65d9ff:{{v2}} = \"hbgc2-n1\"",
        "8e3a33:{{v1}} = \"hbgc2-n1 Bench Product\"",
        "8e3a33:{{v2}} = \"hbgc2-n1\"",
        "a71b4f:{{v1}} = \"hbgc2-n1 Bench Product\"",
        "a71b4f:{{v2}} = \"hbgc2-n1\""
      ]
    }
  ]
}
