
=== hagc3-n1 ===
   1 success reads= 1  model-named=[page_title,signed_in_user,stock_heading,stock_summary]  would-ask=[]  backfilled=[]
   2 success reads= 2  model-named=[matching_product_count,product_1,product_2,product_3,product_row_details]  would-ask=[]  backfilled=[]
   3 success reads= 7  model-named=[product_name,product_description_paragraph,product_list_row,product_id,default_location,stock_amount,other_product_names,description_placement,ref]  would-ask=[http://127.0.0.1:8106/products?product=61824]  backfilled=[]
      recorded ask: asked=[hagc3-n1 Bench Product	Fridge	0	Piece	Piece | http://127.0.0.1:8106/products?product=61824] named=true
   4 success reads= 6  model-named=[product_name,product_edit_url,default_location,product_group,verified_row,verified_columns,save_action,ref]  would-ask=[]  backfilled=[form_button]
      recorded ask: asked=[http://127.0.0.1:8106/product/61824?returnto=%2Fproducts] named=true
   5 success reads= 6  model-named=[product_name,quantity_unit_stock,default_quantity_unit_purchase,verified_columns,selected_quantity_unit,item_1,item_1_value,ref,verified_row_1,verified_row_2,verified_row_3,verified_row_4,verified_row_5,verified_row_6]  would-ask=[hagc3-n1 Bench Product	Pantry	4	Pack	Pack	Snacks]  backfilled=[select,select_2]
   6 success reads=11  model-named=[product_name,default_due_days,default_due_days_field,barcode_added,verified_after_full_page_reload,min_stock_amount_still,barcode_add_route,item_1,item_1_value,barcode_table_rows_1,current_url,default_due_days_after_r,ref]  would-ask=[]  backfilled=[form_input_form_select]
   7 success reads=11  model-named=[product,amount_purchased,quantity_unit,location,due_date,stock_amount_after,stock_entries_dialog_row,stock_entry_count,amount_value,due_date_value,location_value,stock_amount_overview,product_overview_2,stock_entry_row,stock_entry_due_date,stock_amount_overview_pa,ref,product_overview_1,product_overview_2_2,product_overview_3,product_overview_4,product_overview_5]  would-ask=[]  backfilled=[form_input]
   8 success reads= 3  model-named=[product_id,product_edit_url,url_path,edit_page_name_field,page_heading,edit_page_name,ref]  would-ask=[]  backfilled=[]
  flow: 8 step(s), 2 cross-step reference(s)
  refs: {"{{runid}}":21,"{{env:APP_PASSWORD}}":2,"{{05-edit.verified_row_2}}":2}
    01-signin publishes [page_title,signed_in_user,stock_heading,stock_summary]
    02-report publishes [matching_product_count,product_1,product_2,product_3,product_row_details]
    03-create publishes [product_name,product_description_paragraph,product_list_row,product_id,default_location,stock_amount,other_product_names,description_placement,ref]
    04-edit publishes [product_name,product_edit_url,default_location,product_group,verified_row,verified_columns,save_action,form_button,ref]
    05-edit publishes [product_name,quantity_unit_stock,default_quantity_unit_purchase,min_stock_amount,verified_columns,selected_quantity_unit,item_1,item_1_value,select,select_2,ref,verified_row_1,verified_row_2,verified_row_3,verified_row_4,verified_row_5,verified_row_6]
    06-edit publishes [product_name,default_due_days,default_due_days_field,barcode_added,verified_after_full_page_reload,min_stock_amount_still,barcode_add_route,item_1,item_1_value,barcode_table_rows_1,current_url,default_due_days_after_r,form_input_form_select,ref]
    07-create publishes [product,amount_purchased,quantity_unit,location,due_date,stock_amount_after,stock_entries_dialog_row,stock_entry_count,amount_value,due_date_value,location_value,stock_amount_overview,product_overview_2,stock_entry_row,stock_entry_due_date,stock_amount_overview_pa,form_input,ref,product_overview_1,product_overview_2_2,product_overview_3,product_overview_4,product_overview_5]
    08-open publishes [product_id,product_edit_url,url_path,edit_page_name_field,page_heading,edit_page_name,ref]

{
  "tag": "hagc3",
  "runs": [
    {
      "runid": "hagc3-n1",
      "instructions": 8,
      "withModelNames": 8,
      "wouldAsk": 2,
      "crossStepRefs": 2,
      "stepsPublishing": 8,
      "flowSteps": 8,
      "adoptedSteps": 0,
      "markers": [
        "63912b:{{v1}} = \"hagc3-n1 Bench Product\"",
        "63912b:{{v2}} = \"hagc3-n1\"",
        "63912b:{{v1}} = \"hagc3-n1 Bench Product\"",
        "63912b:{{v2}} = \"hagc3-n1\"",
        "b5eccf:{{v1}} = \"hagc3-n1 Bench Product\"",
        "b5eccf:{{v2}} = \"hagc3-n1\"",
        "b5eccf:{{v1}} = \"hagc3-n1 Bench Product\"",
        "b5eccf:{{v2}} = \"hagc3-n1\"",
        "25700a:{{v1}} = \"hagc3-n1 Bench Product\"",
        "25700a:{{v2}} = \"hagc3-n1\"",
        "25700a:{{v1}} = \"hagc3-n1 Bench Product\"",
        "25700a:{{v2}} = \"hagc3-n1\"",
        "a71705:{{v1}} = \"hagc3-n1 Bench Product\"",
        "a71705:{{v2}} = \"hagc3-n1\"",
        "41a372:{{v1}} = \"hagc3-n1 Bench Product\"",
        "41a372:{{v2}} = \"hagc3-n1\"",
        "41a372:{{v1}} = \"hagc3-n1 Bench Product\"",
        "41a372:{{v2}} = \"hagc3-n1\""
      ]
    }
  ]
}
