docker daemon not running; starting dockerd
 Image linuxserver/grocy:v4.7.1-ls343 Pulling 
 9735b91f656d Pulling fs layer 0B
 f50f060172d6 Pulling fs layer 0B
 712d8f0ce999 Pulling fs layer 0B
 f6a4c3e338ed Pulling fs layer 0B
 14486d5a9cff Pulling fs layer 0B
 aff01718d39b Pulling fs layer 0B
 17614bd3a099 Pulling fs layer 0B
 5f92eb4f9af0 Pulling fs layer 0B
 d73a08f42f17 Pulling fs layer 0B
 55508db52af0 Pulling fs layer 0B
 532eac68b03a Pulling fs layer 0B
 f6a4c3e338ed Already exists 0B
 44136fa355b3 Download complete 0B
 20ed1ef9fbec Download complete 0B
 14486d5a9cff Download complete 0B
 f5ed5ca21f2a Download complete 0B
 9735b91f656d Downloading 2.097MB
 f50f060172d6 Download complete 0B
 5f92eb4f9af0 Downloading 1.049MB
 9735b91f656d Downloading 4.194MB
 712d8f0ce999 Download complete 0B
 aff01718d39b Download complete 0B
 9735b91f656d Download complete 0B
 5f92eb4f9af0 Downloading 3.146MB
 9735b91f656d Extracting 1B
 5f92eb4f9af0 Downloading 7.34MB
 55508db52af0 Download complete 0B
 9735b91f656d Extracting 1B
 5f92eb4f9af0 Downloading 9.437MB
 d73a08f42f17 Download complete 0B
 9735b91f656d Extracting 1B
 17614bd3a099 Downloading 1.049MB
 5f92eb4f9af0 Downloading 12.58MB
 9735b91f656d Extracting 1B
 17614bd3a099 Downloading 3.146MB
 5f92eb4f9af0 Downloading 14.68MB
 f6a4c3e338ed Pull complete 0B
 9735b91f656d Pull complete 0B
 55508db52af0 Extracting 1B
 17614bd3a099 Downloading 6.291MB
 5f92eb4f9af0 Download complete 0B
 f50f060172d6 Pull complete 0B
 55508db52af0 Pull complete 0B
 d73a08f42f17 Pull complete 0B
 532eac68b03a Downloading 2.097MB
 17614bd3a099 Downloading 9.437MB
 17614bd3a099 Downloading 11.53MB
 532eac68b03a Downloading 4.194MB
 532eac68b03a Download complete 0B
 17614bd3a099 Downloading 14.68MB
 532eac68b03a Extracting 1B
 17614bd3a099 Downloading 16.78MB
 532eac68b03a Extracting 1B
 17614bd3a099 Downloading 19.92MB
 532eac68b03a Extracting 1B
 17614bd3a099 Downloading 23.07MB
 532eac68b03a Extracting 1B
 17614bd3a099 Downloading 25.17MB
 aff01718d39b Pull complete 0B
 5f92eb4f9af0 Extracting 1B
 532eac68b03a Pull complete 0B
 17614bd3a099 Downloading 28.31MB
 5f92eb4f9af0 Extracting 1B
 17614bd3a099 Downloading 31.46MB
 5f92eb4f9af0 Extracting 1B
 17614bd3a099 Downloading 34.6MB
 5f92eb4f9af0 Extracting 1B
 17614bd3a099 Downloading 36.7MB
 5f92eb4f9af0 Extracting 1B
 17614bd3a099 Downloading 39.85MB
 5f92eb4f9af0 Extracting 1B
 17614bd3a099 Downloading 41.94MB
 5f92eb4f9af0 Extracting 1B
 17614bd3a099 Downloading 45.09MB
 5f92eb4f9af0 Extracting 1B
 17614bd3a099 Downloading 48.23MB
 5f92eb4f9af0 Extracting 1B
 17614bd3a099 Downloading 51.38MB
 5f92eb4f9af0 Extracting 1B
 17614bd3a099 Downloading 53.48MB
 5f92eb4f9af0 Extracting 1B
 17614bd3a099 Downloading 56.62MB
 5f92eb4f9af0 Extracting 2B
 17614bd3a099 Downloading 58.33MB
 5f92eb4f9af0 Extracting 2B
 17614bd3a099 Download complete 0B
 5f92eb4f9af0 Pull complete 0B
 712d8f0ce999 Pull complete 0B
 17614bd3a099 Extracting 1B
 17614bd3a099 Extracting 1B
 17614bd3a099 Extracting 1B
 17614bd3a099 Extracting 1B
 17614bd3a099 Extracting 1B
 17614bd3a099 Extracting 1B
 17614bd3a099 Extracting 1B
 17614bd3a099 Extracting 1B
 17614bd3a099 Extracting 1B
 17614bd3a099 Extracting 1B
 17614bd3a099 Extracting 1B
 17614bd3a099 Extracting 2B
 17614bd3a099 Extracting 2B
 17614bd3a099 Extracting 2B
 17614bd3a099 Extracting 2B
 17614bd3a099 Extracting 2B
 17614bd3a099 Extracting 2B
 17614bd3a099 Extracting 2B
 17614bd3a099 Extracting 2B
 17614bd3a099 Extracting 2B
 17614bd3a099 Extracting 2B
 17614bd3a099 Extracting 3B
 17614bd3a099 Extracting 3B
 17614bd3a099 Extracting 3B
 17614bd3a099 Extracting 3B
 17614bd3a099 Extracting 3B
 17614bd3a099 Extracting 3B
 17614bd3a099 Extracting 3B
 17614bd3a099 Extracting 3B
 17614bd3a099 Extracting 3B
 17614bd3a099 Extracting 4B
 17614bd3a099 Extracting 4B
 17614bd3a099 Extracting 4B
 17614bd3a099 Extracting 4B
 17614bd3a099 Extracting 4B
 17614bd3a099 Extracting 4B
 17614bd3a099 Extracting 4B
 17614bd3a099 Extracting 4B
 17614bd3a099 Extracting 4B
 17614bd3a099 Extracting 4B
 17614bd3a099 Extracting 4B
 17614bd3a099 Extracting 5B
 17614bd3a099 Extracting 5B
 17614bd3a099 Extracting 5B
 17614bd3a099 Extracting 5B
 17614bd3a099 Extracting 5B
 17614bd3a099 Extracting 5B
 17614bd3a099 Extracting 5B
 17614bd3a099 Extracting 5B
 17614bd3a099 Extracting 5B
 17614bd3a099 Extracting 5B
 17614bd3a099 Extracting 6B
 17614bd3a099 Extracting 6B
 17614bd3a099 Extracting 6B
 17614bd3a099 Extracting 6B
 17614bd3a099 Extracting 6B
 17614bd3a099 Extracting 6B
 17614bd3a099 Extracting 6B
 17614bd3a099 Extracting 6B
 17614bd3a099 Extracting 6B
 17614bd3a099 Extracting 6B
 17614bd3a099 Extracting 7B
 17614bd3a099 Extracting 7B
 17614bd3a099 Extracting 7B
 17614bd3a099 Extracting 7B
 17614bd3a099 Extracting 7B
 17614bd3a099 Extracting 7B
 17614bd3a099 Extracting 7B
 17614bd3a099 Extracting 7B
 17614bd3a099 Extracting 7B
 17614bd3a099 Extracting 7B
 14486d5a9cff Pull complete 0B
 17614bd3a099 Pull complete 0B
 Image linuxserver/grocy:v4.7.1-ls343 Pulled 
 Volume grocy_grocy-config Creating 
 Volume grocy_grocy-config Creating 
 Network grocy_default Creating 
 Network grocy_default Creating 
 Volume grocy_grocy-config Created 
 Volume grocy_grocy-config Created 
 Network grocy_default Created 
 Network grocy_default Created 
 Container grocy-grocy-1 Creating 
 Container grocy-grocy-1 Created 
 Container grocy-grocy-1 Starting 
 Container grocy-grocy-1 Started 
grocy: http://127.0.0.1:8106/robots.txt answered HTTP 200
grocy: database migrated, /login answers 200
grocy admin password set
grocy API key installed
grocy API key authenticates
grocy admin signs in with the bench password
[reset] grocy: restored locations "Fridge"
[reset] grocy: seeded locations "Pantry"
[reset] grocy: seeded locations "Pantry Shelf"
[reset] grocy: seeded locations "Garage Pantry"
[reset] grocy: seeded quantity_units "Package"
[reset] grocy: seeded quantity_units "Six-pack"
[reset] grocy: seeded product_groups "Beverages"
[reset] grocy: seeded product_groups "Snacks"
[reset] grocy: seeded product_groups "Snacks & Sweets"
[reset] grocy: seeded product_groups "Healthy Snacks"
[reset] grocy: no products to delete
[reset] grocy: seeded product "Seed: Sparkling water"
[reset] grocy: seeded product "Seed: Orange juice"
[reset] grocy: seeded product "Seed: Oat milk"
[reset] grocy: product ids continue after 22707
grocy: up, seeded and reset
