
=== hagc1-n1 ===
   1 success reads= 2  model-named=[page_title,header_user,stock_overview_header,stock_overview_summary,nav_items]  would-ask=[]  backfilled=[]
   2 success reads= 7  model-named=[product_count_total,product_rows_detail,page_url_before_filters,seed_oat_milk_product_name,seed_orange_juice_product_name,products_starting_with_Seed_1,products_starting_with_Seed_2,products_starting_with_Seed_3]  would-ask=[]  backfilled=[]
   3 success reads= 3  model-named=[default_location,description_html,description_paragraph_count,new_product_form_url,product_id,product_name,products_list_row,quantity_unit,saved_description_text,stock_amount,ref]  would-ask=[]  backfilled=[]
      recorded ask: asked=[http://127.0.0.1:8106/product/new] named=true
   4 success reads= 7  model-named=[default_location_id,default_location_set,item_edited,persisted_after_reload,product_edit_page_url,product_group_id,product_group_set,product_name_after_reload,save_action_used,default_location_field,product_group_field,selected_product_group,selected_default_location,persisted_default_locati,persisted_product_group,ref]  would-ask=[]  backfilled=[]
      recorded ask: asked=[http://127.0.0.1:8106/product/88079] named=true
   5 success reads= 7  model-named=[item_edited,quantity_unit_stock_set,default_quantity_unit_purchase_set,minimum_stock_amount_set,selected_option_values,cascade_side_effect,verification_method,quantity_unit_stock,default_quantity_unit_purchase,minimum_stock_amount,persisted_qu_stock,persisted_qu_purchase,persisted_min_stock_amou,persisted_qu_consume,ref]  would-ask=[]  backfilled=[]
   6 success reads= 5  model-named=[item_edited,default_due_days_set,default_due_days_persisted,barcode_added,barcode_attached_to,barcodes_table_after_reload,barcodes_table_row_count,barcode_persisted,due_days_field,persisted_default_due_da,barcode_value,persisted_default_due_days,ref]  would-ask=[]  backfilled=[]
   7 success reads= 5  model-named=[product_selected_by_name,purchased_amount,purchase_location,purchase_due_date,purchase_form_values_before_save,stock_entries_row,stock_entry_count,stock_overview_summary,purchase_amount_field,purchase_due_date_field,purchase_location_field,stock_overview_rows,ref,stock_overview_product_name,stock_overview_quantity,stock_overview_due_date,stock_entry_product_name,stock_entry_quantity,stock_entry_due_date,stock_entry_location,stock_entry_price_per_unit,stock_entry_purchase_date]  would-ask=[]  backfilled=[]
  flow: 7 step(s), 5 cross-step reference(s)
  refs: {"{{runid}}":18,"{{03-create.url.p1}}":4,"{{env:APP_PASSWORD}}":2,"{{01-signin.url.p0}}":1}
    01-signin publishes [page_title,header_user,stock_overview_header,stock_overview_summary,nav_items]
    02-report publishes [product_count_total,product_rows_detail,page_url_before_filters,seed_oat_milk_product_name,seed_orange_juice_product_name,table_tbody_tr_td_nth_ch_3,products_starting_with_Seed_1,products_starting_with_Seed_2,products_starting_with_Seed_3]
    03-create publishes [default_location,description_html,description_paragraph_count,new_product_form_url,product_id,product_name,products_list_row,quantity_unit,saved_description_text,stock_amount,ref]
    04-edit publishes [default_location_id,default_location_set,item_edited,persisted_after_reload,product_edit_page_url,product_group_id,product_group_set,product_name_after_reload,save_action_used,default_location_field,product_group_field,selected_product_group,selected_default_location,persisted_default_locati,persisted_product_group,ref]
    05-edit publishes [item_edited,quantity_unit_stock_set,default_quantity_unit_purchase_set,minimum_stock_amount_set,selected_option_values,cascade_side_effect,verification_method,quantity_unit_stock,default_quantity_unit_purchase,minimum_stock_amount,persisted_qu_stock,persisted_qu_purchase,persisted_min_stock_amou,persisted_qu_consume,ref]
    06-edit publishes [item_edited,default_due_days_set,default_due_days_persisted,barcode_added,barcode_attached_to,barcodes_table_after_reload,barcodes_table_row_count,barcode_persisted,due_days_field,persisted_default_due_da,barcode_value,persisted_default_due_days,ref]
    07-create publishes [product_selected_by_name,purchased_amount,purchase_location,purchase_due_date,purchase_form_values_before_save,stock_entries_row,stock_entry_count,stock_overview_summary,purchase_amount_field,purchase_due_date_field,purchase_location_field,stock_overview_rows,ref,stock_overview_product_name,stock_overview_quantity,stock_overview_due_date,stock_entry_product_name,stock_entry_quantity,stock_entry_due_date,stock_entry_location,stock_entry_price_per_unit,stock_entry_purchase_date]

{
  "tag": "hagc1",
  "runs": [
    {
      "runid": "hagc1-n1",
      "instructions": 7,
      "withModelNames": 7,
      "wouldAsk": 0,
      "crossStepRefs": 5,
      "stepsPublishing": 7,
      "flowSteps": 7,
      "adoptedSteps": 0,
      "markers": [
        "92ccc1:{{v1}} = \"hagc1-n1\"",
        "92ccc1:{{v2}} = \"hagc1-n1 Bench Product\"",
        "f16d98:{{v1}} = \"hagc1-n1 Bench Product\"",
        "f16d98:{{v2}} = \"hagc1-n1\"",
        "220a9c:{{v1}} = \"hagc1-n1 Bench Product\"",
        "220a9c:{{v2}} = \"hagc1-n1\"",
        "de0d0e:{{v1}} = \"hagc1-n1 Bench Product\"",
        "de0d0e:{{v2}} = \"hagc1-n1\"",
        "a0a316:{{v1}} = \"hagc1-n1 Bench Product\"",
        "a0a316:{{v2}} = \"hagc1-n1\"",
        "a0a316:{{v3}} = \"Pantry\""
      ]
    }
  ]
}
