[rebuild-ab] rebuilt a hagc1: ok
[rebuild-ab] rebuilt b hagc1: ok
[rebuild-ab] rebuilt a hagc2: ok
[rebuild-ab] rebuilt b hagc2: ok
[rebuild-ab] rebuilt a hagc3: ok
[rebuild-ab] rebuilt b hagc3: ok
[rebuild-ab] rebuilt a hbgc1: ok
[rebuild-ab] rebuilt b hbgc1: ok
[rebuild-ab] rebuilt a hbgc2: ok
[rebuild-ab] rebuilt b hbgc2: ok
[rebuild-ab] rebuilt a hbgc3: ok
[rebuild-ab] rebuilt b hbgc3: ok
[rebuild-ab] rbgc-b-hagc1-1: pw fail, verifier 1/7 state NOT clean, drift 0
[rebuild-ab] rbgc-a-hagc1-1: pw fail, verifier 1/7 state NOT clean, drift 0
[rebuild-ab] rbgc-a-hagc2-1: pw pass, verifier 7/7 state clean, drift 2
[rebuild-ab] rbgc-b-hagc2-1: pw pass, verifier 7/7 state clean, drift 2
[rebuild-ab] rbgc-b-hagc3-1: pw fail, verifier 7/7 state clean, drift 5
[rebuild-ab] rbgc-a-hagc3-1: pw fail, verifier 7/7 state clean, drift 5
[rebuild-ab] rbgc-a-hbgc1-1: refused error 05-create: slot v3 is bound to {{03-create.product_name_field_name}}, and nothing has ever published product_name_field_name | sitelooper: refused: unsourced-ref — see the diagnostics above
[rebuild-ab] rbgc-b-hbgc1-1: refused error 05-create: slot v3 is bound to {{03-create.product_name_field_name}}, and nothing has ever published product_name_field_name | sitelooper: refused: unsourced-ref — see the diagnostics above
[rebuild-ab] rbgc-b-hbgc2-1: pw fail, verifier 2/7 state NOT clean, drift 0
[rebuild-ab] rbgc-a-hbgc2-1: pw pass, verifier 7/7 state clean, drift 1
[rebuild-ab] rbgc-a-hbgc3-1: refused error 05-edit: slot v4 is bound to {{03-create.product_id}}, and nothing has ever published product_id | error 06-edit: slot v5 is bound to {{03-create.product_id}}, and nothing has ever published pro
[rebuild-ab] rbgc-b-hbgc3-1: pw fail, verifier 3/7 state NOT clean, drift 1
[rebuild-ab] rbgc-a-hagc1-2: pw fail, verifier 1/7 state NOT clean, drift 0
[rebuild-ab] rbgc-b-hagc1-2: pw fail, verifier 1/7 state NOT clean, drift 0
[rebuild-ab] rbgc-b-hagc2-2: pw pass, verifier 7/7 state clean, drift 2
[rebuild-ab] rbgc-a-hagc2-2: pw pass, verifier 7/7 state clean, drift 2
[rebuild-ab] rbgc-a-hagc3-2: pw fail, verifier 7/7 state clean, drift 5
[rebuild-ab] rbgc-b-hagc3-2: pw fail, verifier 7/7 state clean, drift 5
[rebuild-ab] rbgc-b-hbgc1-2: refused error 05-create: slot v3 is bound to {{03-create.product_name_field_name}}, and nothing has ever published product_name_field_name | sitelooper: refused: unsourced-ref — see the diagnostics above
[rebuild-ab] rbgc-a-hbgc1-2: refused error 05-create: slot v3 is bound to {{03-create.product_name_field_name}}, and nothing has ever published product_name_field_name | sitelooper: refused: unsourced-ref — see the diagnostics above
[rebuild-ab] rbgc-a-hbgc2-2: pw pass, verifier 7/7 state clean, drift 1
[rebuild-ab] rbgc-b-hbgc2-2: pw fail, verifier 2/7 state NOT clean, drift 0
[rebuild-ab] rbgc-b-hbgc3-2: pw fail, verifier 3/7 state NOT clean, drift 1
[rebuild-ab] rbgc-a-hbgc3-2: refused error 05-edit: slot v4 is bound to {{03-create.product_id}}, and nothing has ever published product_id | error 06-edit: slot v5 is bound to {{03-create.product_id}}, and nothing has ever published pro
[rebuild-ab] after:  {"runs":12,"stateClean":6,"refused":4,"pwPassed":4,"silentPasses":0,"honest":6,"compiled":8,"drift":16}
[rebuild-ab] before: {"runs":12,"stateClean":4,"refused":2,"pwPassed":2,"silentPasses":0,"honest":8,"compiled":10,"drift":16}
