
Running 1 test using 1 worker

[sitelooper step] 01-signin
[sitelooper step] 02-find
  ✘  1 hakm3.spec.ts:9:1 › hakm3 (24.8s)


  1) hakm3.spec.ts:9:1 › hakm3 › 03-create: Create and save a Kimai project named '{{runid}} Bench Project' with a description that includes the exact runid '{{runid}}'. Do not change or edit any Seed: project. If the creation form requires a customer, choose the existing exact customer 'Bench Customer' (not similarly named alternatives) so the project can be saved. Verify the saved project name and description, and report whether a customer was required and selected. 

    Error: after 03-create s_11f319/4 expected url http://127.0.0.1:8105/en/admin/project/:id/details but browser is at http://127.0.0.1:8105/en/admin/project

       at hakm3.flow.ts:16137

      16135 |   // (navigationTarget), whether or not the step goes on to stop.
      16136 |   if (verdict.diffs) volatile.push(...verdict.diffs);
    > 16137 |   if (verdict.stop) throw new Error(verdict.stop);
            |                           ^
      16138 | }
      16139 |
      16140 | /**
        at urlEffect (/home/user/sitelooper/bench/results/rbkm2-b-hakm3-2-spec-tmp/hakm3.flow.ts:16137:27)
        at Object.verify (/home/user/sitelooper/bench/results/rbkm2-b-hakm3-2-spec-tmp/hakm3.flow.ts:17823:19)
        at runStepLifecycle (/home/user/sitelooper/bench/results/rbkm2-b-hakm3-2-spec-tmp/hakm3.flow.ts:12441:24)
        at Object.03-create (/home/user/sitelooper/bench/results/rbkm2-b-hakm3-2-spec-tmp/hakm3.flow.ts:17781:9)
        at /home/user/sitelooper/bench/results/rbkm2-b-hakm3-2-spec-tmp/hakm3.flow.ts:22425:7
        at runFlow (/home/user/sitelooper/bench/results/rbkm2-b-hakm3-2-spec-tmp/hakm3.flow.ts:22424:5)
        at /home/user/sitelooper/bench/results/rbkm2-b-hakm3-2-spec-tmp/hakm3.spec.ts:14:21

    attachment #2: sitelooper-drift (text/plain) ───────────────────────────────────────────────────
    
    ────────────────────────────────────────────────────────────────────────────────────────────────

    attachment #3: screenshot (image/png) ──────────────────────────────────────────────────────────
    test-results/hakm3-hakm3/test-failed-1.png
    ────────────────────────────────────────────────────────────────────────────────────────────────

    Error Context: test-results/hakm3-hakm3/error-context.md

  1 failed
    hakm3.spec.ts:9:1 › hakm3 ──────────────────────────────────────────────────────────────────────
