
Running 1 test using 1 worker

[sitelooper warn] 01-signin: report value login_email_used is only what this run typed: no click's own diff showed it outside its control and no read returned it — withheld from the report (still given to a later step)
[sitelooper step] 01-signin
[sitelooper step] 02-find
[sitelooper step] 03-create
[sitelooper skip] 04-verify s_b03e15/1 target: read target not found — value left empty
[sitelooper skip] 04-verify s_b03e15/2 target: read target not found — value left empty
[sitelooper step] 04-verify
[sitelooper drift] 05-create s_9abfb1/7 target: used #3 locator('#timesheet_edit_form_begin_time') (#2 ambiguous)
[sitelooper drift] 05-create s_9abfb1/8 target: used #3 locator('#timesheet_edit_form_end_time') (#2 ambiguous)
[sitelooper drift] 05-create s_9abfb1/10 target: used #3 locator('#timesheet_edit_form_begin_time') (#2 ambiguous)
[sitelooper drift] 05-create s_9abfb1/11 target: used #3 locator('#timesheet_edit_form_end_time') (#2 ambiguous)
[sitelooper warn] 05-create s_9abfb1/12: read 'from_date_filled' returned '10/9/2026' from a control this step set, and nothing committed it since — it shows the control, however the app formats it, not what the app stored; dropped from the report's confident values
[sitelooper drift] 05-create s_9abfb1/13 target: used #3 locator('#timesheet_edit_form_begin_time') (#2 ambiguous)
[sitelooper warn] 05-create s_9abfb1/13: read 'saved_begin_time' returned a value the skill itself set/selected ('9:00 AM') — confirms the control, not persistence; dropped from the report's confident values
[sitelooper drift] 05-create s_9abfb1/14 target: used #3 locator('#timesheet_edit_form_end_time') (#2 ambiguous)
[sitelooper warn] 05-create s_9abfb1/14: read 'saved_end_time' returned a value the skill itself set/selected ('11:30 AM') — confirms the control, not persistence; dropped from the report's confident values
[sitelooper warn] 05-create s_9abfb1/16: read 'from_date_filled' returned '10/9/2026' from a control this step set, and nothing committed it since — it shows the control, however the app formats it, not what the app stored; dropped from the report's confident values
[sitelooper warn] 05-create s_9abfb1/20: read 'saved_date' returned a value the skill itself set/selected ('9/16/2026') — confirms the control, not persistence; dropped from the report's confident values
[sitelooper warn] 05-create s_9abfb1/22: read 'rows_in_timesheet_list' returned '1' from a control this step set, and nothing committed it since — it shows the control, however the app formats it, not what the app stored; dropped from the report's confident values
[sitelooper warn] 05-create s_9abfb1/23: read 'saved_tags' returned 'onsite' from a control this step set, and nothing committed it since — it shows the control, however the app formats it, not what the app stored; dropped from the report's confident values
[sitelooper drift] 05-create s_9abfb1/24 target: used #3 locator('#timesheet_edit_form_begin_time') (#2 ambiguous)
[sitelooper warn] 05-create s_9abfb1/24: read 'saved_begin_time' returned a value the skill itself set/selected ('9:00 AM') — confirms the control, not persistence; dropped from the report's confident values
[sitelooper drift] 05-create s_9abfb1/25 target: used #3 locator('#timesheet_edit_form_end_time') (#2 ambiguous)
[sitelooper warn] 05-create s_9abfb1/25: read 'saved_end_time' returned a value the skill itself set/selected ('11:30 AM') — confirms the control, not persistence; dropped from the report's confident values
[sitelooper warn] 05-create s_9abfb1/26: read 'saved_description' returned a value the skill itself set/selected ('Bench entry for runid rbkm-a-hbkm3-1 (automated verification…') — confirms the control, not persistence; dropped from the report's confident values
[sitelooper warn] 05-create: report value selected_tag_label is given, not observed: it is built only from the step's own parameters, and neither this run's page nor any of its reads shows it — withheld
[sitelooper warn] 05-create: report value saved_tags_2 is given, not observed: it is built only from the step's own parameters, and neither this run's page nor any of its reads shows it — withheld
[sitelooper step] 05-create
[sitelooper warn] 06-verify s_989d48/8: read 'saved_order_date' returned a value the skill itself set/selected ('11/15/2026') — confirms the control, not persistence; dropped from the report's confident values
[sitelooper skip] 06-verify s_8c2948/4 target: read target not found — value left empty
[sitelooper warn] 06-verify s_8c2948/6: read 'saved_order_date' returned a value the skill itself set/selected ('11/15/2026') — confirms the control, not persistence; dropped from the report's confident values
[sitelooper warn] 06-verify s_8c2948/9: read 'saved_order_date' returned a value the skill itself set/selected ('11/15/2026') — confirms the control, not persistence; dropped from the report's confident values
[sitelooper warn] 06-verify: report value order_number_current is given, not observed: it is built only from the step's own parameters, and neither this run's page nor any of its reads shows it — withheld
[sitelooper warn] 06-verify: report value order_number_typed_state is given, not observed: it is built only from the step's own parameters, and neither this run's page nor any of its reads shows it — withheld
[sitelooper warn] 06-verify: report value reloaded_order_number is given, not observed: it is built only from the step's own parameters, and neither this run's page nor any of its reads shows it — withheld
[sitelooper warn] 06-verify: report value order_number_after_save_ is given, not observed: it is built only from the step's own parameters, and neither this run's page nor any of its reads shows it — withheld
[sitelooper warn] 06-verify: report value order_number_field_visib is given, not observed: it is built only from the step's own parameters, and neither this run's page nor any of its reads shows it — withheld
[sitelooper step] 06-verify
  ✓  1 hbkm3.spec.ts:9:1 › hbkm3 (1.2m)

  1 passed (1.2m)
