
Running 1 test using 1 worker

[sitelooper skip] 01-signin s_d2ca1e/3 target: read target not found — value left empty
[sitelooper step] 01-signin
[sitelooper step] 02-report
[sitelooper warn] 03-create s_30fff5/9: read 'order_number' returned a value the skill itself set/selected ('PO-4471') — confirms the control, not persistence; dropped from the report's confident values
[sitelooper warn] 03-create s_30fff5/11: read 'order_date_field2' returned a value the skill itself set/selected ('11/15/2026') — confirms the control, not persistence; dropped from the report's confident values
[sitelooper warn] 03-create s_30fff5/12: read 'customer_selected' returned 'Bench Customer Ltd
Bench Customers Group
Bench Customer' from a control this step set, and nothing committed it since — it shows the control, however the app formats it, not what the app stored; dropped from the report's confident values
[sitelooper warn] 03-create s_30fff5/13: read 'project_name' returned a value the skill itself set/selected ('rbkm-a-hakm1-2 Bench Project') — confirms the control, not persistence; dropped from the report's confident values
[sitelooper warn] 03-create s_30fff5/14: read 'customer_name' returned 'Bench Customer' from a control this step set, and nothing committed it since — it shows the control, however the app formats it, not what the app stored; dropped from the report's confident values
[sitelooper warn] 03-create: report value name_field is only what this run typed: no click's own diff showed it outside its control and no read returned it — withheld from the report (still given to a later step)
[sitelooper warn] 03-create: report value saved_project_name is only what this run typed: no click's own diff showed it outside its control and no read returned it — withheld from the report (still given to a later step)
[sitelooper step] 03-create
[sitelooper drift] 04-create s_11b0b7/4 target: used #3 locator('#timesheet_edit_form_begin_time') (#2 ambiguous)
[sitelooper drift] 04-create s_11b0b7/5 target: used #3 locator('#timesheet_edit_form_end_time') (#2 ambiguous)
[sitelooper warn] 04-create s_11b0b7/9: read 'from_date_value' returned '10/9/2026' from a control this step set, and nothing committed it since — it shows the control, however the app formats it, not what the app stored; dropped from the report's confident values
[sitelooper warn] 04-create s_11b0b7/14: read 'from_date_after_blur' returned a value the skill itself set/selected ('09/16/2026') — confirms the control, not persistence; dropped from the report's confident values
[sitelooper warn] 04-create s_11b0b7/15: read 'begin_time_value' returned a value the skill itself set/selected ('9:00 AM') — confirms the control, not persistence; dropped from the report's confident values
[sitelooper warn] 04-create s_11b0b7/16: read 'end_time_value' returned a value the skill itself set/selected ('11:30 AM') — confirms the control, not persistence; dropped from the report's confident values
[sitelooper skip] 04-create s_11b0b7/19 target: read target not found — value left empty
[sitelooper skip] 04-create s_11b0b7/20 target: read target not found — value left empty
[sitelooper step] 04-create
  ✓  1 hakm1.spec.ts:9:1 › hakm1 (57.5s)

  1 passed (1.0m)
