rebuilt a hakm1: ok
rebuilt b hakm1: ok
rebuilt a hakm2: ok
rebuilt b hakm2: ok
rebuilt a hakm3: ok
rebuilt b hakm3: ok
rebuilt a hbkm1: ok
rebuilt b hbkm1: ok
rebuilt a hbkm2: ok
rebuilt b hbkm2: ok
rebuilt a hbkm3: ok
rebuilt b hbkm3: ok
rbkm2-b-hakm1-1: pw pass, verifier 7/7 state clean, drift 3
rbkm2-a-hakm1-1: refused error 04-create: its pinned procedure s_ebe743 ends early (sourcelessGoto) and drops 5 state-changing gesture(s) the recording made (click, click, click, click, click) — a compiled spec would pass wit
rbkm2-a-hakm2-1: refused 
rbkm2-b-hakm2-1: refused 
rbkm2-b-hakm3-1: pw fail, verifier 1/7 state NOT clean, drift 0
rbkm2-a-hakm3-1: pw fail, verifier 1/7 state NOT clean, drift 0
rbkm2-a-hbkm1-1: pw fail, verifier 1/7 state NOT clean, drift 0
rbkm2-b-hbkm1-1: pw fail, verifier 1/7 state NOT clean, drift 0
rbkm2-b-hbkm2-1: refused 
rbkm2-a-hbkm2-1: refused 
rbkm2-a-hbkm3-1: pw pass, verifier 6/7 state NOT clean SILENT, drift 8
rbkm2-b-hbkm3-1: pw fail, verifier 6/7 state NOT clean, drift 8
rbkm2-a-hakm1-2: refused error 04-create: its pinned procedure s_ebe743 ends early (sourcelessGoto) and drops 5 state-changing gesture(s) the recording made (click, click, click, click, click) — a compiled spec would pass wit
rbkm2-b-hakm1-2: pw fail, verifier 6/7 state NOT clean, drift 2
rbkm2-b-hakm2-2: refused 
rbkm2-a-hakm2-2: refused 
rbkm2-a-hakm3-2: pw fail, verifier 1/7 state NOT clean, drift 0
rbkm2-b-hakm3-2: pw fail, verifier 1/7 state NOT clean, drift 0
rbkm2-b-hbkm1-2: pw fail, verifier 1/7 state NOT clean, drift 0
rbkm2-a-hbkm1-2: pw fail, verifier 1/7 state NOT clean, drift 0
rbkm2-a-hbkm2-2: refused 
rbkm2-b-hbkm2-2: refused 
rbkm2-b-hbkm3-2: pw fail, verifier 6/7 state NOT clean, drift 8
rbkm2-a-hbkm3-2: pw pass, verifier 6/7 state NOT clean SILENT, drift 8
after:  {"runs":12,"stateClean":0,"refused":6,"pwPassed":2,"silentPasses":2,"honest":4,"compiled":6,"drift":16}
before: {"runs":12,"stateClean":1,"refused":4,"pwPassed":1,"silentPasses":0,"honest":8,"compiled":8,"drift":21}
