
=== hbkm3-n1 ===
   1 success reads= 1  model-named=[resulting_url,signed_in_user,login_email_used,page_heading,app_version,empty_state_message]  would-ask=[]  backfilled=[]
   2 success reads= 2  model-named=[projects_total_count,rows_in_list,projects_matching_prefix_count,project_total_count,project_list_name_1,project_list_name_2,project_list_name_3,matching_projects_1,matching_projects_2,matching_projects_3]  would-ask=[]  backfilled=[]
   3 success reads= 4  model-named=[saved_project_name,saved_project_description,saved_project_id,saved_project_url,projects_total_count_after_create,projects_total_count_before_create,customer_used,ref,projects_list_after_create_1,projects_list_after_create_2,projects_list_after_create_3,projects_list_after_create_4,seed_projects_unchanged_1,seed_projects_unchanged_2,seed_projects_unchanged_3]  would-ask=[]  backfilled=[]
   4 success reads= 3  model-named=[project_details_url,project_name,assigned_customer_on_details_page,similarly_named_customers_exist,change_needed,save_performed,description_unchanged,project_id,customer_name_1,customer_name_2,all_customers_in_system_1,all_customers_in_system_2]  would-ask=[]  backfilled=[]
   5 blocked reads= 8  model-named=[project_name,project_id,order_number_saved_and_verified_on_details_page,order_date_entered,order_date_value_read_back_in_form_before_save,order_date_field_expected_format,order_date_verified_on_details_page,details_page_rows_after_save,remaining_gap,other_projects_modified,save_error]  would-ask=[]  backfilled=[]
   6 failure reads= 6  model-named=[project_name,project_id,order_number_after_save,order_date_observed_blank_after_previous_save,order_date_entered_after_resume,order_date_persisted_and_verified_on_details_page,other_project_modified]  would-ask=[]  backfilled=[project_edit_form_orderd]
   7 success reads=23  model-named=[timesheet_entry_id,saved_date,saved_begin_time,saved_end_time,saved_duration,saved_project,saved_customer,saved_activity,saved_description,saved_tags,rows_in_timesheet_list,list_row,date_placeholder,start_time_placeholder,end_time_placeholder,from_date_filled,from_time_filled,end_time_filled,duration_filled,date_now,date_after_retype,tags_select_value,selected_tag_label,begin_time_check,end_time_check,description_check,saved_tags_2,timesheet_entry_edit_url,ref]  would-ask=[]  backfilled=[]
   8 success reads=12  model-named=[project_edit_url,project_name_field,saved_order_date,saved_order_number,order_date_requested,order_date_format,verification_method,other_projects_modified,project_id,order_number_current,order_date_placeholder,order_date_typed,order_number_typed_state,reloaded_order_date,reloaded_order_number,verified_order_date,ref,order_fields_visible_after_expanding_accordion]  would-ask=[]  backfilled=[]
  flow: 6 step(s), 4 cross-step reference(s)
  refs: {"{{runid}}":14,"{{env:APP_PASSWORD}}":2,"{{03-create.customer_used}}":2,"{{03-create.url.p3}}":2}
    01-signin publishes [resulting_url,signed_in_user,login_email_used,page_heading,app_version,empty_state_message]
    02-find publishes [projects_total_count,rows_in_list,projects_matching_prefix_count,project_total_count,project_list_name_1,project_list_name_2,project_list_name_3,matching_projects_1,matching_projects_2,matching_projects_3]
    03-create publishes [saved_project_name,saved_project_description,saved_project_id,saved_project_url,projects_total_count_after_create,projects_total_count_before_create,customer_used,ref,projects_list_after_create_1,projects_list_after_create_2,projects_list_after_create_3,projects_list_after_create_4,seed_projects_unchanged_1,seed_projects_unchanged_2,seed_projects_unchanged_3]
    04-verify publishes [project_details_url,project_name,assigned_customer_on_details_page,similarly_named_customers_exist,change_needed,save_performed,description_unchanged,project_id,customer_name_1,customer_name_2,all_customers_in_system_1,all_customers_in_system_2]
    05-create publishes [timesheet_entry_id,saved_date,saved_begin_time,saved_end_time,saved_duration,saved_project,saved_customer,saved_activity,saved_description,saved_tags,rows_in_timesheet_list,list_row,date_placeholder,start_time_placeholder,end_time_placeholder,from_date_filled,from_time_filled,end_time_filled,duration_filled,date_now,date_after_retype,tags_select_value,selected_tag_label,begin_time_check,end_time_check,description_check,saved_tags_2,timesheet_entry_edit_url,ref]
    06-verify publishes [project_edit_url,project_name_field,saved_order_date,saved_order_number,order_date_requested,order_date_format,verification_method,other_projects_modified,project_id,order_number_current,order_date_placeholder,order_date_typed,order_number_typed_state,reloaded_order_date,reloaded_order_number,verified_order_date,ref,order_fields_visible_after_expanding_accordion]

{
  "tag": "hbkm3",
  "runs": [
    {
      "runid": "hbkm3-n1",
      "instructions": 8,
      "withModelNames": 8,
      "wouldAsk": 0,
      "crossStepRefs": 4,
      "stepsPublishing": 6,
      "flowSteps": 6,
      "adoptedSteps": 0,
      "markers": [
        "d7fa05:{{v1}} = \"hbkm3-n1\"",
        "d7fa05:{{v2}} = \"hbkm3-n1 Bench Project\"",
        "d7fa05:{{v1}} = \"hbkm3-n1\"",
        "d7fa05:{{v2}} = \"hbkm3-n1 Bench Project\"",
        "1ad9cb:{{v1}} = \"hbkm3-n1 Bench Project\"",
        "1ad9cb:{{v2}} = \"hbkm3-n1\"",
        "1ad9cb:{{v1}} = \"hbkm3-n1 Bench Project\"",
        "1ad9cb:{{v2}} = \"hbkm3-n1\"",
        "1ad9cb:{{v3}} = \"Bench Customer\"",
        "1ad9cb:{{v1}} = \"hbkm3-n1 Bench Project\"",
        "1ad9cb:{{v2}} = \"hbkm3-n1\"",
        "c9ee32:{{v1}} = \"hbkm3-n1 Bench Project\"",
        "c9ee32:{{v2}} = \"hbkm3-n1\"",
        "c9ee32:{{v1}} = \"hbkm3-n1 Bench Project\"",
        "c9ee32:{{v2}} = \"hbkm3-n1\"",
        "74303c:{{v1}} = \"hbkm3-n1 Bench Project\"",
        "74303c:{{v2}} = \"hbkm3-n1\"",
        "74303c:{{v1}} = \"hbkm3-n1 Bench Project\"",
        "74303c:{{v2}} = \"hbkm3-n1\"",
        "74303c:{{v1}} = \"hbkm3-n1 Bench Project\"",
        "74303c:{{v2}} = \"hbkm3-n1\"",
        "74303c:{{v1}} = \"hbkm3-n1 Bench Project\"",
        "74303c:{{v2}} = \"hbkm3-n1\""
      ]
    }
  ]
}
