
=== hakm3-n1 ===
   1 success reads= 2  model-named=[account_username,account_email,avatar_initials,app_version,login_url,profile_url,account_identity,profile_email_link]  would-ask=[]  backfilled=[]
   2 success reads= 2  model-named=[matching_project_count,total_projects_on_page,pagination_summary,projects_url,matching_projects_1,matching_projects_2,matching_projects_3]  would-ask=[]  backfilled=[]
   3 success reads= 4  model-named=[project_id,project_url,saved_project_name,saved_project_description,saved_project_customer,customer_required,project_name_heading,project_description,customer_row,ref]  would-ask=[]  backfilled=[]
   4 blocked reads=22  model-named=[]  would-ask=[]  backfilled=[]
   5 success reads= 6  model-named=[project_name,order_number,order_date_displayed,order_date_iso,project_id,order_date_input_type,date_before_save,order_before_save,run_id]  would-ask=[]  backfilled=[]
   6 success reads=30  model-named=[timesheet_id,entry_edit_url,entry_api_url,date_displayed,date_iso,start_time,end_time,duration,description,customer_name,project_name,activity_name,tags,tag_count,my_times_row_count,my_times_row_values_date,my_times_row_values_start,my_times_row_values_end,my_times_row_values_duration,my_times_row_values_customer,my_times_row_values_project,my_times_row_values_activity,duration_hours,date_placeholder,date_pattern,date_id,project_sel_id,activity_sel_id,tags_sel_id,project_native_value,form_date,form_start_time,form_end_time,form_duration,form_description,date_after_typing,native_project_value,native_activity_value,tag_id,date_final,saved_entry_date,activity_option,activity_option_2,run_id,timesheet_row_date,timesheet_row_start_time,timesheet_row_end_time,timesheet_row_duration,timesheet_row_customer]  would-ask=[9/16/2026	9:00 AM	11:30 AM	2:30	Bench Customer	hakm3-n1 Bench Project	Consulting]  backfilled=[]
      recorded ask: asked=[9/16/2026	9:00 AM	11:30 AM	2:30	Bench Customer	hakm3-n1 Bench Project	Consulting] named=true
  flow: 5 step(s), 3 cross-step reference(s)
  refs: {"{{runid}}":11,"{{env:APP_PASSWORD}}":2,"{{04-edit.order_date_input_type}}":2,"{{03-create.url.p3}}":1}
    01-signin publishes [account_username,account_email,avatar_initials,app_version,login_url,profile_url,account_identity,profile_email_link]
    02-find publishes [matching_project_count,total_projects_on_page,pagination_summary,projects_url,matching_projects_1,matching_projects_2,matching_projects_3]
    03-create publishes [project_id,project_url,saved_project_name,saved_project_description,saved_project_customer,customer_required,project_name_heading,project_description,customer_row,ref]
    04-edit publishes [project_name,order_number,order_date_displayed,order_date_iso,project_id,order_date_input_type,date_before_save,order_before_save,run_id]
    05-create publishes [timesheet_id,entry_edit_url,entry_api_url,date_displayed,date_iso,start_time,end_time,duration,description,customer_name,project_name,activity_name,tags,tag_count,my_times_row_count,my_times_row_values_date,my_times_row_values_start,my_times_row_values_end,my_times_row_values_duration,my_times_row_values_customer,my_times_row_values_project,my_times_row_values_activity,duration_hours,date_placeholder,date_pattern,date_id,project_sel_id,activity_sel_id,tags_sel_id,project_native_value,form_date,form_start_time,form_end_time,form_duration,form_description,date_after_typing,native_project_value,native_activity_value,tag_id,date_final,saved_entry_date,activity_option,activity_option_2,run_id,timesheet_row_date,timesheet_row_start_time,timesheet_row_end_time,timesheet_row_duration,timesheet_row_customer]

{
  "tag": "hakm3",
  "runs": [
    {
      "runid": "hakm3-n1",
      "instructions": 6,
      "withModelNames": 5,
      "wouldAsk": 1,
      "crossStepRefs": 3,
      "stepsPublishing": 5,
      "flowSteps": 5,
      "adoptedSteps": 0,
      "markers": [
        "490ce7:{{v1}} = \"hakm3-n1\"",
        "490ce7:{{v2}} = \"hakm3-n1 Bench Project\"",
        "35b955:{{v1}} = \"hakm3-n1 Bench Project\"",
        "35b955:{{v2}} = \"hakm3-n1\"",
        "e37260:{{v1}} = \"hakm3-n1 Bench Project\"",
        "e37260:{{v2}} = \"hakm3-n1\""
      ]
    }
  ]
}
