rebuilt a hakm1: ok
rebuilt b hakm1: ok
rebuilt a hakm2: ok
rebuilt b hakm2: ok
rebuilt a hakm3: ok
rebuilt b hakm3: ok
rebuilt a hbkm1: ok
rebuilt b hbkm1: ok
rebuilt a hbkm2: ok
rebuilt b hbkm2: ok
rebuilt a hbkm3: ok
rebuilt b hbkm3: ok
rbkm-b-hakm1-1: pw pass, verifier 7/7 state clean, drift 3
rbkm-a-hakm1-1: pw pass, verifier 6/7 state NOT clean SILENT, drift 2
rbkm-a-hakm2-1: refused 
rbkm-b-hakm2-1: refused 
rbkm-b-hakm3-1: pw fail, verifier 1/7 state NOT clean, drift 0
rbkm-a-hakm3-1: pw fail, verifier 1/7 state NOT clean, drift 0
rbkm-a-hbkm1-1: pw fail, verifier 1/7 state NOT clean, drift 0
rbkm-b-hbkm1-1: pw fail, verifier 1/7 state NOT clean, drift 0
rbkm-b-hbkm2-1: refused 
rbkm-a-hbkm2-1: refused 
rbkm-a-hbkm3-1: pw pass, verifier 6/7 state NOT clean SILENT, drift 8
rbkm-b-hbkm3-1: pw fail, verifier 6/7 state NOT clean, drift 8
rbkm-a-hakm1-2: pw pass, verifier 6/7 state NOT clean SILENT, drift 2
rbkm-b-hakm1-2: pw fail, verifier 6/7 state NOT clean, drift 2
rbkm-b-hakm2-2: refused 
rbkm-a-hakm2-2: refused 
rbkm-a-hakm3-2: pw fail, verifier 1/7 state NOT clean, drift 0
rbkm-b-hakm3-2: pw fail, verifier 1/7 state NOT clean, drift 0
rbkm-b-hbkm1-2: pw fail, verifier 1/7 state NOT clean, drift 0
rbkm-a-hbkm1-2: pw fail, verifier 1/7 state NOT clean, drift 0
rbkm-a-hbkm2-2: refused 
rbkm-b-hbkm2-2: refused 
rbkm-b-hbkm3-2: pw fail, verifier 6/7 state NOT clean, drift 8
rbkm-a-hbkm3-2: pw pass, verifier 6/7 state NOT clean SILENT, drift 8
after:  {"runs":12,"stateClean":0,"refused":4,"pwPassed":4,"silentPasses":4,"honest":4,"compiled":8,"drift":20}
before: {"runs":12,"stateClean":1,"refused":4,"pwPassed":1,"silentPasses":0,"honest":8,"compiled":8,"drift":21}
