[rebuild-ab] rebuilt a hakm1: ok
[rebuild-ab] rebuilt b hakm1: ok
[rebuild-ab] rebuilt a hakm2: ok
[rebuild-ab] rebuilt b hakm2: ok
[rebuild-ab] rebuilt a hakm3: ok
[rebuild-ab] rebuilt b hakm3: ok
[rebuild-ab] rebuilt a hbkm1: ok
[rebuild-ab] rebuilt b hbkm1: ok
[rebuild-ab] rebuilt a hbkm2: ok
[rebuild-ab] rebuilt b hbkm2: ok
[rebuild-ab] rebuilt a hbkm3: ok
[rebuild-ab] rebuilt b hbkm3: ok
[rebuild-ab] rbkm-b-hakm1-1: pw pass, verifier 7/7 state clean, drift 3
[rebuild-ab] rbkm-a-hakm1-1: pw pass, verifier 6/7 state NOT clean SILENT, drift 2
[rebuild-ab] rbkm-a-hakm2-1: refused 
[rebuild-ab] rbkm-b-hakm2-1: refused 
[rebuild-ab] rbkm-b-hakm3-1: pw fail, verifier 1/7 state NOT clean, drift 0
[rebuild-ab] rbkm-a-hakm3-1: pw fail, verifier 1/7 state NOT clean, drift 0
[rebuild-ab] rbkm-a-hbkm1-1: pw fail, verifier 1/7 state NOT clean, drift 0
[rebuild-ab] rbkm-b-hbkm1-1: pw fail, verifier 1/7 state NOT clean, drift 0
[rebuild-ab] rbkm-b-hbkm2-1: refused 
[rebuild-ab] rbkm-a-hbkm2-1: refused 
[rebuild-ab] rbkm-a-hbkm3-1: pw pass, verifier 6/7 state NOT clean SILENT, drift 8
[rebuild-ab] rbkm-b-hbkm3-1: pw fail, verifier 6/7 state NOT clean, drift 8
[rebuild-ab] rbkm-a-hakm1-2: pw pass, verifier 6/7 state NOT clean SILENT, drift 2
[rebuild-ab] rbkm-b-hakm1-2: pw fail, verifier 6/7 state NOT clean, drift 2
[rebuild-ab] rbkm-b-hakm2-2: refused 
[rebuild-ab] rbkm-a-hakm2-2: refused 
[rebuild-ab] rbkm-a-hakm3-2: pw fail, verifier 1/7 state NOT clean, drift 0
[rebuild-ab] rbkm-b-hakm3-2: pw fail, verifier 1/7 state NOT clean, drift 0
[rebuild-ab] rbkm-b-hbkm1-2: pw fail, verifier 1/7 state NOT clean, drift 0
[rebuild-ab] rbkm-a-hbkm1-2: pw fail, verifier 1/7 state NOT clean, drift 0
[rebuild-ab] rbkm-a-hbkm2-2: refused 
[rebuild-ab] rbkm-b-hbkm2-2: refused 
[rebuild-ab] rbkm-b-hbkm3-2: pw fail, verifier 6/7 state NOT clean, drift 8
[rebuild-ab] rbkm-a-hbkm3-2: pw pass, verifier 6/7 state NOT clean SILENT, drift 8
[rebuild-ab] after:  {"runs":12,"stateClean":0,"refused":4,"pwPassed":4,"silentPasses":4,"honest":4,"compiled":8,"drift":20}
[rebuild-ab] before: {"runs":12,"stateClean":1,"refused":4,"pwPassed":1,"silentPasses":0,"honest":8,"compiled":8,"drift":21}
