
=== hakm1-n1 ===
   1 success reads= 4  model-named=[kimai_version,logged_in_url,profile_url,signed_in_email,signed_in_user,profile_email_link,profile_email_label,profile_email_href]  would-ask=[]  backfilled=[]
      recorded ask: asked=[E-mail] named=true
   2 success reads= 1  model-named=[total_projects_shown,list_url,projects_matching_count,seed_annual_audit_project_name,seed_office_move_project_name,projects_starting_with_Seed_1,projects_starting_with_Seed_2,projects_starting_with_Seed_3]  would-ask=[]  backfilled=[]
   3 success reads=12  model-named=[project_name,project_id,details_url,customer_name,customer_id,customer_link,description,runid_in_description,order_number,order_date,project_number,activities_count,order_number_field,order_date_field2,customer_selected,name_field,customer_checked_option,project_details_table,saved_project_name,saved_project_description]  would-ask=[]  backfilled=[]
   4 success reads=11  model-named=[record_id,record_edit_url,api_url,project,customer,date,duration,description,runid_in_description,activity,tags,my_times_row,from_date_value,from_date_after_blur,begin_time_value,end_time_value,duration_value,my_times_rows,edit_from_date_value,my_times_rows_after_fix,start_time,end_time]  would-ask=[]  backfilled=[]
  flow: 4 step(s), 0 cross-step reference(s)
  refs: {"{{runid}}":8,"{{env:APP_PASSWORD}}":2}
    01-signin publishes [kimai_version,logged_in_url,profile_url,signed_in_email,signed_in_user,profile_email_link,profile_email_label,profile_email_href]
    02-report publishes [total_projects_shown,list_url,projects_matching_count,seed_annual_audit_project_name,seed_office_move_project_name,table_tbody_tr_td_first__3,projects_starting_with_Seed_1,projects_starting_with_Seed_2,projects_starting_with_Seed_3]
    03-create publishes [project_name,project_id,details_url,customer_name,customer_id,customer_link,description,runid_in_description,order_number,order_date,project_number,activities_count,order_number_field,order_date_field2,customer_selected,name_field,customer_checked_option,project_details_table,saved_project_name,saved_project_description]
    04-create publishes [record_id,record_edit_url,api_url,project,customer,date,duration,description,runid_in_description,activity,tags,my_times_row,from_date_value,from_date_after_blur,begin_time_value,end_time_value,duration_value,my_times_rows,edit_from_date_value,my_times_rows_after_fix,start_time,end_time]

{
  "tag": "hakm1",
  "runs": [
    {
      "runid": "hakm1-n1",
      "instructions": 4,
      "withModelNames": 4,
      "wouldAsk": 0,
      "crossStepRefs": 0,
      "stepsPublishing": 4,
      "flowSteps": 4,
      "adoptedSteps": 0,
      "markers": [
        "17d5c7:{{v1}} = \"hakm1-n1\"",
        "17d5c7:{{v2}} = \"hakm1-n1 Bench Project\"",
        "0da300:{{v1}} = \"hakm1-n1 Bench Project\"",
        "0da300:{{v2}} = \"hakm1-n1\"",
        "0da300:{{v1}} = \"hakm1-n1 Bench Project\"",
        "0da300:{{v2}} = \"hakm1-n1\"",
        "0da300:{{v1}} = \"hakm1-n1 Bench Project\"",
        "0da300:{{v2}} = \"hakm1-n1\"",
        "0da300:{{v1}} = \"hakm1-n1 Bench Project\"",
        "0da300:{{v2}} = \"hakm1-n1\""
      ]
    }
  ]
}
