
=== hbpk3-n1 ===
   1 success reads= 2  model-named=[signed_in_page_url,signed_in_user_chip_name,visible_project,login_form_state,signed_in_user_initials]  would-ask=[]  backfilled=[]
   2 success reads= 2  model-named=[project,board,board_url,seed_card_name_1,seed_card_name_2,seed_card_name_3,seed_card_count,seed_cards_list,other_lists]  would-ask=[]  backfilled=[]
   3 success reads= 5  model-named=[card_name,card_url,card_id,list_verified,card_description_paragraph,card_description_paragraph_count,board,project,card_description_text,board_url]  would-ask=[]  backfilled=[]
   4 success reads= 3  model-named=[card_name,card_url,card_id,card_label_name,card_label_count,card_tile_accessible_name,board,project,label_selection_source,card_label_read_back,card_reference]  would-ask=[]  backfilled=[]
      recorded ask: asked=[Hardware] named=true
   5 success reads= 2  model-named=[card_name,card_url,card_tile_member_name,card_modal_member_name,card_member_count,card_tile_accessible_name,card_label,member_selection_source,new_user_created,board_header_member_names,card_tile_member,card_modal_member,card_reference]  would-ask=[]  backfilled=[]
   6 success reads= 4  model-named=[card_name,card_url,card_due_date,card_due_date_display,card_tile_accessible_name,due_date_field_before_save,card_label,card_member_name,due_date_field_value,due_date_field_after_pick,card_reference]  would-ask=[]  backfilled=[]
   7 success reads= 3  model-named=[card_name,card_url,comment_text,comment_author,card_comment_count,card_reference]  would-ask=[]  backfilled=[]
  flow: 7 step(s), 0 cross-step reference(s)
  refs: {"{{runid}}":17,"{{env:APP_PASSWORD}}":2}
    01-signin publishes [signed_in_page_url,signed_in_user_chip_name,visible_project,login_form_state,signed_in_user_initials]
    02-report publishes [project,board,board_url,seed_card_name_1,seed_card_name_2,seed_card_name_3,seed_card_count,seed_cards_list,other_lists]
    03-create publishes [card_name,card_url,card_id,list_verified,card_description_paragraph,card_description_paragraph_count,board,project,card_description_text,board_url]
    04-create publishes [card_name,card_url,card_id,card_label_name,card_label_count,card_tile_accessible_name,board,project,label_selection_source,card_label_read_back,card_reference]
    05-verify publishes [card_name,card_url,card_tile_member_name,card_modal_member_name,card_member_count,card_tile_accessible_name,card_label,member_selection_source,new_user_created,board_header_member_names,card_tile_member,card_modal_member,card_reference]
    06-set publishes [card_name,card_url,card_due_date,card_due_date_display,card_tile_accessible_name,due_date_field_before_save,card_label,card_member_name,due_date_field_value,due_date_field_after_pick,card_reference]
    07-add publishes [card_name,card_url,comment_text,comment_author,card_comment_count,card_reference]

{
  "tag": "hbpk3",
  "runs": [
    {
      "runid": "hbpk3-n1",
      "instructions": 7,
      "withModelNames": 7,
      "wouldAsk": 0,
      "crossStepRefs": 0,
      "stepsPublishing": 7,
      "flowSteps": 7,
      "adoptedSteps": 0,
      "markers": [
        "f55601:{{v1}} = \"Bench Project\"",
        "14a004:{{v1}} = \"Bench Board\"",
        "14a004:{{v4}} = \"hbpk3-n1 Bench Card\"",
        "14a004:{{v3}} = \"hbpk3-n1\"",
        "14a004:{{v4}} = \"hbpk3-n1 Bench Card\"",
        "b9ae08:{{v1}} = \"hbpk3-n1 Bench Card\"",
        "b9ae08:{{v2}} = \"hbpk3-n1\"",
        "c65113:{{v1}} = \"hbpk3-n1 Bench Card\"",
        "c65113:{{v2}} = \"hbpk3-n1\"",
        "e4fe4b:{{v1}} = \"hbpk3-n1 Bench Card\"",
        "e4fe4b:{{v2}} = \"hbpk3-n1\"",
        "be026f:{{v1}} = \"hbpk3-n1 Bench Card\"",
        "be026f:{{v2}} = \"hbpk3-n1\""
      ]
    }
  ]
}
