[rebuild-ab] rebuilt a hapk1: ok
[rebuild-ab] rebuilt b hapk1: ok
[rebuild-ab] rebuilt a hapk2: ok
[rebuild-ab] rebuilt b hapk2: ok
[rebuild-ab] rebuilt a hapk3: ok
[rebuild-ab] rebuilt b hapk3: ok
[rebuild-ab] rebuilt a hbpk1: ok
[rebuild-ab] rebuilt b hbpk1: ok
[rebuild-ab] rebuilt a hbpk2: ok
[rebuild-ab] rebuilt b hbpk2: ok
[rebuild-ab] rebuilt a hbpk3: ok
[rebuild-ab] rebuilt b hbpk3: ok
[rebuild-ab] rbpk-b-hapk1-1: pw pass, verifier 7/7 state clean, drift 0
[rebuild-ab] rbpk-a-hapk1-1: pw pass, verifier 7/7 state clean, drift 0
[rebuild-ab] rbpk-a-hapk2-1: pw pass, verifier 7/7 state clean, drift 0
[rebuild-ab] rbpk-b-hapk2-1: pw pass, verifier 7/7 state clean, drift 0
[rebuild-ab] rbpk-b-hapk3-1: pw pass, verifier 6/7 state clean, drift 0
[rebuild-ab] rbpk-a-hapk3-1: pw pass, verifier 6/7 state clean, drift 0
[rebuild-ab] rbpk-a-hbpk1-1: pw pass, verifier 7/7 state clean, drift 0
[rebuild-ab] rbpk-b-hbpk1-1: pw pass, verifier 7/7 state clean, drift 0
[rebuild-ab] rbpk-b-hbpk2-1: pw pass, verifier 7/7 state clean, drift 0
[rebuild-ab] rbpk-a-hbpk2-1: pw pass, verifier 7/7 state clean, drift 0
[rebuild-ab] rbpk-a-hbpk3-1: pw pass, verifier 7/7 state clean, drift 0
[rebuild-ab] rbpk-b-hbpk3-1: pw pass, verifier 7/7 state clean, drift 0
[rebuild-ab] rbpk-a-hapk1-2: pw pass, verifier 7/7 state clean, drift 0
[rebuild-ab] rbpk-b-hapk1-2: pw pass, verifier 7/7 state clean, drift 0
[rebuild-ab] rbpk-b-hapk2-2: pw pass, verifier 7/7 state clean, drift 0
[rebuild-ab] rbpk-a-hapk2-2: pw pass, verifier 7/7 state clean, drift 0
[rebuild-ab] rbpk-a-hapk3-2: pw pass, verifier 6/7 state clean, drift 0
[rebuild-ab] rbpk-b-hapk3-2: pw pass, verifier 6/7 state clean, drift 0
[rebuild-ab] rbpk-b-hbpk1-2: pw pass, verifier 7/7 state clean, drift 0
[rebuild-ab] rbpk-a-hbpk1-2: pw pass, verifier 7/7 state clean, drift 0
[rebuild-ab] rbpk-a-hbpk2-2: pw pass, verifier 7/7 state clean, drift 0
[rebuild-ab] rbpk-b-hbpk2-2: pw pass, verifier 7/7 state clean, drift 0
[rebuild-ab] rbpk-b-hbpk3-2: pw pass, verifier 7/7 state clean, drift 0
[rebuild-ab] rbpk-a-hbpk3-2: pw pass, verifier 7/7 state clean, drift 0
[rebuild-ab] after:  {"runs":12,"stateClean":12,"refused":0,"pwPassed":12,"silentPasses":0,"honest":12,"compiled":12,"drift":0}
[rebuild-ab] before: {"runs":12,"stateClean":12,"refused":0,"pwPassed":12,"silentPasses":0,"honest":12,"compiled":12,"drift":0}
