
=== hapk1-n1 ===
   1 success reads= 2  model-named=[signed_in_user,final_url,visible_project]  would-ask=[]  backfilled=[]
   2 success reads= 6  model-named=[board,board_url,seed_card_list,other_board_lists,promotion_dismiss_button_text,project,seed_card_1_name,seed_card_2_name,seed_card_3_name,seed_card_count,card_1,card_2,card_3,add_card_button]  would-ask=[]  backfilled=[]
      recorded ask: asked=[Dismiss for 30 days] named=true
   3 success reads= 2  model-named=[card_name,card_address_id,card_url,board,board_url,list,description,description_paragraph_count,card_view_url,card_title_field,test_marker]  would-ask=[]  backfilled=[]
   4 success reads= 3  model-named=[card_name,card_address_id,list,applied_label,card_detail_labels_section,board_column_card_text,labels_created,board_card_label_text,card_detail_labels_secti,labels_button,create_label_button,test_marker,labels_offered_in_picker_1,labels_offered_in_picker_2,labels_offered_in_picker_3,labels_offered_in_picker_4,labels_offered_in_picker_5]  would-ask=[]  backfilled=[]
   5 success reads= 6  model-named=[assigned_member,board_card_member_name,board_chip_text_final,card_address_id,card_detail_member_name,card_detail_members_summary,card_name,list,card_description_icon_title,members_popover_options,card_detail_members_sect,board_chip_text_final_2,card_member_full_name_title,test_marker,members_offered_in_picker]  would-ask=[]  backfilled=[]
   6 success reads= 3  model-named=[card_name,card_address_id,board,list,due_date_requested,due_date_field_value_after_save,due_date_dialog_heading,card_due_date,board_chip_due_date,board_chip_text,due_date_field_value,test_marker]  would-ask=[]  backfilled=[]
   7 success reads= 1  model-named=[card_name,card_address_id,comment_text,comment_author,comment_timestamp,posted_comment_thread,test_marker]  would-ask=[]  backfilled=[]
  flow: 7 step(s), 0 cross-step reference(s)
  refs: {"{{runid}}":17,"{{env:APP_PASSWORD}}":2}
    01-signin publishes [signed_in_user,final_url,visible_project]
    02-open publishes [board,board_url,seed_card_list,other_board_lists,promotion_dismiss_button_text,project,seed_card_1_name,seed_card_2_name,seed_card_3_name,seed_card_count,card_1,card_2,card_3,add_card_button]
    03-create publishes [card_name,card_address_id,card_url,board,board_url,list,description,description_paragraph_count,card_view_url,card_title_field,test_marker]
    04-open publishes [card_name,card_address_id,list,applied_label,card_detail_labels_section,board_column_card_text,labels_created,board_card_label_text,card_detail_labels_secti,labels_button,create_label_button,test_marker,labels_offered_in_picker_1,labels_offered_in_picker_2,labels_offered_in_picker_3,labels_offered_in_picker_4,labels_offered_in_picker_5]
    05-set publishes [assigned_member,board_card_member_name,board_chip_text_final,card_address_id,card_detail_member_name,card_detail_members_summary,card_name,list,card_description_icon_title,members_popover_options,card_detail_members_sect,board_chip_text_final_2,card_member_full_name_title,test_marker,members_offered_in_picker]
    06-set publishes [card_name,card_address_id,board,list,due_date_requested,due_date_field_value_after_save,due_date_dialog_heading,card_due_date,board_chip_due_date,board_chip_text,due_date_field_value,test_marker]
    07-add publishes [card_name,card_address_id,comment_text,comment_author,comment_timestamp,posted_comment_thread,test_marker]

{
  "tag": "hapk1",
  "runs": [
    {
      "runid": "hapk1-n1",
      "instructions": 7,
      "withModelNames": 7,
      "wouldAsk": 0,
      "crossStepRefs": 0,
      "stepsPublishing": 7,
      "flowSteps": 7,
      "adoptedSteps": 0,
      "markers": [
        "588237:{{v1}} = \"Bench Project\"",
        "576f4c:{{v1}} = \"Bench Board\"",
        "576f4c:{{v2}} = \"hapk1-n1\"",
        "576f4c:{{v3}} = \"hapk1-n1 Bench Card\"",
        "851626:{{v1}} = \"hapk1-n1 Bench Card\"",
        "851626:{{v2}} = \"hapk1-n1\"",
        "dacdd3:{{v1}} = \"hapk1-n1 Bench Card\"",
        "dacdd3:{{v2}} = \"hapk1-n1\"",
        "0a1ac8:{{v1}} = \"hapk1-n1 Bench Card\"",
        "0a1ac8:{{v2}} = \"hapk1-n1\"",
        "2e2996:{{v1}} = \"hapk1-n1 Bench Card\"",
        "2e2996:{{v2}} = \"hapk1-n1\""
      ]
    }
  ]
}
