rebuilt a hapk1: ok
rebuilt b hapk1: ok
rebuilt a hapk2: ok
rebuilt b hapk2: ok
rebuilt a hapk3: ok
rebuilt b hapk3: ok
rebuilt a hbpk1: ok
rebuilt b hbpk1: ok
rebuilt a hbpk2: ok
rebuilt b hbpk2: ok
rebuilt a hbpk3: ok
rebuilt b hbpk3: ok
rbpk-b-hapk1-1: pw pass, verifier 7/7 state clean, drift 0
rbpk-a-hapk1-1: pw pass, verifier 7/7 state clean, drift 0
rbpk-a-hapk2-1: pw pass, verifier 7/7 state clean, drift 0
rbpk-b-hapk2-1: pw pass, verifier 7/7 state clean, drift 0
rbpk-b-hapk3-1: pw pass, verifier 6/7 state clean, drift 0
rbpk-a-hapk3-1: pw pass, verifier 6/7 state clean, drift 0
rbpk-a-hbpk1-1: pw pass, verifier 7/7 state clean, drift 0
rbpk-b-hbpk1-1: pw pass, verifier 7/7 state clean, drift 0
rbpk-b-hbpk2-1: pw pass, verifier 7/7 state clean, drift 0
rbpk-a-hbpk2-1: pw pass, verifier 7/7 state clean, drift 0
rbpk-a-hbpk3-1: pw pass, verifier 7/7 state clean, drift 0
rbpk-b-hbpk3-1: pw pass, verifier 7/7 state clean, drift 0
rbpk-a-hapk1-2: pw pass, verifier 7/7 state clean, drift 0
rbpk-b-hapk1-2: pw pass, verifier 7/7 state clean, drift 0
rbpk-b-hapk2-2: pw pass, verifier 7/7 state clean, drift 0
rbpk-a-hapk2-2: pw pass, verifier 7/7 state clean, drift 0
rbpk-a-hapk3-2: pw pass, verifier 6/7 state clean, drift 0
rbpk-b-hapk3-2: pw pass, verifier 6/7 state clean, drift 0
rbpk-b-hbpk1-2: pw pass, verifier 7/7 state clean, drift 0
rbpk-a-hbpk1-2: pw pass, verifier 7/7 state clean, drift 0
rbpk-a-hbpk2-2: pw pass, verifier 7/7 state clean, drift 0
rbpk-b-hbpk2-2: pw pass, verifier 7/7 state clean, drift 0
rbpk-b-hbpk3-2: pw pass, verifier 7/7 state clean, drift 0
rbpk-a-hbpk3-2: pw pass, verifier 7/7 state clean, drift 0
after:  {"runs":12,"stateClean":12,"refused":0,"pwPassed":12,"silentPasses":0,"honest":12,"compiled":12,"drift":0}
before: {"runs":12,"stateClean":12,"refused":0,"pwPassed":12,"silentPasses":0,"honest":12,"compiled":12,"drift":0}
