
=== hbpk2-n1 ===
   1 success reads= 3  model-named=[app_url,signed_in_user,visible_project,login_form_status,user_name]  would-ask=[]  backfilled=[]
   2 success reads= 4  model-named=[board,project,seed_card_1,seed_card_2,seed_card_3,seed_card_count,other_seed_matches,board_url,page_title,lists_on_board_1,lists_on_board_2,lists_on_board_3]  would-ask=[]  backfilled=[]
   3 success reads= 2  model-named=[board,project,list,card_name,card_id,card_url,saved_description,card_description_section,occurrences_of_paragraph,card_modal_url,description_section_label,description_section_value]  would-ask=[]  backfilled=[]
   4 success reads= 0  model-named=[card_name,card_id,list,label_applied,labels_on_card_after_reload,card_row_text_on_board,description,similar_labels_not_used]  would-ask=[]  backfilled=[]
   5 success reads= 0  model-named=[card_name,card_id,list,member_set,members_on_card_after_reload,member_not_used,label_still,description_still]  would-ask=[]  backfilled=[]
   6 success reads= 1  model-named=[card_name,card_id,list,due_date_set,displayed_due_date_after_reload,board_card_due_badge,displayed_due_date,ref]  would-ask=[]  backfilled=[]
   7 success reads= 2  model-named=[card_name,card_id,list,comment_text,saved_comment_text_after_reload,saved_comment_text,ref]  would-ask=[]  backfilled=[]
  flow: 7 step(s), 4 cross-step reference(s)
  refs: {"{{runid}}":18,"{{03-create.url.p1}}":4,"{{env:APP_PASSWORD}}":2}
    01-signin publishes [app_url,signed_in_user,visible_project,login_form_status,user_name]
    02-open publishes [board,project,seed_card_1,seed_card_2,seed_card_3,seed_card_count,other_seed_matches,board_url,page_title,lists_on_board_1,lists_on_board_2,lists_on_board_3]
    03-create publishes [board,project,list,card_name,card_id,card_url,saved_description,card_description_section,occurrences_of_paragraph,card_modal_url,description_section_label,description_section_value]
    04-set publishes [card_name,card_id,list,label_applied,labels_on_card_after_reload,card_row_text_on_board,description,similar_labels_not_used]
    05-set publishes [card_name,card_id,list,member_set,members_on_card_after_reload,member_not_used,label_still,description_still]
    06-set publishes [card_name,card_id,list,due_date_set,displayed_due_date_after_reload,board_card_due_badge,displayed_due_date,ref]
    07-add publishes [card_name,card_id,list,comment_text,saved_comment_text_after_reload,saved_comment_text,ref]

{
  "tag": "hbpk2",
  "runs": [
    {
      "runid": "hbpk2-n1",
      "instructions": 7,
      "withModelNames": 7,
      "wouldAsk": 0,
      "crossStepRefs": 4,
      "stepsPublishing": 7,
      "flowSteps": 7,
      "adoptedSteps": 0,
      "markers": [
        "eb90bb:{{v1}} = \"Bench Project\"",
        "3bca8b:{{v1}} = \"Bench Board\"",
        "3bca8b:{{v3}} = \"In Progress\"",
        "3bca8b:{{v4}} = \"hbpk2-n1 Bench Card\"",
        "3bca8b:{{v2}} = \"hbpk2-n1\"",
        "3bca8b:{{v3}} = \"In Progress\"",
        "fe3b59:{{v1}} = \"hbpk2-n1 Bench Card\"",
        "fe3b59:{{v2}} = \"hbpk2-n1\"",
        "7787d6:{{v1}} = \"hbpk2-n1 Bench Card\"",
        "7787d6:{{v2}} = \"hbpk2-n1\"",
        "40a368:{{v1}} = \"hbpk2-n1 Bench Card\"",
        "40a368:{{v2}} = \"hbpk2-n1\"",
        "0dc05a:{{v1}} = \"hbpk2-n1 Bench Card\"",
        "0dc05a:{{v2}} = \"hbpk2-n1\""
      ]
    }
  ]
}
