
=== hapk3-n1 ===
   1 success reads= 1  model-named=[signed_in_account,visible_board,login_controls_status,authenticated_ui]  would-ask=[]  backfilled=[]
   2 success reads= 0  model-named=[seed_card_1,seed_card_2,seed_card_3,seed_card_count,board_lists_summary,seed_card_scan_notes]  would-ask=[]  backfilled=[]
   3 success reads= 3  model-named=[card_name,card_page_address,card_id_derivation_note,board_url,list,description,description_paragraph_count,labels_on_card,members_on_card,due_date,board_card_button_text,card_id,due_date_picker_month,due_date_input,card_name_unique_token]  would-ask=[]  backfilled=[]
   4 success reads= 2  model-named=[card_name,comment_text,comment_paragraph_read_back,card_page_address,card_id_derivation_note,comment_submit_action,card_page_address_2,ref,ref_2]  would-ask=[]  backfilled=[]
  flow: 4 step(s), 0 cross-step reference(s)
  refs: {"{{runid}}":8,"{{env:APP_PASSWORD}}":2}
    01-signin publishes [signed_in_account,visible_board,login_controls_status,authenticated_ui]
    02-report publishes [seed_card_1,seed_card_2,seed_card_3,seed_card_count,board_lists_summary,seed_card_scan_notes]
    03-create publishes [card_name,card_page_address,card_id_derivation_note,board_url,list,description,description_paragraph_count,labels_on_card,members_on_card,due_date,board_card_button_text,card_id,due_date_picker_month,due_date_input,card_name_unique_token]
    04-open publishes [card_name,comment_text,comment_paragraph_read_back,card_page_address,card_id_derivation_note,comment_submit_action,card_page_address_2,ref,ref_2]

{
  "tag": "hapk3",
  "runs": [
    {
      "runid": "hapk3-n1",
      "instructions": 4,
      "withModelNames": 4,
      "wouldAsk": 0,
      "crossStepRefs": 0,
      "stepsPublishing": 4,
      "flowSteps": 4,
      "adoptedSteps": 0,
      "markers": [
        "11c5e1:{{v1}} = \"Bench Project\"",
        "40b8bd:{{v2}} = \"hapk3-n1\"",
        "40b8bd:{{v3}} = \"hapk3-n1 Bench Card\"",
        "99a93f:{{v1}} = \"hapk3-n1 Bench Card\"",
        "99a93f:{{v2}} = \"hapk3-n1\""
      ]
    }
  ]
}
