
=== hbpk1-n1 ===
   1 success reads= 0  model-named=[signed_in_user,visible_project,login_form_status_after_submit]  would-ask=[]  backfilled=[]
   2 success reads= 1  model-named=[board_name,project_name,seed_card_count,card_1,card_2,card_3,seed_cards_list,note,board_url,first_list_without_seed_cards,second_list_without_seed_cards]  would-ask=[]  backfilled=[]
   3 success reads= 6  model-named=[card_name,card_url,card_list,card_description_saved,runid_occurrences_in_description,board_url,project,board,verified_after_reopen,card_description,card_title,card_title_saved,runid]  would-ask=[]  backfilled=[]
   4 success reads= 2  model-named=[card_name,card_label_only,card_label_count,labels_removed,label_created,verification,card_list,card_url,card_name_and_labels,card_label,runid,board_labels_available_1,board_labels_available_2,board_labels_available_3,board_labels_available_4,similarly_named_labels_not_applied_1,similarly_named_labels_not_applied_2]  would-ask=[]  backfilled=[]
   5 success reads= 2  model-named=[card_name,card_member_only,card_member_count,card_member_chip,excluded_similar_user,members_removed,user_created,verification,card_label,card_list,project,board,member_chip_text,member_full_name,runid,members_available_in_picker]  would-ask=[]  backfilled=[]
   6 success reads= 2  model-named=[card_name,card_due_date_set,due_date_display_after_reopen,board_card_due_date_chip,board_card_element_text,card_label,card_member,card_list,verification,project,board,card_due_date_before_reopen,card_due_date_after_reopen,runid]  would-ask=[]  backfilled=[]
   7 success reads= 2  model-named=[card_name,comment_text,comment_author,comment_timestamp,verified_after_reopen,card_label,card_member,due_date,card_list,project,board,runid]  would-ask=[]  backfilled=[]
   8 success reads= 9  model-named=[card_id,card_page_url,card_name,card_list,card_label,card_member,card_due_date,card_description,card_comment,board,project,card_title_on_page,card_description_on_page,card_comment_on_page,card_list_value,card_label_value,card_member_value,card_due_date_value,card_member_name,ref]  would-ask=[]  backfilled=[]
  flow: 8 step(s), 0 cross-step reference(s)
  refs: {"{{runid}}":20,"{{env:APP_PASSWORD}}":2}
    01-signin publishes [signed_in_user,visible_project,login_form_status_after_submit]
    02-report publishes [board_name,project_name,seed_card_count,card_1,card_2,card_3,seed_cards_list,note,board_url,first_list_without_seed_cards,second_list_without_seed_cards]
    03-create publishes [card_name,card_url,card_list,card_description_saved,runid_occurrences_in_description,board_url,project,board,verified_after_reopen,card_description,card_title,card_title_saved,runid]
    04-remove publishes [card_name,card_label_only,card_label_count,labels_removed,label_created,verification,card_list,card_url,card_name_and_labels,card_label,runid,board_labels_available_1,board_labels_available_2,board_labels_available_3,board_labels_available_4,similarly_named_labels_not_applied_1,similarly_named_labels_not_applied_2]
    05-remove publishes [card_name,card_member_only,card_member_count,card_member_chip,excluded_similar_user,members_removed,user_created,verification,card_label,card_list,project,board,member_chip_text,member_full_name,runid,members_available_in_picker]
    06-set publishes [card_name,card_due_date_set,due_date_display_after_reopen,board_card_due_date_chip,board_card_element_text,card_label,card_member,card_list,verification,project,board,card_due_date_before_reopen,card_due_date_after_reopen,runid]
    07-add publishes [card_name,comment_text,comment_author,comment_timestamp,verified_after_reopen,card_label,card_member,due_date,card_list,project,board,runid]
    08-open publishes [card_id,card_page_url,card_name,card_list,card_label,card_member,card_due_date,card_description,card_comment,board,project,card_title_on_page,card_description_on_page,card_comment_on_page,card_list_value,card_label_value,card_member_value,card_due_date_value,card_member_name,ref]

{
  "tag": "hbpk1",
  "runs": [
    {
      "runid": "hbpk1-n1",
      "instructions": 8,
      "withModelNames": 8,
      "wouldAsk": 0,
      "crossStepRefs": 0,
      "stepsPublishing": 8,
      "flowSteps": 8,
      "adoptedSteps": 0,
      "markers": [
        "89f3dc:{{v1}} = \"Bench Project\"",
        "328f9e:{{v1}} = \"Bench Board\"",
        "328f9e:{{v3}} = \"hbpk1-n1\"",
        "328f9e:{{v4}} = \"In Progress\"",
        "328f9e:{{v3}} = \"hbpk1-n1\"",
        "328f9e:{{v4}} = \"In Progress\"",
        "0d84e9:{{v1}} = \"hbpk1-n1 Bench Card\"",
        "0d84e9:{{v2}} = \"hbpk1-n1\"",
        "0d84e9:{{v1}} = \"hbpk1-n1 Bench Card\"",
        "0d84e9:{{v2}} = \"hbpk1-n1\"",
        "0d84e9:{{v1}} = \"hbpk1-n1 Bench Card\"",
        "0d84e9:{{v2}} = \"hbpk1-n1\"",
        "e56ca9:{{v1}} = \"hbpk1-n1 Bench Card\"",
        "e56ca9:{{v2}} = \"hbpk1-n1\"",
        "e56ca9:{{v1}} = \"hbpk1-n1 Bench Card\"",
        "e56ca9:{{v2}} = \"hbpk1-n1\"",
        "fa7d8b:{{v1}} = \"hbpk1-n1 Bench Card\"",
        "fa7d8b:{{v2}} = \"hbpk1-n1\"",
        "fa7d8b:{{v1}} = \"hbpk1-n1 Bench Card\"",
        "fa7d8b:{{v2}} = \"hbpk1-n1\"",
        "456dd9:{{v1}} = \"hbpk1-n1 Bench Card\"",
        "456dd9:{{v2}} = \"hbpk1-n1\"",
        "456dd9:{{v1}} = \"hbpk1-n1 Bench Card\"",
        "456dd9:{{v2}} = \"hbpk1-n1\"",
        "3871a5:{{v1}} = \"hbpk1-n1 Bench Card\"",
        "3871a5:{{v2}} = \"hbpk1-n1\""
      ]
    }
  ]
}
