
Running 1 test using 1 worker

[sitelooper warn] 01-signin: report value login_email_used is only what this run typed: no click's own diff showed it outside its control and no read returned it — withheld from the report (still given to a later step)
[sitelooper step] 01-signin
[sitelooper step] 02-find
[sitelooper step] 03-create
[sitelooper skip] 04-verify s_4bd340/1 target: read target not found — value left empty
[sitelooper skip] 04-verify s_4bd340/2 target: read target not found — value left empty
[sitelooper step] 04-verify
[sitelooper warn] 04b-verify s_1c6921/5: read 'saved_order_number' returned a value the skill itself set/selected ('PO-4471') — confirms the control, not persistence; dropped from the report's confident values
[sitelooper warn] 04b-verify s_1c6921/6: read 'saved_order_date' returned a value the skill itself set/selected ('11/15/2026') — confirms the control, not persistence; dropped from the report's confident values
[sitelooper warn] 04b-verify s_1c6921/10: read 'saved_order_number' returned a value the skill itself set/selected ('PO-4471') — confirms the control, not persistence; dropped from the report's confident values
[sitelooper warn] 04b-verify s_1c6921/13: read 'saved_order_date' returned a value the skill itself set/selected ('11/15/2026') — confirms the control, not persistence; dropped from the report's confident values
[sitelooper warn] 04b-verify s_1c6921/17: read 'saved_order_number' returned a value the skill itself set/selected ('PO-4471') — confirms the control, not persistence; dropped from the report's confident values
[sitelooper warn] 04b-verify s_1c6921/22: read 'saved_order_number' returned a value the skill itself set/selected ('PO-4471') — confirms the control, not persistence; dropped from the report's confident values
[sitelooper warn] 04b-verify s_1c6921/28: read 'saved_order_date' returned a value the skill itself set/selected ('11/15/2026') — confirms the control, not persistence; dropped from the report's confident values
[sitelooper warn] 04b-verify s_1c6921/29: read 'saved_order_number' returned a value the skill itself set/selected ('PO-4471') — confirms the control, not persistence; dropped from the report's confident values
[sitelooper skip] 04b-verify s_3728bd/1 target: read target not found — value left empty
[sitelooper step] 04b-verify
[sitelooper warn] 05-create s_e6aecc/12: read 'from_date_filled' returned '10/9/2026' from a control this step set, and nothing committed it since — it shows the control, however the app formats it, not what the app stored; dropped from the report's confident values
[sitelooper warn] 05-create s_e6aecc/13: read 'saved_begin_time' returned a value the skill itself set/selected ('9:00 AM') — confirms the control, not persistence; dropped from the report's confident values
[sitelooper warn] 05-create s_e6aecc/14: read 'saved_end_time' returned a value the skill itself set/selected ('11:30 AM') — confirms the control, not persistence; dropped from the report's confident values
[sitelooper warn] 05-create s_e6aecc/16: read 'from_date_filled' returned '10/9/2026' from a control this step set, and nothing committed it since — it shows the control, however the app formats it, not what the app stored; dropped from the report's confident values
[sitelooper warn] 05-create s_e6aecc/20: read 'saved_date' returned a value the skill itself set/selected ('9/16/2026') — confirms the control, not persistence; dropped from the report's confident values
[sitelooper warn] 05-create s_e6aecc/22: read 'rows_in_timesheet_list' returned '1' from a control this step set, and nothing committed it since — it shows the control, however the app formats it, not what the app stored; dropped from the report's confident values
[sitelooper warn] 05-create s_e6aecc/23: read 'saved_tags' returned 'onsite' from a control this step set, and nothing committed it since — it shows the control, however the app formats it, not what the app stored; dropped from the report's confident values
[sitelooper warn] 05-create s_e6aecc/24: read 'saved_begin_time' returned a value the skill itself set/selected ('9:00 AM') — confirms the control, not persistence; dropped from the report's confident values
[sitelooper warn] 05-create s_e6aecc/25: read 'saved_end_time' returned a value the skill itself set/selected ('11:30 AM') — confirms the control, not persistence; dropped from the report's confident values
[sitelooper warn] 05-create s_e6aecc/26: read 'saved_description' returned a value the skill itself set/selected ('Bench entry for runid rvkm-hbkm3-cv-spec (automated verifica…') — confirms the control, not persistence; dropped from the report's confident values
[sitelooper warn] 05-create: report value selected_tag_label is given, not observed: it is built only from the step's own parameters, and neither this run's page nor any of its reads shows it — withheld
[sitelooper warn] 05-create: report value saved_tags_2 is given, not observed: it is built only from the step's own parameters, and neither this run's page nor any of its reads shows it — withheld
[sitelooper step] 05-create
[sitelooper warn] 06-verify s_93cb5c/6: the field already held the value this type enters (restored after the recording saw it emptied), so it was cleared first rather than typed onto
[sitelooper warn] 06-verify s_93cb5c/8: read 'saved_order_date' returned a value the skill itself set/selected ('11/15/2026') — confirms the control, not persistence; dropped from the report's confident values
[sitelooper skip] 06-verify s_7d4abf/4 target: read target not found — value left empty
[sitelooper warn] 06-verify s_7d4abf/6: read 'saved_order_date' returned a value the skill itself set/selected ('11/15/2026') — confirms the control, not persistence; dropped from the report's confident values
[sitelooper warn] 06-verify s_7d4abf/9: read 'saved_order_date' returned a value the skill itself set/selected ('11/15/2026') — confirms the control, not persistence; dropped from the report's confident values
[sitelooper step] 06-verify
  ✓  1 rvkm-hbkm3-cv.spec.ts:9:1 › rvkm-hbkm3-cv (1.4m)

  1 passed (1.4m)
