
=== hbkm1-n1 ===
   1 success reads= 1  model-named=[final_url,signed_in_user,page_heading,kimai_version,login_email]  would-ask=[]  backfilled=[]
   2 success reads= 2  model-named=[project_count_total,project_1_name,project_2_name,project_3_name,page_listing]  would-ask=[]  backfilled=[]
   3 success reads= 3  model-named=[project_details_url,project_id,project_name,project_description,project_customer,seed_projects_untouched,runid,project_heading]  would-ask=[]  backfilled=[]
   4 blocked reads= 9  model-named=[project_id,project_name,project_details_url,order_number_saved,order_number_verified_on,order_date_attempted,order_date_verified,saved_order_date_on_edit_page,saved_order_number_on_edit_page]  would-ask=[]  backfilled=[name_project_edit_form_o,table_tbody_tr,name_project_edit_form_o_2]
   5 failure reads= 4  model-named=[project_name,order_number,order_date,requested_order_date,verified_url]  would-ask=[]  backfilled=[]
   6 success reads=10  model-named=[project_edit_url,project_details_url,project_name,order_date_saved_and_verified,order_number_unchanged_verified,details_page_order_date_row,edit_form_field,project_record_id_from_url,order_date_before_save,order_number_before_save,order_date_after_typing,order_date_after_blur,reloaded_order_date_field,reloaded_order_number_field,reloaded_project_name_field,ref,details_page_order_number_row_1,details_page_order_number_row_2]  would-ask=[]  backfilled=[table_tr]
   7 success reads=18  model-named=[date,start_time,end_time,duration,description,project,customer,activity,tags_selected,list_row_text,reopened_edit_dialog,user_timezone_field,user_first_working_day,form_begin_date,form_begin_time,form_end_time,form_duration,form_description,form_tags_selected,form_project_selected_text,form_begin_date_typed,form_duration_after_date,saved_entry_from_date,saved_entry_from_time,saved_entry_end_time,saved_entry_duration,saved_entry_description,saved_entry_tag_count,saved_entry_tag_name,dropdown_menu_option,ref]  would-ask=[]  backfilled=[]
   8 success reads= 2  model-named=[project_details_url,numeric_id_parsed_from_url,project_name,displayed_customer,displayed_order_number,displayed_order_date,project_number,project_id,project_details_url_pattern,ref,details_rows_1,details_rows_2,details_rows_3,details_rows_4]  would-ask=[]  backfilled=[]
  flow: 6 step(s), 2 cross-step reference(s)
  refs: {"{{runid}}":15,"{{env:APP_PASSWORD}}":2,"{{03-create.url.p3}}":2}
    01-signin publishes [final_url,signed_in_user,page_heading,kimai_version,login_email]
    02-report publishes [project_count_total,project_1_name,project_2_name,project_3_name,page_listing]
    03-create publishes [project_details_url,project_id,project_name,project_description,project_customer,seed_projects_untouched,runid,project_heading]
    04-edit publishes [project_edit_url,project_details_url,project_name,order_date_saved_and_verified,order_number_unchanged_verified,details_page_order_date_row,edit_form_field,project_record_id_from_url,order_date_before_save,order_number_before_save,order_date_after_typing,order_date_after_blur,reloaded_order_date_field,reloaded_order_number_field,reloaded_project_name_field,ref,details_page_order_number_row_1,details_page_order_number_row_2]
    05-create publishes [date,start_time,end_time,duration,description,project,customer,activity,tags_selected,list_row_text,reopened_edit_dialog,user_timezone_field,user_first_working_day,form_begin_date,form_begin_time,form_end_time,form_duration,form_description,form_tags_selected,form_project_selected_text,form_begin_date_typed,form_duration_after_date,saved_entry_from_date,saved_entry_from_time,saved_entry_end_time,saved_entry_duration,saved_entry_description,saved_entry_tag_count,saved_entry_tag_name,dropdown_menu_option,ref]
    06-verify publishes [project_details_url,numeric_id_parsed_from_url,project_name,displayed_customer,displayed_order_number,displayed_order_date,project_number,project_id,project_details_url_pattern,ref,details_rows_1,details_rows_2,details_rows_3,details_rows_4]

{
  "tag": "hbkm1",
  "runs": [
    {
      "runid": "hbkm1-n1",
      "instructions": 8,
      "withModelNames": 8,
      "wouldAsk": 0,
      "crossStepRefs": 2,
      "stepsPublishing": 6,
      "flowSteps": 6,
      "adoptedSteps": 0,
      "markers": [
        "1011c9:{{v1}} = \"hbkm1-n1\"",
        "1011c9:{{v2}} = \"hbkm1-n1 Bench Project\"",
        "b77737:{{v1}} = \"hbkm1-n1 Bench Project\"",
        "b77737:{{v2}} = \"hbkm1-n1\"",
        "b77737:{{v1}} = \"hbkm1-n1 Bench Project\"",
        "b77737:{{v2}} = \"hbkm1-n1\"",
        "b77737:{{v1}} = \"hbkm1-n1 Bench Project\"",
        "b77737:{{v2}} = \"hbkm1-n1\"",
        "b77737:{{v1}} = \"hbkm1-n1 Bench Project\"",
        "b77737:{{v2}} = \"hbkm1-n1\"",
        "b77737:{{v1}} = \"hbkm1-n1 Bench Project\"",
        "b77737:{{v2}} = \"hbkm1-n1\"",
        "b77737:{{v1}} = \"hbkm1-n1 Bench Project\"",
        "b77737:{{v2}} = \"hbkm1-n1\"",
        "513a38:{{v1}} = \"hbkm1-n1 Bench Project\"",
        "513a38:{{v2}} = \"hbkm1-n1\"",
        "4d9fbd:{{v3}} = \"admin\"",
        "4d9fbd:{{v1}} = \"hbkm1-n1 Bench Project\"",
        "4d9fbd:{{v2}} = \"hbkm1-n1\""
      ]
    }
  ]
}
