repairing bench/results/sp10od-spec/fwod34r2.flow.ts (9 step(s)) in /tmp/sitelooper-repair-IMwVFc
  reset (run 1): node --input-type=module -e "import {resetTarget} from './bench/app-reset.mjs'; await resetTarget('odoo')"
run 1: 9/9 step(s) success, 2 drift ticket(s)
  [OK] 01-signin (tier A)
  [OK] 02-create (tier A)
  [OK] 03-open (tier A)
  [OK] 04-open (tier A)
  [OK] 05-open (tier A)
  [OK] 06-open (tier A)
  [OK] 07-open (tier A)
  [OK] 08-open (tier B) — fell back: the flow step has no pinned skill
  [OK] 09-change (tier A)
  reset (converge 1/2): node --input-type=module -e "import {resetTarget} from './bench/app-reset.mjs'; await resetTarget('odoo')"
  [OK] 01-signin (tier A)
  [OK] 02-create (tier A)
  [OK] 03-open (tier A)
  [OK] 04-open (tier A)
  [OK] 05-open (tier A)
  [OK] 06-open (tier A)
  [OK] 07-open (tier A)
  [OK] 08-open (tier none) — fell back: the flow step has no pinned skill
  [OK] 09-change (tier A)
converge 1/2: 9/9 step(s) success, 0 drift ticket(s)
not converged: 08-open (tier none — the flow step has no pinned skill)
EXIT=3
