
Running 1 test using 1 worker

  ✘  1 fwgr27.spec.ts:4:1 › fwgr27 (23.6s)


  1) fwgr27.spec.ts:4:1 › fwgr27 ───────────────────────────────────────────────────────────────────

    Error: none of 3 recorded locators resolved at 03-add s_e4d3e5/11 target (page is at http://127[spec-replay] sp3grx: 0/1 passed, exit=1, 27s, 0 drift line(s) — result written
owser): getByText('Notes for run sp3grx', { exact: true }) | locator('[data-testid="TextPanel-converted-content"] p') | locator('section > div:nth-of-type(3) > div > div:nth-of-type(1) > div > p')

       at fwgr27.flow.ts:3245

      3243 |     await page.waitForTimeout(PICK_POLL_MS);
      3244 |   }
    > 3245 |   throw new Error(
           |         ^
      3246 |     // The url and the recorded step are half the answer whenever a chain
      3247 |     // misses wholesale: a locator that named the control on the day it was
      3248 |     // recorded usually misses because the page is not the page the step
        at pick (/home/user/sitelooper/bench/results/sp3grx-spec-tmp/fwgr27.flow.ts:3245:9)
        at Object.03-add (/home/user/sitelooper/bench/results/sp3grx-spec-tmp/fwgr27.flow.ts:4020:18)
        at runFlow (/home/user/sitelooper/bench/results/sp3grx-spec-tmp/fwgr27.flow.ts:4415:3)
        at /home/user/sitelooper/bench/results/sp3grx-spec-tmp/fwgr27.spec.ts:5:19

    Error Context: ../../../test-results/fwgr27-fwgr27/error-context.md

  1 failed
    fwgr27.spec.ts:4:1 › fwgr27 ────────────────────────────────────────────────────────────────────
EXIT=1
