
Running 1 test using 1 worker

  ✘  1 fwgr27.spec.ts:4:1 › fwgr27 (23.9s)


  1) fwgr27.spec.ts:4:1 › fwgr27 ───────────────────────────────────────────────────────────────────

    Error: none of 3 recorded locators resolved at 03-add s_e4d3e5/11 target (page is at http://127.0.0.1:3000/d/efxcvgx2lvvuoa/sp3grb-bench-dashboard?from=now-6h&to=now&timezone=browser): getByText('Notes for run sp3grb', { exact: true }) | l[spec-replay] sp3grb: 0/1 passed, exit=1, 27s, 0 drift line(s) — result written
th-of-type(3) > div > div:nth-of-type(1) > div > p')

       at fwgr27.flow.ts:3233

      3231 |     await page.waitForTimeout(PICK_POLL_MS);
      3232 |   }
    > 3233 |   throw new Error(
           |         ^
      3234 |     // The url and the recorded step are half the answer whenever a chain
      3235 |     // misses wholesale: a locator that named the control on the day it was
      3236 |     // recorded usually misses because the page is not the page the step
        at pick (/home/user/sitelooper/bench/results/sp3grb-spec-tmp/fwgr27.flow.ts:3233:9)
        at Object.03-add (/home/user/sitelooper/bench/results/sp3grb-spec-tmp/fwgr27.flow.ts:4008:18)
        at runFlow (/home/user/sitelooper/bench/results/sp3grb-spec-tmp/fwgr27.flow.ts:4403:3)
        at /home/user/sitelooper/bench/results/sp3grb-spec-tmp/fwgr27.spec.ts:5:19

    Error Context: ../../../test-results/fwgr27-fwgr27/error-context.md

  1 failed
    fwgr27.spec.ts:4:1 › fwgr27 ────────────────────────────────────────────────────────────────────
EXIT=1
