
Running 1 test using 1 worker

  ✘  1 fwod34.spec.ts:4:1 › fwod34 (17.4s)


  1) fwod34.spec.ts:4:1 › fwod34 ───────────────────────────────────────────────────────────────────

    Error: expect(locator).toBeVisible() failed

    Locator: getByText('sp5odb Bench Customer').first()
    Expected: visible
    Timeout: 5000ms
    Error: element(s) not found

    Call log:
      - Expect "toBeVisible" with timeout 5000ms
      - waiting for getByText('sp5odb Bench Customer').first()


       at fw[spec-replay] sp5odb: 0/1 passed, exit=1, 21s, 0 drift line(s) — result written
).toBeVisible();
      5379 |     // identity: this must be the record the flow is working on, not another of the same shape.
    > 5380 |     await expect(page.getByText(`${p.v2}`).first()).toBeVisible();
           |                                                     ^
      5381 |
      5382 |     // @step 03-open s_d654ba/1
      5383 |     await settle(page);
        at Object.03-open (/home/user/sitelooper/bench/results/sp5odb-spec-tmp/fwod34.flow.ts:5380:53)
        at runFlow (/home/user/sitelooper/bench/results/sp5odb-spec-tmp/fwod34.flow.ts:6039:3)
        at /home/user/sitelooper/bench/results/sp5odb-spec-tmp/fwod34.spec.ts:5:19

    Error Context: ../../../test-results/fwod34-fwod34/error-context.md

  1 failed
    fwod34.spec.ts:4:1 › fwod34 ────────────────────────────────────────────────────────────────────
EXIT=1
