
Running 1 test using 1 worker

  ✘  1 fwod34.spec.ts:4:1 › fwod34 (12.5s)


  1) fwod34.spec.ts:4:1 › fwod34 ───────────────────────────────────────────────────────────────────

    Error: expect(page).toHaveURL(expected) failed

    Expected: predicate to succeed
    Received: "http://127.0.0.1:8069/web#action=123&cids=1&menu_id=81"
    Timeout:  5000ms


       at fwod34.flow.ts:4439

      4437 |     p.d3 = bound1[2]; // recorded example: 81
      4438 |     // This step CREATES a record (i[spec-replay] sp5oda: 0/1 passed, exit=1, 16s, 0 drift line(s) — result written
wait expect(page).toHaveURL((url: URL) => hashMatch(url, new RegExp(`^http://127\\.0\\.0\\.1:8069/web$`), [['action', `${p.d1}`], ['cids', `${p.d2}`], ['menu_id', `${p.d3}`]]));
           |                        ^
      4440 |     // the step's recorded effect must show — any one of these, as replay's effect gate has it:
      4441 |     //   - button "Home Menu"
      4442 |     //   - menuitem "Discuss"
        at Object.01-signin (/home/user/sitelooper/bench/results/sp5oda-spec-tmp/fwod34.flow.ts:4439:24)
        at runFlow (/home/user/sitelooper/bench/results/sp5oda-spec-tmp/fwod34.flow.ts:6037:3)
        at /home/user/sitelooper/bench/results/sp5oda-spec-tmp/fwod34.spec.ts:5:19

    Error Context: ../../../test-results/fwod34-fwod34/error-context.md

  1 failed
    fwod34.spec.ts:4:1 › fwod34 ────────────────────────────────────────────────────────────────────
EXIT=1
