repairing bench/results/sp6gr-spec/fwgr27.flow.ts (5 step(s)) in /tmp/sitelooper-repair-rVI3mU
  reset (run 1): node --input-type=module -e "import {resetTarget} from './bench/app-reset.mjs'; await resetTarget('grafana')"
run 1: 5/5 step(s) success, 4 drift ticket(s)
  [OK] 01-open (tier A)
  [OK] 02-create (tier A)
  [OK] 03-add (tier A)
  [OK] 04-add (tier A)
  [OK] 05-report (tier A)
  reset (converge 1/2): node --input-type=module -e "import {resetTarget} from './bench/app-reset.mjs'; await resetTarget('grafana')"
  evidence         candidate retired: elementAt(68, 165) /* heading */ — missed 2 run(s), never hit; now last — s_b80251 step 2 target
  evidence         candidate retired: elementAt(691, 165) /* heading */ — missed 2 run(s), never hit; now last — s_b80251 step 3 target
  evidence         candidate retired: elementAt(1036, 165) /* heading */ — missed 2 run(s), never hit; now last — s_b80251 step 4 target
  [OK] 01-open (tier A)
  [OK] 02-create (tier A)
  [OK] 03-add (tier A)
  [OK] 04-add (tier A)
  [OK] 05-report (tier A)
converge 1/2: 5/5 step(s) success, 3 drift ticket(s) — clean
  reset (converge 2/2): node --input-type=module -e "import {resetTarget} from './bench/app-reset.mjs'; await resetTarget('grafana')"
  [OK] 01-open (tier A)
  [OK] 02-create (tier A)
  [OK] 03-add (tier A)
  [OK] 04-add (tier A)
  [OK] 05-report (tier A)
converge 2/2: 5/5 step(s) success, 0 drift ticket(s) — clean
  spec check reset: node --input-type=module -e "import {resetTarget} from './bench/app-reset.mjs'; await resetTarget('grafana')"
  spec check: /opt/node22/bin/node /home/user/sitelooper/node_modules/@playwright/test/cli.js test --config /home/user/sitelooper/bench/results/sp6gr-spec/.sitelooper-check-t84Skb/playwright.config.mjs
the emitted spec fails under plain Playwright: spec check: FAILED at @step 04-add s_0c4807/5 — Error: expect(locator).toBeVisible() failed Locator: getByRole('menu', { name: 'Off Auto 5s 10s 30s 1m 5m 15m 30m 1h 2h 1d' }).or(getByRole('menu').filter({ hasText: 'Off Auto 5s 10s 30s 1m 5m 15m … — this is an emitter defect, not drift: the live replay passed this step
bench/results/sp6gr-spec/fwgr27.flow.ts was still written — review the diff, then fix the emitter (not the app)
EXIT=4
