
Running 1 test using 1 worker

[sitelooper skip] 03-open s_d654ba/3: recorded popup already showing — click skipped
  ✘  1 fwod34.spec.ts:4:1 › fwod34 (16.1s)


  1) fwod34.spec.ts:4:1 › fwod34 ───────────────────────────────────────────────────────────────────

    Error: none of 2 recorded locators resolved at 03-open s_d654ba/4 target (page is at http://127.0.0.1:8069/web#cids=1&menu_id=194&action=316&model=sale.order&view_type=form&id=22): getByRole('button', { name: 'Confirm', exact: true }).nth(1) | locator('#dialog_0 > div > div > div > footer > button:nth-of-type(1)')

       at fwod34.flow.ts:4341

      4339 |     await page.waitForTimeout(PICK_POLL_MS);
      4340 |   }
    > 4341 |   throw new Error(
           |         ^
      4342 |     // The url and the recorded step are half the answer whenever a chain
      4343 |     // misses wholesale: a locator that named the control on the day it was
      4344 |     // recorded us[spec-replay] sp6odb: 0/1 passed, exit=1, 19s, 0 drift line(s) — result written
/sitelooper/bench/results/sp6odb-spec-tmp/fwod34.flow.ts:4341:9)
        at Object.03-open (/home/user/sitelooper/bench/results/sp6odb-spec-tmp/fwod34.flow.ts:5506:17)
        at runFlow (/home/user/sitelooper/bench/results/sp6odb-spec-tmp/fwod34.flow.ts:6091:3)
        at /home/user/sitelooper/bench/results/sp6odb-spec-tmp/fwod34.spec.ts:5:19

    Error Context: ../../../test-results/fwod34-fwod34/error-context.md

  1 failed
    fwod34.spec.ts:4:1 › fwod34 ────────────────────────────────────────────────────────────────────
EXIT=1
