repairing bench/results/sp7od-spec/fwod34.flow.ts (9 step(s)) in /tmp/sitelooper-repair-JscfYj
  reset (run 1): node --input-type=module -e "import {resetTarget} from './bench/app-reset.mjs'; await resetTarget('odoo')"
run 1: 9/9 step(s) success, 1 drift ticket(s)
  [OK] 01-signin (tier A)
  [OK] 02-create (tier A)
  [OK] 03-open (tier A)
  [OK] 04-open (tier A)
  [OK] 05-open (tier A)
  [OK] 06-open (tier A)
  [OK] 07-open (tier A)
  [OK] 08-open (tier B) — fell back: every candidate refused — s_c86522: failed at step 1 before touching the page — no element matched any known locator for target (tried 3: page.getByRole('button', { name: 'Cancel', exact: true }).nth(0), page.locator('div:nth-of-type(2) > div > div:nth-of-type(1) > div:nth-of-type(1) > div:nth-of-type(1) > button:nth-of-type(4)'), elementAt(357, 129) /* button */)
  [OK] 09-change (tier A)
  reset (converge 1/2): node --input-type=module -e "import {resetTarget} from './bench/app-reset.mjs'; await resetTarget('odoo')"
  [OK] 01-signin (tier A)
  [OK] 02-create (tier A)
  [OK] 03-open (tier A)
  [OK] 04-open (tier A)
  [OK] 05-open (tier A)
  [OK] 06-open (tier A)
  [OK] 07-open (tier A)
  [OK] 08-open (tier A)
  [OK] 09-change (tier A)
converge 1/2: 9/9 step(s) success, 0 drift ticket(s) — clean
  reset (converge 2/2): node --input-type=module -e "import {resetTarget} from './bench/app-reset.mjs'; await resetTarget('odoo')"
  [OK] 01-signin (tier A)
  [OK] 02-create (tier A)
  [OK] 03-open (tier A)
  [OK] 04-open (tier A)
  [OK] 05-open (tier A)
  [OK] 06-open (tier none) — fell back: the pinned skill s_e7d322 bound no params for this instruction
  [OK] 07-open (tier A)
  [OK] 08-open (tier A)
  [OK] 09-change (tier A)
converge 2/2: 9/9 step(s) success, 0 drift ticket(s)
not converged: 06-open (tier none — the pinned skill s_e7d322 bound no params for this instruction)
EXIT=3
