repairing bench/results/sp8od-spec/fwod34.flow.ts (9 step(s)) in /tmp/sitelooper-repair-iWAMK0
  reset (run 1): node --input-type=module -e "import {resetTarget} from './bench/app-reset.mjs'; await resetTarget('odoo')"
run 1: 9/9 step(s) success, 0 drift ticket(s)
  [OK] 01-signin (tier A)
  [OK] 02-create (tier A)
  [OK] 03-open (tier A)
  [OK] 04-open (tier A)
  [OK] 05-open (tier A)
  [OK] 06-open (tier A)
  [OK] 07-open (tier A)
  [OK] 08-open (tier none) — fell back: every candidate refused — s_c86522: failed at step 1 before touching the page — no element matched any known locator for target (tried 3: page.getByRole('button', { name: 'Cancel', exact: true }).nth(0), page.locator('div:nth-of-type(2) > div > div:nth-of-type(1) > div:nth-of-type(1) > div:nth-of-type(1) > button:nth-of-type(4)'), elementAt(357, 129) /* button */)
  [OK] 09-change (tier A)
  reset (converge 1/2): node --input-type=module -e "import {resetTarget} from './bench/app-reset.mjs'; await resetTarget('odoo')"
  [OK] 01-signin (tier A)
  [OK] 02-create (tier A)
  [OK] 03-open (tier A)
  [OK] 04-open (tier A)
  [OK] 05-open (tier A)
  [OK] 06-open (tier A)
  [OK] 07-open (tier A)
  [OK] 08-open (tier A)
  [OK] 09-change (tier A)
converge 1/2: 9/9 step(s) success, 0 drift ticket(s) — clean
  reset (converge 2/2): node --input-type=module -e "import {resetTarget} from './bench/app-reset.mjs'; await resetTarget('odoo')"
  [OK] 01-signin (tier A)
  [OK] 02-create (tier A)
  [OK] 03-open (tier A)
  [OK] 04-open (tier A)
  [OK] 05-open (tier A)
  [OK] 06-open (tier A)
  [OK] 07-open (tier A)
  [OK] 08-open (tier A)
  [OK] 09-change (tier A)
converge 2/2: 9/9 step(s) success, 0 drift ticket(s) — clean
  spec check reset: node --input-type=module -e "import {resetTarget} from './bench/app-reset.mjs'; await resetTarget('odoo')"
  spec check: /opt/node22/bin/node /home/user/sitelooper/node_modules/@playwright/test/cli.js test --config /home/user/sitelooper/bench/results/sp8od-spec/.sitelooper-check-gy50gv/playwright.config.mjs
the emitted spec fails under plain Playwright: spec check: FAILED at @step 08-open s_c86522/1 — Error: none of 2 recorded locators resolved at 08-open s_c86522/1 target (page is at http://127.0.0.1:8069/web#cids=1&menu_id=194&action=316&model=sale.order&view_type=form&id=26): getByRole('butto… — this is an emitter defect, not drift: the live replay passed this step
bench/results/sp8od-spec/fwod34.flow.ts was still written — review the diff, then fix the emitter (not the app)
EXIT=4
