
Running 1 test using 1 worker

  ✘  1 fwod34.spec.ts:4:1 › fwod34 (1.3m)


  1) fwod34.spec.ts:4:1 › fwod34 ───────────────────────────────────────────────────────────────────

    Error: none of 2 recorded locators resolved at 08-open s_c86522/1 target (page is at http://127.0.0.1:8069/web#cids=1&menu_id=194&action=316&model=sale.order&view_type=form&id=22): getByRole('button', { name: 'Cancel', exact: true }).first() | locator('div:nth-of-type(2) > div > div:nth-of-type(1) > div:nth-of-type(1) > div:nth-of-type(1) > button:nth-of-type(4)')

       at fwod34.flow.ts:4448

      4446 |     await page.waitForTimeout(PICK_POLL_MS);
      4447 |   }
    > 4448 |   throw new Error(
           |         ^
      4449 |     // The url and the recorded step are half the answer whenever a chain
      4450 |     // misses wholesale: a locator that named the control on the day it was
      4451 |     // recorded usually misses because the page is not [spec-replay] sp8odb: 0/1 passed, exit=1, 80s, 0 drift line(s) — result written
-tmp/fwod34.flow.ts:4448:9)
        at Object.08-open (/home/user/sitelooper/bench/results/sp8odb-spec-tmp/fwod34.flow.ts:5952:17)
        at runFlow (/home/user/sitelooper/bench/results/sp8odb-spec-tmp/fwod34.flow.ts:6069:3)
        at /home/user/sitelooper/bench/results/sp8odb-spec-tmp/fwod34.spec.ts:7:19

    Error Context: ../../../test-results/fwod34-fwod34/error-context.md

  1 failed
    fwod34.spec.ts:4:1 › fwod34 ────────────────────────────────────────────────────────────────────
EXIT=1
