repairing bench/results/sp9od-spec/fwod34r.flow.ts (9 step(s)) in /tmp/sitelooper-repair-lxmhHD
  reset (run 1): node --input-type=module -e "import {resetTarget} from './bench/app-reset.mjs'; await resetTarget('odoo')"
run 1: 9/9 step(s) success, 1 drift ticket(s)
  [OK] 01-signin (tier A)
  [OK] 02-create (tier A)
  [OK] 03-open (tier A)
  [OK] 04-open (tier A)
  [OK] 05-open (tier A)
  [OK] 06-open (tier A)
  [OK] 07-open (tier A)
  [OK] 08-open (tier B) — fell back: the flow step has no pinned skill
  [OK] 09-change (tier A)
  reset (converge 1/2): node --input-type=module -e "import {resetTarget} from './bench/app-reset.mjs'; await resetTarget('odoo')"
  [OK] 01-signin (tier A)
  [OK] 02-create (tier A)
  [OK] 03-open (tier A)
  [OK] 04-open (tier A)
  [OK] 05-open (tier A)
  [OK] 06-open (tier A)
  [OK] 07-open (tier A)
  [OK] 08-open (tier B) — fell back: the flow step has no pinned skill
  [OK] 09-change (tier A)
converge 1/2: 9/9 step(s) success, 1 drift ticket(s)
  ticket: 08-open s_04d970 : the flow step has no pinned skill → nothing resolved
not converged: 08-open (tier B — the flow step has no pinned skill)
EXIT=3
