srgc-b-hagc1-1: refused error 02-report: it is pinned to the demoted skill s_3196a5 — the compiled spec inherits a procedure whose last replays failed at the same step | sitelooper: refused: a step is pinned to a demoted ski
srgc-a-hagc1-1: refused error 02-report: it is pinned to the demoted skill s_3196a5 — the compiled spec inherits a procedure whose last replays failed at the same step | sitelooper: refused: a step is pinned to a demoted ski
srgc-a-hagc2-1: pw pass, verifier 7/7 state clean
srgc-b-hagc2-1: pw pass, verifier 5/7 state clean
srgc-b-hagc3-1: pw pass, verifier 5/7 state clean
srgc-a-hagc3-1: pw pass, verifier 7/7 state clean
srgc-a-hbgc1-1: refused error 05-create: slot v3 is bound to {{03-create.product_name_field_name}}, and nothing has ever published product_name_field_name | sitelooper: refused: unsourced-ref — see the diagnostics above
srgc-b-hbgc1-1: refused error 05-create: slot v3 is bound to {{03-create.product_name_field_name}}, and nothing has ever published product_name_field_name | sitelooper: refused: unsourced-ref — see the diagnostics above
srgc-b-hbgc2-1: pw fail, verifier 1/7 state NOT clean
srgc-a-hbgc2-1: pw fail, verifier 2/7 state NOT clean
srgc-a-hbgc3-1: pw fail, verifier 3/7 state NOT clean
srgc-b-hbgc3-1: pw fail, verifier 1/7 state NOT clean
srgc-a-hagc1-2: refused error 02-report: it is pinned to the demoted skill s_3196a5 — the compiled spec inherits a procedure whose last replays failed at the same step | sitelooper: refused: a step is pinned to a demoted ski
srgc-b-hagc1-2: refused error 02-report: it is pinned to the demoted skill s_3196a5 — the compiled spec inherits a procedure whose last replays failed at the same step | sitelooper: refused: a step is pinned to a demoted ski
srgc-b-hagc2-2: pw pass, verifier 5/7 state clean
srgc-a-hagc2-2: pw pass, verifier 7/7 state clean
srgc-a-hagc3-2: pw pass, verifier 7/7 state clean
srgc-b-hagc3-2: pw pass, verifier 5/7 state clean
srgc-b-hbgc1-2: refused error 05-create: slot v3 is bound to {{03-create.product_name_field_name}}, and nothing has ever published product_name_field_name | sitelooper: refused: unsourced-ref — see the diagnostics above
srgc-a-hbgc1-2: refused error 05-create: slot v3 is bound to {{03-create.product_name_field_name}}, and nothing has ever published product_name_field_name | sitelooper: refused: unsourced-ref — see the diagnostics above
srgc-a-hbgc2-2: pw fail, verifier 2/7 state NOT clean
srgc-b-hbgc2-2: pw fail, verifier 1/7 state NOT clean
srgc-b-hbgc3-2: pw fail, verifier 1/7 state NOT clean
srgc-a-hbgc3-2: pw fail, verifier 3/7 state NOT clean
after:  {"runs":12,"stateClean":4,"refused":4,"pwPassed":4,"silentPasses":0,"honest":8,"compiled":8}
before: {"runs":12,"stateClean":4,"refused":4,"pwPassed":4,"silentPasses":0,"honest":8,"compiled":8}
