
Running 1 test using 1 worker

[sitelooper step] 01-signin
[sitelooper step] 02-report
[sitelooper recipe] filled via recipe contenteditable/set-value (r_7b1e49); value verified on the component
[sitelooper drift] 03-create s_fb9771/5 target: primary getByText('srgc-b-hagc3-1 Bench Product', { exact: true }) missed; used #2 locator('#productcard-product-name') (#1 ambiguous)
[sitelooper step] 03-create
[sitelooper drift] 04-edit s_e900b0/4 target: primary getByText('srgc-b-hagc3-1 Bench Product', { exact: true }) missed; used #2 locator('#products-table > tbody > tr:nth-of-type(4) > td:nth-of-type(2)') (#1 ambiguous)
[sitelooper step] 04-edit
[sitelooper warn] 05-edit s_4043a7/4: read 'min_stock_amount' returned a value the skill itself set/selected ('4') — confirms the control, not persistence; dropped from the report's confident values
[sitelooper drift] 05-edit s_34320f/2 target: primary getByText('srgc-b-hagc3-1 Bench Product', { exact: true }) missed; used #2 locator('#products-table > tbody > tr:nth-of-type(4) > td:nth-of-type(2)') (#1 ambiguous)
[sitelooper drift] 05-edit s_34320f/8 target: primary getByText('srgc-b-hagc3-1 Bench Product', { exact: true }) missed; used #2 locator('#products-table > tbody > tr:nth-of-type(4) > td:nth-of-type(2)') (#1 ambiguous)
[sitelooper step] 05-edit
[sitelooper warn] 06-edit s_414dc1/2: read 'default_due_days' returned a value the skill itself set/selected ('30') — confirms the control, not persistence; dropped from the report's confident values
[sitelooper warn] 06-edit s_414dc1/7: read 'barcode_added' returned a value the skill itself set/selected ('srgc-b-hagc3-1-0001') — confirms the control, not persistence; dropped from the report's confident values
[sitelooper warn] 06-edit: report value default_due_days_after_r is only what this run typed: no click's own diff showed it outside its control and no read returned it — withheld from the report (still given to a later step)
[sitelooper step] 06-edit
[sitelooper warn] 07-create s_aeb6fb/5: read 'amount_value' returned a value the skill itself set/selected ('3') — confirms the control, not persistence; dropped from the report's confident values
[sitelooper warn] 07-create s_aeb6fb/6: read 'due_date' returned a value the skill itself set/selected ('2026-12-31') — confirms the control, not persistence; dropped from the report's confident values
[sitelooper drift] 07-create s_aeb6fb/21 target: primary getByText('srgc-b-hagc3-1 Bench Product', { exact: true }) missed; used #2 locator('#productcard-product-name') (#1 ambiguous)
[sitelooper warn] 07-create s_aeb6fb/21: read 'product' returned a value the skill itself set/selected ('srgc-b-hagc3-1 Bench Product') — confirms the control, not persistence; dropped from the report's confident values
[sitelooper step] 07-create
[sitelooper step] 08-open
  ✓  1 hagc3.spec.ts:9:1 › hagc3 (1.7m)

  1 passed (1.7m)
