[same-recording] srkm-b-hakm1-1: pw pass, verifier 5/7 state clean
[same-recording] srkm-a-hakm1-1: pw fail, verifier 6/7 state NOT clean
[same-recording] srkm-a-hakm2-1: pw pass, verifier 5/7 state NOT clean SILENT
[same-recording] srkm-b-hakm2-1: pw pass, verifier 3/7 state NOT clean SILENT
[same-recording] srkm-b-hakm3-1: refused error 05-create: it is pinned to the demoted skill s_4b410f — the compiled spec inherits a procedure whose last replays failed at the same step | sitelooper: refused: a step is pinned to a demoted ski
[same-recording] srkm-a-hakm3-1: refused error 05-create: it is pinned to the demoted skill s_4b410f — the compiled spec inherits a procedure whose last replays failed at the same step | sitelooper: refused: a step is pinned to a demoted ski
[same-recording] srkm-a-hbkm1-1: refused error 05-create: it is pinned to the demoted skill s_accf05 — the compiled spec inherits a procedure whose last replays failed at the same step | sitelooper: refused: a step is pinned to a demoted ski
[same-recording] srkm-b-hbkm1-1: refused error 05-create: it is pinned to the demoted skill s_accf05 — the compiled spec inherits a procedure whose last replays failed at the same step | sitelooper: refused: a step is pinned to a demoted ski
[same-recording] srkm-b-hbkm2-1: refused error 04-verify: it is pinned to the demoted skill s_92a95c — the compiled spec inherits a procedure whose last replays failed at the same step | sitelooper: refused: a step is pinned to a demoted ski
[same-recording] srkm-a-hbkm2-1: refused error 04-verify: it is pinned to the demoted skill s_92a95c — the compiled spec inherits a procedure whose last replays failed at the same step | sitelooper: refused: a step is pinned to a demoted ski
[same-recording] srkm-a-hbkm3-1: pw fail, verifier 6/7 state NOT clean
[same-recording] srkm-b-hbkm3-1: pw fail, verifier 4/7 state NOT clean
[same-recording] srkm-a-hakm1-2: pw fail, verifier 6/7 state NOT clean
[same-recording] srkm-b-hakm1-2: pw fail, verifier 4/7 state NOT clean
[same-recording] srkm-b-hakm2-2: pw pass, verifier 3/7 state NOT clean SILENT
[same-recording] srkm-a-hakm2-2: pw pass, verifier 5/7 state NOT clean SILENT
[same-recording] srkm-a-hakm3-2: refused error 05-create: it is pinned to the demoted skill s_4b410f — the compiled spec inherits a procedure whose last replays failed at the same step | sitelooper: refused: a step is pinned to a demoted ski
[same-recording] srkm-b-hakm3-2: refused error 05-create: it is pinned to the demoted skill s_4b410f — the compiled spec inherits a procedure whose last replays failed at the same step | sitelooper: refused: a step is pinned to a demoted ski
[same-recording] srkm-b-hbkm1-2: refused error 05-create: it is pinned to the demoted skill s_accf05 — the compiled spec inherits a procedure whose last replays failed at the same step | sitelooper: refused: a step is pinned to a demoted ski
[same-recording] srkm-a-hbkm1-2: refused error 05-create: it is pinned to the demoted skill s_accf05 — the compiled spec inherits a procedure whose last replays failed at the same step | sitelooper: refused: a step is pinned to a demoted ski
[same-recording] srkm-a-hbkm2-2: refused error 04-verify: it is pinned to the demoted skill s_92a95c — the compiled spec inherits a procedure whose last replays failed at the same step | sitelooper: refused: a step is pinned to a demoted ski
[same-recording] srkm-b-hbkm2-2: refused error 04-verify: it is pinned to the demoted skill s_92a95c — the compiled spec inherits a procedure whose last replays failed at the same step | sitelooper: refused: a step is pinned to a demoted ski
[same-recording] srkm-b-hbkm3-2: pw fail, verifier 4/7 state NOT clean
[same-recording] srkm-a-hbkm3-2: pw fail, verifier 6/7 state NOT clean
[same-recording] after:  {"runs":12,"stateClean":0,"refused":6,"pwPassed":2,"silentPasses":2,"honest":4,"compiled":6}
[same-recording] before: {"runs":12,"stateClean":1,"refused":6,"pwPassed":3,"silentPasses":2,"honest":4,"compiled":6}
