
Running 1 test using 1 worker

[sitelooper skip] 01-signin s_b9d960/3 target: read target not found — value left empty
[sitelooper step] 01-signin
[sitelooper step] 02-report
[sitelooper warn] 03-create s_30fff5/9: read 'order_number' returned a value the skill itself set/selected ('PO-4471') — confirms the control, not persistence; dropped from the report's confident values
[sitelooper warn] 03-create s_30fff5/11: read 'order_date_field2' returned a value the skill itself set/selected ('11/15/2026') — confirms the control, not persistence; dropped from the report's confident values
[sitelooper warn] 03-create s_30fff5/12: read 'customer_selected' returned 'Bench Customer Ltd
Bench Customers Group
Bench Customer' from a control this step set, and nothing committed it since — it shows the control, however the app formats it, not what the app stored; dropped from the report's confident values
[sitelooper warn] 03-create s_30fff5/13: read 'project_name' returned a value the skill itself set/selected ('srkm-b-hakm1-1 Bench Project') — confirms the control, not persistence; dropped from the report's confident values
[sitelooper warn] 03-create s_30fff5/14: read 'customer_name' returned 'Bench Customer' from a control this step set, and nothing committed it since — it shows the control, however the app formats it, not what the app stored; dropped from the report's confident values
[sitelooper warn] 03-create: report value name_field is only what this run typed: no click's own diff showed it outside its control and no read returned it — withheld from the report (still given to a later step)
[sitelooper warn] 03-create: report value saved_project_name is only what this run typed: no click's own diff showed it outside its control and no read returned it — withheld from the report (still given to a later step)
[sitelooper step] 03-create
[sitelooper drift] 04-create s_4dcb0b/4 target: used #3 locator('#timesheet_edit_form_begin_time') (#2 ambiguous)
[sitelooper drift] 04-create s_4dcb0b/5 target: used #3 locator('#timesheet_edit_form_end_time') (#2 ambiguous)
[sitelooper warn] 04-create s_4dcb0b/9: read 'from_date_value' returned '10/6/2026' from a control this step set, and nothing committed it since — it shows the control, however the app formats it, not what the app stored; dropped from the report's confident values
[sitelooper warn] 04-create s_4dcb0b/14: read 'from_date_after_blur' returned a value the skill itself set/selected ('09/16/2026') — confirms the control, not persistence; dropped from the report's confident values
[sitelooper warn] 04-create s_4dcb0b/15: read 'begin_time_value' returned a value the skill itself set/selected ('9:00 AM') — confirms the control, not persistence; dropped from the report's confident values
[sitelooper warn] 04-create s_4dcb0b/16: read 'end_time_value' returned a value the skill itself set/selected ('11:30 AM') — confirms the control, not persistence; dropped from the report's confident values
[sitelooper skip] 04-create s_4dcb0b/19 target: read target not found — value left empty
[sitelooper skip] 04-create s_4dcb0b/20 target: read target not found — value left empty
[sitelooper drift] 04-create s_5eb311/4 target: primary getByText('srkm-b-hakm1-1 Bench Project', { exact: true }) missed; used #2 locator('div:nth-of-type(2) > div:nth-of-type(4) > div > div > div > div') (#1 ambiguous)
[sitelooper step] 04-create
  ✓  1 hakm1.spec.ts:9:1 › hakm1 (1.3m)

  1 passed (1.5m)
