[same-recording] srpk-b-hapk1-1: pw pass, verifier 5/7 state clean
[same-recording] srpk-a-hapk1-1: pw pass, verifier 7/7 state clean
[same-recording] srpk-a-hapk2-1: pw pass, verifier 7/7 state clean
[same-recording] srpk-b-hapk2-1: pw pass, verifier 5/7 state clean
[same-recording] srpk-b-hapk3-1: pw pass, verifier 5/7 state clean
[same-recording] srpk-a-hapk3-1: pw pass, verifier 7/7 state clean
[same-recording] srpk-a-hbpk1-1: pw pass, verifier 7/7 state clean
[same-recording] srpk-b-hbpk1-1: pw pass, verifier 5/7 state clean
[same-recording] srpk-b-hbpk2-1: pw pass, verifier 5/7 state clean
[same-recording] srpk-a-hbpk2-1: pw pass, verifier 7/7 state clean
[same-recording] srpk-a-hbpk3-1: pw pass, verifier 7/7 state clean
[same-recording] srpk-b-hbpk3-1: pw pass, verifier 5/7 state clean
[same-recording] srpk-a-hapk1-2: pw pass, verifier 7/7 state clean
[same-recording] srpk-b-hapk1-2: pw pass, verifier 5/7 state clean
[same-recording] srpk-b-hapk2-2: pw pass, verifier 5/7 state clean
[same-recording] srpk-a-hapk2-2: pw pass, verifier 7/7 state clean
[same-recording] srpk-a-hapk3-2: pw pass, verifier 7/7 state clean
[same-recording] srpk-b-hapk3-2: pw pass, verifier 5/7 state clean
[same-recording] srpk-b-hbpk1-2: pw pass, verifier 5/7 state clean
[same-recording] srpk-a-hbpk1-2: pw pass, verifier 7/7 state clean
[same-recording] srpk-a-hbpk2-2: pw pass, verifier 7/7 state clean
[same-recording] srpk-b-hbpk2-2: pw pass, verifier 5/7 state clean
[same-recording] srpk-b-hbpk3-2: pw pass, verifier 5/7 state clean
[same-recording] srpk-a-hbpk3-2: pw pass, verifier 7/7 state clean
[same-recording] after:  {"runs":12,"stateClean":12,"refused":0,"pwPassed":12,"silentPasses":0,"honest":12,"compiled":12}
[same-recording] before: {"runs":12,"stateClean":12,"refused":0,"pwPassed":12,"silentPasses":0,"honest":12,"compiled":12}
