
[sweep] run 1/3: vgr3v-n1 (store: /home/user/sitelooper/bench/results/vgr3v-skills)
[harness] grafana: defaulting APP_URL
[harness] grafana: defaulting APP_EMAIL
[harness] grafana: defaulting APP_PASSWORD
[reset] grafana: deleted leftover dashboard "Service Health" (400)
[harness] grafana responded 302 at http://127.0.0.1:3000/
stopped: vgr3v-n1
  flow "vgr3v" saved: 5 step(s), vars runid → /home/user/sitelooper/bench/results/flows/vgr3v.json
  warning: warning: 05-open's instruction asks to report auto_refresh_interval, and only a recorded literal backs it: no read in its procedure publishes it, so a replay reports it only if the page it ends on shows that exact text — re-record the step so the value is read where it is shown
  warning: note: 02-create no longer publishes data_source, scenario, visualization — no replay reads them from the page and the recording showed no line to read
  warning: warning: 04-set's instruction asks to report default_time_range, and no replay can publish it: nothing in its procedure reads it from the page, so export dropped it — re-record the step so the value is read, not only reported
  warning: note: 04-set no longer publishes dashboard_version, save_confirmation, time_range_from — no replay reads them from the page and the recording showed no line to read
  warning: note: 05-open no longer publishes time_range_from — no replay reads it from the page and the recording showed no line to read
  warning: note: 03-add: added a read for save_confirmation to s_c43624 (page.getByRole('status', { name: 'Dashboard saved', exact: true }); seen on the instruction's own page)
  warning: warning: 85 other value(s) the run saw survived unslotted, judged by shape only (usually page copy; non-fatal):
  flow.steps[0].instruction: "admin" (output) in "Open http://127.0.0.1:3000/ and sign in with username admin and password {{env:APP_PASSWORD}} (type the password text exactly as given). Then find and open the "
  flow.steps[0].params.v2: "admin" (output) in "admin"
  flow.steps[1].instruction: "Dashboard saved" (output) in "Create a NEW dashboard titled exactly '{{runid}} Bench Dashboard'. Add a Stat panel titled exactly '{{runid}} Availability' whose query uses the 'TestData' data"
  flow.steps[1].instruction: "Random Walk" (output) in "Create a NEW dashboard titled exactly '{{runid}} Bench Dashboard'. Add a Stat panel titled exactly '{{runid}} Availability' whose query uses the 'TestData' data"
  flow.steps[1].instruction: "TestData" (output) in "Create a NEW dashboard titled exactly '{{runid}} Bench Dashboard'. Add a Stat panel titled exactly '{{runid}} Availability' whose query uses the 'TestData' data"
arm=sitelooper model=z-ai/glm-5.3 runid=vgr3v-n1 stop=completed
turns=6 wall=782.2s
commands=5 cmdTime=762.4s cmdBytes=4809 timeouts=0
orchestrator in=7241 cw=0 cr=15104 out=2107
inner prompt=2035002 cached=1783616 completion=13334
spend=$0.0674 maxUsd=3
learn: A_n=0 replayed=0/5 full=0 repaired=0 compiled=5 variants=0
-> /home/user/sitelooper/bench/results/vgr3v-n1-sitelooper-result.json

vgr3v-n1: objectives passed 6/6
  obj 1: PASS — all 3 provisioned titles reported
  obj 2: PASS — type=stat, datasource ok=true
  obj 3: PASS — type=text, content includes runid=true
  obj 4: PASS — tags=["bench"], time=now-6h..now
  obj 5: PASS — refresh="1m"
  obj 6: PASS — uid ffzaivjb2wuf4b reported

[sweep] run 2/3: vgr3v-n2 (replay flow vgr3v, no orchestrator)
[reset] grafana: deleted leftover dashboard "Service Health" (400)
[reset] grafana: deleted leftover dashboard "vgr3v-n1 Bench Dashboard" (200)
[sweep] vgr3v-n2: 2 drift ticket(s) → vgr3v-n2-drift.json

vgr3v-n2: objectives passed 6/6
  obj 1: PASS — all 3 provisioned titles reported
  obj 2: PASS — type=stat, datasource ok=true
  obj 3: PASS — type=text, content includes runid=true
  obj 4: PASS — tags=["bench"], time=now-6h..now
  obj 5: PASS — refresh="1m"
  obj 6: PASS — uid afzajh8fcc8w0b reported

[sweep] run 3/3: vgr3v-n3 (replay flow vgr3v, no orchestrator)
[reset] grafana: deleted leftover dashboard "Service Health" (400)
[reset] grafana: deleted leftover dashboard "vgr3v-n2 Bench Dashboard" (200)
[sweep] vgr3v-n3: 1 drift ticket(s) → vgr3v-n3-drift.json

vgr3v-n3: objectives passed 6/6
  obj 1: PASS — all 3 provisioned titles reported
  obj 2: PASS — type=stat, datasource ok=true
  obj 3: PASS — type=text, content includes runid=true
  obj 4: PASS — tags=["bench"], time=now-6h..now
  obj 5: PASS — refresh="1m"
  obj 6: PASS — uid efzajrlm68000a reported

Learning sweep vgr3v (K=3)
┌─────────┬───┬────────────┬──────────┬─────────────┬───────┬──────┬───────────┬─────┬──────────────┬────────┐
│ (index) │ n │ runid      │ verified │ stop        │ turns │ cmds │ total_usd │ A_n │ replayed     │ wall_s │
├─────────┼───┼────────────┼──────────┼─────────────┼───────┼──────┼───────────┼─────┼──────────────┼────────┤
│ 0       │ 1 │ 'vgr3v-n1' │ '6/6'    │ 'completed' │ 6     │ 5    │ 0.0674    │ 0   │ '0/5'        │ 782    │
│ 1       │ 2 │ 'vgr3v-n2' │ '6/6'    │ 'success'   │ 14    │ 5    │ 0.0081    │ 0.8 │ '5/5 (flow)' │ 189    │
│ 2       │ 3 │ 'vgr3v-n3' │ '6/6'    │ 'success'   │ 0     │ 5    │ 0         │ 1   │ '5/5 (flow)' │ 102    │
└─────────┴───┴────────────┴──────────┴─────────────┴───────┴──────┴───────────┴─────┴──────────────┴────────┘
http://127.0.0.1:3000
  s_0618a0  validated   12 steps  3/3 (100%)
           On the dashboard at /d/{{v1}}/{{v2}}: open the top time picker, find the 'Refresh interval'/'Auto refresh' sel…
  s_1ab372  validated    2 steps  3/3 (100%)
           Create a NEW dashboard titled exactly '{{v2}}'. Add a Stat panel titled exactly '{{v3}}' whose query uses the …
  s_4a2fcf  validated    4 steps  3/3 (100%)
           Open {{v1}} and sign in with username {{v2}} and password {{v3}} (type the password text exactly as given). Th…
  s_5825e1  validated   10 steps  3/3 (100%)
           Open {{v1}} and sign in with username {{v2}} and password {{v3}} (type the password text exactly as given). Th…
  s_5b4468  validated    2 steps  3/3 (100%)
           Open {{v1}} and sign in with username {{v2}} and password {{v3}} (type the password text exactly as given). Th…
  s_5d1397  validated    4 steps  3/3 (100%)
           Create a NEW dashboard titled exactly '{{v2}}'. Add a Stat panel titled exactly '{{v3}}' whose query uses the …
  s_7ece6e  validated    1 steps  3/3 (100%)
           Open {{v1}} and sign in with username {{v2}} and password {{v3}} (type the password text exactly as given). Th…
  s_ab698b  validated    8 steps  3/3 (100%)
           Create a NEW dashboard titled exactly '{{v2}}'. Add a Stat panel titled exactly '{{v3}}' whose query uses the …
  s_c43624  validated   20 steps  3/3 (100%)
           On the existing dashboard '{{v1}}' (URL /d/ffzaavjb2wuf4b or /d/{{v3}}/...), add a {{v5}} panel titled exactly…
  s_78489c  validated   15 steps  2/2 (100%)  variant of s_e388c9
           On the dashboard at /d/{{v1}}/{{v2}}: 1) In the top time picker, set the time range to '{{v4}}'. 2) Open the d…
  s_e388c9  demoted     15 steps  1/2 (50%)
           On the dashboard at /d/{{v1}}/{{v2}}: 1) In the top time picker, set the time range to '{{v4}}'. 2) Open the d…
store: /home/user/sitelooper/bench/results/vgr3v-skills

summary: /home/user/sitelooper/bench/results/vgr3v-sweep.json
