
[sweep] run 1/3: vgt1n-n1 (store: /home/user/sitelooper/bench/results/vgt1n-skills)
[harness] gitea: defaulting APP_URL
[harness] gitea: defaulting APP_EMAIL
[harness] gitea: defaulting APP_PASSWORD
[reset] gitea: no leftover bench issues
[harness] gitea responded 200 at http://127.0.0.1:8095/
stopped: vgt1n-n1
  flow "vgt1n" saved: 4 step(s), vars runid → /home/user/sitelooper/bench/results/flows/vgt1n.json
  warning: warning: 03-set's instruction asks to report labels, and no replay can publish it: nothing in its procedure reads it from the page, so export dropped it — re-record the step so the value is read, not only reported
  warning: note: 03-set: added a read for milestone to s_24418b (page.getByRole('link', { name: 'Bench Milestone', exact: true }); seen on the next instruction's start page)
  warning: warning: 75 other value(s) the run saw survived unslotted, judged by shape only (usually page copy; non-fatal):
  flow.steps[0].instruction: "admin" (output) in "Sign in at http://127.0.0.1:8095/ with username admin and password {{env:APP_PASSWORD}} (type it exactly like that, it will be substituted). Then go to reposito"
  flow.steps[0].params.v2: "admin" (output) in "admin"
  flow.steps[2].instruction: "Bench Milestone" (output) in "On the issue page of issue #4 '{{runid}} Bench Issue' in bench/bench-repo: using the sidebar pickers, apply exactly the labels 'bug' and 'priority-high', assign"
  flow.steps[2].instruction: "priority-high" (output) in "On the issue page of issue #4 '{{runid}} Bench Issue' in bench/bench-repo: using the sidebar pickers, apply exactly the labels 'bug' and 'priority-high', assign"
  flow.steps[2].instruction: "bug" (output) in "On the issue page of issue #4 '{{runid}} Bench Issue' in bench/bench-repo: using the sidebar pickers, apply exactly the labels 'bug' and 'priority-high', assign"
arm=sitelooper model=z-ai/glm-5.3 runid=vgt1n-n1 stop=completed
turns=5 wall=887.2s
commands=4 cmdTime=872.0s cmdBytes=3086 timeouts=0
orchestrator in=9179 cw=0 cr=6976 out=726
inner prompt=1786718 cached=1570432 completion=27863
spend=$0.2664 maxUsd=3
learn: A_n=0 replayed=0/4 full=0 repaired=0 compiled=4 variants=0
-> /home/user/sitelooper/bench/results/vgt1n-n1-sitelooper-result.json

vgt1n-n1: objectives passed 7/7
  obj 1: PASS — all 3 seed titles reported
  obj 2: PASS — #4, state=open, description includes runid=true
  obj 3: PASS — labels=[bug, priority-high], want [bug, priority-high]
  obj 4: PASS — assignees=[bench-assignee]
  obj 5: PASS — milestone=Bench Milestone
  obj 6: PASS — 1 comment(s), 1 carrying the runid
  obj 7: PASS — issue #4 reported

[sweep] run 2/3: vgt1n-n2 (replay flow vgt1n, no orchestrator)
[reset] gitea: deleted 1 leftover bench issue(s)
[sweep] vgt1n-n2: 5 drift ticket(s) → vgt1n-n2-drift.json

vgt1n-n2: objectives passed 7/7
  obj 1: PASS — all 3 seed titles reported
  obj 2: PASS — #5, state=open, description includes runid=true
  obj 3: PASS — labels=[bug, priority-high], want [bug, priority-high]
  obj 4: PASS — assignees=[bench-assignee]
  obj 5: PASS — milestone=Bench Milestone
  obj 6: PASS — 1 comment(s), 1 carrying the runid
  obj 7: PASS — issue #5 reported

[sweep] run 3/3: vgt1n-n3 (replay flow vgt1n, no orchestrator)
[reset] gitea: deleted 1 leftover bench issue(s)
[sweep] vgt1n-n3: 5 drift ticket(s) → vgt1n-n3-drift.json

vgt1n-n3: objectives passed 7/7
  obj 1: PASS — all 3 seed titles reported
  obj 2: PASS — #6, state=open, description includes runid=true
  obj 3: PASS — labels=[bug, priority-high], want [bug, priority-high]
  obj 4: PASS — assignees=[bench-assignee]
  obj 5: PASS — milestone=Bench Milestone
  obj 6: PASS — 1 comment(s), 1 carrying the runid
  obj 7: PASS — issue #6 reported

Learning sweep vgt1n (K=3)
┌─────────┬───┬────────────┬──────────┬─────────────┬───────┬──────┬───────────┬─────┬──────────────┬────────┐
│ (index) │ n │ runid      │ verified │ stop        │ turns │ cmds │ total_usd │ A_n │ replayed     │ wall_s │
├─────────┼───┼────────────┼──────────┼─────────────┼───────┼──────┼───────────┼─────┼──────────────┼────────┤
│ 0       │ 1 │ 'vgt1n-n1' │ '7/7'    │ 'completed' │ 5     │ 4    │ 0.2664    │ 0   │ '0/4'        │ 887    │
│ 1       │ 2 │ 'vgt1n-n2' │ '7/7'    │ 'success'   │ 69    │ 4    │ 0.6127    │ 0.5 │ '4/4 (flow)' │ 630    │
│ 2       │ 3 │ 'vgt1n-n3' │ '7/7'    │ 'success'   │ 76    │ 4    │ 0.7552    │ 0.5 │ '4/4 (flow)' │ 887    │
└─────────┴───┴────────────┴──────────┴─────────────┴───────┴──────┴───────────┴─────┴──────────────┴────────┘
http://127.0.0.1:8095
  s_0e4103  validated    3 steps  3/3 (100%)
           Sign in at {{v1}} with username {{v2}} and password {{v3}} (type it exactly like that, it will be substituted)…
  s_1d96c7  validated    1 steps  3/3 (100%)
           Sign in at {{v1}} with username {{v2}} and password {{v3}} (type it exactly like that, it will be substituted)…
  s_24418b  demoted     28 steps  1/3 (33%)
           On the issue page of issue #4 '{{v1}}' in bench/bench-repo: using the sidebar pickers, apply exactly the label…
  s_401186  validated    1 steps  3/3 (100%)
           In repository bench/bench-repo, create a new issue with title exactly '{{v2}}' and a description (markdown tex…
  s_4fd293  validated    6 steps  3/3 (100%)
           In repository bench/bench-repo, create a new issue with title exactly '{{v2}}' and a description (markdown tex…
  s_6b5c54  validated    2 steps  3/3 (100%)
           Sign in at {{v1}} with username {{v2}} and password {{v3}} (type it exactly like that, it will be substituted)…
  s_733ed6  validated    2 steps  3/3 (100%)
           On issue #4 '{{v1}}' in bench/bench-repo, add a comment (markdown text area) whose text includes '{{v2}}' (e.g…
  s_759d8a  validated    3 steps  3/3 (100%)
           In repository bench/bench-repo, create a new issue with title exactly '{{v2}}' and a description (markdown tex…
  s_9172ea  provisional 12 steps  1/3 (33%)
           Sign in at {{v1}} with username {{v2}} and password {{v3}} (type it exactly like that, it will be substituted)…
  s_bb7a8c  validated    5 steps  3/3 (100%)
           On issue #4 '{{v1}}' in bench/bench-repo, add a comment (markdown text area) whose text includes '{{v2}}' (e.g…
  s_ca01a6  validated    6 steps  2/2 (100%)  variant of s_9172ea
           Sign in at http://127.0.0.1:8095/ with username admin and password {{env:APP_PASSWORD}} (type it exactly like …
  s_2312a1  provisional 56 steps  1/1 (100%)  variant of s_24418b
           On the issue page of issue #4 '{{v1}}' in bench/bench-repo: using the sidebar pickers, apply exactly the label…
  s_33cba3  provisional  6 steps  1/1 (100%)
           Sign in at {{v1}} with username {{v2}} and password {{v3}} (type it exactly like that, it will be substituted)…
  s_3c63cd  provisional  1 steps  1/1 (100%)
           Sign in at {{v1}} with username {{v2}} and password {{v3}} (type it exactly like that, it will be substituted)…
  s_587bbd  provisional 51 steps  1/1 (100%)  variant of s_24418b
           On the issue page of issue #4 '{{v1}}' in bench/bench-repo: using the sidebar pickers, apply exactly the label…
  s_81d7ee  provisional  6 steps  1/1 (100%)
           Sign in at {{v1}} with username {{v2}} and password {{v3}} (type it exactly like that, it will be substituted)…
  s_a73c8f  provisional  3 steps  1/1 (100%)
           Sign in at {{v1}} with username {{v2}} and password {{v3}} (type it exactly like that, it will be substituted)…
  s_c194dd  provisional  2 steps  1/1 (100%)
           Sign in at {{v1}} with username {{v2}} and password {{v3}} (type it exactly like that, it will be substituted)…
  s_c54834  provisional  2 steps  1/1 (100%)
           Sign in at {{v1}} with username {{v2}} and password {{v3}} (type it exactly like that, it will be substituted)…
  s_cdae21  provisional  1 steps  1/1 (100%)
           Sign in at {{v1}} with username {{v2}} and password {{v3}} (type it exactly like that, it will be substituted)…
  s_d3fac9  provisional  3 steps  1/1 (100%)
           Sign in at {{v1}} with username {{v2}} and password {{v3}} (type it exactly like that, it will be substituted)…
store: /home/user/sitelooper/bench/results/vgt1n-skills

summary: /home/user/sitelooper/bench/results/vgt1n-sweep.json
