
[sweep] run 1/3: vgt1v-n1 (store: /home/user/sitelooper/bench/results/vgt1v-skills)
[harness] gitea: defaulting APP_URL
[harness] gitea: defaulting APP_EMAIL
[harness] gitea: defaulting APP_PASSWORD
[reset] gitea: no leftover bench issues
[harness] gitea responded 200 at http://127.0.0.1:8095/
stopped: vgt1v-n1
  flow "vgt1v" saved: 2 step(s), vars runid → /home/user/sitelooper/bench/results/flows/vgt1v.json
  warning: note: 01-open no longer publishes host — no replay reads it from the page and the recording showed no line to read
  warning: note: 02-create no longer publishes labels, milestone — no replay reads them from the page and the recording showed no line to read
  warning: warning: 81 other value(s) the run saw survived unslotted, judged by shape only (usually page copy; non-fatal):
  flow.origin: "127.0.0.1" (output) in "http://127.0.0.1:8095"
  flow.startUrl: "127.0.0.1" (output) in "http://127.0.0.1:8095/"
  flow.steps[0].instruction: "127.0.0.1" (output) in "Open http://127.0.0.1:8095/ and sign in with username admin and password {{env:APP_PASSWORD}} (type it exactly like that). Then go to the repository bench/bench"
  flow.steps[0].params.v1: "127.0.0.1" (output) in "http://127.0.0.1:8095/"
  flow.steps[0].route: "127.0.0.1" (output) in "http://127.0.0.1:8095/bench/bench-repo/issues"
arm=sitelooper model=z-ai/glm-5.3 runid=vgt1v-n1 stop=completed
turns=3 wall=1176.8s
commands=2 cmdTime=1165.3s cmdBytes=2098 timeouts=0
orchestrator in=8885 cw=0 cr=0 out=465
inner prompt=2107701 cached=1954176 completion=77602
spend=$0.6473 maxUsd=3
learn: A_n=0 replayed=0/2 full=0 repaired=0 compiled=2 variants=0
-> /home/user/sitelooper/bench/results/vgt1v-n1-sitelooper-result.json

vgt1v-n1: objectives passed 7/7
  obj 1: PASS — all 3 seed titles reported
  obj 2: PASS — #4, state=open, description includes runid=true
  obj 3: PASS — labels=[bug, priority-high], want [bug, priority-high]
  obj 4: PASS — assignees=[bench-assignee]
  obj 5: PASS — milestone=Bench Milestone
  obj 6: PASS — 1 comment(s), 1 carrying the runid
  obj 7: PASS — issue #4 reported

[sweep] run 2/3: vgt1v-n2 (replay flow vgt1v, no orchestrator)
[reset] gitea: deleted 1 leftover bench issue(s)

vgt1v-n2: objectives passed 7/7
  obj 1: PASS — all 3 seed titles reported
  obj 2: PASS — #5, state=open, description includes runid=true
  obj 3: PASS — labels=[bug, priority-high], want [bug, priority-high]
  obj 4: PASS — assignees=[bench-assignee]
  obj 5: PASS — milestone=Bench Milestone
  obj 6: PASS — 1 comment(s), 1 carrying the runid
  obj 7: PASS — issue #5 reported

[sweep] run 3/3: vgt1v-n3 (replay flow vgt1v, no orchestrator)
[reset] gitea: deleted 1 leftover bench issue(s)

vgt1v-n3: objectives passed 7/7
  obj 1: PASS — all 3 seed titles reported
  obj 2: PASS — #6, state=open, description includes runid=true
  obj 3: PASS — labels=[bug, priority-high], want [bug, priority-high]
  obj 4: PASS — assignees=[bench-assignee]
  obj 5: PASS — milestone=Bench Milestone
  obj 6: PASS — 1 comment(s), 1 carrying the runid
  obj 7: PASS — issue #6 reported

Learning sweep vgt1v (K=3)
┌─────────┬───┬────────────┬──────────┬─────────────┬───────┬──────┬───────────┬─────┬──────────────┬────────┐
│ (index) │ n │ runid      │ verified │ stop        │ turns │ cmds │ total_usd │ A_n │ replayed     │ wall_s │
├─────────┼───┼────────────┼──────────┼─────────────┼───────┼──────┼───────────┼─────┼──────────────┼────────┤
│ 0       │ 1 │ 'vgt1v-n1' │ '7/7'    │ 'completed' │ 3     │ 2    │ 0.6473    │ 0   │ '0/2'        │ 1177   │
│ 1       │ 2 │ 'vgt1v-n2' │ '7/7'    │ 'success'   │ 0     │ 2    │ 0         │ 1   │ '2/2 (flow)' │ 47     │
│ 2       │ 3 │ 'vgt1v-n3' │ '7/7'    │ 'success'   │ 0     │ 2    │ 0         │ 1   │ '2/2 (flow)' │ 47     │
└─────────┴───┴────────────┴──────────┴─────────────┴───────┴──────┴───────────┴─────┴──────────────┴────────┘
http://127.0.0.1:8095
  s_0df830  validated    3 steps  3/3 (100%)
           Open {{v1}} and sign in with username {{v2}} and password {{v3}} (type it exactly like that). Then go to the r…
  s_37a256  validated    8 steps  3/3 (100%)
           Open {{v1}} and sign in with username {{v2}} and password {{v3}} (type it exactly like that). Then go to the r…
  s_6ed6b3  validated   18 steps  3/3 (100%)
           In repo bench/bench-repo on Gitea, create a new issue titled '{{v2}}' with description containing the text '{{…
  s_70f459  validated    1 steps  3/3 (100%)
           In repo bench/bench-repo on Gitea, create a new issue titled '{{v2}}' with description containing the text '{{…
  s_b4ac95  validated    1 steps  3/3 (100%)
           Open {{v1}} and sign in with username {{v2}} and password {{v3}} (type it exactly like that). Then go to the r…
  s_bb50f1  validated    3 steps  3/3 (100%)
           In repo bench/bench-repo on Gitea, create a new issue titled '{{v2}}' with description containing the text '{{…
  s_c1e2b5  validated    2 steps  3/3 (100%)
           Open {{v1}} and sign in with username {{v2}} and password {{v3}} (type it exactly like that). Then go to the r…
  s_e93886  validated    7 steps  3/3 (100%)
           In repo bench/bench-repo on Gitea, create a new issue titled '{{v2}}' with description containing the text '{{…
store: /home/user/sitelooper/bench/results/vgt1v-skills

summary: /home/user/sitelooper/bench/results/vgt1v-sweep.json
