
[sweep] run 1/3: vgt2v-n1 (store: /home/user/sitelooper/bench/results/vgt2v-skills)
[harness] gitea: defaulting APP_URL
[harness] gitea: defaulting APP_EMAIL
[harness] gitea: defaulting APP_PASSWORD
[reset] gitea: no leftover bench issues
[harness] gitea responded 200 at http://127.0.0.1:8095/
stopped: vgt2v-n1
  flow "vgt2v" saved: 7 step(s), vars runid → /home/user/sitelooper/bench/results/flows/vgt2v.json
  warning: note: 01-open no longer publishes host — no replay reads it from the page and the recording showed no line to read
  warning: warning: 03-set's instruction asks to report labels_displayed, and no replay can publish it: nothing in its procedure reads it from the page, so export dropped it — re-record the step so the value is read, not only reported
  warning: note: 03-set no longer publishes label_count — no replay reads it from the page and the recording showed no line to read
  warning: note: 06-add no longer publishes commented_by — no replay reads it from the page and the recording showed no line to read
  warning: warning: 07-change's instruction asks to report labels_displayed, sidebar_milestone, open_seed_issue_titles, open_seed_issue_numbers, seed_issue_title_1, seed_issue_title_2, seed_issue_title_3, and no replay can publish them: nothing in its procedure reads them from the page, so export dropped them — re-record the step so the value is read, not only reported
  warning: note: 01-open: added a read for issues_tab_link to s_033cae (page.getByRole('link', { name: 'Issues', exact: true }); seen on the next instruction's start page)
  warning: note: 05-set: added a read for sidebar_milestone_display to s_f6516f (page.getByRole('link', { name: 'Bench Milestone', exact: true }); seen on the next instruction's start page)
  warning: note: 05-set: added a read for milestone_name to s_f6516f (page.getByRole('link', { name: 'Bench Milestone', exact: true }); seen on the next instruction's start page)
  warning: warning: 232 other value(s) the run saw survived unslotted, judged by shape only (usually page copy; non-fatal):
  flow.origin: "127.0.0.1" (output) in "http://127.0.0.1:8095"
  flow.startUrl: "127.0.0.1" (output) in "http://127.0.0.1:8095/"
  flow.steps[0].instruction: "bench-repo" (output) in "Open http://127.0.0.1:8095/ in the browser. Sign in with username 'admin' and password exactly the literal text {{env:APP_PASSWORD}} (type that text verbatim in"
  flow.steps[0].instruction: "127.0.0.1" (output) in "Open http://127.0.0.1:8095/ in the browser. Sign in with username 'admin' and password exactly the literal text {{env:APP_PASSWORD}} (type that text verbatim in"
  flow.steps[0].instruction: "Issues" (output) in "Open http://127.0.0.1:8095/ in the browser. Sign in with username 'admin' and password exactly the literal text {{env:APP_PASSWORD}} (type that text verbatim in"
arm=sitelooper model=z-ai/glm-5.3 runid=vgt2v-n1 stop=completed
turns=8 wall=1082.8s
commands=7 cmdTime=1055.9s cmdBytes=6439 timeouts=0
orchestrator in=10374 cw=0 cr=22144 out=2708
inner prompt=1485567 cached=1295168 completion=15667
spend=$0.194 maxUsd=3
learn: A_n=0 replayed=0/7 full=0 repaired=0 compiled=7 variants=0
-> /home/user/sitelooper/bench/results/vgt2v-n1-sitelooper-result.json

vgt2v-n1: objectives passed 7/7
  obj 1: PASS — all 3 seed titles reported
  obj 2: PASS — #4, state=open, description includes runid=true
  obj 3: PASS — labels=[bug, priority-high], want [bug, priority-high]
  obj 4: PASS — assignees=[bench-assignee]
  obj 5: PASS — milestone=Bench Milestone
  obj 6: PASS — 1 comment(s), 1 carrying the runid
  obj 7: PASS — issue #4 reported

[sweep] run 2/3: vgt2v-n2 (replay flow vgt2v, no orchestrator)
[reset] gitea: deleted 1 leftover bench issue(s)
[sweep] vgt2v-n2: 3 drift ticket(s) → vgt2v-n2-drift.json

vgt2v-n2: objectives passed 7/7
  obj 1: PASS — all 3 seed titles reported
  obj 2: PASS — #5, state=open, description includes runid=true
  obj 3: PASS — labels=[bug, priority-high], want [bug, priority-high]
  obj 4: PASS — assignees=[bench-assignee]
  obj 5: PASS — milestone=Bench Milestone
  obj 6: PASS — 1 comment(s), 1 carrying the runid
  obj 7: PASS — issue #5 reported

[sweep] run 3/3: vgt2v-n3 (replay flow vgt2v, no orchestrator)
[reset] gitea: deleted 1 leftover bench issue(s)
[sweep] vgt2v-n3: 3 drift ticket(s) → vgt2v-n3-drift.json

vgt2v-n3: objectives passed 7/7
  obj 1: PASS — all 3 seed titles reported
  obj 2: PASS — #6, state=open, description includes runid=true
  obj 3: PASS — labels=[bug, priority-high], want [bug, priority-high]
  obj 4: PASS — assignees=[bench-assignee]
  obj 5: PASS — milestone=Bench Milestone
  obj 6: PASS — 1 comment(s), 1 carrying the runid
  obj 7: PASS — issue #6 reported

Learning sweep vgt2v (K=3)
┌─────────┬───┬────────────┬──────────┬─────────────┬───────┬──────┬───────────┬──────┬──────────────┬────────┐
│ (index) │ n │ runid      │ verified │ stop        │ turns │ cmds │ total_usd │ A_n  │ replayed     │ wall_s │
├─────────┼───┼────────────┼──────────┼─────────────┼───────┼──────┼───────────┼──────┼──────────────┼────────┤
│ 0       │ 1 │ 'vgt2v-n1' │ '7/7'    │ 'completed' │ 8     │ 7    │ 0.194     │ 0    │ '0/7'        │ 1083   │
│ 1       │ 2 │ 'vgt2v-n2' │ '7/7'    │ 'success'   │ 58    │ 7    │ 0.2301    │ 0.71 │ '7/7 (flow)' │ 834    │
│ 2       │ 3 │ 'vgt2v-n3' │ '7/7'    │ 'success'   │ 0     │ 7    │ 0         │ 1    │ '7/7 (flow)' │ 63     │
└─────────┴───┴────────────┴──────────┴─────────────┴───────┴──────┴───────────┴──────┴──────────────┴────────┘
http://127.0.0.1:8095
  s_033cae  validated   15 steps  3/3 (100%)
           Open {{v1}} in the browser. Sign in with username '{{v2}}' and password exactly the literal text {{v3}} (type …
  s_0374b0  validated    2 steps  3/3 (100%)
           On the issue page for issue #4 titled '{{v1}}' in {{v3}}/{{v4}} ({{v5}}), add a comment whose text includes '{…
  s_05111c  validated    2 steps  3/3 (100%)
           Open {{v1}} in the browser. Sign in with username '{{v2}}' and password exactly the literal text {{v3}} (type …
  s_236094  validated    1 steps  3/3 (100%)
           Open {{v1}} in the browser. Sign in with username '{{v2}}' and password exactly the literal text {{v3}} (type …
  s_470188  validated    6 steps  3/3 (100%)
           In the repository {{v1}}/{{v2}} at http://{{v3}}:8095/{{v1}}/{{v2}}, create a NEW issue with the title exactly…
  s_5f58a3  validated    1 steps  3/3 (100%)
           Open {{v1}} in the browser. Sign in with username '{{v2}}' and password exactly the literal text {{v3}} (type …
  s_8f6181  validated    3 steps  3/3 (100%)
           In the repository {{v1}}/{{v2}} at http://{{v3}}:8095/{{v1}}/{{v2}}, create a NEW issue with the title exactly…
  s_90f232  validated    3 steps  3/3 (100%)
           Open {{v1}} in the browser. Sign in with username '{{v2}}' and password exactly the literal text {{v3}} (type …
  s_944f46  validated    1 steps  3/3 (100%)
           In the repository {{v1}}/{{v2}} at http://{{v3}}:8095/{{v1}}/{{v2}}, create a NEW issue with the title exactly…
  s_d0b928  validated    2 steps  3/3 (100%)
           On the issue page for issue #4 titled '{{v1}}' in {{v3}}/{{v4}} ({{v5}}), add a comment whose text includes '{…
  s_e00ccc  validated    1 steps  3/3 (100%)
           Verification only, do not change anything. {{v1}} {{v2}} and report, from the page as displayed: (1) the issue…
  s_f16738  validated    6 steps  3/3 (100%)
           Verification only, do not change anything. {{v1}} {{v2}} and report, from the page as displayed: (1) the issue…
  s_f6516f  validated    6 steps  3/3 (100%)
           On the issue page for issue #4 titled '{{v1}}' in {{v3}}/{{v4}} ({{v5}}), set the issue's milestone to 'Bench …
  s_22f994  validated    9 steps  2/2 (100%)  variant of s_793e7e
           On the issue page for issue {{v1}} titled '{{v2}}' in {{v4}}/{{v5}} ({{v6}}), assign the issue to the user 'be…
  s_793e7e  provisional  7 steps  1/2 (50%)
           On the issue page for issue #4 titled '{{v1}}' in {{v3}}/{{v4}} ({{v5}}), assign the issue to the user 'bench-…
  s_7d4617  validated   15 steps  2/2 (100%)  variant of s_d7c3ba
           On the issue page for issue {{v1}} titled '{{v2}}' in {{v4}}/{{v5}} ({{v6}}), set the issue's labels so that i…
  s_d7c3ba  provisional  8 steps  1/2 (50%)
           On the issue page for issue #4 titled '{{v1}}' in {{v3}}/{{v4}} (http://{{v5}}:8095/{{v3}}/{{v4}}/issues/4), s…
store: /home/user/sitelooper/bench/results/vgt2v-skills

summary: /home/user/sitelooper/bench/results/vgt2v-sweep.json
