
[sweep] run 1/3: vgt3n-n1 (store: /home/user/sitelooper/bench/results/vgt3n-skills)
[harness] gitea: defaulting APP_URL
[harness] gitea: defaulting APP_EMAIL
[harness] gitea: defaulting APP_PASSWORD
[reset] gitea: no leftover bench issues
[harness] gitea responded 200 at http://127.0.0.1:8095/
stopped: vgt3n-n1
  flow "vgt3n" saved: 6 step(s), vars runid → /home/user/sitelooper/bench/results/flows/vgt3n.json
  warning: warning: 05-open's instruction asks to report assignees, and only a recorded literal backs it: no read in its procedure publishes it, so a replay reports it only if the page it ends on shows that exact text — re-record the step so the value is read where it is shown
  warning: note: 03-open no longer publishes sidebar_labels, sidebar_assignees — no replay reads them from the page and the recording showed no line to read
  warning: note: 04-add no longer publishes commented_by — no replay reads it from the page and the recording showed no line to read
  warning: warning: 05-open's instruction asks to report labels, and no replay can publish it: nothing in its procedure reads it from the page, so export dropped it — re-record the step so the value is read, not only reported
  warning: note: 05-open no longer publishes description_contains_marker, label_count, comment_contains_marker, comment_anchor — no replay reads them from the page and the recording showed no line to read
  warning: note: 06-open no longer publishes seed_title_count — no replay reads it from the page and the recording showed no line to read
  warning: warning: 123 other value(s) the run saw survived unslotted, judged by shape only (usually page copy; non-fatal):
  flow.steps[0].instruction: "bench-repo" (output) in "Open http://127.0.0.1:8095/ and sign in with username 'admin' and password '{{env:APP_PASSWORD}}' (type the password exactly as that placeholder text; it gets f"
  flow.steps[0].instruction: "bench" (output) in "Open http://127.0.0.1:8095/ and sign in with username 'admin' and password '{{env:APP_PASSWORD}}' (type the password exactly as that placeholder text; it gets f"
  flow.steps[0].instruction: "admin" (output) in "Open http://127.0.0.1:8095/ and sign in with username 'admin' and password '{{env:APP_PASSWORD}}' (type the password exactly as that placeholder text; it gets f"
  flow.steps[0].instruction: "Open" (output) in "Open http://127.0.0.1:8095/ and sign in with username 'admin' and password '{{env:APP_PASSWORD}}' (type the password exactly as that placeholder text; it gets f"
  flow.steps[0].params.v2: "admin" (output) in "admin"
arm=sitelooper model=z-ai/glm-5.3 runid=vgt3n-n1 stop=completed
turns=7 wall=358.5s
commands=6 cmdTime=338.9s cmdBytes=4877 timeouts=0
orchestrator in=4095 cw=0 cr=21568 out=1919
inner prompt=1279727 cached=1085376 completion=12504
spend=$0.0538 maxUsd=3
learn: A_n=0 replayed=0/6 full=0 repaired=0 compiled=6 variants=0
-> /home/user/sitelooper/bench/results/vgt3n-n1-sitelooper-result.json

vgt3n-n1: objectives passed 7/7
  obj 1: PASS — all 3 seed titles reported
  obj 2: PASS — #4, state=open, description includes runid=true
  obj 3: PASS — labels=[bug, priority-high], want [bug, priority-high]
  obj 4: PASS — assignees=[bench-assignee]
  obj 5: PASS — milestone=Bench Milestone
  obj 6: PASS — 1 comment(s), 1 carrying the runid
  obj 7: PASS — issue #4 reported

[sweep] run 2/3: vgt3n-n2 (replay flow vgt3n, no orchestrator)
[reset] gitea: deleted 1 leftover bench issue(s)
[sweep] vgt3n-n2: 4 drift ticket(s) → vgt3n-n2-drift.json

vgt3n-n2: objectives passed 7/7
  obj 1: PASS — all 3 seed titles reported
  obj 2: PASS — #5, state=open, description includes runid=true
  obj 3: PASS — labels=[bug, priority-high], want [bug, priority-high]
  obj 4: PASS — assignees=[bench-assignee]
  obj 5: PASS — milestone=Bench Milestone
  obj 6: PASS — 1 comment(s), 1 carrying the runid
  obj 7: PASS — issue #5 reported

[sweep] run 3/3: vgt3n-n3 (replay flow vgt3n, no orchestrator)
[reset] gitea: deleted 1 leftover bench issue(s)
[sweep] vgt3n-n3: 4 drift ticket(s) → vgt3n-n3-drift.json

vgt3n-n3: objectives passed 7/7
  obj 1: PASS — all 3 seed titles reported
  obj 2: PASS — #6, state=open, description includes runid=true
  obj 3: PASS — labels=[bug, priority-high], want [bug, priority-high]
  obj 4: PASS — assignees=[bench-assignee]
  obj 5: PASS — milestone=Bench Milestone
  obj 6: PASS — 1 comment(s), 1 carrying the runid
  obj 7: PASS — issue #6 reported

Learning sweep vgt3n (K=3)
┌─────────┬───┬────────────┬──────────┬─────────────┬───────┬──────┬───────────┬─────┬──────────────┬────────┐
│ (index) │ n │ runid      │ verified │ stop        │ turns │ cmds │ total_usd │ A_n │ replayed     │ wall_s │
├─────────┼───┼────────────┼──────────┼─────────────┼───────┼──────┼───────────┼─────┼──────────────┼────────┤
│ 0       │ 1 │ 'vgt3n-n1' │ '7/7'    │ 'completed' │ 7     │ 6    │ 0.0538    │ 0   │ '0/6'        │ 358    │
│ 1       │ 2 │ 'vgt3n-n2' │ '7/7'    │ 'success'   │ 0     │ 6    │ 0         │ 1   │ '6/6 (flow)' │ 48     │
│ 2       │ 3 │ 'vgt3n-n3' │ '7/7'    │ 'success'   │ 0     │ 6    │ 0         │ 1   │ '6/6 (flow)' │ 48     │
└─────────┴───┴────────────┴──────────┴─────────────┴───────┴──────┴───────────┴─────┴──────────────┴────────┘
http://127.0.0.1:8095
  s_21a2f0  validated    9 steps  3/3 (100%)
           {{v1}} the open-issues list for {{v2}}/{{v3}} (type=open) and report the titles of every open issue whose titl…
  s_3f7a5b  validated    3 steps  3/3 (100%)
           Open {{v1}} and sign in with username '{{v2}}' and password '{{v3}}' (type the password exactly as that placeh…
  s_49908e  validated    2 steps  3/3 (100%)
           On the issue page for issue #4 ('{{v1}}') in {{v3}}/{{v4}}, add a comment using the comment markdown text area…
  s_690f53  validated    4 steps  3/3 (100%)
           Open {{v1}} and sign in with username '{{v2}}' and password '{{v3}}' (type the password exactly as that placeh…
  s_91459c  validated    1 steps  3/3 (100%)
           Open {{v1}} and sign in with username '{{v2}}' and password '{{v3}}' (type the password exactly as that placeh…
  s_b0922c  validated   14 steps  3/3 (100%)
           On the issue page for issue #4 ('{{v1}}') in {{v3}}/{{v4}}, use the sidebar pickers to configure the issue so …
  s_bd0647  validated    6 steps  3/3 (100%)
           In the repository bench/bench-repo, create a new issue with the title exactly '{{v2}}' and a description (mark…
  s_e4279d  validated    8 steps  3/3 (100%)
           Open the issue page for issue #4 in {{v1}}/{{v2}} (title '{{v3}}') and verify, reading from the live page: (a)…
  s_e64606  validated    3 steps  3/3 (100%)
           In the repository bench/bench-repo, create a new issue with the title exactly '{{v2}}' and a description (mark…
  s_eb9adf  validated    1 steps  3/3 (100%)
           {{v1}} the open-issues list for {{v2}}/{{v3}} (type=open) and report the titles of every open issue whose titl…
  s_f38110  validated    1 steps  3/3 (100%)
           In the repository bench/bench-repo, create a new issue with the title exactly '{{v2}}' and a description (mark…
  s_fbad24  validated    1 steps  3/3 (100%)
           On the issue page for issue #4 ('{{v1}}') in {{v3}}/{{v4}}, add a comment using the comment markdown text area…
  s_ff3659  validated    2 steps  3/3 (100%)
           Open {{v1}} and sign in with username '{{v2}}' and password '{{v3}}' (type the password exactly as that placeh…
store: /home/user/sitelooper/bench/results/vgt3n-skills

summary: /home/user/sitelooper/bench/results/vgt3n-sweep.json
