
[sweep] run 1/3: vgt3v-n1 (store: /home/user/sitelooper/bench/results/vgt3v-skills)
[harness] gitea: defaulting APP_URL
[harness] gitea: defaulting APP_EMAIL
[harness] gitea: defaulting APP_PASSWORD
[reset] gitea: no leftover bench issues
[harness] gitea responded 200 at http://127.0.0.1:8095/
stopped: vgt3v-n1
  flow "vgt3v" saved: 7 step(s), vars runid → /home/user/sitelooper/bench/results/flows/vgt3v.json
  warning: warning: 04-set's instruction asks to report labels_displayed, and no replay can publish it: nothing in its procedure reads it from the page, so export dropped it — re-record the step so the value is read, not only reported
  warning: warning: 05-add's instruction asks to report comment_visible, and no replay can publish it: nothing in its procedure reads it from the page, so export dropped it — re-record the step so the value is read, not only reported
  warning: note: 06-open no longer publishes description_contains, labels_sidebar, comment_contains, comment_author — no replay reads them from the page and the recording showed no line to read
  warning: note: 04-set: added a read for milestone_shown to s_773a5e (page.getByRole('link', { name: 'Bench Milestone', exact: true }); seen on the next instruction's start page)
  warning: note: 06-open: added a read for milestone_shown to s_ad14c8 (page.getByRole('link', { name: 'Bench Milestone', exact: true }); seen on the next instruction's start page)
  warning: warning: 41 other value(s) the run saw survived unslotted, judged by shape only (usually page copy; non-fatal):
  flow.steps[0].instruction: "admin" (output) in "Open http://127.0.0.1:8095/ in the browser. If you are not already signed in, sign in with username admin and password {{env:APP_PASSWORD}} — type that password"
  flow.steps[0].params.v2: "admin" (output) in "admin"
  flow.steps[3].instruction: "Bench Milestone" (output) in "On the Gitea issue page {{03-create.url}} (titled '{{runid}} Bench Issue'), use the sidebar pickers to: (1) set the issue's labels to EXACTLY 'bug' and 'priorit"
  s_0ca41f.steps[2].expect.addedContains[4]: "admin" (output) in "- link \"admin\""
  s_43d821.reportTemplate.summary: "admin" (output) in "The comment \"{{v4}}\" was posted on issue #4 ({{v2}}) in bench/bench-repo and is visibly displayed on the issue page as a rendered comment by admin (anchor #{{d1"
arm=sitelooper model=z-ai/glm-5.3 runid=vgt3v-n1 stop=completed
turns=8 wall=1696.6s
commands=7 cmdTime=1661.9s cmdBytes=8980 timeouts=0
orchestrator in=5620 cw=0 cr=27136 out=6036
inner prompt=2225137 cached=1986496 completion=30539
spend=$0.5099 maxUsd=3
learn: A_n=0 replayed=0/7 full=0 repaired=0 compiled=7 variants=0
-> /home/user/sitelooper/bench/results/vgt3v-n1-sitelooper-result.json

vgt3v-n1: objectives passed 7/7
  obj 1: PASS — all 3 seed titles reported
  obj 2: PASS — #4, state=open, description includes runid=true
  obj 3: PASS — labels=[bug, priority-high], want [bug, priority-high]
  obj 4: PASS — assignees=[bench-assignee]
  obj 5: PASS — milestone=Bench Milestone
  obj 6: PASS — 1 comment(s), 1 carrying the runid
  obj 7: PASS — issue #4 reported

[sweep] run 2/3: vgt3v-n2 (replay flow vgt3v, no orchestrator)
[reset] gitea: deleted 1 leftover bench issue(s)
[sweep] vgt3v-n2: 1 drift ticket(s) → vgt3v-n2-drift.json

vgt3v-n2: objectives passed 4/7
  obj 1: PASS — all 3 seed titles reported
  obj 2: PASS — #5, state=open, description includes runid=true
  obj 3: PASS — labels=[bug, priority-high], want [bug, priority-high]
  obj 4: FAIL — assignees=[]
  obj 5: PASS — milestone=Bench Milestone
  obj 6: FAIL — 0 comment(s), 0 carrying the runid
  obj 7: FAIL — issue #5 NOT in finalText

[sweep] run 3/3: vgt3v-n3 (replay flow vgt3v, no orchestrator)
[reset] gitea: deleted 1 leftover bench issue(s)
[sweep] vgt3v-n3: 4 drift ticket(s) → vgt3v-n3-drift.json

vgt3v-n3: objectives passed 7/7
  obj 1: PASS — all 3 seed titles reported
  obj 2: PASS — #6, state=open, description includes runid=true
  obj 3: PASS — labels=[bug, priority-high], want [bug, priority-high]
  obj 4: PASS — assignees=[bench-assignee]
  obj 5: PASS — milestone=Bench Milestone
  obj 6: PASS — 1 comment(s), 1 carrying the runid
  obj 7: PASS — issue #6 reported

Learning sweep vgt3v (K=3)
┌─────────┬───┬────────────┬──────────┬─────────────┬───────┬──────┬───────────┬──────┬──────────────┬────────┐
│ (index) │ n │ runid      │ verified │ stop        │ turns │ cmds │ total_usd │ A_n  │ replayed     │ wall_s │
├─────────┼───┼────────────┼──────────┼─────────────┼───────┼──────┼───────────┼──────┼──────────────┼────────┤
│ 0       │ 1 │ 'vgt3v-n1' │ '7/7'    │ 'completed' │ 8     │ 7    │ 0.5099    │ 0    │ '0/7'        │ 1697   │
│ 1       │ 2 │ 'vgt3v-n2' │ '4/7'    │ 'halted'    │ 33    │ 7    │ 0.2009    │ 0.75 │ '3/7 (flow)' │ 446    │
│ 2       │ 3 │ 'vgt3v-n3' │ '7/7'    │ 'success'   │ 46    │ 7    │ 0.2569    │ 0.86 │ '7/7 (flow)' │ 570    │
└─────────┴───┴────────────┴──────────┴─────────────┴───────┴──────┴───────────┴──────┴──────────────┴────────┘
http://127.0.0.1:8095
  s_0ca41f  validated    3 steps  3/3 (100%)
           In the repository bench/bench-repo on this Gitea instance, create a NEW issue with title exactly: {{v2}} — and…
  s_14716a  validated    1 steps  3/3 (100%)
           In the repository bench/bench-repo on this Gitea instance, create a NEW issue with title exactly: {{v2}} — and…
  s_1de4d4  validated    3 steps  3/3 (100%)
           Open {{v1}} in the browser. If you are not already signed in, sign in with username {{v2}} and password {{v3}}…
  s_1e16d6  validated    2 steps  3/3 (100%)
           Open {{v1}} in the browser. If you are not already signed in, sign in with username {{v2}} and password {{v3}}…
  s_739595  validated    5 steps  3/3 (100%)
           Navigate to the repository bench/bench-repo on this Gitea instance ({{v1}}) and open its Issues list (open iss…
  s_764f11  validated    1 steps  3/3 (100%)
           Navigate to the repository bench/bench-repo on this Gitea instance ({{v1}}) and open its Issues list (open iss…
  s_770c17  validated    1 steps  3/3 (100%)
           Navigate to the repository bench/bench-repo on this Gitea instance ({{v1}}) and open its Issues list (open iss…
  s_773a5e  demoted     25 steps  1/3 (33%)
           On the Gitea issue page http://127.0.0.1:8095/{{v2}}/bench-repo/issues/4 (titled '{{v1}} Bench Issue'), use th…
  s_f54ecc  validated    1 steps  3/3 (100%)
           In the repository bench/bench-repo on this Gitea instance, create a NEW issue with title exactly: {{v2}} — and…
  s_2296e4  validated    2 steps  2/2 (100%)
           On the Gitea issue page {{v1}} (titled '{{v2}}'), add a comment using the comment markdown text area at the bo…
  s_3b3dcb  validated    1 steps  2/2 (100%)
           Open the Gitea issue page {{v1}} in a fresh load and verify, reading only (do not modify anything): (a) the is…
  s_43d821  validated    5 steps  2/2 (100%)
           On the Gitea issue page {{v1}} (titled '{{v2}}'), add a comment using the comment markdown text area at the bo…
  s_543b3e  validated   12 steps  2/2 (100%)
           Open the open-issues list of the Gitea repository bench/bench-repo ({{v2}}) read-only and report the titles of…
  s_6969fa  validated    1 steps  2/2 (100%)
           Open the open-issues list of the Gitea repository bench/bench-repo ({{v2}}) read-only and report the titles of…
  s_ad14c8  validated    7 steps  2/2 (100%)
           Open the Gitea issue page {{v1}} in a fresh load and verify, reading only (do not modify anything): (a) the is…
  s_6a736e  provisional 25 steps  1/1 (100%)  variant of s_773a5e
           On the Gitea issue page {{v1}} (titled '{{v2}} Bench Issue'), use the sidebar pickers to: (1) set the issue's …
store: /home/user/sitelooper/bench/results/vgt3v-skills

summary: /home/user/sitelooper/bench/results/vgt3v-sweep.json
SWEEP_EXIT=0
