[spec-replay] resetting gitea
[reset] gitea: deleted 1 leftover bench issue(s)
[spec-replay] compiling: /opt/node22/bin/node /home/user/sitelooper/bin/sitelooper.js compile bench/results/flows/vgt3v.json --out /home/user/sitelooper/bench/results/vgt3v-spec-spec-tmp --overwrite-spec
flow: /home/user/sitelooper/bench/results/vgt3v-spec-spec-tmp/vgt3v.flow.ts
spec: /home/user/sitelooper/bench/results/vgt3v-spec-spec-tmp/vgt3v.spec.ts
warning a component recipe is demoted in the store, and the compiled artifact omits it for good
  why: aria-combobox/set-value: learned recipe r_c28c1e is demoted in the component store (2 consecutive verification failures); the snapshot omits it. The snapshot is compile-time state: the daemon keeps validating, learning and demoting after this file is written; the artifact runs what it was given.
  fix: record the widget again with the daemon to learn a working recipe, then recompile
warning a component family has no usable recipe, so the compiled artifact drives it with the native primitive for good
  why: aria-combobox/set-value: no usable recipe; the artifact falls back to the native primitive on this family, as the daemon does today. The snapshot is compile-time state: the daemon keeps validating, learning and demoting after this file is written; the artifact runs what it was given.
  fix: record the widget again with the daemon to learn a working recipe, then recompile
warning a component recipe is demoted in the store, and the compiled artifact omits it for good
  why: aria-combobox/select-option: seed recipe r_1e0f2f is demoted in the component store (2 consecutive verification failures); the snapshot omits it. The snapshot is compile-time state: the daemon keeps validating, learning and demoting after this file is written; the artifact runs what it was given.
  fix: record the widget again with the daemon to learn a working recipe, then recompile
warning a component family has no usable recipe, so the compiled artifact drives it with the native primitive for good
  why: aria-combobox/select-option: no usable recipe; the artifact falls back to the native primitive on this family, as the daemon does today. The snapshot is compile-time state: the daemon keeps validating, learning and demoting after this file is written; the artifact runs what it was given.
  fix: record the widget again with the daemon to learn a working recipe, then recompile
[spec-replay] running: npx playwright test --config /home/user/sitelooper/bench/results/vgt3v-spec-spec-tmp/playwright.config.mjs
[spec-replay] failure evidence: vgt3v-spec-spec-failure.png
[spec-replay] failure evidence: vgt3v-spec-spec-error-context.md
[spec-replay] vgt3v-spec: 0/1 passed, exit=1, 34s, 0 drift line(s) — result written
SPEC_EXIT=1
