
Running 1 test using 1 worker

[sitelooper skip] 01-signin s_3c1e69/4 target: no locator recorded — value left empty
[sitelooper step] 01-signin
[sitelooper warn] 02-find s_920837/8: url segment(s) differ from recorded ({"c":["id","subject","type","status","assignee","priority"],"hi":true,"g":"","is":true,"tv":false,"hla":["status","priority","dueDate"],"t":"id:asc","f":[{"n":"status","o":"c","v":[]}],"ts":"PT0S","pp":20,"pa":1}→{"c":["id","subject","type","status","assignee","priority"],"hi":true,"g":"","is":true,"tv":false,"hla":["status","priority","dueDate"],"t":"id:asc","f":[],"ts":"PT0S","pp":20,"pa":1}) — treated as volatile
[sitelooper step] 02-find
[sitelooper warn] 03-create s_a65c05/2: the page's alerts could not be observed in full after the action — whether it raised an alert is unknown, not clear
[sitelooper warn] 03-create s_7ff3e5/2: the page's alerts could not be observed in full after the action — whether it raised an alert is unknown, not clear
[sitelooper warn] 03-create s_7ff3e5/4: the page's alerts could not be observed in full after the action — whether it raised an alert is unknown, not clear
[sitelooper recipe] filled via recipe contenteditable/set-value (r_7b1e49); value verified on the component
[sitelooper warn] 03-create s_7ff3e5/5: the page's alerts could not be observed in full after the action — whether it raised an alert is unknown, not clear
[sitelooper skip] 03-create s_1428f5/9 target: no locator recorded — value left empty
[sitelooper step] 03-create
[sitelooper warn] 04-edit s_d02782/8: expected alert containing "Successful update."
[sitelooper warn] 04-edit s_d02782/11: expected alert containing "Successful update."
[sitelooper warn] 04-edit s_d02782/12: read 'work_package_reference' returned '#44' from a control this step set, and nothing committed it since — it shows the control, however the app formats it, not what the app stored; dropped from the report's confident values
[sitelooper warn] 04-edit s_d02782/14: read 'status' returned a value the skill itself set/selected ('In progress') — confirms the control, not persistence; dropped from the report's confident values
[sitelooper warn] 04-edit: report value finish_date_iso is only what this run typed: no click's own diff showed it outside its control and no read returned it — withheld from the report (still given to a later step)
[sitelooper step] 04-edit
[sitelooper recipe] filled via recipe contenteditable/set-value (r_7b1e49); value verified on the component
[sitelooper warn] 05-add s_3bdf2a/4: read 'comment_editor_placeholder' returned a value the skill itself set/selected ('Add a comment. Type @ to notify people.') — confirms the control, not persistence; dropped from the report's confident values
[sitelooper skip] 05-add s_3bdf2a/5 target: read target not found — value left empty
[sitelooper skip] 05-add s_3bdf2a/6 target: read target not found — value left empty
[sitelooper skip] 05-add s_3bdf2a/7 target: read target not found — value left empty
[sitelooper skip] 05-add s_3bdf2a/8 target: read target not found — value left empty
[sitelooper warn] 05-add: report value comment_text is only what this run typed: no click's own diff showed it outside its control and no read returned it — withheld from the report (still given to a later step)
[sitelooper step] 05-add
  ✓  1 vop1n.spec.ts:9:1 › vop1n (2.3m)

  1 passed (2.3m)
