
[sweep] run 1/3: vop1n-n1 (store: /home/user/sitelooper/bench/results/vop1n-skills)
[harness] openproject: defaulting APP_URL
[harness] openproject: defaulting APP_EMAIL
[harness] openproject: defaulting APP_PASSWORD
[reset] openproject: no leftover bench work packages
[harness] openproject responded 302 at http://127.0.0.1:8090/
stopped: vop1n-n1
  flow "vop1n" saved: 5 step(s), vars runid → /home/user/sitelooper/bench/results/flows/vop1n.json
  warning: note: 01-signin no longer publishes Username, last_name, post_login_page — no replay reads them from the page and the recording showed no line to read
  warning: note: 02-find no longer publishes total_work_packages, pagination — no replay reads them from the page and the recording showed no line to read
  warning: warning: 03-create's instruction asks to report type, and no replay can publish it: nothing in its procedure reads it from the page, so export dropped it — re-record the step so the value is read, not only reported
  warning: note: 01-signin: added a read for avatar_initials to s_3c1e69 (page.getByRole('button', { name: 'BA', exact: true }); seen on the next instruction's start page)
  warning: note: 03-create: added a read for creation_alert to s_1428f5 (page.getByRole('alert', { name: 'Successful creation.', exact: true }); seen on the instruction's own page)
  warning: warning: 243 other value(s) the run saw survived unslotted, judged by shape only (usually page copy; non-fatal):
  flow.steps[0].instruction: "admin" (output) in "Sign in as username admin with password {{env:APP_PASSWORD}} (type the password text exactly as {{env:APP_PASSWORD}}; the browser fills it in). After signing in"
  flow.steps[1].route: "http://127.0.0.1:8090/projects" (output) in "http://127.0.0.1:8090/projects/bench-project/work_packages"
  flow.steps[2].instruction: "Task" (output) in "In {{01-signin.first_name}} Project, create a new work package of type Task with subject '{{runid}} {{01-signin.first_name}} Work Package' and a description tha"
  flow.steps[2].instruction: "Work" (output) in "In {{01-signin.first_name}} Project, create a new work package of type Task with subject '{{runid}} {{01-signin.first_name}} Work Package' and a description tha"
  flow.steps[2].params.v4: "Work" (output) in "{{runid}} {{01-signin.first_name}} Work Package"
arm=sitelooper model=z-ai/glm-5.3 runid=vop1n-n1 stop=completed
turns=7 wall=1187.5s
commands=6 cmdTime=1169.6s cmdBytes=6274 timeouts=0
orchestrator in=14224 cw=0 cr=10048 out=1101
inner prompt=3492657 cached=3191040 completion=27661
spend=$0.2656 maxUsd=3
learn: A_n=0 replayed=0/5 full=0 repaired=0 compiled=5 variants=0
-> /home/user/sitelooper/bench/results/vop1n-n1-sitelooper-result.json

vop1n-n1: objectives passed 7/7
  obj 1: PASS — all 3 seed subjects reported
  obj 2: PASS — type=Task, description includes runid=true
  obj 3: PASS — assignee=Bench Assignee
  obj 4: PASS — status=In progress
  obj 5: PASS — finish date=2026-12-31, want 2026-12-31
  obj 6: PASS — 1 comment(s), 1 carrying the runid
  obj 7: PASS — work package id 41 reported

[sweep] run 2/3: vop1n-n2 (replay flow vop1n, no orchestrator)
[reset] openproject: deleted 1 leftover bench work package(s)
[sweep] vop1n-n2: 6 drift ticket(s) → vop1n-n2-drift.json

vop1n-n2: objectives passed 7/7
  obj 1: PASS — all 3 seed subjects reported
  obj 2: PASS — type=Task, description includes runid=true
  obj 3: PASS — assignee=Bench Assignee
  obj 4: PASS — status=In progress
  obj 5: PASS — finish date=2026-12-31, want 2026-12-31
  obj 6: PASS — 1 comment(s), 1 carrying the runid
  obj 7: PASS — work package id 42 reported

[sweep] run 3/3: vop1n-n3 (replay flow vop1n, no orchestrator)
[reset] openproject: deleted 1 leftover bench work package(s)
[sweep] vop1n-n3: 6 drift ticket(s) → vop1n-n3-drift.json

vop1n-n3: objectives passed 7/7
  obj 1: PASS — all 3 seed subjects reported
  obj 2: PASS — type=Task, description includes runid=true
  obj 3: PASS — assignee=Bench Assignee
  obj 4: PASS — status=In progress
  obj 5: PASS — finish date=2026-12-31, want 2026-12-31
  obj 6: PASS — 1 comment(s), 1 carrying the runid
  obj 7: PASS — work package id 43 reported

Learning sweep vop1n (K=3)
┌─────────┬───┬────────────┬──────────┬─────────────┬───────┬──────┬───────────┬─────┬──────────────┬────────┐
│ (index) │ n │ runid      │ verified │ stop        │ turns │ cmds │ total_usd │ A_n │ replayed     │ wall_s │
├─────────┼───┼────────────┼──────────┼─────────────┼───────┼──────┼───────────┼─────┼──────────────┼────────┤
│ 0       │ 1 │ 'vop1n-n1' │ '7/7'    │ 'completed' │ 7     │ 6    │ 0.2656    │ 0   │ '0/5'        │ 1188   │
│ 1       │ 2 │ 'vop1n-n2' │ '7/7'    │ 'success'   │ 0     │ 5    │ 0         │ 1   │ '5/5 (flow)' │ 243    │
│ 2       │ 3 │ 'vop1n-n3' │ '7/7'    │ 'success'   │ 0     │ 5    │ 0         │ 1   │ '5/5 (flow)' │ 188    │
└─────────┴───┴────────────┴──────────┴─────────────┴───────┴──────┴───────────┴─────┴──────────────┴────────┘
http://127.0.0.1:8090
  s_1428f5  validated    9 steps  3/3 (100%)
           In {{v1}}, create a new work package of type Task with subject '{{v4}}' and a description that includes the te…
  s_3bdf2a  validated    9 steps  3/3 (100%)
           On the work package {{v1}} page ({{v3}}: {{v4}}), add a comment whose text includes '{{v5}}' (e.g. '{{v8}}'). …
  s_3c1e69  validated    4 steps  3/3 (100%)
           Sign in as username admin with password {{env:APP_PASSWORD}} (type the password text exactly as {{env:APP_PASS…
  s_4a65b9  validated    3 steps  3/3 (100%)
           Go to the project named '{{v1}} Project' in OpenProject. In its work packages list, find all work packages who…
  s_6ae088  validated    1 steps  3/3 (100%)
           On the work package {{v1}} page ({{v3}}: {{v4}}), add a comment whose text includes '{{v5}}' (e.g. '{{v8}}'). …
  s_6febef  validated    9 steps  3/3 (100%)
           On the work package {{v1}} page ({{v3}}: {{v4}}), add a comment whose text includes '{{v5}}' (e.g. '{{v8}}'). …
  s_7ff3e5  validated    8 steps  3/3 (100%)
           In {{v1}}, create a new work package of type Task with subject '{{v4}}' and a description that includes the te…
  s_87f497  validated    1 steps  3/3 (100%)
           Go to the project named '{{v1}} Project' in OpenProject. In its work packages list, find all work packages who…
  s_920837  validated   16 steps  3/3 (100%)
           Go to the project named '{{v1}} Project' in OpenProject. In its work packages list, find all work packages who…
  s_a1e0f4  validated    4 steps  3/3 (100%)
           Sign in as username admin with password {{env:APP_PASSWORD}} (type the password text exactly as {{env:APP_PASS…
  s_a65c05  validated    2 steps  3/3 (100%)
           In {{v1}}, create a new work package of type Task with subject '{{v4}}' and a description that includes the te…
  s_c17560  validated    3 steps  3/3 (100%)
           Sign in as username admin with password {{env:APP_PASSWORD}} (type the password text exactly as {{env:APP_PASS…
  s_d02782  validated   18 steps  3/3 (100%)
           On the work package page for {{v1}} ({{v3}}: {{v4}}) in {{v8}}, edit the following in-place fields and verify …
store: /home/user/sitelooper/bench/results/vop1n-skills

summary: /home/user/sitelooper/bench/results/vop1n-sweep.json
SWEEP EXIT CODE: 0
