
[sweep] run 1/3: vop1v-n1 (store: /home/user/sitelooper/bench/results/vop1v-skills)
[harness] openproject: defaulting APP_URL
[harness] openproject: defaulting APP_EMAIL
[harness] openproject: defaulting APP_PASSWORD
[reset] openproject: no leftover bench work packages
[harness] openproject responded 302 at http://127.0.0.1:8090/
stopped: vop1v-n1
  flow "vop1v" saved: 4 step(s), vars runid → /home/user/sitelooper/bench/results/flows/vop1v.json
  warning: warning: 11 other value(s) the run saw survived unslotted, judged by shape only (usually page copy; non-fatal):
  s_38e247.steps[39].locators.target[0].name: "Seed: triage inbox" (output) in "Subject Seed: triage inbox: Edit"
  s_38e247.steps[40].locators.target[0].name: "Seed: order missing parts" (output) in "Subject Seed: order missing parts: Edit"
  s_38e247.steps[41].locators.target[0].name: "Seed: ship repaired device" (output) in "Subject Seed: ship repaired device: Edit"
  s_38e247.reportTemplate.summary: "Seed: ship repaired device" (output) in "Signed in at {{v1}} as {{v2}} (password via {{v3}} marker) and navigated to Bench Project → Work packages. Scoped the view to Bench Project only with no status "
  s_38e247.reportTemplate.summary: "Seed: order missing parts" (output) in "Signed in at {{v1}} as {{v2}} (password via {{v3}} marker) and navigated to Bench Project → Work packages. Scoped the view to Bench Project only with no status "
arm=sitelooper model=z-ai/glm-5.3 runid=vop1v-n1 stop=completed
turns=5 wall=1018.3s
commands=4 cmdTime=1006.2s cmdBytes=4151 timeouts=0
orchestrator in=6947 cw=0 cr=10176 out=744
inner prompt=3058069 cached=2734528 completion=43621
spend=$0.3403 maxUsd=3
learn: A_n=0 replayed=0/4 full=0 repaired=0 compiled=4 variants=0
-> /home/user/sitelooper/bench/results/vop1v-n1-sitelooper-result.json

vop1v-n1: objectives passed 7/7
  obj 1: PASS — all 3 seed subjects reported
  obj 2: PASS — type=Task, description includes runid=true
  obj 3: PASS — assignee=Bench Assignee
  obj 4: PASS — status=In progress
  obj 5: PASS — finish date=2026-12-31, want 2026-12-31
  obj 6: PASS — 1 comment(s), 1 carrying the runid
  obj 7: PASS — work package id 41 reported

[sweep] run 2/3: vop1v-n2 (replay flow vop1v, no orchestrator)
[reset] openproject: deleted 1 leftover bench work package(s)
[sweep] vop1v-n2: 1 drift ticket(s) → vop1v-n2-drift.json

vop1v-n2: objectives passed 6/7
  obj 1: PASS — all 3 seed subjects reported
  obj 2: PASS — type=Task, description includes runid=true
  obj 3: PASS — assignee=Bench Assignee
  obj 4: PASS — status=In progress
  obj 5: PASS — finish date=2026-12-31, want 2026-12-31
  obj 6: PASS — 1 comment(s), 1 carrying the runid
  obj 7: FAIL — work package id 42 NOT in finalText

[sweep] run 3/3: vop1v-n3 (replay flow vop1v, no orchestrator)
[reset] openproject: deleted 1 leftover bench work package(s)
[sweep] vop1v-n3: 1 drift ticket(s) → vop1v-n3-drift.json

vop1v-n3: objectives passed 6/7
  obj 1: PASS — all 3 seed subjects reported
  obj 2: PASS — type=Task, description includes runid=true
  obj 3: PASS — assignee=Bench Assignee
  obj 4: PASS — status=In progress
  obj 5: PASS — finish date=2026-12-31, want 2026-12-31
  obj 6: PASS — 1 comment(s), 1 carrying the runid
  obj 7: FAIL — work package id 43 NOT in finalText

Learning sweep vop1v (K=3)
┌─────────┬───┬────────────┬──────────┬─────────────┬───────┬──────┬───────────┬──────┬──────────────┬────────┐
│ (index) │ n │ runid      │ verified │ stop        │ turns │ cmds │ total_usd │ A_n  │ replayed     │ wall_s │
├─────────┼───┼────────────┼──────────┼─────────────┼───────┼──────┼───────────┼──────┼──────────────┼────────┤
│ 0       │ 1 │ 'vop1v-n1' │ '7/7'    │ 'completed' │ 5     │ 4    │ 0.3403    │ 0    │ '0/4'        │ 1018   │
│ 1       │ 2 │ 'vop1v-n2' │ '6/7'    │ 'success'   │ 22    │ 4    │ 0.0076    │ 0.75 │ '4/4 (flow)' │ 221    │
│ 2       │ 3 │ 'vop1v-n3' │ '6/7'    │ 'success'   │ 9     │ 4    │ 0.0029    │ 0.75 │ '4/4 (flow)' │ 85     │
└─────────┴───┴────────────┴──────────┴─────────────┴───────┴──────┴───────────┴──────┴──────────────┴────────┘
http://127.0.0.1:8090
  s_082bf8  validated    2 steps  3/3 (100%)
           In the Bench Project work packages page, create a new work package of type Task with subject '{{v2}}' and a de…
  s_56f2be  validated    4 steps  3/3 (100%)
           On work package #{{v1}} ('{{v2}} Bench Work Package') in Bench Project, add a comment whose text includes '{{v…
  s_58deb9  validated    7 steps  3/3 (100%)
           On work package #{{v1}} ('{{v2}} Bench Work Package') in Bench Project, set the assignee to the user 'Bench As…
  s_7ec33b  validated    1 steps  3/3 (100%)
           On work package #{{v1}} ('{{v2}} Bench Work Package') in Bench Project, add a comment whose text includes '{{v…
  s_b12e0e  validated    3 steps  3/3 (100%)
           Open {{v1}}, sign in with username {{v2}} and password typed exactly as the literal text {{v3}}. Then navigate…
  s_b876d0  validated    3 steps  3/3 (100%)
           In the Bench Project work packages page, create a new work package of type Task with subject '{{v2}}' and a de…
  s_c709b4  provisional  2 steps  1/3 (33%)
           Open {{v1}}, sign in with username {{v2}} and password typed exactly as the literal text {{v3}}. Then navigate…
  s_e4a560  validated    1 steps  3/3 (100%)
           Open {{v1}}, sign in with username {{v2}} and password typed exactly as the literal text {{v3}}. Then navigate…
  s_0a17b4  provisional  8 steps  1/1 (100%)
           Open {{v1}}, sign in with username {{v2}} and password typed exactly as the literal text {{v3}}. Then navigate…
  s_250990  provisional  2 steps  1/1 (100%)  variant of s_c709b4
           Open http://127.0.0.1:8090/, sign in with username admin and password typed exactly as the literal text {{env:…
  s_2d52a3  provisional  4 steps  1/1 (100%)
           Open {{v1}}, sign in with username {{v2}} and password typed exactly as the literal text {{v3}}. Then navigate…
  s_2e97d6  provisional  1 steps  1/1 (100%)  variant of s_c709b4
           Open http://127.0.0.1:8090/, sign in with username admin and password typed exactly as the literal text {{env:…
  s_3749b6  provisional 10 steps  1/1 (100%)
           Open {{v1}}, sign in with username {{v2}} and password typed exactly as the literal text {{v3}}. Then navigate…
  s_38e247  provisional 42 steps  1/1 (100%)
           Open {{v1}}, sign in with username {{v2}} and password typed exactly as the literal text {{v3}}. Then navigate…
  s_4b6b82  provisional  1 steps  1/1 (100%)  variant of s_c709b4
           Open http://127.0.0.1:8090/, sign in with username admin and password typed exactly as the literal text {{env:…
  s_5f14f7  provisional  2 steps  1/1 (100%)  variant of s_c709b4
           Open http://127.0.0.1:8090/, sign in with username admin and password typed exactly as the literal text {{env:…
  s_5fb793  provisional  1 steps  1/1 (100%)
           Open {{v1}}, sign in with username {{v2}} and password typed exactly as the literal text {{v3}}. Then navigate…
  s_60b2ce  provisional  2 steps  1/1 (100%)
           Open {{v1}}, sign in with username {{v2}} and password typed exactly as the literal text {{v3}}. Then navigate…
  s_67e203  provisional  1 steps  1/1 (100%)
           Open {{v1}}, sign in with username {{v2}} and password typed exactly as the literal text {{v3}}. Then navigate…
  s_6f0157  provisional  1 steps  1/1 (100%)  variant of s_c709b4
           Open http://127.0.0.1:8090/, sign in with username admin and password typed exactly as the literal text {{env:…
  s_9292a5  provisional  2 steps  1/1 (100%)
           Open {{v1}}, sign in with username {{v2}} and password typed exactly as the literal text {{v3}}. Then navigate…
  s_92e759  provisional  1 steps  1/1 (100%)
           Open {{v1}}, sign in with username {{v2}} and password typed exactly as the literal text {{v3}}. Then navigate…
  s_aed80c  provisional 10 steps  1/1 (100%)  variant of s_c709b4
           Open http://127.0.0.1:8090/, sign in with username admin and password typed exactly as the literal text {{env:…
  s_baee9e  provisional  8 steps  1/1 (100%)  variant of s_c709b4
           Open http://127.0.0.1:8090/, sign in with username admin and password typed exactly as the literal text {{env:…
  s_c22eef  provisional  1 steps  1/1 (100%)
           Open {{v1}}, sign in with username {{v2}} and password typed exactly as the literal text {{v3}}. Then navigate…
  s_e34222  provisional  1 steps  1/1 (100%)
           Open {{v1}}, sign in with username {{v2}} and password typed exactly as the literal text {{v3}}. Then navigate…
  s_e4d825  provisional  4 steps  1/1 (100%)
           Open {{v1}}, sign in with username {{v2}} and password typed exactly as the literal text {{v3}}. Then navigate…
  s_ebedc8  provisional  1 steps  1/1 (100%)  variant of s_c709b4
           Open http://127.0.0.1:8090/, sign in with username admin and password typed exactly as the literal text {{env:…
store: /home/user/sitelooper/bench/results/vop1v-skills

summary: /home/user/sitelooper/bench/results/vop1v-sweep.json
