
[sweep] run 1/3: vop2v-n1 (store: /home/user/sitelooper/bench/results/vop2v-skills)
[harness] openproject: defaulting APP_URL
[harness] openproject: defaulting APP_EMAIL
[harness] openproject: defaulting APP_PASSWORD
[reset] openproject: no leftover bench work packages
[harness] openproject responded 302 at http://127.0.0.1:8090/
stopped: vop2v-n1
  flow "vop2v" saved: 6 step(s), vars runid → /home/user/sitelooper/bench/results/flows/vop2v.json
  warning: note: 01-open no longer publishes user_menu_display_name, login_form_field_name — no replay reads them from the page and the recording showed no line to read
  warning: note: 04-edit no longer publishes save_alert — no replay reads it from the page and the recording showed no line to read
  warning: note: 05-add no longer publishes tab — no replay reads it from the page and the recording showed no line to read
  warning: note: 06-open no longer publishes comment_visible, activity_entry — no replay reads them from the page and the recording showed no line to read
  warning: note: 03-create: added a read for main_table_tbody_tr to s_482282 (page.getByRole('button', { name: 'Create new work package', exact: true }); seen on the next instruction's start page)
  warning: note: 03-create: added a read for created_by_user to s_482282 (page.getByRole('link', { name: 'Bench Admin', exact: true }); seen on the next instruction's start page)
  warning: warning: 162 other value(s) the run saw survived unslotted, judged by shape only (usually page copy; non-fatal):
  flow.startUrl: "http://127.0.0.1:8090/" (output) in "http://127.0.0.1:8090/"
  flow.steps[0].instruction: "http://127.0.0.1:8090/" (output) in "Open http://127.0.0.1:8090/ in the browser and sign in with username admin and password {{env:APP_PASSWORD}} (type that password text exactly as given into the "
  flow.steps[0].instruction: "admin" (output) in "Open http://127.0.0.1:8090/ in the browser and sign in with username admin and password {{env:APP_PASSWORD}} (type that password text exactly as given into the "
  flow.steps[0].params.v1: "http://127.0.0.1:8090/" (output) in "http://127.0.0.1:8090/"
  flow.steps[0].route: "http://127.0.0.1:8090/" (output) in "http://127.0.0.1:8090/"
arm=sitelooper model=z-ai/glm-5.3 runid=vop2v-n1 stop=completed
turns=7 wall=614.1s
commands=6 cmdTime=562.8s cmdBytes=8650 timeouts=0
orchestrator in=13108 cw=0 cr=16128 out=4210
inner prompt=1965431 cached=1706816 completion=15076
spend=$0.0867 maxUsd=3
learn: A_n=0 replayed=0/6 full=0 repaired=0 compiled=6 variants=0
-> /home/user/sitelooper/bench/results/vop2v-n1-sitelooper-result.json

vop2v-n1: objectives passed 7/7
  obj 1: PASS — all 3 seed subjects reported
  obj 2: PASS — type=Task, description includes runid=true
  obj 3: PASS — assignee=Bench Assignee
  obj 4: PASS — status=In progress
  obj 5: PASS — finish date=2026-12-31, want 2026-12-31
  obj 6: PASS — 1 comment(s), 1 carrying the runid
  obj 7: PASS — work package id 41 reported

[sweep] run 2/3: vop2v-n2 (replay flow vop2v, no orchestrator)
[reset] openproject: deleted 1 leftover bench work package(s)
[sweep] vop2v-n2: 4 drift ticket(s) → vop2v-n2-drift.json

vop2v-n2: objectives passed 7/7
  obj 1: PASS — all 3 seed subjects reported
  obj 2: PASS — type=Task, description includes runid=true
  obj 3: PASS — assignee=Bench Assignee
  obj 4: PASS — status=In progress
  obj 5: PASS — finish date=2026-12-31, want 2026-12-31
  obj 6: PASS — 1 comment(s), 1 carrying the runid
  obj 7: PASS — work package id 42 reported

[sweep] run 3/3: vop2v-n3 (replay flow vop2v, no orchestrator)
[reset] openproject: deleted 1 leftover bench work package(s)
[sweep] vop2v-n3: 4 drift ticket(s) → vop2v-n3-drift.json

vop2v-n3: objectives passed 7/7
  obj 1: PASS — all 3 seed subjects reported
  obj 2: PASS — type=Task, description includes runid=true
  obj 3: PASS — assignee=Bench Assignee
  obj 4: PASS — status=In progress
  obj 5: PASS — finish date=2026-12-31, want 2026-12-31
  obj 6: PASS — 1 comment(s), 1 carrying the runid
  obj 7: PASS — work package id 43 reported

Learning sweep vop2v (K=3)
┌─────────┬───┬────────────┬──────────┬─────────────┬───────┬──────┬───────────┬──────┬──────────────┬────────┐
│ (index) │ n │ runid      │ verified │ stop        │ turns │ cmds │ total_usd │ A_n  │ replayed     │ wall_s │
├─────────┼───┼────────────┼──────────┼─────────────┼───────┼──────┼───────────┼──────┼──────────────┼────────┤
│ 0       │ 1 │ 'vop2v-n1' │ '7/7'    │ 'completed' │ 7     │ 6    │ 0.0867    │ 0    │ '0/6'        │ 614    │
│ 1       │ 2 │ 'vop2v-n2' │ '7/7'    │ 'success'   │ 16    │ 6    │ 0.0071    │ 0.67 │ '6/6 (flow)' │ 126    │
│ 2       │ 3 │ 'vop2v-n3' │ '7/7'    │ 'success'   │ 5     │ 6    │ 0.002     │ 0.83 │ '6/6 (flow)' │ 87     │
└─────────┴───┴────────────┴──────────┴─────────────┴───────┴──────┴───────────┴──────┴──────────────┴────────┘
http://127.0.0.1:8090
  s_06b352  validated    3 steps  3/3 (100%)
           Open {{v1}} in the browser and sign in with username admin and password {{v2}} (type that password text exactl…
  s_220f18  validated    1 steps  3/3 (100%)
           In the project '{{v1}}' at {{v4}}, create a new work package of type 'Task' with subject exactly '{{v6}}' and …
  s_316430  validated    5 steps  3/3 (100%)
           On the work package page for work package {{v1}} ('{{v3}}') at http://127.0.0.1:8090/projects/bench-project/wo…
  s_482282  validated   13 steps  3/3 (100%)
           In the project '{{v1}}' at {{v4}}, create a new work package of type 'Task' with subject exactly '{{v6}}' and …
  s_715cb4  validated    5 steps  3/3 (100%)
           In the project '{{v1}}' at {{v4}}, create a new work package of type 'Task' with subject exactly '{{v6}}' and …
  s_8b415b  validated    2 steps  3/3 (100%)
           In the project '{{v1}}' at {{v4}}, create a new work package of type 'Task' with subject exactly '{{v6}}' and …
  s_9e7404  validated    1 steps  3/3 (100%)
           Open {{v1}} in the browser and sign in with username admin and password {{v2}} (type that password text exactl…
  s_b3785c  validated   13 steps  3/3 (100%)
           On the work package page for work package {{v1}} ('{{v3}}') in {{v6}} at http://127.0.0.1:8090/projects/bench-…
  s_da3d84  demoted      5 steps  1/3 (33%)
           Open {{v1}} in the browser and sign in with username admin and password {{v2}} (type that password text exactl…
  s_f2520c  validated   11 steps  3/3 (100%)
           Open work package {{v1}} in {{v3}} at http://127.0.0.1:8090/projects/bench-project/work_packages/{{v2}} and ve…
  s_0b5c0d  validated    1 steps  2/2 (100%)
           Navigate to the project named '{{v1}} Project' in OpenProject at http://127.0.0.1:8090/ and open its work pack…
  s_19c00c  validated    4 steps  2/2 (100%)
           Open {{v1}} in the browser and sign in with username admin and password {{v2}} (type that password text exactl…
  s_273ca3  validated    3 steps  2/2 (100%)
           Navigate to the project named '{{v1}} Project' in OpenProject at http://127.0.0.1:8090/ and open its work pack…
  s_2f4155  validated    3 steps  2/2 (100%)
           Navigate to the project named '{{v1}} Project' in OpenProject at http://127.0.0.1:8090/ and open its work pack…
  s_5879b7  validated    2 steps  2/2 (100%)
           Open {{v1}} in the browser and sign in with username admin and password {{v2}} (type that password text exactl…
  s_60e512  validated    2 steps  2/2 (100%)
           Open {{v1}} in the browser and sign in with username admin and password {{v2}} (type that password text exactl…
  s_8720f0  validated    2 steps  2/2 (100%)  variant of s_da3d84
           Open http://127.0.0.1:8090/ in the browser and sign in with username admin and password {{env:APP_PASSWORD}} (…
  s_c3f924  validated    2 steps  2/2 (100%)  variant of s_da3d84
           Open http://127.0.0.1:8090/ in the browser and sign in with username admin and password {{env:APP_PASSWORD}} (…
  s_244f09  provisional  4 steps  1/1 (100%)
           Open {{v1}} in the browser and sign in with username admin and password {{v2}} (type that password text exactl…
  s_3eb339  provisional  1 steps  1/1 (100%)
           Navigate to the project named '{{v1}} Project' in OpenProject at {{v2}} and open its work packages list. Repor…
  s_6ef399  provisional  9 steps  1/1 (100%)
           Navigate to the project named '{{v1}} Project' in OpenProject at {{v2}} and open its work packages list. Repor…
  s_768922  provisional  5 steps  1/1 (100%)
           Open {{v1}} in the browser and sign in with username admin and password {{v2}} (type that password text exactl…
  s_8f46f0  provisional  1 steps  1/1 (100%)
           Navigate to the project named '{{v1}} Project' in OpenProject at {{v2}} and open its work packages list. Repor…
  s_b2766b  provisional  1 steps  1/1 (100%)
           Navigate to the project named '{{v1}} Project' in OpenProject at {{v2}} and open its work packages list. Repor…
store: /home/user/sitelooper/bench/results/vop2v-skills

summary: /home/user/sitelooper/bench/results/vop2v-sweep.json
