
Running 1 test using 1 worker

[sitelooper skip] 01-signin s_d043b6/1: closes the dialog "Welcome to OpenProject, Bench Admin" with "Close", which is not open — already in effect
[sitelooper step] 01-signin
[sitelooper step] 02-open
[sitelooper warn] 03-create s_786548/2: the page's alerts could not be observed in full after the action — whether it raised an alert is unknown, not clear
[sitelooper warn] 03-create s_eaf788/1: the page's alerts could not be observed in full after the action — whether it raised an alert is unknown, not clear
[sitelooper recipe] filled via recipe contenteditable/set-value (r_7b1e49); value verified on the component
[sitelooper warn] 03-create s_eaf788/2: the page's alerts could not be observed in full after the action — whether it raised an alert is unknown, not clear
[sitelooper warn] 03-create s_eaf788/3: the page's alerts could not be observed in full after the action — whether it raised an alert is unknown, not clear
[sitelooper warn] 03-create s_eaf788/4: the page's alerts could not be observed in full after the action — whether it raised an alert is unknown, not clear
[sitelooper warn] 03-create s_eaf788/5: the field already held the value this type enters (restored after the recording saw it emptied), so it was cleared first rather than typed onto
[sitelooper warn] 03-create s_eaf788/5: the page's alerts could not be observed in full after the action — whether it raised an alert is unknown, not clear
[sitelooper step] 03-create
  ✘  1 vop2n.spec.ts:9:1 › vop2n (39.5s)


  1) vop2n.spec.ts:9:1 › vop2n › 04-open: On the OpenProject work package details page for work package #{{03-create.url.p4}} ('{{runid}} Bench Work Package' in Bench Project, currently open at /projects/bench-project/work_packages/details/{{03-create.url.p4}}), edit the following fields in place (fields become editable when clicked and save automatically, there is no page-wide Save button): (1) set the Assignee to the user named 'Bench Assignee' — this is an autocomplete field, so you must type the name and then actually select the 'Bench Assignee' option from the dropdown that appears, not just type it; (2) set the Status to 'In progress'; (3) set the Finish date to 2026-12-31. Then report the values actually displayed on the page for Assignee, Status and Finish date after saving. 

    Error: after 04-open s_8a1366/1 expected url http://127.0.0.1:8090/projects/bench-project/work_packages/details/44/overview but browser is at http://127.0.0.1:8090/projects/bench-project/work_packages/details/38/overview

       at vop2n.flow.ts:11860

      11858 |   // (navigationTarget), whether or not the step goes on to stop.
      11859 |   if (verdict.diffs) volatile.push(...verdict.diffs);
    > 11860 |   if (verdict.stop) throw new Error(verdict.stop);
            |                           ^
      11861 | }
      11862 |
      11863 | /**
        at urlEffect (/home/user/sitelooper/bench/results/vop2n-spec-spec-tmp/vop2n.flow.ts:11860:27)
        at Object.verify (/home/user/sitelooper/bench/results/vop2n-spec-spec-tmp/vop2n.flow.ts:14004:19)
        at runStepLifecycle (/home/user/sitelooper/bench/results/vop2n-spec-spec-tmp/vop2n.flow.ts:7714:24)
        at Object.04-open (/home/user/sitelooper/bench/results/vop2n-spec-spec-tmp/vop2n.flow.ts:13957:9)
        at /home/user/sitelooper/bench/results/vop2n-spec-spec-tmp/vop2n.flow.ts:15493:7
        at runFlow (/home/user/sitelooper/bench/results/vop2n-spec-spec-tmp/vop2n.flow.ts:15492:5)
        at /home/user/sitelooper/bench/results/vop2n-spec-spec-tmp/vop2n.spec.ts:14:21

    attachment #1: sitelooper-drift (text/plain) ───────────────────────────────────────────────────
    
    ────────────────────────────────────────────────────────────────────────────────────────────────

    attachment #2: screenshot (image/png) ──────────────────────────────────────────────────────────
    test-results/vop2n-vop2n/test-failed-1.png
    ────────────────────────────────────────────────────────────────────────────────────────────────

    Error Context: test-results/vop2n-vop2n/error-context.md

  1 failed
    vop2n.spec.ts:9:1 › vop2n ──────────────────────────────────────────────────────────────────────
