
Running 1 test using 1 worker

[sitelooper step] 01-signin
[sitelooper step] 02-open
[sitelooper warn] 03-create s_c6bf32/2: the page's alerts could not be observed in full after the action — whether it raised an alert is unknown, not clear
[sitelooper warn] 03-create s_6084a2/1: the page's alerts could not be observed in full after the action — whether it raised an alert is unknown, not clear
[sitelooper warn] 03-create s_6084a2/2: the page's alerts could not be observed in full after the action — whether it raised an alert is unknown, not clear
[sitelooper warn] 03-create s_6084a2/3: the page's alerts could not be observed in full after the action — whether it raised an alert is unknown, not clear
[sitelooper recipe] filled via recipe contenteditable/set-value (r_7b1e49); value verified on the component
[sitelooper warn] 03-create s_6084a2/4: the page's alerts could not be observed in full after the action — whether it raised an alert is unknown, not clear
[sitelooper skip] 03-create s_881a4a/7 target: no locator recorded — value left empty
[sitelooper step] 03-create
[sitelooper skip] 04-set s_525763/5 target: no locator recorded — value left empty
[sitelooper step] 04-set
[sitelooper warn] 05-change s_61e055/2: expected alert containing "Successful update."
[sitelooper warn] 05-change s_61e055/3: read 'status_field_display' returned a value the skill itself set/selected ('In progress') — confirms the control, not persistence; dropped from the report's confident values
[sitelooper skip] 05-change s_61e055/4 target: no locator recorded — value left empty
[sitelooper skip] 05-change s_61e055/5 target: no locator recorded — value left empty
[sitelooper step] 05-change
[sitelooper warn] 06-set s_4dc556/3: expected alert containing "Successful update."
[sitelooper skip] 06-set s_4dc556/7 target: no locator recorded — value left empty
[sitelooper step] 06-set
[sitelooper recipe] filled via recipe contenteditable/set-value (r_7b1e49); value verified on the component
[sitelooper drift] 07-add s_cddfc7/4 target: primary locator('#work-packages-activities-tab-journals-item-component-show-63 > div > div:nth-of-type(1) > div > p') missed; used #2 locator('[data-sitelooper-point="1072,423"]') (#1 absent)
[sitelooper warn] 07-add s_cddfc7/4: read 'comment_text_as_displayed' returned a value the skill itself set/selected ('Comment for run vop2v-spec') — confirms the control, not persistence; dropped from the report's confident values
[sitelooper step] 07-add
[sitelooper step] 08-open
[sitelooper step] 09-open
  ✓  1 vop2v.spec.ts:9:1 › vop2v (1.1m)

  1 passed (1.1m)
