
[sweep] run 1/3: vop3n-n1 (store: /home/user/sitelooper/bench/results/vop3n-skills)
[harness] openproject: defaulting APP_URL
[harness] openproject: defaulting APP_EMAIL
[harness] openproject: defaulting APP_PASSWORD
[reset] openproject: no leftover bench work packages
[harness] openproject responded 302 at http://127.0.0.1:8090/
stopped: vop3n-n1
  flow "vop3n" saved: 5 step(s), vars runid → /home/user/sitelooper/bench/results/flows/vop3n.json
  warning: note: 02-create no longer publishes type — no replay reads it from the page and the recording showed no line to read
  warning: note: 05-open no longer publishes priority — no replay reads it from the page and the recording showed no line to read
  warning: warning: 64 other value(s) the run saw survived unslotted, judged by shape only (usually page copy; non-fatal):
  flow.steps[1].instruction: "Task" (output) in "In the 'Bench Project' project's Work packages tab, create a new work package of type 'Task' with subject exactly '{{runid}} Bench Work Package' and a descripti"
  flow.steps[2].instruction: "Bench Assignee" (output) in "On the work package page for work package {{02-create.work_package_id}} (subject '{{runid}} Bench Work Package') in Bench Project, make three in-place edits: (1"
  flow.steps[2].instruction: "In progress" (output) in "On the work package page for work package {{02-create.work_package_id}} (subject '{{runid}} Bench Work Package') in Bench Project, make three in-place edits: (1"
  flow.steps[4].instruction: "Bench Assignee" (output) in "Open the work package page for work package {{02-create.work_package_id}} (subject '{{runid}} Bench Work Package') in Bench Project and verify, reading the valu"
  flow.steps[4].instruction: "In progress" (output) in "Open the work package page for work package {{02-create.work_package_id}} (subject '{{runid}} Bench Work Package') in Bench Project and verify, reading the valu"
arm=sitelooper model=z-ai/glm-5.3 runid=vop3n-n1 stop=completed
turns=6 wall=534.4s
commands=5 cmdTime=513.3s cmdBytes=2450 timeouts=0
orchestrator in=3433 cw=0 cr=16640 out=3791
inner prompt=1517635 cached=1331328 completion=11095
spend=$0.0592 maxUsd=3
learn: A_n=0 replayed=0/5 full=0 repaired=0 compiled=5 variants=0
-> /home/user/sitelooper/bench/results/vop3n-n1-sitelooper-result.json

vop3n-n1: objectives passed 7/7
  obj 1: PASS — all 3 seed subjects reported
  obj 2: PASS — type=Task, description includes runid=true
  obj 3: PASS — assignee=Bench Assignee
  obj 4: PASS — status=In progress
  obj 5: PASS — finish date=2026-12-31, want 2026-12-31
  obj 6: PASS — 1 comment(s), 1 carrying the runid
  obj 7: PASS — work package id 41 reported

[sweep] run 2/3: vop3n-n2 (replay flow vop3n, no orchestrator)
[reset] openproject: deleted 1 leftover bench work package(s)
[sweep] vop3n-n2: 2 drift ticket(s) → vop3n-n2-drift.json

vop3n-n2: objectives passed 7/7
  obj 1: PASS — all 3 seed subjects reported
  obj 2: PASS — type=Task, description includes runid=true
  obj 3: PASS — assignee=Bench Assignee
  obj 4: PASS — status=In progress
  obj 5: PASS — finish date=2026-12-31, want 2026-12-31
  obj 6: PASS — 1 comment(s), 1 carrying the runid
  obj 7: PASS — work package id 42 reported

[sweep] run 3/3: vop3n-n3 (replay flow vop3n, no orchestrator)
[reset] openproject: deleted 1 leftover bench work package(s)
[sweep] vop3n-n3: 2 drift ticket(s) → vop3n-n3-drift.json

vop3n-n3: objectives passed 7/7
  obj 1: PASS — all 3 seed subjects reported
  obj 2: PASS — type=Task, description includes runid=true
  obj 3: PASS — assignee=Bench Assignee
  obj 4: PASS — status=In progress
  obj 5: PASS — finish date=2026-12-31, want 2026-12-31
  obj 6: PASS — 1 comment(s), 1 carrying the runid
  obj 7: PASS — work package id 43 reported

Learning sweep vop3n (K=3)
┌─────────┬───┬────────────┬──────────┬─────────────┬───────┬──────┬───────────┬─────┬──────────────┬────────┐
│ (index) │ n │ runid      │ verified │ stop        │ turns │ cmds │ total_usd │ A_n │ replayed     │ wall_s │
├─────────┼───┼────────────┼──────────┼─────────────┼───────┼──────┼───────────┼─────┼──────────────┼────────┤
│ 0       │ 1 │ 'vop3n-n1' │ '7/7'    │ 'completed' │ 6     │ 5    │ 0.0592    │ 0   │ '0/5'        │ 534    │
│ 1       │ 2 │ 'vop3n-n2' │ '7/7'    │ 'success'   │ 18    │ 5    │ 0.0033    │ 0.8 │ '5/5 (flow)' │ 166    │
│ 2       │ 3 │ 'vop3n-n3' │ '7/7'    │ 'success'   │ 9     │ 5    │ 0.0036    │ 0.8 │ '5/5 (flow)' │ 94     │
└─────────┴───┴────────────┴──────────┴─────────────┴───────┴──────┴───────────┴─────┴──────────────┴────────┘
http://127.0.0.1:8090
  s_01580f  validated    1 steps  3/3 (100%)
           Open the work package page for work package {{v1}} (subject '{{v3}}') in Bench Project and verify, reading the…
  s_15ee53  validated    3 steps  3/3 (100%)
           Navigate to {{v1}} and sign in with username '{{v2}}' and password '{{v3}}' — type that password text exactly …
  s_3c1abf  validated   13 steps  3/3 (100%)
           On the work package page for work package {{v1}} (subject '{{v3}}') in Bench Project, make three in-place edit…
  s_5b4bab  validated    2 steps  3/3 (100%)
           In the 'Bench Project' project's Work packages tab, create a new work package of type 'Task' with subject exac…
  s_6d9922  validated    4 steps  3/3 (100%)
           In the 'Bench Project' project's Work packages tab, create a new work package of type 'Task' with subject exac…
  s_746e7c  provisional  2 steps  1/3 (33%)
           Navigate to {{v1}} and sign in with username '{{v2}}' and password '{{v3}}' — type that password text exactly …
  s_a651d6  validated    5 steps  3/3 (100%)
           On the work package page for work package {{v1}} (subject '{{v3}}') in Bench Project, add a comment whose text…
  s_c0c748  validated    1 steps  3/3 (100%)
           On the work package page for work package {{v1}} (subject '{{v3}}') in Bench Project, add a comment whose text…
  s_c6cd13  validated    3 steps  3/3 (100%)
           In the 'Bench Project' project's Work packages tab, create a new work package of type 'Task' with subject exac…
  s_cfb068  validated    7 steps  3/3 (100%)
           Open the work package page for work package {{v1}} (subject '{{v3}}') in Bench Project and verify, reading the…
  s_ee9529  validated    1 steps  3/3 (100%)
           Navigate to {{v1}} and sign in with username '{{v2}}' and password '{{v3}}' — type that password text exactly …
  s_1848b5  provisional  1 steps  1/1 (100%)  variant of s_746e7c
           Navigate to http://127.0.0.1:8090/ and sign in with username 'admin' and password '{{env:APP_PASSWORD}}' — typ…
  s_226a5c  provisional  3 steps  1/1 (100%)  variant of s_746e7c
           Navigate to http://127.0.0.1:8090/ and sign in with username 'admin' and password '{{env:APP_PASSWORD}}' — typ…
  s_277fc7  provisional  4 steps  1/1 (100%)
           Navigate to {{v1}} and sign in with username '{{v2}}' and password '{{v3}}' — type that password text exactly …
  s_28009e  provisional  1 steps  1/1 (100%)
           Navigate to {{v1}} and sign in with username '{{v2}}' and password '{{v3}}' — type that password text exactly …
  s_48c069  provisional  1 steps  1/1 (100%)
           Navigate to {{v1}} and sign in with username '{{v2}}' and password '{{v3}}' — type that password text exactly …
  s_4c1214  provisional  6 steps  1/1 (100%)
           Navigate to {{v1}} and sign in with username '{{v2}}' and password '{{v3}}' — type that password text exactly …
  s_73cb49  provisional  1 steps  1/1 (100%)  variant of s_746e7c
           Navigate to http://127.0.0.1:8090/ and sign in with username 'admin' and password '{{env:APP_PASSWORD}}' — typ…
  s_7afb19  provisional  4 steps  1/1 (100%)
           Navigate to {{v1}} and sign in with username '{{v2}}' and password '{{v3}}' — type that password text exactly …
  s_7ecefb  provisional  1 steps  1/1 (100%)
           Navigate to {{v1}} and sign in with username '{{v2}}' and password '{{v3}}' — type that password text exactly …
  s_938910  provisional  1 steps  1/1 (100%)
           Navigate to {{v1}} and sign in with username '{{v2}}' and password '{{v3}}' — type that password text exactly …
  s_b32ce7  provisional  9 steps  1/1 (100%)  variant of s_746e7c
           Navigate to http://127.0.0.1:8090/ and sign in with username 'admin' and password '{{env:APP_PASSWORD}}' — typ…
  s_b4419f  provisional  3 steps  1/1 (100%)
           Navigate to {{v1}} and sign in with username '{{v2}}' and password '{{v3}}' — type that password text exactly …
  s_b6a3a2  provisional  1 steps  1/1 (100%)
           Navigate to {{v1}} and sign in with username '{{v2}}' and password '{{v3}}' — type that password text exactly …
  s_c853c0  provisional  1 steps  1/1 (100%)
           Navigate to {{v1}} and sign in with username '{{v2}}' and password '{{v3}}' — type that password text exactly …
  s_d53921  provisional  9 steps  1/1 (100%)
           Navigate to {{v1}} and sign in with username '{{v2}}' and password '{{v3}}' — type that password text exactly …
  s_da14ec  provisional  6 steps  1/1 (100%)
           Navigate to {{v1}} and sign in with username '{{v2}}' and password '{{v3}}' — type that password text exactly …
  s_dc2a42  provisional  1 steps  1/1 (100%)  variant of s_746e7c
           Navigate to http://127.0.0.1:8090/ and sign in with username 'admin' and password '{{env:APP_PASSWORD}}' — typ…
  s_e95371  provisional  1 steps  1/1 (100%)  variant of s_746e7c
           Navigate to http://127.0.0.1:8090/ and sign in with username 'admin' and password '{{env:APP_PASSWORD}}' — typ…
  s_fa5af4  provisional  1 steps  1/1 (100%)  variant of s_746e7c
           Navigate to http://127.0.0.1:8090/ and sign in with username 'admin' and password '{{env:APP_PASSWORD}}' — typ…
  s_fbab78  provisional  1 steps  1/1 (100%)
           Navigate to {{v1}} and sign in with username '{{v2}}' and password '{{v3}}' — type that password text exactly …
  s_fcf85a  provisional  1 steps  1/1 (100%)  variant of s_746e7c
           Navigate to http://127.0.0.1:8090/ and sign in with username 'admin' and password '{{env:APP_PASSWORD}}' — typ…
store: /home/user/sitelooper/bench/results/vop3n-skills

summary: /home/user/sitelooper/bench/results/vop3n-sweep.json
