
Running 1 test using 1 worker

[sitelooper skip] 01-signin s_4cac23/1: closes the dialog "Welcome to OpenProject, Bench Admin" with "Close", which is not open — already in effect
[sitelooper warn] 01-signin: report value username_entered is only what this run typed: no click's own diff showed it outside its control and no read returned it — withheld from the report (still given to a later step)
[sitelooper step] 01-signin
[sitelooper drift] 02-open s_433914/11 target: primary getByText('Bench Project', { exact: true }) missed; used #2 locator('nav:nth-of-type(1) > ol > li:nth-of-type(1) > span > span > a') (#1 ambiguous)
[sitelooper step] 02-open
[sitelooper warn] 03-create s_48a3c7/2: the page's alerts could not be observed in full after the action — whether it raised an alert is unknown, not clear
[sitelooper warn] 03-create s_292750/1: the page's alerts could not be observed in full after the action — whether it raised an alert is unknown, not clear
[sitelooper warn] step 03-create s_292750/2: resolved positionally and its only recorded effect is the fill's own echo — the effect gate cannot tell right element from wrong here
[sitelooper warn] 03-create s_292750/2: the page's alerts could not be observed in full after the action — whether it raised an alert is unknown, not clear
[sitelooper recipe] filled via recipe contenteditable/set-value (r_7b1e49); value verified on the component
[sitelooper skip] 03-create s_e6edde/13 target: no locator recorded — value left empty
[sitelooper skip] 03-create s_e6edde/14 target: no locator recorded — value left empty
[sitelooper step] 03-create
[sitelooper skip] 04-set s_900b05/7 target: no locator recorded — value left empty
[sitelooper step] 04-set
[sitelooper warn] step 05-set s_979cad/2: none of the 1 expected page change(s) appeared in the step diff (found on the page instead)
[sitelooper warn] 05-set s_979cad/2: expected alert containing "Successful update."
[sitelooper warn] 05-set s_979cad/3: read 'status_displayed' returned a value the skill itself set/selected ('In progress') — confirms the control, not persistence; dropped from the report's confident values
[sitelooper warn] 05-set s_979cad/4: read 'work_package_id_displayed' returned '#44' from a control this step set, and nothing committed it since — it shows the control, however the app formats it, not what the app stored; dropped from the report's confident values
[sitelooper skip] 05-set s_979cad/7 target: no locator recorded — value left empty
[sitelooper step] 05-set
[sitelooper warn] 06-set s_ec3687/3: expected alert containing "Successful update."
[sitelooper skip] 06-set s_ec3687/10 target: no locator recorded — value left empty
[sitelooper step] 06-set
[sitelooper recipe] filled via recipe contenteditable/set-value (r_7b1e49); value verified on the component
[sitelooper warn] 07-add s_99314c/4: read 'comment_text' returned a value the skill itself set/selected ('Comment for run vop3v-spec') — confirms the control, not persistence; dropped from the report's confident values
[sitelooper step] 07-add
[sitelooper drift] 08-open s_af7c2d/8 target: primary locator('#work-packages-activities-tab-journals-item-component-show-63 > div > div:nth-of-type(1) > div > p') missed; used #2 locator('[data-sitelooper-point="1069,350"]') (#1 absent)
[sitelooper skip] 08-open s_af7c2d/10 target: no locator recorded — value left empty
[sitelooper step] 08-open
  ✓  1 vop3v.spec.ts:9:1 › vop3v (1.3m)

  1 passed (1.4m)
