
[sweep] run 1/3: vop3v-n1 (store: /home/user/sitelooper/bench/results/vop3v-skills)
[harness] openproject: defaulting APP_URL
[harness] openproject: defaulting APP_EMAIL
[harness] openproject: defaulting APP_PASSWORD
[reset] openproject: no leftover bench work packages
[harness] openproject responded 302 at http://127.0.0.1:8090/
stopped: vop3v-n1
  flow "vop3v" saved: 8 step(s), vars runid → /home/user/sitelooper/bench/results/flows/vop3v.json
  warning: warning: 01-signin's instruction asks to report signed_in_user, and no replay can publish it: nothing in its procedure reads it from the page, so export dropped it — re-record the step so the value is read, not only reported
  warning: note: 01-signin no longer publishes landing_page — no replay reads it from the page and the recording showed no line to read
  warning: note: 02-open no longer publishes work_packages_list_url — no replay reads it from the page and the recording showed no line to read
  warning: note: 04-set no longer publishes assignee_email — no replay reads it from the page and the recording showed no line to read
  warning: note: 03-create: added a read for save_alert to s_e6edde (page.getByRole('alert', { name: 'Successful update.', exact: true }); seen on the instruction's own page)
  warning: note: 04-set: added a read for save_alert to s_900b05 (page.getByRole('alert', { name: 'Successful update.', exact: true }); seen on the instruction's own page)
  warning: note: 05-set: added a read for save_alert to s_979cad (page.getByRole('alert', { name: 'Successful update.', exact: true }); seen on the instruction's own page)
  warning: note: 06-set: added a read for save_alert to s_ec3687 (page.getByRole('alert', { name: 'Successful update.', exact: true }); seen on the instruction's own page)
  warning: warning: 232 other value(s) the run saw survived unslotted, judged by shape only (usually page copy; non-fatal):
  flow.steps[0].instruction: "admin" (output) in "Sign in to OpenProject with username admin and password {{env:APP_PASSWORD}} (type the password text exactly as {{env:APP_PASSWORD}}). After signing in, report "
  flow.steps[0].params.v1: "admin" (output) in "admin"
  flow.steps[1].instruction: "Bench Project" (output) in "Navigate to the project named 'Bench Project' and open its work packages list (the Work packages tab of that project). Report the subjects of all work packages "
  flow.steps[1].instruction: "Project" (output) in "Navigate to the project named 'Bench Project' and open its work packages list (the Work packages tab of that project). Report the subjects of all work packages "
  flow.steps[1].params.v1: "Bench Project" (output) in "Bench Project"
arm=sitelooper model=z-ai/glm-5.3 runid=vop3v-n1 stop=completed
turns=10 wall=599.4s
commands=9 cmdTime=575.0s cmdBytes=8108 timeouts=0
orchestrator in=5360 cw=0 cr=36800 out=2452
inner prompt=2491484 cached=2190272 completion=14622
spend=$0.2646 maxUsd=3
learn: A_n=0 replayed=0/8 full=0 repaired=0 compiled=8 variants=0
-> /home/user/sitelooper/bench/results/vop3v-n1-sitelooper-result.json

vop3v-n1: objectives passed 7/7
  obj 1: PASS — all 3 seed subjects reported
  obj 2: PASS — type=Task, description includes runid=true
  obj 3: PASS — assignee=Bench Assignee
  obj 4: PASS — status=In progress
  obj 5: PASS — finish date=2026-12-31, want 2026-12-31
  obj 6: PASS — 1 comment(s), 1 carrying the runid
  obj 7: PASS — work package id 41 reported

[sweep] run 2/3: vop3v-n2 (replay flow vop3v, no orchestrator)
[reset] openproject: deleted 1 leftover bench work package(s)
[sweep] vop3v-n2: 7 drift ticket(s) → vop3v-n2-drift.json

vop3v-n2: objectives passed 7/7
  obj 1: PASS — all 3 seed subjects reported
  obj 2: PASS — type=Task, description includes runid=true
  obj 3: PASS — assignee=Bench Assignee
  obj 4: PASS — status=In progress
  obj 5: PASS — finish date=2026-12-31, want 2026-12-31
  obj 6: PASS — 1 comment(s), 1 carrying the runid
  obj 7: PASS — work package id 42 reported

[sweep] run 3/3: vop3v-n3 (replay flow vop3v, no orchestrator)
[reset] openproject: deleted 1 leftover bench work package(s)
[sweep] vop3v-n3: 9 drift ticket(s) → vop3v-n3-drift.json

vop3v-n3: objectives passed 7/7
  obj 1: PASS — all 3 seed subjects reported
  obj 2: PASS — type=Task, description includes runid=true
  obj 3: PASS — assignee=Bench Assignee
  obj 4: PASS — status=In progress
  obj 5: PASS — finish date=2026-12-31, want 2026-12-31
  obj 6: PASS — 1 comment(s), 1 carrying the runid
  obj 7: PASS — work package id 43 reported

Learning sweep vop3v (K=3)
┌─────────┬───┬────────────┬──────────┬─────────────┬───────┬──────┬───────────┬─────┬──────────────┬────────┐
│ (index) │ n │ runid      │ verified │ stop        │ turns │ cmds │ total_usd │ A_n │ replayed     │ wall_s │
├─────────┼───┼────────────┼──────────┼─────────────┼───────┼──────┼───────────┼─────┼──────────────┼────────┤
│ 0       │ 1 │ 'vop3v-n1' │ '7/7'    │ 'completed' │ 10    │ 9    │ 0.2646    │ 0   │ '0/8'        │ 599    │
│ 1       │ 2 │ 'vop3v-n2' │ '7/7'    │ 'success'   │ 0     │ 8    │ 0         │ 1   │ '8/8 (flow)' │ 133    │
│ 2       │ 3 │ 'vop3v-n3' │ '7/7'    │ 'success'   │ 0     │ 8    │ 0         │ 1   │ '8/8 (flow)' │ 109    │
└─────────┴───┴────────────┴──────────┴─────────────┴───────┴──────┴───────────┴─────┴──────────────┴────────┘
http://127.0.0.1:8090
  s_287dba  validated    1 steps  3/3 (100%)
           In the project '{{v1}}', create a new work package of type 'Task' with the subject exactly '{{v4}}' and a desc…
  s_292750  validated    3 steps  3/3 (100%)
           In the project '{{v1}}', create a new work package of type 'Task' with the subject exactly '{{v4}}' and a desc…
  s_2d84bc  validated    1 steps  3/3 (100%)
           Navigate to the project named '{{v1}}' and open its work packages list (the Work packages tab of that project)…
  s_433914  validated   11 steps  3/3 (100%)
           Navigate to the project named '{{v1}}' and open its work packages list (the Work packages tab of that project)…
  s_48a3c7  validated    2 steps  3/3 (100%)
           In the project '{{v1}}', create a new work package of type 'Task' with the subject exactly '{{v4}}' and a desc…
  s_4cac23  validated    2 steps  3/3 (100%)
           Sign in to OpenProject with username {{v1}} and password {{env:APP_PASSWORD}} (type the password text exactly …
  s_8fcc20  validated    3 steps  3/3 (100%)
           Sign in to OpenProject with username {{v1}} and password {{env:APP_PASSWORD}} (type the password text exactly …
  s_900b05  validated    7 steps  3/3 (100%)
           On the work package detail page for work package {{v1}} ('{{v3}}') in {{v5}}, set the Assignee field to the us…
  s_979cad  validated    7 steps  3/3 (100%)
           On the work package detail page for work package {{v1}} ('{{v3}}') in {{v5}}, set the Status field to 'In prog…
  s_99314c  validated    9 steps  3/3 (100%)
           On the work package detail page for work package {{v1}} ('{{v3}}') in {{v5}}, add a comment whose text include…
  s_a9ef14  validated    3 steps  3/3 (100%)
           Navigate to the project named '{{v1}}' and open its work packages list (the Work packages tab of that project)…
  s_af7c2d  validated   12 steps  3/3 (100%)
           Open the work package detail page for work package {{v1}} ('{{v3}}') in {{v5}} and verify, reading only (do no…
  s_b4e08a  validated    1 steps  3/3 (100%)
           Navigate to the project named '{{v1}}' and open its work packages list (the Work packages tab of that project)…
  s_e6edde  validated   14 steps  3/3 (100%)
           In the project '{{v1}}', create a new work package of type 'Task' with the subject exactly '{{v4}}' and a desc…
  s_ec3687  validated   10 steps  3/3 (100%)
           On the work package detail page for work package {{v1}} ('{{v3}}') in {{v5}}, set the Finish date field to 202…
store: /home/user/sitelooper/bench/results/vop3v-skills

summary: /home/user/sitelooper/bench/results/vop3v-sweep.json
