
[sweep] run 1/3: rggr1main-n1 (store: /home/user/sitelooper/bench/results/rggr1main-skills)
[harness] grafana: defaulting APP_URL
[harness] grafana: defaulting APP_EMAIL
[harness] grafana: defaulting APP_PASSWORD
[reset] grafana: deleted leftover dashboard "Service Health" (400)
[harness] grafana responded 302 at http://127.0.0.1:3000/
stopped: rggr1main-n1
  flow "rggr1main" saved: 6 step(s), vars runid → /home/user/sitelooper/bench/results/flows/rggr1main.json
  warning: note: 01-signin no longer publishes panel_count — no replay reads it from the page and the recording showed no line to read
  warning: note: 02-create no longer publishes dashboard_uid — no replay reads it from the page and the recording showed no line to read
  warning: note: 03-open no longer publishes unsaved_changes_indicator — no replay reads it from the page and the recording showed no line to read
  warning: note: 04-open no longer publishes time_json_from, time_json_to — no replay reads them from the page and the recording showed no line to read
  warning: note: 05-open no longer publishes json_snippet, dashboard_version, settings_general_auto_refresh_field, unsaved_changes_indicator, ref — no replay reads them from the page and the recording showed no line to read
  warning: note: 06-open no longer publishes dashboard_version, panel_count, f_json_tags_1, f_json_time_from, f_json_time_to — no replay reads them from the page and the recording showed no line to read
  warning: warning: contradicted-step: 06-open read ref "rggr1main-n1" right after 05-open reported "now-6h"; 05-open's change may not have landed and a later step may be retrying it. Re-record 05-open.
  warning: warning: 5 value(s) KNOWN to be this run's survived unslotted — a replay will act on or wait for the recording's value (non-fatal outside locators):
  flow.warnings[0]: "rggr1main-n1" (var) in "contradicted-step: 06-open read ref \"rggr1main-n1\" right after 05-open reported \"now-6h\"; 05-open's change may not have landed and a later step may be retrying "
  s_ddb96f.steps[2].expect.urlPattern: "rggr1main-n1" (var) in "http://127.0.0.1:3000/d/{{v3}}/rggr1main-n1-bench-dashboard?from=:id&refresh=:id&timezone=browser&to=now"
  s_ddb96f.steps[3].expect.urlPattern: "rggr1main-n1" (var) in "http://127.0.0.1:3000/d/{{v3}}/rggr1main-n1-bench-dashboard?editview=settings&from=:id&refresh=:id&timezone=browser&to=now"
  s_ddb96f.steps[4].expect.urlPattern: "rggr1main-n1" (var) in "http://127.0.0.1:3000/d/{{v3}}/rggr1main-n1-bench-dashboard?editview=json-model&from=:id&refresh=:id&timezone=browser&to=now"
  s_ddb96f.steps[5].expect.urlPattern: "rggr1main-n1" (var) in "http://127.0.0.1:3000/d/{{v3}}/rggr1main-n1-bench-dashboard?from=:id&refresh=:id&timezone=browser&to=now"
  warning: warning: 166 other value(s) the run saw survived unslotted, judged by shape only (usually page copy; non-fatal):
  flow.steps[1].route: "afyuur6l6hbswf" (url) in "http://127.0.0.1:3000/d/afyuur6l6hbswf/:id"
  flow.steps[2].instruction: "bench" (output) in "On the currently open Grafana dashboard '{{runid}} Bench Dashboard' (URL http://127.0.0.1:3000/d/{{02-create.url.p1}}/{{runid}}-bench-dashboard), add a NEW pane"
  flow.steps[2].params.v6: "bench" (output) in "Notes for run {{runid}} - bench dashboard"
  flow.steps[2].route: "afyuur6l6hbswf" (url) in "http://127.0.0.1:3000/d/afyuur6l6hbswf/:id"
  flow.steps[3].instruction: "bench" (output) in "On the currently open Grafana dashboard '{{runid}} Bench Dashboard' (URL http://127.0.0.1:3000/d/{{02-create.url.p1}}/{{runid}}-bench-dashboard), do the followi"
arm=sitelooper model=z-ai/glm-5.3 runid=rggr1main-n1 stop=completed
turns=8 wall=713.1s
commands=7 cmdTime=619.6s cmdBytes=9245 timeouts=0
orchestrator in=10957 cw=0 cr=21888 out=6526
inner prompt=3559440 cached=3354624 completion=30159
spend=$0.1086 maxUsd=1.5
learn: A_n=0 replayed=0/6 full=0 repaired=0 compiled=6 variants=0
-> /home/user/sitelooper/bench/results/rggr1main-n1-sitelooper-result.json

rggr1main-n1: objectives passed 6/6
  obj 1: PASS — all 3 provisioned titles reported
  obj 2: PASS — type=stat, datasource ok=true
  obj 3: PASS — type=text, content includes runid=true
  obj 4: PASS — tags=["bench"], time=now-6h..now
  obj 5: PASS — refresh="1m"
  obj 6: PASS — uid afyuur6l6hbswf reported

[sweep] run 2/3: rggr1main-n2 (replay flow rggr1main, no orchestrator)
[reset] grafana: deleted leftover dashboard "rggr1main-n1 Bench Dashboard" (200)
[reset] grafana: deleted leftover dashboard "Service Health" (400)

rggr1main-n2: objectives passed 6/6
  obj 1: PASS — all 3 provisioned titles reported
  obj 2: PASS — type=stat, datasource ok=true
  obj 3: PASS — type=text, content includes runid=true
  obj 4: PASS — tags=["bench"], time=now-6h..now
  obj 5: PASS — refresh="1m"
  obj 6: PASS — uid efyuvgzwbjs3kf reported

[sweep] run 3/3: rggr1main-n3 (replay flow rggr1main, no orchestrator)
[reset] grafana: deleted leftover dashboard "rggr1main-n2 Bench Dashboard" (200)
[reset] grafana: deleted leftover dashboard "Service Health" (400)

rggr1main-n3: objectives passed 6/6
  obj 1: PASS — all 3 provisioned titles reported
  obj 2: PASS — type=stat, datasource ok=true
  obj 3: PASS — type=text, content includes runid=true
  obj 4: PASS — tags=["bench"], time=now-6h..now
  obj 5: PASS — refresh="1m"
  obj 6: PASS — uid bfyuvmof1rbi8f reported

Learning sweep rggr1main (K=3)
┌─────────┬───┬────────────────┬──────────┬─────────────┬───────┬──────┬───────────┬─────┬──────────────┬────────┐
│ (index) │ n │ runid          │ verified │ stop        │ turns │ cmds │ total_usd │ A_n │ replayed     │ wall_s │
├─────────┼───┼────────────────┼──────────┼─────────────┼───────┼──────┼───────────┼─────┼──────────────┼────────┤
│ 0       │ 1 │ 'rggr1main-n1' │ '6/6'    │ 'completed' │ 8     │ 7    │ 0.1086    │ 0   │ '0/6'        │ 713    │
│ 1       │ 2 │ 'rggr1main-n2' │ '6/6'    │ 'success'   │ 0     │ 6    │ 0         │ 1   │ '6/6 (flow)' │ 103    │
│ 2       │ 3 │ 'rggr1main-n3' │ '6/6'    │ 'success'   │ 0     │ 6    │ 0         │ 1   │ '6/6 (flow)' │ 90     │
└─────────┴───┴────────────────┴──────────┴─────────────┴───────┴──────┴───────────┴─────┴──────────────┴────────┘
http://127.0.0.1:3000
  s_028bb6  validated    4 steps  3/3 (100%)
           Sign in to Grafana with username 'admin' and password 'admin' (if a 'Welcome to Grafana' password-change promp…
  s_0fc829  validated    2 steps  3/3 (100%)
           Sign in to Grafana with username 'admin' and password 'admin' (if a 'Welcome to Grafana' password-change promp…
  s_5274af  validated   10 steps  3/3 (100%)
           Create a NEW dashboard in Grafana. Add a panel of visualization type 'Stat' (not timeseries). Set the panel ti…
  s_534ae9  validated   20 steps  3/3 (100%)
           On the currently open Grafana dashboard '{{v1}}' (URL http://127.0.0.1:3000/d/{{v3}}/{{v4}}), do the following…
  s_54c988  validated   13 steps  3/3 (100%)
           On the currently open Grafana dashboard '{{v1}}' (URL http://127.0.0.1:3000/d/{{v3}}/{{v4}}), set the dashboar…
  s_72b51b  validated   18 steps  3/3 (100%)
           On the currently open Grafana dashboard '{{v1}}' (URL http://127.0.0.1:3000/d/{{v3}}/{{v4}}), add a NEW panel …
  s_8df73f  validated    2 steps  3/3 (100%)
           Create a NEW dashboard in Grafana. Add a panel of visualization type 'Stat' (not timeseries). Set the panel ti…
  s_a4426f  validated    4 steps  3/3 (100%)
           Create a NEW dashboard in Grafana. Add a panel of visualization type 'Stat' (not timeseries). Set the panel ti…
  s_be2ee6  validated    8 steps  3/3 (100%)
           Sign in to Grafana with username 'admin' and password 'admin' (if a 'Welcome to Grafana' password-change promp…
  s_ddb96f  validated   12 steps  3/3 (100%)
           Final verification on the Grafana dashboard '{{v1}}'. Reload the dashboard page and confirm all of the followi…
store: /home/user/sitelooper/bench/results/rggr1main-skills

summary: /home/user/sitelooper/bench/results/rggr1main-sweep.json
