[reset] kanboard: deleted 1 leftover bench task(s)
[fixed] reset kanboard
[fixed] 1/5 OK 16.7s
[fixed] 2/5 OK 36.4s
[fixed] 3/5 OK 106.8s
[fixed] 4/5 OK 32.9s
[fixed] 5/5 OK 18.5s
{
  "runid": "jakb3mod2-n1",
  "from": "fwkb5-n1",
  "target": "kanboard",
  "instructions": [
    {
      "n": 1,
      "status": "OK",
      "s": 16.7
    },
    {
      "n": 2,
      "status": "OK",
      "s": 36.4
    },
    {
      "n": 3,
      "status": "OK",
      "s": 106.8
    },
    {
      "n": 4,
      "status": "OK",
      "s": 32.9
    },
    {
      "n": 5,
      "status": "OK",
      "s": 18.5
    }
  ],
  "wallS": 211.5,
  "verify": "  obj 4: PASS — 1 comment(s), 1 carrying the runid |   obj 5: PASS — date_due=2026-12-31, want 2026-12-31 |   obj 6: UNVERIFIABLE — no result file with finalText found"
}
