[reset] kanboard: deleted 1 leftover bench task(s)
[fixed] reset kanboard
[fixed] 1/5 OK 18.3s
[fixed] 2/5 OK 25.7s
[fixed] 3/5 OK 42.1s
[fixed] 4/5 OK 31.6s
[fixed] 5/5 OK 16.2s
{
  "runid": "jakb3mod1-n1",
  "from": "fwkb5-n1",
  "target": "kanboard",
  "instructions": [
    {
      "n": 1,
      "status": "OK",
      "s": 18.3
    },
    {
      "n": 2,
      "status": "OK",
      "s": 25.7
    },
    {
      "n": 3,
      "status": "OK",
      "s": 42.1
    },
    {
      "n": 4,
      "status": "OK",
      "s": 31.6
    },
    {
      "n": 5,
      "status": "OK",
      "s": 16.2
    }
  ],
  "wallS": 134.1,
  "verify": "  obj 4: PASS — 1 comment(s), 1 carrying the runid |   obj 5: PASS — date_due=2026-12-31, want 2026-12-31 |   obj 6: UNVERIFIABLE — no result file with finalText found"
}
