[reset] kanboard: deleted 1 leftover bench task(s)
[fixed] reset kanboard
[fixed] 1/5 OK 16.7s
[fixed] 2/5 OK 33.7s
[fixed] 3/5 OK 31s
[fixed] 4/5 OK 34s
[fixed] 5/5 OK 18.7s
{
  "runid": "jakb3jev1-n1",
  "from": "fwkb5-n1",
  "target": "kanboard",
  "instructions": [
    {
      "n": 1,
      "status": "OK",
      "s": 16.7
    },
    {
      "n": 2,
      "status": "OK",
      "s": 33.7
    },
    {
      "n": 3,
      "status": "OK",
      "s": 31
    },
    {
      "n": 4,
      "status": "OK",
      "s": 34
    },
    {
      "n": 5,
      "status": "OK",
      "s": 18.7
    }
  ],
  "wallS": 134.3,
  "verify": "  obj 4: PASS — 1 comment(s), 1 carrying the runid |   obj 5: PASS — date_due=2026-12-31, want 2026-12-31 |   obj 6: UNVERIFIABLE — no result file with finalText found"
}
