[reset] kanboard: deleted 1 leftover bench task(s)
[fixed] reset kanboard
[fixed] 1/5 OK 16.5s
[fixed] 2/5 OK 25.9s
[fixed] 3/5 OK 30.8s
[fixed] 4/5 OK 74.2s
[fixed] 5/5 OK 19.3s
{
  "runid": "jakb3jev3-n1",
  "from": "fwkb5-n1",
  "target": "kanboard",
  "instructions": [
    {
      "n": 1,
      "status": "OK",
      "s": 16.5
    },
    {
      "n": 2,
      "status": "OK",
      "s": 25.9
    },
    {
      "n": 3,
      "status": "OK",
      "s": 30.8
    },
    {
      "n": 4,
      "status": "OK",
      "s": 74.2
    },
    {
      "n": 5,
      "status": "OK",
      "s": 19.3
    }
  ],
  "wallS": 166.9,
  "verify": "  obj 4: PASS — 1 comment(s), 1 carrying the runid |   obj 5: PASS — date_due=2026-12-31, want 2026-12-31 |   obj 6: UNVERIFIABLE — no result file with finalText found"
}
