[reset] kanboard: deleted 1 leftover bench task(s)
[fixed] reset kanboard
[fixed] 1/5 OK 19.2s
[fixed] 2/5 OK 37.1s
[fixed] 3/5 OK 22.5s
[fixed] 4/5 UNKNOWN 112.3s
[fixed] 5/5 OK 29.4s
{
  "runid": "jakb3mut3-n1",
  "from": "fwkb5-n1",
  "target": "kanboard",
  "instructions": [
    {
      "n": 1,
      "status": "OK",
      "s": 19.2
    },
    {
      "n": 2,
      "status": "OK",
      "s": 37.1
    },
    {
      "n": 3,
      "status": "OK",
      "s": 22.5
    },
    {
      "n": 4,
      "status": "UNKNOWN",
      "s": 112.3,
      "out": "[FAILURE] Part 1 succeeded: on the task page for #4 \"jakb3mut3-n1 Bench Task\" (Bench Board), I used \"Add a comment\" → textbox \"New comment\", entered \"Comment for run jakb3mut3-n1\" and clicked Save; the comment form closed and the comment appeared in the task's comments list — confirmed on the task page. Part 2 did NOT complete: the task edit link (/?controller=TaskModificationController&action=edi"
    },
    {
      "n": 5,
      "status": "OK",
      "s": 29.4
    }
  ],
  "wallS": 220.7,
  "verify": "  obj 4: PASS — 1 comment(s), 1 carrying the runid |   obj 5: FAIL — date_due=(not set), want 2026-12-31 |   obj 6: UNVERIFIABLE — no result file with finalText found"
}
