[reset] kanboard: deleted 1 leftover bench task(s)
[fixed] reset kanboard
[fixed] 1/5 OK 18.1s
[fixed] 2/5 OK 20.8s
[fixed] 3/5 OK 30.7s
[fixed] 4/5 OK 39.7s
[fixed] 5/5 OK 21.8s
{
  "runid": "jakb3mut2-n1",
  "from": "fwkb5-n1",
  "target": "kanboard",
  "instructions": [
    {
      "n": 1,
      "status": "OK",
      "s": 18.1
    },
    {
      "n": 2,
      "status": "OK",
      "s": 20.8
    },
    {
      "n": 3,
      "status": "OK",
      "s": 30.7
    },
    {
      "n": 4,
      "status": "OK",
      "s": 39.7
    },
    {
      "n": 5,
      "status": "OK",
      "s": 21.8
    }
  ],
  "wallS": 131.3,
  "verify": "  obj 4: PASS — 1 comment(s), 1 carrying the runid |   obj 5: PASS — date_due=2026-12-31, want 2026-12-31 |   obj 6: UNVERIFIABLE — no result file with finalText found"
}
