[reset] kanboard: deleted 1 leftover bench task(s)
[fixed] reset kanboard
[fixed] 1/5 OK 20s
[fixed] 2/5 OK 59.6s
[fixed] 3/5 OK 125.5s
[fixed] 4/5 OK 26.8s
[fixed] 5/5 OK 21.5s
{
  "runid": "jakb3mod3-n1",
  "from": "fwkb5-n1",
  "target": "kanboard",
  "instructions": [
    {
      "n": 1,
      "status": "OK",
      "s": 20
    },
    {
      "n": 2,
      "status": "OK",
      "s": 59.6
    },
    {
      "n": 3,
      "status": "OK",
      "s": 125.5
    },
    {
      "n": 4,
      "status": "OK",
      "s": 26.8
    },
    {
      "n": 5,
      "status": "OK",
      "s": 21.5
    }
  ],
  "wallS": 253.6,
  "verify": "  obj 4: PASS — 1 comment(s), 1 carrying the runid |   obj 5: PASS — date_due=2026-12-31, want 2026-12-31 |   obj 6: UNVERIFIABLE — no result file with finalText found"
}
