[reset] kanboard: deleted 1 leftover bench task(s)
[fixed] reset kanboard
[fixed] 1/5 OK 14.3s
[fixed] 2/5 OK 26.7s
[fixed] 3/5 OK 66s
[fixed] 4/5 OK 40.8s
[fixed] 5/5 OK 22.5s
{
  "runid": "jakb3jev2-n1",
  "from": "fwkb5-n1",
  "target": "kanboard",
  "instructions": [
    {
      "n": 1,
      "status": "OK",
      "s": 14.3
    },
    {
      "n": 2,
      "status": "OK",
      "s": 26.7
    },
    {
      "n": 3,
      "status": "OK",
      "s": 66
    },
    {
      "n": 4,
      "status": "OK",
      "s": 40.8
    },
    {
      "n": 5,
      "status": "OK",
      "s": 22.5
    }
  ],
  "wallS": 170.4,
  "verify": "  obj 4: PASS — 1 comment(s), 1 carrying the runid |   obj 5: PASS — date_due=2026-12-31, want 2026-12-31 |   obj 6: UNVERIFIABLE — no result file with finalText found"
}
