[reset] kanboard: deleted 1 leftover bench task(s)
[fixed] reset kanboard
[fixed] 1/5 OK 16.9s
[fixed] 2/5 OK 21.1s
[fixed] 3/5 OK 19.9s
[fixed] 4/5 OK 51.8s
[fixed] 5/5 OK 15s
{
  "runid": "jakb3mut1-n1",
  "from": "fwkb5-n1",
  "target": "kanboard",
  "instructions": [
    {
      "n": 1,
      "status": "OK",
      "s": 16.9
    },
    {
      "n": 2,
      "status": "OK",
      "s": 21.1
    },
    {
      "n": 3,
      "status": "OK",
      "s": 19.9
    },
    {
      "n": 4,
      "status": "OK",
      "s": 51.8
    },
    {
      "n": 5,
      "status": "OK",
      "s": 15
    }
  ],
  "wallS": 124.7,
  "verify": "  obj 4: PASS — 1 comment(s), 1 carrying the runid |   obj 5: PASS — date_due=2026-12-31, want 2026-12-31 |   obj 6: UNVERIFIABLE — no result file with finalText found"
}
