[reset] kanboard: deleted 1 leftover bench task(s)
[fixed] reset kanboard
[fixed] 1/5 OK 15.4s
[fixed] 2/5 OK 22.9s
[fixed] 3/5 OK 27.2s
[fixed] 4/5 OK 23.3s
[fixed] 5/5 OK 21.2s
{
  "runid": "jakb2jev2-n1",
  "from": "fwkb5-n1",
  "target": "kanboard",
  "instructions": [
    {
      "n": 1,
      "status": "OK",
      "s": 15.4
    },
    {
      "n": 2,
      "status": "OK",
      "s": 22.9
    },
    {
      "n": 3,
      "status": "OK",
      "s": 27.2
    },
    {
      "n": 4,
      "status": "OK",
      "s": 23.3
    },
    {
      "n": 5,
      "status": "OK",
      "s": 21.2
    }
  ],
  "wallS": 110.2,
  "verify": "  obj 4: PASS — 1 comment(s), 1 carrying the runid |   obj 5: PASS — date_due=2026-12-31, want 2026-12-31 |   obj 6: UNVERIFIABLE — no result file with finalText found"
}
