[reset] kanboard: deleted 1 leftover bench task(s)
[fixed] reset kanboard
[fixed] 1/5 OK 19.8s
[fixed] 2/5 OK 20.4s
[fixed] 3/5 OK 18.1s
[fixed] 4/5 UNKNOWN 134.7s
[fixed] 5/5 OK 14.3s
{
  "runid": "jakb2jev3-n1",
  "from": "fwkb5-n1",
  "target": "kanboard",
  "instructions": [
    {
      "n": 1,
      "status": "OK",
      "s": 19.8
    },
    {
      "n": 2,
      "status": "OK",
      "s": 20.4
    },
    {
      "n": 3,
      "status": "OK",
      "s": 18.1
    },
    {
      "n": 4,
      "status": "UNKNOWN",
      "s": 134.7,
      "out": "[FAILURE] Neither of the two requested changes could be verified as saved, and the task's title got corrupted as a side effect. The comment was typed into the comment textarea on the task page (/?controller=TaskViewController&action=show&task_id=4) but the live DOM read afterwards showed the textarea empty (\"\") and no comment rendered in the comments list, so no comment text could be confirmed on "
    },
    {
      "n": 5,
      "status": "OK",
      "s": 14.3
    }
  ],
  "wallS": 207.5,
  "verify": "  obj 4: FAIL — no task |   obj 5: FAIL — no task |   obj 6: UNVERIFIABLE — no result file with finalText found"
}
