[reset] kanboard: deleted 1 leftover bench task(s)
[fixed] reset kanboard
[fixed] 1/5 OK 17.3s
[fixed] 2/5 OK 28.8s
[fixed] 3/5 OK 24.3s
[fixed] 4/5 OK 34.4s
[fixed] 5/5 OK 19.9s
{
  "runid": "jakb2mut3-n1",
  "from": "fwkb5-n1",
  "target": "kanboard",
  "instructions": [
    {
      "n": 1,
      "status": "OK",
      "s": 17.3
    },
    {
      "n": 2,
      "status": "OK",
      "s": 28.8
    },
    {
      "n": 3,
      "status": "OK",
      "s": 24.3
    },
    {
      "n": 4,
      "status": "OK",
      "s": 34.4
    },
    {
      "n": 5,
      "status": "OK",
      "s": 19.9
    }
  ],
  "wallS": 125,
  "verify": "  obj 4: PASS — 1 comment(s), 1 carrying the runid |   obj 5: PASS — date_due=2026-12-31, want 2026-12-31 |   obj 6: UNVERIFIABLE — no result file with finalText found"
}
