[reset] kanboard: no leftover bench tasks
[fixed] reset kanboard
[fixed] 1/5 OK 18.3s
[fixed] 2/5 OK 25.5s
[fixed] 3/5 OK 27.6s
[fixed] 4/5 OK 38.7s
[fixed] 5/5 OK 31.3s
{
  "runid": "jakb2smoke-n1",
  "from": "fwkb5-n1",
  "target": "kanboard",
  "instructions": [
    {
      "n": 1,
      "status": "OK",
      "s": 18.3
    },
    {
      "n": 2,
      "status": "OK",
      "s": 25.5
    },
    {
      "n": 3,
      "status": "OK",
      "s": 27.6
    },
    {
      "n": 4,
      "status": "OK",
      "s": 38.7
    },
    {
      "n": 5,
      "status": "OK",
      "s": 31.3
    }
  ],
  "wallS": 141.6,
  "verify": "  obj 4: PASS — 1 comment(s), 1 carrying the runid |   obj 5: PASS — date_due=2026-12-31, want 2026-12-31 |   obj 6: UNVERIFIABLE — no result file with finalText found"
}
