[reset] kanboard: deleted 1 leftover bench task(s)
[fixed] reset kanboard
[fixed] 1/5 OK 19.6s
[fixed] 2/5 OK 66.1s
[fixed] 3/5 OK 22.5s
[fixed] 4/5 OK 62.1s
[fixed] 5/5 OK 19.1s
{
  "runid": "jakb2mut2-n1",
  "from": "fwkb5-n1",
  "target": "kanboard",
  "instructions": [
    {
      "n": 1,
      "status": "OK",
      "s": 19.6
    },
    {
      "n": 2,
      "status": "OK",
      "s": 66.1
    },
    {
      "n": 3,
      "status": "OK",
      "s": 22.5
    },
    {
      "n": 4,
      "status": "OK",
      "s": 62.1
    },
    {
      "n": 5,
      "status": "OK",
      "s": 19.1
    }
  ],
  "wallS": 189.6,
  "verify": "  obj 4: PASS — 1 comment(s), 1 carrying the runid |   obj 5: PASS — date_due=2026-12-31, want 2026-12-31 |   obj 6: UNVERIFIABLE — no result file with finalText found"
}
