[reset] kanboard: deleted 1 leftover bench task(s)
[fixed] reset kanboard
[fixed] 1/5 OK 18.4s
[fixed] 2/5 OK 30.9s
[fixed] 3/5 OK 27.4s
[fixed] 4/5 OK 42.8s
[fixed] 5/5 OK 31.4s
{
  "runid": "jakb2jev1-n1",
  "from": "fwkb5-n1",
  "target": "kanboard",
  "instructions": [
    {
      "n": 1,
      "status": "OK",
      "s": 18.4
    },
    {
      "n": 2,
      "status": "OK",
      "s": 30.9
    },
    {
      "n": 3,
      "status": "OK",
      "s": 27.4
    },
    {
      "n": 4,
      "status": "OK",
      "s": 42.8
    },
    {
      "n": 5,
      "status": "OK",
      "s": 31.4
    }
  ],
  "wallS": 151.2,
  "verify": "  obj 4: PASS — 1 comment(s), 1 carrying the runid |   obj 5: PASS — date_due=2026-12-31, want 2026-12-31 |   obj 6: UNVERIFIABLE — no result file with finalText found"
}
