[reset] kanboard: deleted 1 leftover bench task(s)
[fixed] reset kanboard
[fixed] 1/5 OK 19.5s
[fixed] 2/5 OK 21.1s
[fixed] 3/5 OK 32.3s
[fixed] 4/5 UNKNOWN 145.8s
[fixed] 5/5 OK 50.9s
{
  "runid": "jakb2mut1-n1",
  "from": "fwkb5-n1",
  "target": "kanboard",
  "instructions": [
    {
      "n": 1,
      "status": "OK",
      "s": 19.5
    },
    {
      "n": 2,
      "status": "OK",
      "s": 21.1
    },
    {
      "n": 3,
      "status": "OK",
      "s": 32.3
    },
    {
      "n": 4,
      "status": "UNKNOWN",
      "s": 145.8,
      "out": "[FAILURE] Part 1 (comment) SUCCEEDED and was verified: on task #4 'jakb2mut1-n1 Bench Task' (project Bench Board) I opened the \"Add a comment\" modal, entered \"Comment for run jakb2mut1-n1\" and saved; the live comments list on the task page shows the comment text \"Comment for run jakb2mut1-n1\" by admin. Part 2 (due date) is UNCONFIRMED/not saved: the edit form's Due Date field was filled with 12/31"
    },
    {
      "n": 5,
      "status": "OK",
      "s": 50.9
    }
  ],
  "wallS": 269.7,
  "verify": "  obj 4: PASS — 1 comment(s), 1 carrying the runid |   obj 5: FAIL — date_due=(not set), want 2026-12-31 |   obj 6: UNVERIFIABLE — no result file with finalText found"
}
