[reset] kanboard: deleted 1 leftover bench task(s)
[fixed] reset kanboard
[fixed] 1/5 OK 20.3s
[fixed] 2/5 OK 25.1s
[fixed] 3/5 OK 16.7s
[fixed] 4/5 OK 82.3s
[fixed] 5/5 OK 59.1s
{
  "runid": "jakb2mod2-n1",
  "from": "fwkb5-n1",
  "target": "kanboard",
  "instructions": [
    {
      "n": 1,
      "status": "OK",
      "s": 20.3
    },
    {
      "n": 2,
      "status": "OK",
      "s": 25.1
    },
    {
      "n": 3,
      "status": "OK",
      "s": 16.7
    },
    {
      "n": 4,
      "status": "OK",
      "s": 82.3
    },
    {
      "n": 5,
      "status": "OK",
      "s": 59.1
    }
  ],
  "wallS": 203.7,
  "verify": "  obj 4: PASS — 1 comment(s), 1 carrying the runid |   obj 5: PASS — date_due=2026-12-31, want 2026-12-31 |   obj 6: UNVERIFIABLE — no result file with finalText found"
}
