
[sweep] run 1/3: rgod1jev-n1 (store: /home/user/sitelooper/bench/results/rgod1jev-skills)
[harness] odoo: defaulting APP_URL
[harness] odoo: defaulting APP_EMAIL
[harness] odoo: defaulting APP_PASSWORD
[reset] odoo: deleted 1 leftover bench order(s)
[reset] odoo: deleted 1 leftover bench customer(s)
[harness] odoo responded 303 at http://127.0.0.1:8069/
stopped: rgod1jev-n1
  flow "rgod1jev" saved: 8 step(s), vars runid → /home/user/sitelooper/bench/results/flows/rgod1jev.json
  warning: note: dropped 3 locator candidate(s) carrying a value this run minted (known only by export time)
  warning: note: 16 goal/report value(s) carrying a value this run made were slotted or dropped:
  s_1c262c.reportTemplate.values.quotation_id dropped (recorded literal of a value this run made)
  s_1c262c.reportTemplate.summary dropped (narrates a value this run made)
  s_37ba05.reportTemplate.values.contact_id dropped (recorded literal of a value this run made)
  s_37ba05.reportTemplate.values.create_url dropped (recorded literal of a value this run made)
  s_37ba05.reportTemplate.summary dropped (narrates a value this run made)
  s_804e23.reportTemplate.values.check1_contact_id dropped (recorded literal of a value this run made)
  s_804e23.reportTemplate.values.check1_contact_url dropped (recorded literal of a value this run made)
  s_804e23.reportTemplate.values.check2_order_url dropped (recorded literal of a value this run made)
  s_804e23.reportTemplate.summary dropped (narrates a value this run made)
  s_9cf85e.reportTemplate.summary dropped (narrates a value this run made)
  s_b1b8fb.reportTemplate.values.quotation_id dropped (recorded literal of a value this run made)
  s_b1b8fb.reportTemplate.summary dropped (narrates a value this run made)
  s_ec6d78.reportTemplate.values.quotation_id dropped (recorded literal of a value this run made)
  s_ec6d78.reportTemplate.summary dropped (narrates a value this run made)
  s_f76158.reportTemplate.values.sales_order_id dropped (recorded literal of a value this run made)
  s_f76158.reportTemplate.summary dropped (narrates a value this run made)
  warning: note: 01-open no longer publishes signed_in_user, home_screen, counters — no replay reads them from the page and the recording showed no line to read
  warning: note: 02-create no longer publishes contact_id, model, create_url — no replay reads them from the page and the recording showed no line to read
  warning: note: 03-create no longer publishes quotation_id, untaxed_amount, status, line_count, untaxed_amount_cell, product_code — no replay reads them from the page and the recording showed no line to read
  warning: note: 04-open no longer publishes quotation_id, tax_percent_cell — no replay reads them from the page and the recording showed no line to read
  warning: note: 05-open no longer publishes quotation_id — no replay reads it from the page and the recording showed no line to read
  warning: note: 06-open no longer publishes sales_order_id — no replay reads it from the page and the recording showed no line to read
  warning: note: 07-open no longer publishes cancel_wizard_buttons, statusbar_option_quotation_sent, statusbar_option_quotation — no replay reads them from the page and the recording showed no line to read
  warning: note: 08-report no longer publishes check1_contact_id, check2_order_url — no replay reads them from the page and the recording showed no line to read
  warning: note: 01-open: added a read for nav_menu_discuss to s_ed9cd6 (page.getByRole('menuitem', { name: 'Discuss', exact: true }); seen on the instruction's own page)
  warning: warning: contradicted-step: 05-open read tax_20 "£ 351.00" right after 04-open reported "£ 233.00"; 04-open's change may not have landed and a later step may be retrying it. Re-record 04-open.
  warning: warning: 255 other value(s) the run saw survived unslotted, judged by shape only (usually page copy; non-fatal):
  flow.steps[1].instruction: "Benchville" (output) in "In Odoo, go to the {{01-open.nav_menu_contacts}} app and create a new contact (individual/company) with Name exactly '{{runid}} Bench Customer' and City set to "
  flow.steps[1].params.v4: "Benchville" (output) in "Benchville"
  flow.steps[1].route: "res.partner" (output) in "http://127.0.0.1:8069/web#action=:id&cids=:id&id=:id&menu_id=:id&model=res.partner&view_type=form"
  flow.steps[2].instruction: "Quotation" (output) in "In Odoo, go to the {{01-open.nav_menu_sales}} app, create a new Quotation for the customer '{{runid}} Bench Customer' (use the customer autocomplete dropdown — "
  flow.steps[5].instruction: "cancel" (output) in "In Odoo, open the existing quotation {{03-create.quotation_reference}} (for customer '{{runid}} Bench Customer') in the {{01-open.nav_menu_sales}} app and CONFI"
  warning: {{03-create.product_name}} (used by 04-open) can only be re-observed by model recovery — consider re-recording so the value is read from the page.
  warning: {{04-open.line2_product}} (used by 05-open) can only be re-observed by model recovery — consider re-recording so the value is read from the page.
  warning: 03-create reports product_name, but no segment of the procedure it pins (s_f90f4a, through its last segment s_ec6d78) re-reads it from the page — a replay without the model will succeed without that value; re-record so a read for it lands in s_ec6d78.
  warning: 04-open reports line2_product, but no segment of the procedure it pins (s_b1b8fb, with any later segment of its chain) re-reads it from the page — a replay without the model will succeed without that value; re-record so a read for it lands in that procedure's last segment.
arm=sitelooper model=z-ai/glm-5.3 runid=rgod1jev-n1 stop=completed
turns=9 wall=382.4s
commands=8 cmdTime=353.7s cmdBytes=12548 timeouts=0
orchestrator in=6878 cw=0 cr=37888 out=3712
inner prompt=2568665 cached=2384512 completion=27350
spend=$0.087 maxUsd=1.5
learn: A_n=0 replayed=0/8 full=0 repaired=0 compiled=8 variants=0
-> /home/user/sitelooper/bench/results/rgod1jev-n1-sitelooper-result.json

rgod1jev-n1: objectives passed 6/6
  obj 1: PASS — city="Benchville"
  obj 2: PASS — orders for customer: 1, lines: 2
  obj 3: PASS — 2 lines, 2 distinct products
  obj 4: PASS — quantities: 5, 2
  obj 5: PASS — state tracking shows confirmation
  obj 6: PASS — final state=cancel, ref=S00024

[sweep] run 2/3: rgod1jev-n2 (replay flow rgod1jev, no orchestrator)
[reset] odoo: deleted 1 leftover bench order(s)
[reset] odoo: deleted 1 leftover bench customer(s)
[sweep] rgod1jev-n2: 1 drift ticket(s) → rgod1jev-n2-drift.json

rgod1jev-n2: objectives passed 6/6
  obj 1: PASS — city="Benchville"
  obj 2: PASS — orders for customer: 1, lines: 2
  obj 3: PASS — 2 lines, 2 distinct products
  obj 4: PASS — quantities: 5, 2
  obj 5: PASS — state tracking shows confirmation
  obj 6: PASS — final state=cancel, ref=S00025

[sweep] run 3/3: rgod1jev-n3 (replay flow rgod1jev, no orchestrator)
[reset] odoo: deleted 1 leftover bench order(s)
[reset] odoo: deleted 1 leftover bench customer(s)
[sweep] rgod1jev-n3: 1 drift ticket(s) → rgod1jev-n3-drift.json

rgod1jev-n3: objectives passed 6/6
  obj 1: PASS — city="Benchville"
  obj 2: PASS — orders for customer: 1, lines: 2
  obj 3: PASS — 2 lines, 2 distinct products
  obj 4: PASS — quantities: 5, 2
  obj 5: PASS — state tracking shows confirmation
  obj 6: PASS — final state=cancel, ref=S00026

Learning sweep rgod1jev (K=3)
┌─────────┬───┬───────────────┬──────────┬─────────────┬───────┬──────┬───────────┬─────┬──────────────┬────────┐
│ (index) │ n │ runid         │ verified │ stop        │ turns │ cmds │ total_usd │ A_n │ replayed     │ wall_s │
├─────────┼───┼───────────────┼──────────┼─────────────┼───────┼──────┼───────────┼─────┼──────────────┼────────┤
│ 0       │ 1 │ 'rgod1jev-n1' │ '6/6'    │ 'completed' │ 9     │ 8    │ 0.087     │ 0   │ '0/8'        │ 382    │
│ 1       │ 2 │ 'rgod1jev-n2' │ '6/6'    │ 'success'   │ 0     │ 8    │ 0         │ 1   │ '8/8 (flow)' │ 94     │
│ 2       │ 3 │ 'rgod1jev-n3' │ '6/6'    │ 'success'   │ 0     │ 8    │ 0         │ 1   │ '8/8 (flow)' │ 94     │
└─────────┴───┴───────────────┴──────────┴─────────────┴───────┴──────┴───────────┴─────┴──────────────┴────────┘
http://127.0.0.1:8069
  s_1c262c  validated   20 steps  3/3 (100%)
           In Odoo, open the existing quotation {{v1}} (for customer '{{v2}}') in the {{v4}} app. It has two order lines:…
  s_21522e  validated    1 steps  3/3 (100%)
           In Odoo, go to the {{v1}} app, create a new Quotation for the customer '{{v2}}' (use the customer autocomplete…
  s_37ba05  validated    4 steps  3/3 (100%)
           In Odoo, go to the {{v1}} app and create a new contact (individual/company) with Name exactly '{{v3}}' and Cit…
  s_4bd968  validated    3 steps  3/3 (100%)
           Final verification in Odoo, two checks, report both: (1) In the {{v1}} app, open the contact named '{{v2}}' an…
  s_63f17d  validated    2 steps  3/3 (100%)
           Final verification in Odoo, two checks, report both: (1) In the {{v1}} app, open the contact named '{{v2}}' an…
  s_64afae  validated   18 steps  3/3 (100%)
           In Odoo, open the sales order {{v1}} (for customer '{{v2}}') in the {{v4}} app and CANCEL it (use the Cancel a…
  s_7b00d7  validated    3 steps  3/3 (100%)
           Open {{v1}} in the browser and sign in with username 'admin' and password 'admin'. Verify you are signed in an…
  s_7df95f  validated    4 steps  3/3 (100%)
           Final verification in Odoo, two checks, report both: (1) In the {{v1}} app, open the contact named '{{v2}}' an…
  s_804e23  validated   10 steps  3/3 (100%)
           Final verification in Odoo, two checks, report both: (1) In the {{v1}} app, open the contact named '{{v2}}' an…
  s_8cf21c  validated    5 steps  3/3 (100%)
           Final verification in Odoo, two checks, report both: (1) In the {{v1}} app, open the contact named '{{v2}}' an…
  s_91438d  validated    4 steps  3/3 (100%)
           In Odoo, go to the {{v1}} app and create a new contact (individual/company) with Name exactly '{{v3}}' and Cit…
  s_94990a  validated    1 steps  3/3 (100%)
           In Odoo, go to the {{v1}} app and create a new contact (individual/company) with Name exactly '{{v3}}' and Cit…
  s_94d561  validated    1 steps  3/3 (100%)
           Open {{v1}} in the browser and sign in with username 'admin' and password 'admin'. Verify you are signed in an…
  s_975366  validated    3 steps  3/3 (100%)
           In Odoo, go to the {{v1}} app and create a new contact (individual/company) with Name exactly '{{v3}}' and Cit…
  s_9cf85e  validated    4 steps  3/3 (100%)
           In Odoo, open the sales order {{v1}} (for customer '{{v2}}') in the {{v4}} app and CANCEL it (use the Cancel a…
  s_a43cf5  validated    7 steps  3/3 (100%)
           In Odoo, go to the {{v1}} app, create a new Quotation for the customer '{{v2}}' (use the customer autocomplete…
  s_b1b8fb  validated   18 steps  3/3 (100%)
           In Odoo, open the existing quotation {{v1}} (for customer '{{v2}}') in the {{v4}} app. Add a SECOND order line…
  s_bc75f3  validated    1 steps  3/3 (100%)
           In Odoo, go to the {{v1}} app and create a new contact (individual/company) with Name exactly '{{v3}}' and Cit…
  s_df4518  validated    1 steps  3/3 (100%)
           In Odoo, go to the {{v1}} app and create a new contact (individual/company) with Name exactly '{{v3}}' and Cit…
  s_ec6d78  validated    7 steps  3/3 (100%)
           In Odoo, go to the {{v1}} app, create a new Quotation for the customer '{{v2}}' (use the customer autocomplete…
  s_ed9cd6  validated    9 steps  3/3 (100%)
           Open {{v1}} in the browser and sign in with username 'admin' and password 'admin'. Verify you are signed in an…
  s_f76158  validated    4 steps  3/3 (100%)
           In Odoo, open the existing quotation {{v1}} (for customer '{{v2}}') in the {{v4}} app and CONFIRM it (click th…
  s_f90f4a  validated    2 steps  3/3 (100%)
           In Odoo, go to the {{v1}} app, create a new Quotation for the customer '{{v2}}' (use the customer autocomplete…
store: /home/user/sitelooper/bench/results/rgod1jev-skills

summary: /home/user/sitelooper/bench/results/rgod1jev-sweep.json
SWEEP2_EXIT_CODE=0
