
[sweep] run 1/3: rgod1main-n1 (store: /home/user/sitelooper/bench/results/rgod1main-skills)
[harness] odoo: defaulting APP_URL
[harness] odoo: defaulting APP_EMAIL
[harness] odoo: defaulting APP_PASSWORD
[reset] odoo: no leftover bench customers
[harness] odoo responded 303 at http://127.0.0.1:8069/
stopped: rgod1main-n1
  flow "rgod1main" saved: 7 step(s), vars runid → /home/user/sitelooper/bench/results/flows/rgod1main.json
  warning: note: dropped 5 locator candidate(s) carrying a value this run minted (known only by export time)
  warning: note: 11 goal/report value(s) carrying a value this run made were slotted or dropped:
  s_188bec.reportTemplate.values.contact_url slotted "44" → {{v5}}
  s_188bec.reportTemplate.summary dropped (narrates a value this run made)
  s_189af9.reportTemplate.values.saved_url dropped (recorded literal of a value this run made)
  s_32be4d.reportTemplate.values.record_id dropped (recorded literal of a value this run made)
  s_32be4d.reportTemplate.values.record_url dropped (recorded literal of a value this run made)
  s_32be4d.reportTemplate.summary dropped (narrates a value this run made)
  s_8614bd.goal.requireText[0] dropped (names a value this run made, with no slot to bind it)
  s_8614bd.reportTemplate.values.saved_url dropped (recorded literal of a value this run made)
  s_a9a319.goal.requireText[1] slotted "21" → {{v5}}
  s_a9a319.reportTemplate.values.current_url_after_cancel slotted "21" → {{v5}}
  s_d9a9ef.reportTemplate.values.saved_url dropped (recorded literal of a value this run made)
  warning: note: 01-open no longer publishes record_id, model, company_type — no replay reads them from the page and the recording showed no line to read
  warning: note: 02-create no longer publishes untaxed_amount, product_internal_reference — no replay reads them from the page and the recording showed no line to read
  warning: note: 03-open no longer publishes product_internal_reference — no replay reads it from the page and the recording showed no line to read
  warning: note: 04-open no longer publishes table_o_list_table_tbody_3 — no replay reads it from the page and the recording showed no line to read
  warning: note: 06-open no longer publishes o_statusbar_status_butto_3 — no replay reads it from the page and the recording showed no line to read
  warning: warning: contradicted-step: 03-open read product_name "[FURN_7777] Office Chair" right after 02-create reported "[FURN_6666] Acoustic Bloc Screens"; 02-create's change may not have landed and a later step may be retrying it. Re-record 02-create.
  warning: warning: 164 other value(s) the run saw survived unslotted, judged by shape only (usually page copy; non-fatal):
  flow.steps[0].instruction: "Benchville" (output) in "Open http://127.0.0.1:8069/ and sign in with login 'admin' and password 'admin'. Then in Odoo 17, create a new Contact/Company customer record named exactly '{{"
  flow.steps[0].params.v4: "Benchville" (output) in "Benchville"
  flow.steps[0].route: "res.partner" (output) in "http://127.0.0.1:8069/web#action=:id&cids=:id&id=:id&menu_id=:id&model=res.partner&view_type=form"
  flow.steps[1].instruction: "Untaxed Amount" (output) in "In Odoo 17 (already signed in as admin), go to the Sales app and create a new Quotation. Set the Customer field to '{{runid}} Bench Customer' - it is an autocom"
  flow.steps[1].instruction: "Quotation" (output) in "In Odoo 17 (already signed in as admin), go to the Sales app and create a new Quotation. Set the Customer field to '{{runid}} Bench Customer' - it is an autocom"
  warning: {{02-create.product_name}} (used by 03-open) can only be re-observed by model recovery — consider re-recording so the value is read from the page.
  warning: {{03-open.product_name}} (used by 04-open) can only be re-observed by model recovery — consider re-recording so the value is read from the page.
  warning: 02-create reports product_name, but no segment of the procedure it pins (s_0a2a21, through its last segment s_6acb28) re-reads it from the page — a replay without the model will succeed without that value; re-record so a read for it lands in s_6acb28.
  warning: 03-open reports product_name, but no segment of the procedure it pins (s_8614bd, with any later segment of its chain) re-reads it from the page — a replay without the model will succeed without that value; re-record so a read for it lands in that procedure's last segment.
arm=sitelooper model=z-ai/glm-5.3 runid=rgod1main-n1 stop=completed
turns=9 wall=466.0s
commands=8 cmdTime=337.3s cmdBytes=8615 timeouts=0
orchestrator in=12145 cw=0 cr=28608 out=6911
inner prompt=2279944 cached=2089088 completion=28545
spend=$0.1069 maxUsd=1.5
learn: A_n=0 replayed=0/7 full=0 repaired=0 compiled=7 variants=0
-> /home/user/sitelooper/bench/results/rgod1main-n1-sitelooper-result.json

rgod1main-n1: objectives passed 6/6
  obj 1: PASS — city="Benchville"
  obj 2: PASS — orders for customer: 1, lines: 2
  obj 3: PASS — 2 lines, 2 distinct products
  obj 4: PASS — quantities: 5, 2
  obj 5: PASS — state tracking shows confirmation
  obj 6: PASS — final state=cancel, ref=S00021

[sweep] run 2/3: rgod1main-n2 (replay flow rgod1main, no orchestrator)
[reset] odoo: deleted 1 leftover bench order(s)
[reset] odoo: deleted 1 leftover bench customer(s)

rgod1main-n2: objectives passed 6/6
  obj 1: PASS — city="Benchville"
  obj 2: PASS — orders for customer: 1, lines: 2
  obj 3: PASS — 2 lines, 2 distinct products
  obj 4: PASS — quantities: 5, 2
  obj 5: PASS — state tracking shows confirmation
  obj 6: PASS — final state=cancel, ref=S00022

[sweep] run 3/3: rgod1main-n3 (replay flow rgod1main, no orchestrator)
[reset] odoo: deleted 1 leftover bench order(s)
[reset] odoo: deleted 1 leftover bench customer(s)
[sweep] rgod1main-n3: 1 drift ticket(s) → rgod1main-n3-drift.json

rgod1main-n3: objectives passed 6/6
  obj 1: PASS — city="Benchville"
  obj 2: PASS — orders for customer: 1, lines: 2
  obj 3: PASS — 2 lines, 2 distinct products
  obj 4: PASS — quantities: 5, 2
  obj 5: PASS — state tracking shows confirmation
  obj 6: PASS — final state=cancel, ref=S00023

Learning sweep rgod1main (K=3)
┌─────────┬───┬────────────────┬──────────┬─────────────┬───────┬──────┬───────────┬─────┬──────────────┬────────┐
│ (index) │ n │ runid          │ verified │ stop        │ turns │ cmds │ total_usd │ A_n │ replayed     │ wall_s │
├─────────┼───┼────────────────┼──────────┼─────────────┼───────┼──────┼───────────┼─────┼──────────────┼────────┤
│ 0       │ 1 │ 'rgod1main-n1' │ '6/6'    │ 'completed' │ 9     │ 8    │ 0.1069    │ 0   │ '0/7'        │ 466    │
│ 1       │ 2 │ 'rgod1main-n2' │ '6/6'    │ 'success'   │ 0     │ 7    │ 0         │ 1   │ '7/7 (flow)' │ 70     │
│ 2       │ 3 │ 'rgod1main-n3' │ '6/6'    │ 'success'   │ 0     │ 7    │ 0         │ 1   │ '7/7 (flow)' │ 73     │
└─────────┴───┴────────────────┴──────────┴─────────────┴───────┴──────┴───────────┴─────┴──────────────┴────────┘
http://127.0.0.1:8069
  s_00a704  validated    3 steps  3/3 (100%)
           Open {{v2}} and sign in with login 'admin' and password 'admin'. Then in Odoo 17, create a new Contact/Company…
  s_0a2a21  validated    2 steps  3/3 (100%)
           In Odoo 17 (already signed in as admin), go to the Sales app and create a new Quotation. Set the Customer fiel…
  s_109597  validated    3 steps  3/3 (100%)
           Open {{v2}} and sign in with login 'admin' and password 'admin'. Then in Odoo 17, create a new Contact/Company…
  s_188bec  validated    3 steps  3/3 (100%)
           In Odoo 17 (already signed in as admin), do a final verification of two records and report what you see. (1) O…
  s_189af9  validated   11 steps  3/3 (100%)
           In Odoo 17 (already signed in as admin), open the existing draft quotation with reference {{v1}} (customer '{{…
  s_3003fa  validated    1 steps  3/3 (100%)
           Open {{v2}} and sign in with login 'admin' and password 'admin'. Then in Odoo 17, create a new Contact/Company…
  s_32be4d  validated    3 steps  3/3 (100%)
           Open {{v2}} and sign in with login 'admin' and password 'admin'. Then in Odoo 17, create a new Contact/Company…
  s_4af407  validated    3 steps  3/3 (100%)
           In Odoo 17 (already signed in as admin), do a final verification of two records and report what you see. (1) O…
  s_64bcb0  validated    7 steps  3/3 (100%)
           In Odoo 17 (already signed in as admin), go to the Sales app and create a new Quotation. Set the Customer fiel…
  s_6acb28  validated    7 steps  3/3 (100%)
           In Odoo 17 (already signed in as admin), go to the Sales app and create a new Quotation. Set the Customer fiel…
  s_75d4d1  validated    3 steps  3/3 (100%)
           Open {{v2}} and sign in with login 'admin' and password 'admin'. Then in Odoo 17, create a new Contact/Company…
  s_8614bd  validated   14 steps  3/3 (100%)
           In Odoo 17 (already signed in as admin), open the existing draft quotation with reference {{v1}} (customer '{{…
  s_892cf5  validated    1 steps  3/3 (100%)
           Open {{v2}} and sign in with login 'admin' and password 'admin'. Then in Odoo 17, create a new Contact/Company…
  s_a9a319  validated   19 steps  3/3 (100%)
           In Odoo 17 (already signed in as admin), open the confirmed sales order with reference {{v1}} (customer '{{v2}…
  s_b0cddd  validated    2 steps  3/3 (100%)
           Open {{v2}} and sign in with login 'admin' and password 'admin'. Then in Odoo 17, create a new Contact/Company…
  s_ce70d3  validated    1 steps  3/3 (100%)
           Open {{v2}} and sign in with login 'admin' and password 'admin'. Then in Odoo 17, create a new Contact/Company…
  s_d9a9ef  validated    9 steps  3/3 (100%)
           In Odoo 17 (already signed in as admin), open the existing draft quotation with reference {{v1}} (customer '{{…
  s_e09474  validated    1 steps  3/3 (100%)
           In Odoo 17 (already signed in as admin), go to the Sales app and create a new Quotation. Set the Customer fiel…
store: /home/user/sitelooper/bench/results/rgod1main-skills

summary: /home/user/sitelooper/bench/results/rgod1main-sweep.json
SWEEP1_EXIT_CODE=0
